Neither WRF_EM_CORE nor WRF_PLUS_CORE
        are explicitly specified in shell environment.... 
copying Registry/Registry.EM_CHEM to Registry/Registry
 
============================================================================================== 
 
V4.6.0
git commit 0a11865f97680fdd6865b278ea29d910e5db3ed7
 
Compiling: WRF_EM_CORE  
WRFIO_NCD_LARGE_FILE_SUPPORT=1
 
Linux dec2445 5.14.21-150400.24.81_12.0.75-cray_shasta_c #1 SMP Thu Sep 7 00:12:59 UTC 2023 (1027017) x86_64 x86_64 x86_64 GNU/Linux
 
ifort (IFORT) 2021.10.0 20230609
Copyright (C) 1985-2023 Intel Corporation.  All rights reserved.

 
============================================================================================== 
 
setting parallel make -j 2
 
============================================================================================== 
 
The following indicate the compilers selected to build the WRF system
 
Serial Fortran compiler (mostly for tool generation):
which SFC
/glade/u/apps/derecho/23.09/spack/opt/spack/ncarcompilers/1.0.0/oneapi/2023.2.1/6q5s/bin/ifort
 
Serial C compiler (mostly for tool generation):
which SCC
/glade/u/apps/derecho/23.09/spack/opt/spack/ncarcompilers/1.0.0/oneapi/2023.2.1/6q5s/bin/icc
 
Fortran compiler for the model source code:
which FC
/glade/u/apps/derecho/23.09/spack/opt/spack/ncarcompilers/1.0.0/oneapi/2023.2.1/6q5s/bin/mpi/mpif90
Will use 'time' to report timing information
 
C compiler for the model source code:
which CC
/glade/u/apps/derecho/23.09/spack/opt/spack/ncarcompilers/1.0.0/oneapi/2023.2.1/6q5s/bin/mpi/mpicc
 
============================================================================================== 
 
make -i -r MODULE_DIRS="-I../dyn_em  -I/glade/derecho/scratch/yates/NEOM_WRF/wrfv4.6.0/external/esmf_time_f90  -I/glade/derecho/scratch/yates/NEOM_WRF/wrfv4.6.0/main -I/glade/derecho/scratch/yates/NEOM_WRF/wrfv4.6.0/external/io_netcdf -I/glade/derecho/scratch/yates/NEOM_WRF/wrfv4.6.0/external/io_int -I/glade/derecho/scratch/yates/NEOM_WRF/wrfv4.6.0/frame -I/glade/derecho/scratch/yates/NEOM_WRF/wrfv4.6.0/share -I/glade/derecho/scratch/yates/NEOM_WRF/wrfv4.6.0/phys -I/glade/derecho/scratch/yates/NEOM_WRF/wrfv4.6.0/wrftladj -I/glade/derecho/scratch/yates/NEOM_WRF/wrfv4.6.0/chem -I/glade/derecho/scratch/yates/NEOM_WRF/wrfv4.6.0/inc -I/glade/u/apps/derecho/23.09/spack/opt/spack/netcdf/4.9.2/oneapi/2023.2.1/yzvj/include " ext
make[1]: Entering directory '/glade/derecho/scratch/yates/NEOM_WRF/wrfv4.6.0'
--------------------------------------
if [ 0 -eq 0 ] ; then \
  ( cd frame ; make -i -r externals ) ; \
else \
  ( cd frame ; make -i -r PLUSFLAG="-DWRFPLUS=1" externals ) ; \
fi
make[2]: Entering directory '/glade/derecho/scratch/yates/NEOM_WRF/wrfv4.6.0/frame'
( cd /glade/derecho/scratch/yates/NEOM_WRF/wrfv4.6.0/external/esmf_time_f90 ; \
          make -j 2 FC="ifort -real-size `expr 8 \* 4` -i4  -ip -fp-model precise -w -ftz -align all -fno-alias -FR -convert big_endian  " RANLIB="ranlib" \
          CPP="/lib/cpp -P -nostdinc -I/glade/derecho/scratch/yates/NEOM_WRF/wrfv4.6.0/inc -I. -DEM_CORE=1 -DNMM_CORE=0 -DNMM_MAX_DIM=2600 -DDA_CORE=0 -DWRFPLUS=0 -DIWORDSIZE=4 -DDWORDSIZE=8 -DRWORDSIZE=4 -DLWORDSIZE=4 -DNONSTANDARD_SYSTEM_FUNC  -DWRF_USE_CLM -DUSE_NETCDF4_FEATURES -DWRFIO_NCD_LARGE_FILE_SUPPORT  -DDM_PARALLEL -DNETCDF -DLANDREAD_STUB=1 -DUSE_ALLOCATABLES -Dwrfmodel -DGRIB1 -DINTIO -DKEEP_INT_AROUND -DLIMIT_ARGS -DBUILD_RRTMG_FAST=0 -DBUILD_RRTMK=0 -DBUILD_SBM_FAST=1 -DSHOW_ALL_VARS_USED=0 -DCONFIG_BUF_LEN=65536 -DMAX_DOMAINS_F=21 -DMAX_HISTORY=25 -DNMM_NEST=0 -traditional-cpp -DUSE_NETCDF4_FEATURES -DWRFIO_NCD_LARGE_FILE_SUPPORT" AR="ar" ARFLAGS="ru" )
make[3]: Entering directory '/glade/derecho/scratch/yates/NEOM_WRF/wrfv4.6.0/external/esmf_time_f90'
/bin/rm -f ESMF_Base.o
/bin/rm -f ESMF_Fraction.o
sed -e "/\!.*'/s/'//g" ESMF_Base.F90 > ESMF_Base.b
sed -e "/\!.*'/s/'//g" ESMF_Fraction.F90 > ESMF_Fraction.b
/lib/cpp -P -nostdinc -I/glade/derecho/scratch/yates/NEOM_WRF/wrfv4.6.0/inc -I. -DEM_CORE=1 -DNMM_CORE=0 -DNMM_MAX_DIM=2600 -DDA_CORE=0 -DWRFPLUS=0 -DIWORDSIZE=4 -DDWORDSIZE=8 -DRWORDSIZE=4 -DLWORDSIZE=4 -DNONSTANDARD_SYSTEM_FUNC  -DWRF_USE_CLM -DUSE_NETCDF4_FEATURES -DWRFIO_NCD_LARGE_FILE_SUPPORT  -DDM_PARALLEL -DNETCDF -DLANDREAD_STUB=1 -DUSE_ALLOCATABLES -Dwrfmodel -DGRIB1 -DINTIO -DKEEP_INT_AROUND -DLIMIT_ARGS -DBUILD_RRTMG_FAST=0 -DBUILD_RRTMK=0 -DBUILD_SBM_FAST=1 -DSHOW_ALL_VARS_USED=0 -DCONFIG_BUF_LEN=65536 -DMAX_DOMAINS_F=21 -DMAX_HISTORY=25 -DNMM_NEST=0 -traditional-cpp -DUSE_NETCDF4_FEATURES -DWRFIO_NCD_LARGE_FILE_SUPPORT -I. ESMF_Fraction.b > ESMF_Fraction.f
/lib/cpp -P -nostdinc -I/glade/derecho/scratch/yates/NEOM_WRF/wrfv4.6.0/inc -I. -DEM_CORE=1 -DNMM_CORE=0 -DNMM_MAX_DIM=2600 -DDA_CORE=0 -DWRFPLUS=0 -DIWORDSIZE=4 -DDWORDSIZE=8 -DRWORDSIZE=4 -DLWORDSIZE=4 -DNONSTANDARD_SYSTEM_FUNC  -DWRF_USE_CLM -DUSE_NETCDF4_FEATURES -DWRFIO_NCD_LARGE_FILE_SUPPORT  -DDM_PARALLEL -DNETCDF -DLANDREAD_STUB=1 -DUSE_ALLOCATABLES -Dwrfmodel -DGRIB1 -DINTIO -DKEEP_INT_AROUND -DLIMIT_ARGS -DBUILD_RRTMG_FAST=0 -DBUILD_RRTMK=0 -DBUILD_SBM_FAST=1 -DSHOW_ALL_VARS_USED=0 -DCONFIG_BUF_LEN=65536 -DMAX_DOMAINS_F=21 -DMAX_HISTORY=25 -DNMM_NEST=0 -traditional-cpp -DUSE_NETCDF4_FEATURES -DWRFIO_NCD_LARGE_FILE_SUPPORT -I. ESMF_Base.b > ESMF_Base.f
/bin/rm -f ESMF_Base.b
/bin/rm -f ESMF_Fraction.b
ifort -real-size 32 -i4  -ip -fp-model precise -w -ftz -align all -fno-alias -FR -convert big_endian   -o ESMF_Base.o -c ESMF_Base.f
ifort -real-size 32 -i4  -ip -fp-model precise -w -ftz -align all -fno-alias -FR -convert big_endian   -o ESMF_Fraction.o -c ESMF_Fraction.f
/bin/rm -f ESMF_BaseTime.o
sed -e "/\!.*'/s/'//g" ESMF_BaseTime.F90 > ESMF_BaseTime.b
/lib/cpp -P -nostdinc -I/glade/derecho/scratch/yates/NEOM_WRF/wrfv4.6.0/inc -I. -DEM_CORE=1 -DNMM_CORE=0 -DNMM_MAX_DIM=2600 -DDA_CORE=0 -DWRFPLUS=0 -DIWORDSIZE=4 -DDWORDSIZE=8 -DRWORDSIZE=4 -DLWORDSIZE=4 -DNONSTANDARD_SYSTEM_FUNC  -DWRF_USE_CLM -DUSE_NETCDF4_FEATURES -DWRFIO_NCD_LARGE_FILE_SUPPORT  -DDM_PARALLEL -DNETCDF -DLANDREAD_STUB=1 -DUSE_ALLOCATABLES -Dwrfmodel -DGRIB1 -DINTIO -DKEEP_INT_AROUND -DLIMIT_ARGS -DBUILD_RRTMG_FAST=0 -DBUILD_RRTMK=0 -DBUILD_SBM_FAST=1 -DSHOW_ALL_VARS_USED=0 -DCONFIG_BUF_LEN=65536 -DMAX_DOMAINS_F=21 -DMAX_HISTORY=25 -DNMM_NEST=0 -traditional-cpp -DUSE_NETCDF4_FEATURES -DWRFIO_NCD_LARGE_FILE_SUPPORT -I. ESMF_BaseTime.b > ESMF_BaseTime.f
/bin/rm -f ESMF_BaseTime.b
ifort -real-size 32 -i4  -ip -fp-model precise -w -ftz -align all -fno-alias -FR -convert big_endian   -o ESMF_BaseTime.o -c ESMF_BaseTime.f
/bin/rm -f ESMF_Calendar.o
sed -e "/\!.*'/s/'//g" ESMF_Calendar.F90 > ESMF_Calendar.b
/lib/cpp -P -nostdinc -I/glade/derecho/scratch/yates/NEOM_WRF/wrfv4.6.0/inc -I. -DEM_CORE=1 -DNMM_CORE=0 -DNMM_MAX_DIM=2600 -DDA_CORE=0 -DWRFPLUS=0 -DIWORDSIZE=4 -DDWORDSIZE=8 -DRWORDSIZE=4 -DLWORDSIZE=4 -DNONSTANDARD_SYSTEM_FUNC  -DWRF_USE_CLM -DUSE_NETCDF4_FEATURES -DWRFIO_NCD_LARGE_FILE_SUPPORT  -DDM_PARALLEL -DNETCDF -DLANDREAD_STUB=1 -DUSE_ALLOCATABLES -Dwrfmodel -DGRIB1 -DINTIO -DKEEP_INT_AROUND -DLIMIT_ARGS -DBUILD_RRTMG_FAST=0 -DBUILD_RRTMK=0 -DBUILD_SBM_FAST=1 -DSHOW_ALL_VARS_USED=0 -DCONFIG_BUF_LEN=65536 -DMAX_DOMAINS_F=21 -DMAX_HISTORY=25 -DNMM_NEST=0 -traditional-cpp -DUSE_NETCDF4_FEATURES -DWRFIO_NCD_LARGE_FILE_SUPPORT -I. ESMF_Calendar.b > ESMF_Calendar.f
/bin/rm -f ESMF_Calendar.b
ifort -real-size 32 -i4  -ip -fp-model precise -w -ftz -align all -fno-alias -FR -convert big_endian   -o ESMF_Calendar.o -c ESMF_Calendar.f
/bin/rm -f ESMF_TimeInterval.o
/bin/rm -f ESMF_Stubs.o
sed -e "/\!.*'/s/'//g" ESMF_TimeInterval.F90 > ESMF_TimeInterval.b
sed -e "/\!.*'/s/'//g" ESMF_Stubs.F90 > ESMF_Stubs.b
/lib/cpp -P -nostdinc -I/glade/derecho/scratch/yates/NEOM_WRF/wrfv4.6.0/inc -I. -DEM_CORE=1 -DNMM_CORE=0 -DNMM_MAX_DIM=2600 -DDA_CORE=0 -DWRFPLUS=0 -DIWORDSIZE=4 -DDWORDSIZE=8 -DRWORDSIZE=4 -DLWORDSIZE=4 -DNONSTANDARD_SYSTEM_FUNC  -DWRF_USE_CLM -DUSE_NETCDF4_FEATURES -DWRFIO_NCD_LARGE_FILE_SUPPORT  -DDM_PARALLEL -DNETCDF -DLANDREAD_STUB=1 -DUSE_ALLOCATABLES -Dwrfmodel -DGRIB1 -DINTIO -DKEEP_INT_AROUND -DLIMIT_ARGS -DBUILD_RRTMG_FAST=0 -DBUILD_RRTMK=0 -DBUILD_SBM_FAST=1 -DSHOW_ALL_VARS_USED=0 -DCONFIG_BUF_LEN=65536 -DMAX_DOMAINS_F=21 -DMAX_HISTORY=25 -DNMM_NEST=0 -traditional-cpp -DUSE_NETCDF4_FEATURES -DWRFIO_NCD_LARGE_FILE_SUPPORT -I. ESMF_TimeInterval.b > ESMF_TimeInterval.f
/lib/cpp -P -nostdinc -I/glade/derecho/scratch/yates/NEOM_WRF/wrfv4.6.0/inc -I. -DEM_CORE=1 -DNMM_CORE=0 -DNMM_MAX_DIM=2600 -DDA_CORE=0 -DWRFPLUS=0 -DIWORDSIZE=4 -DDWORDSIZE=8 -DRWORDSIZE=4 -DLWORDSIZE=4 -DNONSTANDARD_SYSTEM_FUNC  -DWRF_USE_CLM -DUSE_NETCDF4_FEATURES -DWRFIO_NCD_LARGE_FILE_SUPPORT  -DDM_PARALLEL -DNETCDF -DLANDREAD_STUB=1 -DUSE_ALLOCATABLES -Dwrfmodel -DGRIB1 -DINTIO -DKEEP_INT_AROUND -DLIMIT_ARGS -DBUILD_RRTMG_FAST=0 -DBUILD_RRTMK=0 -DBUILD_SBM_FAST=1 -DSHOW_ALL_VARS_USED=0 -DCONFIG_BUF_LEN=65536 -DMAX_DOMAINS_F=21 -DMAX_HISTORY=25 -DNMM_NEST=0 -traditional-cpp -DUSE_NETCDF4_FEATURES -DWRFIO_NCD_LARGE_FILE_SUPPORT -I. ESMF_Stubs.b > ESMF_Stubs.f
/bin/rm -f ESMF_TimeInterval.b
/bin/rm -f ESMF_Stubs.b
ifort -real-size 32 -i4  -ip -fp-model precise -w -ftz -align all -fno-alias -FR -convert big_endian   -o ESMF_TimeInterval.o -c ESMF_TimeInterval.f
ifort -real-size 32 -i4  -ip -fp-model precise -w -ftz -align all -fno-alias -FR -convert big_endian   -o ESMF_Stubs.o -c ESMF_Stubs.f
/bin/rm -f ESMF_Time.o
sed -e "/\!.*'/s/'//g" ESMF_Time.F90 > ESMF_Time.b
/lib/cpp -P -nostdinc -I/glade/derecho/scratch/yates/NEOM_WRF/wrfv4.6.0/inc -I. -DEM_CORE=1 -DNMM_CORE=0 -DNMM_MAX_DIM=2600 -DDA_CORE=0 -DWRFPLUS=0 -DIWORDSIZE=4 -DDWORDSIZE=8 -DRWORDSIZE=4 -DLWORDSIZE=4 -DNONSTANDARD_SYSTEM_FUNC  -DWRF_USE_CLM -DUSE_NETCDF4_FEATURES -DWRFIO_NCD_LARGE_FILE_SUPPORT  -DDM_PARALLEL -DNETCDF -DLANDREAD_STUB=1 -DUSE_ALLOCATABLES -Dwrfmodel -DGRIB1 -DINTIO -DKEEP_INT_AROUND -DLIMIT_ARGS -DBUILD_RRTMG_FAST=0 -DBUILD_RRTMK=0 -DBUILD_SBM_FAST=1 -DSHOW_ALL_VARS_USED=0 -DCONFIG_BUF_LEN=65536 -DMAX_DOMAINS_F=21 -DMAX_HISTORY=25 -DNMM_NEST=0 -traditional-cpp -DUSE_NETCDF4_FEATURES -DWRFIO_NCD_LARGE_FILE_SUPPORT -I. ESMF_Time.b > ESMF_Time.f
/bin/rm -f ESMF_Time.b
ifort -real-size 32 -i4  -ip -fp-model precise -w -ftz -align all -fno-alias -FR -convert big_endian   -o ESMF_Time.o -c ESMF_Time.f
/bin/rm -f ESMF_Alarm.o
sed -e "/\!.*'/s/'//g" ESMF_Alarm.F90 > ESMF_Alarm.b
/lib/cpp -P -nostdinc -I/glade/derecho/scratch/yates/NEOM_WRF/wrfv4.6.0/inc -I. -DEM_CORE=1 -DNMM_CORE=0 -DNMM_MAX_DIM=2600 -DDA_CORE=0 -DWRFPLUS=0 -DIWORDSIZE=4 -DDWORDSIZE=8 -DRWORDSIZE=4 -DLWORDSIZE=4 -DNONSTANDARD_SYSTEM_FUNC  -DWRF_USE_CLM -DUSE_NETCDF4_FEATURES -DWRFIO_NCD_LARGE_FILE_SUPPORT  -DDM_PARALLEL -DNETCDF -DLANDREAD_STUB=1 -DUSE_ALLOCATABLES -Dwrfmodel -DGRIB1 -DINTIO -DKEEP_INT_AROUND -DLIMIT_ARGS -DBUILD_RRTMG_FAST=0 -DBUILD_RRTMK=0 -DBUILD_SBM_FAST=1 -DSHOW_ALL_VARS_USED=0 -DCONFIG_BUF_LEN=65536 -DMAX_DOMAINS_F=21 -DMAX_HISTORY=25 -DNMM_NEST=0 -traditional-cpp -DUSE_NETCDF4_FEATURES -DWRFIO_NCD_LARGE_FILE_SUPPORT -I. ESMF_Alarm.b > ESMF_Alarm.f
/bin/rm -f ESMF_Alarm.b
ifort -real-size 32 -i4  -ip -fp-model precise -w -ftz -align all -fno-alias -FR -convert big_endian   -o ESMF_Alarm.o -c ESMF_Alarm.f
/bin/rm -f ESMF_Clock.o
sed -e "/\!.*'/s/'//g" ESMF_Clock.F90 > ESMF_Clock.b
/lib/cpp -P -nostdinc -I/glade/derecho/scratch/yates/NEOM_WRF/wrfv4.6.0/inc -I. -DEM_CORE=1 -DNMM_CORE=0 -DNMM_MAX_DIM=2600 -DDA_CORE=0 -DWRFPLUS=0 -DIWORDSIZE=4 -DDWORDSIZE=8 -DRWORDSIZE=4 -DLWORDSIZE=4 -DNONSTANDARD_SYSTEM_FUNC  -DWRF_USE_CLM -DUSE_NETCDF4_FEATURES -DWRFIO_NCD_LARGE_FILE_SUPPORT  -DDM_PARALLEL -DNETCDF -DLANDREAD_STUB=1 -DUSE_ALLOCATABLES -Dwrfmodel -DGRIB1 -DINTIO -DKEEP_INT_AROUND -DLIMIT_ARGS -DBUILD_RRTMG_FAST=0 -DBUILD_RRTMK=0 -DBUILD_SBM_FAST=1 -DSHOW_ALL_VARS_USED=0 -DCONFIG_BUF_LEN=65536 -DMAX_DOMAINS_F=21 -DMAX_HISTORY=25 -DNMM_NEST=0 -traditional-cpp -DUSE_NETCDF4_FEATURES -DWRFIO_NCD_LARGE_FILE_SUPPORT -I. ESMF_Clock.b > ESMF_Clock.f
/bin/rm -f ESMF_Clock.b
ifort -real-size 32 -i4  -ip -fp-model precise -w -ftz -align all -fno-alias -FR -convert big_endian   -o ESMF_Clock.o -c ESMF_Clock.f
/bin/rm -f Meat.o
/bin/rm -f ESMF_AlarmClock.o
sed -e "/\!.*'/s/'//g" Meat.F90 > Meat.b
sed -e "/\!.*'/s/'//g" ESMF_AlarmClock.F90 > ESMF_AlarmClock.b
/lib/cpp -P -nostdinc -I/glade/derecho/scratch/yates/NEOM_WRF/wrfv4.6.0/inc -I. -DEM_CORE=1 -DNMM_CORE=0 -DNMM_MAX_DIM=2600 -DDA_CORE=0 -DWRFPLUS=0 -DIWORDSIZE=4 -DDWORDSIZE=8 -DRWORDSIZE=4 -DLWORDSIZE=4 -DNONSTANDARD_SYSTEM_FUNC  -DWRF_USE_CLM -DUSE_NETCDF4_FEATURES -DWRFIO_NCD_LARGE_FILE_SUPPORT  -DDM_PARALLEL -DNETCDF -DLANDREAD_STUB=1 -DUSE_ALLOCATABLES -Dwrfmodel -DGRIB1 -DINTIO -DKEEP_INT_AROUND -DLIMIT_ARGS -DBUILD_RRTMG_FAST=0 -DBUILD_RRTMK=0 -DBUILD_SBM_FAST=1 -DSHOW_ALL_VARS_USED=0 -DCONFIG_BUF_LEN=65536 -DMAX_DOMAINS_F=21 -DMAX_HISTORY=25 -DNMM_NEST=0 -traditional-cpp -DUSE_NETCDF4_FEATURES -DWRFIO_NCD_LARGE_FILE_SUPPORT -I. ESMF_AlarmClock.b > ESMF_AlarmClock.f
/lib/cpp -P -nostdinc -I/glade/derecho/scratch/yates/NEOM_WRF/wrfv4.6.0/inc -I. -DEM_CORE=1 -DNMM_CORE=0 -DNMM_MAX_DIM=2600 -DDA_CORE=0 -DWRFPLUS=0 -DIWORDSIZE=4 -DDWORDSIZE=8 -DRWORDSIZE=4 -DLWORDSIZE=4 -DNONSTANDARD_SYSTEM_FUNC  -DWRF_USE_CLM -DUSE_NETCDF4_FEATURES -DWRFIO_NCD_LARGE_FILE_SUPPORT  -DDM_PARALLEL -DNETCDF -DLANDREAD_STUB=1 -DUSE_ALLOCATABLES -Dwrfmodel -DGRIB1 -DINTIO -DKEEP_INT_AROUND -DLIMIT_ARGS -DBUILD_RRTMG_FAST=0 -DBUILD_RRTMK=0 -DBUILD_SBM_FAST=1 -DSHOW_ALL_VARS_USED=0 -DCONFIG_BUF_LEN=65536 -DMAX_DOMAINS_F=21 -DMAX_HISTORY=25 -DNMM_NEST=0 -traditional-cpp -DUSE_NETCDF4_FEATURES -DWRFIO_NCD_LARGE_FILE_SUPPORT -I. Meat.b > Meat.f
/bin/rm -f ESMF_AlarmClock.b
/bin/rm -f Meat.b
ifort -real-size 32 -i4  -ip -fp-model precise -w -ftz -align all -fno-alias -FR -convert big_endian   -o ESMF_AlarmClock.o -c ESMF_AlarmClock.f
ifort -real-size 32 -i4  -ip -fp-model precise -w -ftz -align all -fno-alias -FR -convert big_endian   -o Meat.o -c Meat.f
/bin/rm -f ESMF_Mod.o
sed -e "/\!.*'/s/'//g" ESMF_Mod.F90 > ESMF_Mod.b
/lib/cpp -P -nostdinc -I/glade/derecho/scratch/yates/NEOM_WRF/wrfv4.6.0/inc -I. -DEM_CORE=1 -DNMM_CORE=0 -DNMM_MAX_DIM=2600 -DDA_CORE=0 -DWRFPLUS=0 -DIWORDSIZE=4 -DDWORDSIZE=8 -DRWORDSIZE=4 -DLWORDSIZE=4 -DNONSTANDARD_SYSTEM_FUNC  -DWRF_USE_CLM -DUSE_NETCDF4_FEATURES -DWRFIO_NCD_LARGE_FILE_SUPPORT  -DDM_PARALLEL -DNETCDF -DLANDREAD_STUB=1 -DUSE_ALLOCATABLES -Dwrfmodel -DGRIB1 -DINTIO -DKEEP_INT_AROUND -DLIMIT_ARGS -DBUILD_RRTMG_FAST=0 -DBUILD_RRTMK=0 -DBUILD_SBM_FAST=1 -DSHOW_ALL_VARS_USED=0 -DCONFIG_BUF_LEN=65536 -DMAX_DOMAINS_F=21 -DMAX_HISTORY=25 -DNMM_NEST=0 -traditional-cpp -DUSE_NETCDF4_FEATURES -DWRFIO_NCD_LARGE_FILE_SUPPORT -I. ESMF_Mod.b > ESMF_Mod.f
/bin/rm -f ESMF_Mod.b
ifort -real-size 32 -i4  -ip -fp-model precise -w -ftz -align all -fno-alias -FR -convert big_endian   -o ESMF_Mod.o -c ESMF_Mod.f
/bin/rm -f module_symbols_util.o
sed -e "/\!.*'/s/'//g" module_symbols_util.F90 > module_symbols_util.b
/lib/cpp -P -nostdinc -I/glade/derecho/scratch/yates/NEOM_WRF/wrfv4.6.0/inc -I. -DEM_CORE=1 -DNMM_CORE=0 -DNMM_MAX_DIM=2600 -DDA_CORE=0 -DWRFPLUS=0 -DIWORDSIZE=4 -DDWORDSIZE=8 -DRWORDSIZE=4 -DLWORDSIZE=4 -DNONSTANDARD_SYSTEM_FUNC  -DWRF_USE_CLM -DUSE_NETCDF4_FEATURES -DWRFIO_NCD_LARGE_FILE_SUPPORT  -DDM_PARALLEL -DNETCDF -DLANDREAD_STUB=1 -DUSE_ALLOCATABLES -Dwrfmodel -DGRIB1 -DINTIO -DKEEP_INT_AROUND -DLIMIT_ARGS -DBUILD_RRTMG_FAST=0 -DBUILD_RRTMK=0 -DBUILD_SBM_FAST=1 -DSHOW_ALL_VARS_USED=0 -DCONFIG_BUF_LEN=65536 -DMAX_DOMAINS_F=21 -DMAX_HISTORY=25 -DNMM_NEST=0 -traditional-cpp -DUSE_NETCDF4_FEATURES -DWRFIO_NCD_LARGE_FILE_SUPPORT -I. module_symbols_util.b > module_symbols_util.f
/bin/rm -f module_symbols_util.b
ifort -real-size 32 -i4  -ip -fp-model precise -w -ftz -align all -fno-alias -FR -convert big_endian   -o module_symbols_util.o -c module_symbols_util.f
/bin/rm -f module_utility.o
sed -e "/\!.*'/s/'//g" module_utility.F90 > module_utility.b
/lib/cpp -P -nostdinc -I/glade/derecho/scratch/yates/NEOM_WRF/wrfv4.6.0/inc -I. -DEM_CORE=1 -DNMM_CORE=0 -DNMM_MAX_DIM=2600 -DDA_CORE=0 -DWRFPLUS=0 -DIWORDSIZE=4 -DDWORDSIZE=8 -DRWORDSIZE=4 -DLWORDSIZE=4 -DNONSTANDARD_SYSTEM_FUNC  -DWRF_USE_CLM -DUSE_NETCDF4_FEATURES -DWRFIO_NCD_LARGE_FILE_SUPPORT  -DDM_PARALLEL -DNETCDF -DLANDREAD_STUB=1 -DUSE_ALLOCATABLES -Dwrfmodel -DGRIB1 -DINTIO -DKEEP_INT_AROUND -DLIMIT_ARGS -DBUILD_RRTMG_FAST=0 -DBUILD_RRTMK=0 -DBUILD_SBM_FAST=1 -DSHOW_ALL_VARS_USED=0 -DCONFIG_BUF_LEN=65536 -DMAX_DOMAINS_F=21 -DMAX_HISTORY=25 -DNMM_NEST=0 -traditional-cpp -DUSE_NETCDF4_FEATURES -DWRFIO_NCD_LARGE_FILE_SUPPORT -I. module_utility.b > module_utility.f
/bin/rm -f module_utility.b
ifort -real-size 32 -i4  -ip -fp-model precise -w -ftz -align all -fno-alias -FR -convert big_endian   -o module_utility.o -c module_utility.f
/bin/rm -f libesmf_time.a
if [ "ar" != "lib.exe" ] ; then \
          ar ru libesmf_time.a ESMF_Alarm.o ESMF_BaseTime.o ESMF_Clock.o ESMF_Time.o Meat.o ESMF_Base.o ESMF_Calendar.o ESMF_Fraction.o ESMF_TimeInterval.o ESMF_Stubs.o ESMF_Mod.o module_symbols_util.o module_utility.o ESMF_AlarmClock.o ; \
        else \
          ar /out:libesmf_time.a ESMF_Alarm.o ESMF_BaseTime.o ESMF_Clock.o ESMF_Time.o Meat.o ESMF_Base.o ESMF_Calendar.o ESMF_Fraction.o ESMF_TimeInterval.o ESMF_Stubs.o ESMF_Mod.o module_symbols_util.o module_utility.o ESMF_AlarmClock.o ; \
        fi
ar: creating libesmf_time.a
ranlib libesmf_time.a
make[3]: Leaving directory '/glade/derecho/scratch/yates/NEOM_WRF/wrfv4.6.0/external/esmf_time_f90'
( cd /glade/derecho/scratch/yates/NEOM_WRF/wrfv4.6.0/external/io_netcdf ; \
          make -j 2 NETCDFPATH="/glade/u/apps/derecho/23.09/spack/opt/spack/netcdf/4.9.2/oneapi/2023.2.1/yzvj" RANLIB="ranlib" CPP="/lib/cpp -P -nostdinc" \
          CC="icc" CFLAGS="-w -O3 -ip -DRPC_TYPES=2  -DDM_PARALLEL -DLANDREAD_STUB=1 -DMAX_HISTORY=25 -DNMM_CORE=0" NETCDF4_DEP_LIB="-L/glade/u/apps/derecho/23.09/spack/opt/spack/netcdf/4.9.2/packages/netcdf-c/4.9.2/oneapi/2023.2.1/cnx4/lib -lnetcdf -L/glade/u/apps/derecho/23.09/spack/opt/spack/netcdf/4.9.2/packages/netcdf-fortran/4.6.1/oneapi/2023.2.1/vfpj/lib -lnetcdff -lnetcdf -lnetcdf -lm" \
          FC="ifort -real-size `expr 8 \* 4` -i4  -O3 -ip -fp-model precise -w -ftz -align all -fno-alias -FR -convert big_endian  " TRADFLAG="-traditional-cpp -DUSE_NETCDF4_FEATURES -DWRFIO_NCD_LARGE_FILE_SUPPORT" AR="ar" ARFLAGS="ru" )
make[3]: Entering directory '/glade/derecho/scratch/yates/NEOM_WRF/wrfv4.6.0/external/io_netcdf'
grep nf_format_64bit /glade/u/apps/derecho/23.09/spack/opt/spack/netcdf/4.9.2/oneapi/2023.2.1/yzvj/include/netcdf.inc ;\
                        a=$? ; export a ; \
		if [ $a -a "$WRFIO_NCD_LARGE_FILE_SUPPORT" = "1" ] ; then \
                          /lib/cpp -P -nostdinc -P -traditional-cpp -DUSE_NETCDF4_FEATURES -DWRFIO_NCD_LARGE_FILE_SUPPORT -DWRFIO_NCD_LARGE_FILE_SUPPORT -I../ioapi_share wrf_io.F90 | m4 -Uinclude -Uindex -Ulen - > wrf_io.f ; \
                        else \
                          /lib/cpp -P -nostdinc -P -traditional-cpp -DUSE_NETCDF4_FEATURES -DWRFIO_NCD_LARGE_FILE_SUPPORT -I../ioapi_share wrf_io.F90 | m4 -Uinclude -Uindex -Ulen - > wrf_io.f ; \
                        fi
/lib/cpp -P -nostdinc -P -traditional-cpp -DUSE_NETCDF4_FEATURES -DWRFIO_NCD_LARGE_FILE_SUPPORT -I../ioapi_share module_wrfsi_static.F90 > module_wrfsi_static.f
      integer nf_format_64bit
      integer nf_format_64bit_offset
      integer nf_format_64bit_data
      parameter (nf_format_64bit = 2)
      parameter (nf_format_64bit_offset = nf_format_64bit)
      parameter (nf_format_64bit_data = 5)
      parameter (nf_format_cdf5 = nf_format_64bit_data)
ifort -real-size 32 -i4  -O3 -ip -fp-model precise -w -ftz -align all -fno-alias -FR -convert big_endian   -o module_wrfsi_static.o  -I/glade/u/apps/derecho/23.09/spack/opt/spack/netcdf/4.9.2/oneapi/2023.2.1/yzvj/include -I../ioapi_share -c module_wrfsi_static.f
ifort -real-size 32 -i4  -O3 -ip -fp-model precise -w -ftz -align all -fno-alias -FR -convert big_endian   -o wrf_io.o  -I/glade/u/apps/derecho/23.09/spack/opt/spack/netcdf/4.9.2/oneapi/2023.2.1/yzvj/include -I../ioapi_share -c wrf_io.f
/lib/cpp -P -nostdinc -P -traditional-cpp -DUSE_NETCDF4_FEATURES -DWRFIO_NCD_LARGE_FILE_SUPPORT -I../ioapi_share field_routines.F90 > field_routines.f
ifort -real-size 32 -i4  -O3 -ip -fp-model precise -w -ftz -align all -fno-alias -FR -convert big_endian   -o field_routines.o  -I/glade/u/apps/derecho/23.09/spack/opt/spack/netcdf/4.9.2/oneapi/2023.2.1/yzvj/include -I../ioapi_share -c field_routines.f
/bin/rm -f libwrfio_nf.a
if [ "ar" != "lib.exe" ] ; then \
                          ar cr libwrfio_nf.a wrf_io.o field_routines.o module_wrfsi_static.o ; \
                        else \
                          ar /out:libwrfio_nf.a wrf_io.o field_routines.o module_wrfsi_static.o ; \
                        fi
ranlib libwrfio_nf.a
make[3]: Leaving directory '/glade/derecho/scratch/yates/NEOM_WRF/wrfv4.6.0/external/io_netcdf'
( cd /glade/derecho/scratch/yates/NEOM_WRF/wrfv4.6.0/external/ioapi_share ; \
          make -i -r NATIVE_RWORDSIZE="4" RWORDSIZE="4" AR="ar" ARFLAGS="ru" )
make[3]: Entering directory '/glade/derecho/scratch/yates/NEOM_WRF/wrfv4.6.0/external/ioapi_share'
( /bin/rm -f ../../inc/wrf_io_flags.h foo_io_flags.h; \
/bin/cp wrf_io_flags.h foo_io_flags.h; \
if [ 4 -ne 4 ] ; then \
  /bin/rm -f foo_io_flags.h; \
  sed -e 's/104/105/' wrf_io_flags.h > foo_io_flags.h ;\
fi ; \
/bin/mv foo_io_flags.h ../../inc/wrf_io_flags.h )
/bin/rm -f ../../inc/wrf_status_codes.h
/bin/cp wrf_status_codes.h ../../inc
make[3]: Leaving directory '/glade/derecho/scratch/yates/NEOM_WRF/wrfv4.6.0/external/ioapi_share'
( cd /glade/derecho/scratch/yates/NEOM_WRF/wrfv4.6.0/external/io_grib_share ; \
          make -j 2 CC="icc" CFLAGS="-w -O3 -ip -DRPC_TYPES=2  -DDM_PARALLEL -DLANDREAD_STUB=1 -DMAX_HISTORY=25 -DNMM_CORE=0" RM="rm -f" RANLIB="ranlib" CPP="/lib/cpp -P -nostdinc" \
          FC="ifort -real-size `expr 8 \* 4` -i4 -I.  -ip -fp-model precise -w -ftz -align all -fno-alias -FR -convert big_endian   " TRADFLAG="-traditional-cpp -DUSE_NETCDF4_FEATURES -DWRFIO_NCD_LARGE_FILE_SUPPORT" AR="ar" ARFLAGS="ru" archive)
make[3]: Entering directory '/glade/derecho/scratch/yates/NEOM_WRF/wrfv4.6.0/external/io_grib_share'
make[4]: Entering directory '/glade/derecho/scratch/yates/NEOM_WRF/wrfv4.6.0/external/io_grib_share'
rm -f io_grib_share.o
icc  -I. -I../ioapi_share -w -O3 -ip -DRPC_TYPES=2  -DDM_PARALLEL -DLANDREAD_STUB=1 -DMAX_HISTORY=25 -DNMM_CORE=0   -c get_region_center.c
/lib/cpp -P -nostdinc  -traditional-cpp -DUSE_NETCDF4_FEATURES -DWRFIO_NCD_LARGE_FILE_SUPPORT  -I. -I../ioapi_share io_grib_share.F > io_grib_share.f90
ifort -real-size 32 -i4 -I.  -ip -fp-model precise -w -ftz -align all -fno-alias -FR -convert big_endian      -I. -I../ioapi_share     -c io_grib_share.f90
icc: remark #10441: The Intel(R) C++ Compiler Classic (ICC) is deprecated and will be removed from product release in the second half of 2023. The Intel(R) oneAPI DPC++/C++ Compiler (ICX) is the recommended compiler moving forward. Please transition to use this compiler. Use '-diag-disable=10441' to disable this message.
icc  -I. -I../ioapi_share -w -O3 -ip -DRPC_TYPES=2  -DDM_PARALLEL -DLANDREAD_STUB=1 -DMAX_HISTORY=25 -DNMM_CORE=0   -c gridnav.c
icc  -I. -I../ioapi_share -w -O3 -ip -DRPC_TYPES=2  -DDM_PARALLEL -DLANDREAD_STUB=1 -DMAX_HISTORY=25 -DNMM_CORE=0   -c open_file.c
icc: remark #10441: The Intel(R) C++ Compiler Classic (ICC) is deprecated and will be removed from product release in the second half of 2023. The Intel(R) oneAPI DPC++/C++ Compiler (ICX) is the recommended compiler moving forward. Please transition to use this compiler. Use '-diag-disable=10441' to disable this message.
icc: remark #10441: The Intel(R) C++ Compiler Classic (ICC) is deprecated and will be removed from product release in the second half of 2023. The Intel(R) oneAPI DPC++/C++ Compiler (ICX) is the recommended compiler moving forward. Please transition to use this compiler. Use '-diag-disable=10441' to disable this message.
ar ru ./libio_grib_share.a io_grib_share.o get_region_center.o gridnav.o open_file.o
ar: creating ./libio_grib_share.a
ranlib ./libio_grib_share.a
make[4]: Leaving directory '/glade/derecho/scratch/yates/NEOM_WRF/wrfv4.6.0/external/io_grib_share'
make[3]: Leaving directory '/glade/derecho/scratch/yates/NEOM_WRF/wrfv4.6.0/external/io_grib_share'
( cd /glade/derecho/scratch/yates/NEOM_WRF/wrfv4.6.0/external/io_grib1 ; \
          make -j 2 CC="icc" CFLAGS="-w -O3 -ip -DRPC_TYPES=2  -DDM_PARALLEL -DLANDREAD_STUB=1 -DMAX_HISTORY=25 -DNMM_CORE=0" RM="rm -f" RANLIB="ranlib" CPP="/lib/cpp -P -nostdinc" \
          FC="ifort -real-size `expr 8 \* 4` -i4 -I.  -ip -fp-model precise -w -ftz -align all -fno-alias -FR -convert big_endian   " TRADFLAG="-traditional-cpp -DUSE_NETCDF4_FEATURES -DWRFIO_NCD_LARGE_FILE_SUPPORT" AR="ar" ARFLAGS="ru" archive)
make[3]: Entering directory '/glade/derecho/scratch/yates/NEOM_WRF/wrfv4.6.0/external/io_grib1'
        Doing make archive on library subdirectory MEL_grib1
make[4]: Entering directory '/glade/derecho/scratch/yates/NEOM_WRF/wrfv4.6.0/external/io_grib1/MEL_grib1'
make[5]: Entering directory '/glade/derecho/scratch/yates/NEOM_WRF/wrfv4.6.0/external/io_grib1/MEL_grib1'
icc  -I. -w -O3 -ip -DRPC_TYPES=2  -DDM_PARALLEL -DLANDREAD_STUB=1 -DMAX_HISTORY=25 -DNMM_CORE=0   -c FTP_getfile.c
icc  -I. -w -O3 -ip -DRPC_TYPES=2  -DDM_PARALLEL -DLANDREAD_STUB=1 -DMAX_HISTORY=25 -DNMM_CORE=0   -c apply_bitmap.c
icc: remark #10441: The Intel(R) C++ Compiler Classic (ICC) is deprecated and will be removed from product release in the second half of 2023. The Intel(R) oneAPI DPC++/C++ Compiler (ICX) is the recommended compiler moving forward. Please transition to use this compiler. Use '-diag-disable=10441' to disable this message.
icc: remark #10441: The Intel(R) C++ Compiler Classic (ICC) is deprecated and will be removed from product release in the second half of 2023. The Intel(R) oneAPI DPC++/C++ Compiler (ICX) is the recommended compiler moving forward. Please transition to use this compiler. Use '-diag-disable=10441' to disable this message.
icc  -I. -w -O3 -ip -DRPC_TYPES=2  -DDM_PARALLEL -DLANDREAD_STUB=1 -DMAX_HISTORY=25 -DNMM_CORE=0   -c display_gribhdr.c
icc  -I. -w -O3 -ip -DRPC_TYPES=2  -DDM_PARALLEL -DLANDREAD_STUB=1 -DMAX_HISTORY=25 -DNMM_CORE=0   -c gbyte.c
icc: remark #10441: The Intel(R) C++ Compiler Classic (ICC) is deprecated and will be removed from product release in the second half of 2023. The Intel(R) oneAPI DPC++/C++ Compiler (ICX) is the recommended compiler moving forward. Please transition to use this compiler. Use '-diag-disable=10441' to disable this message.
icc: remark #10441: The Intel(R) C++ Compiler Classic (ICC) is deprecated and will be removed from product release in the second half of 2023. The Intel(R) oneAPI DPC++/C++ Compiler (ICX) is the recommended compiler moving forward. Please transition to use this compiler. Use '-diag-disable=10441' to disable this message.
icc  -I. -w -O3 -ip -DRPC_TYPES=2  -DDM_PARALLEL -DLANDREAD_STUB=1 -DMAX_HISTORY=25 -DNMM_CORE=0   -c grib_dec.c
icc  -I. -w -O3 -ip -DRPC_TYPES=2  -DDM_PARALLEL -DLANDREAD_STUB=1 -DMAX_HISTORY=25 -DNMM_CORE=0   -c grib_enc.c
icc: remark #10441: The Intel(R) C++ Compiler Classic (ICC) is deprecated and will be removed from product release in the second half of 2023. The Intel(R) oneAPI DPC++/C++ Compiler (ICX) is the recommended compiler moving forward. Please transition to use this compiler. Use '-diag-disable=10441' to disable this message.
icc: remark #10441: The Intel(R) C++ Compiler Classic (ICC) is deprecated and will be removed from product release in the second half of 2023. The Intel(R) oneAPI DPC++/C++ Compiler (ICX) is the recommended compiler moving forward. Please transition to use this compiler. Use '-diag-disable=10441' to disable this message.
icc  -I. -w -O3 -ip -DRPC_TYPES=2  -DDM_PARALLEL -DLANDREAD_STUB=1 -DMAX_HISTORY=25 -DNMM_CORE=0   -c grib_seek.c
icc  -I. -w -O3 -ip -DRPC_TYPES=2  -DDM_PARALLEL -DLANDREAD_STUB=1 -DMAX_HISTORY=25 -DNMM_CORE=0   -c gribgetbds.c
icc: remark #10441: The Intel(R) C++ Compiler Classic (ICC) is deprecated and will be removed from product release in the second half of 2023. The Intel(R) oneAPI DPC++/C++ Compiler (ICX) is the recommended compiler moving forward. Please transition to use this compiler. Use '-diag-disable=10441' to disable this message.
icc: remark #10441: The Intel(R) C++ Compiler Classic (ICC) is deprecated and will be removed from product release in the second half of 2023. The Intel(R) oneAPI DPC++/C++ Compiler (ICX) is the recommended compiler moving forward. Please transition to use this compiler. Use '-diag-disable=10441' to disable this message.
icc  -I. -w -O3 -ip -DRPC_TYPES=2  -DDM_PARALLEL -DLANDREAD_STUB=1 -DMAX_HISTORY=25 -DNMM_CORE=0   -c gribgetbms.c
icc  -I. -w -O3 -ip -DRPC_TYPES=2  -DDM_PARALLEL -DLANDREAD_STUB=1 -DMAX_HISTORY=25 -DNMM_CORE=0   -c gribgetgds.c
icc: remark #10441: The Intel(R) C++ Compiler Classic (ICC) is deprecated and will be removed from product release in the second half of 2023. The Intel(R) oneAPI DPC++/C++ Compiler (ICX) is the recommended compiler moving forward. Please transition to use this compiler. Use '-diag-disable=10441' to disable this message.
icc  -I. -w -O3 -ip -DRPC_TYPES=2  -DDM_PARALLEL -DLANDREAD_STUB=1 -DMAX_HISTORY=25 -DNMM_CORE=0   -c gribgetpds.c
icc: remark #10441: The Intel(R) C++ Compiler Classic (ICC) is deprecated and will be removed from product release in the second half of 2023. The Intel(R) oneAPI DPC++/C++ Compiler (ICX) is the recommended compiler moving forward. Please transition to use this compiler. Use '-diag-disable=10441' to disable this message.
icc: remark #10441: The Intel(R) C++ Compiler Classic (ICC) is deprecated and will be removed from product release in the second half of 2023. The Intel(R) oneAPI DPC++/C++ Compiler (ICX) is the recommended compiler moving forward. Please transition to use this compiler. Use '-diag-disable=10441' to disable this message.
icc  -I. -w -O3 -ip -DRPC_TYPES=2  -DDM_PARALLEL -DLANDREAD_STUB=1 -DMAX_HISTORY=25 -DNMM_CORE=0   -c gribhdr2file.c
icc  -I. -w -O3 -ip -DRPC_TYPES=2  -DDM_PARALLEL -DLANDREAD_STUB=1 -DMAX_HISTORY=25 -DNMM_CORE=0   -c gribputbds.c
icc: remark #10441: The Intel(R) C++ Compiler Classic (ICC) is deprecated and will be removed from product release in the second half of 2023. The Intel(R) oneAPI DPC++/C++ Compiler (ICX) is the recommended compiler moving forward. Please transition to use this compiler. Use '-diag-disable=10441' to disable this message.
icc: remark #10441: The Intel(R) C++ Compiler Classic (ICC) is deprecated and will be removed from product release in the second half of 2023. The Intel(R) oneAPI DPC++/C++ Compiler (ICX) is the recommended compiler moving forward. Please transition to use this compiler. Use '-diag-disable=10441' to disable this message.
icc  -I. -w -O3 -ip -DRPC_TYPES=2  -DDM_PARALLEL -DLANDREAD_STUB=1 -DMAX_HISTORY=25 -DNMM_CORE=0   -c gribputgds.c
icc  -I. -w -O3 -ip -DRPC_TYPES=2  -DDM_PARALLEL -DLANDREAD_STUB=1 -DMAX_HISTORY=25 -DNMM_CORE=0   -c gribputpds.c
icc: remark #10441: The Intel(R) C++ Compiler Classic (ICC) is deprecated and will be removed from product release in the second half of 2023. The Intel(R) oneAPI DPC++/C++ Compiler (ICX) is the recommended compiler moving forward. Please transition to use this compiler. Use '-diag-disable=10441' to disable this message.
icc: remark #10441: The Intel(R) C++ Compiler Classic (ICC) is deprecated and will be removed from product release in the second half of 2023. The Intel(R) oneAPI DPC++/C++ Compiler (ICX) is the recommended compiler moving forward. Please transition to use this compiler. Use '-diag-disable=10441' to disable this message.
icc  -I. -w -O3 -ip -DRPC_TYPES=2  -DDM_PARALLEL -DLANDREAD_STUB=1 -DMAX_HISTORY=25 -DNMM_CORE=0   -c hdr_print.c
icc  -I. -w -O3 -ip -DRPC_TYPES=2  -DDM_PARALLEL -DLANDREAD_STUB=1 -DMAX_HISTORY=25 -DNMM_CORE=0   -c init_dec_struct.c
icc: remark #10441: The Intel(R) C++ Compiler Classic (ICC) is deprecated and will be removed from product release in the second half of 2023. The Intel(R) oneAPI DPC++/C++ Compiler (ICX) is the recommended compiler moving forward. Please transition to use this compiler. Use '-diag-disable=10441' to disable this message.
icc: remark #10441: The Intel(R) C++ Compiler Classic (ICC) is deprecated and will be removed from product release in the second half of 2023. The Intel(R) oneAPI DPC++/C++ Compiler (ICX) is the recommended compiler moving forward. Please transition to use this compiler. Use '-diag-disable=10441' to disable this message.
icc  -I. -w -O3 -ip -DRPC_TYPES=2  -DDM_PARALLEL -DLANDREAD_STUB=1 -DMAX_HISTORY=25 -DNMM_CORE=0   -c init_enc_struct.c
icc  -I. -w -O3 -ip -DRPC_TYPES=2  -DDM_PARALLEL -DLANDREAD_STUB=1 -DMAX_HISTORY=25 -DNMM_CORE=0   -c init_gribhdr.c
icc: remark #10441: The Intel(R) C++ Compiler Classic (ICC) is deprecated and will be removed from product release in the second half of 2023. The Intel(R) oneAPI DPC++/C++ Compiler (ICX) is the recommended compiler moving forward. Please transition to use this compiler. Use '-diag-disable=10441' to disable this message.
icc: remark #10441: The Intel(R) C++ Compiler Classic (ICC) is deprecated and will be removed from product release in the second half of 2023. The Intel(R) oneAPI DPC++/C++ Compiler (ICX) is the recommended compiler moving forward. Please transition to use this compiler. Use '-diag-disable=10441' to disable this message.
icc  -I. -w -O3 -ip -DRPC_TYPES=2  -DDM_PARALLEL -DLANDREAD_STUB=1 -DMAX_HISTORY=25 -DNMM_CORE=0   -c init_struct.c
icc  -I. -w -O3 -ip -DRPC_TYPES=2  -DDM_PARALLEL -DLANDREAD_STUB=1 -DMAX_HISTORY=25 -DNMM_CORE=0   -c ld_dec_lookup.c
icc: remark #10441: The Intel(R) C++ Compiler Classic (ICC) is deprecated and will be removed from product release in the second half of 2023. The Intel(R) oneAPI DPC++/C++ Compiler (ICX) is the recommended compiler moving forward. Please transition to use this compiler. Use '-diag-disable=10441' to disable this message.
icc: remark #10441: The Intel(R) C++ Compiler Classic (ICC) is deprecated and will be removed from product release in the second half of 2023. The Intel(R) oneAPI DPC++/C++ Compiler (ICX) is the recommended compiler moving forward. Please transition to use this compiler. Use '-diag-disable=10441' to disable this message.
icc  -I. -w -O3 -ip -DRPC_TYPES=2  -DDM_PARALLEL -DLANDREAD_STUB=1 -DMAX_HISTORY=25 -DNMM_CORE=0   -c ld_enc_input.c
icc: remark #10441: The Intel(R) C++ Compiler Classic (ICC) is deprecated and will be removed from product release in the second half of 2023. The Intel(R) oneAPI DPC++/C++ Compiler (ICX) is the recommended compiler moving forward. Please transition to use this compiler. Use '-diag-disable=10441' to disable this message.
icc  -I. -w -O3 -ip -DRPC_TYPES=2  -DDM_PARALLEL -DLANDREAD_STUB=1 -DMAX_HISTORY=25 -DNMM_CORE=0   -c ld_enc_lookup.c
icc  -I. -w -O3 -ip -DRPC_TYPES=2  -DDM_PARALLEL -DLANDREAD_STUB=1 -DMAX_HISTORY=25 -DNMM_CORE=0   -c ld_grib_origctrs.c
icc: remark #10441: The Intel(R) C++ Compiler Classic (ICC) is deprecated and will be removed from product release in the second half of 2023. The Intel(R) oneAPI DPC++/C++ Compiler (ICX) is the recommended compiler moving forward. Please transition to use this compiler. Use '-diag-disable=10441' to disable this message.
icc: remark #10441: The Intel(R) C++ Compiler Classic (ICC) is deprecated and will be removed from product release in the second half of 2023. The Intel(R) oneAPI DPC++/C++ Compiler (ICX) is the recommended compiler moving forward. Please transition to use this compiler. Use '-diag-disable=10441' to disable this message.
icc  -I. -w -O3 -ip -DRPC_TYPES=2  -DDM_PARALLEL -DLANDREAD_STUB=1 -DMAX_HISTORY=25 -DNMM_CORE=0   -c make_default_grbfn.c
icc  -I. -w -O3 -ip -DRPC_TYPES=2  -DDM_PARALLEL -DLANDREAD_STUB=1 -DMAX_HISTORY=25 -DNMM_CORE=0   -c make_grib_log.c
icc: remark #10441: The Intel(R) C++ Compiler Classic (ICC) is deprecated and will be removed from product release in the second half of 2023. The Intel(R) oneAPI DPC++/C++ Compiler (ICX) is the recommended compiler moving forward. Please transition to use this compiler. Use '-diag-disable=10441' to disable this message.
icc: remark #10441: The Intel(R) C++ Compiler Classic (ICC) is deprecated and will be removed from product release in the second half of 2023. The Intel(R) oneAPI DPC++/C++ Compiler (ICX) is the recommended compiler moving forward. Please transition to use this compiler. Use '-diag-disable=10441' to disable this message.
icc  -I. -w -O3 -ip -DRPC_TYPES=2  -DDM_PARALLEL -DLANDREAD_STUB=1 -DMAX_HISTORY=25 -DNMM_CORE=0   -c map_lvl.c
icc  -I. -w -O3 -ip -DRPC_TYPES=2  -DDM_PARALLEL -DLANDREAD_STUB=1 -DMAX_HISTORY=25 -DNMM_CORE=0   -c map_parm.c
icc: remark #10441: The Intel(R) C++ Compiler Classic (ICC) is deprecated and will be removed from product release in the second half of 2023. The Intel(R) oneAPI DPC++/C++ Compiler (ICX) is the recommended compiler moving forward. Please transition to use this compiler. Use '-diag-disable=10441' to disable this message.
icc  -I. -w -O3 -ip -DRPC_TYPES=2  -DDM_PARALLEL -DLANDREAD_STUB=1 -DMAX_HISTORY=25 -DNMM_CORE=0   -c pack_spatial.c
icc: remark #10441: The Intel(R) C++ Compiler Classic (ICC) is deprecated and will be removed from product release in the second half of 2023. The Intel(R) oneAPI DPC++/C++ Compiler (ICX) is the recommended compiler moving forward. Please transition to use this compiler. Use '-diag-disable=10441' to disable this message.
icc  -I. -w -O3 -ip -DRPC_TYPES=2  -DDM_PARALLEL -DLANDREAD_STUB=1 -DMAX_HISTORY=25 -DNMM_CORE=0   -c prt_inp_struct.c
icc: remark #10441: The Intel(R) C++ Compiler Classic (ICC) is deprecated and will be removed from product release in the second half of 2023. The Intel(R) oneAPI DPC++/C++ Compiler (ICX) is the recommended compiler moving forward. Please transition to use this compiler. Use '-diag-disable=10441' to disable this message.
icc: remark #10441: The Intel(R) C++ Compiler Classic (ICC) is deprecated and will be removed from product release in the second half of 2023. The Intel(R) oneAPI DPC++/C++ Compiler (ICX) is the recommended compiler moving forward. Please transition to use this compiler. Use '-diag-disable=10441' to disable this message.
icc  -I. -w -O3 -ip -DRPC_TYPES=2  -DDM_PARALLEL -DLANDREAD_STUB=1 -DMAX_HISTORY=25 -DNMM_CORE=0   -c upd_child_errmsg.c
icc: remark #10441: The Intel(R) C++ Compiler Classic (ICC) is deprecated and will be removed from product release in the second half of 2023. The Intel(R) oneAPI DPC++/C++ Compiler (ICX) is the recommended compiler moving forward. Please transition to use this compiler. Use '-diag-disable=10441' to disable this message.
icc  -I. -w -O3 -ip -DRPC_TYPES=2  -DDM_PARALLEL -DLANDREAD_STUB=1 -DMAX_HISTORY=25 -DNMM_CORE=0   -c prt_badmsg.c
icc  -I. -w -O3 -ip -DRPC_TYPES=2  -DDM_PARALLEL -DLANDREAD_STUB=1 -DMAX_HISTORY=25 -DNMM_CORE=0   -c swap.c
icc: remark #10441: The Intel(R) C++ Compiler Classic (ICC) is deprecated and will be removed from product release in the second half of 2023. The Intel(R) oneAPI DPC++/C++ Compiler (ICX) is the recommended compiler moving forward. Please transition to use this compiler. Use '-diag-disable=10441' to disable this message.
icc: remark #10441: The Intel(R) C++ Compiler Classic (ICC) is deprecated and will be removed from product release in the second half of 2023. The Intel(R) oneAPI DPC++/C++ Compiler (ICX) is the recommended compiler moving forward. Please transition to use this compiler. Use '-diag-disable=10441' to disable this message.
icc  -I. -w -O3 -ip -DRPC_TYPES=2  -DDM_PARALLEL -DLANDREAD_STUB=1 -DMAX_HISTORY=25 -DNMM_CORE=0   -c grib_uthin.c
icc  -I. -w -O3 -ip -DRPC_TYPES=2  -DDM_PARALLEL -DLANDREAD_STUB=1 -DMAX_HISTORY=25 -DNMM_CORE=0   -c set_bytes.c
icc: remark #10441: The Intel(R) C++ Compiler Classic (ICC) is deprecated and will be removed from product release in the second half of 2023. The Intel(R) oneAPI DPC++/C++ Compiler (ICX) is the recommended compiler moving forward. Please transition to use this compiler. Use '-diag-disable=10441' to disable this message.
icc: remark #10441: The Intel(R) C++ Compiler Classic (ICC) is deprecated and will be removed from product release in the second half of 2023. The Intel(R) oneAPI DPC++/C++ Compiler (ICX) is the recommended compiler moving forward. Please transition to use this compiler. Use '-diag-disable=10441' to disable this message.
ar ru ../libio_grib1.a FTP_getfile.o apply_bitmap.o display_gribhdr.o gbyte.o grib_dec.o grib_enc.o grib_seek.o gribgetbds.o gribgetbms.o gribgetgds.o gribgetpds.o gribhdr2file.o gribputbds.o gribputgds.o gribputpds.o hdr_print.o init_dec_struct.o init_enc_struct.o init_gribhdr.o init_struct.o ld_dec_lookup.o ld_enc_input.o ld_enc_lookup.o ld_grib_origctrs.o make_default_grbfn.o make_grib_log.o map_lvl.o map_parm.o pack_spatial.o prt_inp_struct.o upd_child_errmsg.o prt_badmsg.o swap.o grib_uthin.o set_bytes.o
ar: creating ../libio_grib1.a
ranlib ../libio_grib1.a
make[5]: Leaving directory '/glade/derecho/scratch/yates/NEOM_WRF/wrfv4.6.0/external/io_grib1/MEL_grib1'
make[4]: Leaving directory '/glade/derecho/scratch/yates/NEOM_WRF/wrfv4.6.0/external/io_grib1/MEL_grib1'
        Doing make archive on library subdirectory grib1_util
make[4]: Entering directory '/glade/derecho/scratch/yates/NEOM_WRF/wrfv4.6.0/external/io_grib1/grib1_util'
make[5]: Entering directory '/glade/derecho/scratch/yates/NEOM_WRF/wrfv4.6.0/external/io_grib1/grib1_util'
icc  -I. -I../MEL_grib1 -w -O3 -ip -DRPC_TYPES=2  -DDM_PARALLEL -DLANDREAD_STUB=1 -DMAX_HISTORY=25 -DNMM_CORE=0   -c alloc_2d.c
icc  -I. -I../MEL_grib1 -w -O3 -ip -DRPC_TYPES=2  -DDM_PARALLEL -DLANDREAD_STUB=1 -DMAX_HISTORY=25 -DNMM_CORE=0   -c read_grib.c
icc: remark #10441: The Intel(R) C++ Compiler Classic (ICC) is deprecated and will be removed from product release in the second half of 2023. The Intel(R) oneAPI DPC++/C++ Compiler (ICX) is the recommended compiler moving forward. Please transition to use this compiler. Use '-diag-disable=10441' to disable this message.
icc: remark #10441: The Intel(R) C++ Compiler Classic (ICC) is deprecated and will be removed from product release in the second half of 2023. The Intel(R) oneAPI DPC++/C++ Compiler (ICX) is the recommended compiler moving forward. Please transition to use this compiler. Use '-diag-disable=10441' to disable this message.
icc  -I. -I../MEL_grib1 -w -O3 -ip -DRPC_TYPES=2  -DDM_PARALLEL -DLANDREAD_STUB=1 -DMAX_HISTORY=25 -DNMM_CORE=0   -c write_grib.c
icc: remark #10441: The Intel(R) C++ Compiler Classic (ICC) is deprecated and will be removed from product release in the second half of 2023. The Intel(R) oneAPI DPC++/C++ Compiler (ICX) is the recommended compiler moving forward. Please transition to use this compiler. Use '-diag-disable=10441' to disable this message.
ar ru ../libio_grib1.a alloc_2d.o read_grib.o write_grib.o
ranlib ../libio_grib1.a
make[5]: Leaving directory '/glade/derecho/scratch/yates/NEOM_WRF/wrfv4.6.0/external/io_grib1/grib1_util'
make[4]: Leaving directory '/glade/derecho/scratch/yates/NEOM_WRF/wrfv4.6.0/external/io_grib1/grib1_util'
        Doing make archive on library subdirectory WGRIB
make[4]: Entering directory '/glade/derecho/scratch/yates/NEOM_WRF/wrfv4.6.0/external/io_grib1/WGRIB'
icc -c -O wgrib_main.c
icc -c -O seekgrib.c
icc: remark #10441: The Intel(R) C++ Compiler Classic (ICC) is deprecated and will be removed from product release in the second half of 2023. The Intel(R) oneAPI DPC++/C++ Compiler (ICX) is the recommended compiler moving forward. Please transition to use this compiler. Use '-diag-disable=10441' to disable this message.
icc: remark #10441: The Intel(R) C++ Compiler Classic (ICC) is deprecated and will be removed from product release in the second half of 2023. The Intel(R) oneAPI DPC++/C++ Compiler (ICX) is the recommended compiler moving forward. Please transition to use this compiler. Use '-diag-disable=10441' to disable this message.
icc -c -O ibm2flt.c
icc: remark #10441: The Intel(R) C++ Compiler Classic (ICC) is deprecated and will be removed from product release in the second half of 2023. The Intel(R) oneAPI DPC++/C++ Compiler (ICX) is the recommended compiler moving forward. Please transition to use this compiler. Use '-diag-disable=10441' to disable this message.
icc -c -O readgrib.c
icc -c -O intpower.c
icc: remark #10441: The Intel(R) C++ Compiler Classic (ICC) is deprecated and will be removed from product release in the second half of 2023. The Intel(R) oneAPI DPC++/C++ Compiler (ICX) is the recommended compiler moving forward. Please transition to use this compiler. Use '-diag-disable=10441' to disable this message.
icc: remark #10441: The Intel(R) C++ Compiler Classic (ICC) is deprecated and will be removed from product release in the second half of 2023. The Intel(R) oneAPI DPC++/C++ Compiler (ICX) is the recommended compiler moving forward. Please transition to use this compiler. Use '-diag-disable=10441' to disable this message.
icc -c -O cnames.c
icc -c -O BDSunpk.c
icc: remark #10441: The Intel(R) C++ Compiler Classic (ICC) is deprecated and will be removed from product release in the second half of 2023. The Intel(R) oneAPI DPC++/C++ Compiler (ICX) is the recommended compiler moving forward. Please transition to use this compiler. Use '-diag-disable=10441' to disable this message.
icc: remark #10441: The Intel(R) C++ Compiler Classic (ICC) is deprecated and will be removed from product release in the second half of 2023. The Intel(R) oneAPI DPC++/C++ Compiler (ICX) is the recommended compiler moving forward. Please transition to use this compiler. Use '-diag-disable=10441' to disable this message.
icc -c -O flt2ieee.c
icc -c -O wrtieee.c
icc: remark #10441: The Intel(R) C++ Compiler Classic (ICC) is deprecated and will be removed from product release in the second half of 2023. The Intel(R) oneAPI DPC++/C++ Compiler (ICX) is the recommended compiler moving forward. Please transition to use this compiler. Use '-diag-disable=10441' to disable this message.
icc: remark #10441: The Intel(R) C++ Compiler Classic (ICC) is deprecated and will be removed from product release in the second half of 2023. The Intel(R) oneAPI DPC++/C++ Compiler (ICX) is the recommended compiler moving forward. Please transition to use this compiler. Use '-diag-disable=10441' to disable this message.
icc -c -O levels.c
icc -c -O PDStimes.c
icc: remark #10441: The Intel(R) C++ Compiler Classic (ICC) is deprecated and will be removed from product release in the second half of 2023. The Intel(R) oneAPI DPC++/C++ Compiler (ICX) is the recommended compiler moving forward. Please transition to use this compiler. Use '-diag-disable=10441' to disable this message.
icc: remark #10441: The Intel(R) C++ Compiler Classic (ICC) is deprecated and will be removed from product release in the second half of 2023. The Intel(R) oneAPI DPC++/C++ Compiler (ICX) is the recommended compiler moving forward. Please transition to use this compiler. Use '-diag-disable=10441' to disable this message.
icc -c -O missing.c
icc -c -O nceptable_reanal.c
icc: remark #10441: The Intel(R) C++ Compiler Classic (ICC) is deprecated and will be removed from product release in the second half of 2023. The Intel(R) oneAPI DPC++/C++ Compiler (ICX) is the recommended compiler moving forward. Please transition to use this compiler. Use '-diag-disable=10441' to disable this message.
icc: remark #10441: The Intel(R) C++ Compiler Classic (ICC) is deprecated and will be removed from product release in the second half of 2023. The Intel(R) oneAPI DPC++/C++ Compiler (ICX) is the recommended compiler moving forward. Please transition to use this compiler. Use '-diag-disable=10441' to disable this message.
icc -c -O nceptable_opn.c
icc -c -O ensemble.c
icc: remark #10441: The Intel(R) C++ Compiler Classic (ICC) is deprecated and will be removed from product release in the second half of 2023. The Intel(R) oneAPI DPC++/C++ Compiler (ICX) is the recommended compiler moving forward. Please transition to use this compiler. Use '-diag-disable=10441' to disable this message.
icc: remark #10441: The Intel(R) C++ Compiler Classic (ICC) is deprecated and will be removed from product release in the second half of 2023. The Intel(R) oneAPI DPC++/C++ Compiler (ICX) is the recommended compiler moving forward. Please transition to use this compiler. Use '-diag-disable=10441' to disable this message.
icc -c -O ombtable.c
icc -c -O ec_ext.c
icc: remark #10441: The Intel(R) C++ Compiler Classic (ICC) is deprecated and will be removed from product release in the second half of 2023. The Intel(R) oneAPI DPC++/C++ Compiler (ICX) is the recommended compiler moving forward. Please transition to use this compiler. Use '-diag-disable=10441' to disable this message.
icc -c -O gribtable.c
icc: remark #10441: The Intel(R) C++ Compiler Classic (ICC) is deprecated and will be removed from product release in the second half of 2023. The Intel(R) oneAPI DPC++/C++ Compiler (ICX) is the recommended compiler moving forward. Please transition to use this compiler. Use '-diag-disable=10441' to disable this message.
icc -c -O gds_grid.c
icc: remark #10441: The Intel(R) C++ Compiler Classic (ICC) is deprecated and will be removed from product release in the second half of 2023. The Intel(R) oneAPI DPC++/C++ Compiler (ICX) is the recommended compiler moving forward. Please transition to use this compiler. Use '-diag-disable=10441' to disable this message.
icc: remark #10441: The Intel(R) C++ Compiler Classic (ICC) is deprecated and will be removed from product release in the second half of 2023. The Intel(R) oneAPI DPC++/C++ Compiler (ICX) is the recommended compiler moving forward. Please transition to use this compiler. Use '-diag-disable=10441' to disable this message.
icc -c -O PDS_date.c
icc -c -O ectable_128.c
icc: remark #10441: The Intel(R) C++ Compiler Classic (ICC) is deprecated and will be removed from product release in the second half of 2023. The Intel(R) oneAPI DPC++/C++ Compiler (ICX) is the recommended compiler moving forward. Please transition to use this compiler. Use '-diag-disable=10441' to disable this message.
icc: remark #10441: The Intel(R) C++ Compiler Classic (ICC) is deprecated and will be removed from product release in the second half of 2023. The Intel(R) oneAPI DPC++/C++ Compiler (ICX) is the recommended compiler moving forward. Please transition to use this compiler. Use '-diag-disable=10441' to disable this message.
icc -c -O ectable_129.c
icc -c -O ectable_130.c
icc: remark #10441: The Intel(R) C++ Compiler Classic (ICC) is deprecated and will be removed from product release in the second half of 2023. The Intel(R) oneAPI DPC++/C++ Compiler (ICX) is the recommended compiler moving forward. Please transition to use this compiler. Use '-diag-disable=10441' to disable this message.
icc: remark #10441: The Intel(R) C++ Compiler Classic (ICC) is deprecated and will be removed from product release in the second half of 2023. The Intel(R) oneAPI DPC++/C++ Compiler (ICX) is the recommended compiler moving forward. Please transition to use this compiler. Use '-diag-disable=10441' to disable this message.
icc -c -O ectable_131.c
icc -c -O ectable_140.c
icc: remark #10441: The Intel(R) C++ Compiler Classic (ICC) is deprecated and will be removed from product release in the second half of 2023. The Intel(R) oneAPI DPC++/C++ Compiler (ICX) is the recommended compiler moving forward. Please transition to use this compiler. Use '-diag-disable=10441' to disable this message.
icc: remark #10441: The Intel(R) C++ Compiler Classic (ICC) is deprecated and will be removed from product release in the second half of 2023. The Intel(R) oneAPI DPC++/C++ Compiler (ICX) is the recommended compiler moving forward. Please transition to use this compiler. Use '-diag-disable=10441' to disable this message.
icc -c -O ectable_150.c
icc -c -O ectable_151.c
icc: remark #10441: The Intel(R) C++ Compiler Classic (ICC) is deprecated and will be removed from product release in the second half of 2023. The Intel(R) oneAPI DPC++/C++ Compiler (ICX) is the recommended compiler moving forward. Please transition to use this compiler. Use '-diag-disable=10441' to disable this message.
icc: remark #10441: The Intel(R) C++ Compiler Classic (ICC) is deprecated and will be removed from product release in the second half of 2023. The Intel(R) oneAPI DPC++/C++ Compiler (ICX) is the recommended compiler moving forward. Please transition to use this compiler. Use '-diag-disable=10441' to disable this message.
icc -c -O ectable_160.c
icc -c -O ectable_170.c
icc: remark #10441: The Intel(R) C++ Compiler Classic (ICC) is deprecated and will be removed from product release in the second half of 2023. The Intel(R) oneAPI DPC++/C++ Compiler (ICX) is the recommended compiler moving forward. Please transition to use this compiler. Use '-diag-disable=10441' to disable this message.
icc: remark #10441: The Intel(R) C++ Compiler Classic (ICC) is deprecated and will be removed from product release in the second half of 2023. The Intel(R) oneAPI DPC++/C++ Compiler (ICX) is the recommended compiler moving forward. Please transition to use this compiler. Use '-diag-disable=10441' to disable this message.
icc -c -O ectable_180.c
icc -c -O nceptab_129.c
icc: remark #10441: The Intel(R) C++ Compiler Classic (ICC) is deprecated and will be removed from product release in the second half of 2023. The Intel(R) oneAPI DPC++/C++ Compiler (ICX) is the recommended compiler moving forward. Please transition to use this compiler. Use '-diag-disable=10441' to disable this message.
icc: remark #10441: The Intel(R) C++ Compiler Classic (ICC) is deprecated and will be removed from product release in the second half of 2023. The Intel(R) oneAPI DPC++/C++ Compiler (ICX) is the recommended compiler moving forward. Please transition to use this compiler. Use '-diag-disable=10441' to disable this message.
icc -c -O dwdtable_002.c
icc -c -O dwdtable_201.c
icc: remark #10441: The Intel(R) C++ Compiler Classic (ICC) is deprecated and will be removed from product release in the second half of 2023. The Intel(R) oneAPI DPC++/C++ Compiler (ICX) is the recommended compiler moving forward. Please transition to use this compiler. Use '-diag-disable=10441' to disable this message.
icc: remark #10441: The Intel(R) C++ Compiler Classic (ICC) is deprecated and will be removed from product release in the second half of 2023. The Intel(R) oneAPI DPC++/C++ Compiler (ICX) is the recommended compiler moving forward. Please transition to use this compiler. Use '-diag-disable=10441' to disable this message.
icc -c -O dwdtable_202.c
icc -c -O dwdtable_203.c
icc: remark #10441: The Intel(R) C++ Compiler Classic (ICC) is deprecated and will be removed from product release in the second half of 2023. The Intel(R) oneAPI DPC++/C++ Compiler (ICX) is the recommended compiler moving forward. Please transition to use this compiler. Use '-diag-disable=10441' to disable this message.
icc: remark #10441: The Intel(R) C++ Compiler Classic (ICC) is deprecated and will be removed from product release in the second half of 2023. The Intel(R) oneAPI DPC++/C++ Compiler (ICX) is the recommended compiler moving forward. Please transition to use this compiler. Use '-diag-disable=10441' to disable this message.
icc -c -O cptectable_254.c
icc -c -O nceptab_130.c
icc: remark #10441: The Intel(R) C++ Compiler Classic (ICC) is deprecated and will be removed from product release in the second half of 2023. The Intel(R) oneAPI DPC++/C++ Compiler (ICX) is the recommended compiler moving forward. Please transition to use this compiler. Use '-diag-disable=10441' to disable this message.
icc: remark #10441: The Intel(R) C++ Compiler Classic (ICC) is deprecated and will be removed from product release in the second half of 2023. The Intel(R) oneAPI DPC++/C++ Compiler (ICX) is the recommended compiler moving forward. Please transition to use this compiler. Use '-diag-disable=10441' to disable this message.
icc -c -O nceptab_131.c
icc: remark #10441: The Intel(R) C++ Compiler Classic (ICC) is deprecated and will be removed from product release in the second half of 2023. The Intel(R) oneAPI DPC++/C++ Compiler (ICX) is the recommended compiler moving forward. Please transition to use this compiler. Use '-diag-disable=10441' to disable this message.
icc -o wgrib.exe wgrib_main.o seekgrib.o ibm2flt.o readgrib.o intpower.o cnames.o BDSunpk.o flt2ieee.o wrtieee.o levels.o PDStimes.o missing.o nceptable_reanal.o nceptable_opn.o ensemble.o ombtable.o ec_ext.o gribtable.o gds_grid.o PDS_date.o ectable_128.o ectable_129.o ectable_130.o ectable_131.o ectable_140.o ectable_150.o ectable_151.o ectable_160.o ectable_170.o ectable_180.o nceptab_129.o dwdtable_002.o dwdtable_201.o dwdtable_202.o dwdtable_203.o cptectable_254.o nceptab_130.o nceptab_131.o #-lm
icc: remark #10441: The Intel(R) C++ Compiler Classic (ICC) is deprecated and will be removed from product release in the second half of 2023. The Intel(R) oneAPI DPC++/C++ Compiler (ICX) is the recommended compiler moving forward. Please transition to use this compiler. Use '-diag-disable=10441' to disable this message.
( cd .. ; \rm -f wgrib.exe ; \ln -sf WGRIB/wgrib.exe wgrib.exe ; cd WGRIB )
make[4]: Leaving directory '/glade/derecho/scratch/yates/NEOM_WRF/wrfv4.6.0/external/io_grib1/WGRIB'
make[4]: Entering directory '/glade/derecho/scratch/yates/NEOM_WRF/wrfv4.6.0/external/io_grib1'
icc  -I. -I./MEL_grib1 -Igrib1_util -I../io_grib_share -I../ -I../ioapi_share -w -O3 -ip -DRPC_TYPES=2  -DDM_PARALLEL -DLANDREAD_STUB=1 -DMAX_HISTORY=25 -DNMM_CORE=0   -c grib1_routines.c
icc  -I. -I./MEL_grib1 -Igrib1_util -I../io_grib_share -I../ -I../ioapi_share -w -O3 -ip -DRPC_TYPES=2  -DDM_PARALLEL -DLANDREAD_STUB=1 -DMAX_HISTORY=25 -DNMM_CORE=0   -c gribmap.c
icc: remark #10441: The Intel(R) C++ Compiler Classic (ICC) is deprecated and will be removed from product release in the second half of 2023. The Intel(R) oneAPI DPC++/C++ Compiler (ICX) is the recommended compiler moving forward. Please transition to use this compiler. Use '-diag-disable=10441' to disable this message.
icc: remark #10441: The Intel(R) C++ Compiler Classic (ICC) is deprecated and will be removed from product release in the second half of 2023. The Intel(R) oneAPI DPC++/C++ Compiler (ICX) is the recommended compiler moving forward. Please transition to use this compiler. Use '-diag-disable=10441' to disable this message.
rm -f io_grib1.o
/lib/cpp -P -nostdinc  -traditional-cpp -DUSE_NETCDF4_FEATURES -DWRFIO_NCD_LARGE_FILE_SUPPORT  -I. -I./MEL_grib1 -Igrib1_util -I../io_grib_share -I../ -I../ioapi_share io_grib1.F > io_grib1.f90
ifort -real-size 32 -i4 -I.  -ip -fp-model precise -w -ftz -align all -fno-alias -FR -convert big_endian      -I. -I./MEL_grib1 -Igrib1_util -I../io_grib_share -I../ -I../ioapi_share     -c io_grib1.f90
icc  -I. -I./MEL_grib1 -Igrib1_util -I../io_grib_share -I../ -I../ioapi_share -w -O3 -ip -DRPC_TYPES=2  -DDM_PARALLEL -DLANDREAD_STUB=1 -DMAX_HISTORY=25 -DNMM_CORE=0   -c trim.c
icc: remark #10441: The Intel(R) C++ Compiler Classic (ICC) is deprecated and will be removed from product release in the second half of 2023. The Intel(R) oneAPI DPC++/C++ Compiler (ICX) is the recommended compiler moving forward. Please transition to use this compiler. Use '-diag-disable=10441' to disable this message.
ar ru ./libio_grib1.a grib1_routines.o gribmap.o io_grib1.o trim.o
ranlib ./libio_grib1.a
make[4]: Leaving directory '/glade/derecho/scratch/yates/NEOM_WRF/wrfv4.6.0/external/io_grib1'
make[3]: Leaving directory '/glade/derecho/scratch/yates/NEOM_WRF/wrfv4.6.0/external/io_grib1'
( cd /glade/derecho/scratch/yates/NEOM_WRF/wrfv4.6.0/external/io_int ; \
          make -j 2 CC="mpicc  -DFSEEKO64_OK " CFLAGS_LOCAL="-w -O3 -ip -DRPC_TYPES=2 " RM="rm -f" RANLIB="ranlib" CPP="/lib/cpp -P -nostdinc" \
          FC="time mpif90 -f90=ifort -real-size `expr 8 \* 4` -i4  -ip -fp-model precise -w -ftz -align all -fno-alias -FR -convert big_endian   " FGREP="fgrep -iq" \
          TRADFLAG="-traditional-cpp -DUSE_NETCDF4_FEATURES -DWRFIO_NCD_LARGE_FILE_SUPPORT" AR="ar" ARFLAGS="ru" ARCHFLAGS="-DEM_CORE=1 -DNMM_CORE=0 -DNMM_MAX_DIM=2600 -DDA_CORE=0 -DWRFPLUS=0 -DIWORDSIZE=4 -DDWORDSIZE=8 -DRWORDSIZE=4 -DLWORDSIZE=4 -DNONSTANDARD_SYSTEM_FUNC  -DWRF_USE_CLM -DUSE_NETCDF4_FEATURES -DWRFIO_NCD_LARGE_FILE_SUPPORT  -DDM_PARALLEL -DNETCDF -DLANDREAD_STUB=1 -DUSE_ALLOCATABLES -Dwrfmodel -DGRIB1 -DINTIO -DKEEP_INT_AROUND -DLIMIT_ARGS -DBUILD_RRTMG_FAST=0 -DBUILD_RRTMK=0 -DBUILD_SBM_FAST=1 -DSHOW_ALL_VARS_USED=0 -DCONFIG_BUF_LEN=65536 -DMAX_DOMAINS_F=21 -DMAX_HISTORY=25 -DNMM_NEST=0" all )
make[3]: Entering directory '/glade/derecho/scratch/yates/NEOM_WRF/wrfv4.6.0/external/io_int'
rm -f module_internal_header_util.f
mpicc  -DFSEEKO64_OK  -I../../inc -o io_int_idx.o -c -w -O3 -ip -DRPC_TYPES=2  io_int_idx.c
cp ../../frame/module_internal_header_util.F mod_int_hdr_util.b
/lib/cpp -P -nostdinc -traditional-cpp -DUSE_NETCDF4_FEATURES -DWRFIO_NCD_LARGE_FILE_SUPPORT -DEM_CORE=1 -DNMM_CORE=0 -DNMM_MAX_DIM=2600 -DDA_CORE=0 -DWRFPLUS=0 -DIWORDSIZE=4 -DDWORDSIZE=8 -DRWORDSIZE=4 -DLWORDSIZE=4 -DNONSTANDARD_SYSTEM_FUNC  -DWRF_USE_CLM -DUSE_NETCDF4_FEATURES -DWRFIO_NCD_LARGE_FILE_SUPPORT  -DDM_PARALLEL -DNETCDF -DLANDREAD_STUB=1 -DUSE_ALLOCATABLES -Dwrfmodel -DGRIB1 -DINTIO -DKEEP_INT_AROUND -DLIMIT_ARGS -DBUILD_RRTMG_FAST=0 -DBUILD_RRTMK=0 -DBUILD_SBM_FAST=1 -DSHOW_ALL_VARS_USED=0 -DCONFIG_BUF_LEN=65536 -DMAX_DOMAINS_F=21 -DMAX_HISTORY=25 -DNMM_NEST=0 -I../../inc -I../ioapi_share mod_int_hdr_util.b > module_internal_header_util.f
rm -f mod_int_hdr_util.b
/lib/cpp -P -nostdinc -traditional-cpp -DUSE_NETCDF4_FEATURES -DWRFIO_NCD_LARGE_FILE_SUPPORT -DEM_CORE=1 -DNMM_CORE=0 -DNMM_MAX_DIM=2600 -DDA_CORE=0 -DWRFPLUS=0 -DIWORDSIZE=4 -DDWORDSIZE=8 -DRWORDSIZE=4 -DLWORDSIZE=4 -DNONSTANDARD_SYSTEM_FUNC  -DWRF_USE_CLM -DUSE_NETCDF4_FEATURES -DWRFIO_NCD_LARGE_FILE_SUPPORT  -DDM_PARALLEL -DNETCDF -DLANDREAD_STUB=1 -DUSE_ALLOCATABLES -Dwrfmodel -DGRIB1 -DINTIO -DKEEP_INT_AROUND -DLIMIT_ARGS -DBUILD_RRTMG_FAST=0 -DBUILD_RRTMK=0 -DBUILD_SBM_FAST=1 -DSHOW_ALL_VARS_USED=0 -DCONFIG_BUF_LEN=65536 -DMAX_DOMAINS_F=21 -DMAX_HISTORY=25 -DNMM_NEST=0 module_io_int_idx.F90 > module_io_int_idx.f
/lib/cpp -P -nostdinc -traditional-cpp -DUSE_NETCDF4_FEATURES -DWRFIO_NCD_LARGE_FILE_SUPPORT -DEM_CORE=1 -DNMM_CORE=0 -DNMM_MAX_DIM=2600 -DDA_CORE=0 -DWRFPLUS=0 -DIWORDSIZE=4 -DDWORDSIZE=8 -DRWORDSIZE=4 -DLWORDSIZE=4 -DNONSTANDARD_SYSTEM_FUNC  -DWRF_USE_CLM -DUSE_NETCDF4_FEATURES -DWRFIO_NCD_LARGE_FILE_SUPPORT  -DDM_PARALLEL -DNETCDF -DLANDREAD_STUB=1 -DUSE_ALLOCATABLES -Dwrfmodel -DGRIB1 -DINTIO -DKEEP_INT_AROUND -DLIMIT_ARGS -DBUILD_RRTMG_FAST=0 -DBUILD_RRTMK=0 -DBUILD_SBM_FAST=1 -DSHOW_ALL_VARS_USED=0 -DCONFIG_BUF_LEN=65536 -DMAX_DOMAINS_F=21 -DMAX_HISTORY=25 -DNMM_NEST=0 -DEM_CORE=1 -DNMM_CORE=0 -DNMM_MAX_DIM=2600 -DDA_CORE=0 -DWRFPLUS=0 -DIWORDSIZE=4 -DDWORDSIZE=8 -DRWORDSIZE=4 -DLWORDSIZE=4 -DNONSTANDARD_SYSTEM_FUNC  -DWRF_USE_CLM -DUSE_NETCDF4_FEATURES -DWRFIO_NCD_LARGE_FILE_SUPPORT  -DDM_PARALLEL -DNETCDF -DLANDREAD_STUB=1 -DUSE_ALLOCATABLES -Dwrfmodel -DGRIB1 -DINTIO -DKEEP_INT_AROUND -DLIMIT_ARGS -DBUILD_RRTMG_FAST=0 -DBUILD_RRTMK=0 -DBUILD_SBM_FAST=1 -DSHOW_ALL_VARS_USED=0 -DCONFIG_BUF_LEN=65536 -DMAX_DOMAINS_F=21 -DMAX_HISTORY=25 -DNMM_NEST=0 module_io_int_read.F90 > module_io_int_read.f
Diffwrf io_int will be built later on in this compile. No need to rerun compile. 
Diffwrf io_int will be built later on in this compile. No need to rerun compile. 
Diffwrf io_int will be built later on in this compile. No need to rerun compile. 
Diffwrf io_int will be built later on in this compile. No need to rerun compile. 
Diffwrf io_int will be built later on in this compile. No need to rerun compile. 
Diffwrf io_int will be built later on in this compile. No need to rerun compile. 
/lib/cpp -P -nostdinc -traditional-cpp -DUSE_NETCDF4_FEATURES -DWRFIO_NCD_LARGE_FILE_SUPPORT -DEM_CORE=1 -DNMM_CORE=0 -DNMM_MAX_DIM=2600 -DDA_CORE=0 -DWRFPLUS=0 -DIWORDSIZE=4 -DDWORDSIZE=8 -DRWORDSIZE=4 -DLWORDSIZE=4 -DNONSTANDARD_SYSTEM_FUNC  -DWRF_USE_CLM -DUSE_NETCDF4_FEATURES -DWRFIO_NCD_LARGE_FILE_SUPPORT  -DDM_PARALLEL -DNETCDF -DLANDREAD_STUB=1 -DUSE_ALLOCATABLES -Dwrfmodel -DGRIB1 -DINTIO -DKEEP_INT_AROUND -DLIMIT_ARGS -DBUILD_RRTMG_FAST=0 -DBUILD_RRTMK=0 -DBUILD_SBM_FAST=1 -DSHOW_ALL_VARS_USED=0 -DCONFIG_BUF_LEN=65536 -DMAX_DOMAINS_F=21 -DMAX_HISTORY=25 -DNMM_NEST=0 test_io_idx.F90 > test_io_idx.f
time mpif90 -f90=ifort -real-size 32 -i4  -ip -fp-model precise -w -ftz -align all -fno-alias -FR -convert big_endian     -o module_internal_header_util.o -c module_internal_header_util.f
time mpif90 -f90=ifort -real-size 32 -i4  -ip -fp-model precise -w -ftz -align all -fno-alias -FR -convert big_endian     -o module_io_int_idx.o -c module_io_int_idx.f
0.10user 0.30system 0:00.42elapsed 93%CPU (0avgtext+0avgdata 47356maxresident)k
0inputs+136outputs (0major+17193minor)pagefaults 0swaps
time mpif90 -f90=ifort -real-size 32 -i4  -ip -fp-model precise -w -ftz -align all -fno-alias -FR -convert big_endian     -I../../frame -o module_io_int_read.o -c module_io_int_read.f
0.67user 0.26system 0:00.96elapsed 97%CPU (0avgtext+0avgdata 59672maxresident)k
0inputs+400outputs (0major+20916minor)pagefaults 0swaps
/lib/cpp -P -nostdinc -traditional-cpp -DUSE_NETCDF4_FEATURES -DWRFIO_NCD_LARGE_FILE_SUPPORT -DEM_CORE=1 -DNMM_CORE=0 -DNMM_MAX_DIM=2600 -DDA_CORE=0 -DWRFPLUS=0 -DIWORDSIZE=4 -DDWORDSIZE=8 -DRWORDSIZE=4 -DLWORDSIZE=4 -DNONSTANDARD_SYSTEM_FUNC  -DWRF_USE_CLM -DUSE_NETCDF4_FEATURES -DWRFIO_NCD_LARGE_FILE_SUPPORT  -DDM_PARALLEL -DNETCDF -DLANDREAD_STUB=1 -DUSE_ALLOCATABLES -Dwrfmodel -DGRIB1 -DINTIO -DKEEP_INT_AROUND -DLIMIT_ARGS -DBUILD_RRTMG_FAST=0 -DBUILD_RRTMK=0 -DBUILD_SBM_FAST=1 -DSHOW_ALL_VARS_USED=0 -DCONFIG_BUF_LEN=65536 -DMAX_DOMAINS_F=21 -DMAX_HISTORY=25 -DNMM_NEST=0  -I../../inc -I../ioapi_share io_int.F90 | m4 -Uinclude -Uindex -Ulen - > io_int.f
time mpif90 -f90=ifort -real-size 32 -i4  -ip -fp-model precise -w -ftz -align all -fno-alias -FR -convert big_endian     -I../../inc -I../ioapi_share -o io_int.o -c io_int.f
0.33user 0.29system 0:00.65elapsed 95%CPU (0avgtext+0avgdata 53300maxresident)k
754inputs+464outputs (0major+18842minor)pagefaults 0swaps
0.50user 0.30system 0:00.83elapsed 96%CPU (0avgtext+0avgdata 59184maxresident)k
0inputs+688outputs (0major+20831minor)pagefaults 0swaps
rm -f libwrfio_int.a
if [ `echo "time mpif90 -f90=ifort -real-size 32 -i4  -ip -fp-model precise -w -ftz -align all -fno-alias -FR -convert big_endian   " | awk '{print $1}'` = "gfortran" ] ; then \
	echo removing external declaration of iargc for gfortran ; \
	/lib/cpp -P -nostdinc -traditional-cpp -DUSE_NETCDF4_FEATURES -DWRFIO_NCD_LARGE_FILE_SUPPORT -DEM_CORE=1 -DNMM_CORE=0 -DNMM_MAX_DIM=2600 -DDA_CORE=0 -DWRFPLUS=0 -DIWORDSIZE=4 -DDWORDSIZE=8 -DRWORDSIZE=4 -DLWORDSIZE=4 -DNONSTANDARD_SYSTEM_FUNC  -DWRF_USE_CLM -DUSE_NETCDF4_FEATURES -DWRFIO_NCD_LARGE_FILE_SUPPORT  -DDM_PARALLEL -DNETCDF -DLANDREAD_STUB=1 -DUSE_ALLOCATABLES -Dwrfmodel -DGRIB1 -DINTIO -DKEEP_INT_AROUND -DLIMIT_ARGS -DBUILD_RRTMG_FAST=0 -DBUILD_RRTMK=0 -DBUILD_SBM_FAST=1 -DSHOW_ALL_VARS_USED=0 -DCONFIG_BUF_LEN=65536 -DMAX_DOMAINS_F=21 -DMAX_HISTORY=25 -DNMM_NEST=0  -I../ioapi_share diffwrf.F90 | \
	sed '/integer *, *external.*iargc/d' > diffwrf.f  ; \
else \
	/lib/cpp -P -nostdinc -traditional-cpp -DUSE_NETCDF4_FEATURES -DWRFIO_NCD_LARGE_FILE_SUPPORT -DEM_CORE=1 -DNMM_CORE=0 -DNMM_MAX_DIM=2600 -DDA_CORE=0 -DWRFPLUS=0 -DIWORDSIZE=4 -DDWORDSIZE=8 -DRWORDSIZE=4 -DLWORDSIZE=4 -DNONSTANDARD_SYSTEM_FUNC  -DWRF_USE_CLM -DUSE_NETCDF4_FEATURES -DWRFIO_NCD_LARGE_FILE_SUPPORT  -DDM_PARALLEL -DNETCDF -DLANDREAD_STUB=1 -DUSE_ALLOCATABLES -Dwrfmodel -DGRIB1 -DINTIO -DKEEP_INT_AROUND -DLIMIT_ARGS -DBUILD_RRTMG_FAST=0 -DBUILD_RRTMK=0 -DBUILD_SBM_FAST=1 -DSHOW_ALL_VARS_USED=0 -DCONFIG_BUF_LEN=65536 -DMAX_DOMAINS_F=21 -DMAX_HISTORY=25 -DNMM_NEST=0  -I../ioapi_share diffwrf.F90 > diffwrf.f  ; \
fi ; \
time mpif90 -f90=ifort -real-size 32 -i4  -ip -fp-model precise -w -ftz -align all -fno-alias -FR -convert big_endian    -c  -I../ioapi_share diffwrf.f ; \

ar ru libwrfio_int.a io_int.o io_int_idx.o module_io_int_idx.o module_io_int_read.o
ar: creating libwrfio_int.a
ranlib libwrfio_int.a
time mpif90 -f90=ifort -real-size 32 -i4  -ip -fp-model precise -w -ftz -align all -fno-alias -FR -convert big_endian      -o test_io_idx test_io_idx.f -L. -lwrfio_int

real	0m0.591s
user	0m0.281s
sys	0m0.285s
if [ -f ../../frame/pack_utils.o -a -f ../../frame/clog.o ] ; then \
  time mpif90 -f90=ifort -real-size 32 -i4  -ip -fp-model precise -w -ftz -align all -fno-alias -FR -convert big_endian      -I../ioapi_share -o diffwrf diffwrf.f \
	../../frame/pack_utils.o ../../frame/module_internal_header_util.o ../../frame/module_driver_constants.o ../../frame/module_machine.o ../../frame/module_wrf_error.o ../../frame/wrf_debug.o  libwrfio_int.a ; \
fi
0.14user 0.47system 0:00.69elapsed 89%CPU (0avgtext+0avgdata 58100maxresident)k
1654inputs+1536outputs (15major+33902minor)pagefaults 0swaps
make[3]: Leaving directory '/glade/derecho/scratch/yates/NEOM_WRF/wrfv4.6.0/external/io_int'
( cd /glade/derecho/scratch/yates/NEOM_WRF/wrfv4.6.0/external/fftpack/fftpack5 ; \
          make -j 2 FC="ifort" FFLAGS="-real-size `expr 8 \* 4` -i4  -ip -fp-model precise -w -ftz -align all -fno-alias -FR -convert big_endian  " RANLIB="ranlib" AR="ar" \
          ARFLAGS="ru" CPP="/lib/cpp -P -nostdinc" CPPFLAGS="-DEM_CORE=1 -DNMM_CORE=0 -DNMM_MAX_DIM=2600 -DDA_CORE=0 -DWRFPLUS=0 -DIWORDSIZE=4 -DDWORDSIZE=8 -DRWORDSIZE=4 -DLWORDSIZE=4 -DNONSTANDARD_SYSTEM_FUNC  -DWRF_USE_CLM -DUSE_NETCDF4_FEATURES -DWRFIO_NCD_LARGE_FILE_SUPPORT  -DDM_PARALLEL -DNETCDF -DLANDREAD_STUB=1 -DUSE_ALLOCATABLES -Dwrfmodel -DGRIB1 -DINTIO -DKEEP_INT_AROUND -DLIMIT_ARGS -DBUILD_RRTMG_FAST=0 -DBUILD_RRTMK=0 -DBUILD_SBM_FAST=1 -DSHOW_ALL_VARS_USED=0 -DCONFIG_BUF_LEN=65536 -DMAX_DOMAINS_F=21 -DMAX_HISTORY=25 -DNMM_NEST=0 -DWRF_CHEM -DBUILD_CHEM=1 -I. -traditional-cpp -DUSE_NETCDF4_FEATURES -DWRFIO_NCD_LARGE_FILE_SUPPORT " RM="rm -f" )
make[3]: Entering directory '/glade/derecho/scratch/yates/NEOM_WRF/wrfv4.6.0/external/fftpack/fftpack5'
/lib/cpp -P -nostdinc -DEM_CORE=1 -DNMM_CORE=0 -DNMM_MAX_DIM=2600 -DDA_CORE=0 -DWRFPLUS=0 -DIWORDSIZE=4 -DDWORDSIZE=8 -DRWORDSIZE=4 -DLWORDSIZE=4 -DNONSTANDARD_SYSTEM_FUNC  -DWRF_USE_CLM -DUSE_NETCDF4_FEATURES -DWRFIO_NCD_LARGE_FILE_SUPPORT  -DDM_PARALLEL -DNETCDF -DLANDREAD_STUB=1 -DUSE_ALLOCATABLES -Dwrfmodel -DGRIB1 -DINTIO -DKEEP_INT_AROUND -DLIMIT_ARGS -DBUILD_RRTMG_FAST=0 -DBUILD_RRTMK=0 -DBUILD_SBM_FAST=1 -DSHOW_ALL_VARS_USED=0 -DCONFIG_BUF_LEN=65536 -DMAX_DOMAINS_F=21 -DMAX_HISTORY=25 -DNMM_NEST=0 -DWRF_CHEM -DBUILD_CHEM=1 -I. -traditional-cpp -DUSE_NETCDF4_FEATURES -DWRFIO_NCD_LARGE_FILE_SUPPORT  c1f2kb.F  > c1f2kb.f90
/lib/cpp -P -nostdinc -DEM_CORE=1 -DNMM_CORE=0 -DNMM_MAX_DIM=2600 -DDA_CORE=0 -DWRFPLUS=0 -DIWORDSIZE=4 -DDWORDSIZE=8 -DRWORDSIZE=4 -DLWORDSIZE=4 -DNONSTANDARD_SYSTEM_FUNC  -DWRF_USE_CLM -DUSE_NETCDF4_FEATURES -DWRFIO_NCD_LARGE_FILE_SUPPORT  -DDM_PARALLEL -DNETCDF -DLANDREAD_STUB=1 -DUSE_ALLOCATABLES -Dwrfmodel -DGRIB1 -DINTIO -DKEEP_INT_AROUND -DLIMIT_ARGS -DBUILD_RRTMG_FAST=0 -DBUILD_RRTMK=0 -DBUILD_SBM_FAST=1 -DSHOW_ALL_VARS_USED=0 -DCONFIG_BUF_LEN=65536 -DMAX_DOMAINS_F=21 -DMAX_HISTORY=25 -DNMM_NEST=0 -DWRF_CHEM -DBUILD_CHEM=1 -I. -traditional-cpp -DUSE_NETCDF4_FEATURES -DWRFIO_NCD_LARGE_FILE_SUPPORT  cfft1b.F  > cfft1b.f90
ifort -c -real-size 32 -i4  -ip -fp-model precise -w -ftz -align all -fno-alias -FR -convert big_endian   cfft1b.f90
ifort -c -real-size 32 -i4  -ip -fp-model precise -w -ftz -align all -fno-alias -FR -convert big_endian   c1f2kb.f90
rm -f -f cfft1b.f90
/lib/cpp -P -nostdinc -DEM_CORE=1 -DNMM_CORE=0 -DNMM_MAX_DIM=2600 -DDA_CORE=0 -DWRFPLUS=0 -DIWORDSIZE=4 -DDWORDSIZE=8 -DRWORDSIZE=4 -DLWORDSIZE=4 -DNONSTANDARD_SYSTEM_FUNC  -DWRF_USE_CLM -DUSE_NETCDF4_FEATURES -DWRFIO_NCD_LARGE_FILE_SUPPORT  -DDM_PARALLEL -DNETCDF -DLANDREAD_STUB=1 -DUSE_ALLOCATABLES -Dwrfmodel -DGRIB1 -DINTIO -DKEEP_INT_AROUND -DLIMIT_ARGS -DBUILD_RRTMG_FAST=0 -DBUILD_RRTMK=0 -DBUILD_SBM_FAST=1 -DSHOW_ALL_VARS_USED=0 -DCONFIG_BUF_LEN=65536 -DMAX_DOMAINS_F=21 -DMAX_HISTORY=25 -DNMM_NEST=0 -DWRF_CHEM -DBUILD_CHEM=1 -I. -traditional-cpp -DUSE_NETCDF4_FEATURES -DWRFIO_NCD_LARGE_FILE_SUPPORT  cmf3kf.F  > cmf3kf.f90
rm -f -f c1f2kb.f90
/lib/cpp -P -nostdinc -DEM_CORE=1 -DNMM_CORE=0 -DNMM_MAX_DIM=2600 -DDA_CORE=0 -DWRFPLUS=0 -DIWORDSIZE=4 -DDWORDSIZE=8 -DRWORDSIZE=4 -DLWORDSIZE=4 -DNONSTANDARD_SYSTEM_FUNC  -DWRF_USE_CLM -DUSE_NETCDF4_FEATURES -DWRFIO_NCD_LARGE_FILE_SUPPORT  -DDM_PARALLEL -DNETCDF -DLANDREAD_STUB=1 -DUSE_ALLOCATABLES -Dwrfmodel -DGRIB1 -DINTIO -DKEEP_INT_AROUND -DLIMIT_ARGS -DBUILD_RRTMG_FAST=0 -DBUILD_RRTMK=0 -DBUILD_SBM_FAST=1 -DSHOW_ALL_VARS_USED=0 -DCONFIG_BUF_LEN=65536 -DMAX_DOMAINS_F=21 -DMAX_HISTORY=25 -DNMM_NEST=0 -DWRF_CHEM -DBUILD_CHEM=1 -I. -traditional-cpp -DUSE_NETCDF4_FEATURES -DWRFIO_NCD_LARGE_FILE_SUPPORT  cosqb1.F  > cosqb1.f90
ifort -c -real-size 32 -i4  -ip -fp-model precise -w -ftz -align all -fno-alias -FR -convert big_endian   cmf3kf.f90
ifort -c -real-size 32 -i4  -ip -fp-model precise -w -ftz -align all -fno-alias -FR -convert big_endian   cosqb1.f90
rm -f -f cosqb1.f90
/lib/cpp -P -nostdinc -DEM_CORE=1 -DNMM_CORE=0 -DNMM_MAX_DIM=2600 -DDA_CORE=0 -DWRFPLUS=0 -DIWORDSIZE=4 -DDWORDSIZE=8 -DRWORDSIZE=4 -DLWORDSIZE=4 -DNONSTANDARD_SYSTEM_FUNC  -DWRF_USE_CLM -DUSE_NETCDF4_FEATURES -DWRFIO_NCD_LARGE_FILE_SUPPORT  -DDM_PARALLEL -DNETCDF -DLANDREAD_STUB=1 -DUSE_ALLOCATABLES -Dwrfmodel -DGRIB1 -DINTIO -DKEEP_INT_AROUND -DLIMIT_ARGS -DBUILD_RRTMG_FAST=0 -DBUILD_RRTMK=0 -DBUILD_SBM_FAST=1 -DSHOW_ALL_VARS_USED=0 -DCONFIG_BUF_LEN=65536 -DMAX_DOMAINS_F=21 -DMAX_HISTORY=25 -DNMM_NEST=0 -DWRF_CHEM -DBUILD_CHEM=1 -I. -traditional-cpp -DUSE_NETCDF4_FEATURES -DWRFIO_NCD_LARGE_FILE_SUPPORT  costmi.F  > costmi.f90
rm -f -f cmf3kf.f90
/lib/cpp -P -nostdinc -DEM_CORE=1 -DNMM_CORE=0 -DNMM_MAX_DIM=2600 -DDA_CORE=0 -DWRFPLUS=0 -DIWORDSIZE=4 -DDWORDSIZE=8 -DRWORDSIZE=4 -DLWORDSIZE=4 -DNONSTANDARD_SYSTEM_FUNC  -DWRF_USE_CLM -DUSE_NETCDF4_FEATURES -DWRFIO_NCD_LARGE_FILE_SUPPORT  -DDM_PARALLEL -DNETCDF -DLANDREAD_STUB=1 -DUSE_ALLOCATABLES -Dwrfmodel -DGRIB1 -DINTIO -DKEEP_INT_AROUND -DLIMIT_ARGS -DBUILD_RRTMG_FAST=0 -DBUILD_RRTMK=0 -DBUILD_SBM_FAST=1 -DSHOW_ALL_VARS_USED=0 -DCONFIG_BUF_LEN=65536 -DMAX_DOMAINS_F=21 -DMAX_HISTORY=25 -DNMM_NEST=0 -DWRF_CHEM -DBUILD_CHEM=1 -I. -traditional-cpp -DUSE_NETCDF4_FEATURES -DWRFIO_NCD_LARGE_FILE_SUPPORT  dcosq1f.F  > dcosq1f.f90
ifort -c -real-size 32 -i4  -ip -fp-model precise -w -ftz -align all -fno-alias -FR -convert big_endian   costmi.f90
ifort -c -real-size 32 -i4  -ip -fp-model precise -w -ftz -align all -fno-alias -FR -convert big_endian   dcosq1f.f90
rm -f -f costmi.f90
/lib/cpp -P -nostdinc -DEM_CORE=1 -DNMM_CORE=0 -DNMM_MAX_DIM=2600 -DDA_CORE=0 -DWRFPLUS=0 -DIWORDSIZE=4 -DDWORDSIZE=8 -DRWORDSIZE=4 -DLWORDSIZE=4 -DNONSTANDARD_SYSTEM_FUNC  -DWRF_USE_CLM -DUSE_NETCDF4_FEATURES -DWRFIO_NCD_LARGE_FILE_SUPPORT  -DDM_PARALLEL -DNETCDF -DLANDREAD_STUB=1 -DUSE_ALLOCATABLES -Dwrfmodel -DGRIB1 -DINTIO -DKEEP_INT_AROUND -DLIMIT_ARGS -DBUILD_RRTMG_FAST=0 -DBUILD_RRTMK=0 -DBUILD_SBM_FAST=1 -DSHOW_ALL_VARS_USED=0 -DCONFIG_BUF_LEN=65536 -DMAX_DOMAINS_F=21 -DMAX_HISTORY=25 -DNMM_NEST=0 -DWRF_CHEM -DBUILD_CHEM=1 -I. -traditional-cpp -DUSE_NETCDF4_FEATURES -DWRFIO_NCD_LARGE_FILE_SUPPORT  dfftb1.F  > dfftb1.f90
rm -f -f dcosq1f.f90
/lib/cpp -P -nostdinc -DEM_CORE=1 -DNMM_CORE=0 -DNMM_MAX_DIM=2600 -DDA_CORE=0 -DWRFPLUS=0 -DIWORDSIZE=4 -DDWORDSIZE=8 -DRWORDSIZE=4 -DLWORDSIZE=4 -DNONSTANDARD_SYSTEM_FUNC  -DWRF_USE_CLM -DUSE_NETCDF4_FEATURES -DWRFIO_NCD_LARGE_FILE_SUPPORT  -DDM_PARALLEL -DNETCDF -DLANDREAD_STUB=1 -DUSE_ALLOCATABLES -Dwrfmodel -DGRIB1 -DINTIO -DKEEP_INT_AROUND -DLIMIT_ARGS -DBUILD_RRTMG_FAST=0 -DBUILD_RRTMK=0 -DBUILD_SBM_FAST=1 -DSHOW_ALL_VARS_USED=0 -DCONFIG_BUF_LEN=65536 -DMAX_DOMAINS_F=21 -DMAX_HISTORY=25 -DNMM_NEST=0 -DWRF_CHEM -DBUILD_CHEM=1 -I. -traditional-cpp -DUSE_NETCDF4_FEATURES -DWRFIO_NCD_LARGE_FILE_SUPPORT  mradb2.F  > mradb2.f90
ifort -c -real-size 32 -i4  -ip -fp-model precise -w -ftz -align all -fno-alias -FR -convert big_endian   dfftb1.f90
ifort -c -real-size 32 -i4  -ip -fp-model precise -w -ftz -align all -fno-alias -FR -convert big_endian   mradb2.f90
rm -f -f dfftb1.f90
/lib/cpp -P -nostdinc -DEM_CORE=1 -DNMM_CORE=0 -DNMM_MAX_DIM=2600 -DDA_CORE=0 -DWRFPLUS=0 -DIWORDSIZE=4 -DDWORDSIZE=8 -DRWORDSIZE=4 -DLWORDSIZE=4 -DNONSTANDARD_SYSTEM_FUNC  -DWRF_USE_CLM -DUSE_NETCDF4_FEATURES -DWRFIO_NCD_LARGE_FILE_SUPPORT  -DDM_PARALLEL -DNETCDF -DLANDREAD_STUB=1 -DUSE_ALLOCATABLES -Dwrfmodel -DGRIB1 -DINTIO -DKEEP_INT_AROUND -DLIMIT_ARGS -DBUILD_RRTMG_FAST=0 -DBUILD_RRTMK=0 -DBUILD_SBM_FAST=1 -DSHOW_ALL_VARS_USED=0 -DCONFIG_BUF_LEN=65536 -DMAX_DOMAINS_F=21 -DMAX_HISTORY=25 -DNMM_NEST=0 -DWRF_CHEM -DBUILD_CHEM=1 -I. -traditional-cpp -DUSE_NETCDF4_FEATURES -DWRFIO_NCD_LARGE_FILE_SUPPORT  mrfti1.F  > mrfti1.f90
rm -f -f mradb2.f90
ifort -c -real-size 32 -i4  -ip -fp-model precise -w -ftz -align all -fno-alias -FR -convert big_endian   mrfti1.f90
/lib/cpp -P -nostdinc -DEM_CORE=1 -DNMM_CORE=0 -DNMM_MAX_DIM=2600 -DDA_CORE=0 -DWRFPLUS=0 -DIWORDSIZE=4 -DDWORDSIZE=8 -DRWORDSIZE=4 -DLWORDSIZE=4 -DNONSTANDARD_SYSTEM_FUNC  -DWRF_USE_CLM -DUSE_NETCDF4_FEATURES -DWRFIO_NCD_LARGE_FILE_SUPPORT  -DDM_PARALLEL -DNETCDF -DLANDREAD_STUB=1 -DUSE_ALLOCATABLES -Dwrfmodel -DGRIB1 -DINTIO -DKEEP_INT_AROUND -DLIMIT_ARGS -DBUILD_RRTMG_FAST=0 -DBUILD_RRTMK=0 -DBUILD_SBM_FAST=1 -DSHOW_ALL_VARS_USED=0 -DCONFIG_BUF_LEN=65536 -DMAX_DOMAINS_F=21 -DMAX_HISTORY=25 -DNMM_NEST=0 -DWRF_CHEM -DBUILD_CHEM=1 -I. -traditional-cpp -DUSE_NETCDF4_FEATURES -DWRFIO_NCD_LARGE_FILE_SUPPORT  r1fgkf.F  > r1fgkf.f90
ifort -c -real-size 32 -i4  -ip -fp-model precise -w -ftz -align all -fno-alias -FR -convert big_endian   r1fgkf.f90
rm -f -f mrfti1.f90
/lib/cpp -P -nostdinc -DEM_CORE=1 -DNMM_CORE=0 -DNMM_MAX_DIM=2600 -DDA_CORE=0 -DWRFPLUS=0 -DIWORDSIZE=4 -DDWORDSIZE=8 -DRWORDSIZE=4 -DLWORDSIZE=4 -DNONSTANDARD_SYSTEM_FUNC  -DWRF_USE_CLM -DUSE_NETCDF4_FEATURES -DWRFIO_NCD_LARGE_FILE_SUPPORT  -DDM_PARALLEL -DNETCDF -DLANDREAD_STUB=1 -DUSE_ALLOCATABLES -Dwrfmodel -DGRIB1 -DINTIO -DKEEP_INT_AROUND -DLIMIT_ARGS -DBUILD_RRTMG_FAST=0 -DBUILD_RRTMK=0 -DBUILD_SBM_FAST=1 -DSHOW_ALL_VARS_USED=0 -DCONFIG_BUF_LEN=65536 -DMAX_DOMAINS_F=21 -DMAX_HISTORY=25 -DNMM_NEST=0 -DWRF_CHEM -DBUILD_CHEM=1 -I. -traditional-cpp -DUSE_NETCDF4_FEATURES -DWRFIO_NCD_LARGE_FILE_SUPPORT  rfft2i.F  > rfft2i.f90
ifort -c -real-size 32 -i4  -ip -fp-model precise -w -ftz -align all -fno-alias -FR -convert big_endian   rfft2i.f90
rm -f -f rfft2i.f90
/lib/cpp -P -nostdinc -DEM_CORE=1 -DNMM_CORE=0 -DNMM_MAX_DIM=2600 -DDA_CORE=0 -DWRFPLUS=0 -DIWORDSIZE=4 -DDWORDSIZE=8 -DRWORDSIZE=4 -DLWORDSIZE=4 -DNONSTANDARD_SYSTEM_FUNC  -DWRF_USE_CLM -DUSE_NETCDF4_FEATURES -DWRFIO_NCD_LARGE_FILE_SUPPORT  -DDM_PARALLEL -DNETCDF -DLANDREAD_STUB=1 -DUSE_ALLOCATABLES -Dwrfmodel -DGRIB1 -DINTIO -DKEEP_INT_AROUND -DLIMIT_ARGS -DBUILD_RRTMG_FAST=0 -DBUILD_RRTMK=0 -DBUILD_SBM_FAST=1 -DSHOW_ALL_VARS_USED=0 -DCONFIG_BUF_LEN=65536 -DMAX_DOMAINS_F=21 -DMAX_HISTORY=25 -DNMM_NEST=0 -DWRF_CHEM -DBUILD_CHEM=1 -I. -traditional-cpp -DUSE_NETCDF4_FEATURES -DWRFIO_NCD_LARGE_FILE_SUPPORT  sinqmi.F  > sinqmi.f90
ifort -c -real-size 32 -i4  -ip -fp-model precise -w -ftz -align all -fno-alias -FR -convert big_endian   sinqmi.f90
rm -f -f r1fgkf.f90
/lib/cpp -P -nostdinc -DEM_CORE=1 -DNMM_CORE=0 -DNMM_MAX_DIM=2600 -DDA_CORE=0 -DWRFPLUS=0 -DIWORDSIZE=4 -DDWORDSIZE=8 -DRWORDSIZE=4 -DLWORDSIZE=4 -DNONSTANDARD_SYSTEM_FUNC  -DWRF_USE_CLM -DUSE_NETCDF4_FEATURES -DWRFIO_NCD_LARGE_FILE_SUPPORT  -DDM_PARALLEL -DNETCDF -DLANDREAD_STUB=1 -DUSE_ALLOCATABLES -Dwrfmodel -DGRIB1 -DINTIO -DKEEP_INT_AROUND -DLIMIT_ARGS -DBUILD_RRTMG_FAST=0 -DBUILD_RRTMK=0 -DBUILD_SBM_FAST=1 -DSHOW_ALL_VARS_USED=0 -DCONFIG_BUF_LEN=65536 -DMAX_DOMAINS_F=21 -DMAX_HISTORY=25 -DNMM_NEST=0 -DWRF_CHEM -DBUILD_CHEM=1 -I. -traditional-cpp -DUSE_NETCDF4_FEATURES -DWRFIO_NCD_LARGE_FILE_SUPPORT  z1f2kf.F  > z1f2kf.f90
ifort -c -real-size 32 -i4  -ip -fp-model precise -w -ftz -align all -fno-alias -FR -convert big_endian   z1f2kf.f90
rm -f -f sinqmi.f90
/lib/cpp -P -nostdinc -DEM_CORE=1 -DNMM_CORE=0 -DNMM_MAX_DIM=2600 -DDA_CORE=0 -DWRFPLUS=0 -DIWORDSIZE=4 -DDWORDSIZE=8 -DRWORDSIZE=4 -DLWORDSIZE=4 -DNONSTANDARD_SYSTEM_FUNC  -DWRF_USE_CLM -DUSE_NETCDF4_FEATURES -DWRFIO_NCD_LARGE_FILE_SUPPORT  -DDM_PARALLEL -DNETCDF -DLANDREAD_STUB=1 -DUSE_ALLOCATABLES -Dwrfmodel -DGRIB1 -DINTIO -DKEEP_INT_AROUND -DLIMIT_ARGS -DBUILD_RRTMG_FAST=0 -DBUILD_RRTMK=0 -DBUILD_SBM_FAST=1 -DSHOW_ALL_VARS_USED=0 -DCONFIG_BUF_LEN=65536 -DMAX_DOMAINS_F=21 -DMAX_HISTORY=25 -DNMM_NEST=0 -DWRF_CHEM -DBUILD_CHEM=1 -I. -traditional-cpp -DUSE_NETCDF4_FEATURES -DWRFIO_NCD_LARGE_FILE_SUPPORT  zfft1f.F  > zfft1f.f90
ifort -c -real-size 32 -i4  -ip -fp-model precise -w -ftz -align all -fno-alias -FR -convert big_endian   zfft1f.f90
rm -f -f z1f2kf.f90
/lib/cpp -P -nostdinc -DEM_CORE=1 -DNMM_CORE=0 -DNMM_MAX_DIM=2600 -DDA_CORE=0 -DWRFPLUS=0 -DIWORDSIZE=4 -DDWORDSIZE=8 -DRWORDSIZE=4 -DLWORDSIZE=4 -DNONSTANDARD_SYSTEM_FUNC  -DWRF_USE_CLM -DUSE_NETCDF4_FEATURES -DWRFIO_NCD_LARGE_FILE_SUPPORT  -DDM_PARALLEL -DNETCDF -DLANDREAD_STUB=1 -DUSE_ALLOCATABLES -Dwrfmodel -DGRIB1 -DINTIO -DKEEP_INT_AROUND -DLIMIT_ARGS -DBUILD_RRTMG_FAST=0 -DBUILD_RRTMK=0 -DBUILD_SBM_FAST=1 -DSHOW_ALL_VARS_USED=0 -DCONFIG_BUF_LEN=65536 -DMAX_DOMAINS_F=21 -DMAX_HISTORY=25 -DNMM_NEST=0 -DWRF_CHEM -DBUILD_CHEM=1 -I. -traditional-cpp -DUSE_NETCDF4_FEATURES -DWRFIO_NCD_LARGE_FILE_SUPPORT  zmf4kb.F  > zmf4kb.f90
ifort -c -real-size 32 -i4  -ip -fp-model precise -w -ftz -align all -fno-alias -FR -convert big_endian   zmf4kb.f90
rm -f -f zfft1f.f90
/lib/cpp -P -nostdinc -DEM_CORE=1 -DNMM_CORE=0 -DNMM_MAX_DIM=2600 -DDA_CORE=0 -DWRFPLUS=0 -DIWORDSIZE=4 -DDWORDSIZE=8 -DRWORDSIZE=4 -DLWORDSIZE=4 -DNONSTANDARD_SYSTEM_FUNC  -DWRF_USE_CLM -DUSE_NETCDF4_FEATURES -DWRFIO_NCD_LARGE_FILE_SUPPORT  -DDM_PARALLEL -DNETCDF -DLANDREAD_STUB=1 -DUSE_ALLOCATABLES -Dwrfmodel -DGRIB1 -DINTIO -DKEEP_INT_AROUND -DLIMIT_ARGS -DBUILD_RRTMG_FAST=0 -DBUILD_RRTMK=0 -DBUILD_SBM_FAST=1 -DSHOW_ALL_VARS_USED=0 -DCONFIG_BUF_LEN=65536 -DMAX_DOMAINS_F=21 -DMAX_HISTORY=25 -DNMM_NEST=0 -DWRF_CHEM -DBUILD_CHEM=1 -I. -traditional-cpp -DUSE_NETCDF4_FEATURES -DWRFIO_NCD_LARGE_FILE_SUPPORT  c1f2kf.F  > c1f2kf.f90
ifort -c -real-size 32 -i4  -ip -fp-model precise -w -ftz -align all -fno-alias -FR -convert big_endian   c1f2kf.f90
rm -f -f zmf4kb.f90
/lib/cpp -P -nostdinc -DEM_CORE=1 -DNMM_CORE=0 -DNMM_MAX_DIM=2600 -DDA_CORE=0 -DWRFPLUS=0 -DIWORDSIZE=4 -DDWORDSIZE=8 -DRWORDSIZE=4 -DLWORDSIZE=4 -DNONSTANDARD_SYSTEM_FUNC  -DWRF_USE_CLM -DUSE_NETCDF4_FEATURES -DWRFIO_NCD_LARGE_FILE_SUPPORT  -DDM_PARALLEL -DNETCDF -DLANDREAD_STUB=1 -DUSE_ALLOCATABLES -Dwrfmodel -DGRIB1 -DINTIO -DKEEP_INT_AROUND -DLIMIT_ARGS -DBUILD_RRTMG_FAST=0 -DBUILD_RRTMK=0 -DBUILD_SBM_FAST=1 -DSHOW_ALL_VARS_USED=0 -DCONFIG_BUF_LEN=65536 -DMAX_DOMAINS_F=21 -DMAX_HISTORY=25 -DNMM_NEST=0 -DWRF_CHEM -DBUILD_CHEM=1 -I. -traditional-cpp -DUSE_NETCDF4_FEATURES -DWRFIO_NCD_LARGE_FILE_SUPPORT  cfft1f.F  > cfft1f.f90
ifort -c -real-size 32 -i4  -ip -fp-model precise -w -ftz -align all -fno-alias -FR -convert big_endian   cfft1f.f90
rm -f -f c1f2kf.f90
/lib/cpp -P -nostdinc -DEM_CORE=1 -DNMM_CORE=0 -DNMM_MAX_DIM=2600 -DDA_CORE=0 -DWRFPLUS=0 -DIWORDSIZE=4 -DDWORDSIZE=8 -DRWORDSIZE=4 -DLWORDSIZE=4 -DNONSTANDARD_SYSTEM_FUNC  -DWRF_USE_CLM -DUSE_NETCDF4_FEATURES -DWRFIO_NCD_LARGE_FILE_SUPPORT  -DDM_PARALLEL -DNETCDF -DLANDREAD_STUB=1 -DUSE_ALLOCATABLES -Dwrfmodel -DGRIB1 -DINTIO -DKEEP_INT_AROUND -DLIMIT_ARGS -DBUILD_RRTMG_FAST=0 -DBUILD_RRTMK=0 -DBUILD_SBM_FAST=1 -DSHOW_ALL_VARS_USED=0 -DCONFIG_BUF_LEN=65536 -DMAX_DOMAINS_F=21 -DMAX_HISTORY=25 -DNMM_NEST=0 -DWRF_CHEM -DBUILD_CHEM=1 -I. -traditional-cpp -DUSE_NETCDF4_FEATURES -DWRFIO_NCD_LARGE_FILE_SUPPORT  cmf4kb.F  > cmf4kb.f90
ifort -c -real-size 32 -i4  -ip -fp-model precise -w -ftz -align all -fno-alias -FR -convert big_endian   cmf4kb.f90
rm -f -f cfft1f.f90
/lib/cpp -P -nostdinc -DEM_CORE=1 -DNMM_CORE=0 -DNMM_MAX_DIM=2600 -DDA_CORE=0 -DWRFPLUS=0 -DIWORDSIZE=4 -DDWORDSIZE=8 -DRWORDSIZE=4 -DLWORDSIZE=4 -DNONSTANDARD_SYSTEM_FUNC  -DWRF_USE_CLM -DUSE_NETCDF4_FEATURES -DWRFIO_NCD_LARGE_FILE_SUPPORT  -DDM_PARALLEL -DNETCDF -DLANDREAD_STUB=1 -DUSE_ALLOCATABLES -Dwrfmodel -DGRIB1 -DINTIO -DKEEP_INT_AROUND -DLIMIT_ARGS -DBUILD_RRTMG_FAST=0 -DBUILD_RRTMK=0 -DBUILD_SBM_FAST=1 -DSHOW_ALL_VARS_USED=0 -DCONFIG_BUF_LEN=65536 -DMAX_DOMAINS_F=21 -DMAX_HISTORY=25 -DNMM_NEST=0 -DWRF_CHEM -DBUILD_CHEM=1 -I. -traditional-cpp -DUSE_NETCDF4_FEATURES -DWRFIO_NCD_LARGE_FILE_SUPPORT  cosqf1.F  > cosqf1.f90
ifort -c -real-size 32 -i4  -ip -fp-model precise -w -ftz -align all -fno-alias -FR -convert big_endian   cosqf1.f90
rm -f -f cmf4kb.f90
/lib/cpp -P -nostdinc -DEM_CORE=1 -DNMM_CORE=0 -DNMM_MAX_DIM=2600 -DDA_CORE=0 -DWRFPLUS=0 -DIWORDSIZE=4 -DDWORDSIZE=8 -DRWORDSIZE=4 -DLWORDSIZE=4 -DNONSTANDARD_SYSTEM_FUNC  -DWRF_USE_CLM -DUSE_NETCDF4_FEATURES -DWRFIO_NCD_LARGE_FILE_SUPPORT  -DDM_PARALLEL -DNETCDF -DLANDREAD_STUB=1 -DUSE_ALLOCATABLES -Dwrfmodel -DGRIB1 -DINTIO -DKEEP_INT_AROUND -DLIMIT_ARGS -DBUILD_RRTMG_FAST=0 -DBUILD_RRTMK=0 -DBUILD_SBM_FAST=1 -DSHOW_ALL_VARS_USED=0 -DCONFIG_BUF_LEN=65536 -DMAX_DOMAINS_F=21 -DMAX_HISTORY=25 -DNMM_NEST=0 -DWRF_CHEM -DBUILD_CHEM=1 -I. -traditional-cpp -DUSE_NETCDF4_FEATURES -DWRFIO_NCD_LARGE_FILE_SUPPORT  d1f2kb.F  > d1f2kb.f90
ifort -c -real-size 32 -i4  -ip -fp-model precise -w -ftz -align all -fno-alias -FR -convert big_endian   d1f2kb.f90
rm -f -f cosqf1.f90
/lib/cpp -P -nostdinc -DEM_CORE=1 -DNMM_CORE=0 -DNMM_MAX_DIM=2600 -DDA_CORE=0 -DWRFPLUS=0 -DIWORDSIZE=4 -DDWORDSIZE=8 -DRWORDSIZE=4 -DLWORDSIZE=4 -DNONSTANDARD_SYSTEM_FUNC  -DWRF_USE_CLM -DUSE_NETCDF4_FEATURES -DWRFIO_NCD_LARGE_FILE_SUPPORT  -DDM_PARALLEL -DNETCDF -DLANDREAD_STUB=1 -DUSE_ALLOCATABLES -Dwrfmodel -DGRIB1 -DINTIO -DKEEP_INT_AROUND -DLIMIT_ARGS -DBUILD_RRTMG_FAST=0 -DBUILD_RRTMK=0 -DBUILD_SBM_FAST=1 -DSHOW_ALL_VARS_USED=0 -DCONFIG_BUF_LEN=65536 -DMAX_DOMAINS_F=21 -DMAX_HISTORY=25 -DNMM_NEST=0 -DWRF_CHEM -DBUILD_CHEM=1 -I. -traditional-cpp -DUSE_NETCDF4_FEATURES -DWRFIO_NCD_LARGE_FILE_SUPPORT  dcosq1i.F  > dcosq1i.f90
ifort -c -real-size 32 -i4  -ip -fp-model precise -w -ftz -align all -fno-alias -FR -convert big_endian   dcosq1i.f90
rm -f -f dcosq1i.f90
/lib/cpp -P -nostdinc -DEM_CORE=1 -DNMM_CORE=0 -DNMM_MAX_DIM=2600 -DDA_CORE=0 -DWRFPLUS=0 -DIWORDSIZE=4 -DDWORDSIZE=8 -DRWORDSIZE=4 -DLWORDSIZE=4 -DNONSTANDARD_SYSTEM_FUNC  -DWRF_USE_CLM -DUSE_NETCDF4_FEATURES -DWRFIO_NCD_LARGE_FILE_SUPPORT  -DDM_PARALLEL -DNETCDF -DLANDREAD_STUB=1 -DUSE_ALLOCATABLES -Dwrfmodel -DGRIB1 -DINTIO -DKEEP_INT_AROUND -DLIMIT_ARGS -DBUILD_RRTMG_FAST=0 -DBUILD_RRTMK=0 -DBUILD_SBM_FAST=1 -DSHOW_ALL_VARS_USED=0 -DCONFIG_BUF_LEN=65536 -DMAX_DOMAINS_F=21 -DMAX_HISTORY=25 -DNMM_NEST=0 -DWRF_CHEM -DBUILD_CHEM=1 -I. -traditional-cpp -DUSE_NETCDF4_FEATURES -DWRFIO_NCD_LARGE_FILE_SUPPORT  dfftf1.F  > dfftf1.f90
rm -f -f d1f2kb.f90
/lib/cpp -P -nostdinc -DEM_CORE=1 -DNMM_CORE=0 -DNMM_MAX_DIM=2600 -DDA_CORE=0 -DWRFPLUS=0 -DIWORDSIZE=4 -DDWORDSIZE=8 -DRWORDSIZE=4 -DLWORDSIZE=4 -DNONSTANDARD_SYSTEM_FUNC  -DWRF_USE_CLM -DUSE_NETCDF4_FEATURES -DWRFIO_NCD_LARGE_FILE_SUPPORT  -DDM_PARALLEL -DNETCDF -DLANDREAD_STUB=1 -DUSE_ALLOCATABLES -Dwrfmodel -DGRIB1 -DINTIO -DKEEP_INT_AROUND -DLIMIT_ARGS -DBUILD_RRTMG_FAST=0 -DBUILD_RRTMK=0 -DBUILD_SBM_FAST=1 -DSHOW_ALL_VARS_USED=0 -DCONFIG_BUF_LEN=65536 -DMAX_DOMAINS_F=21 -DMAX_HISTORY=25 -DNMM_NEST=0 -DWRF_CHEM -DBUILD_CHEM=1 -I. -traditional-cpp -DUSE_NETCDF4_FEATURES -DWRFIO_NCD_LARGE_FILE_SUPPORT  mradb3.F  > mradb3.f90
ifort -c -real-size 32 -i4  -ip -fp-model precise -w -ftz -align all -fno-alias -FR -convert big_endian   dfftf1.f90
ifort -c -real-size 32 -i4  -ip -fp-model precise -w -ftz -align all -fno-alias -FR -convert big_endian   mradb3.f90
rm -f -f dfftf1.f90
/lib/cpp -P -nostdinc -DEM_CORE=1 -DNMM_CORE=0 -DNMM_MAX_DIM=2600 -DDA_CORE=0 -DWRFPLUS=0 -DIWORDSIZE=4 -DDWORDSIZE=8 -DRWORDSIZE=4 -DLWORDSIZE=4 -DNONSTANDARD_SYSTEM_FUNC  -DWRF_USE_CLM -DUSE_NETCDF4_FEATURES -DWRFIO_NCD_LARGE_FILE_SUPPORT  -DDM_PARALLEL -DNETCDF -DLANDREAD_STUB=1 -DUSE_ALLOCATABLES -Dwrfmodel -DGRIB1 -DINTIO -DKEEP_INT_AROUND -DLIMIT_ARGS -DBUILD_RRTMG_FAST=0 -DBUILD_RRTMK=0 -DBUILD_SBM_FAST=1 -DSHOW_ALL_VARS_USED=0 -DCONFIG_BUF_LEN=65536 -DMAX_DOMAINS_F=21 -DMAX_HISTORY=25 -DNMM_NEST=0 -DWRF_CHEM -DBUILD_CHEM=1 -I. -traditional-cpp -DUSE_NETCDF4_FEATURES -DWRFIO_NCD_LARGE_FILE_SUPPORT  msntb1.F  > msntb1.f90
ifort -c -real-size 32 -i4  -ip -fp-model precise -w -ftz -align all -fno-alias -FR -convert big_endian   msntb1.f90
rm -f -f mradb3.f90
/lib/cpp -P -nostdinc -DEM_CORE=1 -DNMM_CORE=0 -DNMM_MAX_DIM=2600 -DDA_CORE=0 -DWRFPLUS=0 -DIWORDSIZE=4 -DDWORDSIZE=8 -DRWORDSIZE=4 -DLWORDSIZE=4 -DNONSTANDARD_SYSTEM_FUNC  -DWRF_USE_CLM -DUSE_NETCDF4_FEATURES -DWRFIO_NCD_LARGE_FILE_SUPPORT  -DDM_PARALLEL -DNETCDF -DLANDREAD_STUB=1 -DUSE_ALLOCATABLES -Dwrfmodel -DGRIB1 -DINTIO -DKEEP_INT_AROUND -DLIMIT_ARGS -DBUILD_RRTMG_FAST=0 -DBUILD_RRTMK=0 -DBUILD_SBM_FAST=1 -DSHOW_ALL_VARS_USED=0 -DCONFIG_BUF_LEN=65536 -DMAX_DOMAINS_F=21 -DMAX_HISTORY=25 -DNMM_NEST=0 -DWRF_CHEM -DBUILD_CHEM=1 -I. -traditional-cpp -DUSE_NETCDF4_FEATURES -DWRFIO_NCD_LARGE_FILE_SUPPORT  r4_factor.F  > r4_factor.f90
ifort -c -real-size 32 -i4  -ip -fp-model precise -w -ftz -align all -fno-alias -FR -convert big_endian   r4_factor.f90
rm -f -f r4_factor.f90
/lib/cpp -P -nostdinc -DEM_CORE=1 -DNMM_CORE=0 -DNMM_MAX_DIM=2600 -DDA_CORE=0 -DWRFPLUS=0 -DIWORDSIZE=4 -DDWORDSIZE=8 -DRWORDSIZE=4 -DLWORDSIZE=4 -DNONSTANDARD_SYSTEM_FUNC  -DWRF_USE_CLM -DUSE_NETCDF4_FEATURES -DWRFIO_NCD_LARGE_FILE_SUPPORT  -DDM_PARALLEL -DNETCDF -DLANDREAD_STUB=1 -DUSE_ALLOCATABLES -Dwrfmodel -DGRIB1 -DINTIO -DKEEP_INT_AROUND -DLIMIT_ARGS -DBUILD_RRTMG_FAST=0 -DBUILD_RRTMK=0 -DBUILD_SBM_FAST=1 -DSHOW_ALL_VARS_USED=0 -DCONFIG_BUF_LEN=65536 -DMAX_DOMAINS_F=21 -DMAX_HISTORY=25 -DNMM_NEST=0 -DWRF_CHEM -DBUILD_CHEM=1 -I. -traditional-cpp -DUSE_NETCDF4_FEATURES -DWRFIO_NCD_LARGE_FILE_SUPPORT  rfftb1.F  > rfftb1.f90
rm -f -f msntb1.f90
/lib/cpp -P -nostdinc -DEM_CORE=1 -DNMM_CORE=0 -DNMM_MAX_DIM=2600 -DDA_CORE=0 -DWRFPLUS=0 -DIWORDSIZE=4 -DDWORDSIZE=8 -DRWORDSIZE=4 -DLWORDSIZE=4 -DNONSTANDARD_SYSTEM_FUNC  -DWRF_USE_CLM -DUSE_NETCDF4_FEATURES -DWRFIO_NCD_LARGE_FILE_SUPPORT  -DDM_PARALLEL -DNETCDF -DLANDREAD_STUB=1 -DUSE_ALLOCATABLES -Dwrfmodel -DGRIB1 -DINTIO -DKEEP_INT_AROUND -DLIMIT_ARGS -DBUILD_RRTMG_FAST=0 -DBUILD_RRTMK=0 -DBUILD_SBM_FAST=1 -DSHOW_ALL_VARS_USED=0 -DCONFIG_BUF_LEN=65536 -DMAX_DOMAINS_F=21 -DMAX_HISTORY=25 -DNMM_NEST=0 -DWRF_CHEM -DBUILD_CHEM=1 -I. -traditional-cpp -DUSE_NETCDF4_FEATURES -DWRFIO_NCD_LARGE_FILE_SUPPORT  sint1b.F  > sint1b.f90
ifort -c -real-size 32 -i4  -ip -fp-model precise -w -ftz -align all -fno-alias -FR -convert big_endian   rfftb1.f90
ifort -c -real-size 32 -i4  -ip -fp-model precise -w -ftz -align all -fno-alias -FR -convert big_endian   sint1b.f90
rm -f -f sint1b.f90
/lib/cpp -P -nostdinc -DEM_CORE=1 -DNMM_CORE=0 -DNMM_MAX_DIM=2600 -DDA_CORE=0 -DWRFPLUS=0 -DIWORDSIZE=4 -DDWORDSIZE=8 -DRWORDSIZE=4 -DLWORDSIZE=4 -DNONSTANDARD_SYSTEM_FUNC  -DWRF_USE_CLM -DUSE_NETCDF4_FEATURES -DWRFIO_NCD_LARGE_FILE_SUPPORT  -DDM_PARALLEL -DNETCDF -DLANDREAD_STUB=1 -DUSE_ALLOCATABLES -Dwrfmodel -DGRIB1 -DINTIO -DKEEP_INT_AROUND -DLIMIT_ARGS -DBUILD_RRTMG_FAST=0 -DBUILD_RRTMK=0 -DBUILD_SBM_FAST=1 -DSHOW_ALL_VARS_USED=0 -DCONFIG_BUF_LEN=65536 -DMAX_DOMAINS_F=21 -DMAX_HISTORY=25 -DNMM_NEST=0 -DWRF_CHEM -DBUILD_CHEM=1 -I. -traditional-cpp -DUSE_NETCDF4_FEATURES -DWRFIO_NCD_LARGE_FILE_SUPPORT  z1f3kb.F  > z1f3kb.f90
rm -f -f rfftb1.f90
/lib/cpp -P -nostdinc -DEM_CORE=1 -DNMM_CORE=0 -DNMM_MAX_DIM=2600 -DDA_CORE=0 -DWRFPLUS=0 -DIWORDSIZE=4 -DDWORDSIZE=8 -DRWORDSIZE=4 -DLWORDSIZE=4 -DNONSTANDARD_SYSTEM_FUNC  -DWRF_USE_CLM -DUSE_NETCDF4_FEATURES -DWRFIO_NCD_LARGE_FILE_SUPPORT  -DDM_PARALLEL -DNETCDF -DLANDREAD_STUB=1 -DUSE_ALLOCATABLES -Dwrfmodel -DGRIB1 -DINTIO -DKEEP_INT_AROUND -DLIMIT_ARGS -DBUILD_RRTMG_FAST=0 -DBUILD_RRTMK=0 -DBUILD_SBM_FAST=1 -DSHOW_ALL_VARS_USED=0 -DCONFIG_BUF_LEN=65536 -DMAX_DOMAINS_F=21 -DMAX_HISTORY=25 -DNMM_NEST=0 -DWRF_CHEM -DBUILD_CHEM=1 -I. -traditional-cpp -DUSE_NETCDF4_FEATURES -DWRFIO_NCD_LARGE_FILE_SUPPORT  zfft1i.F  > zfft1i.f90
ifort -c -real-size 32 -i4  -ip -fp-model precise -w -ftz -align all -fno-alias -FR -convert big_endian   z1f3kb.f90
ifort -c -real-size 32 -i4  -ip -fp-model precise -w -ftz -align all -fno-alias -FR -convert big_endian   zfft1i.f90
rm -f -f zfft1i.f90
/lib/cpp -P -nostdinc -DEM_CORE=1 -DNMM_CORE=0 -DNMM_MAX_DIM=2600 -DDA_CORE=0 -DWRFPLUS=0 -DIWORDSIZE=4 -DDWORDSIZE=8 -DRWORDSIZE=4 -DLWORDSIZE=4 -DNONSTANDARD_SYSTEM_FUNC  -DWRF_USE_CLM -DUSE_NETCDF4_FEATURES -DWRFIO_NCD_LARGE_FILE_SUPPORT  -DDM_PARALLEL -DNETCDF -DLANDREAD_STUB=1 -DUSE_ALLOCATABLES -Dwrfmodel -DGRIB1 -DINTIO -DKEEP_INT_AROUND -DLIMIT_ARGS -DBUILD_RRTMG_FAST=0 -DBUILD_RRTMK=0 -DBUILD_SBM_FAST=1 -DSHOW_ALL_VARS_USED=0 -DCONFIG_BUF_LEN=65536 -DMAX_DOMAINS_F=21 -DMAX_HISTORY=25 -DNMM_NEST=0 -DWRF_CHEM -DBUILD_CHEM=1 -I. -traditional-cpp -DUSE_NETCDF4_FEATURES -DWRFIO_NCD_LARGE_FILE_SUPPORT  zmf4kf.F  > zmf4kf.f90
ifort -c -real-size 32 -i4  -ip -fp-model precise -w -ftz -align all -fno-alias -FR -convert big_endian   zmf4kf.f90
rm -f -f z1f3kb.f90
/lib/cpp -P -nostdinc -DEM_CORE=1 -DNMM_CORE=0 -DNMM_MAX_DIM=2600 -DDA_CORE=0 -DWRFPLUS=0 -DIWORDSIZE=4 -DDWORDSIZE=8 -DRWORDSIZE=4 -DLWORDSIZE=4 -DNONSTANDARD_SYSTEM_FUNC  -DWRF_USE_CLM -DUSE_NETCDF4_FEATURES -DWRFIO_NCD_LARGE_FILE_SUPPORT  -DDM_PARALLEL -DNETCDF -DLANDREAD_STUB=1 -DUSE_ALLOCATABLES -Dwrfmodel -DGRIB1 -DINTIO -DKEEP_INT_AROUND -DLIMIT_ARGS -DBUILD_RRTMG_FAST=0 -DBUILD_RRTMK=0 -DBUILD_SBM_FAST=1 -DSHOW_ALL_VARS_USED=0 -DCONFIG_BUF_LEN=65536 -DMAX_DOMAINS_F=21 -DMAX_HISTORY=25 -DNMM_NEST=0 -DWRF_CHEM -DBUILD_CHEM=1 -I. -traditional-cpp -DUSE_NETCDF4_FEATURES -DWRFIO_NCD_LARGE_FILE_SUPPORT  c1f3kb.F  > c1f3kb.f90
ifort -c -real-size 32 -i4  -ip -fp-model precise -w -ftz -align all -fno-alias -FR -convert big_endian   c1f3kb.f90
rm -f -f zmf4kf.f90
/lib/cpp -P -nostdinc -DEM_CORE=1 -DNMM_CORE=0 -DNMM_MAX_DIM=2600 -DDA_CORE=0 -DWRFPLUS=0 -DIWORDSIZE=4 -DDWORDSIZE=8 -DRWORDSIZE=4 -DLWORDSIZE=4 -DNONSTANDARD_SYSTEM_FUNC  -DWRF_USE_CLM -DUSE_NETCDF4_FEATURES -DWRFIO_NCD_LARGE_FILE_SUPPORT  -DDM_PARALLEL -DNETCDF -DLANDREAD_STUB=1 -DUSE_ALLOCATABLES -Dwrfmodel -DGRIB1 -DINTIO -DKEEP_INT_AROUND -DLIMIT_ARGS -DBUILD_RRTMG_FAST=0 -DBUILD_RRTMK=0 -DBUILD_SBM_FAST=1 -DSHOW_ALL_VARS_USED=0 -DCONFIG_BUF_LEN=65536 -DMAX_DOMAINS_F=21 -DMAX_HISTORY=25 -DNMM_NEST=0 -DWRF_CHEM -DBUILD_CHEM=1 -I. -traditional-cpp -DUSE_NETCDF4_FEATURES -DWRFIO_NCD_LARGE_FILE_SUPPORT  cfft1i.F  > cfft1i.f90
ifort -c -real-size 32 -i4  -ip -fp-model precise -w -ftz -align all -fno-alias -FR -convert big_endian   cfft1i.f90
rm -f -f c1f3kb.f90
/lib/cpp -P -nostdinc -DEM_CORE=1 -DNMM_CORE=0 -DNMM_MAX_DIM=2600 -DDA_CORE=0 -DWRFPLUS=0 -DIWORDSIZE=4 -DDWORDSIZE=8 -DRWORDSIZE=4 -DLWORDSIZE=4 -DNONSTANDARD_SYSTEM_FUNC  -DWRF_USE_CLM -DUSE_NETCDF4_FEATURES -DWRFIO_NCD_LARGE_FILE_SUPPORT  -DDM_PARALLEL -DNETCDF -DLANDREAD_STUB=1 -DUSE_ALLOCATABLES -Dwrfmodel -DGRIB1 -DINTIO -DKEEP_INT_AROUND -DLIMIT_ARGS -DBUILD_RRTMG_FAST=0 -DBUILD_RRTMK=0 -DBUILD_SBM_FAST=1 -DSHOW_ALL_VARS_USED=0 -DCONFIG_BUF_LEN=65536 -DMAX_DOMAINS_F=21 -DMAX_HISTORY=25 -DNMM_NEST=0 -DWRF_CHEM -DBUILD_CHEM=1 -I. -traditional-cpp -DUSE_NETCDF4_FEATURES -DWRFIO_NCD_LARGE_FILE_SUPPORT  cmf4kf.F  > cmf4kf.f90
ifort -c -real-size 32 -i4  -ip -fp-model precise -w -ftz -align all -fno-alias -FR -convert big_endian   cmf4kf.f90
rm -f -f cfft1i.f90
/lib/cpp -P -nostdinc -DEM_CORE=1 -DNMM_CORE=0 -DNMM_MAX_DIM=2600 -DDA_CORE=0 -DWRFPLUS=0 -DIWORDSIZE=4 -DDWORDSIZE=8 -DRWORDSIZE=4 -DLWORDSIZE=4 -DNONSTANDARD_SYSTEM_FUNC  -DWRF_USE_CLM -DUSE_NETCDF4_FEATURES -DWRFIO_NCD_LARGE_FILE_SUPPORT  -DDM_PARALLEL -DNETCDF -DLANDREAD_STUB=1 -DUSE_ALLOCATABLES -Dwrfmodel -DGRIB1 -DINTIO -DKEEP_INT_AROUND -DLIMIT_ARGS -DBUILD_RRTMG_FAST=0 -DBUILD_RRTMK=0 -DBUILD_SBM_FAST=1 -DSHOW_ALL_VARS_USED=0 -DCONFIG_BUF_LEN=65536 -DMAX_DOMAINS_F=21 -DMAX_HISTORY=25 -DNMM_NEST=0 -DWRF_CHEM -DBUILD_CHEM=1 -I. -traditional-cpp -DUSE_NETCDF4_FEATURES -DWRFIO_NCD_LARGE_FILE_SUPPORT  cosqmb.F  > cosqmb.f90
ifort -c -real-size 32 -i4  -ip -fp-model precise -w -ftz -align all -fno-alias -FR -convert big_endian   cosqmb.f90
rm -f -f cmf4kf.f90
/lib/cpp -P -nostdinc -DEM_CORE=1 -DNMM_CORE=0 -DNMM_MAX_DIM=2600 -DDA_CORE=0 -DWRFPLUS=0 -DIWORDSIZE=4 -DDWORDSIZE=8 -DRWORDSIZE=4 -DLWORDSIZE=4 -DNONSTANDARD_SYSTEM_FUNC  -DWRF_USE_CLM -DUSE_NETCDF4_FEATURES -DWRFIO_NCD_LARGE_FILE_SUPPORT  -DDM_PARALLEL -DNETCDF -DLANDREAD_STUB=1 -DUSE_ALLOCATABLES -Dwrfmodel -DGRIB1 -DINTIO -DKEEP_INT_AROUND -DLIMIT_ARGS -DBUILD_RRTMG_FAST=0 -DBUILD_RRTMK=0 -DBUILD_SBM_FAST=1 -DSHOW_ALL_VARS_USED=0 -DCONFIG_BUF_LEN=65536 -DMAX_DOMAINS_F=21 -DMAX_HISTORY=25 -DNMM_NEST=0 -DWRF_CHEM -DBUILD_CHEM=1 -I. -traditional-cpp -DUSE_NETCDF4_FEATURES -DWRFIO_NCD_LARGE_FILE_SUPPORT  d1f2kf.F  > d1f2kf.f90
ifort -c -real-size 32 -i4  -ip -fp-model precise -w -ftz -align all -fno-alias -FR -convert big_endian   d1f2kf.f90
rm -f -f cosqmb.f90
/lib/cpp -P -nostdinc -DEM_CORE=1 -DNMM_CORE=0 -DNMM_MAX_DIM=2600 -DDA_CORE=0 -DWRFPLUS=0 -DIWORDSIZE=4 -DDWORDSIZE=8 -DRWORDSIZE=4 -DLWORDSIZE=4 -DNONSTANDARD_SYSTEM_FUNC  -DWRF_USE_CLM -DUSE_NETCDF4_FEATURES -DWRFIO_NCD_LARGE_FILE_SUPPORT  -DDM_PARALLEL -DNETCDF -DLANDREAD_STUB=1 -DUSE_ALLOCATABLES -Dwrfmodel -DGRIB1 -DINTIO -DKEEP_INT_AROUND -DLIMIT_ARGS -DBUILD_RRTMG_FAST=0 -DBUILD_RRTMK=0 -DBUILD_SBM_FAST=1 -DSHOW_ALL_VARS_USED=0 -DCONFIG_BUF_LEN=65536 -DMAX_DOMAINS_F=21 -DMAX_HISTORY=25 -DNMM_NEST=0 -DWRF_CHEM -DBUILD_CHEM=1 -I. -traditional-cpp -DUSE_NETCDF4_FEATURES -DWRFIO_NCD_LARGE_FILE_SUPPORT  dcosqb1.F  > dcosqb1.f90
ifort -c -real-size 32 -i4  -ip -fp-model precise -w -ftz -align all -fno-alias -FR -convert big_endian   dcosqb1.f90
rm -f -f d1f2kf.f90
/lib/cpp -P -nostdinc -DEM_CORE=1 -DNMM_CORE=0 -DNMM_MAX_DIM=2600 -DDA_CORE=0 -DWRFPLUS=0 -DIWORDSIZE=4 -DDWORDSIZE=8 -DRWORDSIZE=4 -DLWORDSIZE=4 -DNONSTANDARD_SYSTEM_FUNC  -DWRF_USE_CLM -DUSE_NETCDF4_FEATURES -DWRFIO_NCD_LARGE_FILE_SUPPORT  -DDM_PARALLEL -DNETCDF -DLANDREAD_STUB=1 -DUSE_ALLOCATABLES -Dwrfmodel -DGRIB1 -DINTIO -DKEEP_INT_AROUND -DLIMIT_ARGS -DBUILD_RRTMG_FAST=0 -DBUILD_RRTMK=0 -DBUILD_SBM_FAST=1 -DSHOW_ALL_VARS_USED=0 -DCONFIG_BUF_LEN=65536 -DMAX_DOMAINS_F=21 -DMAX_HISTORY=25 -DNMM_NEST=0 -DWRF_CHEM -DBUILD_CHEM=1 -I. -traditional-cpp -DUSE_NETCDF4_FEATURES -DWRFIO_NCD_LARGE_FILE_SUPPORT  dffti1.F  > dffti1.f90
rm -f -f dcosqb1.f90
/lib/cpp -P -nostdinc -DEM_CORE=1 -DNMM_CORE=0 -DNMM_MAX_DIM=2600 -DDA_CORE=0 -DWRFPLUS=0 -DIWORDSIZE=4 -DDWORDSIZE=8 -DRWORDSIZE=4 -DLWORDSIZE=4 -DNONSTANDARD_SYSTEM_FUNC  -DWRF_USE_CLM -DUSE_NETCDF4_FEATURES -DWRFIO_NCD_LARGE_FILE_SUPPORT  -DDM_PARALLEL -DNETCDF -DLANDREAD_STUB=1 -DUSE_ALLOCATABLES -Dwrfmodel -DGRIB1 -DINTIO -DKEEP_INT_AROUND -DLIMIT_ARGS -DBUILD_RRTMG_FAST=0 -DBUILD_RRTMK=0 -DBUILD_SBM_FAST=1 -DSHOW_ALL_VARS_USED=0 -DCONFIG_BUF_LEN=65536 -DMAX_DOMAINS_F=21 -DMAX_HISTORY=25 -DNMM_NEST=0 -DWRF_CHEM -DBUILD_CHEM=1 -I. -traditional-cpp -DUSE_NETCDF4_FEATURES -DWRFIO_NCD_LARGE_FILE_SUPPORT  mradb4.F  > mradb4.f90
ifort -c -real-size 32 -i4  -ip -fp-model precise -w -ftz -align all -fno-alias -FR -convert big_endian   dffti1.f90
ifort -c -real-size 32 -i4  -ip -fp-model precise -w -ftz -align all -fno-alias -FR -convert big_endian   mradb4.f90
rm -f -f dffti1.f90
/lib/cpp -P -nostdinc -DEM_CORE=1 -DNMM_CORE=0 -DNMM_MAX_DIM=2600 -DDA_CORE=0 -DWRFPLUS=0 -DIWORDSIZE=4 -DDWORDSIZE=8 -DRWORDSIZE=4 -DLWORDSIZE=4 -DNONSTANDARD_SYSTEM_FUNC  -DWRF_USE_CLM -DUSE_NETCDF4_FEATURES -DWRFIO_NCD_LARGE_FILE_SUPPORT  -DDM_PARALLEL -DNETCDF -DLANDREAD_STUB=1 -DUSE_ALLOCATABLES -Dwrfmodel -DGRIB1 -DINTIO -DKEEP_INT_AROUND -DLIMIT_ARGS -DBUILD_RRTMG_FAST=0 -DBUILD_RRTMK=0 -DBUILD_SBM_FAST=1 -DSHOW_ALL_VARS_USED=0 -DCONFIG_BUF_LEN=65536 -DMAX_DOMAINS_F=21 -DMAX_HISTORY=25 -DNMM_NEST=0 -DWRF_CHEM -DBUILD_CHEM=1 -I. -traditional-cpp -DUSE_NETCDF4_FEATURES -DWRFIO_NCD_LARGE_FILE_SUPPORT  msntf1.F  > msntf1.f90
ifort -c -real-size 32 -i4  -ip -fp-model precise -w -ftz -align all -fno-alias -FR -convert big_endian   msntf1.f90
rm -f -f mradb4.f90
/lib/cpp -P -nostdinc -DEM_CORE=1 -DNMM_CORE=0 -DNMM_MAX_DIM=2600 -DDA_CORE=0 -DWRFPLUS=0 -DIWORDSIZE=4 -DDWORDSIZE=8 -DRWORDSIZE=4 -DLWORDSIZE=4 -DNONSTANDARD_SYSTEM_FUNC  -DWRF_USE_CLM -DUSE_NETCDF4_FEATURES -DWRFIO_NCD_LARGE_FILE_SUPPORT  -DDM_PARALLEL -DNETCDF -DLANDREAD_STUB=1 -DUSE_ALLOCATABLES -Dwrfmodel -DGRIB1 -DINTIO -DKEEP_INT_AROUND -DLIMIT_ARGS -DBUILD_RRTMG_FAST=0 -DBUILD_RRTMK=0 -DBUILD_SBM_FAST=1 -DSHOW_ALL_VARS_USED=0 -DCONFIG_BUF_LEN=65536 -DMAX_DOMAINS_F=21 -DMAX_HISTORY=25 -DNMM_NEST=0 -DWRF_CHEM -DBUILD_CHEM=1 -I. -traditional-cpp -DUSE_NETCDF4_FEATURES -DWRFIO_NCD_LARGE_FILE_SUPPORT  r4_mcfti1.F  > r4_mcfti1.f90
ifort -c -real-size 32 -i4  -ip -fp-model precise -w -ftz -align all -fno-alias -FR -convert big_endian   r4_mcfti1.f90
rm -f -f msntf1.f90
/lib/cpp -P -nostdinc -DEM_CORE=1 -DNMM_CORE=0 -DNMM_MAX_DIM=2600 -DDA_CORE=0 -DWRFPLUS=0 -DIWORDSIZE=4 -DDWORDSIZE=8 -DRWORDSIZE=4 -DLWORDSIZE=4 -DNONSTANDARD_SYSTEM_FUNC  -DWRF_USE_CLM -DUSE_NETCDF4_FEATURES -DWRFIO_NCD_LARGE_FILE_SUPPORT  -DDM_PARALLEL -DNETCDF -DLANDREAD_STUB=1 -DUSE_ALLOCATABLES -Dwrfmodel -DGRIB1 -DINTIO -DKEEP_INT_AROUND -DLIMIT_ARGS -DBUILD_RRTMG_FAST=0 -DBUILD_RRTMK=0 -DBUILD_SBM_FAST=1 -DSHOW_ALL_VARS_USED=0 -DCONFIG_BUF_LEN=65536 -DMAX_DOMAINS_F=21 -DMAX_HISTORY=25 -DNMM_NEST=0 -DWRF_CHEM -DBUILD_CHEM=1 -I. -traditional-cpp -DUSE_NETCDF4_FEATURES -DWRFIO_NCD_LARGE_FILE_SUPPORT  rfftf1.F  > rfftf1.f90
ifort -c -real-size 32 -i4  -ip -fp-model precise -w -ftz -align all -fno-alias -FR -convert big_endian   rfftf1.f90
rm -f -f r4_mcfti1.f90
/lib/cpp -P -nostdinc -DEM_CORE=1 -DNMM_CORE=0 -DNMM_MAX_DIM=2600 -DDA_CORE=0 -DWRFPLUS=0 -DIWORDSIZE=4 -DDWORDSIZE=8 -DRWORDSIZE=4 -DLWORDSIZE=4 -DNONSTANDARD_SYSTEM_FUNC  -DWRF_USE_CLM -DUSE_NETCDF4_FEATURES -DWRFIO_NCD_LARGE_FILE_SUPPORT  -DDM_PARALLEL -DNETCDF -DLANDREAD_STUB=1 -DUSE_ALLOCATABLES -Dwrfmodel -DGRIB1 -DINTIO -DKEEP_INT_AROUND -DLIMIT_ARGS -DBUILD_RRTMG_FAST=0 -DBUILD_RRTMK=0 -DBUILD_SBM_FAST=1 -DSHOW_ALL_VARS_USED=0 -DCONFIG_BUF_LEN=65536 -DMAX_DOMAINS_F=21 -DMAX_HISTORY=25 -DNMM_NEST=0 -DWRF_CHEM -DBUILD_CHEM=1 -I. -traditional-cpp -DUSE_NETCDF4_FEATURES -DWRFIO_NCD_LARGE_FILE_SUPPORT  sint1f.F  > sint1f.f90
ifort -c -real-size 32 -i4  -ip -fp-model precise -w -ftz -align all -fno-alias -FR -convert big_endian   sint1f.f90
rm -f -f rfftf1.f90
/lib/cpp -P -nostdinc -DEM_CORE=1 -DNMM_CORE=0 -DNMM_MAX_DIM=2600 -DDA_CORE=0 -DWRFPLUS=0 -DIWORDSIZE=4 -DDWORDSIZE=8 -DRWORDSIZE=4 -DLWORDSIZE=4 -DNONSTANDARD_SYSTEM_FUNC  -DWRF_USE_CLM -DUSE_NETCDF4_FEATURES -DWRFIO_NCD_LARGE_FILE_SUPPORT  -DDM_PARALLEL -DNETCDF -DLANDREAD_STUB=1 -DUSE_ALLOCATABLES -Dwrfmodel -DGRIB1 -DINTIO -DKEEP_INT_AROUND -DLIMIT_ARGS -DBUILD_RRTMG_FAST=0 -DBUILD_RRTMK=0 -DBUILD_SBM_FAST=1 -DSHOW_ALL_VARS_USED=0 -DCONFIG_BUF_LEN=65536 -DMAX_DOMAINS_F=21 -DMAX_HISTORY=25 -DNMM_NEST=0 -DWRF_CHEM -DBUILD_CHEM=1 -I. -traditional-cpp -DUSE_NETCDF4_FEATURES -DWRFIO_NCD_LARGE_FILE_SUPPORT  z1f3kf.F  > z1f3kf.f90
rm -f -f sint1f.f90
/lib/cpp -P -nostdinc -DEM_CORE=1 -DNMM_CORE=0 -DNMM_MAX_DIM=2600 -DDA_CORE=0 -DWRFPLUS=0 -DIWORDSIZE=4 -DDWORDSIZE=8 -DRWORDSIZE=4 -DLWORDSIZE=4 -DNONSTANDARD_SYSTEM_FUNC  -DWRF_USE_CLM -DUSE_NETCDF4_FEATURES -DWRFIO_NCD_LARGE_FILE_SUPPORT  -DDM_PARALLEL -DNETCDF -DLANDREAD_STUB=1 -DUSE_ALLOCATABLES -Dwrfmodel -DGRIB1 -DINTIO -DKEEP_INT_AROUND -DLIMIT_ARGS -DBUILD_RRTMG_FAST=0 -DBUILD_RRTMK=0 -DBUILD_SBM_FAST=1 -DSHOW_ALL_VARS_USED=0 -DCONFIG_BUF_LEN=65536 -DMAX_DOMAINS_F=21 -DMAX_HISTORY=25 -DNMM_NEST=0 -DWRF_CHEM -DBUILD_CHEM=1 -I. -traditional-cpp -DUSE_NETCDF4_FEATURES -DWRFIO_NCD_LARGE_FILE_SUPPORT  zfft2b.F  > zfft2b.f90
ifort -c -real-size 32 -i4  -ip -fp-model precise -w -ftz -align all -fno-alias -FR -convert big_endian   z1f3kf.f90
ifort -c -real-size 32 -i4  -ip -fp-model precise -w -ftz -align all -fno-alias -FR -convert big_endian   zfft2b.f90
rm -f -f zfft2b.f90
/lib/cpp -P -nostdinc -DEM_CORE=1 -DNMM_CORE=0 -DNMM_MAX_DIM=2600 -DDA_CORE=0 -DWRFPLUS=0 -DIWORDSIZE=4 -DDWORDSIZE=8 -DRWORDSIZE=4 -DLWORDSIZE=4 -DNONSTANDARD_SYSTEM_FUNC  -DWRF_USE_CLM -DUSE_NETCDF4_FEATURES -DWRFIO_NCD_LARGE_FILE_SUPPORT  -DDM_PARALLEL -DNETCDF -DLANDREAD_STUB=1 -DUSE_ALLOCATABLES -Dwrfmodel -DGRIB1 -DINTIO -DKEEP_INT_AROUND -DLIMIT_ARGS -DBUILD_RRTMG_FAST=0 -DBUILD_RRTMK=0 -DBUILD_SBM_FAST=1 -DSHOW_ALL_VARS_USED=0 -DCONFIG_BUF_LEN=65536 -DMAX_DOMAINS_F=21 -DMAX_HISTORY=25 -DNMM_NEST=0 -DWRF_CHEM -DBUILD_CHEM=1 -I. -traditional-cpp -DUSE_NETCDF4_FEATURES -DWRFIO_NCD_LARGE_FILE_SUPPORT  zmf5kb.F  > zmf5kb.f90
ifort -c -real-size 32 -i4  -ip -fp-model precise -w -ftz -align all -fno-alias -FR -convert big_endian   zmf5kb.f90
rm -f -f z1f3kf.f90
/lib/cpp -P -nostdinc -DEM_CORE=1 -DNMM_CORE=0 -DNMM_MAX_DIM=2600 -DDA_CORE=0 -DWRFPLUS=0 -DIWORDSIZE=4 -DDWORDSIZE=8 -DRWORDSIZE=4 -DLWORDSIZE=4 -DNONSTANDARD_SYSTEM_FUNC  -DWRF_USE_CLM -DUSE_NETCDF4_FEATURES -DWRFIO_NCD_LARGE_FILE_SUPPORT  -DDM_PARALLEL -DNETCDF -DLANDREAD_STUB=1 -DUSE_ALLOCATABLES -Dwrfmodel -DGRIB1 -DINTIO -DKEEP_INT_AROUND -DLIMIT_ARGS -DBUILD_RRTMG_FAST=0 -DBUILD_RRTMK=0 -DBUILD_SBM_FAST=1 -DSHOW_ALL_VARS_USED=0 -DCONFIG_BUF_LEN=65536 -DMAX_DOMAINS_F=21 -DMAX_HISTORY=25 -DNMM_NEST=0 -DWRF_CHEM -DBUILD_CHEM=1 -I. -traditional-cpp -DUSE_NETCDF4_FEATURES -DWRFIO_NCD_LARGE_FILE_SUPPORT  c1f3kf.F  > c1f3kf.f90
ifort -c -real-size 32 -i4  -ip -fp-model precise -w -ftz -align all -fno-alias -FR -convert big_endian   c1f3kf.f90
rm -f -f zmf5kb.f90
/lib/cpp -P -nostdinc -DEM_CORE=1 -DNMM_CORE=0 -DNMM_MAX_DIM=2600 -DDA_CORE=0 -DWRFPLUS=0 -DIWORDSIZE=4 -DDWORDSIZE=8 -DRWORDSIZE=4 -DLWORDSIZE=4 -DNONSTANDARD_SYSTEM_FUNC  -DWRF_USE_CLM -DUSE_NETCDF4_FEATURES -DWRFIO_NCD_LARGE_FILE_SUPPORT  -DDM_PARALLEL -DNETCDF -DLANDREAD_STUB=1 -DUSE_ALLOCATABLES -Dwrfmodel -DGRIB1 -DINTIO -DKEEP_INT_AROUND -DLIMIT_ARGS -DBUILD_RRTMG_FAST=0 -DBUILD_RRTMK=0 -DBUILD_SBM_FAST=1 -DSHOW_ALL_VARS_USED=0 -DCONFIG_BUF_LEN=65536 -DMAX_DOMAINS_F=21 -DMAX_HISTORY=25 -DNMM_NEST=0 -DWRF_CHEM -DBUILD_CHEM=1 -I. -traditional-cpp -DUSE_NETCDF4_FEATURES -DWRFIO_NCD_LARGE_FILE_SUPPORT  cfft2b.F  > cfft2b.f90
ifort -c -real-size 32 -i4  -ip -fp-model precise -w -ftz -align all -fno-alias -FR -convert big_endian   cfft2b.f90
rm -f -f c1f3kf.f90
/lib/cpp -P -nostdinc -DEM_CORE=1 -DNMM_CORE=0 -DNMM_MAX_DIM=2600 -DDA_CORE=0 -DWRFPLUS=0 -DIWORDSIZE=4 -DDWORDSIZE=8 -DRWORDSIZE=4 -DLWORDSIZE=4 -DNONSTANDARD_SYSTEM_FUNC  -DWRF_USE_CLM -DUSE_NETCDF4_FEATURES -DWRFIO_NCD_LARGE_FILE_SUPPORT  -DDM_PARALLEL -DNETCDF -DLANDREAD_STUB=1 -DUSE_ALLOCATABLES -Dwrfmodel -DGRIB1 -DINTIO -DKEEP_INT_AROUND -DLIMIT_ARGS -DBUILD_RRTMG_FAST=0 -DBUILD_RRTMK=0 -DBUILD_SBM_FAST=1 -DSHOW_ALL_VARS_USED=0 -DCONFIG_BUF_LEN=65536 -DMAX_DOMAINS_F=21 -DMAX_HISTORY=25 -DNMM_NEST=0 -DWRF_CHEM -DBUILD_CHEM=1 -I. -traditional-cpp -DUSE_NETCDF4_FEATURES -DWRFIO_NCD_LARGE_FILE_SUPPORT  cmf5kb.F  > cmf5kb.f90
ifort -c -real-size 32 -i4  -ip -fp-model precise -w -ftz -align all -fno-alias -FR -convert big_endian   cmf5kb.f90
rm -f -f cfft2b.f90
/lib/cpp -P -nostdinc -DEM_CORE=1 -DNMM_CORE=0 -DNMM_MAX_DIM=2600 -DDA_CORE=0 -DWRFPLUS=0 -DIWORDSIZE=4 -DDWORDSIZE=8 -DRWORDSIZE=4 -DLWORDSIZE=4 -DNONSTANDARD_SYSTEM_FUNC  -DWRF_USE_CLM -DUSE_NETCDF4_FEATURES -DWRFIO_NCD_LARGE_FILE_SUPPORT  -DDM_PARALLEL -DNETCDF -DLANDREAD_STUB=1 -DUSE_ALLOCATABLES -Dwrfmodel -DGRIB1 -DINTIO -DKEEP_INT_AROUND -DLIMIT_ARGS -DBUILD_RRTMG_FAST=0 -DBUILD_RRTMK=0 -DBUILD_SBM_FAST=1 -DSHOW_ALL_VARS_USED=0 -DCONFIG_BUF_LEN=65536 -DMAX_DOMAINS_F=21 -DMAX_HISTORY=25 -DNMM_NEST=0 -DWRF_CHEM -DBUILD_CHEM=1 -I. -traditional-cpp -DUSE_NETCDF4_FEATURES -DWRFIO_NCD_LARGE_FILE_SUPPORT  cosqmf.F  > cosqmf.f90
ifort -c -real-size 32 -i4  -ip -fp-model precise -w -ftz -align all -fno-alias -FR -convert big_endian   cosqmf.f90
rm -f -f cosqmf.f90
/lib/cpp -P -nostdinc -DEM_CORE=1 -DNMM_CORE=0 -DNMM_MAX_DIM=2600 -DDA_CORE=0 -DWRFPLUS=0 -DIWORDSIZE=4 -DDWORDSIZE=8 -DRWORDSIZE=4 -DLWORDSIZE=4 -DNONSTANDARD_SYSTEM_FUNC  -DWRF_USE_CLM -DUSE_NETCDF4_FEATURES -DWRFIO_NCD_LARGE_FILE_SUPPORT  -DDM_PARALLEL -DNETCDF -DLANDREAD_STUB=1 -DUSE_ALLOCATABLES -Dwrfmodel -DGRIB1 -DINTIO -DKEEP_INT_AROUND -DLIMIT_ARGS -DBUILD_RRTMG_FAST=0 -DBUILD_RRTMK=0 -DBUILD_SBM_FAST=1 -DSHOW_ALL_VARS_USED=0 -DCONFIG_BUF_LEN=65536 -DMAX_DOMAINS_F=21 -DMAX_HISTORY=25 -DNMM_NEST=0 -DWRF_CHEM -DBUILD_CHEM=1 -I. -traditional-cpp -DUSE_NETCDF4_FEATURES -DWRFIO_NCD_LARGE_FILE_SUPPORT  d1f3kb.F  > d1f3kb.f90
ifort -c -real-size 32 -i4  -ip -fp-model precise -w -ftz -align all -fno-alias -FR -convert big_endian   d1f3kb.f90
rm -f -f cmf5kb.f90
/lib/cpp -P -nostdinc -DEM_CORE=1 -DNMM_CORE=0 -DNMM_MAX_DIM=2600 -DDA_CORE=0 -DWRFPLUS=0 -DIWORDSIZE=4 -DDWORDSIZE=8 -DRWORDSIZE=4 -DLWORDSIZE=4 -DNONSTANDARD_SYSTEM_FUNC  -DWRF_USE_CLM -DUSE_NETCDF4_FEATURES -DWRFIO_NCD_LARGE_FILE_SUPPORT  -DDM_PARALLEL -DNETCDF -DLANDREAD_STUB=1 -DUSE_ALLOCATABLES -Dwrfmodel -DGRIB1 -DINTIO -DKEEP_INT_AROUND -DLIMIT_ARGS -DBUILD_RRTMG_FAST=0 -DBUILD_RRTMK=0 -DBUILD_SBM_FAST=1 -DSHOW_ALL_VARS_USED=0 -DCONFIG_BUF_LEN=65536 -DMAX_DOMAINS_F=21 -DMAX_HISTORY=25 -DNMM_NEST=0 -DWRF_CHEM -DBUILD_CHEM=1 -I. -traditional-cpp -DUSE_NETCDF4_FEATURES -DWRFIO_NCD_LARGE_FILE_SUPPORT  dcosqf1.F  > dcosqf1.f90
ifort -c -real-size 32 -i4  -ip -fp-model precise -w -ftz -align all -fno-alias -FR -convert big_endian   dcosqf1.f90
rm -f -f dcosqf1.f90
/lib/cpp -P -nostdinc -DEM_CORE=1 -DNMM_CORE=0 -DNMM_MAX_DIM=2600 -DDA_CORE=0 -DWRFPLUS=0 -DIWORDSIZE=4 -DDWORDSIZE=8 -DRWORDSIZE=4 -DLWORDSIZE=4 -DNONSTANDARD_SYSTEM_FUNC  -DWRF_USE_CLM -DUSE_NETCDF4_FEATURES -DWRFIO_NCD_LARGE_FILE_SUPPORT  -DDM_PARALLEL -DNETCDF -DLANDREAD_STUB=1 -DUSE_ALLOCATABLES -Dwrfmodel -DGRIB1 -DINTIO -DKEEP_INT_AROUND -DLIMIT_ARGS -DBUILD_RRTMG_FAST=0 -DBUILD_RRTMK=0 -DBUILD_SBM_FAST=1 -DSHOW_ALL_VARS_USED=0 -DCONFIG_BUF_LEN=65536 -DMAX_DOMAINS_F=21 -DMAX_HISTORY=25 -DNMM_NEST=0 -DWRF_CHEM -DBUILD_CHEM=1 -I. -traditional-cpp -DUSE_NETCDF4_FEATURES -DWRFIO_NCD_LARGE_FILE_SUPPORT  dsint1b.F  > dsint1b.f90
rm -f -f d1f3kb.f90
/lib/cpp -P -nostdinc -DEM_CORE=1 -DNMM_CORE=0 -DNMM_MAX_DIM=2600 -DDA_CORE=0 -DWRFPLUS=0 -DIWORDSIZE=4 -DDWORDSIZE=8 -DRWORDSIZE=4 -DLWORDSIZE=4 -DNONSTANDARD_SYSTEM_FUNC  -DWRF_USE_CLM -DUSE_NETCDF4_FEATURES -DWRFIO_NCD_LARGE_FILE_SUPPORT  -DDM_PARALLEL -DNETCDF -DLANDREAD_STUB=1 -DUSE_ALLOCATABLES -Dwrfmodel -DGRIB1 -DINTIO -DKEEP_INT_AROUND -DLIMIT_ARGS -DBUILD_RRTMG_FAST=0 -DBUILD_RRTMK=0 -DBUILD_SBM_FAST=1 -DSHOW_ALL_VARS_USED=0 -DCONFIG_BUF_LEN=65536 -DMAX_DOMAINS_F=21 -DMAX_HISTORY=25 -DNMM_NEST=0 -DWRF_CHEM -DBUILD_CHEM=1 -I. -traditional-cpp -DUSE_NETCDF4_FEATURES -DWRFIO_NCD_LARGE_FILE_SUPPORT  mradb5.F  > mradb5.f90
ifort -c -real-size 32 -i4  -ip -fp-model precise -w -ftz -align all -fno-alias -FR -convert big_endian   dsint1b.f90
ifort -c -real-size 32 -i4  -ip -fp-model precise -w -ftz -align all -fno-alias -FR -convert big_endian   mradb5.f90
rm -f -f dsint1b.f90
/lib/cpp -P -nostdinc -DEM_CORE=1 -DNMM_CORE=0 -DNMM_MAX_DIM=2600 -DDA_CORE=0 -DWRFPLUS=0 -DIWORDSIZE=4 -DDWORDSIZE=8 -DRWORDSIZE=4 -DLWORDSIZE=4 -DNONSTANDARD_SYSTEM_FUNC  -DWRF_USE_CLM -DUSE_NETCDF4_FEATURES -DWRFIO_NCD_LARGE_FILE_SUPPORT  -DDM_PARALLEL -DNETCDF -DLANDREAD_STUB=1 -DUSE_ALLOCATABLES -Dwrfmodel -DGRIB1 -DINTIO -DKEEP_INT_AROUND -DLIMIT_ARGS -DBUILD_RRTMG_FAST=0 -DBUILD_RRTMK=0 -DBUILD_SBM_FAST=1 -DSHOW_ALL_VARS_USED=0 -DCONFIG_BUF_LEN=65536 -DMAX_DOMAINS_F=21 -DMAX_HISTORY=25 -DNMM_NEST=0 -DWRF_CHEM -DBUILD_CHEM=1 -I. -traditional-cpp -DUSE_NETCDF4_FEATURES -DWRFIO_NCD_LARGE_FILE_SUPPORT  r1f2kb.F  > r1f2kb.f90
ifort -c -real-size 32 -i4  -ip -fp-model precise -w -ftz -align all -fno-alias -FR -convert big_endian   r1f2kb.f90
rm -f -f r1f2kb.f90
/lib/cpp -P -nostdinc -DEM_CORE=1 -DNMM_CORE=0 -DNMM_MAX_DIM=2600 -DDA_CORE=0 -DWRFPLUS=0 -DIWORDSIZE=4 -DDWORDSIZE=8 -DRWORDSIZE=4 -DLWORDSIZE=4 -DNONSTANDARD_SYSTEM_FUNC  -DWRF_USE_CLM -DUSE_NETCDF4_FEATURES -DWRFIO_NCD_LARGE_FILE_SUPPORT  -DDM_PARALLEL -DNETCDF -DLANDREAD_STUB=1 -DUSE_ALLOCATABLES -Dwrfmodel -DGRIB1 -DINTIO -DKEEP_INT_AROUND -DLIMIT_ARGS -DBUILD_RRTMG_FAST=0 -DBUILD_RRTMK=0 -DBUILD_SBM_FAST=1 -DSHOW_ALL_VARS_USED=0 -DCONFIG_BUF_LEN=65536 -DMAX_DOMAINS_F=21 -DMAX_HISTORY=25 -DNMM_NEST=0 -DWRF_CHEM -DBUILD_CHEM=1 -I. -traditional-cpp -DUSE_NETCDF4_FEATURES -DWRFIO_NCD_LARGE_FILE_SUPPORT  r4_tables.F  > r4_tables.f90
rm -f -f mradb5.f90
ifort -c -real-size 32 -i4  -ip -fp-model precise -w -ftz -align all -fno-alias -FR -convert big_endian   r4_tables.f90
/lib/cpp -P -nostdinc -DEM_CORE=1 -DNMM_CORE=0 -DNMM_MAX_DIM=2600 -DDA_CORE=0 -DWRFPLUS=0 -DIWORDSIZE=4 -DDWORDSIZE=8 -DRWORDSIZE=4 -DLWORDSIZE=4 -DNONSTANDARD_SYSTEM_FUNC  -DWRF_USE_CLM -DUSE_NETCDF4_FEATURES -DWRFIO_NCD_LARGE_FILE_SUPPORT  -DDM_PARALLEL -DNETCDF -DLANDREAD_STUB=1 -DUSE_ALLOCATABLES -Dwrfmodel -DGRIB1 -DINTIO -DKEEP_INT_AROUND -DLIMIT_ARGS -DBUILD_RRTMG_FAST=0 -DBUILD_RRTMK=0 -DBUILD_SBM_FAST=1 -DSHOW_ALL_VARS_USED=0 -DCONFIG_BUF_LEN=65536 -DMAX_DOMAINS_F=21 -DMAX_HISTORY=25 -DNMM_NEST=0 -DWRF_CHEM -DBUILD_CHEM=1 -I. -traditional-cpp -DUSE_NETCDF4_FEATURES -DWRFIO_NCD_LARGE_FILE_SUPPORT  rffti1.F  > rffti1.f90
ifort -c -real-size 32 -i4  -ip -fp-model precise -w -ftz -align all -fno-alias -FR -convert big_endian   rffti1.f90
rm -f -f r4_tables.f90
/lib/cpp -P -nostdinc -DEM_CORE=1 -DNMM_CORE=0 -DNMM_MAX_DIM=2600 -DDA_CORE=0 -DWRFPLUS=0 -DIWORDSIZE=4 -DDWORDSIZE=8 -DRWORDSIZE=4 -DLWORDSIZE=4 -DNONSTANDARD_SYSTEM_FUNC  -DWRF_USE_CLM -DUSE_NETCDF4_FEATURES -DWRFIO_NCD_LARGE_FILE_SUPPORT  -DDM_PARALLEL -DNETCDF -DLANDREAD_STUB=1 -DUSE_ALLOCATABLES -Dwrfmodel -DGRIB1 -DINTIO -DKEEP_INT_AROUND -DLIMIT_ARGS -DBUILD_RRTMG_FAST=0 -DBUILD_RRTMK=0 -DBUILD_SBM_FAST=1 -DSHOW_ALL_VARS_USED=0 -DCONFIG_BUF_LEN=65536 -DMAX_DOMAINS_F=21 -DMAX_HISTORY=25 -DNMM_NEST=0 -DWRF_CHEM -DBUILD_CHEM=1 -I. -traditional-cpp -DUSE_NETCDF4_FEATURES -DWRFIO_NCD_LARGE_FILE_SUPPORT  sint1i.F  > sint1i.f90
ifort -c -real-size 32 -i4  -ip -fp-model precise -w -ftz -align all -fno-alias -FR -convert big_endian   sint1i.f90
rm -f -f rffti1.f90
/lib/cpp -P -nostdinc -DEM_CORE=1 -DNMM_CORE=0 -DNMM_MAX_DIM=2600 -DDA_CORE=0 -DWRFPLUS=0 -DIWORDSIZE=4 -DDWORDSIZE=8 -DRWORDSIZE=4 -DLWORDSIZE=4 -DNONSTANDARD_SYSTEM_FUNC  -DWRF_USE_CLM -DUSE_NETCDF4_FEATURES -DWRFIO_NCD_LARGE_FILE_SUPPORT  -DDM_PARALLEL -DNETCDF -DLANDREAD_STUB=1 -DUSE_ALLOCATABLES -Dwrfmodel -DGRIB1 -DINTIO -DKEEP_INT_AROUND -DLIMIT_ARGS -DBUILD_RRTMG_FAST=0 -DBUILD_RRTMK=0 -DBUILD_SBM_FAST=1 -DSHOW_ALL_VARS_USED=0 -DCONFIG_BUF_LEN=65536 -DMAX_DOMAINS_F=21 -DMAX_HISTORY=25 -DNMM_NEST=0 -DWRF_CHEM -DBUILD_CHEM=1 -I. -traditional-cpp -DUSE_NETCDF4_FEATURES -DWRFIO_NCD_LARGE_FILE_SUPPORT  z1f4kb.F  > z1f4kb.f90
ifort -c -real-size 32 -i4  -ip -fp-model precise -w -ftz -align all -fno-alias -FR -convert big_endian   z1f4kb.f90
rm -f -f sint1i.f90
/lib/cpp -P -nostdinc -DEM_CORE=1 -DNMM_CORE=0 -DNMM_MAX_DIM=2600 -DDA_CORE=0 -DWRFPLUS=0 -DIWORDSIZE=4 -DDWORDSIZE=8 -DRWORDSIZE=4 -DLWORDSIZE=4 -DNONSTANDARD_SYSTEM_FUNC  -DWRF_USE_CLM -DUSE_NETCDF4_FEATURES -DWRFIO_NCD_LARGE_FILE_SUPPORT  -DDM_PARALLEL -DNETCDF -DLANDREAD_STUB=1 -DUSE_ALLOCATABLES -Dwrfmodel -DGRIB1 -DINTIO -DKEEP_INT_AROUND -DLIMIT_ARGS -DBUILD_RRTMG_FAST=0 -DBUILD_RRTMK=0 -DBUILD_SBM_FAST=1 -DSHOW_ALL_VARS_USED=0 -DCONFIG_BUF_LEN=65536 -DMAX_DOMAINS_F=21 -DMAX_HISTORY=25 -DNMM_NEST=0 -DWRF_CHEM -DBUILD_CHEM=1 -I. -traditional-cpp -DUSE_NETCDF4_FEATURES -DWRFIO_NCD_LARGE_FILE_SUPPORT  zfft2f.F  > zfft2f.f90
ifort -c -real-size 32 -i4  -ip -fp-model precise -w -ftz -align all -fno-alias -FR -convert big_endian   zfft2f.f90
rm -f -f z1f4kb.f90
/lib/cpp -P -nostdinc -DEM_CORE=1 -DNMM_CORE=0 -DNMM_MAX_DIM=2600 -DDA_CORE=0 -DWRFPLUS=0 -DIWORDSIZE=4 -DDWORDSIZE=8 -DRWORDSIZE=4 -DLWORDSIZE=4 -DNONSTANDARD_SYSTEM_FUNC  -DWRF_USE_CLM -DUSE_NETCDF4_FEATURES -DWRFIO_NCD_LARGE_FILE_SUPPORT  -DDM_PARALLEL -DNETCDF -DLANDREAD_STUB=1 -DUSE_ALLOCATABLES -Dwrfmodel -DGRIB1 -DINTIO -DKEEP_INT_AROUND -DLIMIT_ARGS -DBUILD_RRTMG_FAST=0 -DBUILD_RRTMK=0 -DBUILD_SBM_FAST=1 -DSHOW_ALL_VARS_USED=0 -DCONFIG_BUF_LEN=65536 -DMAX_DOMAINS_F=21 -DMAX_HISTORY=25 -DNMM_NEST=0 -DWRF_CHEM -DBUILD_CHEM=1 -I. -traditional-cpp -DUSE_NETCDF4_FEATURES -DWRFIO_NCD_LARGE_FILE_SUPPORT  zmf5kf.F  > zmf5kf.f90
ifort -c -real-size 32 -i4  -ip -fp-model precise -w -ftz -align all -fno-alias -FR -convert big_endian   zmf5kf.f90
rm -f -f zfft2f.f90
/lib/cpp -P -nostdinc -DEM_CORE=1 -DNMM_CORE=0 -DNMM_MAX_DIM=2600 -DDA_CORE=0 -DWRFPLUS=0 -DIWORDSIZE=4 -DDWORDSIZE=8 -DRWORDSIZE=4 -DLWORDSIZE=4 -DNONSTANDARD_SYSTEM_FUNC  -DWRF_USE_CLM -DUSE_NETCDF4_FEATURES -DWRFIO_NCD_LARGE_FILE_SUPPORT  -DDM_PARALLEL -DNETCDF -DLANDREAD_STUB=1 -DUSE_ALLOCATABLES -Dwrfmodel -DGRIB1 -DINTIO -DKEEP_INT_AROUND -DLIMIT_ARGS -DBUILD_RRTMG_FAST=0 -DBUILD_RRTMK=0 -DBUILD_SBM_FAST=1 -DSHOW_ALL_VARS_USED=0 -DCONFIG_BUF_LEN=65536 -DMAX_DOMAINS_F=21 -DMAX_HISTORY=25 -DNMM_NEST=0 -DWRF_CHEM -DBUILD_CHEM=1 -I. -traditional-cpp -DUSE_NETCDF4_FEATURES -DWRFIO_NCD_LARGE_FILE_SUPPORT  c1f4kb.F  > c1f4kb.f90
ifort -c -real-size 32 -i4  -ip -fp-model precise -w -ftz -align all -fno-alias -FR -convert big_endian   c1f4kb.f90
rm -f -f zmf5kf.f90
/lib/cpp -P -nostdinc -DEM_CORE=1 -DNMM_CORE=0 -DNMM_MAX_DIM=2600 -DDA_CORE=0 -DWRFPLUS=0 -DIWORDSIZE=4 -DDWORDSIZE=8 -DRWORDSIZE=4 -DLWORDSIZE=4 -DNONSTANDARD_SYSTEM_FUNC  -DWRF_USE_CLM -DUSE_NETCDF4_FEATURES -DWRFIO_NCD_LARGE_FILE_SUPPORT  -DDM_PARALLEL -DNETCDF -DLANDREAD_STUB=1 -DUSE_ALLOCATABLES -Dwrfmodel -DGRIB1 -DINTIO -DKEEP_INT_AROUND -DLIMIT_ARGS -DBUILD_RRTMG_FAST=0 -DBUILD_RRTMK=0 -DBUILD_SBM_FAST=1 -DSHOW_ALL_VARS_USED=0 -DCONFIG_BUF_LEN=65536 -DMAX_DOMAINS_F=21 -DMAX_HISTORY=25 -DNMM_NEST=0 -DWRF_CHEM -DBUILD_CHEM=1 -I. -traditional-cpp -DUSE_NETCDF4_FEATURES -DWRFIO_NCD_LARGE_FILE_SUPPORT  cfft2f.F  > cfft2f.f90
ifort -c -real-size 32 -i4  -ip -fp-model precise -w -ftz -align all -fno-alias -FR -convert big_endian   cfft2f.f90
rm -f -f c1f4kb.f90
/lib/cpp -P -nostdinc -DEM_CORE=1 -DNMM_CORE=0 -DNMM_MAX_DIM=2600 -DDA_CORE=0 -DWRFPLUS=0 -DIWORDSIZE=4 -DDWORDSIZE=8 -DRWORDSIZE=4 -DLWORDSIZE=4 -DNONSTANDARD_SYSTEM_FUNC  -DWRF_USE_CLM -DUSE_NETCDF4_FEATURES -DWRFIO_NCD_LARGE_FILE_SUPPORT  -DDM_PARALLEL -DNETCDF -DLANDREAD_STUB=1 -DUSE_ALLOCATABLES -Dwrfmodel -DGRIB1 -DINTIO -DKEEP_INT_AROUND -DLIMIT_ARGS -DBUILD_RRTMG_FAST=0 -DBUILD_RRTMK=0 -DBUILD_SBM_FAST=1 -DSHOW_ALL_VARS_USED=0 -DCONFIG_BUF_LEN=65536 -DMAX_DOMAINS_F=21 -DMAX_HISTORY=25 -DNMM_NEST=0 -DWRF_CHEM -DBUILD_CHEM=1 -I. -traditional-cpp -DUSE_NETCDF4_FEATURES -DWRFIO_NCD_LARGE_FILE_SUPPORT  cmf5kf.F  > cmf5kf.f90
ifort -c -real-size 32 -i4  -ip -fp-model precise -w -ftz -align all -fno-alias -FR -convert big_endian   cmf5kf.f90
rm -f -f cfft2f.f90
/lib/cpp -P -nostdinc -DEM_CORE=1 -DNMM_CORE=0 -DNMM_MAX_DIM=2600 -DDA_CORE=0 -DWRFPLUS=0 -DIWORDSIZE=4 -DDWORDSIZE=8 -DRWORDSIZE=4 -DLWORDSIZE=4 -DNONSTANDARD_SYSTEM_FUNC  -DWRF_USE_CLM -DUSE_NETCDF4_FEATURES -DWRFIO_NCD_LARGE_FILE_SUPPORT  -DDM_PARALLEL -DNETCDF -DLANDREAD_STUB=1 -DUSE_ALLOCATABLES -Dwrfmodel -DGRIB1 -DINTIO -DKEEP_INT_AROUND -DLIMIT_ARGS -DBUILD_RRTMG_FAST=0 -DBUILD_RRTMK=0 -DBUILD_SBM_FAST=1 -DSHOW_ALL_VARS_USED=0 -DCONFIG_BUF_LEN=65536 -DMAX_DOMAINS_F=21 -DMAX_HISTORY=25 -DNMM_NEST=0 -DWRF_CHEM -DBUILD_CHEM=1 -I. -traditional-cpp -DUSE_NETCDF4_FEATURES -DWRFIO_NCD_LARGE_FILE_SUPPORT  cosqmi.F  > cosqmi.f90
ifort -c -real-size 32 -i4  -ip -fp-model precise -w -ftz -align all -fno-alias -FR -convert big_endian   cosqmi.f90
rm -f -f cosqmi.f90
/lib/cpp -P -nostdinc -DEM_CORE=1 -DNMM_CORE=0 -DNMM_MAX_DIM=2600 -DDA_CORE=0 -DWRFPLUS=0 -DIWORDSIZE=4 -DDWORDSIZE=8 -DRWORDSIZE=4 -DLWORDSIZE=4 -DNONSTANDARD_SYSTEM_FUNC  -DWRF_USE_CLM -DUSE_NETCDF4_FEATURES -DWRFIO_NCD_LARGE_FILE_SUPPORT  -DDM_PARALLEL -DNETCDF -DLANDREAD_STUB=1 -DUSE_ALLOCATABLES -Dwrfmodel -DGRIB1 -DINTIO -DKEEP_INT_AROUND -DLIMIT_ARGS -DBUILD_RRTMG_FAST=0 -DBUILD_RRTMK=0 -DBUILD_SBM_FAST=1 -DSHOW_ALL_VARS_USED=0 -DCONFIG_BUF_LEN=65536 -DMAX_DOMAINS_F=21 -DMAX_HISTORY=25 -DNMM_NEST=0 -DWRF_CHEM -DBUILD_CHEM=1 -I. -traditional-cpp -DUSE_NETCDF4_FEATURES -DWRFIO_NCD_LARGE_FILE_SUPPORT  d1f3kf.F  > d1f3kf.f90
ifort -c -real-size 32 -i4  -ip -fp-model precise -w -ftz -align all -fno-alias -FR -convert big_endian   d1f3kf.f90
rm -f -f cmf5kf.f90
/lib/cpp -P -nostdinc -DEM_CORE=1 -DNMM_CORE=0 -DNMM_MAX_DIM=2600 -DDA_CORE=0 -DWRFPLUS=0 -DIWORDSIZE=4 -DDWORDSIZE=8 -DRWORDSIZE=4 -DLWORDSIZE=4 -DNONSTANDARD_SYSTEM_FUNC  -DWRF_USE_CLM -DUSE_NETCDF4_FEATURES -DWRFIO_NCD_LARGE_FILE_SUPPORT  -DDM_PARALLEL -DNETCDF -DLANDREAD_STUB=1 -DUSE_ALLOCATABLES -Dwrfmodel -DGRIB1 -DINTIO -DKEEP_INT_AROUND -DLIMIT_ARGS -DBUILD_RRTMG_FAST=0 -DBUILD_RRTMK=0 -DBUILD_SBM_FAST=1 -DSHOW_ALL_VARS_USED=0 -DCONFIG_BUF_LEN=65536 -DMAX_DOMAINS_F=21 -DMAX_HISTORY=25 -DNMM_NEST=0 -DWRF_CHEM -DBUILD_CHEM=1 -I. -traditional-cpp -DUSE_NETCDF4_FEATURES -DWRFIO_NCD_LARGE_FILE_SUPPORT  dcost1b.F  > dcost1b.f90
ifort -c -real-size 32 -i4  -ip -fp-model precise -w -ftz -align all -fno-alias -FR -convert big_endian   dcost1b.f90
rm -f -f dcost1b.f90
/lib/cpp -P -nostdinc -DEM_CORE=1 -DNMM_CORE=0 -DNMM_MAX_DIM=2600 -DDA_CORE=0 -DWRFPLUS=0 -DIWORDSIZE=4 -DDWORDSIZE=8 -DRWORDSIZE=4 -DLWORDSIZE=4 -DNONSTANDARD_SYSTEM_FUNC  -DWRF_USE_CLM -DUSE_NETCDF4_FEATURES -DWRFIO_NCD_LARGE_FILE_SUPPORT  -DDM_PARALLEL -DNETCDF -DLANDREAD_STUB=1 -DUSE_ALLOCATABLES -Dwrfmodel -DGRIB1 -DINTIO -DKEEP_INT_AROUND -DLIMIT_ARGS -DBUILD_RRTMG_FAST=0 -DBUILD_RRTMK=0 -DBUILD_SBM_FAST=1 -DSHOW_ALL_VARS_USED=0 -DCONFIG_BUF_LEN=65536 -DMAX_DOMAINS_F=21 -DMAX_HISTORY=25 -DNMM_NEST=0 -DWRF_CHEM -DBUILD_CHEM=1 -I. -traditional-cpp -DUSE_NETCDF4_FEATURES -DWRFIO_NCD_LARGE_FILE_SUPPORT  dsint1f.F  > dsint1f.f90
ifort -c -real-size 32 -i4  -ip -fp-model precise -w -ftz -align all -fno-alias -FR -convert big_endian   dsint1f.f90
rm -f -f d1f3kf.f90
/lib/cpp -P -nostdinc -DEM_CORE=1 -DNMM_CORE=0 -DNMM_MAX_DIM=2600 -DDA_CORE=0 -DWRFPLUS=0 -DIWORDSIZE=4 -DDWORDSIZE=8 -DRWORDSIZE=4 -DLWORDSIZE=4 -DNONSTANDARD_SYSTEM_FUNC  -DWRF_USE_CLM -DUSE_NETCDF4_FEATURES -DWRFIO_NCD_LARGE_FILE_SUPPORT  -DDM_PARALLEL -DNETCDF -DLANDREAD_STUB=1 -DUSE_ALLOCATABLES -Dwrfmodel -DGRIB1 -DINTIO -DKEEP_INT_AROUND -DLIMIT_ARGS -DBUILD_RRTMG_FAST=0 -DBUILD_RRTMK=0 -DBUILD_SBM_FAST=1 -DSHOW_ALL_VARS_USED=0 -DCONFIG_BUF_LEN=65536 -DMAX_DOMAINS_F=21 -DMAX_HISTORY=25 -DNMM_NEST=0 -DWRF_CHEM -DBUILD_CHEM=1 -I. -traditional-cpp -DUSE_NETCDF4_FEATURES -DWRFIO_NCD_LARGE_FILE_SUPPORT  mradbg.F  > mradbg.f90
ifort -c -real-size 32 -i4  -ip -fp-model precise -w -ftz -align all -fno-alias -FR -convert big_endian   mradbg.f90
rm -f -f dsint1f.f90
/lib/cpp -P -nostdinc -DEM_CORE=1 -DNMM_CORE=0 -DNMM_MAX_DIM=2600 -DDA_CORE=0 -DWRFPLUS=0 -DIWORDSIZE=4 -DDWORDSIZE=8 -DRWORDSIZE=4 -DLWORDSIZE=4 -DNONSTANDARD_SYSTEM_FUNC  -DWRF_USE_CLM -DUSE_NETCDF4_FEATURES -DWRFIO_NCD_LARGE_FILE_SUPPORT  -DDM_PARALLEL -DNETCDF -DLANDREAD_STUB=1 -DUSE_ALLOCATABLES -Dwrfmodel -DGRIB1 -DINTIO -DKEEP_INT_AROUND -DLIMIT_ARGS -DBUILD_RRTMG_FAST=0 -DBUILD_RRTMK=0 -DBUILD_SBM_FAST=1 -DSHOW_ALL_VARS_USED=0 -DCONFIG_BUF_LEN=65536 -DMAX_DOMAINS_F=21 -DMAX_HISTORY=25 -DNMM_NEST=0 -DWRF_CHEM -DBUILD_CHEM=1 -I. -traditional-cpp -DUSE_NETCDF4_FEATURES -DWRFIO_NCD_LARGE_FILE_SUPPORT  r1f2kf.F  > r1f2kf.f90
ifort -c -real-size 32 -i4  -ip -fp-model precise -w -ftz -align all -fno-alias -FR -convert big_endian   r1f2kf.f90
rm -f -f r1f2kf.f90
/lib/cpp -P -nostdinc -DEM_CORE=1 -DNMM_CORE=0 -DNMM_MAX_DIM=2600 -DDA_CORE=0 -DWRFPLUS=0 -DIWORDSIZE=4 -DDWORDSIZE=8 -DRWORDSIZE=4 -DLWORDSIZE=4 -DNONSTANDARD_SYSTEM_FUNC  -DWRF_USE_CLM -DUSE_NETCDF4_FEATURES -DWRFIO_NCD_LARGE_FILE_SUPPORT  -DDM_PARALLEL -DNETCDF -DLANDREAD_STUB=1 -DUSE_ALLOCATABLES -Dwrfmodel -DGRIB1 -DINTIO -DKEEP_INT_AROUND -DLIMIT_ARGS -DBUILD_RRTMG_FAST=0 -DBUILD_RRTMK=0 -DBUILD_SBM_FAST=1 -DSHOW_ALL_VARS_USED=0 -DCONFIG_BUF_LEN=65536 -DMAX_DOMAINS_F=21 -DMAX_HISTORY=25 -DNMM_NEST=0 -DWRF_CHEM -DBUILD_CHEM=1 -I. -traditional-cpp -DUSE_NETCDF4_FEATURES -DWRFIO_NCD_LARGE_FILE_SUPPORT  r8_factor.F  > r8_factor.f90
ifort -c -real-size 32 -i4  -ip -fp-model precise -w -ftz -align all -fno-alias -FR -convert big_endian   r8_factor.f90
rm -f -f mradbg.f90
/lib/cpp -P -nostdinc -DEM_CORE=1 -DNMM_CORE=0 -DNMM_MAX_DIM=2600 -DDA_CORE=0 -DWRFPLUS=0 -DIWORDSIZE=4 -DDWORDSIZE=8 -DRWORDSIZE=4 -DLWORDSIZE=4 -DNONSTANDARD_SYSTEM_FUNC  -DWRF_USE_CLM -DUSE_NETCDF4_FEATURES -DWRFIO_NCD_LARGE_FILE_SUPPORT  -DDM_PARALLEL -DNETCDF -DLANDREAD_STUB=1 -DUSE_ALLOCATABLES -Dwrfmodel -DGRIB1 -DINTIO -DKEEP_INT_AROUND -DLIMIT_ARGS -DBUILD_RRTMG_FAST=0 -DBUILD_RRTMK=0 -DBUILD_SBM_FAST=1 -DSHOW_ALL_VARS_USED=0 -DCONFIG_BUF_LEN=65536 -DMAX_DOMAINS_F=21 -DMAX_HISTORY=25 -DNMM_NEST=0 -DWRF_CHEM -DBUILD_CHEM=1 -I. -traditional-cpp -DUSE_NETCDF4_FEATURES -DWRFIO_NCD_LARGE_FILE_SUPPORT  rfftmb.F  > rfftmb.f90
ifort -c -real-size 32 -i4  -ip -fp-model precise -w -ftz -align all -fno-alias -FR -convert big_endian   rfftmb.f90
rm -f -f rfftmb.f90
/lib/cpp -P -nostdinc -DEM_CORE=1 -DNMM_CORE=0 -DNMM_MAX_DIM=2600 -DDA_CORE=0 -DWRFPLUS=0 -DIWORDSIZE=4 -DDWORDSIZE=8 -DRWORDSIZE=4 -DLWORDSIZE=4 -DNONSTANDARD_SYSTEM_FUNC  -DWRF_USE_CLM -DUSE_NETCDF4_FEATURES -DWRFIO_NCD_LARGE_FILE_SUPPORT  -DDM_PARALLEL -DNETCDF -DLANDREAD_STUB=1 -DUSE_ALLOCATABLES -Dwrfmodel -DGRIB1 -DINTIO -DKEEP_INT_AROUND -DLIMIT_ARGS -DBUILD_RRTMG_FAST=0 -DBUILD_RRTMK=0 -DBUILD_SBM_FAST=1 -DSHOW_ALL_VARS_USED=0 -DCONFIG_BUF_LEN=65536 -DMAX_DOMAINS_F=21 -DMAX_HISTORY=25 -DNMM_NEST=0 -DWRF_CHEM -DBUILD_CHEM=1 -I. -traditional-cpp -DUSE_NETCDF4_FEATURES -DWRFIO_NCD_LARGE_FILE_SUPPORT  sintb1.F  > sintb1.f90
rm -f -f r8_factor.f90
/lib/cpp -P -nostdinc -DEM_CORE=1 -DNMM_CORE=0 -DNMM_MAX_DIM=2600 -DDA_CORE=0 -DWRFPLUS=0 -DIWORDSIZE=4 -DDWORDSIZE=8 -DRWORDSIZE=4 -DLWORDSIZE=4 -DNONSTANDARD_SYSTEM_FUNC  -DWRF_USE_CLM -DUSE_NETCDF4_FEATURES -DWRFIO_NCD_LARGE_FILE_SUPPORT  -DDM_PARALLEL -DNETCDF -DLANDREAD_STUB=1 -DUSE_ALLOCATABLES -Dwrfmodel -DGRIB1 -DINTIO -DKEEP_INT_AROUND -DLIMIT_ARGS -DBUILD_RRTMG_FAST=0 -DBUILD_RRTMK=0 -DBUILD_SBM_FAST=1 -DSHOW_ALL_VARS_USED=0 -DCONFIG_BUF_LEN=65536 -DMAX_DOMAINS_F=21 -DMAX_HISTORY=25 -DNMM_NEST=0 -DWRF_CHEM -DBUILD_CHEM=1 -I. -traditional-cpp -DUSE_NETCDF4_FEATURES -DWRFIO_NCD_LARGE_FILE_SUPPORT  z1f4kf.F  > z1f4kf.f90
ifort -c -real-size 32 -i4  -ip -fp-model precise -w -ftz -align all -fno-alias -FR -convert big_endian   sintb1.f90
ifort -c -real-size 32 -i4  -ip -fp-model precise -w -ftz -align all -fno-alias -FR -convert big_endian   z1f4kf.f90
rm -f -f sintb1.f90
/lib/cpp -P -nostdinc -DEM_CORE=1 -DNMM_CORE=0 -DNMM_MAX_DIM=2600 -DDA_CORE=0 -DWRFPLUS=0 -DIWORDSIZE=4 -DDWORDSIZE=8 -DRWORDSIZE=4 -DLWORDSIZE=4 -DNONSTANDARD_SYSTEM_FUNC  -DWRF_USE_CLM -DUSE_NETCDF4_FEATURES -DWRFIO_NCD_LARGE_FILE_SUPPORT  -DDM_PARALLEL -DNETCDF -DLANDREAD_STUB=1 -DUSE_ALLOCATABLES -Dwrfmodel -DGRIB1 -DINTIO -DKEEP_INT_AROUND -DLIMIT_ARGS -DBUILD_RRTMG_FAST=0 -DBUILD_RRTMK=0 -DBUILD_SBM_FAST=1 -DSHOW_ALL_VARS_USED=0 -DCONFIG_BUF_LEN=65536 -DMAX_DOMAINS_F=21 -DMAX_HISTORY=25 -DNMM_NEST=0 -DWRF_CHEM -DBUILD_CHEM=1 -I. -traditional-cpp -DUSE_NETCDF4_FEATURES -DWRFIO_NCD_LARGE_FILE_SUPPORT  zfft2i.F  > zfft2i.f90
ifort -c -real-size 32 -i4  -ip -fp-model precise -w -ftz -align all -fno-alias -FR -convert big_endian   zfft2i.f90
rm -f -f z1f4kf.f90
/lib/cpp -P -nostdinc -DEM_CORE=1 -DNMM_CORE=0 -DNMM_MAX_DIM=2600 -DDA_CORE=0 -DWRFPLUS=0 -DIWORDSIZE=4 -DDWORDSIZE=8 -DRWORDSIZE=4 -DLWORDSIZE=4 -DNONSTANDARD_SYSTEM_FUNC  -DWRF_USE_CLM -DUSE_NETCDF4_FEATURES -DWRFIO_NCD_LARGE_FILE_SUPPORT  -DDM_PARALLEL -DNETCDF -DLANDREAD_STUB=1 -DUSE_ALLOCATABLES -Dwrfmodel -DGRIB1 -DINTIO -DKEEP_INT_AROUND -DLIMIT_ARGS -DBUILD_RRTMG_FAST=0 -DBUILD_RRTMK=0 -DBUILD_SBM_FAST=1 -DSHOW_ALL_VARS_USED=0 -DCONFIG_BUF_LEN=65536 -DMAX_DOMAINS_F=21 -DMAX_HISTORY=25 -DNMM_NEST=0 -DWRF_CHEM -DBUILD_CHEM=1 -I. -traditional-cpp -DUSE_NETCDF4_FEATURES -DWRFIO_NCD_LARGE_FILE_SUPPORT  zmfgkb.F  > zmfgkb.f90
ifort -c -real-size 32 -i4  -ip -fp-model precise -w -ftz -align all -fno-alias -FR -convert big_endian   zmfgkb.f90
rm -f -f zfft2i.f90
/lib/cpp -P -nostdinc -DEM_CORE=1 -DNMM_CORE=0 -DNMM_MAX_DIM=2600 -DDA_CORE=0 -DWRFPLUS=0 -DIWORDSIZE=4 -DDWORDSIZE=8 -DRWORDSIZE=4 -DLWORDSIZE=4 -DNONSTANDARD_SYSTEM_FUNC  -DWRF_USE_CLM -DUSE_NETCDF4_FEATURES -DWRFIO_NCD_LARGE_FILE_SUPPORT  -DDM_PARALLEL -DNETCDF -DLANDREAD_STUB=1 -DUSE_ALLOCATABLES -Dwrfmodel -DGRIB1 -DINTIO -DKEEP_INT_AROUND -DLIMIT_ARGS -DBUILD_RRTMG_FAST=0 -DBUILD_RRTMK=0 -DBUILD_SBM_FAST=1 -DSHOW_ALL_VARS_USED=0 -DCONFIG_BUF_LEN=65536 -DMAX_DOMAINS_F=21 -DMAX_HISTORY=25 -DNMM_NEST=0 -DWRF_CHEM -DBUILD_CHEM=1 -I. -traditional-cpp -DUSE_NETCDF4_FEATURES -DWRFIO_NCD_LARGE_FILE_SUPPORT  c1f4kf.F  > c1f4kf.f90
ifort -c -real-size 32 -i4  -ip -fp-model precise -w -ftz -align all -fno-alias -FR -convert big_endian   c1f4kf.f90
rm -f -f zmfgkb.f90
/lib/cpp -P -nostdinc -DEM_CORE=1 -DNMM_CORE=0 -DNMM_MAX_DIM=2600 -DDA_CORE=0 -DWRFPLUS=0 -DIWORDSIZE=4 -DDWORDSIZE=8 -DRWORDSIZE=4 -DLWORDSIZE=4 -DNONSTANDARD_SYSTEM_FUNC  -DWRF_USE_CLM -DUSE_NETCDF4_FEATURES -DWRFIO_NCD_LARGE_FILE_SUPPORT  -DDM_PARALLEL -DNETCDF -DLANDREAD_STUB=1 -DUSE_ALLOCATABLES -Dwrfmodel -DGRIB1 -DINTIO -DKEEP_INT_AROUND -DLIMIT_ARGS -DBUILD_RRTMG_FAST=0 -DBUILD_RRTMK=0 -DBUILD_SBM_FAST=1 -DSHOW_ALL_VARS_USED=0 -DCONFIG_BUF_LEN=65536 -DMAX_DOMAINS_F=21 -DMAX_HISTORY=25 -DNMM_NEST=0 -DWRF_CHEM -DBUILD_CHEM=1 -I. -traditional-cpp -DUSE_NETCDF4_FEATURES -DWRFIO_NCD_LARGE_FILE_SUPPORT  cfft2i.F  > cfft2i.f90
rm -f -f c1f4kf.f90
/lib/cpp -P -nostdinc -DEM_CORE=1 -DNMM_CORE=0 -DNMM_MAX_DIM=2600 -DDA_CORE=0 -DWRFPLUS=0 -DIWORDSIZE=4 -DDWORDSIZE=8 -DRWORDSIZE=4 -DLWORDSIZE=4 -DNONSTANDARD_SYSTEM_FUNC  -DWRF_USE_CLM -DUSE_NETCDF4_FEATURES -DWRFIO_NCD_LARGE_FILE_SUPPORT  -DDM_PARALLEL -DNETCDF -DLANDREAD_STUB=1 -DUSE_ALLOCATABLES -Dwrfmodel -DGRIB1 -DINTIO -DKEEP_INT_AROUND -DLIMIT_ARGS -DBUILD_RRTMG_FAST=0 -DBUILD_RRTMK=0 -DBUILD_SBM_FAST=1 -DSHOW_ALL_VARS_USED=0 -DCONFIG_BUF_LEN=65536 -DMAX_DOMAINS_F=21 -DMAX_HISTORY=25 -DNMM_NEST=0 -DWRF_CHEM -DBUILD_CHEM=1 -I. -traditional-cpp -DUSE_NETCDF4_FEATURES -DWRFIO_NCD_LARGE_FILE_SUPPORT  cmfgkb.F  > cmfgkb.f90
ifort -c -real-size 32 -i4  -ip -fp-model precise -w -ftz -align all -fno-alias -FR -convert big_endian   cfft2i.f90
ifort -c -real-size 32 -i4  -ip -fp-model precise -w -ftz -align all -fno-alias -FR -convert big_endian   cmfgkb.f90
rm -f -f cfft2i.f90
/lib/cpp -P -nostdinc -DEM_CORE=1 -DNMM_CORE=0 -DNMM_MAX_DIM=2600 -DDA_CORE=0 -DWRFPLUS=0 -DIWORDSIZE=4 -DDWORDSIZE=8 -DRWORDSIZE=4 -DLWORDSIZE=4 -DNONSTANDARD_SYSTEM_FUNC  -DWRF_USE_CLM -DUSE_NETCDF4_FEATURES -DWRFIO_NCD_LARGE_FILE_SUPPORT  -DDM_PARALLEL -DNETCDF -DLANDREAD_STUB=1 -DUSE_ALLOCATABLES -Dwrfmodel -DGRIB1 -DINTIO -DKEEP_INT_AROUND -DLIMIT_ARGS -DBUILD_RRTMG_FAST=0 -DBUILD_RRTMK=0 -DBUILD_SBM_FAST=1 -DSHOW_ALL_VARS_USED=0 -DCONFIG_BUF_LEN=65536 -DMAX_DOMAINS_F=21 -DMAX_HISTORY=25 -DNMM_NEST=0 -DWRF_CHEM -DBUILD_CHEM=1 -I. -traditional-cpp -DUSE_NETCDF4_FEATURES -DWRFIO_NCD_LARGE_FILE_SUPPORT  cost1b.F  > cost1b.f90
ifort -c -real-size 32 -i4  -ip -fp-model precise -w -ftz -align all -fno-alias -FR -convert big_endian   cost1b.f90
rm -f -f cmfgkb.f90
/lib/cpp -P -nostdinc -DEM_CORE=1 -DNMM_CORE=0 -DNMM_MAX_DIM=2600 -DDA_CORE=0 -DWRFPLUS=0 -DIWORDSIZE=4 -DDWORDSIZE=8 -DRWORDSIZE=4 -DLWORDSIZE=4 -DNONSTANDARD_SYSTEM_FUNC  -DWRF_USE_CLM -DUSE_NETCDF4_FEATURES -DWRFIO_NCD_LARGE_FILE_SUPPORT  -DDM_PARALLEL -DNETCDF -DLANDREAD_STUB=1 -DUSE_ALLOCATABLES -Dwrfmodel -DGRIB1 -DINTIO -DKEEP_INT_AROUND -DLIMIT_ARGS -DBUILD_RRTMG_FAST=0 -DBUILD_RRTMK=0 -DBUILD_SBM_FAST=1 -DSHOW_ALL_VARS_USED=0 -DCONFIG_BUF_LEN=65536 -DMAX_DOMAINS_F=21 -DMAX_HISTORY=25 -DNMM_NEST=0 -DWRF_CHEM -DBUILD_CHEM=1 -I. -traditional-cpp -DUSE_NETCDF4_FEATURES -DWRFIO_NCD_LARGE_FILE_SUPPORT  d1f4kb.F  > d1f4kb.f90
rm -f -f cost1b.f90
/lib/cpp -P -nostdinc -DEM_CORE=1 -DNMM_CORE=0 -DNMM_MAX_DIM=2600 -DDA_CORE=0 -DWRFPLUS=0 -DIWORDSIZE=4 -DDWORDSIZE=8 -DRWORDSIZE=4 -DLWORDSIZE=4 -DNONSTANDARD_SYSTEM_FUNC  -DWRF_USE_CLM -DUSE_NETCDF4_FEATURES -DWRFIO_NCD_LARGE_FILE_SUPPORT  -DDM_PARALLEL -DNETCDF -DLANDREAD_STUB=1 -DUSE_ALLOCATABLES -Dwrfmodel -DGRIB1 -DINTIO -DKEEP_INT_AROUND -DLIMIT_ARGS -DBUILD_RRTMG_FAST=0 -DBUILD_RRTMK=0 -DBUILD_SBM_FAST=1 -DSHOW_ALL_VARS_USED=0 -DCONFIG_BUF_LEN=65536 -DMAX_DOMAINS_F=21 -DMAX_HISTORY=25 -DNMM_NEST=0 -DWRF_CHEM -DBUILD_CHEM=1 -I. -traditional-cpp -DUSE_NETCDF4_FEATURES -DWRFIO_NCD_LARGE_FILE_SUPPORT  dcost1f.F  > dcost1f.f90
ifort -c -real-size 32 -i4  -ip -fp-model precise -w -ftz -align all -fno-alias -FR -convert big_endian   d1f4kb.f90
ifort -c -real-size 32 -i4  -ip -fp-model precise -w -ftz -align all -fno-alias -FR -convert big_endian   dcost1f.f90
rm -f -f dcost1f.f90
/lib/cpp -P -nostdinc -DEM_CORE=1 -DNMM_CORE=0 -DNMM_MAX_DIM=2600 -DDA_CORE=0 -DWRFPLUS=0 -DIWORDSIZE=4 -DDWORDSIZE=8 -DRWORDSIZE=4 -DLWORDSIZE=4 -DNONSTANDARD_SYSTEM_FUNC  -DWRF_USE_CLM -DUSE_NETCDF4_FEATURES -DWRFIO_NCD_LARGE_FILE_SUPPORT  -DDM_PARALLEL -DNETCDF -DLANDREAD_STUB=1 -DUSE_ALLOCATABLES -Dwrfmodel -DGRIB1 -DINTIO -DKEEP_INT_AROUND -DLIMIT_ARGS -DBUILD_RRTMG_FAST=0 -DBUILD_RRTMK=0 -DBUILD_SBM_FAST=1 -DSHOW_ALL_VARS_USED=0 -DCONFIG_BUF_LEN=65536 -DMAX_DOMAINS_F=21 -DMAX_HISTORY=25 -DNMM_NEST=0 -DWRF_CHEM -DBUILD_CHEM=1 -I. -traditional-cpp -DUSE_NETCDF4_FEATURES -DWRFIO_NCD_LARGE_FILE_SUPPORT  dsint1i.F  > dsint1i.f90
ifort -c -real-size 32 -i4  -ip -fp-model precise -w -ftz -align all -fno-alias -FR -convert big_endian   dsint1i.f90
rm -f -f d1f4kb.f90
/lib/cpp -P -nostdinc -DEM_CORE=1 -DNMM_CORE=0 -DNMM_MAX_DIM=2600 -DDA_CORE=0 -DWRFPLUS=0 -DIWORDSIZE=4 -DDWORDSIZE=8 -DRWORDSIZE=4 -DLWORDSIZE=4 -DNONSTANDARD_SYSTEM_FUNC  -DWRF_USE_CLM -DUSE_NETCDF4_FEATURES -DWRFIO_NCD_LARGE_FILE_SUPPORT  -DDM_PARALLEL -DNETCDF -DLANDREAD_STUB=1 -DUSE_ALLOCATABLES -Dwrfmodel -DGRIB1 -DINTIO -DKEEP_INT_AROUND -DLIMIT_ARGS -DBUILD_RRTMG_FAST=0 -DBUILD_RRTMK=0 -DBUILD_SBM_FAST=1 -DSHOW_ALL_VARS_USED=0 -DCONFIG_BUF_LEN=65536 -DMAX_DOMAINS_F=21 -DMAX_HISTORY=25 -DNMM_NEST=0 -DWRF_CHEM -DBUILD_CHEM=1 -I. -traditional-cpp -DUSE_NETCDF4_FEATURES -DWRFIO_NCD_LARGE_FILE_SUPPORT  mradf2.F  > mradf2.f90
ifort -c -real-size 32 -i4  -ip -fp-model precise -w -ftz -align all -fno-alias -FR -convert big_endian   mradf2.f90
rm -f -f dsint1i.f90
/lib/cpp -P -nostdinc -DEM_CORE=1 -DNMM_CORE=0 -DNMM_MAX_DIM=2600 -DDA_CORE=0 -DWRFPLUS=0 -DIWORDSIZE=4 -DDWORDSIZE=8 -DRWORDSIZE=4 -DLWORDSIZE=4 -DNONSTANDARD_SYSTEM_FUNC  -DWRF_USE_CLM -DUSE_NETCDF4_FEATURES -DWRFIO_NCD_LARGE_FILE_SUPPORT  -DDM_PARALLEL -DNETCDF -DLANDREAD_STUB=1 -DUSE_ALLOCATABLES -Dwrfmodel -DGRIB1 -DINTIO -DKEEP_INT_AROUND -DLIMIT_ARGS -DBUILD_RRTMG_FAST=0 -DBUILD_RRTMK=0 -DBUILD_SBM_FAST=1 -DSHOW_ALL_VARS_USED=0 -DCONFIG_BUF_LEN=65536 -DMAX_DOMAINS_F=21 -DMAX_HISTORY=25 -DNMM_NEST=0 -DWRF_CHEM -DBUILD_CHEM=1 -I. -traditional-cpp -DUSE_NETCDF4_FEATURES -DWRFIO_NCD_LARGE_FILE_SUPPORT  r1f3kb.F  > r1f3kb.f90
ifort -c -real-size 32 -i4  -ip -fp-model precise -w -ftz -align all -fno-alias -FR -convert big_endian   r1f3kb.f90
rm -f -f mradf2.f90
/lib/cpp -P -nostdinc -DEM_CORE=1 -DNMM_CORE=0 -DNMM_MAX_DIM=2600 -DDA_CORE=0 -DWRFPLUS=0 -DIWORDSIZE=4 -DDWORDSIZE=8 -DRWORDSIZE=4 -DLWORDSIZE=4 -DNONSTANDARD_SYSTEM_FUNC  -DWRF_USE_CLM -DUSE_NETCDF4_FEATURES -DWRFIO_NCD_LARGE_FILE_SUPPORT  -DDM_PARALLEL -DNETCDF -DLANDREAD_STUB=1 -DUSE_ALLOCATABLES -Dwrfmodel -DGRIB1 -DINTIO -DKEEP_INT_AROUND -DLIMIT_ARGS -DBUILD_RRTMG_FAST=0 -DBUILD_RRTMK=0 -DBUILD_SBM_FAST=1 -DSHOW_ALL_VARS_USED=0 -DCONFIG_BUF_LEN=65536 -DMAX_DOMAINS_F=21 -DMAX_HISTORY=25 -DNMM_NEST=0 -DWRF_CHEM -DBUILD_CHEM=1 -I. -traditional-cpp -DUSE_NETCDF4_FEATURES -DWRFIO_NCD_LARGE_FILE_SUPPORT  r8_mcfti1.F  > r8_mcfti1.f90
ifort -c -real-size 32 -i4  -ip -fp-model precise -w -ftz -align all -fno-alias -FR -convert big_endian   r8_mcfti1.f90
rm -f -f r1f3kb.f90
/lib/cpp -P -nostdinc -DEM_CORE=1 -DNMM_CORE=0 -DNMM_MAX_DIM=2600 -DDA_CORE=0 -DWRFPLUS=0 -DIWORDSIZE=4 -DDWORDSIZE=8 -DRWORDSIZE=4 -DLWORDSIZE=4 -DNONSTANDARD_SYSTEM_FUNC  -DWRF_USE_CLM -DUSE_NETCDF4_FEATURES -DWRFIO_NCD_LARGE_FILE_SUPPORT  -DDM_PARALLEL -DNETCDF -DLANDREAD_STUB=1 -DUSE_ALLOCATABLES -Dwrfmodel -DGRIB1 -DINTIO -DKEEP_INT_AROUND -DLIMIT_ARGS -DBUILD_RRTMG_FAST=0 -DBUILD_RRTMK=0 -DBUILD_SBM_FAST=1 -DSHOW_ALL_VARS_USED=0 -DCONFIG_BUF_LEN=65536 -DMAX_DOMAINS_F=21 -DMAX_HISTORY=25 -DNMM_NEST=0 -DWRF_CHEM -DBUILD_CHEM=1 -I. -traditional-cpp -DUSE_NETCDF4_FEATURES -DWRFIO_NCD_LARGE_FILE_SUPPORT  rfftmf.F  > rfftmf.f90
rm -f -f r8_mcfti1.f90
ifort -c -real-size 32 -i4  -ip -fp-model precise -w -ftz -align all -fno-alias -FR -convert big_endian   rfftmf.f90
/lib/cpp -P -nostdinc -DEM_CORE=1 -DNMM_CORE=0 -DNMM_MAX_DIM=2600 -DDA_CORE=0 -DWRFPLUS=0 -DIWORDSIZE=4 -DDWORDSIZE=8 -DRWORDSIZE=4 -DLWORDSIZE=4 -DNONSTANDARD_SYSTEM_FUNC  -DWRF_USE_CLM -DUSE_NETCDF4_FEATURES -DWRFIO_NCD_LARGE_FILE_SUPPORT  -DDM_PARALLEL -DNETCDF -DLANDREAD_STUB=1 -DUSE_ALLOCATABLES -Dwrfmodel -DGRIB1 -DINTIO -DKEEP_INT_AROUND -DLIMIT_ARGS -DBUILD_RRTMG_FAST=0 -DBUILD_RRTMK=0 -DBUILD_SBM_FAST=1 -DSHOW_ALL_VARS_USED=0 -DCONFIG_BUF_LEN=65536 -DMAX_DOMAINS_F=21 -DMAX_HISTORY=25 -DNMM_NEST=0 -DWRF_CHEM -DBUILD_CHEM=1 -I. -traditional-cpp -DUSE_NETCDF4_FEATURES -DWRFIO_NCD_LARGE_FILE_SUPPORT  sintf1.F  > sintf1.f90
ifort -c -real-size 32 -i4  -ip -fp-model precise -w -ftz -align all -fno-alias -FR -convert big_endian   sintf1.f90
rm -f -f rfftmf.f90
/lib/cpp -P -nostdinc -DEM_CORE=1 -DNMM_CORE=0 -DNMM_MAX_DIM=2600 -DDA_CORE=0 -DWRFPLUS=0 -DIWORDSIZE=4 -DDWORDSIZE=8 -DRWORDSIZE=4 -DLWORDSIZE=4 -DNONSTANDARD_SYSTEM_FUNC  -DWRF_USE_CLM -DUSE_NETCDF4_FEATURES -DWRFIO_NCD_LARGE_FILE_SUPPORT  -DDM_PARALLEL -DNETCDF -DLANDREAD_STUB=1 -DUSE_ALLOCATABLES -Dwrfmodel -DGRIB1 -DINTIO -DKEEP_INT_AROUND -DLIMIT_ARGS -DBUILD_RRTMG_FAST=0 -DBUILD_RRTMK=0 -DBUILD_SBM_FAST=1 -DSHOW_ALL_VARS_USED=0 -DCONFIG_BUF_LEN=65536 -DMAX_DOMAINS_F=21 -DMAX_HISTORY=25 -DNMM_NEST=0 -DWRF_CHEM -DBUILD_CHEM=1 -I. -traditional-cpp -DUSE_NETCDF4_FEATURES -DWRFIO_NCD_LARGE_FILE_SUPPORT  z1f5kb.F  > z1f5kb.f90
ifort -c -real-size 32 -i4  -ip -fp-model precise -w -ftz -align all -fno-alias -FR -convert big_endian   z1f5kb.f90
rm -f -f sintf1.f90
/lib/cpp -P -nostdinc -DEM_CORE=1 -DNMM_CORE=0 -DNMM_MAX_DIM=2600 -DDA_CORE=0 -DWRFPLUS=0 -DIWORDSIZE=4 -DDWORDSIZE=8 -DRWORDSIZE=4 -DLWORDSIZE=4 -DNONSTANDARD_SYSTEM_FUNC  -DWRF_USE_CLM -DUSE_NETCDF4_FEATURES -DWRFIO_NCD_LARGE_FILE_SUPPORT  -DDM_PARALLEL -DNETCDF -DLANDREAD_STUB=1 -DUSE_ALLOCATABLES -Dwrfmodel -DGRIB1 -DINTIO -DKEEP_INT_AROUND -DLIMIT_ARGS -DBUILD_RRTMG_FAST=0 -DBUILD_RRTMK=0 -DBUILD_SBM_FAST=1 -DSHOW_ALL_VARS_USED=0 -DCONFIG_BUF_LEN=65536 -DMAX_DOMAINS_F=21 -DMAX_HISTORY=25 -DNMM_NEST=0 -DWRF_CHEM -DBUILD_CHEM=1 -I. -traditional-cpp -DUSE_NETCDF4_FEATURES -DWRFIO_NCD_LARGE_FILE_SUPPORT  zfftmb.F  > zfftmb.f90
ifort -c -real-size 32 -i4  -ip -fp-model precise -w -ftz -align all -fno-alias -FR -convert big_endian   zfftmb.f90
rm -f -f zfftmb.f90
/lib/cpp -P -nostdinc -DEM_CORE=1 -DNMM_CORE=0 -DNMM_MAX_DIM=2600 -DDA_CORE=0 -DWRFPLUS=0 -DIWORDSIZE=4 -DDWORDSIZE=8 -DRWORDSIZE=4 -DLWORDSIZE=4 -DNONSTANDARD_SYSTEM_FUNC  -DWRF_USE_CLM -DUSE_NETCDF4_FEATURES -DWRFIO_NCD_LARGE_FILE_SUPPORT  -DDM_PARALLEL -DNETCDF -DLANDREAD_STUB=1 -DUSE_ALLOCATABLES -Dwrfmodel -DGRIB1 -DINTIO -DKEEP_INT_AROUND -DLIMIT_ARGS -DBUILD_RRTMG_FAST=0 -DBUILD_RRTMK=0 -DBUILD_SBM_FAST=1 -DSHOW_ALL_VARS_USED=0 -DCONFIG_BUF_LEN=65536 -DMAX_DOMAINS_F=21 -DMAX_HISTORY=25 -DNMM_NEST=0 -DWRF_CHEM -DBUILD_CHEM=1 -I. -traditional-cpp -DUSE_NETCDF4_FEATURES -DWRFIO_NCD_LARGE_FILE_SUPPORT  zmfgkf.F  > zmfgkf.f90
ifort -c -real-size 32 -i4  -ip -fp-model precise -w -ftz -align all -fno-alias -FR -convert big_endian   zmfgkf.f90
rm -f -f z1f5kb.f90
/lib/cpp -P -nostdinc -DEM_CORE=1 -DNMM_CORE=0 -DNMM_MAX_DIM=2600 -DDA_CORE=0 -DWRFPLUS=0 -DIWORDSIZE=4 -DDWORDSIZE=8 -DRWORDSIZE=4 -DLWORDSIZE=4 -DNONSTANDARD_SYSTEM_FUNC  -DWRF_USE_CLM -DUSE_NETCDF4_FEATURES -DWRFIO_NCD_LARGE_FILE_SUPPORT  -DDM_PARALLEL -DNETCDF -DLANDREAD_STUB=1 -DUSE_ALLOCATABLES -Dwrfmodel -DGRIB1 -DINTIO -DKEEP_INT_AROUND -DLIMIT_ARGS -DBUILD_RRTMG_FAST=0 -DBUILD_RRTMK=0 -DBUILD_SBM_FAST=1 -DSHOW_ALL_VARS_USED=0 -DCONFIG_BUF_LEN=65536 -DMAX_DOMAINS_F=21 -DMAX_HISTORY=25 -DNMM_NEST=0 -DWRF_CHEM -DBUILD_CHEM=1 -I. -traditional-cpp -DUSE_NETCDF4_FEATURES -DWRFIO_NCD_LARGE_FILE_SUPPORT  c1f5kb.F  > c1f5kb.f90
ifort -c -real-size 32 -i4  -ip -fp-model precise -w -ftz -align all -fno-alias -FR -convert big_endian   c1f5kb.f90
rm -f -f zmfgkf.f90
/lib/cpp -P -nostdinc -DEM_CORE=1 -DNMM_CORE=0 -DNMM_MAX_DIM=2600 -DDA_CORE=0 -DWRFPLUS=0 -DIWORDSIZE=4 -DDWORDSIZE=8 -DRWORDSIZE=4 -DLWORDSIZE=4 -DNONSTANDARD_SYSTEM_FUNC  -DWRF_USE_CLM -DUSE_NETCDF4_FEATURES -DWRFIO_NCD_LARGE_FILE_SUPPORT  -DDM_PARALLEL -DNETCDF -DLANDREAD_STUB=1 -DUSE_ALLOCATABLES -Dwrfmodel -DGRIB1 -DINTIO -DKEEP_INT_AROUND -DLIMIT_ARGS -DBUILD_RRTMG_FAST=0 -DBUILD_RRTMK=0 -DBUILD_SBM_FAST=1 -DSHOW_ALL_VARS_USED=0 -DCONFIG_BUF_LEN=65536 -DMAX_DOMAINS_F=21 -DMAX_HISTORY=25 -DNMM_NEST=0 -DWRF_CHEM -DBUILD_CHEM=1 -I. -traditional-cpp -DUSE_NETCDF4_FEATURES -DWRFIO_NCD_LARGE_FILE_SUPPORT  cfftmb.F  > cfftmb.f90
ifort -c -real-size 32 -i4  -ip -fp-model precise -w -ftz -align all -fno-alias -FR -convert big_endian   cfftmb.f90
rm -f -f c1f5kb.f90
/lib/cpp -P -nostdinc -DEM_CORE=1 -DNMM_CORE=0 -DNMM_MAX_DIM=2600 -DDA_CORE=0 -DWRFPLUS=0 -DIWORDSIZE=4 -DDWORDSIZE=8 -DRWORDSIZE=4 -DLWORDSIZE=4 -DNONSTANDARD_SYSTEM_FUNC  -DWRF_USE_CLM -DUSE_NETCDF4_FEATURES -DWRFIO_NCD_LARGE_FILE_SUPPORT  -DDM_PARALLEL -DNETCDF -DLANDREAD_STUB=1 -DUSE_ALLOCATABLES -Dwrfmodel -DGRIB1 -DINTIO -DKEEP_INT_AROUND -DLIMIT_ARGS -DBUILD_RRTMG_FAST=0 -DBUILD_RRTMK=0 -DBUILD_SBM_FAST=1 -DSHOW_ALL_VARS_USED=0 -DCONFIG_BUF_LEN=65536 -DMAX_DOMAINS_F=21 -DMAX_HISTORY=25 -DNMM_NEST=0 -DWRF_CHEM -DBUILD_CHEM=1 -I. -traditional-cpp -DUSE_NETCDF4_FEATURES -DWRFIO_NCD_LARGE_FILE_SUPPORT  cmfgkf.F  > cmfgkf.f90
rm -f -f cfftmb.f90
/lib/cpp -P -nostdinc -DEM_CORE=1 -DNMM_CORE=0 -DNMM_MAX_DIM=2600 -DDA_CORE=0 -DWRFPLUS=0 -DIWORDSIZE=4 -DDWORDSIZE=8 -DRWORDSIZE=4 -DLWORDSIZE=4 -DNONSTANDARD_SYSTEM_FUNC  -DWRF_USE_CLM -DUSE_NETCDF4_FEATURES -DWRFIO_NCD_LARGE_FILE_SUPPORT  -DDM_PARALLEL -DNETCDF -DLANDREAD_STUB=1 -DUSE_ALLOCATABLES -Dwrfmodel -DGRIB1 -DINTIO -DKEEP_INT_AROUND -DLIMIT_ARGS -DBUILD_RRTMG_FAST=0 -DBUILD_RRTMK=0 -DBUILD_SBM_FAST=1 -DSHOW_ALL_VARS_USED=0 -DCONFIG_BUF_LEN=65536 -DMAX_DOMAINS_F=21 -DMAX_HISTORY=25 -DNMM_NEST=0 -DWRF_CHEM -DBUILD_CHEM=1 -I. -traditional-cpp -DUSE_NETCDF4_FEATURES -DWRFIO_NCD_LARGE_FILE_SUPPORT  cost1f.F  > cost1f.f90
ifort -c -real-size 32 -i4  -ip -fp-model precise -w -ftz -align all -fno-alias -FR -convert big_endian   cost1f.f90
ifort -c -real-size 32 -i4  -ip -fp-model precise -w -ftz -align all -fno-alias -FR -convert big_endian   cmfgkf.f90
rm -f -f cost1f.f90
/lib/cpp -P -nostdinc -DEM_CORE=1 -DNMM_CORE=0 -DNMM_MAX_DIM=2600 -DDA_CORE=0 -DWRFPLUS=0 -DIWORDSIZE=4 -DDWORDSIZE=8 -DRWORDSIZE=4 -DLWORDSIZE=4 -DNONSTANDARD_SYSTEM_FUNC  -DWRF_USE_CLM -DUSE_NETCDF4_FEATURES -DWRFIO_NCD_LARGE_FILE_SUPPORT  -DDM_PARALLEL -DNETCDF -DLANDREAD_STUB=1 -DUSE_ALLOCATABLES -Dwrfmodel -DGRIB1 -DINTIO -DKEEP_INT_AROUND -DLIMIT_ARGS -DBUILD_RRTMG_FAST=0 -DBUILD_RRTMK=0 -DBUILD_SBM_FAST=1 -DSHOW_ALL_VARS_USED=0 -DCONFIG_BUF_LEN=65536 -DMAX_DOMAINS_F=21 -DMAX_HISTORY=25 -DNMM_NEST=0 -DWRF_CHEM -DBUILD_CHEM=1 -I. -traditional-cpp -DUSE_NETCDF4_FEATURES -DWRFIO_NCD_LARGE_FILE_SUPPORT  d1f4kf.F  > d1f4kf.f90
ifort -c -real-size 32 -i4  -ip -fp-model precise -w -ftz -align all -fno-alias -FR -convert big_endian   d1f4kf.f90
rm -f -f cmfgkf.f90
/lib/cpp -P -nostdinc -DEM_CORE=1 -DNMM_CORE=0 -DNMM_MAX_DIM=2600 -DDA_CORE=0 -DWRFPLUS=0 -DIWORDSIZE=4 -DDWORDSIZE=8 -DRWORDSIZE=4 -DLWORDSIZE=4 -DNONSTANDARD_SYSTEM_FUNC  -DWRF_USE_CLM -DUSE_NETCDF4_FEATURES -DWRFIO_NCD_LARGE_FILE_SUPPORT  -DDM_PARALLEL -DNETCDF -DLANDREAD_STUB=1 -DUSE_ALLOCATABLES -Dwrfmodel -DGRIB1 -DINTIO -DKEEP_INT_AROUND -DLIMIT_ARGS -DBUILD_RRTMG_FAST=0 -DBUILD_RRTMK=0 -DBUILD_SBM_FAST=1 -DSHOW_ALL_VARS_USED=0 -DCONFIG_BUF_LEN=65536 -DMAX_DOMAINS_F=21 -DMAX_HISTORY=25 -DNMM_NEST=0 -DWRF_CHEM -DBUILD_CHEM=1 -I. -traditional-cpp -DUSE_NETCDF4_FEATURES -DWRFIO_NCD_LARGE_FILE_SUPPORT  dcost1i.F  > dcost1i.f90
ifort -c -real-size 32 -i4  -ip -fp-model precise -w -ftz -align all -fno-alias -FR -convert big_endian   dcost1i.f90
rm -f -f d1f4kf.f90
/lib/cpp -P -nostdinc -DEM_CORE=1 -DNMM_CORE=0 -DNMM_MAX_DIM=2600 -DDA_CORE=0 -DWRFPLUS=0 -DIWORDSIZE=4 -DDWORDSIZE=8 -DRWORDSIZE=4 -DLWORDSIZE=4 -DNONSTANDARD_SYSTEM_FUNC  -DWRF_USE_CLM -DUSE_NETCDF4_FEATURES -DWRFIO_NCD_LARGE_FILE_SUPPORT  -DDM_PARALLEL -DNETCDF -DLANDREAD_STUB=1 -DUSE_ALLOCATABLES -Dwrfmodel -DGRIB1 -DINTIO -DKEEP_INT_AROUND -DLIMIT_ARGS -DBUILD_RRTMG_FAST=0 -DBUILD_RRTMK=0 -DBUILD_SBM_FAST=1 -DSHOW_ALL_VARS_USED=0 -DCONFIG_BUF_LEN=65536 -DMAX_DOMAINS_F=21 -DMAX_HISTORY=25 -DNMM_NEST=0 -DWRF_CHEM -DBUILD_CHEM=1 -I. -traditional-cpp -DUSE_NETCDF4_FEATURES -DWRFIO_NCD_LARGE_FILE_SUPPORT  dsintb1.F  > dsintb1.f90
ifort -c -real-size 32 -i4  -ip -fp-model precise -w -ftz -align all -fno-alias -FR -convert big_endian   dsintb1.f90
rm -f -f dcost1i.f90
/lib/cpp -P -nostdinc -DEM_CORE=1 -DNMM_CORE=0 -DNMM_MAX_DIM=2600 -DDA_CORE=0 -DWRFPLUS=0 -DIWORDSIZE=4 -DDWORDSIZE=8 -DRWORDSIZE=4 -DLWORDSIZE=4 -DNONSTANDARD_SYSTEM_FUNC  -DWRF_USE_CLM -DUSE_NETCDF4_FEATURES -DWRFIO_NCD_LARGE_FILE_SUPPORT  -DDM_PARALLEL -DNETCDF -DLANDREAD_STUB=1 -DUSE_ALLOCATABLES -Dwrfmodel -DGRIB1 -DINTIO -DKEEP_INT_AROUND -DLIMIT_ARGS -DBUILD_RRTMG_FAST=0 -DBUILD_RRTMK=0 -DBUILD_SBM_FAST=1 -DSHOW_ALL_VARS_USED=0 -DCONFIG_BUF_LEN=65536 -DMAX_DOMAINS_F=21 -DMAX_HISTORY=25 -DNMM_NEST=0 -DWRF_CHEM -DBUILD_CHEM=1 -I. -traditional-cpp -DUSE_NETCDF4_FEATURES -DWRFIO_NCD_LARGE_FILE_SUPPORT  mradf3.F  > mradf3.f90
ifort -c -real-size 32 -i4  -ip -fp-model precise -w -ftz -align all -fno-alias -FR -convert big_endian   mradf3.f90
rm -f -f dsintb1.f90
/lib/cpp -P -nostdinc -DEM_CORE=1 -DNMM_CORE=0 -DNMM_MAX_DIM=2600 -DDA_CORE=0 -DWRFPLUS=0 -DIWORDSIZE=4 -DDWORDSIZE=8 -DRWORDSIZE=4 -DLWORDSIZE=4 -DNONSTANDARD_SYSTEM_FUNC  -DWRF_USE_CLM -DUSE_NETCDF4_FEATURES -DWRFIO_NCD_LARGE_FILE_SUPPORT  -DDM_PARALLEL -DNETCDF -DLANDREAD_STUB=1 -DUSE_ALLOCATABLES -Dwrfmodel -DGRIB1 -DINTIO -DKEEP_INT_AROUND -DLIMIT_ARGS -DBUILD_RRTMG_FAST=0 -DBUILD_RRTMK=0 -DBUILD_SBM_FAST=1 -DSHOW_ALL_VARS_USED=0 -DCONFIG_BUF_LEN=65536 -DMAX_DOMAINS_F=21 -DMAX_HISTORY=25 -DNMM_NEST=0 -DWRF_CHEM -DBUILD_CHEM=1 -I. -traditional-cpp -DUSE_NETCDF4_FEATURES -DWRFIO_NCD_LARGE_FILE_SUPPORT  r1f3kf.F  > r1f3kf.f90
ifort -c -real-size 32 -i4  -ip -fp-model precise -w -ftz -align all -fno-alias -FR -convert big_endian   r1f3kf.f90
rm -f -f mradf3.f90
/lib/cpp -P -nostdinc -DEM_CORE=1 -DNMM_CORE=0 -DNMM_MAX_DIM=2600 -DDA_CORE=0 -DWRFPLUS=0 -DIWORDSIZE=4 -DDWORDSIZE=8 -DRWORDSIZE=4 -DLWORDSIZE=4 -DNONSTANDARD_SYSTEM_FUNC  -DWRF_USE_CLM -DUSE_NETCDF4_FEATURES -DWRFIO_NCD_LARGE_FILE_SUPPORT  -DDM_PARALLEL -DNETCDF -DLANDREAD_STUB=1 -DUSE_ALLOCATABLES -Dwrfmodel -DGRIB1 -DINTIO -DKEEP_INT_AROUND -DLIMIT_ARGS -DBUILD_RRTMG_FAST=0 -DBUILD_RRTMK=0 -DBUILD_SBM_FAST=1 -DSHOW_ALL_VARS_USED=0 -DCONFIG_BUF_LEN=65536 -DMAX_DOMAINS_F=21 -DMAX_HISTORY=25 -DNMM_NEST=0 -DWRF_CHEM -DBUILD_CHEM=1 -I. -traditional-cpp -DUSE_NETCDF4_FEATURES -DWRFIO_NCD_LARGE_FILE_SUPPORT  r8_tables.F  > r8_tables.f90
ifort -c -real-size 32 -i4  -ip -fp-model precise -w -ftz -align all -fno-alias -FR -convert big_endian   r8_tables.f90
rm -f -f r1f3kf.f90
/lib/cpp -P -nostdinc -DEM_CORE=1 -DNMM_CORE=0 -DNMM_MAX_DIM=2600 -DDA_CORE=0 -DWRFPLUS=0 -DIWORDSIZE=4 -DDWORDSIZE=8 -DRWORDSIZE=4 -DLWORDSIZE=4 -DNONSTANDARD_SYSTEM_FUNC  -DWRF_USE_CLM -DUSE_NETCDF4_FEATURES -DWRFIO_NCD_LARGE_FILE_SUPPORT  -DDM_PARALLEL -DNETCDF -DLANDREAD_STUB=1 -DUSE_ALLOCATABLES -Dwrfmodel -DGRIB1 -DINTIO -DKEEP_INT_AROUND -DLIMIT_ARGS -DBUILD_RRTMG_FAST=0 -DBUILD_RRTMK=0 -DBUILD_SBM_FAST=1 -DSHOW_ALL_VARS_USED=0 -DCONFIG_BUF_LEN=65536 -DMAX_DOMAINS_F=21 -DMAX_HISTORY=25 -DNMM_NEST=0 -DWRF_CHEM -DBUILD_CHEM=1 -I. -traditional-cpp -DUSE_NETCDF4_FEATURES -DWRFIO_NCD_LARGE_FILE_SUPPORT  rfftmi.F  > rfftmi.f90
rm -f -f r8_tables.f90
/lib/cpp -P -nostdinc -DEM_CORE=1 -DNMM_CORE=0 -DNMM_MAX_DIM=2600 -DDA_CORE=0 -DWRFPLUS=0 -DIWORDSIZE=4 -DDWORDSIZE=8 -DRWORDSIZE=4 -DLWORDSIZE=4 -DNONSTANDARD_SYSTEM_FUNC  -DWRF_USE_CLM -DUSE_NETCDF4_FEATURES -DWRFIO_NCD_LARGE_FILE_SUPPORT  -DDM_PARALLEL -DNETCDF -DLANDREAD_STUB=1 -DUSE_ALLOCATABLES -Dwrfmodel -DGRIB1 -DINTIO -DKEEP_INT_AROUND -DLIMIT_ARGS -DBUILD_RRTMG_FAST=0 -DBUILD_RRTMK=0 -DBUILD_SBM_FAST=1 -DSHOW_ALL_VARS_USED=0 -DCONFIG_BUF_LEN=65536 -DMAX_DOMAINS_F=21 -DMAX_HISTORY=25 -DNMM_NEST=0 -DWRF_CHEM -DBUILD_CHEM=1 -I. -traditional-cpp -DUSE_NETCDF4_FEATURES -DWRFIO_NCD_LARGE_FILE_SUPPORT  sintmb.F  > sintmb.f90
ifort -c -real-size 32 -i4  -ip -fp-model precise -w -ftz -align all -fno-alias -FR -convert big_endian   rfftmi.f90
ifort -c -real-size 32 -i4  -ip -fp-model precise -w -ftz -align all -fno-alias -FR -convert big_endian   sintmb.f90
rm -f -f rfftmi.f90
rm -f -f sintmb.f90
/lib/cpp -P -nostdinc -DEM_CORE=1 -DNMM_CORE=0 -DNMM_MAX_DIM=2600 -DDA_CORE=0 -DWRFPLUS=0 -DIWORDSIZE=4 -DDWORDSIZE=8 -DRWORDSIZE=4 -DLWORDSIZE=4 -DNONSTANDARD_SYSTEM_FUNC  -DWRF_USE_CLM -DUSE_NETCDF4_FEATURES -DWRFIO_NCD_LARGE_FILE_SUPPORT  -DDM_PARALLEL -DNETCDF -DLANDREAD_STUB=1 -DUSE_ALLOCATABLES -Dwrfmodel -DGRIB1 -DINTIO -DKEEP_INT_AROUND -DLIMIT_ARGS -DBUILD_RRTMG_FAST=0 -DBUILD_RRTMK=0 -DBUILD_SBM_FAST=1 -DSHOW_ALL_VARS_USED=0 -DCONFIG_BUF_LEN=65536 -DMAX_DOMAINS_F=21 -DMAX_HISTORY=25 -DNMM_NEST=0 -DWRF_CHEM -DBUILD_CHEM=1 -I. -traditional-cpp -DUSE_NETCDF4_FEATURES -DWRFIO_NCD_LARGE_FILE_SUPPORT  z1f5kf.F  > z1f5kf.f90
/lib/cpp -P -nostdinc -DEM_CORE=1 -DNMM_CORE=0 -DNMM_MAX_DIM=2600 -DDA_CORE=0 -DWRFPLUS=0 -DIWORDSIZE=4 -DDWORDSIZE=8 -DRWORDSIZE=4 -DLWORDSIZE=4 -DNONSTANDARD_SYSTEM_FUNC  -DWRF_USE_CLM -DUSE_NETCDF4_FEATURES -DWRFIO_NCD_LARGE_FILE_SUPPORT  -DDM_PARALLEL -DNETCDF -DLANDREAD_STUB=1 -DUSE_ALLOCATABLES -Dwrfmodel -DGRIB1 -DINTIO -DKEEP_INT_AROUND -DLIMIT_ARGS -DBUILD_RRTMG_FAST=0 -DBUILD_RRTMK=0 -DBUILD_SBM_FAST=1 -DSHOW_ALL_VARS_USED=0 -DCONFIG_BUF_LEN=65536 -DMAX_DOMAINS_F=21 -DMAX_HISTORY=25 -DNMM_NEST=0 -DWRF_CHEM -DBUILD_CHEM=1 -I. -traditional-cpp -DUSE_NETCDF4_FEATURES -DWRFIO_NCD_LARGE_FILE_SUPPORT  zfftmf.F  > zfftmf.f90
ifort -c -real-size 32 -i4  -ip -fp-model precise -w -ftz -align all -fno-alias -FR -convert big_endian   z1f5kf.f90
ifort -c -real-size 32 -i4  -ip -fp-model precise -w -ftz -align all -fno-alias -FR -convert big_endian   zfftmf.f90
rm -f -f zfftmf.f90
/lib/cpp -P -nostdinc -DEM_CORE=1 -DNMM_CORE=0 -DNMM_MAX_DIM=2600 -DDA_CORE=0 -DWRFPLUS=0 -DIWORDSIZE=4 -DDWORDSIZE=8 -DRWORDSIZE=4 -DLWORDSIZE=4 -DNONSTANDARD_SYSTEM_FUNC  -DWRF_USE_CLM -DUSE_NETCDF4_FEATURES -DWRFIO_NCD_LARGE_FILE_SUPPORT  -DDM_PARALLEL -DNETCDF -DLANDREAD_STUB=1 -DUSE_ALLOCATABLES -Dwrfmodel -DGRIB1 -DINTIO -DKEEP_INT_AROUND -DLIMIT_ARGS -DBUILD_RRTMG_FAST=0 -DBUILD_RRTMK=0 -DBUILD_SBM_FAST=1 -DSHOW_ALL_VARS_USED=0 -DCONFIG_BUF_LEN=65536 -DMAX_DOMAINS_F=21 -DMAX_HISTORY=25 -DNMM_NEST=0 -DWRF_CHEM -DBUILD_CHEM=1 -I. -traditional-cpp -DUSE_NETCDF4_FEATURES -DWRFIO_NCD_LARGE_FILE_SUPPORT  zmfm1b.F  > zmfm1b.f90
ifort -c -real-size 32 -i4  -ip -fp-model precise -w -ftz -align all -fno-alias -FR -convert big_endian   zmfm1b.f90
rm -f -f zmfm1b.f90
/lib/cpp -P -nostdinc -DEM_CORE=1 -DNMM_CORE=0 -DNMM_MAX_DIM=2600 -DDA_CORE=0 -DWRFPLUS=0 -DIWORDSIZE=4 -DDWORDSIZE=8 -DRWORDSIZE=4 -DLWORDSIZE=4 -DNONSTANDARD_SYSTEM_FUNC  -DWRF_USE_CLM -DUSE_NETCDF4_FEATURES -DWRFIO_NCD_LARGE_FILE_SUPPORT  -DDM_PARALLEL -DNETCDF -DLANDREAD_STUB=1 -DUSE_ALLOCATABLES -Dwrfmodel -DGRIB1 -DINTIO -DKEEP_INT_AROUND -DLIMIT_ARGS -DBUILD_RRTMG_FAST=0 -DBUILD_RRTMK=0 -DBUILD_SBM_FAST=1 -DSHOW_ALL_VARS_USED=0 -DCONFIG_BUF_LEN=65536 -DMAX_DOMAINS_F=21 -DMAX_HISTORY=25 -DNMM_NEST=0 -DWRF_CHEM -DBUILD_CHEM=1 -I. -traditional-cpp -DUSE_NETCDF4_FEATURES -DWRFIO_NCD_LARGE_FILE_SUPPORT  c1f5kf.F  > c1f5kf.f90
rm -f -f z1f5kf.f90
/lib/cpp -P -nostdinc -DEM_CORE=1 -DNMM_CORE=0 -DNMM_MAX_DIM=2600 -DDA_CORE=0 -DWRFPLUS=0 -DIWORDSIZE=4 -DDWORDSIZE=8 -DRWORDSIZE=4 -DLWORDSIZE=4 -DNONSTANDARD_SYSTEM_FUNC  -DWRF_USE_CLM -DUSE_NETCDF4_FEATURES -DWRFIO_NCD_LARGE_FILE_SUPPORT  -DDM_PARALLEL -DNETCDF -DLANDREAD_STUB=1 -DUSE_ALLOCATABLES -Dwrfmodel -DGRIB1 -DINTIO -DKEEP_INT_AROUND -DLIMIT_ARGS -DBUILD_RRTMG_FAST=0 -DBUILD_RRTMK=0 -DBUILD_SBM_FAST=1 -DSHOW_ALL_VARS_USED=0 -DCONFIG_BUF_LEN=65536 -DMAX_DOMAINS_F=21 -DMAX_HISTORY=25 -DNMM_NEST=0 -DWRF_CHEM -DBUILD_CHEM=1 -I. -traditional-cpp -DUSE_NETCDF4_FEATURES -DWRFIO_NCD_LARGE_FILE_SUPPORT  cfftmf.F  > cfftmf.f90
ifort -c -real-size 32 -i4  -ip -fp-model precise -w -ftz -align all -fno-alias -FR -convert big_endian   c1f5kf.f90
ifort -c -real-size 32 -i4  -ip -fp-model precise -w -ftz -align all -fno-alias -FR -convert big_endian   cfftmf.f90
rm -f -f cfftmf.f90
/lib/cpp -P -nostdinc -DEM_CORE=1 -DNMM_CORE=0 -DNMM_MAX_DIM=2600 -DDA_CORE=0 -DWRFPLUS=0 -DIWORDSIZE=4 -DDWORDSIZE=8 -DRWORDSIZE=4 -DLWORDSIZE=4 -DNONSTANDARD_SYSTEM_FUNC  -DWRF_USE_CLM -DUSE_NETCDF4_FEATURES -DWRFIO_NCD_LARGE_FILE_SUPPORT  -DDM_PARALLEL -DNETCDF -DLANDREAD_STUB=1 -DUSE_ALLOCATABLES -Dwrfmodel -DGRIB1 -DINTIO -DKEEP_INT_AROUND -DLIMIT_ARGS -DBUILD_RRTMG_FAST=0 -DBUILD_RRTMK=0 -DBUILD_SBM_FAST=1 -DSHOW_ALL_VARS_USED=0 -DCONFIG_BUF_LEN=65536 -DMAX_DOMAINS_F=21 -DMAX_HISTORY=25 -DNMM_NEST=0 -DWRF_CHEM -DBUILD_CHEM=1 -I. -traditional-cpp -DUSE_NETCDF4_FEATURES -DWRFIO_NCD_LARGE_FILE_SUPPORT  cmfm1b.F  > cmfm1b.f90
ifort -c -real-size 32 -i4  -ip -fp-model precise -w -ftz -align all -fno-alias -FR -convert big_endian   cmfm1b.f90
rm -f -f cmfm1b.f90
/lib/cpp -P -nostdinc -DEM_CORE=1 -DNMM_CORE=0 -DNMM_MAX_DIM=2600 -DDA_CORE=0 -DWRFPLUS=0 -DIWORDSIZE=4 -DDWORDSIZE=8 -DRWORDSIZE=4 -DLWORDSIZE=4 -DNONSTANDARD_SYSTEM_FUNC  -DWRF_USE_CLM -DUSE_NETCDF4_FEATURES -DWRFIO_NCD_LARGE_FILE_SUPPORT  -DDM_PARALLEL -DNETCDF -DLANDREAD_STUB=1 -DUSE_ALLOCATABLES -Dwrfmodel -DGRIB1 -DINTIO -DKEEP_INT_AROUND -DLIMIT_ARGS -DBUILD_RRTMG_FAST=0 -DBUILD_RRTMK=0 -DBUILD_SBM_FAST=1 -DSHOW_ALL_VARS_USED=0 -DCONFIG_BUF_LEN=65536 -DMAX_DOMAINS_F=21 -DMAX_HISTORY=25 -DNMM_NEST=0 -DWRF_CHEM -DBUILD_CHEM=1 -I. -traditional-cpp -DUSE_NETCDF4_FEATURES -DWRFIO_NCD_LARGE_FILE_SUPPORT  cost1i.F  > cost1i.f90
ifort -c -real-size 32 -i4  -ip -fp-model precise -w -ftz -align all -fno-alias -FR -convert big_endian   cost1i.f90
rm -f -f c1f5kf.f90
/lib/cpp -P -nostdinc -DEM_CORE=1 -DNMM_CORE=0 -DNMM_MAX_DIM=2600 -DDA_CORE=0 -DWRFPLUS=0 -DIWORDSIZE=4 -DDWORDSIZE=8 -DRWORDSIZE=4 -DLWORDSIZE=4 -DNONSTANDARD_SYSTEM_FUNC  -DWRF_USE_CLM -DUSE_NETCDF4_FEATURES -DWRFIO_NCD_LARGE_FILE_SUPPORT  -DDM_PARALLEL -DNETCDF -DLANDREAD_STUB=1 -DUSE_ALLOCATABLES -Dwrfmodel -DGRIB1 -DINTIO -DKEEP_INT_AROUND -DLIMIT_ARGS -DBUILD_RRTMG_FAST=0 -DBUILD_RRTMK=0 -DBUILD_SBM_FAST=1 -DSHOW_ALL_VARS_USED=0 -DCONFIG_BUF_LEN=65536 -DMAX_DOMAINS_F=21 -DMAX_HISTORY=25 -DNMM_NEST=0 -DWRF_CHEM -DBUILD_CHEM=1 -I. -traditional-cpp -DUSE_NETCDF4_FEATURES -DWRFIO_NCD_LARGE_FILE_SUPPORT  d1f5kb.F  > d1f5kb.f90
ifort -c -real-size 32 -i4  -ip -fp-model precise -w -ftz -align all -fno-alias -FR -convert big_endian   d1f5kb.f90
rm -f -f cost1i.f90
/lib/cpp -P -nostdinc -DEM_CORE=1 -DNMM_CORE=0 -DNMM_MAX_DIM=2600 -DDA_CORE=0 -DWRFPLUS=0 -DIWORDSIZE=4 -DDWORDSIZE=8 -DRWORDSIZE=4 -DLWORDSIZE=4 -DNONSTANDARD_SYSTEM_FUNC  -DWRF_USE_CLM -DUSE_NETCDF4_FEATURES -DWRFIO_NCD_LARGE_FILE_SUPPORT  -DDM_PARALLEL -DNETCDF -DLANDREAD_STUB=1 -DUSE_ALLOCATABLES -Dwrfmodel -DGRIB1 -DINTIO -DKEEP_INT_AROUND -DLIMIT_ARGS -DBUILD_RRTMG_FAST=0 -DBUILD_RRTMK=0 -DBUILD_SBM_FAST=1 -DSHOW_ALL_VARS_USED=0 -DCONFIG_BUF_LEN=65536 -DMAX_DOMAINS_F=21 -DMAX_HISTORY=25 -DNMM_NEST=0 -DWRF_CHEM -DBUILD_CHEM=1 -I. -traditional-cpp -DUSE_NETCDF4_FEATURES -DWRFIO_NCD_LARGE_FILE_SUPPORT  dcostb1.F  > dcostb1.f90
ifort -c -real-size 32 -i4  -ip -fp-model precise -w -ftz -align all -fno-alias -FR -convert big_endian   dcostb1.f90
rm -f -f dcostb1.f90
/lib/cpp -P -nostdinc -DEM_CORE=1 -DNMM_CORE=0 -DNMM_MAX_DIM=2600 -DDA_CORE=0 -DWRFPLUS=0 -DIWORDSIZE=4 -DDWORDSIZE=8 -DRWORDSIZE=4 -DLWORDSIZE=4 -DNONSTANDARD_SYSTEM_FUNC  -DWRF_USE_CLM -DUSE_NETCDF4_FEATURES -DWRFIO_NCD_LARGE_FILE_SUPPORT  -DDM_PARALLEL -DNETCDF -DLANDREAD_STUB=1 -DUSE_ALLOCATABLES -Dwrfmodel -DGRIB1 -DINTIO -DKEEP_INT_AROUND -DLIMIT_ARGS -DBUILD_RRTMG_FAST=0 -DBUILD_RRTMK=0 -DBUILD_SBM_FAST=1 -DSHOW_ALL_VARS_USED=0 -DCONFIG_BUF_LEN=65536 -DMAX_DOMAINS_F=21 -DMAX_HISTORY=25 -DNMM_NEST=0 -DWRF_CHEM -DBUILD_CHEM=1 -I. -traditional-cpp -DUSE_NETCDF4_FEATURES -DWRFIO_NCD_LARGE_FILE_SUPPORT  dsintf1.F  > dsintf1.f90
ifort -c -real-size 32 -i4  -ip -fp-model precise -w -ftz -align all -fno-alias -FR -convert big_endian   dsintf1.f90
rm -f -f dsintf1.f90
/lib/cpp -P -nostdinc -DEM_CORE=1 -DNMM_CORE=0 -DNMM_MAX_DIM=2600 -DDA_CORE=0 -DWRFPLUS=0 -DIWORDSIZE=4 -DDWORDSIZE=8 -DRWORDSIZE=4 -DLWORDSIZE=4 -DNONSTANDARD_SYSTEM_FUNC  -DWRF_USE_CLM -DUSE_NETCDF4_FEATURES -DWRFIO_NCD_LARGE_FILE_SUPPORT  -DDM_PARALLEL -DNETCDF -DLANDREAD_STUB=1 -DUSE_ALLOCATABLES -Dwrfmodel -DGRIB1 -DINTIO -DKEEP_INT_AROUND -DLIMIT_ARGS -DBUILD_RRTMG_FAST=0 -DBUILD_RRTMK=0 -DBUILD_SBM_FAST=1 -DSHOW_ALL_VARS_USED=0 -DCONFIG_BUF_LEN=65536 -DMAX_DOMAINS_F=21 -DMAX_HISTORY=25 -DNMM_NEST=0 -DWRF_CHEM -DBUILD_CHEM=1 -I. -traditional-cpp -DUSE_NETCDF4_FEATURES -DWRFIO_NCD_LARGE_FILE_SUPPORT  mradf4.F  > mradf4.f90
ifort -c -real-size 32 -i4  -ip -fp-model precise -w -ftz -align all -fno-alias -FR -convert big_endian   mradf4.f90
rm -f -f d1f5kb.f90
/lib/cpp -P -nostdinc -DEM_CORE=1 -DNMM_CORE=0 -DNMM_MAX_DIM=2600 -DDA_CORE=0 -DWRFPLUS=0 -DIWORDSIZE=4 -DDWORDSIZE=8 -DRWORDSIZE=4 -DLWORDSIZE=4 -DNONSTANDARD_SYSTEM_FUNC  -DWRF_USE_CLM -DUSE_NETCDF4_FEATURES -DWRFIO_NCD_LARGE_FILE_SUPPORT  -DDM_PARALLEL -DNETCDF -DLANDREAD_STUB=1 -DUSE_ALLOCATABLES -Dwrfmodel -DGRIB1 -DINTIO -DKEEP_INT_AROUND -DLIMIT_ARGS -DBUILD_RRTMG_FAST=0 -DBUILD_RRTMK=0 -DBUILD_SBM_FAST=1 -DSHOW_ALL_VARS_USED=0 -DCONFIG_BUF_LEN=65536 -DMAX_DOMAINS_F=21 -DMAX_HISTORY=25 -DNMM_NEST=0 -DWRF_CHEM -DBUILD_CHEM=1 -I. -traditional-cpp -DUSE_NETCDF4_FEATURES -DWRFIO_NCD_LARGE_FILE_SUPPORT  r1f4kb.F  > r1f4kb.f90
ifort -c -real-size 32 -i4  -ip -fp-model precise -w -ftz -align all -fno-alias -FR -convert big_endian   r1f4kb.f90
rm -f -f r1f4kb.f90
rm -f -f mradf4.f90
/lib/cpp -P -nostdinc -DEM_CORE=1 -DNMM_CORE=0 -DNMM_MAX_DIM=2600 -DDA_CORE=0 -DWRFPLUS=0 -DIWORDSIZE=4 -DDWORDSIZE=8 -DRWORDSIZE=4 -DLWORDSIZE=4 -DNONSTANDARD_SYSTEM_FUNC  -DWRF_USE_CLM -DUSE_NETCDF4_FEATURES -DWRFIO_NCD_LARGE_FILE_SUPPORT  -DDM_PARALLEL -DNETCDF -DLANDREAD_STUB=1 -DUSE_ALLOCATABLES -Dwrfmodel -DGRIB1 -DINTIO -DKEEP_INT_AROUND -DLIMIT_ARGS -DBUILD_RRTMG_FAST=0 -DBUILD_RRTMK=0 -DBUILD_SBM_FAST=1 -DSHOW_ALL_VARS_USED=0 -DCONFIG_BUF_LEN=65536 -DMAX_DOMAINS_F=21 -DMAX_HISTORY=25 -DNMM_NEST=0 -DWRF_CHEM -DBUILD_CHEM=1 -I. -traditional-cpp -DUSE_NETCDF4_FEATURES -DWRFIO_NCD_LARGE_FILE_SUPPORT  rfft1b.F  > rfft1b.f90
/lib/cpp -P -nostdinc -DEM_CORE=1 -DNMM_CORE=0 -DNMM_MAX_DIM=2600 -DDA_CORE=0 -DWRFPLUS=0 -DIWORDSIZE=4 -DDWORDSIZE=8 -DRWORDSIZE=4 -DLWORDSIZE=4 -DNONSTANDARD_SYSTEM_FUNC  -DWRF_USE_CLM -DUSE_NETCDF4_FEATURES -DWRFIO_NCD_LARGE_FILE_SUPPORT  -DDM_PARALLEL -DNETCDF -DLANDREAD_STUB=1 -DUSE_ALLOCATABLES -Dwrfmodel -DGRIB1 -DINTIO -DKEEP_INT_AROUND -DLIMIT_ARGS -DBUILD_RRTMG_FAST=0 -DBUILD_RRTMK=0 -DBUILD_SBM_FAST=1 -DSHOW_ALL_VARS_USED=0 -DCONFIG_BUF_LEN=65536 -DMAX_DOMAINS_F=21 -DMAX_HISTORY=25 -DNMM_NEST=0 -DWRF_CHEM -DBUILD_CHEM=1 -I. -traditional-cpp -DUSE_NETCDF4_FEATURES -DWRFIO_NCD_LARGE_FILE_SUPPORT  sinq1b.F  > sinq1b.f90
ifort -c -real-size 32 -i4  -ip -fp-model precise -w -ftz -align all -fno-alias -FR -convert big_endian   rfft1b.f90
ifort -c -real-size 32 -i4  -ip -fp-model precise -w -ftz -align all -fno-alias -FR -convert big_endian   sinq1b.f90
rm -f -f rfft1b.f90
/lib/cpp -P -nostdinc -DEM_CORE=1 -DNMM_CORE=0 -DNMM_MAX_DIM=2600 -DDA_CORE=0 -DWRFPLUS=0 -DIWORDSIZE=4 -DDWORDSIZE=8 -DRWORDSIZE=4 -DLWORDSIZE=4 -DNONSTANDARD_SYSTEM_FUNC  -DWRF_USE_CLM -DUSE_NETCDF4_FEATURES -DWRFIO_NCD_LARGE_FILE_SUPPORT  -DDM_PARALLEL -DNETCDF -DLANDREAD_STUB=1 -DUSE_ALLOCATABLES -Dwrfmodel -DGRIB1 -DINTIO -DKEEP_INT_AROUND -DLIMIT_ARGS -DBUILD_RRTMG_FAST=0 -DBUILD_RRTMK=0 -DBUILD_SBM_FAST=1 -DSHOW_ALL_VARS_USED=0 -DCONFIG_BUF_LEN=65536 -DMAX_DOMAINS_F=21 -DMAX_HISTORY=25 -DNMM_NEST=0 -DWRF_CHEM -DBUILD_CHEM=1 -I. -traditional-cpp -DUSE_NETCDF4_FEATURES -DWRFIO_NCD_LARGE_FILE_SUPPORT  sintmf.F  > sintmf.f90
rm -f -f sinq1b.f90
/lib/cpp -P -nostdinc -DEM_CORE=1 -DNMM_CORE=0 -DNMM_MAX_DIM=2600 -DDA_CORE=0 -DWRFPLUS=0 -DIWORDSIZE=4 -DDWORDSIZE=8 -DRWORDSIZE=4 -DLWORDSIZE=4 -DNONSTANDARD_SYSTEM_FUNC  -DWRF_USE_CLM -DUSE_NETCDF4_FEATURES -DWRFIO_NCD_LARGE_FILE_SUPPORT  -DDM_PARALLEL -DNETCDF -DLANDREAD_STUB=1 -DUSE_ALLOCATABLES -Dwrfmodel -DGRIB1 -DINTIO -DKEEP_INT_AROUND -DLIMIT_ARGS -DBUILD_RRTMG_FAST=0 -DBUILD_RRTMK=0 -DBUILD_SBM_FAST=1 -DSHOW_ALL_VARS_USED=0 -DCONFIG_BUF_LEN=65536 -DMAX_DOMAINS_F=21 -DMAX_HISTORY=25 -DNMM_NEST=0 -DWRF_CHEM -DBUILD_CHEM=1 -I. -traditional-cpp -DUSE_NETCDF4_FEATURES -DWRFIO_NCD_LARGE_FILE_SUPPORT  z1fgkb.F  > z1fgkb.f90
ifort -c -real-size 32 -i4  -ip -fp-model precise -w -ftz -align all -fno-alias -FR -convert big_endian   sintmf.f90
ifort -c -real-size 32 -i4  -ip -fp-model precise -w -ftz -align all -fno-alias -FR -convert big_endian   z1fgkb.f90
rm -f -f sintmf.f90
/lib/cpp -P -nostdinc -DEM_CORE=1 -DNMM_CORE=0 -DNMM_MAX_DIM=2600 -DDA_CORE=0 -DWRFPLUS=0 -DIWORDSIZE=4 -DDWORDSIZE=8 -DRWORDSIZE=4 -DLWORDSIZE=4 -DNONSTANDARD_SYSTEM_FUNC  -DWRF_USE_CLM -DUSE_NETCDF4_FEATURES -DWRFIO_NCD_LARGE_FILE_SUPPORT  -DDM_PARALLEL -DNETCDF -DLANDREAD_STUB=1 -DUSE_ALLOCATABLES -Dwrfmodel -DGRIB1 -DINTIO -DKEEP_INT_AROUND -DLIMIT_ARGS -DBUILD_RRTMG_FAST=0 -DBUILD_RRTMK=0 -DBUILD_SBM_FAST=1 -DSHOW_ALL_VARS_USED=0 -DCONFIG_BUF_LEN=65536 -DMAX_DOMAINS_F=21 -DMAX_HISTORY=25 -DNMM_NEST=0 -DWRF_CHEM -DBUILD_CHEM=1 -I. -traditional-cpp -DUSE_NETCDF4_FEATURES -DWRFIO_NCD_LARGE_FILE_SUPPORT  zfftmi.F  > zfftmi.f90
ifort -c -real-size 32 -i4  -ip -fp-model precise -w -ftz -align all -fno-alias -FR -convert big_endian   zfftmi.f90
rm -f -f z1fgkb.f90
/lib/cpp -P -nostdinc -DEM_CORE=1 -DNMM_CORE=0 -DNMM_MAX_DIM=2600 -DDA_CORE=0 -DWRFPLUS=0 -DIWORDSIZE=4 -DDWORDSIZE=8 -DRWORDSIZE=4 -DLWORDSIZE=4 -DNONSTANDARD_SYSTEM_FUNC  -DWRF_USE_CLM -DUSE_NETCDF4_FEATURES -DWRFIO_NCD_LARGE_FILE_SUPPORT  -DDM_PARALLEL -DNETCDF -DLANDREAD_STUB=1 -DUSE_ALLOCATABLES -Dwrfmodel -DGRIB1 -DINTIO -DKEEP_INT_AROUND -DLIMIT_ARGS -DBUILD_RRTMG_FAST=0 -DBUILD_RRTMK=0 -DBUILD_SBM_FAST=1 -DSHOW_ALL_VARS_USED=0 -DCONFIG_BUF_LEN=65536 -DMAX_DOMAINS_F=21 -DMAX_HISTORY=25 -DNMM_NEST=0 -DWRF_CHEM -DBUILD_CHEM=1 -I. -traditional-cpp -DUSE_NETCDF4_FEATURES -DWRFIO_NCD_LARGE_FILE_SUPPORT  zmfm1f.F  > zmfm1f.f90
ifort -c -real-size 32 -i4  -ip -fp-model precise -w -ftz -align all -fno-alias -FR -convert big_endian   zmfm1f.f90
rm -f -f zfftmi.f90
/lib/cpp -P -nostdinc -DEM_CORE=1 -DNMM_CORE=0 -DNMM_MAX_DIM=2600 -DDA_CORE=0 -DWRFPLUS=0 -DIWORDSIZE=4 -DDWORDSIZE=8 -DRWORDSIZE=4 -DLWORDSIZE=4 -DNONSTANDARD_SYSTEM_FUNC  -DWRF_USE_CLM -DUSE_NETCDF4_FEATURES -DWRFIO_NCD_LARGE_FILE_SUPPORT  -DDM_PARALLEL -DNETCDF -DLANDREAD_STUB=1 -DUSE_ALLOCATABLES -Dwrfmodel -DGRIB1 -DINTIO -DKEEP_INT_AROUND -DLIMIT_ARGS -DBUILD_RRTMG_FAST=0 -DBUILD_RRTMK=0 -DBUILD_SBM_FAST=1 -DSHOW_ALL_VARS_USED=0 -DCONFIG_BUF_LEN=65536 -DMAX_DOMAINS_F=21 -DMAX_HISTORY=25 -DNMM_NEST=0 -DWRF_CHEM -DBUILD_CHEM=1 -I. -traditional-cpp -DUSE_NETCDF4_FEATURES -DWRFIO_NCD_LARGE_FILE_SUPPORT  c1fgkb.F  > c1fgkb.f90
ifort -c -real-size 32 -i4  -ip -fp-model precise -w -ftz -align all -fno-alias -FR -convert big_endian   c1fgkb.f90
rm -f -f zmfm1f.f90
/lib/cpp -P -nostdinc -DEM_CORE=1 -DNMM_CORE=0 -DNMM_MAX_DIM=2600 -DDA_CORE=0 -DWRFPLUS=0 -DIWORDSIZE=4 -DDWORDSIZE=8 -DRWORDSIZE=4 -DLWORDSIZE=4 -DNONSTANDARD_SYSTEM_FUNC  -DWRF_USE_CLM -DUSE_NETCDF4_FEATURES -DWRFIO_NCD_LARGE_FILE_SUPPORT  -DDM_PARALLEL -DNETCDF -DLANDREAD_STUB=1 -DUSE_ALLOCATABLES -Dwrfmodel -DGRIB1 -DINTIO -DKEEP_INT_AROUND -DLIMIT_ARGS -DBUILD_RRTMG_FAST=0 -DBUILD_RRTMK=0 -DBUILD_SBM_FAST=1 -DSHOW_ALL_VARS_USED=0 -DCONFIG_BUF_LEN=65536 -DMAX_DOMAINS_F=21 -DMAX_HISTORY=25 -DNMM_NEST=0 -DWRF_CHEM -DBUILD_CHEM=1 -I. -traditional-cpp -DUSE_NETCDF4_FEATURES -DWRFIO_NCD_LARGE_FILE_SUPPORT  cfftmi.F  > cfftmi.f90
ifort -c -real-size 32 -i4  -ip -fp-model precise -w -ftz -align all -fno-alias -FR -convert big_endian   cfftmi.f90
rm -f -f c1fgkb.f90
/lib/cpp -P -nostdinc -DEM_CORE=1 -DNMM_CORE=0 -DNMM_MAX_DIM=2600 -DDA_CORE=0 -DWRFPLUS=0 -DIWORDSIZE=4 -DDWORDSIZE=8 -DRWORDSIZE=4 -DLWORDSIZE=4 -DNONSTANDARD_SYSTEM_FUNC  -DWRF_USE_CLM -DUSE_NETCDF4_FEATURES -DWRFIO_NCD_LARGE_FILE_SUPPORT  -DDM_PARALLEL -DNETCDF -DLANDREAD_STUB=1 -DUSE_ALLOCATABLES -Dwrfmodel -DGRIB1 -DINTIO -DKEEP_INT_AROUND -DLIMIT_ARGS -DBUILD_RRTMG_FAST=0 -DBUILD_RRTMK=0 -DBUILD_SBM_FAST=1 -DSHOW_ALL_VARS_USED=0 -DCONFIG_BUF_LEN=65536 -DMAX_DOMAINS_F=21 -DMAX_HISTORY=25 -DNMM_NEST=0 -DWRF_CHEM -DBUILD_CHEM=1 -I. -traditional-cpp -DUSE_NETCDF4_FEATURES -DWRFIO_NCD_LARGE_FILE_SUPPORT  cmfm1f.F  > cmfm1f.f90
rm -f -f cfftmi.f90
/lib/cpp -P -nostdinc -DEM_CORE=1 -DNMM_CORE=0 -DNMM_MAX_DIM=2600 -DDA_CORE=0 -DWRFPLUS=0 -DIWORDSIZE=4 -DDWORDSIZE=8 -DRWORDSIZE=4 -DLWORDSIZE=4 -DNONSTANDARD_SYSTEM_FUNC  -DWRF_USE_CLM -DUSE_NETCDF4_FEATURES -DWRFIO_NCD_LARGE_FILE_SUPPORT  -DDM_PARALLEL -DNETCDF -DLANDREAD_STUB=1 -DUSE_ALLOCATABLES -Dwrfmodel -DGRIB1 -DINTIO -DKEEP_INT_AROUND -DLIMIT_ARGS -DBUILD_RRTMG_FAST=0 -DBUILD_RRTMK=0 -DBUILD_SBM_FAST=1 -DSHOW_ALL_VARS_USED=0 -DCONFIG_BUF_LEN=65536 -DMAX_DOMAINS_F=21 -DMAX_HISTORY=25 -DNMM_NEST=0 -DWRF_CHEM -DBUILD_CHEM=1 -I. -traditional-cpp -DUSE_NETCDF4_FEATURES -DWRFIO_NCD_LARGE_FILE_SUPPORT  costb1.F  > costb1.f90
ifort -c -real-size 32 -i4  -ip -fp-model precise -w -ftz -align all -fno-alias -FR -convert big_endian   cmfm1f.f90
ifort -c -real-size 32 -i4  -ip -fp-model precise -w -ftz -align all -fno-alias -FR -convert big_endian   costb1.f90
rm -f -f cmfm1f.f90
rm -f -f costb1.f90
/lib/cpp -P -nostdinc -DEM_CORE=1 -DNMM_CORE=0 -DNMM_MAX_DIM=2600 -DDA_CORE=0 -DWRFPLUS=0 -DIWORDSIZE=4 -DDWORDSIZE=8 -DRWORDSIZE=4 -DLWORDSIZE=4 -DNONSTANDARD_SYSTEM_FUNC  -DWRF_USE_CLM -DUSE_NETCDF4_FEATURES -DWRFIO_NCD_LARGE_FILE_SUPPORT  -DDM_PARALLEL -DNETCDF -DLANDREAD_STUB=1 -DUSE_ALLOCATABLES -Dwrfmodel -DGRIB1 -DINTIO -DKEEP_INT_AROUND -DLIMIT_ARGS -DBUILD_RRTMG_FAST=0 -DBUILD_RRTMK=0 -DBUILD_SBM_FAST=1 -DSHOW_ALL_VARS_USED=0 -DCONFIG_BUF_LEN=65536 -DMAX_DOMAINS_F=21 -DMAX_HISTORY=25 -DNMM_NEST=0 -DWRF_CHEM -DBUILD_CHEM=1 -I. -traditional-cpp -DUSE_NETCDF4_FEATURES -DWRFIO_NCD_LARGE_FILE_SUPPORT  d1f5kf.F  > d1f5kf.f90
/lib/cpp -P -nostdinc -DEM_CORE=1 -DNMM_CORE=0 -DNMM_MAX_DIM=2600 -DDA_CORE=0 -DWRFPLUS=0 -DIWORDSIZE=4 -DDWORDSIZE=8 -DRWORDSIZE=4 -DLWORDSIZE=4 -DNONSTANDARD_SYSTEM_FUNC  -DWRF_USE_CLM -DUSE_NETCDF4_FEATURES -DWRFIO_NCD_LARGE_FILE_SUPPORT  -DDM_PARALLEL -DNETCDF -DLANDREAD_STUB=1 -DUSE_ALLOCATABLES -Dwrfmodel -DGRIB1 -DINTIO -DKEEP_INT_AROUND -DLIMIT_ARGS -DBUILD_RRTMG_FAST=0 -DBUILD_RRTMK=0 -DBUILD_SBM_FAST=1 -DSHOW_ALL_VARS_USED=0 -DCONFIG_BUF_LEN=65536 -DMAX_DOMAINS_F=21 -DMAX_HISTORY=25 -DNMM_NEST=0 -DWRF_CHEM -DBUILD_CHEM=1 -I. -traditional-cpp -DUSE_NETCDF4_FEATURES -DWRFIO_NCD_LARGE_FILE_SUPPORT  dcostf1.F  > dcostf1.f90
ifort -c -real-size 32 -i4  -ip -fp-model precise -w -ftz -align all -fno-alias -FR -convert big_endian   d1f5kf.f90
ifort -c -real-size 32 -i4  -ip -fp-model precise -w -ftz -align all -fno-alias -FR -convert big_endian   dcostf1.f90
rm -f -f dcostf1.f90
/lib/cpp -P -nostdinc -DEM_CORE=1 -DNMM_CORE=0 -DNMM_MAX_DIM=2600 -DDA_CORE=0 -DWRFPLUS=0 -DIWORDSIZE=4 -DDWORDSIZE=8 -DRWORDSIZE=4 -DLWORDSIZE=4 -DNONSTANDARD_SYSTEM_FUNC  -DWRF_USE_CLM -DUSE_NETCDF4_FEATURES -DWRFIO_NCD_LARGE_FILE_SUPPORT  -DDM_PARALLEL -DNETCDF -DLANDREAD_STUB=1 -DUSE_ALLOCATABLES -Dwrfmodel -DGRIB1 -DINTIO -DKEEP_INT_AROUND -DLIMIT_ARGS -DBUILD_RRTMG_FAST=0 -DBUILD_RRTMK=0 -DBUILD_SBM_FAST=1 -DSHOW_ALL_VARS_USED=0 -DCONFIG_BUF_LEN=65536 -DMAX_DOMAINS_F=21 -DMAX_HISTORY=25 -DNMM_NEST=0 -DWRF_CHEM -DBUILD_CHEM=1 -I. -traditional-cpp -DUSE_NETCDF4_FEATURES -DWRFIO_NCD_LARGE_FILE_SUPPORT  mcsqb1.F  > mcsqb1.f90
ifort -c -real-size 32 -i4  -ip -fp-model precise -w -ftz -align all -fno-alias -FR -convert big_endian   mcsqb1.f90
rm -f -f mcsqb1.f90
/lib/cpp -P -nostdinc -DEM_CORE=1 -DNMM_CORE=0 -DNMM_MAX_DIM=2600 -DDA_CORE=0 -DWRFPLUS=0 -DIWORDSIZE=4 -DDWORDSIZE=8 -DRWORDSIZE=4 -DLWORDSIZE=4 -DNONSTANDARD_SYSTEM_FUNC  -DWRF_USE_CLM -DUSE_NETCDF4_FEATURES -DWRFIO_NCD_LARGE_FILE_SUPPORT  -DDM_PARALLEL -DNETCDF -DLANDREAD_STUB=1 -DUSE_ALLOCATABLES -Dwrfmodel -DGRIB1 -DINTIO -DKEEP_INT_AROUND -DLIMIT_ARGS -DBUILD_RRTMG_FAST=0 -DBUILD_RRTMK=0 -DBUILD_SBM_FAST=1 -DSHOW_ALL_VARS_USED=0 -DCONFIG_BUF_LEN=65536 -DMAX_DOMAINS_F=21 -DMAX_HISTORY=25 -DNMM_NEST=0 -DWRF_CHEM -DBUILD_CHEM=1 -I. -traditional-cpp -DUSE_NETCDF4_FEATURES -DWRFIO_NCD_LARGE_FILE_SUPPORT  mradf5.F  > mradf5.f90
ifort -c -real-size 32 -i4  -ip -fp-model precise -w -ftz -align all -fno-alias -FR -convert big_endian   mradf5.f90
rm -f -f d1f5kf.f90
/lib/cpp -P -nostdinc -DEM_CORE=1 -DNMM_CORE=0 -DNMM_MAX_DIM=2600 -DDA_CORE=0 -DWRFPLUS=0 -DIWORDSIZE=4 -DDWORDSIZE=8 -DRWORDSIZE=4 -DLWORDSIZE=4 -DNONSTANDARD_SYSTEM_FUNC  -DWRF_USE_CLM -DUSE_NETCDF4_FEATURES -DWRFIO_NCD_LARGE_FILE_SUPPORT  -DDM_PARALLEL -DNETCDF -DLANDREAD_STUB=1 -DUSE_ALLOCATABLES -Dwrfmodel -DGRIB1 -DINTIO -DKEEP_INT_AROUND -DLIMIT_ARGS -DBUILD_RRTMG_FAST=0 -DBUILD_RRTMK=0 -DBUILD_SBM_FAST=1 -DSHOW_ALL_VARS_USED=0 -DCONFIG_BUF_LEN=65536 -DMAX_DOMAINS_F=21 -DMAX_HISTORY=25 -DNMM_NEST=0 -DWRF_CHEM -DBUILD_CHEM=1 -I. -traditional-cpp -DUSE_NETCDF4_FEATURES -DWRFIO_NCD_LARGE_FILE_SUPPORT  r1f4kf.F  > r1f4kf.f90
ifort -c -real-size 32 -i4  -ip -fp-model precise -w -ftz -align all -fno-alias -FR -convert big_endian   r1f4kf.f90
rm -f -f mradf5.f90
/lib/cpp -P -nostdinc -DEM_CORE=1 -DNMM_CORE=0 -DNMM_MAX_DIM=2600 -DDA_CORE=0 -DWRFPLUS=0 -DIWORDSIZE=4 -DDWORDSIZE=8 -DRWORDSIZE=4 -DLWORDSIZE=4 -DNONSTANDARD_SYSTEM_FUNC  -DWRF_USE_CLM -DUSE_NETCDF4_FEATURES -DWRFIO_NCD_LARGE_FILE_SUPPORT  -DDM_PARALLEL -DNETCDF -DLANDREAD_STUB=1 -DUSE_ALLOCATABLES -Dwrfmodel -DGRIB1 -DINTIO -DKEEP_INT_AROUND -DLIMIT_ARGS -DBUILD_RRTMG_FAST=0 -DBUILD_RRTMK=0 -DBUILD_SBM_FAST=1 -DSHOW_ALL_VARS_USED=0 -DCONFIG_BUF_LEN=65536 -DMAX_DOMAINS_F=21 -DMAX_HISTORY=25 -DNMM_NEST=0 -DWRF_CHEM -DBUILD_CHEM=1 -I. -traditional-cpp -DUSE_NETCDF4_FEATURES -DWRFIO_NCD_LARGE_FILE_SUPPORT  rfft1f.F  > rfft1f.f90
rm -f -f r1f4kf.f90
/lib/cpp -P -nostdinc -DEM_CORE=1 -DNMM_CORE=0 -DNMM_MAX_DIM=2600 -DDA_CORE=0 -DWRFPLUS=0 -DIWORDSIZE=4 -DDWORDSIZE=8 -DRWORDSIZE=4 -DLWORDSIZE=4 -DNONSTANDARD_SYSTEM_FUNC  -DWRF_USE_CLM -DUSE_NETCDF4_FEATURES -DWRFIO_NCD_LARGE_FILE_SUPPORT  -DDM_PARALLEL -DNETCDF -DLANDREAD_STUB=1 -DUSE_ALLOCATABLES -Dwrfmodel -DGRIB1 -DINTIO -DKEEP_INT_AROUND -DLIMIT_ARGS -DBUILD_RRTMG_FAST=0 -DBUILD_RRTMK=0 -DBUILD_SBM_FAST=1 -DSHOW_ALL_VARS_USED=0 -DCONFIG_BUF_LEN=65536 -DMAX_DOMAINS_F=21 -DMAX_HISTORY=25 -DNMM_NEST=0 -DWRF_CHEM -DBUILD_CHEM=1 -I. -traditional-cpp -DUSE_NETCDF4_FEATURES -DWRFIO_NCD_LARGE_FILE_SUPPORT  sinq1f.F  > sinq1f.f90
ifort -c -real-size 32 -i4  -ip -fp-model precise -w -ftz -align all -fno-alias -FR -convert big_endian   rfft1f.f90
ifort -c -real-size 32 -i4  -ip -fp-model precise -w -ftz -align all -fno-alias -FR -convert big_endian   sinq1f.f90
rm -f -f rfft1f.f90
/lib/cpp -P -nostdinc -DEM_CORE=1 -DNMM_CORE=0 -DNMM_MAX_DIM=2600 -DDA_CORE=0 -DWRFPLUS=0 -DIWORDSIZE=4 -DDWORDSIZE=8 -DRWORDSIZE=4 -DLWORDSIZE=4 -DNONSTANDARD_SYSTEM_FUNC  -DWRF_USE_CLM -DUSE_NETCDF4_FEATURES -DWRFIO_NCD_LARGE_FILE_SUPPORT  -DDM_PARALLEL -DNETCDF -DLANDREAD_STUB=1 -DUSE_ALLOCATABLES -Dwrfmodel -DGRIB1 -DINTIO -DKEEP_INT_AROUND -DLIMIT_ARGS -DBUILD_RRTMG_FAST=0 -DBUILD_RRTMK=0 -DBUILD_SBM_FAST=1 -DSHOW_ALL_VARS_USED=0 -DCONFIG_BUF_LEN=65536 -DMAX_DOMAINS_F=21 -DMAX_HISTORY=25 -DNMM_NEST=0 -DWRF_CHEM -DBUILD_CHEM=1 -I. -traditional-cpp -DUSE_NETCDF4_FEATURES -DWRFIO_NCD_LARGE_FILE_SUPPORT  sintmi.F  > sintmi.f90
rm -f -f sinq1f.f90
/lib/cpp -P -nostdinc -DEM_CORE=1 -DNMM_CORE=0 -DNMM_MAX_DIM=2600 -DDA_CORE=0 -DWRFPLUS=0 -DIWORDSIZE=4 -DDWORDSIZE=8 -DRWORDSIZE=4 -DLWORDSIZE=4 -DNONSTANDARD_SYSTEM_FUNC  -DWRF_USE_CLM -DUSE_NETCDF4_FEATURES -DWRFIO_NCD_LARGE_FILE_SUPPORT  -DDM_PARALLEL -DNETCDF -DLANDREAD_STUB=1 -DUSE_ALLOCATABLES -Dwrfmodel -DGRIB1 -DINTIO -DKEEP_INT_AROUND -DLIMIT_ARGS -DBUILD_RRTMG_FAST=0 -DBUILD_RRTMK=0 -DBUILD_SBM_FAST=1 -DSHOW_ALL_VARS_USED=0 -DCONFIG_BUF_LEN=65536 -DMAX_DOMAINS_F=21 -DMAX_HISTORY=25 -DNMM_NEST=0 -DWRF_CHEM -DBUILD_CHEM=1 -I. -traditional-cpp -DUSE_NETCDF4_FEATURES -DWRFIO_NCD_LARGE_FILE_SUPPORT  z1fgkf.F  > z1fgkf.f90
ifort -c -real-size 32 -i4  -ip -fp-model precise -w -ftz -align all -fno-alias -FR -convert big_endian   sintmi.f90
ifort -c -real-size 32 -i4  -ip -fp-model precise -w -ftz -align all -fno-alias -FR -convert big_endian   z1fgkf.f90
rm -f -f sintmi.f90
/lib/cpp -P -nostdinc -DEM_CORE=1 -DNMM_CORE=0 -DNMM_MAX_DIM=2600 -DDA_CORE=0 -DWRFPLUS=0 -DIWORDSIZE=4 -DDWORDSIZE=8 -DRWORDSIZE=4 -DLWORDSIZE=4 -DNONSTANDARD_SYSTEM_FUNC  -DWRF_USE_CLM -DUSE_NETCDF4_FEATURES -DWRFIO_NCD_LARGE_FILE_SUPPORT  -DDM_PARALLEL -DNETCDF -DLANDREAD_STUB=1 -DUSE_ALLOCATABLES -Dwrfmodel -DGRIB1 -DINTIO -DKEEP_INT_AROUND -DLIMIT_ARGS -DBUILD_RRTMG_FAST=0 -DBUILD_RRTMK=0 -DBUILD_SBM_FAST=1 -DSHOW_ALL_VARS_USED=0 -DCONFIG_BUF_LEN=65536 -DMAX_DOMAINS_F=21 -DMAX_HISTORY=25 -DNMM_NEST=0 -DWRF_CHEM -DBUILD_CHEM=1 -I. -traditional-cpp -DUSE_NETCDF4_FEATURES -DWRFIO_NCD_LARGE_FILE_SUPPORT  zmf2kb.F  > zmf2kb.f90
ifort -c -real-size 32 -i4  -ip -fp-model precise -w -ftz -align all -fno-alias -FR -convert big_endian   zmf2kb.f90
rm -f -f z1fgkf.f90
/lib/cpp -P -nostdinc -DEM_CORE=1 -DNMM_CORE=0 -DNMM_MAX_DIM=2600 -DDA_CORE=0 -DWRFPLUS=0 -DIWORDSIZE=4 -DDWORDSIZE=8 -DRWORDSIZE=4 -DLWORDSIZE=4 -DNONSTANDARD_SYSTEM_FUNC  -DWRF_USE_CLM -DUSE_NETCDF4_FEATURES -DWRFIO_NCD_LARGE_FILE_SUPPORT  -DDM_PARALLEL -DNETCDF -DLANDREAD_STUB=1 -DUSE_ALLOCATABLES -Dwrfmodel -DGRIB1 -DINTIO -DKEEP_INT_AROUND -DLIMIT_ARGS -DBUILD_RRTMG_FAST=0 -DBUILD_RRTMK=0 -DBUILD_SBM_FAST=1 -DSHOW_ALL_VARS_USED=0 -DCONFIG_BUF_LEN=65536 -DMAX_DOMAINS_F=21 -DMAX_HISTORY=25 -DNMM_NEST=0 -DWRF_CHEM -DBUILD_CHEM=1 -I. -traditional-cpp -DUSE_NETCDF4_FEATURES -DWRFIO_NCD_LARGE_FILE_SUPPORT  c1fgkf.F  > c1fgkf.f90
rm -f -f zmf2kb.f90
/lib/cpp -P -nostdinc -DEM_CORE=1 -DNMM_CORE=0 -DNMM_MAX_DIM=2600 -DDA_CORE=0 -DWRFPLUS=0 -DIWORDSIZE=4 -DDWORDSIZE=8 -DRWORDSIZE=4 -DLWORDSIZE=4 -DNONSTANDARD_SYSTEM_FUNC  -DWRF_USE_CLM -DUSE_NETCDF4_FEATURES -DWRFIO_NCD_LARGE_FILE_SUPPORT  -DDM_PARALLEL -DNETCDF -DLANDREAD_STUB=1 -DUSE_ALLOCATABLES -Dwrfmodel -DGRIB1 -DINTIO -DKEEP_INT_AROUND -DLIMIT_ARGS -DBUILD_RRTMG_FAST=0 -DBUILD_RRTMK=0 -DBUILD_SBM_FAST=1 -DSHOW_ALL_VARS_USED=0 -DCONFIG_BUF_LEN=65536 -DMAX_DOMAINS_F=21 -DMAX_HISTORY=25 -DNMM_NEST=0 -DWRF_CHEM -DBUILD_CHEM=1 -I. -traditional-cpp -DUSE_NETCDF4_FEATURES -DWRFIO_NCD_LARGE_FILE_SUPPORT  cmf2kb.F  > cmf2kb.f90
ifort -c -real-size 32 -i4  -ip -fp-model precise -w -ftz -align all -fno-alias -FR -convert big_endian   c1fgkf.f90
ifort -c -real-size 32 -i4  -ip -fp-model precise -w -ftz -align all -fno-alias -FR -convert big_endian   cmf2kb.f90
rm -f -f cmf2kb.f90
/lib/cpp -P -nostdinc -DEM_CORE=1 -DNMM_CORE=0 -DNMM_MAX_DIM=2600 -DDA_CORE=0 -DWRFPLUS=0 -DIWORDSIZE=4 -DDWORDSIZE=8 -DRWORDSIZE=4 -DLWORDSIZE=4 -DNONSTANDARD_SYSTEM_FUNC  -DWRF_USE_CLM -DUSE_NETCDF4_FEATURES -DWRFIO_NCD_LARGE_FILE_SUPPORT  -DDM_PARALLEL -DNETCDF -DLANDREAD_STUB=1 -DUSE_ALLOCATABLES -Dwrfmodel -DGRIB1 -DINTIO -DKEEP_INT_AROUND -DLIMIT_ARGS -DBUILD_RRTMG_FAST=0 -DBUILD_RRTMK=0 -DBUILD_SBM_FAST=1 -DSHOW_ALL_VARS_USED=0 -DCONFIG_BUF_LEN=65536 -DMAX_DOMAINS_F=21 -DMAX_HISTORY=25 -DNMM_NEST=0 -DWRF_CHEM -DBUILD_CHEM=1 -I. -traditional-cpp -DUSE_NETCDF4_FEATURES -DWRFIO_NCD_LARGE_FILE_SUPPORT  cosq1b.F  > cosq1b.f90
ifort -c -real-size 32 -i4  -ip -fp-model precise -w -ftz -align all -fno-alias -FR -convert big_endian   cosq1b.f90
rm -f -f c1fgkf.f90
/lib/cpp -P -nostdinc -DEM_CORE=1 -DNMM_CORE=0 -DNMM_MAX_DIM=2600 -DDA_CORE=0 -DWRFPLUS=0 -DIWORDSIZE=4 -DDWORDSIZE=8 -DRWORDSIZE=4 -DLWORDSIZE=4 -DNONSTANDARD_SYSTEM_FUNC  -DWRF_USE_CLM -DUSE_NETCDF4_FEATURES -DWRFIO_NCD_LARGE_FILE_SUPPORT  -DDM_PARALLEL -DNETCDF -DLANDREAD_STUB=1 -DUSE_ALLOCATABLES -Dwrfmodel -DGRIB1 -DINTIO -DKEEP_INT_AROUND -DLIMIT_ARGS -DBUILD_RRTMG_FAST=0 -DBUILD_RRTMK=0 -DBUILD_SBM_FAST=1 -DSHOW_ALL_VARS_USED=0 -DCONFIG_BUF_LEN=65536 -DMAX_DOMAINS_F=21 -DMAX_HISTORY=25 -DNMM_NEST=0 -DWRF_CHEM -DBUILD_CHEM=1 -I. -traditional-cpp -DUSE_NETCDF4_FEATURES -DWRFIO_NCD_LARGE_FILE_SUPPORT  costf1.F  > costf1.f90
ifort -c -real-size 32 -i4  -ip -fp-model precise -w -ftz -align all -fno-alias -FR -convert big_endian   costf1.f90
rm -f -f cosq1b.f90
/lib/cpp -P -nostdinc -DEM_CORE=1 -DNMM_CORE=0 -DNMM_MAX_DIM=2600 -DDA_CORE=0 -DWRFPLUS=0 -DIWORDSIZE=4 -DDWORDSIZE=8 -DRWORDSIZE=4 -DLWORDSIZE=4 -DNONSTANDARD_SYSTEM_FUNC  -DWRF_USE_CLM -DUSE_NETCDF4_FEATURES -DWRFIO_NCD_LARGE_FILE_SUPPORT  -DDM_PARALLEL -DNETCDF -DLANDREAD_STUB=1 -DUSE_ALLOCATABLES -Dwrfmodel -DGRIB1 -DINTIO -DKEEP_INT_AROUND -DLIMIT_ARGS -DBUILD_RRTMG_FAST=0 -DBUILD_RRTMK=0 -DBUILD_SBM_FAST=1 -DSHOW_ALL_VARS_USED=0 -DCONFIG_BUF_LEN=65536 -DMAX_DOMAINS_F=21 -DMAX_HISTORY=25 -DNMM_NEST=0 -DWRF_CHEM -DBUILD_CHEM=1 -I. -traditional-cpp -DUSE_NETCDF4_FEATURES -DWRFIO_NCD_LARGE_FILE_SUPPORT  d1fgkb.F  > d1fgkb.f90
ifort -c -real-size 32 -i4  -ip -fp-model precise -w -ftz -align all -fno-alias -FR -convert big_endian   d1fgkb.f90
rm -f -f costf1.f90
/lib/cpp -P -nostdinc -DEM_CORE=1 -DNMM_CORE=0 -DNMM_MAX_DIM=2600 -DDA_CORE=0 -DWRFPLUS=0 -DIWORDSIZE=4 -DDWORDSIZE=8 -DRWORDSIZE=4 -DLWORDSIZE=4 -DNONSTANDARD_SYSTEM_FUNC  -DWRF_USE_CLM -DUSE_NETCDF4_FEATURES -DWRFIO_NCD_LARGE_FILE_SUPPORT  -DDM_PARALLEL -DNETCDF -DLANDREAD_STUB=1 -DUSE_ALLOCATABLES -Dwrfmodel -DGRIB1 -DINTIO -DKEEP_INT_AROUND -DLIMIT_ARGS -DBUILD_RRTMG_FAST=0 -DBUILD_RRTMK=0 -DBUILD_SBM_FAST=1 -DSHOW_ALL_VARS_USED=0 -DCONFIG_BUF_LEN=65536 -DMAX_DOMAINS_F=21 -DMAX_HISTORY=25 -DNMM_NEST=0 -DWRF_CHEM -DBUILD_CHEM=1 -I. -traditional-cpp -DUSE_NETCDF4_FEATURES -DWRFIO_NCD_LARGE_FILE_SUPPORT  dfft1b.F  > dfft1b.f90
ifort -c -real-size 32 -i4  -ip -fp-model precise -w -ftz -align all -fno-alias -FR -convert big_endian   dfft1b.f90
rm -f -f dfft1b.f90
/lib/cpp -P -nostdinc -DEM_CORE=1 -DNMM_CORE=0 -DNMM_MAX_DIM=2600 -DDA_CORE=0 -DWRFPLUS=0 -DIWORDSIZE=4 -DDWORDSIZE=8 -DRWORDSIZE=4 -DLWORDSIZE=4 -DNONSTANDARD_SYSTEM_FUNC  -DWRF_USE_CLM -DUSE_NETCDF4_FEATURES -DWRFIO_NCD_LARGE_FILE_SUPPORT  -DDM_PARALLEL -DNETCDF -DLANDREAD_STUB=1 -DUSE_ALLOCATABLES -Dwrfmodel -DGRIB1 -DINTIO -DKEEP_INT_AROUND -DLIMIT_ARGS -DBUILD_RRTMG_FAST=0 -DBUILD_RRTMK=0 -DBUILD_SBM_FAST=1 -DSHOW_ALL_VARS_USED=0 -DCONFIG_BUF_LEN=65536 -DMAX_DOMAINS_F=21 -DMAX_HISTORY=25 -DNMM_NEST=0 -DWRF_CHEM -DBUILD_CHEM=1 -I. -traditional-cpp -DUSE_NETCDF4_FEATURES -DWRFIO_NCD_LARGE_FILE_SUPPORT  mcsqf1.F  > mcsqf1.f90
ifort -c -real-size 32 -i4  -ip -fp-model precise -w -ftz -align all -fno-alias -FR -convert big_endian   mcsqf1.f90
rm -f -f mcsqf1.f90
/lib/cpp -P -nostdinc -DEM_CORE=1 -DNMM_CORE=0 -DNMM_MAX_DIM=2600 -DDA_CORE=0 -DWRFPLUS=0 -DIWORDSIZE=4 -DDWORDSIZE=8 -DRWORDSIZE=4 -DLWORDSIZE=4 -DNONSTANDARD_SYSTEM_FUNC  -DWRF_USE_CLM -DUSE_NETCDF4_FEATURES -DWRFIO_NCD_LARGE_FILE_SUPPORT  -DDM_PARALLEL -DNETCDF -DLANDREAD_STUB=1 -DUSE_ALLOCATABLES -Dwrfmodel -DGRIB1 -DINTIO -DKEEP_INT_AROUND -DLIMIT_ARGS -DBUILD_RRTMG_FAST=0 -DBUILD_RRTMK=0 -DBUILD_SBM_FAST=1 -DSHOW_ALL_VARS_USED=0 -DCONFIG_BUF_LEN=65536 -DMAX_DOMAINS_F=21 -DMAX_HISTORY=25 -DNMM_NEST=0 -DWRF_CHEM -DBUILD_CHEM=1 -I. -traditional-cpp -DUSE_NETCDF4_FEATURES -DWRFIO_NCD_LARGE_FILE_SUPPORT  mradfg.F  > mradfg.f90
rm -f -f d1fgkb.f90
/lib/cpp -P -nostdinc -DEM_CORE=1 -DNMM_CORE=0 -DNMM_MAX_DIM=2600 -DDA_CORE=0 -DWRFPLUS=0 -DIWORDSIZE=4 -DDWORDSIZE=8 -DRWORDSIZE=4 -DLWORDSIZE=4 -DNONSTANDARD_SYSTEM_FUNC  -DWRF_USE_CLM -DUSE_NETCDF4_FEATURES -DWRFIO_NCD_LARGE_FILE_SUPPORT  -DDM_PARALLEL -DNETCDF -DLANDREAD_STUB=1 -DUSE_ALLOCATABLES -Dwrfmodel -DGRIB1 -DINTIO -DKEEP_INT_AROUND -DLIMIT_ARGS -DBUILD_RRTMG_FAST=0 -DBUILD_RRTMK=0 -DBUILD_SBM_FAST=1 -DSHOW_ALL_VARS_USED=0 -DCONFIG_BUF_LEN=65536 -DMAX_DOMAINS_F=21 -DMAX_HISTORY=25 -DNMM_NEST=0 -DWRF_CHEM -DBUILD_CHEM=1 -I. -traditional-cpp -DUSE_NETCDF4_FEATURES -DWRFIO_NCD_LARGE_FILE_SUPPORT  r1f5kb.F  > r1f5kb.f90
ifort -c -real-size 32 -i4  -ip -fp-model precise -w -ftz -align all -fno-alias -FR -convert big_endian   mradfg.f90
ifort -c -real-size 32 -i4  -ip -fp-model precise -w -ftz -align all -fno-alias -FR -convert big_endian   r1f5kb.f90
rm -f -f mradfg.f90
/lib/cpp -P -nostdinc -DEM_CORE=1 -DNMM_CORE=0 -DNMM_MAX_DIM=2600 -DDA_CORE=0 -DWRFPLUS=0 -DIWORDSIZE=4 -DDWORDSIZE=8 -DRWORDSIZE=4 -DLWORDSIZE=4 -DNONSTANDARD_SYSTEM_FUNC  -DWRF_USE_CLM -DUSE_NETCDF4_FEATURES -DWRFIO_NCD_LARGE_FILE_SUPPORT  -DDM_PARALLEL -DNETCDF -DLANDREAD_STUB=1 -DUSE_ALLOCATABLES -Dwrfmodel -DGRIB1 -DINTIO -DKEEP_INT_AROUND -DLIMIT_ARGS -DBUILD_RRTMG_FAST=0 -DBUILD_RRTMK=0 -DBUILD_SBM_FAST=1 -DSHOW_ALL_VARS_USED=0 -DCONFIG_BUF_LEN=65536 -DMAX_DOMAINS_F=21 -DMAX_HISTORY=25 -DNMM_NEST=0 -DWRF_CHEM -DBUILD_CHEM=1 -I. -traditional-cpp -DUSE_NETCDF4_FEATURES -DWRFIO_NCD_LARGE_FILE_SUPPORT  rfft1i.F  > rfft1i.f90
ifort -c -real-size 32 -i4  -ip -fp-model precise -w -ftz -align all -fno-alias -FR -convert big_endian   rfft1i.f90
rm -f -f r1f5kb.f90
/lib/cpp -P -nostdinc -DEM_CORE=1 -DNMM_CORE=0 -DNMM_MAX_DIM=2600 -DDA_CORE=0 -DWRFPLUS=0 -DIWORDSIZE=4 -DDWORDSIZE=8 -DRWORDSIZE=4 -DLWORDSIZE=4 -DNONSTANDARD_SYSTEM_FUNC  -DWRF_USE_CLM -DUSE_NETCDF4_FEATURES -DWRFIO_NCD_LARGE_FILE_SUPPORT  -DDM_PARALLEL -DNETCDF -DLANDREAD_STUB=1 -DUSE_ALLOCATABLES -Dwrfmodel -DGRIB1 -DINTIO -DKEEP_INT_AROUND -DLIMIT_ARGS -DBUILD_RRTMG_FAST=0 -DBUILD_RRTMK=0 -DBUILD_SBM_FAST=1 -DSHOW_ALL_VARS_USED=0 -DCONFIG_BUF_LEN=65536 -DMAX_DOMAINS_F=21 -DMAX_HISTORY=25 -DNMM_NEST=0 -DWRF_CHEM -DBUILD_CHEM=1 -I. -traditional-cpp -DUSE_NETCDF4_FEATURES -DWRFIO_NCD_LARGE_FILE_SUPPORT  sinq1i.F  > sinq1i.f90
ifort -c -real-size 32 -i4  -ip -fp-model precise -w -ftz -align all -fno-alias -FR -convert big_endian   sinq1i.f90
rm -f -f rfft1i.f90
/lib/cpp -P -nostdinc -DEM_CORE=1 -DNMM_CORE=0 -DNMM_MAX_DIM=2600 -DDA_CORE=0 -DWRFPLUS=0 -DIWORDSIZE=4 -DDWORDSIZE=8 -DRWORDSIZE=4 -DLWORDSIZE=4 -DNONSTANDARD_SYSTEM_FUNC  -DWRF_USE_CLM -DUSE_NETCDF4_FEATURES -DWRFIO_NCD_LARGE_FILE_SUPPORT  -DDM_PARALLEL -DNETCDF -DLANDREAD_STUB=1 -DUSE_ALLOCATABLES -Dwrfmodel -DGRIB1 -DINTIO -DKEEP_INT_AROUND -DLIMIT_ARGS -DBUILD_RRTMG_FAST=0 -DBUILD_RRTMK=0 -DBUILD_SBM_FAST=1 -DSHOW_ALL_VARS_USED=0 -DCONFIG_BUF_LEN=65536 -DMAX_DOMAINS_F=21 -DMAX_HISTORY=25 -DNMM_NEST=0 -DWRF_CHEM -DBUILD_CHEM=1 -I. -traditional-cpp -DUSE_NETCDF4_FEATURES -DWRFIO_NCD_LARGE_FILE_SUPPORT  xercon.F  > xercon.f90
ifort -c -real-size 32 -i4  -ip -fp-model precise -w -ftz -align all -fno-alias -FR -convert big_endian   xercon.f90
rm -f -f sinq1i.f90
/lib/cpp -P -nostdinc -DEM_CORE=1 -DNMM_CORE=0 -DNMM_MAX_DIM=2600 -DDA_CORE=0 -DWRFPLUS=0 -DIWORDSIZE=4 -DDWORDSIZE=8 -DRWORDSIZE=4 -DLWORDSIZE=4 -DNONSTANDARD_SYSTEM_FUNC  -DWRF_USE_CLM -DUSE_NETCDF4_FEATURES -DWRFIO_NCD_LARGE_FILE_SUPPORT  -DDM_PARALLEL -DNETCDF -DLANDREAD_STUB=1 -DUSE_ALLOCATABLES -Dwrfmodel -DGRIB1 -DINTIO -DKEEP_INT_AROUND -DLIMIT_ARGS -DBUILD_RRTMG_FAST=0 -DBUILD_RRTMK=0 -DBUILD_SBM_FAST=1 -DSHOW_ALL_VARS_USED=0 -DCONFIG_BUF_LEN=65536 -DMAX_DOMAINS_F=21 -DMAX_HISTORY=25 -DNMM_NEST=0 -DWRF_CHEM -DBUILD_CHEM=1 -I. -traditional-cpp -DUSE_NETCDF4_FEATURES -DWRFIO_NCD_LARGE_FILE_SUPPORT  z1fm1b.F  > z1fm1b.f90
ifort -c -real-size 32 -i4  -ip -fp-model precise -w -ftz -align all -fno-alias -FR -convert big_endian   z1fm1b.f90
rm -f -f xercon.f90
/lib/cpp -P -nostdinc -DEM_CORE=1 -DNMM_CORE=0 -DNMM_MAX_DIM=2600 -DDA_CORE=0 -DWRFPLUS=0 -DIWORDSIZE=4 -DDWORDSIZE=8 -DRWORDSIZE=4 -DLWORDSIZE=4 -DNONSTANDARD_SYSTEM_FUNC  -DWRF_USE_CLM -DUSE_NETCDF4_FEATURES -DWRFIO_NCD_LARGE_FILE_SUPPORT  -DDM_PARALLEL -DNETCDF -DLANDREAD_STUB=1 -DUSE_ALLOCATABLES -Dwrfmodel -DGRIB1 -DINTIO -DKEEP_INT_AROUND -DLIMIT_ARGS -DBUILD_RRTMG_FAST=0 -DBUILD_RRTMK=0 -DBUILD_SBM_FAST=1 -DSHOW_ALL_VARS_USED=0 -DCONFIG_BUF_LEN=65536 -DMAX_DOMAINS_F=21 -DMAX_HISTORY=25 -DNMM_NEST=0 -DWRF_CHEM -DBUILD_CHEM=1 -I. -traditional-cpp -DUSE_NETCDF4_FEATURES -DWRFIO_NCD_LARGE_FILE_SUPPORT  zmf2kf.F  > zmf2kf.f90
ifort -c -real-size 32 -i4  -ip -fp-model precise -w -ftz -align all -fno-alias -FR -convert big_endian   zmf2kf.f90
rm -f -f z1fm1b.f90
/lib/cpp -P -nostdinc -DEM_CORE=1 -DNMM_CORE=0 -DNMM_MAX_DIM=2600 -DDA_CORE=0 -DWRFPLUS=0 -DIWORDSIZE=4 -DDWORDSIZE=8 -DRWORDSIZE=4 -DLWORDSIZE=4 -DNONSTANDARD_SYSTEM_FUNC  -DWRF_USE_CLM -DUSE_NETCDF4_FEATURES -DWRFIO_NCD_LARGE_FILE_SUPPORT  -DDM_PARALLEL -DNETCDF -DLANDREAD_STUB=1 -DUSE_ALLOCATABLES -Dwrfmodel -DGRIB1 -DINTIO -DKEEP_INT_AROUND -DLIMIT_ARGS -DBUILD_RRTMG_FAST=0 -DBUILD_RRTMK=0 -DBUILD_SBM_FAST=1 -DSHOW_ALL_VARS_USED=0 -DCONFIG_BUF_LEN=65536 -DMAX_DOMAINS_F=21 -DMAX_HISTORY=25 -DNMM_NEST=0 -DWRF_CHEM -DBUILD_CHEM=1 -I. -traditional-cpp -DUSE_NETCDF4_FEATURES -DWRFIO_NCD_LARGE_FILE_SUPPORT  c1fm1b.F  > c1fm1b.f90
ifort -c -real-size 32 -i4  -ip -fp-model precise -w -ftz -align all -fno-alias -FR -convert big_endian   c1fm1b.f90
rm -f -f zmf2kf.f90
/lib/cpp -P -nostdinc -DEM_CORE=1 -DNMM_CORE=0 -DNMM_MAX_DIM=2600 -DDA_CORE=0 -DWRFPLUS=0 -DIWORDSIZE=4 -DDWORDSIZE=8 -DRWORDSIZE=4 -DLWORDSIZE=4 -DNONSTANDARD_SYSTEM_FUNC  -DWRF_USE_CLM -DUSE_NETCDF4_FEATURES -DWRFIO_NCD_LARGE_FILE_SUPPORT  -DDM_PARALLEL -DNETCDF -DLANDREAD_STUB=1 -DUSE_ALLOCATABLES -Dwrfmodel -DGRIB1 -DINTIO -DKEEP_INT_AROUND -DLIMIT_ARGS -DBUILD_RRTMG_FAST=0 -DBUILD_RRTMK=0 -DBUILD_SBM_FAST=1 -DSHOW_ALL_VARS_USED=0 -DCONFIG_BUF_LEN=65536 -DMAX_DOMAINS_F=21 -DMAX_HISTORY=25 -DNMM_NEST=0 -DWRF_CHEM -DBUILD_CHEM=1 -I. -traditional-cpp -DUSE_NETCDF4_FEATURES -DWRFIO_NCD_LARGE_FILE_SUPPORT  cmf2kf.F  > cmf2kf.f90
ifort -c -real-size 32 -i4  -ip -fp-model precise -w -ftz -align all -fno-alias -FR -convert big_endian   cmf2kf.f90
rm -f -f c1fm1b.f90
/lib/cpp -P -nostdinc -DEM_CORE=1 -DNMM_CORE=0 -DNMM_MAX_DIM=2600 -DDA_CORE=0 -DWRFPLUS=0 -DIWORDSIZE=4 -DDWORDSIZE=8 -DRWORDSIZE=4 -DLWORDSIZE=4 -DNONSTANDARD_SYSTEM_FUNC  -DWRF_USE_CLM -DUSE_NETCDF4_FEATURES -DWRFIO_NCD_LARGE_FILE_SUPPORT  -DDM_PARALLEL -DNETCDF -DLANDREAD_STUB=1 -DUSE_ALLOCATABLES -Dwrfmodel -DGRIB1 -DINTIO -DKEEP_INT_AROUND -DLIMIT_ARGS -DBUILD_RRTMG_FAST=0 -DBUILD_RRTMK=0 -DBUILD_SBM_FAST=1 -DSHOW_ALL_VARS_USED=0 -DCONFIG_BUF_LEN=65536 -DMAX_DOMAINS_F=21 -DMAX_HISTORY=25 -DNMM_NEST=0 -DWRF_CHEM -DBUILD_CHEM=1 -I. -traditional-cpp -DUSE_NETCDF4_FEATURES -DWRFIO_NCD_LARGE_FILE_SUPPORT  cosq1f.F  > cosq1f.f90
ifort -c -real-size 32 -i4  -ip -fp-model precise -w -ftz -align all -fno-alias -FR -convert big_endian   cosq1f.f90
rm -f -f cmf2kf.f90
/lib/cpp -P -nostdinc -DEM_CORE=1 -DNMM_CORE=0 -DNMM_MAX_DIM=2600 -DDA_CORE=0 -DWRFPLUS=0 -DIWORDSIZE=4 -DDWORDSIZE=8 -DRWORDSIZE=4 -DLWORDSIZE=4 -DNONSTANDARD_SYSTEM_FUNC  -DWRF_USE_CLM -DUSE_NETCDF4_FEATURES -DWRFIO_NCD_LARGE_FILE_SUPPORT  -DDM_PARALLEL -DNETCDF -DLANDREAD_STUB=1 -DUSE_ALLOCATABLES -Dwrfmodel -DGRIB1 -DINTIO -DKEEP_INT_AROUND -DLIMIT_ARGS -DBUILD_RRTMG_FAST=0 -DBUILD_RRTMK=0 -DBUILD_SBM_FAST=1 -DSHOW_ALL_VARS_USED=0 -DCONFIG_BUF_LEN=65536 -DMAX_DOMAINS_F=21 -DMAX_HISTORY=25 -DNMM_NEST=0 -DWRF_CHEM -DBUILD_CHEM=1 -I. -traditional-cpp -DUSE_NETCDF4_FEATURES -DWRFIO_NCD_LARGE_FILE_SUPPORT  costmb.F  > costmb.f90
ifort -c -real-size 32 -i4  -ip -fp-model precise -w -ftz -align all -fno-alias -FR -convert big_endian   costmb.f90
rm -f -f cosq1f.f90
/lib/cpp -P -nostdinc -DEM_CORE=1 -DNMM_CORE=0 -DNMM_MAX_DIM=2600 -DDA_CORE=0 -DWRFPLUS=0 -DIWORDSIZE=4 -DDWORDSIZE=8 -DRWORDSIZE=4 -DLWORDSIZE=4 -DNONSTANDARD_SYSTEM_FUNC  -DWRF_USE_CLM -DUSE_NETCDF4_FEATURES -DWRFIO_NCD_LARGE_FILE_SUPPORT  -DDM_PARALLEL -DNETCDF -DLANDREAD_STUB=1 -DUSE_ALLOCATABLES -Dwrfmodel -DGRIB1 -DINTIO -DKEEP_INT_AROUND -DLIMIT_ARGS -DBUILD_RRTMG_FAST=0 -DBUILD_RRTMK=0 -DBUILD_SBM_FAST=1 -DSHOW_ALL_VARS_USED=0 -DCONFIG_BUF_LEN=65536 -DMAX_DOMAINS_F=21 -DMAX_HISTORY=25 -DNMM_NEST=0 -DWRF_CHEM -DBUILD_CHEM=1 -I. -traditional-cpp -DUSE_NETCDF4_FEATURES -DWRFIO_NCD_LARGE_FILE_SUPPORT  d1fgkf.F  > d1fgkf.f90
ifort -c -real-size 32 -i4  -ip -fp-model precise -w -ftz -align all -fno-alias -FR -convert big_endian   d1fgkf.f90
rm -f -f costmb.f90
/lib/cpp -P -nostdinc -DEM_CORE=1 -DNMM_CORE=0 -DNMM_MAX_DIM=2600 -DDA_CORE=0 -DWRFPLUS=0 -DIWORDSIZE=4 -DDWORDSIZE=8 -DRWORDSIZE=4 -DLWORDSIZE=4 -DNONSTANDARD_SYSTEM_FUNC  -DWRF_USE_CLM -DUSE_NETCDF4_FEATURES -DWRFIO_NCD_LARGE_FILE_SUPPORT  -DDM_PARALLEL -DNETCDF -DLANDREAD_STUB=1 -DUSE_ALLOCATABLES -Dwrfmodel -DGRIB1 -DINTIO -DKEEP_INT_AROUND -DLIMIT_ARGS -DBUILD_RRTMG_FAST=0 -DBUILD_RRTMK=0 -DBUILD_SBM_FAST=1 -DSHOW_ALL_VARS_USED=0 -DCONFIG_BUF_LEN=65536 -DMAX_DOMAINS_F=21 -DMAX_HISTORY=25 -DNMM_NEST=0 -DWRF_CHEM -DBUILD_CHEM=1 -I. -traditional-cpp -DUSE_NETCDF4_FEATURES -DWRFIO_NCD_LARGE_FILE_SUPPORT  dfft1f.F  > dfft1f.f90
ifort -c -real-size 32 -i4  -ip -fp-model precise -w -ftz -align all -fno-alias -FR -convert big_endian   dfft1f.f90
rm -f -f dfft1f.f90
/lib/cpp -P -nostdinc -DEM_CORE=1 -DNMM_CORE=0 -DNMM_MAX_DIM=2600 -DDA_CORE=0 -DWRFPLUS=0 -DIWORDSIZE=4 -DDWORDSIZE=8 -DRWORDSIZE=4 -DLWORDSIZE=4 -DNONSTANDARD_SYSTEM_FUNC  -DWRF_USE_CLM -DUSE_NETCDF4_FEATURES -DWRFIO_NCD_LARGE_FILE_SUPPORT  -DDM_PARALLEL -DNETCDF -DLANDREAD_STUB=1 -DUSE_ALLOCATABLES -Dwrfmodel -DGRIB1 -DINTIO -DKEEP_INT_AROUND -DLIMIT_ARGS -DBUILD_RRTMG_FAST=0 -DBUILD_RRTMK=0 -DBUILD_SBM_FAST=1 -DSHOW_ALL_VARS_USED=0 -DCONFIG_BUF_LEN=65536 -DMAX_DOMAINS_F=21 -DMAX_HISTORY=25 -DNMM_NEST=0 -DWRF_CHEM -DBUILD_CHEM=1 -I. -traditional-cpp -DUSE_NETCDF4_FEATURES -DWRFIO_NCD_LARGE_FILE_SUPPORT  mcstb1.F  > mcstb1.f90
ifort -c -real-size 32 -i4  -ip -fp-model precise -w -ftz -align all -fno-alias -FR -convert big_endian   mcstb1.f90
rm -f -f d1fgkf.f90
rm -f -f mcstb1.f90
/lib/cpp -P -nostdinc -DEM_CORE=1 -DNMM_CORE=0 -DNMM_MAX_DIM=2600 -DDA_CORE=0 -DWRFPLUS=0 -DIWORDSIZE=4 -DDWORDSIZE=8 -DRWORDSIZE=4 -DLWORDSIZE=4 -DNONSTANDARD_SYSTEM_FUNC  -DWRF_USE_CLM -DUSE_NETCDF4_FEATURES -DWRFIO_NCD_LARGE_FILE_SUPPORT  -DDM_PARALLEL -DNETCDF -DLANDREAD_STUB=1 -DUSE_ALLOCATABLES -Dwrfmodel -DGRIB1 -DINTIO -DKEEP_INT_AROUND -DLIMIT_ARGS -DBUILD_RRTMG_FAST=0 -DBUILD_RRTMK=0 -DBUILD_SBM_FAST=1 -DSHOW_ALL_VARS_USED=0 -DCONFIG_BUF_LEN=65536 -DMAX_DOMAINS_F=21 -DMAX_HISTORY=25 -DNMM_NEST=0 -DWRF_CHEM -DBUILD_CHEM=1 -I. -traditional-cpp -DUSE_NETCDF4_FEATURES -DWRFIO_NCD_LARGE_FILE_SUPPORT  mrftb1.F  > mrftb1.f90
/lib/cpp -P -nostdinc -DEM_CORE=1 -DNMM_CORE=0 -DNMM_MAX_DIM=2600 -DDA_CORE=0 -DWRFPLUS=0 -DIWORDSIZE=4 -DDWORDSIZE=8 -DRWORDSIZE=4 -DLWORDSIZE=4 -DNONSTANDARD_SYSTEM_FUNC  -DWRF_USE_CLM -DUSE_NETCDF4_FEATURES -DWRFIO_NCD_LARGE_FILE_SUPPORT  -DDM_PARALLEL -DNETCDF -DLANDREAD_STUB=1 -DUSE_ALLOCATABLES -Dwrfmodel -DGRIB1 -DINTIO -DKEEP_INT_AROUND -DLIMIT_ARGS -DBUILD_RRTMG_FAST=0 -DBUILD_RRTMK=0 -DBUILD_SBM_FAST=1 -DSHOW_ALL_VARS_USED=0 -DCONFIG_BUF_LEN=65536 -DMAX_DOMAINS_F=21 -DMAX_HISTORY=25 -DNMM_NEST=0 -DWRF_CHEM -DBUILD_CHEM=1 -I. -traditional-cpp -DUSE_NETCDF4_FEATURES -DWRFIO_NCD_LARGE_FILE_SUPPORT  r1f5kf.F  > r1f5kf.f90
ifort -c -real-size 32 -i4  -ip -fp-model precise -w -ftz -align all -fno-alias -FR -convert big_endian   mrftb1.f90
ifort -c -real-size 32 -i4  -ip -fp-model precise -w -ftz -align all -fno-alias -FR -convert big_endian   r1f5kf.f90
rm -f -f mrftb1.f90
/lib/cpp -P -nostdinc -DEM_CORE=1 -DNMM_CORE=0 -DNMM_MAX_DIM=2600 -DDA_CORE=0 -DWRFPLUS=0 -DIWORDSIZE=4 -DDWORDSIZE=8 -DRWORDSIZE=4 -DLWORDSIZE=4 -DNONSTANDARD_SYSTEM_FUNC  -DWRF_USE_CLM -DUSE_NETCDF4_FEATURES -DWRFIO_NCD_LARGE_FILE_SUPPORT  -DDM_PARALLEL -DNETCDF -DLANDREAD_STUB=1 -DUSE_ALLOCATABLES -Dwrfmodel -DGRIB1 -DINTIO -DKEEP_INT_AROUND -DLIMIT_ARGS -DBUILD_RRTMG_FAST=0 -DBUILD_RRTMK=0 -DBUILD_SBM_FAST=1 -DSHOW_ALL_VARS_USED=0 -DCONFIG_BUF_LEN=65536 -DMAX_DOMAINS_F=21 -DMAX_HISTORY=25 -DNMM_NEST=0 -DWRF_CHEM -DBUILD_CHEM=1 -I. -traditional-cpp -DUSE_NETCDF4_FEATURES -DWRFIO_NCD_LARGE_FILE_SUPPORT  rfft2b.F  > rfft2b.f90
ifort -c -real-size 32 -i4  -ip -fp-model precise -w -ftz -align all -fno-alias -FR -convert big_endian   rfft2b.f90
rm -f -f rfft2b.f90
/lib/cpp -P -nostdinc -DEM_CORE=1 -DNMM_CORE=0 -DNMM_MAX_DIM=2600 -DDA_CORE=0 -DWRFPLUS=0 -DIWORDSIZE=4 -DDWORDSIZE=8 -DRWORDSIZE=4 -DLWORDSIZE=4 -DNONSTANDARD_SYSTEM_FUNC  -DWRF_USE_CLM -DUSE_NETCDF4_FEATURES -DWRFIO_NCD_LARGE_FILE_SUPPORT  -DDM_PARALLEL -DNETCDF -DLANDREAD_STUB=1 -DUSE_ALLOCATABLES -Dwrfmodel -DGRIB1 -DINTIO -DKEEP_INT_AROUND -DLIMIT_ARGS -DBUILD_RRTMG_FAST=0 -DBUILD_RRTMK=0 -DBUILD_SBM_FAST=1 -DSHOW_ALL_VARS_USED=0 -DCONFIG_BUF_LEN=65536 -DMAX_DOMAINS_F=21 -DMAX_HISTORY=25 -DNMM_NEST=0 -DWRF_CHEM -DBUILD_CHEM=1 -I. -traditional-cpp -DUSE_NETCDF4_FEATURES -DWRFIO_NCD_LARGE_FILE_SUPPORT  sinqmb.F  > sinqmb.f90
ifort -c -real-size 32 -i4  -ip -fp-model precise -w -ftz -align all -fno-alias -FR -convert big_endian   sinqmb.f90
rm -f -f r1f5kf.f90
rm -f -f sinqmb.f90
/lib/cpp -P -nostdinc -DEM_CORE=1 -DNMM_CORE=0 -DNMM_MAX_DIM=2600 -DDA_CORE=0 -DWRFPLUS=0 -DIWORDSIZE=4 -DDWORDSIZE=8 -DRWORDSIZE=4 -DLWORDSIZE=4 -DNONSTANDARD_SYSTEM_FUNC  -DWRF_USE_CLM -DUSE_NETCDF4_FEATURES -DWRFIO_NCD_LARGE_FILE_SUPPORT  -DDM_PARALLEL -DNETCDF -DLANDREAD_STUB=1 -DUSE_ALLOCATABLES -Dwrfmodel -DGRIB1 -DINTIO -DKEEP_INT_AROUND -DLIMIT_ARGS -DBUILD_RRTMG_FAST=0 -DBUILD_RRTMK=0 -DBUILD_SBM_FAST=1 -DSHOW_ALL_VARS_USED=0 -DCONFIG_BUF_LEN=65536 -DMAX_DOMAINS_F=21 -DMAX_HISTORY=25 -DNMM_NEST=0 -DWRF_CHEM -DBUILD_CHEM=1 -I. -traditional-cpp -DUSE_NETCDF4_FEATURES -DWRFIO_NCD_LARGE_FILE_SUPPORT  xerfft.F  > xerfft.f90
/lib/cpp -P -nostdinc -DEM_CORE=1 -DNMM_CORE=0 -DNMM_MAX_DIM=2600 -DDA_CORE=0 -DWRFPLUS=0 -DIWORDSIZE=4 -DDWORDSIZE=8 -DRWORDSIZE=4 -DLWORDSIZE=4 -DNONSTANDARD_SYSTEM_FUNC  -DWRF_USE_CLM -DUSE_NETCDF4_FEATURES -DWRFIO_NCD_LARGE_FILE_SUPPORT  -DDM_PARALLEL -DNETCDF -DLANDREAD_STUB=1 -DUSE_ALLOCATABLES -Dwrfmodel -DGRIB1 -DINTIO -DKEEP_INT_AROUND -DLIMIT_ARGS -DBUILD_RRTMG_FAST=0 -DBUILD_RRTMK=0 -DBUILD_SBM_FAST=1 -DSHOW_ALL_VARS_USED=0 -DCONFIG_BUF_LEN=65536 -DMAX_DOMAINS_F=21 -DMAX_HISTORY=25 -DNMM_NEST=0 -DWRF_CHEM -DBUILD_CHEM=1 -I. -traditional-cpp -DUSE_NETCDF4_FEATURES -DWRFIO_NCD_LARGE_FILE_SUPPORT  z1fm1f.F  > z1fm1f.f90
ifort -c -real-size 32 -i4  -ip -fp-model precise -w -ftz -align all -fno-alias -FR -convert big_endian   xerfft.f90
ifort -c -real-size 32 -i4  -ip -fp-model precise -w -ftz -align all -fno-alias -FR -convert big_endian   z1fm1f.f90
rm -f -f xerfft.f90
rm -f -f z1fm1f.f90
/lib/cpp -P -nostdinc -DEM_CORE=1 -DNMM_CORE=0 -DNMM_MAX_DIM=2600 -DDA_CORE=0 -DWRFPLUS=0 -DIWORDSIZE=4 -DDWORDSIZE=8 -DRWORDSIZE=4 -DLWORDSIZE=4 -DNONSTANDARD_SYSTEM_FUNC  -DWRF_USE_CLM -DUSE_NETCDF4_FEATURES -DWRFIO_NCD_LARGE_FILE_SUPPORT  -DDM_PARALLEL -DNETCDF -DLANDREAD_STUB=1 -DUSE_ALLOCATABLES -Dwrfmodel -DGRIB1 -DINTIO -DKEEP_INT_AROUND -DLIMIT_ARGS -DBUILD_RRTMG_FAST=0 -DBUILD_RRTMK=0 -DBUILD_SBM_FAST=1 -DSHOW_ALL_VARS_USED=0 -DCONFIG_BUF_LEN=65536 -DMAX_DOMAINS_F=21 -DMAX_HISTORY=25 -DNMM_NEST=0 -DWRF_CHEM -DBUILD_CHEM=1 -I. -traditional-cpp -DUSE_NETCDF4_FEATURES -DWRFIO_NCD_LARGE_FILE_SUPPORT  zmf3kb.F  > zmf3kb.f90
/lib/cpp -P -nostdinc -DEM_CORE=1 -DNMM_CORE=0 -DNMM_MAX_DIM=2600 -DDA_CORE=0 -DWRFPLUS=0 -DIWORDSIZE=4 -DDWORDSIZE=8 -DRWORDSIZE=4 -DLWORDSIZE=4 -DNONSTANDARD_SYSTEM_FUNC  -DWRF_USE_CLM -DUSE_NETCDF4_FEATURES -DWRFIO_NCD_LARGE_FILE_SUPPORT  -DDM_PARALLEL -DNETCDF -DLANDREAD_STUB=1 -DUSE_ALLOCATABLES -Dwrfmodel -DGRIB1 -DINTIO -DKEEP_INT_AROUND -DLIMIT_ARGS -DBUILD_RRTMG_FAST=0 -DBUILD_RRTMK=0 -DBUILD_SBM_FAST=1 -DSHOW_ALL_VARS_USED=0 -DCONFIG_BUF_LEN=65536 -DMAX_DOMAINS_F=21 -DMAX_HISTORY=25 -DNMM_NEST=0 -DWRF_CHEM -DBUILD_CHEM=1 -I. -traditional-cpp -DUSE_NETCDF4_FEATURES -DWRFIO_NCD_LARGE_FILE_SUPPORT  c1fm1f.F  > c1fm1f.f90
ifort -c -real-size 32 -i4  -ip -fp-model precise -w -ftz -align all -fno-alias -FR -convert big_endian   zmf3kb.f90
ifort -c -real-size 32 -i4  -ip -fp-model precise -w -ftz -align all -fno-alias -FR -convert big_endian   c1fm1f.f90
rm -f -f c1fm1f.f90
/lib/cpp -P -nostdinc -DEM_CORE=1 -DNMM_CORE=0 -DNMM_MAX_DIM=2600 -DDA_CORE=0 -DWRFPLUS=0 -DIWORDSIZE=4 -DDWORDSIZE=8 -DRWORDSIZE=4 -DLWORDSIZE=4 -DNONSTANDARD_SYSTEM_FUNC  -DWRF_USE_CLM -DUSE_NETCDF4_FEATURES -DWRFIO_NCD_LARGE_FILE_SUPPORT  -DDM_PARALLEL -DNETCDF -DLANDREAD_STUB=1 -DUSE_ALLOCATABLES -Dwrfmodel -DGRIB1 -DINTIO -DKEEP_INT_AROUND -DLIMIT_ARGS -DBUILD_RRTMG_FAST=0 -DBUILD_RRTMK=0 -DBUILD_SBM_FAST=1 -DSHOW_ALL_VARS_USED=0 -DCONFIG_BUF_LEN=65536 -DMAX_DOMAINS_F=21 -DMAX_HISTORY=25 -DNMM_NEST=0 -DWRF_CHEM -DBUILD_CHEM=1 -I. -traditional-cpp -DUSE_NETCDF4_FEATURES -DWRFIO_NCD_LARGE_FILE_SUPPORT  cmf3kb.F  > cmf3kb.f90
ifort -c -real-size 32 -i4  -ip -fp-model precise -w -ftz -align all -fno-alias -FR -convert big_endian   cmf3kb.f90
rm -f -f zmf3kb.f90
/lib/cpp -P -nostdinc -DEM_CORE=1 -DNMM_CORE=0 -DNMM_MAX_DIM=2600 -DDA_CORE=0 -DWRFPLUS=0 -DIWORDSIZE=4 -DDWORDSIZE=8 -DRWORDSIZE=4 -DLWORDSIZE=4 -DNONSTANDARD_SYSTEM_FUNC  -DWRF_USE_CLM -DUSE_NETCDF4_FEATURES -DWRFIO_NCD_LARGE_FILE_SUPPORT  -DDM_PARALLEL -DNETCDF -DLANDREAD_STUB=1 -DUSE_ALLOCATABLES -Dwrfmodel -DGRIB1 -DINTIO -DKEEP_INT_AROUND -DLIMIT_ARGS -DBUILD_RRTMG_FAST=0 -DBUILD_RRTMK=0 -DBUILD_SBM_FAST=1 -DSHOW_ALL_VARS_USED=0 -DCONFIG_BUF_LEN=65536 -DMAX_DOMAINS_F=21 -DMAX_HISTORY=25 -DNMM_NEST=0 -DWRF_CHEM -DBUILD_CHEM=1 -I. -traditional-cpp -DUSE_NETCDF4_FEATURES -DWRFIO_NCD_LARGE_FILE_SUPPORT  cosq1i.F  > cosq1i.f90
ifort -c -real-size 32 -i4  -ip -fp-model precise -w -ftz -align all -fno-alias -FR -convert big_endian   cosq1i.f90
rm -f -f cmf3kb.f90
/lib/cpp -P -nostdinc -DEM_CORE=1 -DNMM_CORE=0 -DNMM_MAX_DIM=2600 -DDA_CORE=0 -DWRFPLUS=0 -DIWORDSIZE=4 -DDWORDSIZE=8 -DRWORDSIZE=4 -DLWORDSIZE=4 -DNONSTANDARD_SYSTEM_FUNC  -DWRF_USE_CLM -DUSE_NETCDF4_FEATURES -DWRFIO_NCD_LARGE_FILE_SUPPORT  -DDM_PARALLEL -DNETCDF -DLANDREAD_STUB=1 -DUSE_ALLOCATABLES -Dwrfmodel -DGRIB1 -DINTIO -DKEEP_INT_AROUND -DLIMIT_ARGS -DBUILD_RRTMG_FAST=0 -DBUILD_RRTMK=0 -DBUILD_SBM_FAST=1 -DSHOW_ALL_VARS_USED=0 -DCONFIG_BUF_LEN=65536 -DMAX_DOMAINS_F=21 -DMAX_HISTORY=25 -DNMM_NEST=0 -DWRF_CHEM -DBUILD_CHEM=1 -I. -traditional-cpp -DUSE_NETCDF4_FEATURES -DWRFIO_NCD_LARGE_FILE_SUPPORT  costmf.F  > costmf.f90
rm -f -f cosq1i.f90
/lib/cpp -P -nostdinc -DEM_CORE=1 -DNMM_CORE=0 -DNMM_MAX_DIM=2600 -DDA_CORE=0 -DWRFPLUS=0 -DIWORDSIZE=4 -DDWORDSIZE=8 -DRWORDSIZE=4 -DLWORDSIZE=4 -DNONSTANDARD_SYSTEM_FUNC  -DWRF_USE_CLM -DUSE_NETCDF4_FEATURES -DWRFIO_NCD_LARGE_FILE_SUPPORT  -DDM_PARALLEL -DNETCDF -DLANDREAD_STUB=1 -DUSE_ALLOCATABLES -Dwrfmodel -DGRIB1 -DINTIO -DKEEP_INT_AROUND -DLIMIT_ARGS -DBUILD_RRTMG_FAST=0 -DBUILD_RRTMK=0 -DBUILD_SBM_FAST=1 -DSHOW_ALL_VARS_USED=0 -DCONFIG_BUF_LEN=65536 -DMAX_DOMAINS_F=21 -DMAX_HISTORY=25 -DNMM_NEST=0 -DWRF_CHEM -DBUILD_CHEM=1 -I. -traditional-cpp -DUSE_NETCDF4_FEATURES -DWRFIO_NCD_LARGE_FILE_SUPPORT  dcosq1b.F  > dcosq1b.f90
ifort -c -real-size 32 -i4  -ip -fp-model precise -w -ftz -align all -fno-alias -FR -convert big_endian   costmf.f90
ifort -c -real-size 32 -i4  -ip -fp-model precise -w -ftz -align all -fno-alias -FR -convert big_endian   dcosq1b.f90
rm -f -f costmf.f90
/lib/cpp -P -nostdinc -DEM_CORE=1 -DNMM_CORE=0 -DNMM_MAX_DIM=2600 -DDA_CORE=0 -DWRFPLUS=0 -DIWORDSIZE=4 -DDWORDSIZE=8 -DRWORDSIZE=4 -DLWORDSIZE=4 -DNONSTANDARD_SYSTEM_FUNC  -DWRF_USE_CLM -DUSE_NETCDF4_FEATURES -DWRFIO_NCD_LARGE_FILE_SUPPORT  -DDM_PARALLEL -DNETCDF -DLANDREAD_STUB=1 -DUSE_ALLOCATABLES -Dwrfmodel -DGRIB1 -DINTIO -DKEEP_INT_AROUND -DLIMIT_ARGS -DBUILD_RRTMG_FAST=0 -DBUILD_RRTMK=0 -DBUILD_SBM_FAST=1 -DSHOW_ALL_VARS_USED=0 -DCONFIG_BUF_LEN=65536 -DMAX_DOMAINS_F=21 -DMAX_HISTORY=25 -DNMM_NEST=0 -DWRF_CHEM -DBUILD_CHEM=1 -I. -traditional-cpp -DUSE_NETCDF4_FEATURES -DWRFIO_NCD_LARGE_FILE_SUPPORT  dfft1i.F  > dfft1i.f90
rm -f -f dcosq1b.f90
/lib/cpp -P -nostdinc -DEM_CORE=1 -DNMM_CORE=0 -DNMM_MAX_DIM=2600 -DDA_CORE=0 -DWRFPLUS=0 -DIWORDSIZE=4 -DDWORDSIZE=8 -DRWORDSIZE=4 -DLWORDSIZE=4 -DNONSTANDARD_SYSTEM_FUNC  -DWRF_USE_CLM -DUSE_NETCDF4_FEATURES -DWRFIO_NCD_LARGE_FILE_SUPPORT  -DDM_PARALLEL -DNETCDF -DLANDREAD_STUB=1 -DUSE_ALLOCATABLES -Dwrfmodel -DGRIB1 -DINTIO -DKEEP_INT_AROUND -DLIMIT_ARGS -DBUILD_RRTMG_FAST=0 -DBUILD_RRTMK=0 -DBUILD_SBM_FAST=1 -DSHOW_ALL_VARS_USED=0 -DCONFIG_BUF_LEN=65536 -DMAX_DOMAINS_F=21 -DMAX_HISTORY=25 -DNMM_NEST=0 -DWRF_CHEM -DBUILD_CHEM=1 -I. -traditional-cpp -DUSE_NETCDF4_FEATURES -DWRFIO_NCD_LARGE_FILE_SUPPORT  mcstf1.F  > mcstf1.f90
ifort -c -real-size 32 -i4  -ip -fp-model precise -w -ftz -align all -fno-alias -FR -convert big_endian   dfft1i.f90
ifort -c -real-size 32 -i4  -ip -fp-model precise -w -ftz -align all -fno-alias -FR -convert big_endian   mcstf1.f90
rm -f -f dfft1i.f90
/lib/cpp -P -nostdinc -DEM_CORE=1 -DNMM_CORE=0 -DNMM_MAX_DIM=2600 -DDA_CORE=0 -DWRFPLUS=0 -DIWORDSIZE=4 -DDWORDSIZE=8 -DRWORDSIZE=4 -DLWORDSIZE=4 -DNONSTANDARD_SYSTEM_FUNC  -DWRF_USE_CLM -DUSE_NETCDF4_FEATURES -DWRFIO_NCD_LARGE_FILE_SUPPORT  -DDM_PARALLEL -DNETCDF -DLANDREAD_STUB=1 -DUSE_ALLOCATABLES -Dwrfmodel -DGRIB1 -DINTIO -DKEEP_INT_AROUND -DLIMIT_ARGS -DBUILD_RRTMG_FAST=0 -DBUILD_RRTMK=0 -DBUILD_SBM_FAST=1 -DSHOW_ALL_VARS_USED=0 -DCONFIG_BUF_LEN=65536 -DMAX_DOMAINS_F=21 -DMAX_HISTORY=25 -DNMM_NEST=0 -DWRF_CHEM -DBUILD_CHEM=1 -I. -traditional-cpp -DUSE_NETCDF4_FEATURES -DWRFIO_NCD_LARGE_FILE_SUPPORT  mrftf1.F  > mrftf1.f90
ifort -c -real-size 32 -i4  -ip -fp-model precise -w -ftz -align all -fno-alias -FR -convert big_endian   mrftf1.f90
rm -f -f mcstf1.f90
/lib/cpp -P -nostdinc -DEM_CORE=1 -DNMM_CORE=0 -DNMM_MAX_DIM=2600 -DDA_CORE=0 -DWRFPLUS=0 -DIWORDSIZE=4 -DDWORDSIZE=8 -DRWORDSIZE=4 -DLWORDSIZE=4 -DNONSTANDARD_SYSTEM_FUNC  -DWRF_USE_CLM -DUSE_NETCDF4_FEATURES -DWRFIO_NCD_LARGE_FILE_SUPPORT  -DDM_PARALLEL -DNETCDF -DLANDREAD_STUB=1 -DUSE_ALLOCATABLES -Dwrfmodel -DGRIB1 -DINTIO -DKEEP_INT_AROUND -DLIMIT_ARGS -DBUILD_RRTMG_FAST=0 -DBUILD_RRTMK=0 -DBUILD_SBM_FAST=1 -DSHOW_ALL_VARS_USED=0 -DCONFIG_BUF_LEN=65536 -DMAX_DOMAINS_F=21 -DMAX_HISTORY=25 -DNMM_NEST=0 -DWRF_CHEM -DBUILD_CHEM=1 -I. -traditional-cpp -DUSE_NETCDF4_FEATURES -DWRFIO_NCD_LARGE_FILE_SUPPORT  r1fgkb.F  > r1fgkb.f90
ifort -c -real-size 32 -i4  -ip -fp-model precise -w -ftz -align all -fno-alias -FR -convert big_endian   r1fgkb.f90
rm -f -f mrftf1.f90
/lib/cpp -P -nostdinc -DEM_CORE=1 -DNMM_CORE=0 -DNMM_MAX_DIM=2600 -DDA_CORE=0 -DWRFPLUS=0 -DIWORDSIZE=4 -DDWORDSIZE=8 -DRWORDSIZE=4 -DLWORDSIZE=4 -DNONSTANDARD_SYSTEM_FUNC  -DWRF_USE_CLM -DUSE_NETCDF4_FEATURES -DWRFIO_NCD_LARGE_FILE_SUPPORT  -DDM_PARALLEL -DNETCDF -DLANDREAD_STUB=1 -DUSE_ALLOCATABLES -Dwrfmodel -DGRIB1 -DINTIO -DKEEP_INT_AROUND -DLIMIT_ARGS -DBUILD_RRTMG_FAST=0 -DBUILD_RRTMK=0 -DBUILD_SBM_FAST=1 -DSHOW_ALL_VARS_USED=0 -DCONFIG_BUF_LEN=65536 -DMAX_DOMAINS_F=21 -DMAX_HISTORY=25 -DNMM_NEST=0 -DWRF_CHEM -DBUILD_CHEM=1 -I. -traditional-cpp -DUSE_NETCDF4_FEATURES -DWRFIO_NCD_LARGE_FILE_SUPPORT  rfft2f.F  > rfft2f.f90
ifort -c -real-size 32 -i4  -ip -fp-model precise -w -ftz -align all -fno-alias -FR -convert big_endian   rfft2f.f90
rm -f -f rfft2f.f90
/lib/cpp -P -nostdinc -DEM_CORE=1 -DNMM_CORE=0 -DNMM_MAX_DIM=2600 -DDA_CORE=0 -DWRFPLUS=0 -DIWORDSIZE=4 -DDWORDSIZE=8 -DRWORDSIZE=4 -DLWORDSIZE=4 -DNONSTANDARD_SYSTEM_FUNC  -DWRF_USE_CLM -DUSE_NETCDF4_FEATURES -DWRFIO_NCD_LARGE_FILE_SUPPORT  -DDM_PARALLEL -DNETCDF -DLANDREAD_STUB=1 -DUSE_ALLOCATABLES -Dwrfmodel -DGRIB1 -DINTIO -DKEEP_INT_AROUND -DLIMIT_ARGS -DBUILD_RRTMG_FAST=0 -DBUILD_RRTMK=0 -DBUILD_SBM_FAST=1 -DSHOW_ALL_VARS_USED=0 -DCONFIG_BUF_LEN=65536 -DMAX_DOMAINS_F=21 -DMAX_HISTORY=25 -DNMM_NEST=0 -DWRF_CHEM -DBUILD_CHEM=1 -I. -traditional-cpp -DUSE_NETCDF4_FEATURES -DWRFIO_NCD_LARGE_FILE_SUPPORT  sinqmf.F  > sinqmf.f90
rm -f -f r1fgkb.f90
/lib/cpp -P -nostdinc -DEM_CORE=1 -DNMM_CORE=0 -DNMM_MAX_DIM=2600 -DDA_CORE=0 -DWRFPLUS=0 -DIWORDSIZE=4 -DDWORDSIZE=8 -DRWORDSIZE=4 -DLWORDSIZE=4 -DNONSTANDARD_SYSTEM_FUNC  -DWRF_USE_CLM -DUSE_NETCDF4_FEATURES -DWRFIO_NCD_LARGE_FILE_SUPPORT  -DDM_PARALLEL -DNETCDF -DLANDREAD_STUB=1 -DUSE_ALLOCATABLES -Dwrfmodel -DGRIB1 -DINTIO -DKEEP_INT_AROUND -DLIMIT_ARGS -DBUILD_RRTMG_FAST=0 -DBUILD_RRTMK=0 -DBUILD_SBM_FAST=1 -DSHOW_ALL_VARS_USED=0 -DCONFIG_BUF_LEN=65536 -DMAX_DOMAINS_F=21 -DMAX_HISTORY=25 -DNMM_NEST=0 -DWRF_CHEM -DBUILD_CHEM=1 -I. -traditional-cpp -DUSE_NETCDF4_FEATURES -DWRFIO_NCD_LARGE_FILE_SUPPORT  z1f2kb.F  > z1f2kb.f90
ifort -c -real-size 32 -i4  -ip -fp-model precise -w -ftz -align all -fno-alias -FR -convert big_endian   sinqmf.f90
ifort -c -real-size 32 -i4  -ip -fp-model precise -w -ftz -align all -fno-alias -FR -convert big_endian   z1f2kb.f90
rm -f -f sinqmf.f90
/lib/cpp -P -nostdinc -DEM_CORE=1 -DNMM_CORE=0 -DNMM_MAX_DIM=2600 -DDA_CORE=0 -DWRFPLUS=0 -DIWORDSIZE=4 -DDWORDSIZE=8 -DRWORDSIZE=4 -DLWORDSIZE=4 -DNONSTANDARD_SYSTEM_FUNC  -DWRF_USE_CLM -DUSE_NETCDF4_FEATURES -DWRFIO_NCD_LARGE_FILE_SUPPORT  -DDM_PARALLEL -DNETCDF -DLANDREAD_STUB=1 -DUSE_ALLOCATABLES -Dwrfmodel -DGRIB1 -DINTIO -DKEEP_INT_AROUND -DLIMIT_ARGS -DBUILD_RRTMG_FAST=0 -DBUILD_RRTMK=0 -DBUILD_SBM_FAST=1 -DSHOW_ALL_VARS_USED=0 -DCONFIG_BUF_LEN=65536 -DMAX_DOMAINS_F=21 -DMAX_HISTORY=25 -DNMM_NEST=0 -DWRF_CHEM -DBUILD_CHEM=1 -I. -traditional-cpp -DUSE_NETCDF4_FEATURES -DWRFIO_NCD_LARGE_FILE_SUPPORT  zfft1b.F  > zfft1b.f90
rm -f -f z1f2kb.f90
/lib/cpp -P -nostdinc -DEM_CORE=1 -DNMM_CORE=0 -DNMM_MAX_DIM=2600 -DDA_CORE=0 -DWRFPLUS=0 -DIWORDSIZE=4 -DDWORDSIZE=8 -DRWORDSIZE=4 -DLWORDSIZE=4 -DNONSTANDARD_SYSTEM_FUNC  -DWRF_USE_CLM -DUSE_NETCDF4_FEATURES -DWRFIO_NCD_LARGE_FILE_SUPPORT  -DDM_PARALLEL -DNETCDF -DLANDREAD_STUB=1 -DUSE_ALLOCATABLES -Dwrfmodel -DGRIB1 -DINTIO -DKEEP_INT_AROUND -DLIMIT_ARGS -DBUILD_RRTMG_FAST=0 -DBUILD_RRTMK=0 -DBUILD_SBM_FAST=1 -DSHOW_ALL_VARS_USED=0 -DCONFIG_BUF_LEN=65536 -DMAX_DOMAINS_F=21 -DMAX_HISTORY=25 -DNMM_NEST=0 -DWRF_CHEM -DBUILD_CHEM=1 -I. -traditional-cpp -DUSE_NETCDF4_FEATURES -DWRFIO_NCD_LARGE_FILE_SUPPORT  zmf3kf.F  > zmf3kf.f90
ifort -c -real-size 32 -i4  -ip -fp-model precise -w -ftz -align all -fno-alias -FR -convert big_endian   zfft1b.f90
ifort -c -real-size 32 -i4  -ip -fp-model precise -w -ftz -align all -fno-alias -FR -convert big_endian   zmf3kf.f90
rm -f -f zfft1b.f90
rm -f -f zmf3kf.f90
ar ru libfftpack.a c1f2kb.o  cfft1b.o  cmf3kf.o  cosqb1.o  costmi.o   dcosq1f.o  dfftb1.o   mradb2.o  mrfti1.o  r1fgkf.o     rfft2i.o  sinqmi.o  z1f2kf.o  zfft1f.o  zmf4kb.o c1f2kf.o  cfft1f.o  cmf4kb.o  cosqf1.o  d1f2kb.o   dcosq1i.o  dfftf1.o   mradb3.o  msntb1.o  r4_factor.o  rfftb1.o  sint1b.o  z1f3kb.o  zfft1i.o  zmf4kf.o c1f3kb.o  cfft1i.o  cmf4kf.o  cosqmb.o  d1f2kf.o   dcosqb1.o  dffti1.o   mradb4.o  msntf1.o  r4_mcfti1.o  rfftf1.o  sint1f.o  z1f3kf.o  zfft2b.o  zmf5kb.o c1f3kf.o  cfft2b.o  cmf5kb.o  cosqmf.o  d1f3kb.o   dcosqf1.o  dsint1b.o  mradb5.o  r1f2kb.o  r4_tables.o  rffti1.o  sint1i.o  z1f4kb.o  zfft2f.o  zmf5kf.o c1f4kb.o  cfft2f.o  cmf5kf.o  cosqmi.o  d1f3kf.o   dcost1b.o  dsint1f.o  mradbg.o  r1f2kf.o  r8_factor.o  rfftmb.o  sintb1.o  z1f4kf.o  zfft2i.o  zmfgkb.o c1f4kf.o  cfft2i.o  cmfgkb.o  cost1b.o  d1f4kb.o   dcost1f.o  dsint1i.o  mradf2.o  r1f3kb.o  r8_mcfti1.o  rfftmf.o  sintf1.o  z1f5kb.o  zfftmb.o  zmfgkf.o c1f5kb.o  cfftmb.o  cmfgkf.o  cost1f.o  d1f4kf.o   dcost1i.o  dsintb1.o  mradf3.o  r1f3kf.o  r8_tables.o  rfftmi.o  sintmb.o  z1f5kf.o  zfftmf.o  zmfm1b.o c1f5kf.o  cfftmf.o  cmfm1b.o  cost1i.o  d1f5kb.o   dcostb1.o  dsintf1.o  mradf4.o  r1f4kb.o  rfft1b.o     sinq1b.o  sintmf.o  z1fgkb.o  zfftmi.o  zmfm1f.o c1fgkb.o  cfftmi.o  cmfm1f.o  costb1.o  d1f5kf.o   dcostf1.o  mcsqb1.o   mradf5.o  r1f4kf.o  rfft1f.o     sinq1f.o  sintmi.o  z1fgkf.o  zmf2kb.o c1fgkf.o  cmf2kb.o  cosq1b.o  costf1.o  d1fgkb.o   dfft1b.o   mcsqf1.o   mradfg.o  r1f5kb.o  rfft1i.o     sinq1i.o  xercon.o  z1fm1b.o  zmf2kf.o c1fm1b.o  cmf2kf.o  cosq1f.o  costmb.o  d1fgkf.o   dfft1f.o   mcstb1.o   mrftb1.o  r1f5kf.o  rfft2b.o     sinqmb.o  xerfft.o  z1fm1f.o  zmf3kb.o c1fm1f.o  cmf3kb.o  cosq1i.o  costmf.o  dcosq1b.o  dfft1i.o   mcstf1.o   mrftf1.o  r1fgkb.o  rfft2f.o     sinqmf.o  z1f2kb.o  zfft1b.o  zmf3kf.o 
ar: creating libfftpack.a
ranlib libfftpack.a
make[3]: Leaving directory '/glade/derecho/scratch/yates/NEOM_WRF/wrfv4.6.0/external/fftpack/fftpack5'
( cd /glade/derecho/scratch/yates/NEOM_WRF/wrfv4.6.0/external/RSL_LITE ; make -j 2 CC="mpicc  -DFSEEKO64_OK  -w -O3 -ip -DRPC_TYPES=2  -DDM_PARALLEL -DLANDREAD_STUB=1 -DMAX_HISTORY=25 -DNMM_CORE=0" \
          FC="time mpif90 -f90=ifort -O3 -ip -fp-model precise -w -ftz -align all -fno-alias -FR -convert big_endian    -real-size `expr 8 \* 4` -i4 -convert big_endian" \
          CPP="/lib/cpp -P -nostdinc -I. -DEM_CORE=1 -DNMM_CORE=0 -DNMM_MAX_DIM=2600 -DDA_CORE=0 -DWRFPLUS=0 -DIWORDSIZE=4 -DDWORDSIZE=8 -DRWORDSIZE=4 -DLWORDSIZE=4 -DNONSTANDARD_SYSTEM_FUNC  -DWRF_USE_CLM -DUSE_NETCDF4_FEATURES -DWRFIO_NCD_LARGE_FILE_SUPPORT  -DDM_PARALLEL -DNETCDF -DLANDREAD_STUB=1 -DUSE_ALLOCATABLES -Dwrfmodel -DGRIB1 -DINTIO -DKEEP_INT_AROUND -DLIMIT_ARGS -DBUILD_RRTMG_FAST=0 -DBUILD_RRTMK=0 -DBUILD_SBM_FAST=1 -DSHOW_ALL_VARS_USED=0 -DCONFIG_BUF_LEN=65536 -DMAX_DOMAINS_F=21 -DMAX_HISTORY=25 -DNMM_NEST=0  -traditional-cpp -DUSE_NETCDF4_FEATURES -DWRFIO_NCD_LARGE_FILE_SUPPORT" AR="ar" ARFLAGS="ru" ;\
          ranlib /glade/derecho/scratch/yates/NEOM_WRF/wrfv4.6.0/external/RSL_LITE/librsl_lite.a )
make[3]: Entering directory '/glade/derecho/scratch/yates/NEOM_WRF/wrfv4.6.0/external/RSL_LITE'
mpicc  -DFSEEKO64_OK  -w -O3 -ip -DRPC_TYPES=2  -DDM_PARALLEL -DLANDREAD_STUB=1 -DMAX_HISTORY=25 -DNMM_CORE=0  -c c_code.c
mpicc  -DFSEEKO64_OK  -w -O3 -ip -DRPC_TYPES=2  -DDM_PARALLEL -DLANDREAD_STUB=1 -DMAX_HISTORY=25 -DNMM_CORE=0  -c buf_for_proc.c
mpicc  -DFSEEKO64_OK  -w -O3 -ip -DRPC_TYPES=2  -DDM_PARALLEL -DLANDREAD_STUB=1 -DMAX_HISTORY=25 -DNMM_CORE=0  -c rsl_malloc.c
mpicc  -DFSEEKO64_OK  -w -O3 -ip -DRPC_TYPES=2  -DDM_PARALLEL -DLANDREAD_STUB=1 -DMAX_HISTORY=25 -DNMM_CORE=0  -c rsl_bcast.c
mpicc  -DFSEEKO64_OK  -w -O3 -ip -DRPC_TYPES=2  -DDM_PARALLEL -DLANDREAD_STUB=1 -DMAX_HISTORY=25 -DNMM_CORE=0  -c task_for_point.c
mpicc  -DFSEEKO64_OK  -w -O3 -ip -DRPC_TYPES=2  -DDM_PARALLEL -DLANDREAD_STUB=1 -DMAX_HISTORY=25 -DNMM_CORE=0  -c period.c
mpicc  -DFSEEKO64_OK  -w -O3 -ip -DRPC_TYPES=2  -DDM_PARALLEL -DLANDREAD_STUB=1 -DMAX_HISTORY=25 -DNMM_CORE=0  -c swap.c
mpicc  -DFSEEKO64_OK  -w -O3 -ip -DRPC_TYPES=2  -DDM_PARALLEL -DLANDREAD_STUB=1 -DMAX_HISTORY=25 -DNMM_CORE=0  -c cycle.c
/lib/cpp -P -nostdinc -I. -DEM_CORE=1 -DNMM_CORE=0 -DNMM_MAX_DIM=2600 -DDA_CORE=0 -DWRFPLUS=0 -DIWORDSIZE=4 -DDWORDSIZE=8 -DRWORDSIZE=4 -DLWORDSIZE=4 -DNONSTANDARD_SYSTEM_FUNC  -DWRF_USE_CLM -DUSE_NETCDF4_FEATURES -DWRFIO_NCD_LARGE_FILE_SUPPORT  -DDM_PARALLEL -DNETCDF -DLANDREAD_STUB=1 -DUSE_ALLOCATABLES -Dwrfmodel -DGRIB1 -DINTIO -DKEEP_INT_AROUND -DLIMIT_ARGS -DBUILD_RRTMG_FAST=0 -DBUILD_RRTMK=0 -DBUILD_SBM_FAST=1 -DSHOW_ALL_VARS_USED=0 -DCONFIG_BUF_LEN=65536 -DMAX_DOMAINS_F=21 -DMAX_HISTORY=25 -DNMM_NEST=0  -traditional-cpp -DUSE_NETCDF4_FEATURES -DWRFIO_NCD_LARGE_FILE_SUPPORT  f_pack.F90 > f_pack.f
time mpif90 -f90=ifort -O3 -ip -fp-model precise -w -ftz -align all -fno-alias -FR -convert big_endian    -real-size 32 -i4 -convert big_endian -o f_pack.o  -c f_pack.f
0.63user 0.32system 0:00.99elapsed 96%CPU (0avgtext+0avgdata 61716maxresident)k
0inputs+472outputs (0major+22376minor)pagefaults 0swaps
/lib/cpp -P -nostdinc -I. -DEM_CORE=1 -DNMM_CORE=0 -DNMM_MAX_DIM=2600 -DDA_CORE=0 -DWRFPLUS=0 -DIWORDSIZE=4 -DDWORDSIZE=8 -DRWORDSIZE=4 -DLWORDSIZE=4 -DNONSTANDARD_SYSTEM_FUNC  -DWRF_USE_CLM -DUSE_NETCDF4_FEATURES -DWRFIO_NCD_LARGE_FILE_SUPPORT  -DDM_PARALLEL -DNETCDF -DLANDREAD_STUB=1 -DUSE_ALLOCATABLES -Dwrfmodel -DGRIB1 -DINTIO -DKEEP_INT_AROUND -DLIMIT_ARGS -DBUILD_RRTMG_FAST=0 -DBUILD_RRTMK=0 -DBUILD_SBM_FAST=1 -DSHOW_ALL_VARS_USED=0 -DCONFIG_BUF_LEN=65536 -DMAX_DOMAINS_F=21 -DMAX_HISTORY=25 -DNMM_NEST=0  -traditional-cpp -DUSE_NETCDF4_FEATURES -DWRFIO_NCD_LARGE_FILE_SUPPORT f_xpose.F90 > f_xpose.f
time mpif90 -f90=ifort -O3 -ip -fp-model precise -w -ftz -align all -fno-alias -FR -convert big_endian    -real-size 32 -i4 -convert big_endian -o f_xpose.o  -c f_xpose.f
0.27user 0.24system 0:00.54elapsed 93%CPU (0avgtext+0avgdata 61812maxresident)k
0inputs+328outputs (0major+21452minor)pagefaults 0swaps
/bin/rm -f librsl_lite.a
ar cr librsl_lite.a c_code.o buf_for_proc.o rsl_malloc.o rsl_bcast.o task_for_point.o period.o swap.o cycle.o f_pack.o f_xpose.o
make[3]: Leaving directory '/glade/derecho/scratch/yates/NEOM_WRF/wrfv4.6.0/external/RSL_LITE'
( if [ ! -e /glade/derecho/scratch/yates/NEOM_WRF/wrfv4.6.0/tools/gen_comms.c ] ; then \
          /bin/cp /glade/derecho/scratch/yates/NEOM_WRF/wrfv4.6.0/tools/gen_comms_warning /glade/derecho/scratch/yates/NEOM_WRF/wrfv4.6.0/tools/gen_comms.c ; \
          cat /glade/derecho/scratch/yates/NEOM_WRF/wrfv4.6.0/external/RSL_LITE/gen_comms.c >> /glade/derecho/scratch/yates/NEOM_WRF/wrfv4.6.0/tools/gen_comms.c ; fi )
( if [ ! -e module_dm.F ] ; then /bin/cp module_dm_warning module_dm.F ; \
          cat /glade/derecho/scratch/yates/NEOM_WRF/wrfv4.6.0/external/RSL_LITE/module_dm.F >> module_dm.F ; fi )
make[2]: Leaving directory '/glade/derecho/scratch/yates/NEOM_WRF/wrfv4.6.0/frame'
make[1]: Leaving directory '/glade/derecho/scratch/yates/NEOM_WRF/wrfv4.6.0'
make -i -r MODULE_DIRS="-I../dyn_em  -I/glade/derecho/scratch/yates/NEOM_WRF/wrfv4.6.0/external/esmf_time_f90  -I/glade/derecho/scratch/yates/NEOM_WRF/wrfv4.6.0/main -I/glade/derecho/scratch/yates/NEOM_WRF/wrfv4.6.0/external/io_netcdf -I/glade/derecho/scratch/yates/NEOM_WRF/wrfv4.6.0/external/io_int -I/glade/derecho/scratch/yates/NEOM_WRF/wrfv4.6.0/frame -I/glade/derecho/scratch/yates/NEOM_WRF/wrfv4.6.0/share -I/glade/derecho/scratch/yates/NEOM_WRF/wrfv4.6.0/phys -I/glade/derecho/scratch/yates/NEOM_WRF/wrfv4.6.0/wrftladj -I/glade/derecho/scratch/yates/NEOM_WRF/wrfv4.6.0/chem -I/glade/derecho/scratch/yates/NEOM_WRF/wrfv4.6.0/inc -I/glade/u/apps/derecho/23.09/spack/opt/spack/netcdf/4.9.2/oneapi/2023.2.1/yzvj/include " toolsdir
make[1]: Entering directory '/glade/derecho/scratch/yates/NEOM_WRF/wrfv4.6.0'
--------------------------------------
if [ 0 -eq 0 ] ; then \
  ( cd tools ; make -i -r CC_TOOLS_CFLAGS="-DNMM_CORE=0" CC_TOOLS="icc  -DIWORDSIZE=4 -DMAX_HISTORY=25" ) ; \
else \
  ( cd tools ; make -i -r CC_TOOLS_CFLAGS="-DNMM_CORE=0" CC_TOOLS="icc  -DIWORDSIZE=4 -DMAX_HISTORY=25 -DWRFPLUS=1" ) ; \
fi
make[2]: Entering directory '/glade/derecho/scratch/yates/NEOM_WRF/wrfv4.6.0/tools'
icc  -DIWORDSIZE=4 -DMAX_HISTORY=25 -DNMM_CORE=0  -c -O0 -g  registry.c
icc: remark #10441: The Intel(R) C++ Compiler Classic (ICC) is deprecated and will be removed from product release in the second half of 2023. The Intel(R) oneAPI DPC++/C++ Compiler (ICX) is the recommended compiler moving forward. Please transition to use this compiler. Use '-diag-disable=10441' to disable this message.
icc  -DIWORDSIZE=4 -DMAX_HISTORY=25 -DNMM_CORE=0  -c -O0 -g  my_strtok.c
icc: remark #10441: The Intel(R) C++ Compiler Classic (ICC) is deprecated and will be removed from product release in the second half of 2023. The Intel(R) oneAPI DPC++/C++ Compiler (ICX) is the recommended compiler moving forward. Please transition to use this compiler. Use '-diag-disable=10441' to disable this message.
icc  -DIWORDSIZE=4 -DMAX_HISTORY=25 -DNMM_CORE=0  -c -O0 -g  reg_parse.c
icc: remark #10441: The Intel(R) C++ Compiler Classic (ICC) is deprecated and will be removed from product release in the second half of 2023. The Intel(R) oneAPI DPC++/C++ Compiler (ICX) is the recommended compiler moving forward. Please transition to use this compiler. Use '-diag-disable=10441' to disable this message.
icc  -DIWORDSIZE=4 -DMAX_HISTORY=25 -DNMM_CORE=0  -c -O0 -g  data.c
icc: remark #10441: The Intel(R) C++ Compiler Classic (ICC) is deprecated and will be removed from product release in the second half of 2023. The Intel(R) oneAPI DPC++/C++ Compiler (ICX) is the recommended compiler moving forward. Please transition to use this compiler. Use '-diag-disable=10441' to disable this message.
icc  -DIWORDSIZE=4 -DMAX_HISTORY=25 -DNMM_CORE=0  -c -O0 -g  type.c
icc: remark #10441: The Intel(R) C++ Compiler Classic (ICC) is deprecated and will be removed from product release in the second half of 2023. The Intel(R) oneAPI DPC++/C++ Compiler (ICX) is the recommended compiler moving forward. Please transition to use this compiler. Use '-diag-disable=10441' to disable this message.
icc  -DIWORDSIZE=4 -DMAX_HISTORY=25 -DNMM_CORE=0  -c -O0 -g  misc.c
icc: remark #10441: The Intel(R) C++ Compiler Classic (ICC) is deprecated and will be removed from product release in the second half of 2023. The Intel(R) oneAPI DPC++/C++ Compiler (ICX) is the recommended compiler moving forward. Please transition to use this compiler. Use '-diag-disable=10441' to disable this message.
icc  -DIWORDSIZE=4 -DMAX_HISTORY=25 -DNMM_CORE=0  -c -O0 -g  gen_defs.c
icc: remark #10441: The Intel(R) C++ Compiler Classic (ICC) is deprecated and will be removed from product release in the second half of 2023. The Intel(R) oneAPI DPC++/C++ Compiler (ICX) is the recommended compiler moving forward. Please transition to use this compiler. Use '-diag-disable=10441' to disable this message.
icc  -DIWORDSIZE=4 -DMAX_HISTORY=25 -DNMM_CORE=0  -c -O0 -g  gen_allocs.c
icc: remark #10441: The Intel(R) C++ Compiler Classic (ICC) is deprecated and will be removed from product release in the second half of 2023. The Intel(R) oneAPI DPC++/C++ Compiler (ICX) is the recommended compiler moving forward. Please transition to use this compiler. Use '-diag-disable=10441' to disable this message.
icc  -DIWORDSIZE=4 -DMAX_HISTORY=25 -DNMM_CORE=0  -c -O0 -g  gen_mod_state_descr.c
icc: remark #10441: The Intel(R) C++ Compiler Classic (ICC) is deprecated and will be removed from product release in the second half of 2023. The Intel(R) oneAPI DPC++/C++ Compiler (ICX) is the recommended compiler moving forward. Please transition to use this compiler. Use '-diag-disable=10441' to disable this message.
icc  -DIWORDSIZE=4 -DMAX_HISTORY=25 -DNMM_CORE=0  -c -O0 -g  gen_scalar_indices.c
icc: remark #10441: The Intel(R) C++ Compiler Classic (ICC) is deprecated and will be removed from product release in the second half of 2023. The Intel(R) oneAPI DPC++/C++ Compiler (ICX) is the recommended compiler moving forward. Please transition to use this compiler. Use '-diag-disable=10441' to disable this message.
icc  -DIWORDSIZE=4 -DMAX_HISTORY=25 -DNMM_CORE=0  -c -O0 -g  gen_args.c
icc: remark #10441: The Intel(R) C++ Compiler Classic (ICC) is deprecated and will be removed from product release in the second half of 2023. The Intel(R) oneAPI DPC++/C++ Compiler (ICX) is the recommended compiler moving forward. Please transition to use this compiler. Use '-diag-disable=10441' to disable this message.
icc  -DIWORDSIZE=4 -DMAX_HISTORY=25 -DNMM_CORE=0  -c -O0 -g  gen_config.c
icc: remark #10441: The Intel(R) C++ Compiler Classic (ICC) is deprecated and will be removed from product release in the second half of 2023. The Intel(R) oneAPI DPC++/C++ Compiler (ICX) is the recommended compiler moving forward. Please transition to use this compiler. Use '-diag-disable=10441' to disable this message.
icc  -DIWORDSIZE=4 -DMAX_HISTORY=25 -DNMM_CORE=0  -c -O0 -g  sym.c
icc: remark #10441: The Intel(R) C++ Compiler Classic (ICC) is deprecated and will be removed from product release in the second half of 2023. The Intel(R) oneAPI DPC++/C++ Compiler (ICX) is the recommended compiler moving forward. Please transition to use this compiler. Use '-diag-disable=10441' to disable this message.
icc  -DIWORDSIZE=4 -DMAX_HISTORY=25 -DNMM_CORE=0  -c -O0 -g  symtab_gen.c
icc: remark #10441: The Intel(R) C++ Compiler Classic (ICC) is deprecated and will be removed from product release in the second half of 2023. The Intel(R) oneAPI DPC++/C++ Compiler (ICX) is the recommended compiler moving forward. Please transition to use this compiler. Use '-diag-disable=10441' to disable this message.
icc  -DIWORDSIZE=4 -DMAX_HISTORY=25 -DNMM_CORE=0  -c -O0 -g  gen_irr_diag.c
icc: remark #10441: The Intel(R) C++ Compiler Classic (ICC) is deprecated and will be removed from product release in the second half of 2023. The Intel(R) oneAPI DPC++/C++ Compiler (ICX) is the recommended compiler moving forward. Please transition to use this compiler. Use '-diag-disable=10441' to disable this message.
icc  -DIWORDSIZE=4 -DMAX_HISTORY=25 -DNMM_CORE=0  -c -O0 -g  gen_model_data_ord.c
icc: remark #10441: The Intel(R) C++ Compiler Classic (ICC) is deprecated and will be removed from product release in the second half of 2023. The Intel(R) oneAPI DPC++/C++ Compiler (ICX) is the recommended compiler moving forward. Please transition to use this compiler. Use '-diag-disable=10441' to disable this message.
icc  -DIWORDSIZE=4 -DMAX_HISTORY=25 -DNMM_CORE=0  -c -O0 -g  gen_interp.c
icc: remark #10441: The Intel(R) C++ Compiler Classic (ICC) is deprecated and will be removed from product release in the second half of 2023. The Intel(R) oneAPI DPC++/C++ Compiler (ICX) is the recommended compiler moving forward. Please transition to use this compiler. Use '-diag-disable=10441' to disable this message.
icc  -DIWORDSIZE=4 -DMAX_HISTORY=25 -DNMM_CORE=0  -c -O0 -g  gen_comms.c
icc: remark #10441: The Intel(R) C++ Compiler Classic (ICC) is deprecated and will be removed from product release in the second half of 2023. The Intel(R) oneAPI DPC++/C++ Compiler (ICX) is the recommended compiler moving forward. Please transition to use this compiler. Use '-diag-disable=10441' to disable this message.
icc  -DIWORDSIZE=4 -DMAX_HISTORY=25 -DNMM_CORE=0  -c -O0 -g  gen_scalar_derefs.c
icc: remark #10441: The Intel(R) C++ Compiler Classic (ICC) is deprecated and will be removed from product release in the second half of 2023. The Intel(R) oneAPI DPC++/C++ Compiler (ICX) is the recommended compiler moving forward. Please transition to use this compiler. Use '-diag-disable=10441' to disable this message.
icc  -DIWORDSIZE=4 -DMAX_HISTORY=25 -DNMM_CORE=0  -c -O0 -g  set_dim_strs.c
icc: remark #10441: The Intel(R) C++ Compiler Classic (ICC) is deprecated and will be removed from product release in the second half of 2023. The Intel(R) oneAPI DPC++/C++ Compiler (ICX) is the recommended compiler moving forward. Please transition to use this compiler. Use '-diag-disable=10441' to disable this message.
icc  -DIWORDSIZE=4 -DMAX_HISTORY=25 -DNMM_CORE=0  -c -O0 -g  gen_wrf_io.c
icc: remark #10441: The Intel(R) C++ Compiler Classic (ICC) is deprecated and will be removed from product release in the second half of 2023. The Intel(R) oneAPI DPC++/C++ Compiler (ICX) is the recommended compiler moving forward. Please transition to use this compiler. Use '-diag-disable=10441' to disable this message.
icc  -DIWORDSIZE=4 -DMAX_HISTORY=25 -DNMM_CORE=0  -c -O0 -g  gen_streams.c
icc: remark #10441: The Intel(R) C++ Compiler Classic (ICC) is deprecated and will be removed from product release in the second half of 2023. The Intel(R) oneAPI DPC++/C++ Compiler (ICX) is the recommended compiler moving forward. Please transition to use this compiler. Use '-diag-disable=10441' to disable this message.
icc  -DIWORDSIZE=4 -DMAX_HISTORY=25 -DNMM_CORE=0  -c -O0 -g  standard.c
icc: remark #10441: The Intel(R) C++ Compiler Classic (ICC) is deprecated and will be removed from product release in the second half of 2023. The Intel(R) oneAPI DPC++/C++ Compiler (ICX) is the recommended compiler moving forward. Please transition to use this compiler. Use '-diag-disable=10441' to disable this message.
icc  -DIWORDSIZE=4 -DMAX_HISTORY=25 -o standard.exe -O0 -g   standard.o
icc: remark #10441: The Intel(R) C++ Compiler Classic (ICC) is deprecated and will be removed from product release in the second half of 2023. The Intel(R) oneAPI DPC++/C++ Compiler (ICX) is the recommended compiler moving forward. Please transition to use this compiler. Use '-diag-disable=10441' to disable this message.
icc  -DIWORDSIZE=4 -DMAX_HISTORY=25 -o registry -O0 -g   registry.o my_strtok.o reg_parse.o data.o type.o misc.o gen_defs.o gen_allocs.o gen_mod_state_descr.o gen_scalar_indices.o gen_args.o gen_config.o sym.o symtab_gen.o gen_irr_diag.o gen_model_data_ord.o gen_interp.o gen_comms.o gen_scalar_derefs.o set_dim_strs.o gen_wrf_io.o gen_streams.o
icc: remark #10441: The Intel(R) C++ Compiler Classic (ICC) is deprecated and will be removed from product release in the second half of 2023. The Intel(R) oneAPI DPC++/C++ Compiler (ICX) is the recommended compiler moving forward. Please transition to use this compiler. Use '-diag-disable=10441' to disable this message.
if [ -x /usr/bin/peflags.exe ] ; then /usr/bin/peflags.exe --stack-reserve=33554432 registry; fi
make[2]: Leaving directory '/glade/derecho/scratch/yates/NEOM_WRF/wrfv4.6.0/tools'
make[1]: Leaving directory '/glade/derecho/scratch/yates/NEOM_WRF/wrfv4.6.0'
/bin/rm -f main/libwrflib.a main/libwrflib.lib
make -i -r MODULE_DIRS="-I../dyn_em  -I/glade/derecho/scratch/yates/NEOM_WRF/wrfv4.6.0/external/esmf_time_f90  -I/glade/derecho/scratch/yates/NEOM_WRF/wrfv4.6.0/main -I/glade/derecho/scratch/yates/NEOM_WRF/wrfv4.6.0/external/io_netcdf -I/glade/derecho/scratch/yates/NEOM_WRF/wrfv4.6.0/external/io_int -I/glade/derecho/scratch/yates/NEOM_WRF/wrfv4.6.0/frame -I/glade/derecho/scratch/yates/NEOM_WRF/wrfv4.6.0/share -I/glade/derecho/scratch/yates/NEOM_WRF/wrfv4.6.0/phys -I/glade/derecho/scratch/yates/NEOM_WRF/wrfv4.6.0/wrftladj -I/glade/derecho/scratch/yates/NEOM_WRF/wrfv4.6.0/chem -I/glade/derecho/scratch/yates/NEOM_WRF/wrfv4.6.0/inc -I/glade/u/apps/derecho/23.09/spack/opt/spack/netcdf/4.9.2/oneapi/2023.2.1/yzvj/include " framework
make[1]: Entering directory '/glade/derecho/scratch/yates/NEOM_WRF/wrfv4.6.0'
--------------------------------------
( cd frame ; make -i -r -j 2 LLIST="" framework ; \
          cd ../external/io_netcdf ; \
          make -i -r NETCDFPATH="/glade/u/apps/derecho/23.09/spack/opt/spack/netcdf/4.9.2/oneapi/2023.2.1/yzvj"  NETCDF4_DEP_LIB="-L/glade/u/apps/derecho/23.09/spack/opt/spack/netcdf/4.9.2/packages/netcdf-c/4.9.2/oneapi/2023.2.1/cnx4/lib -lnetcdf -L/glade/u/apps/derecho/23.09/spack/opt/spack/netcdf/4.9.2/packages/netcdf-fortran/4.6.1/oneapi/2023.2.1/vfpj/lib -lnetcdff -lnetcdf -lnetcdf -lm" \
               FC="time mpif90 -f90=ifort -ip -fp-model precise -w -ftz -align all -fno-alias -FR -convert big_endian   -real-size `expr 8 \* 4` -i4  " RANLIB="ranlib" \
               CPP="/lib/cpp -P -nostdinc" LDFLAGS=" -O3 -ip -fp-model precise -w -ftz -align all -fno-alias -FR -convert big_endian   -ip  " TRADFLAG="-traditional-cpp -DUSE_NETCDF4_FEATURES -DWRFIO_NCD_LARGE_FILE_SUPPORT" ESMF_IO_LIB_EXT="-L/glade/derecho/scratch/yates/NEOM_WRF/wrfv4.6.0/external/esmf_time_f90 -lesmf_time" \
               LIB_LOCAL="" \
               ESMF_MOD_DEPENDENCE="/glade/derecho/scratch/yates/NEOM_WRF/wrfv4.6.0/external/esmf_time_f90/module_utility.o" AR="INTERNAL_BUILD_ERROR_SHOULD_NOT_NEED_AR" diffwrf; \
          cd ../io_netcdf ; \
          make -i -r NETCDFPATH="/glade/u/apps/derecho/23.09/spack/opt/spack/netcdf/4.9.2/oneapi/2023.2.1/yzvj" NETCDF4_DEP_LIB="-L/glade/u/apps/derecho/23.09/spack/opt/spack/netcdf/4.9.2/packages/netcdf-c/4.9.2/oneapi/2023.2.1/cnx4/lib -lnetcdf -L/glade/u/apps/derecho/23.09/spack/opt/spack/netcdf/4.9.2/packages/netcdf-fortran/4.6.1/oneapi/2023.2.1/vfpj/lib -lnetcdff -lnetcdf -lnetcdf -lm" \
               FC="ifort -ip -fp-model precise -w -ftz -align all -fno-alias -FR -convert big_endian   -real-size `expr 8 \* 4` -i4  " RANLIB="ranlib" \
               CPP="/lib/cpp -P -nostdinc" LDFLAGS=" -O3 -ip -fp-model precise -w -ftz -align all -fno-alias -FR -convert big_endian   -ip  " TRADFLAG="-traditional-cpp -DUSE_NETCDF4_FEATURES -DWRFIO_NCD_LARGE_FILE_SUPPORT" ESMF_IO_LIB_EXT="-L/glade/derecho/scratch/yates/NEOM_WRF/wrfv4.6.0/external/esmf_time_f90 -lesmf_time" \
       LIB_LOCAL="" \
               ESMF_MOD_DEPENDENCE="/glade/derecho/scratch/yates/NEOM_WRF/wrfv4.6.0/external/esmf_time_f90/module_utility.o" AR="INTERNAL_BUILD_ERROR_SHOULD_NOT_NEED_AR"; \
          cd ../io_netcdfpar ; \
          echo SKIPPING make -i -r NETCDFPARPATH="/glade/u/apps/derecho/23.09/spack/opt/spack/netcdf/4.9.2/oneapi/2023.2.1/yzvj" NETCDF4_DEP_LIB="-L/glade/u/apps/derecho/23.09/spack/opt/spack/netcdf/4.9.2/packages/netcdf-c/4.9.2/oneapi/2023.2.1/cnx4/lib -lnetcdf -L/glade/u/apps/derecho/23.09/spack/opt/spack/netcdf/4.9.2/packages/netcdf-fortran/4.6.1/oneapi/2023.2.1/vfpj/lib -lnetcdff -lnetcdf -lnetcdf -lm" \
               FC="time mpif90 -f90=ifort -ip -fp-model precise -w -ftz -align all -fno-alias -FR -convert big_endian   -real-size `expr 8 \* 4` -i4  " RANLIB="ranlib" \
               CPP="/lib/cpp -P -nostdinc" LDFLAGS=" -O3 -ip -fp-model precise -w -ftz -align all -fno-alias -FR -convert big_endian   -ip  " TRADFLAG="-traditional-cpp -DUSE_NETCDF4_FEATURES -DWRFIO_NCD_LARGE_FILE_SUPPORT" ESMF_IO_LIB_EXT="-L/glade/derecho/scratch/yates/NEOM_WRF/wrfv4.6.0/external/esmf_time_f90 -lesmf_time" \
               LIB_LOCAL="" \
               ESMF_MOD_DEPENDENCE="/glade/derecho/scratch/yates/NEOM_WRF/wrfv4.6.0/external/esmf_time_f90/module_utility.o" AR="INTERNAL_BUILD_ERROR_SHOULD_NOT_NEED_AR" diffwrf; \
          cd ../io_netcdfpar ; \
          echo SKIPPING make -i -r NETCDFPARPATH="/glade/u/apps/derecho/23.09/spack/opt/spack/netcdf/4.9.2/oneapi/2023.2.1/yzvj" NETCDF4_DEP_LIB="-L/glade/u/apps/derecho/23.09/spack/opt/spack/netcdf/4.9.2/packages/netcdf-c/4.9.2/oneapi/2023.2.1/cnx4/lib -lnetcdf -L/glade/u/apps/derecho/23.09/spack/opt/spack/netcdf/4.9.2/packages/netcdf-fortran/4.6.1/oneapi/2023.2.1/vfpj/lib -lnetcdff -lnetcdf -lnetcdf -lm" \
               FC="ifort -ip -fp-model precise -w -ftz -align all -fno-alias -FR -convert big_endian   -real-size `expr 8 \* 4` -i4  " RANLIB="ranlib" \
               CPP="/lib/cpp -P -nostdinc" LDFLAGS=" -O3 -ip -fp-model precise -w -ftz -align all -fno-alias -FR -convert big_endian   -ip  " TRADFLAG="-traditional-cpp -DUSE_NETCDF4_FEATURES -DWRFIO_NCD_LARGE_FILE_SUPPORT" ESMF_IO_LIB_EXT="-L/glade/derecho/scratch/yates/NEOM_WRF/wrfv4.6.0/external/esmf_time_f90 -lesmf_time" \
       LIB_LOCAL="" \
               ESMF_MOD_DEPENDENCE="/glade/derecho/scratch/yates/NEOM_WRF/wrfv4.6.0/external/esmf_time_f90/module_utility.o" AR="INTERNAL_BUILD_ERROR_SHOULD_NOT_NEED_AR"; \
          cd ../io_pio ; \
          echo SKIPPING PIO BUILD make -i -r NETCDFPATH="" NETCDF4_DEP_LIB="-L/glade/u/apps/derecho/23.09/spack/opt/spack/netcdf/4.9.2/packages/netcdf-c/4.9.2/oneapi/2023.2.1/cnx4/lib -lnetcdf -L/glade/u/apps/derecho/23.09/spack/opt/spack/netcdf/4.9.2/packages/netcdf-fortran/4.6.1/oneapi/2023.2.1/vfpj/lib -lnetcdff -lnetcdf -lnetcdf -lm" \
               FC="ifort -ip -fp-model precise -w -ftz -align all -fno-alias -FR -convert big_endian   -real-size `expr 8 \* 4` -i4  " RANLIB="ranlib" \
               CPP="/lib/cpp -P -nostdinc" LDFLAGS=" -O3 -ip -fp-model precise -w -ftz -align all -fno-alias -FR -convert big_endian   -ip  " TRADFLAG="-traditional-cpp -DUSE_NETCDF4_FEATURES -DWRFIO_NCD_LARGE_FILE_SUPPORT" ESMF_IO_LIB_EXT="-L/glade/derecho/scratch/yates/NEOM_WRF/wrfv4.6.0/external/esmf_time_f90 -lesmf_time" \
       LIB_LOCAL="" \
               ESMF_MOD_DEPENDENCE="/glade/derecho/scratch/yates/NEOM_WRF/wrfv4.6.0/external/esmf_time_f90/module_utility.o" AR="INTERNAL_BUILD_ERROR_SHOULD_NOT_NEED_AR"; \
          cd ../io_int ; \
          make -i -r SFC="ifort -ip -fp-model precise -w -ftz -align all -fno-alias -FR -convert big_endian  " \
               FC="ifort -ip -fp-model precise -w -ftz -align all -fno-alias -FR -convert big_endian   -real-size `expr 8 \* 4` -i4  " \
               RANLIB="ranlib" CPP="/lib/cpp -P -nostdinc -DNONSTANDARD_SYSTEM_FUNC  -DWRF_USE_CLM -DUSE_NETCDF4_FEATURES -DWRFIO_NCD_LARGE_FILE_SUPPORT" DM_FC="mpif90 -f90=ifort -ip -fp-model precise -w -ftz -align all -fno-alias -FR -convert big_endian  "\
               TRADFLAG="-traditional-cpp -DUSE_NETCDF4_FEATURES -DWRFIO_NCD_LARGE_FILE_SUPPORT" ESMF_IO_LIB_EXT="-L/glade/derecho/scratch/yates/NEOM_WRF/wrfv4.6.0/external/esmf_time_f90 -lesmf_time" \
               ESMF_MOD_DEPENDENCE="/glade/derecho/scratch/yates/NEOM_WRF/wrfv4.6.0/external/esmf_time_f90/module_utility.o" AR="INTERNAL_BUILD_ERROR_SHOULD_NOT_NEED_AR" diffwrf ; \
          cd ../../frame )
make[2]: Entering directory '/glade/derecho/scratch/yates/NEOM_WRF/wrfv4.6.0/frame'
( cd .. ; tools/registry -DEM_CORE=1 -DNMM_CORE=0 -DNMM_MAX_DIM=2600 -DDA_CORE=0 -DWRFPLUS=0 -DIWORDSIZE=4 -DDWORDSIZE=8 -DRWORDSIZE=4 -DLWORDSIZE=4 -DNONSTANDARD_SYSTEM_FUNC  -DWRF_USE_CLM -DUSE_NETCDF4_FEATURES -DWRFIO_NCD_LARGE_FILE_SUPPORT  -DDM_PARALLEL -DNETCDF -DLANDREAD_STUB=1 -DUSE_ALLOCATABLES -Dwrfmodel -DGRIB1 -DINTIO -DKEEP_INT_AROUND -DLIMIT_ARGS -DBUILD_RRTMG_FAST=0 -DBUILD_RRTMK=0 -DBUILD_SBM_FAST=1 -DSHOW_ALL_VARS_USED=0 -DCONFIG_BUF_LEN=65536 -DMAX_DOMAINS_F=21 -DMAX_HISTORY=25 -DNMM_NEST=0 -DWRF_CHEM -DBUILD_CHEM=1 -DNEW_BDYS Registry/Registry ; true ) ; 
rm -f wrf_shutdown.o
sed -e "s/^\!.*'.*//" -e "s/^ *\!.*'.*//" wrf_shutdown.F > wrf_shutdown.G
opening Registry/registry.dimspec
including Registry/registry.dimspec
/lib/cpp -P -nostdinc -I/glade/derecho/scratch/yates/NEOM_WRF/wrfv4.6.0/inc -DEM_CORE=1 -DNMM_CORE=0 -DNMM_MAX_DIM=2600 -DDA_CORE=0 -DWRFPLUS=0 -DIWORDSIZE=4 -DDWORDSIZE=8 -DRWORDSIZE=4 -DLWORDSIZE=4 -DNONSTANDARD_SYSTEM_FUNC  -DWRF_USE_CLM -DUSE_NETCDF4_FEATURES -DWRFIO_NCD_LARGE_FILE_SUPPORT  -DDM_PARALLEL -DNETCDF -DLANDREAD_STUB=1 -DUSE_ALLOCATABLES -Dwrfmodel -DGRIB1 -DINTIO -DKEEP_INT_AROUND -DLIMIT_ARGS -DBUILD_RRTMG_FAST=0 -DBUILD_RRTMK=0 -DBUILD_SBM_FAST=1 -DSHOW_ALL_VARS_USED=0 -DCONFIG_BUF_LEN=65536 -DMAX_DOMAINS_F=21 -DMAX_HISTORY=25 -DNMM_NEST=0 -DWRF_CHEM -DBUILD_CHEM=1 -I. -traditional-cpp -DUSE_NETCDF4_FEATURES -DWRFIO_NCD_LARGE_FILE_SUPPORT   wrf_shutdown.G  > wrf_shutdown.bb
opening Registry/registry.chem
including Registry/registry.chem
/glade/derecho/scratch/yates/NEOM_WRF/wrfv4.6.0/tools/standard.exe wrf_shutdown.bb | /lib/cpp -P -nostdinc -traditional-cpp -DUSE_NETCDF4_FEATURES -DWRFIO_NCD_LARGE_FILE_SUPPORT > wrf_shutdown.f90
rm -f wrf_shutdown.G wrf_shutdown.bb
time mpif90 -f90=ifort -o wrf_shutdown.o -c -O3 -ip -fp-model precise -w -ftz -align all -fno-alias -FR -convert big_endian    -I../dyn_em  -I/glade/derecho/scratch/yates/NEOM_WRF/wrfv4.6.0/external/esmf_time_f90  -I/glade/derecho/scratch/yates/NEOM_WRF/wrfv4.6.0/main -I/glade/derecho/scratch/yates/NEOM_WRF/wrfv4.6.0/external/io_netcdf -I/glade/derecho/scratch/yates/NEOM_WRF/wrfv4.6.0/external/io_int -I/glade/derecho/scratch/yates/NEOM_WRF/wrfv4.6.0/frame -I/glade/derecho/scratch/yates/NEOM_WRF/wrfv4.6.0/share -I/glade/derecho/scratch/yates/NEOM_WRF/wrfv4.6.0/phys -I/glade/derecho/scratch/yates/NEOM_WRF/wrfv4.6.0/wrftladj -I/glade/derecho/scratch/yates/NEOM_WRF/wrfv4.6.0/chem -I/glade/derecho/scratch/yates/NEOM_WRF/wrfv4.6.0/inc -I/glade/u/apps/derecho/23.09/spack/opt/spack/netcdf/4.9.2/oneapi/2023.2.1/yzvj/include  -real-size `expr 8 \* 4` -i4  wrf_shutdown.f90
opening Registry/registry.new3d_gca
including Registry/registry.new3d_gca
opening Registry/registry.em_shared_collection
including Registry/registry.em_shared_collection
opening Registry/Registry.EM_COMMON
including Registry/Registry.EM_COMMON

real	0m0.365s
user	0m0.104s
sys	0m0.237s
rm -f clog.o
mpicc  -DFSEEKO64_OK  -o clog.o -c -w -O3 -ip -DRPC_TYPES=2  -DDM_PARALLEL -DLANDREAD_STUB=1 -DMAX_HISTORY=25 -DNMM_CORE=0 clog.c
opening Registry/registry.io_boilerplate
including Registry/registry.io_boilerplate
opening Registry/io_boilerplate_temporary.inc
including Registry/io_boilerplate_temporary.inc
opening Registry/registry.fire
including Registry/registry.fire
opening Registry/registry.avgflx
including Registry/registry.avgflx
rm -f hires_timer.o
opening Registry/registry.stoch
including Registry/registry.stoch
mpicc  -DFSEEKO64_OK  -o hires_timer.o -c -w -O3 -ip -DRPC_TYPES=2  -DDM_PARALLEL -DLANDREAD_STUB=1 -DMAX_HISTORY=25 -DNMM_CORE=0 hires_timer.c
opening Registry/registry.les
including Registry/registry.les
opening Registry/registry.cam
including Registry/registry.cam
opening Registry/registry.clm
including Registry/registry.clm
opening Registry/registry.lake
including Registry/registry.lake
opening Registry/registry.ssib
including Registry/registry.ssib
opening Registry/registry.noahmp
including Registry/registry.noahmp
opening Registry/registry.sbm
including Registry/registry.sbm
opening Registry/registry.polrad
including Registry/registry.polrad
opening Registry/registry.afwa
including Registry/registry.afwa
opening Registry/registry.rasm_diag
including Registry/registry.rasm_diag
opening Registry/registry.elec
including Registry/registry.elec
opening Registry/registry.bdy_perturb
including Registry/registry.bdy_perturb
opening Registry/registry.hyb_coord
including Registry/registry.hyb_coord
opening Registry/registry.new3d_wif
including Registry/registry.new3d_wif
opening Registry/registry.trad_fields
including Registry/registry.trad_fields
opening Registry/registry.solar_fields
including Registry/registry.solar_fields
opening Registry/registry.diags
including Registry/registry.diags
rm -f ../share/module_model_constants.o
sed -e "s/^\!.*'.*//" -e "s/^ *\!.*'.*//" ../share/module_model_constants.F > ../share/module_model_constants.G
opening Registry/registry.CMAQ
including Registry/registry.CMAQ
/lib/cpp -P -nostdinc -I/glade/derecho/scratch/yates/NEOM_WRF/wrfv4.6.0/inc -DEM_CORE=1 -DNMM_CORE=0 -DNMM_MAX_DIM=2600 -DDA_CORE=0 -DWRFPLUS=0 -DIWORDSIZE=4 -DDWORDSIZE=8 -DRWORDSIZE=4 -DLWORDSIZE=4 -DNONSTANDARD_SYSTEM_FUNC  -DWRF_USE_CLM -DUSE_NETCDF4_FEATURES -DWRFIO_NCD_LARGE_FILE_SUPPORT  -DDM_PARALLEL -DNETCDF -DLANDREAD_STUB=1 -DUSE_ALLOCATABLES -Dwrfmodel -DGRIB1 -DINTIO -DKEEP_INT_AROUND -DLIMIT_ARGS -DBUILD_RRTMG_FAST=0 -DBUILD_RRTMK=0 -DBUILD_SBM_FAST=1 -DSHOW_ALL_VARS_USED=0 -DCONFIG_BUF_LEN=65536 -DMAX_DOMAINS_F=21 -DMAX_HISTORY=25 -DNMM_NEST=0 -DWRF_CHEM -DBUILD_CHEM=1 -I. -traditional-cpp -DUSE_NETCDF4_FEATURES -DWRFIO_NCD_LARGE_FILE_SUPPORT   ../share/module_model_constants.G  > ../share/module_model_constants.bb
/glade/derecho/scratch/yates/NEOM_WRF/wrfv4.6.0/tools/standard.exe ../share/module_model_constants.bb | /lib/cpp -P -nostdinc -traditional-cpp -DUSE_NETCDF4_FEATURES -DWRFIO_NCD_LARGE_FILE_SUPPORT > ../share/module_model_constants.f90
rm -f ../share/module_model_constants.G ../share/module_model_constants.bb
time mpif90 -f90=ifort -o ../share/module_model_constants.o -c -O3 -ip -fp-model precise -w -ftz -align all -fno-alias -FR -convert big_endian    -I../dyn_em  -I/glade/derecho/scratch/yates/NEOM_WRF/wrfv4.6.0/external/esmf_time_f90  -I/glade/derecho/scratch/yates/NEOM_WRF/wrfv4.6.0/main -I/glade/derecho/scratch/yates/NEOM_WRF/wrfv4.6.0/external/io_netcdf -I/glade/derecho/scratch/yates/NEOM_WRF/wrfv4.6.0/external/io_int -I/glade/derecho/scratch/yates/NEOM_WRF/wrfv4.6.0/frame -I/glade/derecho/scratch/yates/NEOM_WRF/wrfv4.6.0/share -I/glade/derecho/scratch/yates/NEOM_WRF/wrfv4.6.0/phys -I/glade/derecho/scratch/yates/NEOM_WRF/wrfv4.6.0/wrftladj -I/glade/derecho/scratch/yates/NEOM_WRF/wrfv4.6.0/chem -I/glade/derecho/scratch/yates/NEOM_WRF/wrfv4.6.0/inc -I/glade/u/apps/derecho/23.09/spack/opt/spack/netcdf/4.9.2/oneapi/2023.2.1/yzvj/include  -real-size `expr 8 \* 4` -i4  ../share/module_model_constants.f90

real	0m0.595s
user	0m0.101s
sys	0m0.281s
if [ "m4" = NA ] ; then \
  /bin/cp ../arch/md_calls.inc . ; \
else \
  m4 md_calls.m4 > md_calls.inc ; \
fi
/lib/cpp -P -nostdinc -DEM_CORE=1 -DNMM_CORE=0 -DNMM_MAX_DIM=2600 -DDA_CORE=0 -DWRFPLUS=0 -DIWORDSIZE=4 -DDWORDSIZE=8 -DRWORDSIZE=4 -DLWORDSIZE=4 -DNONSTANDARD_SYSTEM_FUNC  -DWRF_USE_CLM -DUSE_NETCDF4_FEATURES -DWRFIO_NCD_LARGE_FILE_SUPPORT  -DDM_PARALLEL -DNETCDF -DLANDREAD_STUB=1 -DUSE_ALLOCATABLES -Dwrfmodel -DGRIB1 -DINTIO -DKEEP_INT_AROUND -DLIMIT_ARGS -DBUILD_RRTMG_FAST=0 -DBUILD_RRTMK=0 -DBUILD_SBM_FAST=1 -DSHOW_ALL_VARS_USED=0 -DCONFIG_BUF_LEN=65536 -DMAX_DOMAINS_F=21 -DMAX_HISTORY=25 -DNMM_NEST=0 -DWRF_CHEM -DBUILD_CHEM=1 -I. -traditional-cpp -DUSE_NETCDF4_FEATURES -DWRFIO_NCD_LARGE_FILE_SUPPORT  -I../inc module_internal_header_util.F > module_internal_header_util.f90
ifort -c -real-size `expr 8 \* 4` -i4   -ip -fp-model precise -w -ftz -align all -fno-alias -FR -convert big_endian   module_internal_header_util.f90
mpicc  -DFSEEKO64_OK  -c -w -O3 -ip -DRPC_TYPES=2  -DDM_PARALLEL -DLANDREAD_STUB=1 -DMAX_HISTORY=25 -DNMM_CORE=0 wrf_num_bytes_between.c
rm -f libmassv.o
sed -e "s/^\!.*'.*//" -e "s/^ *\!.*'.*//" libmassv.F > libmassv.G
/lib/cpp -P -nostdinc -I/glade/derecho/scratch/yates/NEOM_WRF/wrfv4.6.0/inc -DEM_CORE=1 -DNMM_CORE=0 -DNMM_MAX_DIM=2600 -DDA_CORE=0 -DWRFPLUS=0 -DIWORDSIZE=4 -DDWORDSIZE=8 -DRWORDSIZE=4 -DLWORDSIZE=4 -DNONSTANDARD_SYSTEM_FUNC  -DWRF_USE_CLM -DUSE_NETCDF4_FEATURES -DWRFIO_NCD_LARGE_FILE_SUPPORT  -DDM_PARALLEL -DNETCDF -DLANDREAD_STUB=1 -DUSE_ALLOCATABLES -Dwrfmodel -DGRIB1 -DINTIO -DKEEP_INT_AROUND -DLIMIT_ARGS -DBUILD_RRTMG_FAST=0 -DBUILD_RRTMK=0 -DBUILD_SBM_FAST=1 -DSHOW_ALL_VARS_USED=0 -DCONFIG_BUF_LEN=65536 -DMAX_DOMAINS_F=21 -DMAX_HISTORY=25 -DNMM_NEST=0 -DWRF_CHEM -DBUILD_CHEM=1 -I. -traditional-cpp -DUSE_NETCDF4_FEATURES -DWRFIO_NCD_LARGE_FILE_SUPPORT   libmassv.G  > libmassv.bb
/glade/derecho/scratch/yates/NEOM_WRF/wrfv4.6.0/tools/standard.exe libmassv.bb | /lib/cpp -P -nostdinc -traditional-cpp -DUSE_NETCDF4_FEATURES -DWRFIO_NCD_LARGE_FILE_SUPPORT > libmassv.f90
rm -f libmassv.G libmassv.bb
time mpif90 -f90=ifort -o libmassv.o -c -O3 -ip -fp-model precise -w -ftz -align all -fno-alias -FR -convert big_endian    -I../dyn_em  -I/glade/derecho/scratch/yates/NEOM_WRF/wrfv4.6.0/external/esmf_time_f90  -I/glade/derecho/scratch/yates/NEOM_WRF/wrfv4.6.0/main -I/glade/derecho/scratch/yates/NEOM_WRF/wrfv4.6.0/external/io_netcdf -I/glade/derecho/scratch/yates/NEOM_WRF/wrfv4.6.0/external/io_int -I/glade/derecho/scratch/yates/NEOM_WRF/wrfv4.6.0/frame -I/glade/derecho/scratch/yates/NEOM_WRF/wrfv4.6.0/share -I/glade/derecho/scratch/yates/NEOM_WRF/wrfv4.6.0/phys -I/glade/derecho/scratch/yates/NEOM_WRF/wrfv4.6.0/wrftladj -I/glade/derecho/scratch/yates/NEOM_WRF/wrfv4.6.0/chem -I/glade/derecho/scratch/yates/NEOM_WRF/wrfv4.6.0/inc -I/glade/u/apps/derecho/23.09/spack/opt/spack/netcdf/4.9.2/oneapi/2023.2.1/yzvj/include  -real-size `expr 8 \* 4` -i4  libmassv.f90

real	0m0.601s
user	0m0.300s
sys	0m0.276s
rm -f collect_on_comm.o
mpicc  -DFSEEKO64_OK  -o collect_on_comm.o -c -w -O3 -ip -DRPC_TYPES=2  -DDM_PARALLEL -DLANDREAD_STUB=1 -DMAX_HISTORY=25 -DNMM_CORE=0 collect_on_comm.c
mpicc  -DFSEEKO64_OK  -c -w -O3 -ip -DRPC_TYPES=2  -DDM_PARALLEL -DLANDREAD_STUB=1 -DMAX_HISTORY=25 -DNMM_CORE=0 -DIWORDSIZE=4 pack_utils.c
Registry INFO variable counts: 0d 2637 1d 150 2d 1583 3d 1491
Packages in gen_scalar_indices1
rm -f module_wrf_error.o
sed -e "s/^\!.*'.*//" -e "s/^ *\!.*'.*//" module_wrf_error.F > module_wrf_error.G
/lib/cpp -P -nostdinc -I/glade/derecho/scratch/yates/NEOM_WRF/wrfv4.6.0/inc -DEM_CORE=1 -DNMM_CORE=0 -DNMM_MAX_DIM=2600 -DDA_CORE=0 -DWRFPLUS=0 -DIWORDSIZE=4 -DDWORDSIZE=8 -DRWORDSIZE=4 -DLWORDSIZE=4 -DNONSTANDARD_SYSTEM_FUNC  -DWRF_USE_CLM -DUSE_NETCDF4_FEATURES -DWRFIO_NCD_LARGE_FILE_SUPPORT  -DDM_PARALLEL -DNETCDF -DLANDREAD_STUB=1 -DUSE_ALLOCATABLES -Dwrfmodel -DGRIB1 -DINTIO -DKEEP_INT_AROUND -DLIMIT_ARGS -DBUILD_RRTMG_FAST=0 -DBUILD_RRTMK=0 -DBUILD_SBM_FAST=1 -DSHOW_ALL_VARS_USED=0 -DCONFIG_BUF_LEN=65536 -DMAX_DOMAINS_F=21 -DMAX_HISTORY=25 -DNMM_NEST=0 -DWRF_CHEM -DBUILD_CHEM=1 -I. -traditional-cpp -DUSE_NETCDF4_FEATURES -DWRFIO_NCD_LARGE_FILE_SUPPORT   module_wrf_error.G  > module_wrf_error.bb
/glade/derecho/scratch/yates/NEOM_WRF/wrfv4.6.0/tools/standard.exe module_wrf_error.bb | /lib/cpp -P -nostdinc -traditional-cpp -DUSE_NETCDF4_FEATURES -DWRFIO_NCD_LARGE_FILE_SUPPORT > module_wrf_error.f90
rm -f module_wrf_error.G module_wrf_error.bb
time mpif90 -f90=ifort -o module_wrf_error.o -c -O3 -ip -fp-model precise -w -ftz -align all -fno-alias -FR -convert big_endian    -I../dyn_em  -I/glade/derecho/scratch/yates/NEOM_WRF/wrfv4.6.0/external/esmf_time_f90  -I/glade/derecho/scratch/yates/NEOM_WRF/wrfv4.6.0/main -I/glade/derecho/scratch/yates/NEOM_WRF/wrfv4.6.0/external/io_netcdf -I/glade/derecho/scratch/yates/NEOM_WRF/wrfv4.6.0/external/io_int -I/glade/derecho/scratch/yates/NEOM_WRF/wrfv4.6.0/frame -I/glade/derecho/scratch/yates/NEOM_WRF/wrfv4.6.0/share -I/glade/derecho/scratch/yates/NEOM_WRF/wrfv4.6.0/phys -I/glade/derecho/scratch/yates/NEOM_WRF/wrfv4.6.0/wrftladj -I/glade/derecho/scratch/yates/NEOM_WRF/wrfv4.6.0/chem -I/glade/derecho/scratch/yates/NEOM_WRF/wrfv4.6.0/inc -I/glade/u/apps/derecho/23.09/spack/opt/spack/netcdf/4.9.2/oneapi/2023.2.1/yzvj/include  -real-size `expr 8 \* 4` -i4  module_wrf_error.f90

real	0m0.478s
user	0m0.167s
sys	0m0.287s
rm -f module_sm.o
sed -e "s/^\!.*'.*//" -e "s/^ *\!.*'.*//" module_sm.F > module_sm.G
/lib/cpp -P -nostdinc -I/glade/derecho/scratch/yates/NEOM_WRF/wrfv4.6.0/inc -DEM_CORE=1 -DNMM_CORE=0 -DNMM_MAX_DIM=2600 -DDA_CORE=0 -DWRFPLUS=0 -DIWORDSIZE=4 -DDWORDSIZE=8 -DRWORDSIZE=4 -DLWORDSIZE=4 -DNONSTANDARD_SYSTEM_FUNC  -DWRF_USE_CLM -DUSE_NETCDF4_FEATURES -DWRFIO_NCD_LARGE_FILE_SUPPORT  -DDM_PARALLEL -DNETCDF -DLANDREAD_STUB=1 -DUSE_ALLOCATABLES -Dwrfmodel -DGRIB1 -DINTIO -DKEEP_INT_AROUND -DLIMIT_ARGS -DBUILD_RRTMG_FAST=0 -DBUILD_RRTMK=0 -DBUILD_SBM_FAST=1 -DSHOW_ALL_VARS_USED=0 -DCONFIG_BUF_LEN=65536 -DMAX_DOMAINS_F=21 -DMAX_HISTORY=25 -DNMM_NEST=0 -DWRF_CHEM -DBUILD_CHEM=1 -I. -traditional-cpp -DUSE_NETCDF4_FEATURES -DWRFIO_NCD_LARGE_FILE_SUPPORT   module_sm.G  > module_sm.bb
/glade/derecho/scratch/yates/NEOM_WRF/wrfv4.6.0/tools/standard.exe module_sm.bb | /lib/cpp -P -nostdinc -traditional-cpp -DUSE_NETCDF4_FEATURES -DWRFIO_NCD_LARGE_FILE_SUPPORT > module_sm.f90
rm -f module_sm.G module_sm.bb
time mpif90 -f90=ifort -o module_sm.o -c -O3 -ip -fp-model precise -w -ftz -align all -fno-alias -FR -convert big_endian    -I../dyn_em  -I/glade/derecho/scratch/yates/NEOM_WRF/wrfv4.6.0/external/esmf_time_f90  -I/glade/derecho/scratch/yates/NEOM_WRF/wrfv4.6.0/main -I/glade/derecho/scratch/yates/NEOM_WRF/wrfv4.6.0/external/io_netcdf -I/glade/derecho/scratch/yates/NEOM_WRF/wrfv4.6.0/external/io_int -I/glade/derecho/scratch/yates/NEOM_WRF/wrfv4.6.0/frame -I/glade/derecho/scratch/yates/NEOM_WRF/wrfv4.6.0/share -I/glade/derecho/scratch/yates/NEOM_WRF/wrfv4.6.0/phys -I/glade/derecho/scratch/yates/NEOM_WRF/wrfv4.6.0/wrftladj -I/glade/derecho/scratch/yates/NEOM_WRF/wrfv4.6.0/chem -I/glade/derecho/scratch/yates/NEOM_WRF/wrfv4.6.0/inc -I/glade/u/apps/derecho/23.09/spack/opt/spack/netcdf/4.9.2/oneapi/2023.2.1/yzvj/include  -real-size `expr 8 \* 4` -i4  module_sm.f90
WARNING: dfi_qzi is not a member of 4D array dfi_scalar

real	0m0.379s
user	0m0.055s
sys	0m0.299s
rm -f wrf_debug.o
sed -e "s/^\!.*'.*//" -e "s/^ *\!.*'.*//" wrf_debug.F > wrf_debug.G
/lib/cpp -P -nostdinc -I/glade/derecho/scratch/yates/NEOM_WRF/wrfv4.6.0/inc -DEM_CORE=1 -DNMM_CORE=0 -DNMM_MAX_DIM=2600 -DDA_CORE=0 -DWRFPLUS=0 -DIWORDSIZE=4 -DDWORDSIZE=8 -DRWORDSIZE=4 -DLWORDSIZE=4 -DNONSTANDARD_SYSTEM_FUNC  -DWRF_USE_CLM -DUSE_NETCDF4_FEATURES -DWRFIO_NCD_LARGE_FILE_SUPPORT  -DDM_PARALLEL -DNETCDF -DLANDREAD_STUB=1 -DUSE_ALLOCATABLES -Dwrfmodel -DGRIB1 -DINTIO -DKEEP_INT_AROUND -DLIMIT_ARGS -DBUILD_RRTMG_FAST=0 -DBUILD_RRTMK=0 -DBUILD_SBM_FAST=1 -DSHOW_ALL_VARS_USED=0 -DCONFIG_BUF_LEN=65536 -DMAX_DOMAINS_F=21 -DMAX_HISTORY=25 -DNMM_NEST=0 -DWRF_CHEM -DBUILD_CHEM=1 -I. -traditional-cpp -DUSE_NETCDF4_FEATURES -DWRFIO_NCD_LARGE_FILE_SUPPORT   wrf_debug.G  > wrf_debug.bb
/glade/derecho/scratch/yates/NEOM_WRF/wrfv4.6.0/tools/standard.exe wrf_debug.bb | /lib/cpp -P -nostdinc -traditional-cpp -DUSE_NETCDF4_FEATURES -DWRFIO_NCD_LARGE_FILE_SUPPORT > wrf_debug.f90
WARNING: ts_swp_tot is not a member of 4D array state
WARNING: ts_re_qs_tot is not a member of 4D array state
WARNING: ts_tau_qs_tot is not a member of 4D array state
rm -f wrf_debug.G wrf_debug.bb
WARNING: fire_smoke is not a member of 4D array state
time mpif90 -f90=ifort -o wrf_debug.o -c -O3 -ip -fp-model precise -w -ftz -align all -fno-alias -FR -convert big_endian    -I../dyn_em  -I/glade/derecho/scratch/yates/NEOM_WRF/wrfv4.6.0/external/esmf_time_f90  -I/glade/derecho/scratch/yates/NEOM_WRF/wrfv4.6.0/main -I/glade/derecho/scratch/yates/NEOM_WRF/wrfv4.6.0/external/io_netcdf -I/glade/derecho/scratch/yates/NEOM_WRF/wrfv4.6.0/external/io_int -I/glade/derecho/scratch/yates/NEOM_WRF/wrfv4.6.0/frame -I/glade/derecho/scratch/yates/NEOM_WRF/wrfv4.6.0/share -I/glade/derecho/scratch/yates/NEOM_WRF/wrfv4.6.0/phys -I/glade/derecho/scratch/yates/NEOM_WRF/wrfv4.6.0/wrftladj -I/glade/derecho/scratch/yates/NEOM_WRF/wrfv4.6.0/chem -I/glade/derecho/scratch/yates/NEOM_WRF/wrfv4.6.0/inc -I/glade/u/apps/derecho/23.09/spack/opt/spack/netcdf/4.9.2/oneapi/2023.2.1/yzvj/include  -real-size `expr 8 \* 4` -i4  wrf_debug.f90
WARNING: fad0_urb2d is not a member of 4D array state
WARNING: fad135_urb2d is not a member of 4D array state
WARNING: fad45_urb2d is not a member of 4D array state
WARNING: pad_urb2d is not a member of 4D array state
WARNING: fad90_urb2d is not a member of 4D array state
WARNING: rad_urb2d is not a member of 4D array state
WARNING: car_urb2d is not a member of 4D array state
WARNING: h2w_urb2d is not a member of 4D array state
WARNING: svf_urb2d is not a member of 4D array state
WARNING: z0s_urb2d is not a member of 4D array state
WARNING: z0r_urb2d is not a member of 4D array state
WARNING: z0m_urb2d is not a member of 4D array state
WARNING: zds_urb2d is not a member of 4D array state
WARNING: zdm_urb2d is not a member of 4D array state
WARNING: zdr_urb2d is not a member of 4D array state
REGISTRY WARNING: o3rad: o3rad_b is not a variable or number; ignoring it
REGISTRY WARNING: o3rad: o3rad_bt is not a variable or number; ignoring it
REGISTRY WARNING: aerod(grid%sm31,grid%sm32,grid%sm33,itrace): aerod_b is not a variable or number; ignoring it
REGISTRY WARNING: aerod(grid%sm31,grid%sm32,grid%sm33,itrace): aerod_bt is not a variable or number; ignoring it
REGISTRY WARNING: aerocu(grid%sm31,grid%sm32,grid%sm33,itrace): aerocu_b is not a variable or number; ignoring it
REGISTRY WARNING: aerocu(grid%sm31,grid%sm32,grid%sm33,itrace): aerocu_bt is not a variable or number; ignoring it
REGISTRY WARNING: om_tmp: om_tmp_b is not a variable or number; ignoring it
REGISTRY WARNING: om_tmp: om_tmp_bt is not a variable or number; ignoring it
REGISTRY WARNING: om_s: om_s_b is not a variable or number; ignoring it
REGISTRY WARNING: om_s: om_s_bt is not a variable or number; ignoring it
REGISTRY WARNING: om_u: om_u_b is not a variable or number; ignoring it
REGISTRY WARNING: om_u: om_u_bt is not a variable or number; ignoring it
REGISTRY WARNING: om_v: om_v_b is not a variable or number; ignoring it
REGISTRY WARNING: om_v: om_v_bt is not a variable or number; ignoring it
REGISTRY WARNING: om_ml: om_ml_b is not a variable or number; ignoring it
REGISTRY WARNING: om_ml: om_ml_bt is not a variable or number; ignoring it
REGISTRY WARNING: field_sf: field_sf_b is not a variable or number; ignoring it
REGISTRY WARNING: field_sf: field_sf_bt is not a variable or number; ignoring it
REGISTRY WARNING: field_pbl: field_pbl_b is not a variable or number; ignoring it
REGISTRY WARNING: field_pbl: field_pbl_bt is not a variable or number; ignoring it
REGISTRY WARNING: field_conv: field_conv_b is not a variable or number; ignoring it
REGISTRY WARNING: field_conv: field_conv_bt is not a variable or number; ignoring it
REGISTRY WARNING: ru_tendf_stoch: ru_tendf_stoch_b is not a variable or number; ignoring it
REGISTRY WARNING: ru_tendf_stoch: ru_tendf_stoch_bt is not a variable or number; ignoring it
REGISTRY WARNING: rv_tendf_stoch: rv_tendf_stoch_b is not a variable or number; ignoring it
REGISTRY WARNING: rv_tendf_stoch: rv_tendf_stoch_bt is not a variable or number; ignoring it
REGISTRY WARNING: rt_tendf_stoch: rt_tendf_stoch_b is not a variable or number; ignoring it
REGISTRY WARNING: rt_tendf_stoch: rt_tendf_stoch_bt is not a variable or number; ignoring it
REGISTRY WARNING: rand_pert: rand_pert_b is not a variable or number; ignoring it
REGISTRY WARNING: rand_pert: rand_pert_bt is not a variable or number; ignoring it
REGISTRY WARNING: pattern_spp_conv: pattern_spp_conv_b is not a variable or number; ignoring it
REGISTRY WARNING: pattern_spp_conv: pattern_spp_conv_bt is not a variable or number; ignoring it
REGISTRY WARNING: pattern_spp_pbl: pattern_spp_pbl_b is not a variable or number; ignoring it

real	0m0.390s
user	0m0.099s
sys	0m0.261s
REGISTRY WARNING: pattern_spp_pbl: pattern_spp_pbl_bt is not a variable or number; ignoring it
REGISTRY WARNING: pattern_spp_lsm: pattern_spp_lsm_b is not a variable or number; ignoring it
REGISTRY WARNING: pattern_spp_lsm: pattern_spp_lsm_bt is not a variable or number; ignoring it
REGISTRY WARNING: rstoch: rstoch_b is not a variable or number; ignoring it
REGISTRY WARNING: rstoch: rstoch_bt is not a variable or number; ignoring it
REGISTRY WARNING: field_u_tend_perturb: field_u_tend_perturb_b is not a variable or number; ignoring it
REGISTRY WARNING: field_u_tend_perturb: field_u_tend_perturb_bt is not a variable or number; ignoring it
REGISTRY WARNING: field_v_tend_perturb: field_v_tend_perturb_b is not a variable or number; ignoring it
REGISTRY WARNING: field_v_tend_perturb: field_v_tend_perturb_bt is not a variable or number; ignoring it
REGISTRY WARNING: field_t_tend_perturb: field_t_tend_perturb_b is not a variable or number; ignoring it
REGISTRY WARNING: field_t_tend_perturb: field_t_tend_perturb_bt is not a variable or number; ignoring it
ADVISORY: RSL_LITE version of gen_comms is linked in with registry program.
rm -f module_state_description.o
/lib/cpp -P -nostdinc -I/glade/derecho/scratch/yates/NEOM_WRF/wrfv4.6.0/inc -DEM_CORE=1 -DNMM_CORE=0 -DNMM_MAX_DIM=2600 -DDA_CORE=0 -DWRFPLUS=0 -DIWORDSIZE=4 -DDWORDSIZE=8 -DRWORDSIZE=4 -DLWORDSIZE=4 -DNONSTANDARD_SYSTEM_FUNC  -DWRF_USE_CLM -DUSE_NETCDF4_FEATURES -DWRFIO_NCD_LARGE_FILE_SUPPORT  -DDM_PARALLEL -DNETCDF -DLANDREAD_STUB=1 -DUSE_ALLOCATABLES -Dwrfmodel -DGRIB1 -DINTIO -DKEEP_INT_AROUND -DLIMIT_ARGS -DBUILD_RRTMG_FAST=0 -DBUILD_RRTMK=0 -DBUILD_SBM_FAST=1 -DSHOW_ALL_VARS_USED=0 -DCONFIG_BUF_LEN=65536 -DMAX_DOMAINS_F=21 -DMAX_HISTORY=25 -DNMM_NEST=0 -DWRF_CHEM -DBUILD_CHEM=1 -I. -traditional-cpp -DUSE_NETCDF4_FEATURES -DWRFIO_NCD_LARGE_FILE_SUPPORT   module_state_description.F  > module_state_description.bb
/glade/derecho/scratch/yates/NEOM_WRF/wrfv4.6.0/tools/standard.exe module_state_description.bb | /lib/cpp -P -nostdinc -traditional-cpp -DUSE_NETCDF4_FEATURES -DWRFIO_NCD_LARGE_FILE_SUPPORT > module_state_description.f90
rm -f module_state_description.b module_state_description.bb
time mpif90 -f90=ifort -c -real-size `expr 8 \* 4` -i4  -O0 -fno-inline -no-ip -ip -fp-model precise -w -ftz -align all -fno-alias -FR -convert big_endian   -I../dyn_em  -I/glade/derecho/scratch/yates/NEOM_WRF/wrfv4.6.0/external/esmf_time_f90  -I/glade/derecho/scratch/yates/NEOM_WRF/wrfv4.6.0/main -I/glade/derecho/scratch/yates/NEOM_WRF/wrfv4.6.0/external/io_netcdf -I/glade/derecho/scratch/yates/NEOM_WRF/wrfv4.6.0/external/io_int -I/glade/derecho/scratch/yates/NEOM_WRF/wrfv4.6.0/frame -I/glade/derecho/scratch/yates/NEOM_WRF/wrfv4.6.0/share -I/glade/derecho/scratch/yates/NEOM_WRF/wrfv4.6.0/phys -I/glade/derecho/scratch/yates/NEOM_WRF/wrfv4.6.0/wrftladj -I/glade/derecho/scratch/yates/NEOM_WRF/wrfv4.6.0/chem -I/glade/derecho/scratch/yates/NEOM_WRF/wrfv4.6.0/inc -I/glade/u/apps/derecho/23.09/spack/opt/spack/netcdf/4.9.2/oneapi/2023.2.1/yzvj/include   module_state_description.f90

real	0m0.952s
user	0m0.634s
sys	0m0.300s
rm -f module_driver_constants.o
rm -f module_streams.o
sed -e "s/^\!.*'.*//" -e "s/^ *\!.*'.*//" module_driver_constants.F > module_driver_constants.G
sed -e "s/^\!.*'.*//" -e "s/^ *\!.*'.*//" module_streams.F > module_streams.G
/lib/cpp -P -nostdinc -I/glade/derecho/scratch/yates/NEOM_WRF/wrfv4.6.0/inc -DEM_CORE=1 -DNMM_CORE=0 -DNMM_MAX_DIM=2600 -DDA_CORE=0 -DWRFPLUS=0 -DIWORDSIZE=4 -DDWORDSIZE=8 -DRWORDSIZE=4 -DLWORDSIZE=4 -DNONSTANDARD_SYSTEM_FUNC  -DWRF_USE_CLM -DUSE_NETCDF4_FEATURES -DWRFIO_NCD_LARGE_FILE_SUPPORT  -DDM_PARALLEL -DNETCDF -DLANDREAD_STUB=1 -DUSE_ALLOCATABLES -Dwrfmodel -DGRIB1 -DINTIO -DKEEP_INT_AROUND -DLIMIT_ARGS -DBUILD_RRTMG_FAST=0 -DBUILD_RRTMK=0 -DBUILD_SBM_FAST=1 -DSHOW_ALL_VARS_USED=0 -DCONFIG_BUF_LEN=65536 -DMAX_DOMAINS_F=21 -DMAX_HISTORY=25 -DNMM_NEST=0 -DWRF_CHEM -DBUILD_CHEM=1 -I. -traditional-cpp -DUSE_NETCDF4_FEATURES -DWRFIO_NCD_LARGE_FILE_SUPPORT   module_driver_constants.G  > module_driver_constants.bb
/lib/cpp -P -nostdinc -I/glade/derecho/scratch/yates/NEOM_WRF/wrfv4.6.0/inc -DEM_CORE=1 -DNMM_CORE=0 -DNMM_MAX_DIM=2600 -DDA_CORE=0 -DWRFPLUS=0 -DIWORDSIZE=4 -DDWORDSIZE=8 -DRWORDSIZE=4 -DLWORDSIZE=4 -DNONSTANDARD_SYSTEM_FUNC  -DWRF_USE_CLM -DUSE_NETCDF4_FEATURES -DWRFIO_NCD_LARGE_FILE_SUPPORT  -DDM_PARALLEL -DNETCDF -DLANDREAD_STUB=1 -DUSE_ALLOCATABLES -Dwrfmodel -DGRIB1 -DINTIO -DKEEP_INT_AROUND -DLIMIT_ARGS -DBUILD_RRTMG_FAST=0 -DBUILD_RRTMK=0 -DBUILD_SBM_FAST=1 -DSHOW_ALL_VARS_USED=0 -DCONFIG_BUF_LEN=65536 -DMAX_DOMAINS_F=21 -DMAX_HISTORY=25 -DNMM_NEST=0 -DWRF_CHEM -DBUILD_CHEM=1 -I. -traditional-cpp -DUSE_NETCDF4_FEATURES -DWRFIO_NCD_LARGE_FILE_SUPPORT   module_streams.G  > module_streams.bb
/glade/derecho/scratch/yates/NEOM_WRF/wrfv4.6.0/tools/standard.exe module_driver_constants.bb | /lib/cpp -P -nostdinc -traditional-cpp -DUSE_NETCDF4_FEATURES -DWRFIO_NCD_LARGE_FILE_SUPPORT > module_driver_constants.f90
/glade/derecho/scratch/yates/NEOM_WRF/wrfv4.6.0/tools/standard.exe module_streams.bb | /lib/cpp -P -nostdinc -traditional-cpp -DUSE_NETCDF4_FEATURES -DWRFIO_NCD_LARGE_FILE_SUPPORT > module_streams.f90
rm -f module_driver_constants.G module_driver_constants.bb
time mpif90 -f90=ifort -o module_driver_constants.o -c -O3 -ip -fp-model precise -w -ftz -align all -fno-alias -FR -convert big_endian    -I../dyn_em  -I/glade/derecho/scratch/yates/NEOM_WRF/wrfv4.6.0/external/esmf_time_f90  -I/glade/derecho/scratch/yates/NEOM_WRF/wrfv4.6.0/main -I/glade/derecho/scratch/yates/NEOM_WRF/wrfv4.6.0/external/io_netcdf -I/glade/derecho/scratch/yates/NEOM_WRF/wrfv4.6.0/external/io_int -I/glade/derecho/scratch/yates/NEOM_WRF/wrfv4.6.0/frame -I/glade/derecho/scratch/yates/NEOM_WRF/wrfv4.6.0/share -I/glade/derecho/scratch/yates/NEOM_WRF/wrfv4.6.0/phys -I/glade/derecho/scratch/yates/NEOM_WRF/wrfv4.6.0/wrftladj -I/glade/derecho/scratch/yates/NEOM_WRF/wrfv4.6.0/chem -I/glade/derecho/scratch/yates/NEOM_WRF/wrfv4.6.0/inc -I/glade/u/apps/derecho/23.09/spack/opt/spack/netcdf/4.9.2/oneapi/2023.2.1/yzvj/include  -real-size `expr 8 \* 4` -i4  module_driver_constants.f90
rm -f module_streams.G module_streams.bb
time mpif90 -f90=ifort -o module_streams.o -c -O3 -ip -fp-model precise -w -ftz -align all -fno-alias -FR -convert big_endian    -I../dyn_em  -I/glade/derecho/scratch/yates/NEOM_WRF/wrfv4.6.0/external/esmf_time_f90  -I/glade/derecho/scratch/yates/NEOM_WRF/wrfv4.6.0/main -I/glade/derecho/scratch/yates/NEOM_WRF/wrfv4.6.0/external/io_netcdf -I/glade/derecho/scratch/yates/NEOM_WRF/wrfv4.6.0/external/io_int -I/glade/derecho/scratch/yates/NEOM_WRF/wrfv4.6.0/frame -I/glade/derecho/scratch/yates/NEOM_WRF/wrfv4.6.0/share -I/glade/derecho/scratch/yates/NEOM_WRF/wrfv4.6.0/phys -I/glade/derecho/scratch/yates/NEOM_WRF/wrfv4.6.0/wrftladj -I/glade/derecho/scratch/yates/NEOM_WRF/wrfv4.6.0/chem -I/glade/derecho/scratch/yates/NEOM_WRF/wrfv4.6.0/inc -I/glade/u/apps/derecho/23.09/spack/opt/spack/netcdf/4.9.2/oneapi/2023.2.1/yzvj/include  -real-size `expr 8 \* 4` -i4  module_streams.f90

real	0m0.378s
user	0m0.085s
sys	0m0.270s
rm -f module_timing.o
sed -e "s/^\!.*'.*//" -e "s/^ *\!.*'.*//" module_timing.F > module_timing.G

real	0m0.365s
user	0m0.114s
sys	0m0.227s
rm -f module_domain_type.o
/lib/cpp -P -nostdinc -I/glade/derecho/scratch/yates/NEOM_WRF/wrfv4.6.0/inc -DEM_CORE=1 -DNMM_CORE=0 -DNMM_MAX_DIM=2600 -DDA_CORE=0 -DWRFPLUS=0 -DIWORDSIZE=4 -DDWORDSIZE=8 -DRWORDSIZE=4 -DLWORDSIZE=4 -DNONSTANDARD_SYSTEM_FUNC  -DWRF_USE_CLM -DUSE_NETCDF4_FEATURES -DWRFIO_NCD_LARGE_FILE_SUPPORT  -DDM_PARALLEL -DNETCDF -DLANDREAD_STUB=1 -DUSE_ALLOCATABLES -Dwrfmodel -DGRIB1 -DINTIO -DKEEP_INT_AROUND -DLIMIT_ARGS -DBUILD_RRTMG_FAST=0 -DBUILD_RRTMK=0 -DBUILD_SBM_FAST=1 -DSHOW_ALL_VARS_USED=0 -DCONFIG_BUF_LEN=65536 -DMAX_DOMAINS_F=21 -DMAX_HISTORY=25 -DNMM_NEST=0 -DWRF_CHEM -DBUILD_CHEM=1 -I. -traditional-cpp -DUSE_NETCDF4_FEATURES -DWRFIO_NCD_LARGE_FILE_SUPPORT   module_timing.G  > module_timing.bb
/lib/cpp -P -nostdinc -I/glade/derecho/scratch/yates/NEOM_WRF/wrfv4.6.0/inc -DEM_CORE=1 -DNMM_CORE=0 -DNMM_MAX_DIM=2600 -DDA_CORE=0 -DWRFPLUS=0 -DIWORDSIZE=4 -DDWORDSIZE=8 -DRWORDSIZE=4 -DLWORDSIZE=4 -DNONSTANDARD_SYSTEM_FUNC  -DWRF_USE_CLM -DUSE_NETCDF4_FEATURES -DWRFIO_NCD_LARGE_FILE_SUPPORT  -DDM_PARALLEL -DNETCDF -DLANDREAD_STUB=1 -DUSE_ALLOCATABLES -Dwrfmodel -DGRIB1 -DINTIO -DKEEP_INT_AROUND -DLIMIT_ARGS -DBUILD_RRTMG_FAST=0 -DBUILD_RRTMK=0 -DBUILD_SBM_FAST=1 -DSHOW_ALL_VARS_USED=0 -DCONFIG_BUF_LEN=65536 -DMAX_DOMAINS_F=21 -DMAX_HISTORY=25 -DNMM_NEST=0 -DWRF_CHEM -DBUILD_CHEM=1 -I. -traditional-cpp -DUSE_NETCDF4_FEATURES -DWRFIO_NCD_LARGE_FILE_SUPPORT   module_domain_type.F  > module_domain_type.bb
/glade/derecho/scratch/yates/NEOM_WRF/wrfv4.6.0/tools/standard.exe module_timing.bb | /lib/cpp -P -nostdinc -traditional-cpp -DUSE_NETCDF4_FEATURES -DWRFIO_NCD_LARGE_FILE_SUPPORT > module_timing.f90
/glade/derecho/scratch/yates/NEOM_WRF/wrfv4.6.0/tools/standard.exe module_domain_type.bb | /lib/cpp -P -nostdinc -traditional-cpp -DUSE_NETCDF4_FEATURES -DWRFIO_NCD_LARGE_FILE_SUPPORT > module_domain_type.f90
rm -f module_timing.G module_timing.bb
time mpif90 -f90=ifort -o module_timing.o -c -O3 -ip -fp-model precise -w -ftz -align all -fno-alias -FR -convert big_endian    -I../dyn_em  -I/glade/derecho/scratch/yates/NEOM_WRF/wrfv4.6.0/external/esmf_time_f90  -I/glade/derecho/scratch/yates/NEOM_WRF/wrfv4.6.0/main -I/glade/derecho/scratch/yates/NEOM_WRF/wrfv4.6.0/external/io_netcdf -I/glade/derecho/scratch/yates/NEOM_WRF/wrfv4.6.0/external/io_int -I/glade/derecho/scratch/yates/NEOM_WRF/wrfv4.6.0/frame -I/glade/derecho/scratch/yates/NEOM_WRF/wrfv4.6.0/share -I/glade/derecho/scratch/yates/NEOM_WRF/wrfv4.6.0/phys -I/glade/derecho/scratch/yates/NEOM_WRF/wrfv4.6.0/wrftladj -I/glade/derecho/scratch/yates/NEOM_WRF/wrfv4.6.0/chem -I/glade/derecho/scratch/yates/NEOM_WRF/wrfv4.6.0/inc -I/glade/u/apps/derecho/23.09/spack/opt/spack/netcdf/4.9.2/oneapi/2023.2.1/yzvj/include  -real-size `expr 8 \* 4` -i4  module_timing.f90
rm -f module_domain_type.b module_domain_type.bb
time mpif90 -f90=ifort -c -real-size `expr 8 \* 4` -i4  -O0 -fno-inline -no-ip -ip -fp-model precise -w -ftz -align all -fno-alias -FR -convert big_endian   -I../dyn_em  -I/glade/derecho/scratch/yates/NEOM_WRF/wrfv4.6.0/external/esmf_time_f90  -I/glade/derecho/scratch/yates/NEOM_WRF/wrfv4.6.0/main -I/glade/derecho/scratch/yates/NEOM_WRF/wrfv4.6.0/external/io_netcdf -I/glade/derecho/scratch/yates/NEOM_WRF/wrfv4.6.0/external/io_int -I/glade/derecho/scratch/yates/NEOM_WRF/wrfv4.6.0/frame -I/glade/derecho/scratch/yates/NEOM_WRF/wrfv4.6.0/share -I/glade/derecho/scratch/yates/NEOM_WRF/wrfv4.6.0/phys -I/glade/derecho/scratch/yates/NEOM_WRF/wrfv4.6.0/wrftladj -I/glade/derecho/scratch/yates/NEOM_WRF/wrfv4.6.0/chem -I/glade/derecho/scratch/yates/NEOM_WRF/wrfv4.6.0/inc -I/glade/u/apps/derecho/23.09/spack/opt/spack/netcdf/4.9.2/oneapi/2023.2.1/yzvj/include   module_domain_type.f90

real	0m0.391s
user	0m0.108s
sys	0m0.259s
rm -f module_machine.o
sed -e "s/^\!.*'.*//" -e "s/^ *\!.*'.*//" module_machine.F > module_machine.G
/lib/cpp -P -nostdinc -I/glade/derecho/scratch/yates/NEOM_WRF/wrfv4.6.0/inc -DEM_CORE=1 -DNMM_CORE=0 -DNMM_MAX_DIM=2600 -DDA_CORE=0 -DWRFPLUS=0 -DIWORDSIZE=4 -DDWORDSIZE=8 -DRWORDSIZE=4 -DLWORDSIZE=4 -DNONSTANDARD_SYSTEM_FUNC  -DWRF_USE_CLM -DUSE_NETCDF4_FEATURES -DWRFIO_NCD_LARGE_FILE_SUPPORT  -DDM_PARALLEL -DNETCDF -DLANDREAD_STUB=1 -DUSE_ALLOCATABLES -Dwrfmodel -DGRIB1 -DINTIO -DKEEP_INT_AROUND -DLIMIT_ARGS -DBUILD_RRTMG_FAST=0 -DBUILD_RRTMK=0 -DBUILD_SBM_FAST=1 -DSHOW_ALL_VARS_USED=0 -DCONFIG_BUF_LEN=65536 -DMAX_DOMAINS_F=21 -DMAX_HISTORY=25 -DNMM_NEST=0 -DWRF_CHEM -DBUILD_CHEM=1 -I. -traditional-cpp -DUSE_NETCDF4_FEATURES -DWRFIO_NCD_LARGE_FILE_SUPPORT   module_machine.G  > module_machine.bb
/glade/derecho/scratch/yates/NEOM_WRF/wrfv4.6.0/tools/standard.exe module_machine.bb | /lib/cpp -P -nostdinc -traditional-cpp -DUSE_NETCDF4_FEATURES -DWRFIO_NCD_LARGE_FILE_SUPPORT > module_machine.f90
rm -f module_machine.G module_machine.bb
time mpif90 -f90=ifort -o module_machine.o -c -O3 -ip -fp-model precise -w -ftz -align all -fno-alias -FR -convert big_endian    -I../dyn_em  -I/glade/derecho/scratch/yates/NEOM_WRF/wrfv4.6.0/external/esmf_time_f90  -I/glade/derecho/scratch/yates/NEOM_WRF/wrfv4.6.0/main -I/glade/derecho/scratch/yates/NEOM_WRF/wrfv4.6.0/external/io_netcdf -I/glade/derecho/scratch/yates/NEOM_WRF/wrfv4.6.0/external/io_int -I/glade/derecho/scratch/yates/NEOM_WRF/wrfv4.6.0/frame -I/glade/derecho/scratch/yates/NEOM_WRF/wrfv4.6.0/share -I/glade/derecho/scratch/yates/NEOM_WRF/wrfv4.6.0/phys -I/glade/derecho/scratch/yates/NEOM_WRF/wrfv4.6.0/wrftladj -I/glade/derecho/scratch/yates/NEOM_WRF/wrfv4.6.0/chem -I/glade/derecho/scratch/yates/NEOM_WRF/wrfv4.6.0/inc -I/glade/u/apps/derecho/23.09/spack/opt/spack/netcdf/4.9.2/oneapi/2023.2.1/yzvj/include  -real-size `expr 8 \* 4` -i4  module_machine.f90

real	0m0.448s
user	0m0.140s
sys	0m0.283s
rm -f module_quilt_outbuf_ops.o
sed -e "s/^\!.*'.*//" -e "s/^ *\!.*'.*//" module_quilt_outbuf_ops.F > module_quilt_outbuf_ops.G

real	0m0.962s
user	0m0.650s
sys	0m0.275s
rm -f module_configure.o
/lib/cpp -P -nostdinc -I/glade/derecho/scratch/yates/NEOM_WRF/wrfv4.6.0/inc -DEM_CORE=1 -DNMM_CORE=0 -DNMM_MAX_DIM=2600 -DDA_CORE=0 -DWRFPLUS=0 -DIWORDSIZE=4 -DDWORDSIZE=8 -DRWORDSIZE=4 -DLWORDSIZE=4 -DNONSTANDARD_SYSTEM_FUNC  -DWRF_USE_CLM -DUSE_NETCDF4_FEATURES -DWRFIO_NCD_LARGE_FILE_SUPPORT  -DDM_PARALLEL -DNETCDF -DLANDREAD_STUB=1 -DUSE_ALLOCATABLES -Dwrfmodel -DGRIB1 -DINTIO -DKEEP_INT_AROUND -DLIMIT_ARGS -DBUILD_RRTMG_FAST=0 -DBUILD_RRTMK=0 -DBUILD_SBM_FAST=1 -DSHOW_ALL_VARS_USED=0 -DCONFIG_BUF_LEN=65536 -DMAX_DOMAINS_F=21 -DMAX_HISTORY=25 -DNMM_NEST=0 -DWRF_CHEM -DBUILD_CHEM=1 -I. -traditional-cpp -DUSE_NETCDF4_FEATURES -DWRFIO_NCD_LARGE_FILE_SUPPORT   module_configure.F  > module_configure.bb
/lib/cpp -P -nostdinc -I/glade/derecho/scratch/yates/NEOM_WRF/wrfv4.6.0/inc -DEM_CORE=1 -DNMM_CORE=0 -DNMM_MAX_DIM=2600 -DDA_CORE=0 -DWRFPLUS=0 -DIWORDSIZE=4 -DDWORDSIZE=8 -DRWORDSIZE=4 -DLWORDSIZE=4 -DNONSTANDARD_SYSTEM_FUNC  -DWRF_USE_CLM -DUSE_NETCDF4_FEATURES -DWRFIO_NCD_LARGE_FILE_SUPPORT  -DDM_PARALLEL -DNETCDF -DLANDREAD_STUB=1 -DUSE_ALLOCATABLES -Dwrfmodel -DGRIB1 -DINTIO -DKEEP_INT_AROUND -DLIMIT_ARGS -DBUILD_RRTMG_FAST=0 -DBUILD_RRTMK=0 -DBUILD_SBM_FAST=1 -DSHOW_ALL_VARS_USED=0 -DCONFIG_BUF_LEN=65536 -DMAX_DOMAINS_F=21 -DMAX_HISTORY=25 -DNMM_NEST=0 -DWRF_CHEM -DBUILD_CHEM=1 -I. -traditional-cpp -DUSE_NETCDF4_FEATURES -DWRFIO_NCD_LARGE_FILE_SUPPORT   module_quilt_outbuf_ops.G  > module_quilt_outbuf_ops.bb
/glade/derecho/scratch/yates/NEOM_WRF/wrfv4.6.0/tools/standard.exe module_quilt_outbuf_ops.bb | /lib/cpp -P -nostdinc -traditional-cpp -DUSE_NETCDF4_FEATURES -DWRFIO_NCD_LARGE_FILE_SUPPORT > module_quilt_outbuf_ops.f90
rm -f module_quilt_outbuf_ops.G module_quilt_outbuf_ops.bb
time mpif90 -f90=ifort -o module_quilt_outbuf_ops.o -c -O3 -ip -fp-model precise -w -ftz -align all -fno-alias -FR -convert big_endian    -I../dyn_em  -I/glade/derecho/scratch/yates/NEOM_WRF/wrfv4.6.0/external/esmf_time_f90  -I/glade/derecho/scratch/yates/NEOM_WRF/wrfv4.6.0/main -I/glade/derecho/scratch/yates/NEOM_WRF/wrfv4.6.0/external/io_netcdf -I/glade/derecho/scratch/yates/NEOM_WRF/wrfv4.6.0/external/io_int -I/glade/derecho/scratch/yates/NEOM_WRF/wrfv4.6.0/frame -I/glade/derecho/scratch/yates/NEOM_WRF/wrfv4.6.0/share -I/glade/derecho/scratch/yates/NEOM_WRF/wrfv4.6.0/phys -I/glade/derecho/scratch/yates/NEOM_WRF/wrfv4.6.0/wrftladj -I/glade/derecho/scratch/yates/NEOM_WRF/wrfv4.6.0/chem -I/glade/derecho/scratch/yates/NEOM_WRF/wrfv4.6.0/inc -I/glade/u/apps/derecho/23.09/spack/opt/spack/netcdf/4.9.2/oneapi/2023.2.1/yzvj/include  -real-size `expr 8 \* 4` -i4  module_quilt_outbuf_ops.f90
/glade/derecho/scratch/yates/NEOM_WRF/wrfv4.6.0/tools/standard.exe module_configure.bb | /lib/cpp -P -nostdinc -traditional-cpp -DUSE_NETCDF4_FEATURES -DWRFIO_NCD_LARGE_FILE_SUPPORT > module_configure.f90
rm -f module_configure.b module_configure.bb
time mpif90 -f90=ifort -c -real-size `expr 8 \* 4` -i4  -O0 -fno-inline -no-ip -ip -fp-model precise -w -ftz -align all -fno-alias -FR -convert big_endian   -I../dyn_em  -I/glade/derecho/scratch/yates/NEOM_WRF/wrfv4.6.0/external/esmf_time_f90  -I/glade/derecho/scratch/yates/NEOM_WRF/wrfv4.6.0/main -I/glade/derecho/scratch/yates/NEOM_WRF/wrfv4.6.0/external/io_netcdf -I/glade/derecho/scratch/yates/NEOM_WRF/wrfv4.6.0/external/io_int -I/glade/derecho/scratch/yates/NEOM_WRF/wrfv4.6.0/frame -I/glade/derecho/scratch/yates/NEOM_WRF/wrfv4.6.0/share -I/glade/derecho/scratch/yates/NEOM_WRF/wrfv4.6.0/phys -I/glade/derecho/scratch/yates/NEOM_WRF/wrfv4.6.0/wrftladj -I/glade/derecho/scratch/yates/NEOM_WRF/wrfv4.6.0/chem -I/glade/derecho/scratch/yates/NEOM_WRF/wrfv4.6.0/inc -I/glade/u/apps/derecho/23.09/spack/opt/spack/netcdf/4.9.2/oneapi/2023.2.1/yzvj/include   module_configure.f90

real	0m2.260s
user	0m1.906s
sys	0m0.321s

real	0m50.736s
user	0m48.627s
sys	0m1.959s
rm -f module_alloc_space_0.o
rm -f module_alloc_space_1.o
/lib/cpp -P -nostdinc -I/glade/derecho/scratch/yates/NEOM_WRF/wrfv4.6.0/inc -DEM_CORE=1 -DNMM_CORE=0 -DNMM_MAX_DIM=2600 -DDA_CORE=0 -DWRFPLUS=0 -DIWORDSIZE=4 -DDWORDSIZE=8 -DRWORDSIZE=4 -DLWORDSIZE=4 -DNONSTANDARD_SYSTEM_FUNC  -DWRF_USE_CLM -DUSE_NETCDF4_FEATURES -DWRFIO_NCD_LARGE_FILE_SUPPORT  -DDM_PARALLEL -DNETCDF -DLANDREAD_STUB=1 -DUSE_ALLOCATABLES -Dwrfmodel -DGRIB1 -DINTIO -DKEEP_INT_AROUND -DLIMIT_ARGS -DBUILD_RRTMG_FAST=0 -DBUILD_RRTMK=0 -DBUILD_SBM_FAST=1 -DSHOW_ALL_VARS_USED=0 -DCONFIG_BUF_LEN=65536 -DMAX_DOMAINS_F=21 -DMAX_HISTORY=25 -DNMM_NEST=0 -DWRF_CHEM -DBUILD_CHEM=1 -I. -traditional-cpp -DUSE_NETCDF4_FEATURES -DWRFIO_NCD_LARGE_FILE_SUPPORT   module_alloc_space_0.F  > module_alloc_space_0.bb
/lib/cpp -P -nostdinc -I/glade/derecho/scratch/yates/NEOM_WRF/wrfv4.6.0/inc -DEM_CORE=1 -DNMM_CORE=0 -DNMM_MAX_DIM=2600 -DDA_CORE=0 -DWRFPLUS=0 -DIWORDSIZE=4 -DDWORDSIZE=8 -DRWORDSIZE=4 -DLWORDSIZE=4 -DNONSTANDARD_SYSTEM_FUNC  -DWRF_USE_CLM -DUSE_NETCDF4_FEATURES -DWRFIO_NCD_LARGE_FILE_SUPPORT  -DDM_PARALLEL -DNETCDF -DLANDREAD_STUB=1 -DUSE_ALLOCATABLES -Dwrfmodel -DGRIB1 -DINTIO -DKEEP_INT_AROUND -DLIMIT_ARGS -DBUILD_RRTMG_FAST=0 -DBUILD_RRTMK=0 -DBUILD_SBM_FAST=1 -DSHOW_ALL_VARS_USED=0 -DCONFIG_BUF_LEN=65536 -DMAX_DOMAINS_F=21 -DMAX_HISTORY=25 -DNMM_NEST=0 -DWRF_CHEM -DBUILD_CHEM=1 -I. -traditional-cpp -DUSE_NETCDF4_FEATURES -DWRFIO_NCD_LARGE_FILE_SUPPORT   module_alloc_space_1.F  > module_alloc_space_1.bb
/glade/derecho/scratch/yates/NEOM_WRF/wrfv4.6.0/tools/standard.exe module_alloc_space_1.bb | /lib/cpp -P -nostdinc -traditional-cpp -DUSE_NETCDF4_FEATURES -DWRFIO_NCD_LARGE_FILE_SUPPORT > module_alloc_space_1.f90
/glade/derecho/scratch/yates/NEOM_WRF/wrfv4.6.0/tools/standard.exe module_alloc_space_0.bb | /lib/cpp -P -nostdinc -traditional-cpp -DUSE_NETCDF4_FEATURES -DWRFIO_NCD_LARGE_FILE_SUPPORT > module_alloc_space_0.f90
rm -f module_alloc_space_1.b module_alloc_space_1.bb
rm -f module_alloc_space_0.b module_alloc_space_0.bb
time mpif90 -f90=ifort -c -real-size `expr 8 \* 4` -i4  -O0 -fno-inline -no-ip -ip -fp-model precise -w -ftz -align all -fno-alias -FR -convert big_endian   -I../dyn_em  -I/glade/derecho/scratch/yates/NEOM_WRF/wrfv4.6.0/external/esmf_time_f90  -I/glade/derecho/scratch/yates/NEOM_WRF/wrfv4.6.0/main -I/glade/derecho/scratch/yates/NEOM_WRF/wrfv4.6.0/external/io_netcdf -I/glade/derecho/scratch/yates/NEOM_WRF/wrfv4.6.0/external/io_int -I/glade/derecho/scratch/yates/NEOM_WRF/wrfv4.6.0/frame -I/glade/derecho/scratch/yates/NEOM_WRF/wrfv4.6.0/share -I/glade/derecho/scratch/yates/NEOM_WRF/wrfv4.6.0/phys -I/glade/derecho/scratch/yates/NEOM_WRF/wrfv4.6.0/wrftladj -I/glade/derecho/scratch/yates/NEOM_WRF/wrfv4.6.0/chem -I/glade/derecho/scratch/yates/NEOM_WRF/wrfv4.6.0/inc -I/glade/u/apps/derecho/23.09/spack/opt/spack/netcdf/4.9.2/oneapi/2023.2.1/yzvj/include   module_alloc_space_1.f90
time mpif90 -f90=ifort -c -real-size `expr 8 \* 4` -i4  -O0 -fno-inline -no-ip -ip -fp-model precise -w -ftz -align all -fno-alias -FR -convert big_endian   -I../dyn_em  -I/glade/derecho/scratch/yates/NEOM_WRF/wrfv4.6.0/external/esmf_time_f90  -I/glade/derecho/scratch/yates/NEOM_WRF/wrfv4.6.0/main -I/glade/derecho/scratch/yates/NEOM_WRF/wrfv4.6.0/external/io_netcdf -I/glade/derecho/scratch/yates/NEOM_WRF/wrfv4.6.0/external/io_int -I/glade/derecho/scratch/yates/NEOM_WRF/wrfv4.6.0/frame -I/glade/derecho/scratch/yates/NEOM_WRF/wrfv4.6.0/share -I/glade/derecho/scratch/yates/NEOM_WRF/wrfv4.6.0/phys -I/glade/derecho/scratch/yates/NEOM_WRF/wrfv4.6.0/wrftladj -I/glade/derecho/scratch/yates/NEOM_WRF/wrfv4.6.0/chem -I/glade/derecho/scratch/yates/NEOM_WRF/wrfv4.6.0/inc -I/glade/u/apps/derecho/23.09/spack/opt/spack/netcdf/4.9.2/oneapi/2023.2.1/yzvj/include   module_alloc_space_0.f90

real	1m3.412s
user	1m2.577s
sys	0m0.796s
rm -f module_alloc_space_2.o
/lib/cpp -P -nostdinc -I/glade/derecho/scratch/yates/NEOM_WRF/wrfv4.6.0/inc -DEM_CORE=1 -DNMM_CORE=0 -DNMM_MAX_DIM=2600 -DDA_CORE=0 -DWRFPLUS=0 -DIWORDSIZE=4 -DDWORDSIZE=8 -DRWORDSIZE=4 -DLWORDSIZE=4 -DNONSTANDARD_SYSTEM_FUNC  -DWRF_USE_CLM -DUSE_NETCDF4_FEATURES -DWRFIO_NCD_LARGE_FILE_SUPPORT  -DDM_PARALLEL -DNETCDF -DLANDREAD_STUB=1 -DUSE_ALLOCATABLES -Dwrfmodel -DGRIB1 -DINTIO -DKEEP_INT_AROUND -DLIMIT_ARGS -DBUILD_RRTMG_FAST=0 -DBUILD_RRTMK=0 -DBUILD_SBM_FAST=1 -DSHOW_ALL_VARS_USED=0 -DCONFIG_BUF_LEN=65536 -DMAX_DOMAINS_F=21 -DMAX_HISTORY=25 -DNMM_NEST=0 -DWRF_CHEM -DBUILD_CHEM=1 -I. -traditional-cpp -DUSE_NETCDF4_FEATURES -DWRFIO_NCD_LARGE_FILE_SUPPORT   module_alloc_space_2.F  > module_alloc_space_2.bb
/glade/derecho/scratch/yates/NEOM_WRF/wrfv4.6.0/tools/standard.exe module_alloc_space_2.bb | /lib/cpp -P -nostdinc -traditional-cpp -DUSE_NETCDF4_FEATURES -DWRFIO_NCD_LARGE_FILE_SUPPORT > module_alloc_space_2.f90
rm -f module_alloc_space_2.b module_alloc_space_2.bb
time mpif90 -f90=ifort -c -real-size `expr 8 \* 4` -i4  -O0 -fno-inline -no-ip -ip -fp-model precise -w -ftz -align all -fno-alias -FR -convert big_endian   -I../dyn_em  -I/glade/derecho/scratch/yates/NEOM_WRF/wrfv4.6.0/external/esmf_time_f90  -I/glade/derecho/scratch/yates/NEOM_WRF/wrfv4.6.0/main -I/glade/derecho/scratch/yates/NEOM_WRF/wrfv4.6.0/external/io_netcdf -I/glade/derecho/scratch/yates/NEOM_WRF/wrfv4.6.0/external/io_int -I/glade/derecho/scratch/yates/NEOM_WRF/wrfv4.6.0/frame -I/glade/derecho/scratch/yates/NEOM_WRF/wrfv4.6.0/share -I/glade/derecho/scratch/yates/NEOM_WRF/wrfv4.6.0/phys -I/glade/derecho/scratch/yates/NEOM_WRF/wrfv4.6.0/wrftladj -I/glade/derecho/scratch/yates/NEOM_WRF/wrfv4.6.0/chem -I/glade/derecho/scratch/yates/NEOM_WRF/wrfv4.6.0/inc -I/glade/u/apps/derecho/23.09/spack/opt/spack/netcdf/4.9.2/oneapi/2023.2.1/yzvj/include   module_alloc_space_2.f90

real	1m11.132s
user	1m10.209s
sys	0m0.849s
rm -f module_alloc_space_3.o
/lib/cpp -P -nostdinc -I/glade/derecho/scratch/yates/NEOM_WRF/wrfv4.6.0/inc -DEM_CORE=1 -DNMM_CORE=0 -DNMM_MAX_DIM=2600 -DDA_CORE=0 -DWRFPLUS=0 -DIWORDSIZE=4 -DDWORDSIZE=8 -DRWORDSIZE=4 -DLWORDSIZE=4 -DNONSTANDARD_SYSTEM_FUNC  -DWRF_USE_CLM -DUSE_NETCDF4_FEATURES -DWRFIO_NCD_LARGE_FILE_SUPPORT  -DDM_PARALLEL -DNETCDF -DLANDREAD_STUB=1 -DUSE_ALLOCATABLES -Dwrfmodel -DGRIB1 -DINTIO -DKEEP_INT_AROUND -DLIMIT_ARGS -DBUILD_RRTMG_FAST=0 -DBUILD_RRTMK=0 -DBUILD_SBM_FAST=1 -DSHOW_ALL_VARS_USED=0 -DCONFIG_BUF_LEN=65536 -DMAX_DOMAINS_F=21 -DMAX_HISTORY=25 -DNMM_NEST=0 -DWRF_CHEM -DBUILD_CHEM=1 -I. -traditional-cpp -DUSE_NETCDF4_FEATURES -DWRFIO_NCD_LARGE_FILE_SUPPORT   module_alloc_space_3.F  > module_alloc_space_3.bb
/glade/derecho/scratch/yates/NEOM_WRF/wrfv4.6.0/tools/standard.exe module_alloc_space_3.bb | /lib/cpp -P -nostdinc -traditional-cpp -DUSE_NETCDF4_FEATURES -DWRFIO_NCD_LARGE_FILE_SUPPORT > module_alloc_space_3.f90
rm -f module_alloc_space_3.b module_alloc_space_3.bb
time mpif90 -f90=ifort -c -real-size `expr 8 \* 4` -i4  -O0 -fno-inline -no-ip -ip -fp-model precise -w -ftz -align all -fno-alias -FR -convert big_endian   -I../dyn_em  -I/glade/derecho/scratch/yates/NEOM_WRF/wrfv4.6.0/external/esmf_time_f90  -I/glade/derecho/scratch/yates/NEOM_WRF/wrfv4.6.0/main -I/glade/derecho/scratch/yates/NEOM_WRF/wrfv4.6.0/external/io_netcdf -I/glade/derecho/scratch/yates/NEOM_WRF/wrfv4.6.0/external/io_int -I/glade/derecho/scratch/yates/NEOM_WRF/wrfv4.6.0/frame -I/glade/derecho/scratch/yates/NEOM_WRF/wrfv4.6.0/share -I/glade/derecho/scratch/yates/NEOM_WRF/wrfv4.6.0/phys -I/glade/derecho/scratch/yates/NEOM_WRF/wrfv4.6.0/wrftladj -I/glade/derecho/scratch/yates/NEOM_WRF/wrfv4.6.0/chem -I/glade/derecho/scratch/yates/NEOM_WRF/wrfv4.6.0/inc -I/glade/u/apps/derecho/23.09/spack/opt/spack/netcdf/4.9.2/oneapi/2023.2.1/yzvj/include   module_alloc_space_3.f90

real	0m18.254s
user	0m17.800s
sys	0m0.418s
rm -f module_alloc_space_4.o
/lib/cpp -P -nostdinc -I/glade/derecho/scratch/yates/NEOM_WRF/wrfv4.6.0/inc -DEM_CORE=1 -DNMM_CORE=0 -DNMM_MAX_DIM=2600 -DDA_CORE=0 -DWRFPLUS=0 -DIWORDSIZE=4 -DDWORDSIZE=8 -DRWORDSIZE=4 -DLWORDSIZE=4 -DNONSTANDARD_SYSTEM_FUNC  -DWRF_USE_CLM -DUSE_NETCDF4_FEATURES -DWRFIO_NCD_LARGE_FILE_SUPPORT  -DDM_PARALLEL -DNETCDF -DLANDREAD_STUB=1 -DUSE_ALLOCATABLES -Dwrfmodel -DGRIB1 -DINTIO -DKEEP_INT_AROUND -DLIMIT_ARGS -DBUILD_RRTMG_FAST=0 -DBUILD_RRTMK=0 -DBUILD_SBM_FAST=1 -DSHOW_ALL_VARS_USED=0 -DCONFIG_BUF_LEN=65536 -DMAX_DOMAINS_F=21 -DMAX_HISTORY=25 -DNMM_NEST=0 -DWRF_CHEM -DBUILD_CHEM=1 -I. -traditional-cpp -DUSE_NETCDF4_FEATURES -DWRFIO_NCD_LARGE_FILE_SUPPORT   module_alloc_space_4.F  > module_alloc_space_4.bb
/glade/derecho/scratch/yates/NEOM_WRF/wrfv4.6.0/tools/standard.exe module_alloc_space_4.bb | /lib/cpp -P -nostdinc -traditional-cpp -DUSE_NETCDF4_FEATURES -DWRFIO_NCD_LARGE_FILE_SUPPORT > module_alloc_space_4.f90
rm -f module_alloc_space_4.b module_alloc_space_4.bb
time mpif90 -f90=ifort -c -real-size `expr 8 \* 4` -i4  -O0 -fno-inline -no-ip -ip -fp-model precise -w -ftz -align all -fno-alias -FR -convert big_endian   -I../dyn_em  -I/glade/derecho/scratch/yates/NEOM_WRF/wrfv4.6.0/external/esmf_time_f90  -I/glade/derecho/scratch/yates/NEOM_WRF/wrfv4.6.0/main -I/glade/derecho/scratch/yates/NEOM_WRF/wrfv4.6.0/external/io_netcdf -I/glade/derecho/scratch/yates/NEOM_WRF/wrfv4.6.0/external/io_int -I/glade/derecho/scratch/yates/NEOM_WRF/wrfv4.6.0/frame -I/glade/derecho/scratch/yates/NEOM_WRF/wrfv4.6.0/share -I/glade/derecho/scratch/yates/NEOM_WRF/wrfv4.6.0/phys -I/glade/derecho/scratch/yates/NEOM_WRF/wrfv4.6.0/wrftladj -I/glade/derecho/scratch/yates/NEOM_WRF/wrfv4.6.0/chem -I/glade/derecho/scratch/yates/NEOM_WRF/wrfv4.6.0/inc -I/glade/u/apps/derecho/23.09/spack/opt/spack/netcdf/4.9.2/oneapi/2023.2.1/yzvj/include   module_alloc_space_4.f90

real	0m8.487s
user	0m8.060s
sys	0m0.396s
rm -f module_alloc_space_5.o
/lib/cpp -P -nostdinc -I/glade/derecho/scratch/yates/NEOM_WRF/wrfv4.6.0/inc -DEM_CORE=1 -DNMM_CORE=0 -DNMM_MAX_DIM=2600 -DDA_CORE=0 -DWRFPLUS=0 -DIWORDSIZE=4 -DDWORDSIZE=8 -DRWORDSIZE=4 -DLWORDSIZE=4 -DNONSTANDARD_SYSTEM_FUNC  -DWRF_USE_CLM -DUSE_NETCDF4_FEATURES -DWRFIO_NCD_LARGE_FILE_SUPPORT  -DDM_PARALLEL -DNETCDF -DLANDREAD_STUB=1 -DUSE_ALLOCATABLES -Dwrfmodel -DGRIB1 -DINTIO -DKEEP_INT_AROUND -DLIMIT_ARGS -DBUILD_RRTMG_FAST=0 -DBUILD_RRTMK=0 -DBUILD_SBM_FAST=1 -DSHOW_ALL_VARS_USED=0 -DCONFIG_BUF_LEN=65536 -DMAX_DOMAINS_F=21 -DMAX_HISTORY=25 -DNMM_NEST=0 -DWRF_CHEM -DBUILD_CHEM=1 -I. -traditional-cpp -DUSE_NETCDF4_FEATURES -DWRFIO_NCD_LARGE_FILE_SUPPORT   module_alloc_space_5.F  > module_alloc_space_5.bb
/glade/derecho/scratch/yates/NEOM_WRF/wrfv4.6.0/tools/standard.exe module_alloc_space_5.bb | /lib/cpp -P -nostdinc -traditional-cpp -DUSE_NETCDF4_FEATURES -DWRFIO_NCD_LARGE_FILE_SUPPORT > module_alloc_space_5.f90
rm -f module_alloc_space_5.b module_alloc_space_5.bb
time mpif90 -f90=ifort -c -real-size `expr 8 \* 4` -i4  -O0 -fno-inline -no-ip -ip -fp-model precise -w -ftz -align all -fno-alias -FR -convert big_endian   -I../dyn_em  -I/glade/derecho/scratch/yates/NEOM_WRF/wrfv4.6.0/external/esmf_time_f90  -I/glade/derecho/scratch/yates/NEOM_WRF/wrfv4.6.0/main -I/glade/derecho/scratch/yates/NEOM_WRF/wrfv4.6.0/external/io_netcdf -I/glade/derecho/scratch/yates/NEOM_WRF/wrfv4.6.0/external/io_int -I/glade/derecho/scratch/yates/NEOM_WRF/wrfv4.6.0/frame -I/glade/derecho/scratch/yates/NEOM_WRF/wrfv4.6.0/share -I/glade/derecho/scratch/yates/NEOM_WRF/wrfv4.6.0/phys -I/glade/derecho/scratch/yates/NEOM_WRF/wrfv4.6.0/wrftladj -I/glade/derecho/scratch/yates/NEOM_WRF/wrfv4.6.0/chem -I/glade/derecho/scratch/yates/NEOM_WRF/wrfv4.6.0/inc -I/glade/u/apps/derecho/23.09/spack/opt/spack/netcdf/4.9.2/oneapi/2023.2.1/yzvj/include   module_alloc_space_5.f90

real	0m2.125s
user	0m1.809s
sys	0m0.285s
rm -f module_alloc_space_6.o
/lib/cpp -P -nostdinc -I/glade/derecho/scratch/yates/NEOM_WRF/wrfv4.6.0/inc -DEM_CORE=1 -DNMM_CORE=0 -DNMM_MAX_DIM=2600 -DDA_CORE=0 -DWRFPLUS=0 -DIWORDSIZE=4 -DDWORDSIZE=8 -DRWORDSIZE=4 -DLWORDSIZE=4 -DNONSTANDARD_SYSTEM_FUNC  -DWRF_USE_CLM -DUSE_NETCDF4_FEATURES -DWRFIO_NCD_LARGE_FILE_SUPPORT  -DDM_PARALLEL -DNETCDF -DLANDREAD_STUB=1 -DUSE_ALLOCATABLES -Dwrfmodel -DGRIB1 -DINTIO -DKEEP_INT_AROUND -DLIMIT_ARGS -DBUILD_RRTMG_FAST=0 -DBUILD_RRTMK=0 -DBUILD_SBM_FAST=1 -DSHOW_ALL_VARS_USED=0 -DCONFIG_BUF_LEN=65536 -DMAX_DOMAINS_F=21 -DMAX_HISTORY=25 -DNMM_NEST=0 -DWRF_CHEM -DBUILD_CHEM=1 -I. -traditional-cpp -DUSE_NETCDF4_FEATURES -DWRFIO_NCD_LARGE_FILE_SUPPORT   module_alloc_space_6.F  > module_alloc_space_6.bb
/glade/derecho/scratch/yates/NEOM_WRF/wrfv4.6.0/tools/standard.exe module_alloc_space_6.bb | /lib/cpp -P -nostdinc -traditional-cpp -DUSE_NETCDF4_FEATURES -DWRFIO_NCD_LARGE_FILE_SUPPORT > module_alloc_space_6.f90
rm -f module_alloc_space_6.b module_alloc_space_6.bb
time mpif90 -f90=ifort -c -real-size `expr 8 \* 4` -i4  -O0 -fno-inline -no-ip -ip -fp-model precise -w -ftz -align all -fno-alias -FR -convert big_endian   -I../dyn_em  -I/glade/derecho/scratch/yates/NEOM_WRF/wrfv4.6.0/external/esmf_time_f90  -I/glade/derecho/scratch/yates/NEOM_WRF/wrfv4.6.0/main -I/glade/derecho/scratch/yates/NEOM_WRF/wrfv4.6.0/external/io_netcdf -I/glade/derecho/scratch/yates/NEOM_WRF/wrfv4.6.0/external/io_int -I/glade/derecho/scratch/yates/NEOM_WRF/wrfv4.6.0/frame -I/glade/derecho/scratch/yates/NEOM_WRF/wrfv4.6.0/share -I/glade/derecho/scratch/yates/NEOM_WRF/wrfv4.6.0/phys -I/glade/derecho/scratch/yates/NEOM_WRF/wrfv4.6.0/wrftladj -I/glade/derecho/scratch/yates/NEOM_WRF/wrfv4.6.0/chem -I/glade/derecho/scratch/yates/NEOM_WRF/wrfv4.6.0/inc -I/glade/u/apps/derecho/23.09/spack/opt/spack/netcdf/4.9.2/oneapi/2023.2.1/yzvj/include   module_alloc_space_6.f90

real	1m13.834s
user	1m12.886s
sys	0m0.890s
rm -f module_alloc_space_7.o
/lib/cpp -P -nostdinc -I/glade/derecho/scratch/yates/NEOM_WRF/wrfv4.6.0/inc -DEM_CORE=1 -DNMM_CORE=0 -DNMM_MAX_DIM=2600 -DDA_CORE=0 -DWRFPLUS=0 -DIWORDSIZE=4 -DDWORDSIZE=8 -DRWORDSIZE=4 -DLWORDSIZE=4 -DNONSTANDARD_SYSTEM_FUNC  -DWRF_USE_CLM -DUSE_NETCDF4_FEATURES -DWRFIO_NCD_LARGE_FILE_SUPPORT  -DDM_PARALLEL -DNETCDF -DLANDREAD_STUB=1 -DUSE_ALLOCATABLES -Dwrfmodel -DGRIB1 -DINTIO -DKEEP_INT_AROUND -DLIMIT_ARGS -DBUILD_RRTMG_FAST=0 -DBUILD_RRTMK=0 -DBUILD_SBM_FAST=1 -DSHOW_ALL_VARS_USED=0 -DCONFIG_BUF_LEN=65536 -DMAX_DOMAINS_F=21 -DMAX_HISTORY=25 -DNMM_NEST=0 -DWRF_CHEM -DBUILD_CHEM=1 -I. -traditional-cpp -DUSE_NETCDF4_FEATURES -DWRFIO_NCD_LARGE_FILE_SUPPORT   module_alloc_space_7.F  > module_alloc_space_7.bb
/glade/derecho/scratch/yates/NEOM_WRF/wrfv4.6.0/tools/standard.exe module_alloc_space_7.bb | /lib/cpp -P -nostdinc -traditional-cpp -DUSE_NETCDF4_FEATURES -DWRFIO_NCD_LARGE_FILE_SUPPORT > module_alloc_space_7.f90
rm -f module_alloc_space_7.b module_alloc_space_7.bb
time mpif90 -f90=ifort -c -real-size `expr 8 \* 4` -i4  -O0 -fno-inline -no-ip -ip -fp-model precise -w -ftz -align all -fno-alias -FR -convert big_endian   -I../dyn_em  -I/glade/derecho/scratch/yates/NEOM_WRF/wrfv4.6.0/external/esmf_time_f90  -I/glade/derecho/scratch/yates/NEOM_WRF/wrfv4.6.0/main -I/glade/derecho/scratch/yates/NEOM_WRF/wrfv4.6.0/external/io_netcdf -I/glade/derecho/scratch/yates/NEOM_WRF/wrfv4.6.0/external/io_int -I/glade/derecho/scratch/yates/NEOM_WRF/wrfv4.6.0/frame -I/glade/derecho/scratch/yates/NEOM_WRF/wrfv4.6.0/share -I/glade/derecho/scratch/yates/NEOM_WRF/wrfv4.6.0/phys -I/glade/derecho/scratch/yates/NEOM_WRF/wrfv4.6.0/wrftladj -I/glade/derecho/scratch/yates/NEOM_WRF/wrfv4.6.0/chem -I/glade/derecho/scratch/yates/NEOM_WRF/wrfv4.6.0/inc -I/glade/u/apps/derecho/23.09/spack/opt/spack/netcdf/4.9.2/oneapi/2023.2.1/yzvj/include   module_alloc_space_7.f90

real	0m48.189s
user	0m47.440s
sys	0m0.693s
rm -f module_alloc_space_8.o
/lib/cpp -P -nostdinc -I/glade/derecho/scratch/yates/NEOM_WRF/wrfv4.6.0/inc -DEM_CORE=1 -DNMM_CORE=0 -DNMM_MAX_DIM=2600 -DDA_CORE=0 -DWRFPLUS=0 -DIWORDSIZE=4 -DDWORDSIZE=8 -DRWORDSIZE=4 -DLWORDSIZE=4 -DNONSTANDARD_SYSTEM_FUNC  -DWRF_USE_CLM -DUSE_NETCDF4_FEATURES -DWRFIO_NCD_LARGE_FILE_SUPPORT  -DDM_PARALLEL -DNETCDF -DLANDREAD_STUB=1 -DUSE_ALLOCATABLES -Dwrfmodel -DGRIB1 -DINTIO -DKEEP_INT_AROUND -DLIMIT_ARGS -DBUILD_RRTMG_FAST=0 -DBUILD_RRTMK=0 -DBUILD_SBM_FAST=1 -DSHOW_ALL_VARS_USED=0 -DCONFIG_BUF_LEN=65536 -DMAX_DOMAINS_F=21 -DMAX_HISTORY=25 -DNMM_NEST=0 -DWRF_CHEM -DBUILD_CHEM=1 -I. -traditional-cpp -DUSE_NETCDF4_FEATURES -DWRFIO_NCD_LARGE_FILE_SUPPORT   module_alloc_space_8.F  > module_alloc_space_8.bb
/glade/derecho/scratch/yates/NEOM_WRF/wrfv4.6.0/tools/standard.exe module_alloc_space_8.bb | /lib/cpp -P -nostdinc -traditional-cpp -DUSE_NETCDF4_FEATURES -DWRFIO_NCD_LARGE_FILE_SUPPORT > module_alloc_space_8.f90
rm -f module_alloc_space_8.b module_alloc_space_8.bb
time mpif90 -f90=ifort -c -real-size `expr 8 \* 4` -i4  -O0 -fno-inline -no-ip -ip -fp-model precise -w -ftz -align all -fno-alias -FR -convert big_endian   -I../dyn_em  -I/glade/derecho/scratch/yates/NEOM_WRF/wrfv4.6.0/external/esmf_time_f90  -I/glade/derecho/scratch/yates/NEOM_WRF/wrfv4.6.0/main -I/glade/derecho/scratch/yates/NEOM_WRF/wrfv4.6.0/external/io_netcdf -I/glade/derecho/scratch/yates/NEOM_WRF/wrfv4.6.0/external/io_int -I/glade/derecho/scratch/yates/NEOM_WRF/wrfv4.6.0/frame -I/glade/derecho/scratch/yates/NEOM_WRF/wrfv4.6.0/share -I/glade/derecho/scratch/yates/NEOM_WRF/wrfv4.6.0/phys -I/glade/derecho/scratch/yates/NEOM_WRF/wrfv4.6.0/wrftladj -I/glade/derecho/scratch/yates/NEOM_WRF/wrfv4.6.0/chem -I/glade/derecho/scratch/yates/NEOM_WRF/wrfv4.6.0/inc -I/glade/u/apps/derecho/23.09/spack/opt/spack/netcdf/4.9.2/oneapi/2023.2.1/yzvj/include   module_alloc_space_8.f90

real	0m0.728s
user	0m0.429s
sys	0m0.274s
rm -f module_alloc_space_9.o
/lib/cpp -P -nostdinc -I/glade/derecho/scratch/yates/NEOM_WRF/wrfv4.6.0/inc -DEM_CORE=1 -DNMM_CORE=0 -DNMM_MAX_DIM=2600 -DDA_CORE=0 -DWRFPLUS=0 -DIWORDSIZE=4 -DDWORDSIZE=8 -DRWORDSIZE=4 -DLWORDSIZE=4 -DNONSTANDARD_SYSTEM_FUNC  -DWRF_USE_CLM -DUSE_NETCDF4_FEATURES -DWRFIO_NCD_LARGE_FILE_SUPPORT  -DDM_PARALLEL -DNETCDF -DLANDREAD_STUB=1 -DUSE_ALLOCATABLES -Dwrfmodel -DGRIB1 -DINTIO -DKEEP_INT_AROUND -DLIMIT_ARGS -DBUILD_RRTMG_FAST=0 -DBUILD_RRTMK=0 -DBUILD_SBM_FAST=1 -DSHOW_ALL_VARS_USED=0 -DCONFIG_BUF_LEN=65536 -DMAX_DOMAINS_F=21 -DMAX_HISTORY=25 -DNMM_NEST=0 -DWRF_CHEM -DBUILD_CHEM=1 -I. -traditional-cpp -DUSE_NETCDF4_FEATURES -DWRFIO_NCD_LARGE_FILE_SUPPORT   module_alloc_space_9.F  > module_alloc_space_9.bb
/glade/derecho/scratch/yates/NEOM_WRF/wrfv4.6.0/tools/standard.exe module_alloc_space_9.bb | /lib/cpp -P -nostdinc -traditional-cpp -DUSE_NETCDF4_FEATURES -DWRFIO_NCD_LARGE_FILE_SUPPORT > module_alloc_space_9.f90
rm -f module_alloc_space_9.b module_alloc_space_9.bb
time mpif90 -f90=ifort -c -real-size `expr 8 \* 4` -i4  -O0 -fno-inline -no-ip -ip -fp-model precise -w -ftz -align all -fno-alias -FR -convert big_endian   -I../dyn_em  -I/glade/derecho/scratch/yates/NEOM_WRF/wrfv4.6.0/external/esmf_time_f90  -I/glade/derecho/scratch/yates/NEOM_WRF/wrfv4.6.0/main -I/glade/derecho/scratch/yates/NEOM_WRF/wrfv4.6.0/external/io_netcdf -I/glade/derecho/scratch/yates/NEOM_WRF/wrfv4.6.0/external/io_int -I/glade/derecho/scratch/yates/NEOM_WRF/wrfv4.6.0/frame -I/glade/derecho/scratch/yates/NEOM_WRF/wrfv4.6.0/share -I/glade/derecho/scratch/yates/NEOM_WRF/wrfv4.6.0/phys -I/glade/derecho/scratch/yates/NEOM_WRF/wrfv4.6.0/wrftladj -I/glade/derecho/scratch/yates/NEOM_WRF/wrfv4.6.0/chem -I/glade/derecho/scratch/yates/NEOM_WRF/wrfv4.6.0/inc -I/glade/u/apps/derecho/23.09/spack/opt/spack/netcdf/4.9.2/oneapi/2023.2.1/yzvj/include   module_alloc_space_9.f90

real	0m0.731s
user	0m0.417s
sys	0m0.286s
/lib/cpp -P -nostdinc -DNNN=0 -I../inc -DNL_get_ROUTINES nl_access_routines.F > yy0.f90
time mpif90 -f90=ifort -o nl_get_0_routines.o -c -real-size `expr 8 \* 4` -i4 -O0 -fno-inline -no-ip -ip -fp-model precise -w -ftz -align all -fno-alias -FR -convert big_endian  -I../dyn_em  -I/glade/derecho/scratch/yates/NEOM_WRF/wrfv4.6.0/external/esmf_time_f90  -I/glade/derecho/scratch/yates/NEOM_WRF/wrfv4.6.0/main -I/glade/derecho/scratch/yates/NEOM_WRF/wrfv4.6.0/external/io_netcdf -I/glade/derecho/scratch/yates/NEOM_WRF/wrfv4.6.0/external/io_int -I/glade/derecho/scratch/yates/NEOM_WRF/wrfv4.6.0/frame -I/glade/derecho/scratch/yates/NEOM_WRF/wrfv4.6.0/share -I/glade/derecho/scratch/yates/NEOM_WRF/wrfv4.6.0/phys -I/glade/derecho/scratch/yates/NEOM_WRF/wrfv4.6.0/wrftladj -I/glade/derecho/scratch/yates/NEOM_WRF/wrfv4.6.0/chem -I/glade/derecho/scratch/yates/NEOM_WRF/wrfv4.6.0/inc -I/glade/u/apps/derecho/23.09/spack/opt/spack/netcdf/4.9.2/oneapi/2023.2.1/yzvj/include   yy0.f90

real	0m10.440s
user	0m7.210s
sys	0m3.175s
/lib/cpp -P -nostdinc -DNNN=1 -I../inc -DNL_get_ROUTINES nl_access_routines.F > yy1.f90
time mpif90 -f90=ifort -o nl_get_1_routines.o -c -real-size `expr 8 \* 4` -i4 -O0 -fno-inline -no-ip -ip -fp-model precise -w -ftz -align all -fno-alias -FR -convert big_endian  -I../dyn_em  -I/glade/derecho/scratch/yates/NEOM_WRF/wrfv4.6.0/external/esmf_time_f90  -I/glade/derecho/scratch/yates/NEOM_WRF/wrfv4.6.0/main -I/glade/derecho/scratch/yates/NEOM_WRF/wrfv4.6.0/external/io_netcdf -I/glade/derecho/scratch/yates/NEOM_WRF/wrfv4.6.0/external/io_int -I/glade/derecho/scratch/yates/NEOM_WRF/wrfv4.6.0/frame -I/glade/derecho/scratch/yates/NEOM_WRF/wrfv4.6.0/share -I/glade/derecho/scratch/yates/NEOM_WRF/wrfv4.6.0/phys -I/glade/derecho/scratch/yates/NEOM_WRF/wrfv4.6.0/wrftladj -I/glade/derecho/scratch/yates/NEOM_WRF/wrfv4.6.0/chem -I/glade/derecho/scratch/yates/NEOM_WRF/wrfv4.6.0/inc -I/glade/u/apps/derecho/23.09/spack/opt/spack/netcdf/4.9.2/oneapi/2023.2.1/yzvj/include   yy1.f90

real	0m10.891s
user	0m7.140s
sys	0m3.250s
/lib/cpp -P -nostdinc -DNNN=2 -I../inc -DNL_get_ROUTINES nl_access_routines.F > yy2.f90
time mpif90 -f90=ifort -o nl_get_2_routines.o -c -real-size `expr 8 \* 4` -i4 -O0 -fno-inline -no-ip -ip -fp-model precise -w -ftz -align all -fno-alias -FR -convert big_endian  -I../dyn_em  -I/glade/derecho/scratch/yates/NEOM_WRF/wrfv4.6.0/external/esmf_time_f90  -I/glade/derecho/scratch/yates/NEOM_WRF/wrfv4.6.0/main -I/glade/derecho/scratch/yates/NEOM_WRF/wrfv4.6.0/external/io_netcdf -I/glade/derecho/scratch/yates/NEOM_WRF/wrfv4.6.0/external/io_int -I/glade/derecho/scratch/yates/NEOM_WRF/wrfv4.6.0/frame -I/glade/derecho/scratch/yates/NEOM_WRF/wrfv4.6.0/share -I/glade/derecho/scratch/yates/NEOM_WRF/wrfv4.6.0/phys -I/glade/derecho/scratch/yates/NEOM_WRF/wrfv4.6.0/wrftladj -I/glade/derecho/scratch/yates/NEOM_WRF/wrfv4.6.0/chem -I/glade/derecho/scratch/yates/NEOM_WRF/wrfv4.6.0/inc -I/glade/u/apps/derecho/23.09/spack/opt/spack/netcdf/4.9.2/oneapi/2023.2.1/yzvj/include   yy2.f90

real	0m10.541s
user	0m7.375s
sys	0m3.105s
/lib/cpp -P -nostdinc -DNNN=3 -I../inc -DNL_get_ROUTINES nl_access_routines.F > yy3.f90
time mpif90 -f90=ifort -o nl_get_3_routines.o -c -real-size `expr 8 \* 4` -i4 -O0 -fno-inline -no-ip -ip -fp-model precise -w -ftz -align all -fno-alias -FR -convert big_endian  -I../dyn_em  -I/glade/derecho/scratch/yates/NEOM_WRF/wrfv4.6.0/external/esmf_time_f90  -I/glade/derecho/scratch/yates/NEOM_WRF/wrfv4.6.0/main -I/glade/derecho/scratch/yates/NEOM_WRF/wrfv4.6.0/external/io_netcdf -I/glade/derecho/scratch/yates/NEOM_WRF/wrfv4.6.0/external/io_int -I/glade/derecho/scratch/yates/NEOM_WRF/wrfv4.6.0/frame -I/glade/derecho/scratch/yates/NEOM_WRF/wrfv4.6.0/share -I/glade/derecho/scratch/yates/NEOM_WRF/wrfv4.6.0/phys -I/glade/derecho/scratch/yates/NEOM_WRF/wrfv4.6.0/wrftladj -I/glade/derecho/scratch/yates/NEOM_WRF/wrfv4.6.0/chem -I/glade/derecho/scratch/yates/NEOM_WRF/wrfv4.6.0/inc -I/glade/u/apps/derecho/23.09/spack/opt/spack/netcdf/4.9.2/oneapi/2023.2.1/yzvj/include   yy3.f90

real	0m10.665s
user	0m7.459s
sys	0m3.134s
/lib/cpp -P -nostdinc -DNNN=4 -I../inc -DNL_get_ROUTINES nl_access_routines.F > yy4.f90
time mpif90 -f90=ifort -o nl_get_4_routines.o -c -real-size `expr 8 \* 4` -i4 -O0 -fno-inline -no-ip -ip -fp-model precise -w -ftz -align all -fno-alias -FR -convert big_endian  -I../dyn_em  -I/glade/derecho/scratch/yates/NEOM_WRF/wrfv4.6.0/external/esmf_time_f90  -I/glade/derecho/scratch/yates/NEOM_WRF/wrfv4.6.0/main -I/glade/derecho/scratch/yates/NEOM_WRF/wrfv4.6.0/external/io_netcdf -I/glade/derecho/scratch/yates/NEOM_WRF/wrfv4.6.0/external/io_int -I/glade/derecho/scratch/yates/NEOM_WRF/wrfv4.6.0/frame -I/glade/derecho/scratch/yates/NEOM_WRF/wrfv4.6.0/share -I/glade/derecho/scratch/yates/NEOM_WRF/wrfv4.6.0/phys -I/glade/derecho/scratch/yates/NEOM_WRF/wrfv4.6.0/wrftladj -I/glade/derecho/scratch/yates/NEOM_WRF/wrfv4.6.0/chem -I/glade/derecho/scratch/yates/NEOM_WRF/wrfv4.6.0/inc -I/glade/u/apps/derecho/23.09/spack/opt/spack/netcdf/4.9.2/oneapi/2023.2.1/yzvj/include   yy4.f90

real	0m10.675s
user	0m7.396s
sys	0m3.232s
/lib/cpp -P -nostdinc -DNNN=5 -I../inc -DNL_get_ROUTINES nl_access_routines.F > yy5.f90
time mpif90 -f90=ifort -o nl_get_5_routines.o -c -real-size `expr 8 \* 4` -i4 -O0 -fno-inline -no-ip -ip -fp-model precise -w -ftz -align all -fno-alias -FR -convert big_endian  -I../dyn_em  -I/glade/derecho/scratch/yates/NEOM_WRF/wrfv4.6.0/external/esmf_time_f90  -I/glade/derecho/scratch/yates/NEOM_WRF/wrfv4.6.0/main -I/glade/derecho/scratch/yates/NEOM_WRF/wrfv4.6.0/external/io_netcdf -I/glade/derecho/scratch/yates/NEOM_WRF/wrfv4.6.0/external/io_int -I/glade/derecho/scratch/yates/NEOM_WRF/wrfv4.6.0/frame -I/glade/derecho/scratch/yates/NEOM_WRF/wrfv4.6.0/share -I/glade/derecho/scratch/yates/NEOM_WRF/wrfv4.6.0/phys -I/glade/derecho/scratch/yates/NEOM_WRF/wrfv4.6.0/wrftladj -I/glade/derecho/scratch/yates/NEOM_WRF/wrfv4.6.0/chem -I/glade/derecho/scratch/yates/NEOM_WRF/wrfv4.6.0/inc -I/glade/u/apps/derecho/23.09/spack/opt/spack/netcdf/4.9.2/oneapi/2023.2.1/yzvj/include   yy5.f90

real	1m14.625s
user	1m13.002s
sys	0m0.917s
/lib/cpp -P -nostdinc -DNNN=6 -I../inc -DNL_get_ROUTINES nl_access_routines.F > yy6.f90
time mpif90 -f90=ifort -o nl_get_6_routines.o -c -real-size `expr 8 \* 4` -i4 -O0 -fno-inline -no-ip -ip -fp-model precise -w -ftz -align all -fno-alias -FR -convert big_endian  -I../dyn_em  -I/glade/derecho/scratch/yates/NEOM_WRF/wrfv4.6.0/external/esmf_time_f90  -I/glade/derecho/scratch/yates/NEOM_WRF/wrfv4.6.0/main -I/glade/derecho/scratch/yates/NEOM_WRF/wrfv4.6.0/external/io_netcdf -I/glade/derecho/scratch/yates/NEOM_WRF/wrfv4.6.0/external/io_int -I/glade/derecho/scratch/yates/NEOM_WRF/wrfv4.6.0/frame -I/glade/derecho/scratch/yates/NEOM_WRF/wrfv4.6.0/share -I/glade/derecho/scratch/yates/NEOM_WRF/wrfv4.6.0/phys -I/glade/derecho/scratch/yates/NEOM_WRF/wrfv4.6.0/wrftladj -I/glade/derecho/scratch/yates/NEOM_WRF/wrfv4.6.0/chem -I/glade/derecho/scratch/yates/NEOM_WRF/wrfv4.6.0/inc -I/glade/u/apps/derecho/23.09/spack/opt/spack/netcdf/4.9.2/oneapi/2023.2.1/yzvj/include   yy6.f90

real	0m11.460s
user	0m8.079s
sys	0m3.351s
/lib/cpp -P -nostdinc -DNNN=7 -I../inc -DNL_get_ROUTINES nl_access_routines.F > yy7.f90
time mpif90 -f90=ifort -o nl_get_7_routines.o -c -real-size `expr 8 \* 4` -i4 -O0 -fno-inline -no-ip -ip -fp-model precise -w -ftz -align all -fno-alias -FR -convert big_endian  -I../dyn_em  -I/glade/derecho/scratch/yates/NEOM_WRF/wrfv4.6.0/external/esmf_time_f90  -I/glade/derecho/scratch/yates/NEOM_WRF/wrfv4.6.0/main -I/glade/derecho/scratch/yates/NEOM_WRF/wrfv4.6.0/external/io_netcdf -I/glade/derecho/scratch/yates/NEOM_WRF/wrfv4.6.0/external/io_int -I/glade/derecho/scratch/yates/NEOM_WRF/wrfv4.6.0/frame -I/glade/derecho/scratch/yates/NEOM_WRF/wrfv4.6.0/share -I/glade/derecho/scratch/yates/NEOM_WRF/wrfv4.6.0/phys -I/glade/derecho/scratch/yates/NEOM_WRF/wrfv4.6.0/wrftladj -I/glade/derecho/scratch/yates/NEOM_WRF/wrfv4.6.0/chem -I/glade/derecho/scratch/yates/NEOM_WRF/wrfv4.6.0/inc -I/glade/u/apps/derecho/23.09/spack/opt/spack/netcdf/4.9.2/oneapi/2023.2.1/yzvj/include   yy7.f90

real	0m12.077s
user	0m8.474s
sys	0m3.502s
/lib/cpp -P -nostdinc -DNNN=0 -I../inc -DNL_set_ROUTINES nl_access_routines.F > xx0.f90
time mpif90 -f90=ifort -o nl_set_0_routines.o -c -real-size `expr 8 \* 4` -i4 -O0 -fno-inline -no-ip -ip -fp-model precise -w -ftz -align all -fno-alias -FR -convert big_endian  -I../dyn_em  -I/glade/derecho/scratch/yates/NEOM_WRF/wrfv4.6.0/external/esmf_time_f90  -I/glade/derecho/scratch/yates/NEOM_WRF/wrfv4.6.0/main -I/glade/derecho/scratch/yates/NEOM_WRF/wrfv4.6.0/external/io_netcdf -I/glade/derecho/scratch/yates/NEOM_WRF/wrfv4.6.0/external/io_int -I/glade/derecho/scratch/yates/NEOM_WRF/wrfv4.6.0/frame -I/glade/derecho/scratch/yates/NEOM_WRF/wrfv4.6.0/share -I/glade/derecho/scratch/yates/NEOM_WRF/wrfv4.6.0/phys -I/glade/derecho/scratch/yates/NEOM_WRF/wrfv4.6.0/wrftladj -I/glade/derecho/scratch/yates/NEOM_WRF/wrfv4.6.0/chem -I/glade/derecho/scratch/yates/NEOM_WRF/wrfv4.6.0/inc -I/glade/u/apps/derecho/23.09/spack/opt/spack/netcdf/4.9.2/oneapi/2023.2.1/yzvj/include   xx0.f90

real	0m11.849s
user	0m8.229s
sys	0m3.563s
/lib/cpp -P -nostdinc -DNNN=1 -I../inc -DNL_set_ROUTINES nl_access_routines.F > xx1.f90
time mpif90 -f90=ifort -o nl_set_1_routines.o -c -real-size `expr 8 \* 4` -i4 -O0 -fno-inline -no-ip -ip -fp-model precise -w -ftz -align all -fno-alias -FR -convert big_endian  -I../dyn_em  -I/glade/derecho/scratch/yates/NEOM_WRF/wrfv4.6.0/external/esmf_time_f90  -I/glade/derecho/scratch/yates/NEOM_WRF/wrfv4.6.0/main -I/glade/derecho/scratch/yates/NEOM_WRF/wrfv4.6.0/external/io_netcdf -I/glade/derecho/scratch/yates/NEOM_WRF/wrfv4.6.0/external/io_int -I/glade/derecho/scratch/yates/NEOM_WRF/wrfv4.6.0/frame -I/glade/derecho/scratch/yates/NEOM_WRF/wrfv4.6.0/share -I/glade/derecho/scratch/yates/NEOM_WRF/wrfv4.6.0/phys -I/glade/derecho/scratch/yates/NEOM_WRF/wrfv4.6.0/wrftladj -I/glade/derecho/scratch/yates/NEOM_WRF/wrfv4.6.0/chem -I/glade/derecho/scratch/yates/NEOM_WRF/wrfv4.6.0/inc -I/glade/u/apps/derecho/23.09/spack/opt/spack/netcdf/4.9.2/oneapi/2023.2.1/yzvj/include   xx1.f90

real	0m11.846s
user	0m8.148s
sys	0m3.649s
/lib/cpp -P -nostdinc -DNNN=2 -I../inc -DNL_set_ROUTINES nl_access_routines.F > xx2.f90
time mpif90 -f90=ifort -o nl_set_2_routines.o -c -real-size `expr 8 \* 4` -i4 -O0 -fno-inline -no-ip -ip -fp-model precise -w -ftz -align all -fno-alias -FR -convert big_endian  -I../dyn_em  -I/glade/derecho/scratch/yates/NEOM_WRF/wrfv4.6.0/external/esmf_time_f90  -I/glade/derecho/scratch/yates/NEOM_WRF/wrfv4.6.0/main -I/glade/derecho/scratch/yates/NEOM_WRF/wrfv4.6.0/external/io_netcdf -I/glade/derecho/scratch/yates/NEOM_WRF/wrfv4.6.0/external/io_int -I/glade/derecho/scratch/yates/NEOM_WRF/wrfv4.6.0/frame -I/glade/derecho/scratch/yates/NEOM_WRF/wrfv4.6.0/share -I/glade/derecho/scratch/yates/NEOM_WRF/wrfv4.6.0/phys -I/glade/derecho/scratch/yates/NEOM_WRF/wrfv4.6.0/wrftladj -I/glade/derecho/scratch/yates/NEOM_WRF/wrfv4.6.0/chem -I/glade/derecho/scratch/yates/NEOM_WRF/wrfv4.6.0/inc -I/glade/u/apps/derecho/23.09/spack/opt/spack/netcdf/4.9.2/oneapi/2023.2.1/yzvj/include   xx2.f90

real	0m11.783s
user	0m8.154s
sys	0m3.597s
/lib/cpp -P -nostdinc -DNNN=3 -I../inc -DNL_set_ROUTINES nl_access_routines.F > xx3.f90
time mpif90 -f90=ifort -o nl_set_3_routines.o -c -real-size `expr 8 \* 4` -i4 -O0 -fno-inline -no-ip -ip -fp-model precise -w -ftz -align all -fno-alias -FR -convert big_endian  -I../dyn_em  -I/glade/derecho/scratch/yates/NEOM_WRF/wrfv4.6.0/external/esmf_time_f90  -I/glade/derecho/scratch/yates/NEOM_WRF/wrfv4.6.0/main -I/glade/derecho/scratch/yates/NEOM_WRF/wrfv4.6.0/external/io_netcdf -I/glade/derecho/scratch/yates/NEOM_WRF/wrfv4.6.0/external/io_int -I/glade/derecho/scratch/yates/NEOM_WRF/wrfv4.6.0/frame -I/glade/derecho/scratch/yates/NEOM_WRF/wrfv4.6.0/share -I/glade/derecho/scratch/yates/NEOM_WRF/wrfv4.6.0/phys -I/glade/derecho/scratch/yates/NEOM_WRF/wrfv4.6.0/wrftladj -I/glade/derecho/scratch/yates/NEOM_WRF/wrfv4.6.0/chem -I/glade/derecho/scratch/yates/NEOM_WRF/wrfv4.6.0/inc -I/glade/u/apps/derecho/23.09/spack/opt/spack/netcdf/4.9.2/oneapi/2023.2.1/yzvj/include   xx3.f90

real	0m11.866s
user	0m8.223s
sys	0m3.605s
/lib/cpp -P -nostdinc -DNNN=4 -I../inc -DNL_set_ROUTINES nl_access_routines.F > xx4.f90
time mpif90 -f90=ifort -o nl_set_4_routines.o -c -real-size `expr 8 \* 4` -i4 -O0 -fno-inline -no-ip -ip -fp-model precise -w -ftz -align all -fno-alias -FR -convert big_endian  -I../dyn_em  -I/glade/derecho/scratch/yates/NEOM_WRF/wrfv4.6.0/external/esmf_time_f90  -I/glade/derecho/scratch/yates/NEOM_WRF/wrfv4.6.0/main -I/glade/derecho/scratch/yates/NEOM_WRF/wrfv4.6.0/external/io_netcdf -I/glade/derecho/scratch/yates/NEOM_WRF/wrfv4.6.0/external/io_int -I/glade/derecho/scratch/yates/NEOM_WRF/wrfv4.6.0/frame -I/glade/derecho/scratch/yates/NEOM_WRF/wrfv4.6.0/share -I/glade/derecho/scratch/yates/NEOM_WRF/wrfv4.6.0/phys -I/glade/derecho/scratch/yates/NEOM_WRF/wrfv4.6.0/wrftladj -I/glade/derecho/scratch/yates/NEOM_WRF/wrfv4.6.0/chem -I/glade/derecho/scratch/yates/NEOM_WRF/wrfv4.6.0/inc -I/glade/u/apps/derecho/23.09/spack/opt/spack/netcdf/4.9.2/oneapi/2023.2.1/yzvj/include   xx4.f90

real	0m12.009s
user	0m8.389s
sys	0m3.579s
/lib/cpp -P -nostdinc -DNNN=5 -I../inc -DNL_set_ROUTINES nl_access_routines.F > xx5.f90
time mpif90 -f90=ifort -o nl_set_5_routines.o -c -real-size `expr 8 \* 4` -i4 -O0 -fno-inline -no-ip -ip -fp-model precise -w -ftz -align all -fno-alias -FR -convert big_endian  -I../dyn_em  -I/glade/derecho/scratch/yates/NEOM_WRF/wrfv4.6.0/external/esmf_time_f90  -I/glade/derecho/scratch/yates/NEOM_WRF/wrfv4.6.0/main -I/glade/derecho/scratch/yates/NEOM_WRF/wrfv4.6.0/external/io_netcdf -I/glade/derecho/scratch/yates/NEOM_WRF/wrfv4.6.0/external/io_int -I/glade/derecho/scratch/yates/NEOM_WRF/wrfv4.6.0/frame -I/glade/derecho/scratch/yates/NEOM_WRF/wrfv4.6.0/share -I/glade/derecho/scratch/yates/NEOM_WRF/wrfv4.6.0/phys -I/glade/derecho/scratch/yates/NEOM_WRF/wrfv4.6.0/wrftladj -I/glade/derecho/scratch/yates/NEOM_WRF/wrfv4.6.0/chem -I/glade/derecho/scratch/yates/NEOM_WRF/wrfv4.6.0/inc -I/glade/u/apps/derecho/23.09/spack/opt/spack/netcdf/4.9.2/oneapi/2023.2.1/yzvj/include   xx5.f90

real	0m12.067s
user	0m8.506s
sys	0m3.521s
/lib/cpp -P -nostdinc -DNNN=6 -I../inc -DNL_set_ROUTINES nl_access_routines.F > xx6.f90
time mpif90 -f90=ifort -o nl_set_6_routines.o -c -real-size `expr 8 \* 4` -i4 -O0 -fno-inline -no-ip -ip -fp-model precise -w -ftz -align all -fno-alias -FR -convert big_endian  -I../dyn_em  -I/glade/derecho/scratch/yates/NEOM_WRF/wrfv4.6.0/external/esmf_time_f90  -I/glade/derecho/scratch/yates/NEOM_WRF/wrfv4.6.0/main -I/glade/derecho/scratch/yates/NEOM_WRF/wrfv4.6.0/external/io_netcdf -I/glade/derecho/scratch/yates/NEOM_WRF/wrfv4.6.0/external/io_int -I/glade/derecho/scratch/yates/NEOM_WRF/wrfv4.6.0/frame -I/glade/derecho/scratch/yates/NEOM_WRF/wrfv4.6.0/share -I/glade/derecho/scratch/yates/NEOM_WRF/wrfv4.6.0/phys -I/glade/derecho/scratch/yates/NEOM_WRF/wrfv4.6.0/wrftladj -I/glade/derecho/scratch/yates/NEOM_WRF/wrfv4.6.0/chem -I/glade/derecho/scratch/yates/NEOM_WRF/wrfv4.6.0/inc -I/glade/u/apps/derecho/23.09/spack/opt/spack/netcdf/4.9.2/oneapi/2023.2.1/yzvj/include   xx6.f90

real	0m12.562s
user	0m8.496s
sys	0m3.578s
/lib/cpp -P -nostdinc -DNNN=7 -I../inc -DNL_set_ROUTINES nl_access_routines.F > xx7.f90
time mpif90 -f90=ifort -o nl_set_7_routines.o -c -real-size `expr 8 \* 4` -i4 -O0 -fno-inline -no-ip -ip -fp-model precise -w -ftz -align all -fno-alias -FR -convert big_endian  -I../dyn_em  -I/glade/derecho/scratch/yates/NEOM_WRF/wrfv4.6.0/external/esmf_time_f90  -I/glade/derecho/scratch/yates/NEOM_WRF/wrfv4.6.0/main -I/glade/derecho/scratch/yates/NEOM_WRF/wrfv4.6.0/external/io_netcdf -I/glade/derecho/scratch/yates/NEOM_WRF/wrfv4.6.0/external/io_int -I/glade/derecho/scratch/yates/NEOM_WRF/wrfv4.6.0/frame -I/glade/derecho/scratch/yates/NEOM_WRF/wrfv4.6.0/share -I/glade/derecho/scratch/yates/NEOM_WRF/wrfv4.6.0/phys -I/glade/derecho/scratch/yates/NEOM_WRF/wrfv4.6.0/wrftladj -I/glade/derecho/scratch/yates/NEOM_WRF/wrfv4.6.0/chem -I/glade/derecho/scratch/yates/NEOM_WRF/wrfv4.6.0/inc -I/glade/u/apps/derecho/23.09/spack/opt/spack/netcdf/4.9.2/oneapi/2023.2.1/yzvj/include   xx7.f90

real	0m11.778s
user	0m8.190s
sys	0m3.552s
rm -f module_domain.o
/lib/cpp -P -nostdinc -I/glade/derecho/scratch/yates/NEOM_WRF/wrfv4.6.0/inc -DEM_CORE=1 -DNMM_CORE=0 -DNMM_MAX_DIM=2600 -DDA_CORE=0 -DWRFPLUS=0 -DIWORDSIZE=4 -DDWORDSIZE=8 -DRWORDSIZE=4 -DLWORDSIZE=4 -DNONSTANDARD_SYSTEM_FUNC  -DWRF_USE_CLM -DUSE_NETCDF4_FEATURES -DWRFIO_NCD_LARGE_FILE_SUPPORT  -DDM_PARALLEL -DNETCDF -DLANDREAD_STUB=1 -DUSE_ALLOCATABLES -Dwrfmodel -DGRIB1 -DINTIO -DKEEP_INT_AROUND -DLIMIT_ARGS -DBUILD_RRTMG_FAST=0 -DBUILD_RRTMK=0 -DBUILD_SBM_FAST=1 -DSHOW_ALL_VARS_USED=0 -DCONFIG_BUF_LEN=65536 -DMAX_DOMAINS_F=21 -DMAX_HISTORY=25 -DNMM_NEST=0 -DWRF_CHEM -DBUILD_CHEM=1 -I. -traditional-cpp -DUSE_NETCDF4_FEATURES -DWRFIO_NCD_LARGE_FILE_SUPPORT   module_domain.F  > module_domain.bb
/glade/derecho/scratch/yates/NEOM_WRF/wrfv4.6.0/tools/standard.exe module_domain.bb | /lib/cpp -P -nostdinc -traditional-cpp -DUSE_NETCDF4_FEATURES -DWRFIO_NCD_LARGE_FILE_SUPPORT > module_domain.f90
rm -f module_domain.b module_domain.bb
time mpif90 -f90=ifort -c -real-size `expr 8 \* 4` -i4  -O0 -fno-inline -no-ip -ip -fp-model precise -w -ftz -align all -fno-alias -FR -convert big_endian   -I../dyn_em  -I/glade/derecho/scratch/yates/NEOM_WRF/wrfv4.6.0/external/esmf_time_f90  -I/glade/derecho/scratch/yates/NEOM_WRF/wrfv4.6.0/main -I/glade/derecho/scratch/yates/NEOM_WRF/wrfv4.6.0/external/io_netcdf -I/glade/derecho/scratch/yates/NEOM_WRF/wrfv4.6.0/external/io_int -I/glade/derecho/scratch/yates/NEOM_WRF/wrfv4.6.0/frame -I/glade/derecho/scratch/yates/NEOM_WRF/wrfv4.6.0/share -I/glade/derecho/scratch/yates/NEOM_WRF/wrfv4.6.0/phys -I/glade/derecho/scratch/yates/NEOM_WRF/wrfv4.6.0/wrftladj -I/glade/derecho/scratch/yates/NEOM_WRF/wrfv4.6.0/chem -I/glade/derecho/scratch/yates/NEOM_WRF/wrfv4.6.0/inc -I/glade/u/apps/derecho/23.09/spack/opt/spack/netcdf/4.9.2/oneapi/2023.2.1/yzvj/include   module_domain.f90

real	0m11.991s
user	0m8.222s
sys	0m3.470s

real	0m34.183s
user	0m33.078s
sys	0m0.988s
rm -f module_nesting.o
rm -f module_cpl_oasis3.o
sed -e "s/^\!.*'.*//" -e "s/^ *\!.*'.*//" module_nesting.F > module_nesting.G
sed -e "s/^\!.*'.*//" -e "s/^ *\!.*'.*//" module_cpl_oasis3.F > module_cpl_oasis3.G
/lib/cpp -P -nostdinc -I/glade/derecho/scratch/yates/NEOM_WRF/wrfv4.6.0/inc -DEM_CORE=1 -DNMM_CORE=0 -DNMM_MAX_DIM=2600 -DDA_CORE=0 -DWRFPLUS=0 -DIWORDSIZE=4 -DDWORDSIZE=8 -DRWORDSIZE=4 -DLWORDSIZE=4 -DNONSTANDARD_SYSTEM_FUNC  -DWRF_USE_CLM -DUSE_NETCDF4_FEATURES -DWRFIO_NCD_LARGE_FILE_SUPPORT  -DDM_PARALLEL -DNETCDF -DLANDREAD_STUB=1 -DUSE_ALLOCATABLES -Dwrfmodel -DGRIB1 -DINTIO -DKEEP_INT_AROUND -DLIMIT_ARGS -DBUILD_RRTMG_FAST=0 -DBUILD_RRTMK=0 -DBUILD_SBM_FAST=1 -DSHOW_ALL_VARS_USED=0 -DCONFIG_BUF_LEN=65536 -DMAX_DOMAINS_F=21 -DMAX_HISTORY=25 -DNMM_NEST=0 -DWRF_CHEM -DBUILD_CHEM=1 -I. -traditional-cpp -DUSE_NETCDF4_FEATURES -DWRFIO_NCD_LARGE_FILE_SUPPORT   module_cpl_oasis3.G  > module_cpl_oasis3.bb
/lib/cpp -P -nostdinc -I/glade/derecho/scratch/yates/NEOM_WRF/wrfv4.6.0/inc -DEM_CORE=1 -DNMM_CORE=0 -DNMM_MAX_DIM=2600 -DDA_CORE=0 -DWRFPLUS=0 -DIWORDSIZE=4 -DDWORDSIZE=8 -DRWORDSIZE=4 -DLWORDSIZE=4 -DNONSTANDARD_SYSTEM_FUNC  -DWRF_USE_CLM -DUSE_NETCDF4_FEATURES -DWRFIO_NCD_LARGE_FILE_SUPPORT  -DDM_PARALLEL -DNETCDF -DLANDREAD_STUB=1 -DUSE_ALLOCATABLES -Dwrfmodel -DGRIB1 -DINTIO -DKEEP_INT_AROUND -DLIMIT_ARGS -DBUILD_RRTMG_FAST=0 -DBUILD_RRTMK=0 -DBUILD_SBM_FAST=1 -DSHOW_ALL_VARS_USED=0 -DCONFIG_BUF_LEN=65536 -DMAX_DOMAINS_F=21 -DMAX_HISTORY=25 -DNMM_NEST=0 -DWRF_CHEM -DBUILD_CHEM=1 -I. -traditional-cpp -DUSE_NETCDF4_FEATURES -DWRFIO_NCD_LARGE_FILE_SUPPORT   module_nesting.G  > module_nesting.bb
/glade/derecho/scratch/yates/NEOM_WRF/wrfv4.6.0/tools/standard.exe module_nesting.bb | /lib/cpp -P -nostdinc -traditional-cpp -DUSE_NETCDF4_FEATURES -DWRFIO_NCD_LARGE_FILE_SUPPORT > module_nesting.f90
/glade/derecho/scratch/yates/NEOM_WRF/wrfv4.6.0/tools/standard.exe module_cpl_oasis3.bb | /lib/cpp -P -nostdinc -traditional-cpp -DUSE_NETCDF4_FEATURES -DWRFIO_NCD_LARGE_FILE_SUPPORT > module_cpl_oasis3.f90
rm -f module_nesting.G module_nesting.bb
rm -f module_cpl_oasis3.G module_cpl_oasis3.bb
time mpif90 -f90=ifort -o module_nesting.o -c -O3 -ip -fp-model precise -w -ftz -align all -fno-alias -FR -convert big_endian    -I../dyn_em  -I/glade/derecho/scratch/yates/NEOM_WRF/wrfv4.6.0/external/esmf_time_f90  -I/glade/derecho/scratch/yates/NEOM_WRF/wrfv4.6.0/main -I/glade/derecho/scratch/yates/NEOM_WRF/wrfv4.6.0/external/io_netcdf -I/glade/derecho/scratch/yates/NEOM_WRF/wrfv4.6.0/external/io_int -I/glade/derecho/scratch/yates/NEOM_WRF/wrfv4.6.0/frame -I/glade/derecho/scratch/yates/NEOM_WRF/wrfv4.6.0/share -I/glade/derecho/scratch/yates/NEOM_WRF/wrfv4.6.0/phys -I/glade/derecho/scratch/yates/NEOM_WRF/wrfv4.6.0/wrftladj -I/glade/derecho/scratch/yates/NEOM_WRF/wrfv4.6.0/chem -I/glade/derecho/scratch/yates/NEOM_WRF/wrfv4.6.0/inc -I/glade/u/apps/derecho/23.09/spack/opt/spack/netcdf/4.9.2/oneapi/2023.2.1/yzvj/include  -real-size `expr 8 \* 4` -i4  module_nesting.f90
time mpif90 -f90=ifort -o module_cpl_oasis3.o -c -O3 -ip -fp-model precise -w -ftz -align all -fno-alias -FR -convert big_endian    -I../dyn_em  -I/glade/derecho/scratch/yates/NEOM_WRF/wrfv4.6.0/external/esmf_time_f90  -I/glade/derecho/scratch/yates/NEOM_WRF/wrfv4.6.0/main -I/glade/derecho/scratch/yates/NEOM_WRF/wrfv4.6.0/external/io_netcdf -I/glade/derecho/scratch/yates/NEOM_WRF/wrfv4.6.0/external/io_int -I/glade/derecho/scratch/yates/NEOM_WRF/wrfv4.6.0/frame -I/glade/derecho/scratch/yates/NEOM_WRF/wrfv4.6.0/share -I/glade/derecho/scratch/yates/NEOM_WRF/wrfv4.6.0/phys -I/glade/derecho/scratch/yates/NEOM_WRF/wrfv4.6.0/wrftladj -I/glade/derecho/scratch/yates/NEOM_WRF/wrfv4.6.0/chem -I/glade/derecho/scratch/yates/NEOM_WRF/wrfv4.6.0/inc -I/glade/u/apps/derecho/23.09/spack/opt/spack/netcdf/4.9.2/oneapi/2023.2.1/yzvj/include  -real-size `expr 8 \* 4` -i4  module_cpl_oasis3.f90

real	0m0.936s
user	0m0.572s
sys	0m0.333s
rm -f module_comm_nesting_dm.o
/lib/cpp -P -nostdinc -I/glade/derecho/scratch/yates/NEOM_WRF/wrfv4.6.0/inc -DEM_CORE=1 -DNMM_CORE=0 -DNMM_MAX_DIM=2600 -DDA_CORE=0 -DWRFPLUS=0 -DIWORDSIZE=4 -DDWORDSIZE=8 -DRWORDSIZE=4 -DLWORDSIZE=4 -DNONSTANDARD_SYSTEM_FUNC  -DWRF_USE_CLM -DUSE_NETCDF4_FEATURES -DWRFIO_NCD_LARGE_FILE_SUPPORT  -DDM_PARALLEL -DNETCDF -DLANDREAD_STUB=1 -DUSE_ALLOCATABLES -Dwrfmodel -DGRIB1 -DINTIO -DKEEP_INT_AROUND -DLIMIT_ARGS -DBUILD_RRTMG_FAST=0 -DBUILD_RRTMK=0 -DBUILD_SBM_FAST=1 -DSHOW_ALL_VARS_USED=0 -DCONFIG_BUF_LEN=65536 -DMAX_DOMAINS_F=21 -DMAX_HISTORY=25 -DNMM_NEST=0 -DWRF_CHEM -DBUILD_CHEM=1 -I. -traditional-cpp -DUSE_NETCDF4_FEATURES -DWRFIO_NCD_LARGE_FILE_SUPPORT   module_comm_nesting_dm.F  > module_comm_nesting_dm.bb
/glade/derecho/scratch/yates/NEOM_WRF/wrfv4.6.0/tools/standard.exe module_comm_nesting_dm.bb | /lib/cpp -P -nostdinc -traditional-cpp -DUSE_NETCDF4_FEATURES -DWRFIO_NCD_LARGE_FILE_SUPPORT > module_comm_nesting_dm.f90

real	0m1.039s
user	0m0.685s
sys	0m0.326s
rm -f module_comm_dm_0.o
/lib/cpp -P -nostdinc -I/glade/derecho/scratch/yates/NEOM_WRF/wrfv4.6.0/inc -DEM_CORE=1 -DNMM_CORE=0 -DNMM_MAX_DIM=2600 -DDA_CORE=0 -DWRFPLUS=0 -DIWORDSIZE=4 -DDWORDSIZE=8 -DRWORDSIZE=4 -DLWORDSIZE=4 -DNONSTANDARD_SYSTEM_FUNC  -DWRF_USE_CLM -DUSE_NETCDF4_FEATURES -DWRFIO_NCD_LARGE_FILE_SUPPORT  -DDM_PARALLEL -DNETCDF -DLANDREAD_STUB=1 -DUSE_ALLOCATABLES -Dwrfmodel -DGRIB1 -DINTIO -DKEEP_INT_AROUND -DLIMIT_ARGS -DBUILD_RRTMG_FAST=0 -DBUILD_RRTMK=0 -DBUILD_SBM_FAST=1 -DSHOW_ALL_VARS_USED=0 -DCONFIG_BUF_LEN=65536 -DMAX_DOMAINS_F=21 -DMAX_HISTORY=25 -DNMM_NEST=0 -DWRF_CHEM -DBUILD_CHEM=1 -I. -traditional-cpp -DUSE_NETCDF4_FEATURES -DWRFIO_NCD_LARGE_FILE_SUPPORT   module_comm_dm_0.F  > module_comm_dm_0.bb
/glade/derecho/scratch/yates/NEOM_WRF/wrfv4.6.0/tools/standard.exe module_comm_dm_0.bb | /lib/cpp -P -nostdinc -traditional-cpp -DUSE_NETCDF4_FEATURES -DWRFIO_NCD_LARGE_FILE_SUPPORT > module_comm_dm_0.f90
rm -f module_comm_nesting_dm.b module_comm_nesting_dm.bb
time mpif90 -f90=ifort -c -real-size `expr 8 \* 4` -i4  -O0 -fno-inline -no-ip -ip -fp-model precise -w -ftz -align all -fno-alias -FR -convert big_endian   -I../dyn_em  -I/glade/derecho/scratch/yates/NEOM_WRF/wrfv4.6.0/external/esmf_time_f90  -I/glade/derecho/scratch/yates/NEOM_WRF/wrfv4.6.0/main -I/glade/derecho/scratch/yates/NEOM_WRF/wrfv4.6.0/external/io_netcdf -I/glade/derecho/scratch/yates/NEOM_WRF/wrfv4.6.0/external/io_int -I/glade/derecho/scratch/yates/NEOM_WRF/wrfv4.6.0/frame -I/glade/derecho/scratch/yates/NEOM_WRF/wrfv4.6.0/share -I/glade/derecho/scratch/yates/NEOM_WRF/wrfv4.6.0/phys -I/glade/derecho/scratch/yates/NEOM_WRF/wrfv4.6.0/wrftladj -I/glade/derecho/scratch/yates/NEOM_WRF/wrfv4.6.0/chem -I/glade/derecho/scratch/yates/NEOM_WRF/wrfv4.6.0/inc -I/glade/u/apps/derecho/23.09/spack/opt/spack/netcdf/4.9.2/oneapi/2023.2.1/yzvj/include   module_comm_nesting_dm.f90
rm -f module_comm_dm_0.b module_comm_dm_0.bb
time mpif90 -f90=ifort -c -real-size `expr 8 \* 4` -i4  -O0 -fno-inline -no-ip -ip -fp-model precise -w -ftz -align all -fno-alias -FR -convert big_endian   -I../dyn_em  -I/glade/derecho/scratch/yates/NEOM_WRF/wrfv4.6.0/external/esmf_time_f90  -I/glade/derecho/scratch/yates/NEOM_WRF/wrfv4.6.0/main -I/glade/derecho/scratch/yates/NEOM_WRF/wrfv4.6.0/external/io_netcdf -I/glade/derecho/scratch/yates/NEOM_WRF/wrfv4.6.0/external/io_int -I/glade/derecho/scratch/yates/NEOM_WRF/wrfv4.6.0/frame -I/glade/derecho/scratch/yates/NEOM_WRF/wrfv4.6.0/share -I/glade/derecho/scratch/yates/NEOM_WRF/wrfv4.6.0/phys -I/glade/derecho/scratch/yates/NEOM_WRF/wrfv4.6.0/wrftladj -I/glade/derecho/scratch/yates/NEOM_WRF/wrfv4.6.0/chem -I/glade/derecho/scratch/yates/NEOM_WRF/wrfv4.6.0/inc -I/glade/u/apps/derecho/23.09/spack/opt/spack/netcdf/4.9.2/oneapi/2023.2.1/yzvj/include   module_comm_dm_0.f90

real	0m29.466s
user	0m28.338s
sys	0m1.046s
rm -f module_comm_dm_1.o
/lib/cpp -P -nostdinc -I/glade/derecho/scratch/yates/NEOM_WRF/wrfv4.6.0/inc -DEM_CORE=1 -DNMM_CORE=0 -DNMM_MAX_DIM=2600 -DDA_CORE=0 -DWRFPLUS=0 -DIWORDSIZE=4 -DDWORDSIZE=8 -DRWORDSIZE=4 -DLWORDSIZE=4 -DNONSTANDARD_SYSTEM_FUNC  -DWRF_USE_CLM -DUSE_NETCDF4_FEATURES -DWRFIO_NCD_LARGE_FILE_SUPPORT  -DDM_PARALLEL -DNETCDF -DLANDREAD_STUB=1 -DUSE_ALLOCATABLES -Dwrfmodel -DGRIB1 -DINTIO -DKEEP_INT_AROUND -DLIMIT_ARGS -DBUILD_RRTMG_FAST=0 -DBUILD_RRTMK=0 -DBUILD_SBM_FAST=1 -DSHOW_ALL_VARS_USED=0 -DCONFIG_BUF_LEN=65536 -DMAX_DOMAINS_F=21 -DMAX_HISTORY=25 -DNMM_NEST=0 -DWRF_CHEM -DBUILD_CHEM=1 -I. -traditional-cpp -DUSE_NETCDF4_FEATURES -DWRFIO_NCD_LARGE_FILE_SUPPORT   module_comm_dm_1.F  > module_comm_dm_1.bb
/glade/derecho/scratch/yates/NEOM_WRF/wrfv4.6.0/tools/standard.exe module_comm_dm_1.bb | /lib/cpp -P -nostdinc -traditional-cpp -DUSE_NETCDF4_FEATURES -DWRFIO_NCD_LARGE_FILE_SUPPORT > module_comm_dm_1.f90
rm -f module_comm_dm_1.b module_comm_dm_1.bb
time mpif90 -f90=ifort -c -real-size `expr 8 \* 4` -i4  -O0 -fno-inline -no-ip -ip -fp-model precise -w -ftz -align all -fno-alias -FR -convert big_endian   -I../dyn_em  -I/glade/derecho/scratch/yates/NEOM_WRF/wrfv4.6.0/external/esmf_time_f90  -I/glade/derecho/scratch/yates/NEOM_WRF/wrfv4.6.0/main -I/glade/derecho/scratch/yates/NEOM_WRF/wrfv4.6.0/external/io_netcdf -I/glade/derecho/scratch/yates/NEOM_WRF/wrfv4.6.0/external/io_int -I/glade/derecho/scratch/yates/NEOM_WRF/wrfv4.6.0/frame -I/glade/derecho/scratch/yates/NEOM_WRF/wrfv4.6.0/share -I/glade/derecho/scratch/yates/NEOM_WRF/wrfv4.6.0/phys -I/glade/derecho/scratch/yates/NEOM_WRF/wrfv4.6.0/wrftladj -I/glade/derecho/scratch/yates/NEOM_WRF/wrfv4.6.0/chem -I/glade/derecho/scratch/yates/NEOM_WRF/wrfv4.6.0/inc -I/glade/u/apps/derecho/23.09/spack/opt/spack/netcdf/4.9.2/oneapi/2023.2.1/yzvj/include   module_comm_dm_1.f90

real	1m41.629s
user	1m39.884s
sys	0m1.596s
rm -f module_comm_dm_2.o
/lib/cpp -P -nostdinc -I/glade/derecho/scratch/yates/NEOM_WRF/wrfv4.6.0/inc -DEM_CORE=1 -DNMM_CORE=0 -DNMM_MAX_DIM=2600 -DDA_CORE=0 -DWRFPLUS=0 -DIWORDSIZE=4 -DDWORDSIZE=8 -DRWORDSIZE=4 -DLWORDSIZE=4 -DNONSTANDARD_SYSTEM_FUNC  -DWRF_USE_CLM -DUSE_NETCDF4_FEATURES -DWRFIO_NCD_LARGE_FILE_SUPPORT  -DDM_PARALLEL -DNETCDF -DLANDREAD_STUB=1 -DUSE_ALLOCATABLES -Dwrfmodel -DGRIB1 -DINTIO -DKEEP_INT_AROUND -DLIMIT_ARGS -DBUILD_RRTMG_FAST=0 -DBUILD_RRTMK=0 -DBUILD_SBM_FAST=1 -DSHOW_ALL_VARS_USED=0 -DCONFIG_BUF_LEN=65536 -DMAX_DOMAINS_F=21 -DMAX_HISTORY=25 -DNMM_NEST=0 -DWRF_CHEM -DBUILD_CHEM=1 -I. -traditional-cpp -DUSE_NETCDF4_FEATURES -DWRFIO_NCD_LARGE_FILE_SUPPORT   module_comm_dm_2.F  > module_comm_dm_2.bb
/glade/derecho/scratch/yates/NEOM_WRF/wrfv4.6.0/tools/standard.exe module_comm_dm_2.bb | /lib/cpp -P -nostdinc -traditional-cpp -DUSE_NETCDF4_FEATURES -DWRFIO_NCD_LARGE_FILE_SUPPORT > module_comm_dm_2.f90
rm -f module_comm_dm_2.b module_comm_dm_2.bb
time mpif90 -f90=ifort -c -real-size `expr 8 \* 4` -i4  -O0 -fno-inline -no-ip -ip -fp-model precise -w -ftz -align all -fno-alias -FR -convert big_endian   -I../dyn_em  -I/glade/derecho/scratch/yates/NEOM_WRF/wrfv4.6.0/external/esmf_time_f90  -I/glade/derecho/scratch/yates/NEOM_WRF/wrfv4.6.0/main -I/glade/derecho/scratch/yates/NEOM_WRF/wrfv4.6.0/external/io_netcdf -I/glade/derecho/scratch/yates/NEOM_WRF/wrfv4.6.0/external/io_int -I/glade/derecho/scratch/yates/NEOM_WRF/wrfv4.6.0/frame -I/glade/derecho/scratch/yates/NEOM_WRF/wrfv4.6.0/share -I/glade/derecho/scratch/yates/NEOM_WRF/wrfv4.6.0/phys -I/glade/derecho/scratch/yates/NEOM_WRF/wrfv4.6.0/wrftladj -I/glade/derecho/scratch/yates/NEOM_WRF/wrfv4.6.0/chem -I/glade/derecho/scratch/yates/NEOM_WRF/wrfv4.6.0/inc -I/glade/u/apps/derecho/23.09/spack/opt/spack/netcdf/4.9.2/oneapi/2023.2.1/yzvj/include   module_comm_dm_2.f90

real	1m24.035s
user	1m22.224s
sys	0m1.651s
rm -f module_comm_dm_3.o
/lib/cpp -P -nostdinc -I/glade/derecho/scratch/yates/NEOM_WRF/wrfv4.6.0/inc -DEM_CORE=1 -DNMM_CORE=0 -DNMM_MAX_DIM=2600 -DDA_CORE=0 -DWRFPLUS=0 -DIWORDSIZE=4 -DDWORDSIZE=8 -DRWORDSIZE=4 -DLWORDSIZE=4 -DNONSTANDARD_SYSTEM_FUNC  -DWRF_USE_CLM -DUSE_NETCDF4_FEATURES -DWRFIO_NCD_LARGE_FILE_SUPPORT  -DDM_PARALLEL -DNETCDF -DLANDREAD_STUB=1 -DUSE_ALLOCATABLES -Dwrfmodel -DGRIB1 -DINTIO -DKEEP_INT_AROUND -DLIMIT_ARGS -DBUILD_RRTMG_FAST=0 -DBUILD_RRTMK=0 -DBUILD_SBM_FAST=1 -DSHOW_ALL_VARS_USED=0 -DCONFIG_BUF_LEN=65536 -DMAX_DOMAINS_F=21 -DMAX_HISTORY=25 -DNMM_NEST=0 -DWRF_CHEM -DBUILD_CHEM=1 -I. -traditional-cpp -DUSE_NETCDF4_FEATURES -DWRFIO_NCD_LARGE_FILE_SUPPORT   module_comm_dm_3.F  > module_comm_dm_3.bb
/glade/derecho/scratch/yates/NEOM_WRF/wrfv4.6.0/tools/standard.exe module_comm_dm_3.bb | /lib/cpp -P -nostdinc -traditional-cpp -DUSE_NETCDF4_FEATURES -DWRFIO_NCD_LARGE_FILE_SUPPORT > module_comm_dm_3.f90
rm -f module_comm_dm_3.b module_comm_dm_3.bb
time mpif90 -f90=ifort -c -real-size `expr 8 \* 4` -i4  -O0 -fno-inline -no-ip -ip -fp-model precise -w -ftz -align all -fno-alias -FR -convert big_endian   -I../dyn_em  -I/glade/derecho/scratch/yates/NEOM_WRF/wrfv4.6.0/external/esmf_time_f90  -I/glade/derecho/scratch/yates/NEOM_WRF/wrfv4.6.0/main -I/glade/derecho/scratch/yates/NEOM_WRF/wrfv4.6.0/external/io_netcdf -I/glade/derecho/scratch/yates/NEOM_WRF/wrfv4.6.0/external/io_int -I/glade/derecho/scratch/yates/NEOM_WRF/wrfv4.6.0/frame -I/glade/derecho/scratch/yates/NEOM_WRF/wrfv4.6.0/share -I/glade/derecho/scratch/yates/NEOM_WRF/wrfv4.6.0/phys -I/glade/derecho/scratch/yates/NEOM_WRF/wrfv4.6.0/wrftladj -I/glade/derecho/scratch/yates/NEOM_WRF/wrfv4.6.0/chem -I/glade/derecho/scratch/yates/NEOM_WRF/wrfv4.6.0/inc -I/glade/u/apps/derecho/23.09/spack/opt/spack/netcdf/4.9.2/oneapi/2023.2.1/yzvj/include   module_comm_dm_3.f90

real	1m3.853s
user	1m2.320s
sys	0m1.444s
rm -f module_comm_dm_4.o
sed -e "s/^\!.*'.*//" -e "s/^ *\!.*'.*//" module_comm_dm_4.F > module_comm_dm_4.G
/lib/cpp -P -nostdinc -I/glade/derecho/scratch/yates/NEOM_WRF/wrfv4.6.0/inc -DEM_CORE=1 -DNMM_CORE=0 -DNMM_MAX_DIM=2600 -DDA_CORE=0 -DWRFPLUS=0 -DIWORDSIZE=4 -DDWORDSIZE=8 -DRWORDSIZE=4 -DLWORDSIZE=4 -DNONSTANDARD_SYSTEM_FUNC  -DWRF_USE_CLM -DUSE_NETCDF4_FEATURES -DWRFIO_NCD_LARGE_FILE_SUPPORT  -DDM_PARALLEL -DNETCDF -DLANDREAD_STUB=1 -DUSE_ALLOCATABLES -Dwrfmodel -DGRIB1 -DINTIO -DKEEP_INT_AROUND -DLIMIT_ARGS -DBUILD_RRTMG_FAST=0 -DBUILD_RRTMK=0 -DBUILD_SBM_FAST=1 -DSHOW_ALL_VARS_USED=0 -DCONFIG_BUF_LEN=65536 -DMAX_DOMAINS_F=21 -DMAX_HISTORY=25 -DNMM_NEST=0 -DWRF_CHEM -DBUILD_CHEM=1 -I. -traditional-cpp -DUSE_NETCDF4_FEATURES -DWRFIO_NCD_LARGE_FILE_SUPPORT   module_comm_dm_4.G  > module_comm_dm_4.bb
/glade/derecho/scratch/yates/NEOM_WRF/wrfv4.6.0/tools/standard.exe module_comm_dm_4.bb | /lib/cpp -P -nostdinc -traditional-cpp -DUSE_NETCDF4_FEATURES -DWRFIO_NCD_LARGE_FILE_SUPPORT > module_comm_dm_4.f90
rm -f module_comm_dm_4.G module_comm_dm_4.bb
time mpif90 -f90=ifort -o module_comm_dm_4.o -c -O3 -ip -fp-model precise -w -ftz -align all -fno-alias -FR -convert big_endian    -I../dyn_em  -I/glade/derecho/scratch/yates/NEOM_WRF/wrfv4.6.0/external/esmf_time_f90  -I/glade/derecho/scratch/yates/NEOM_WRF/wrfv4.6.0/main -I/glade/derecho/scratch/yates/NEOM_WRF/wrfv4.6.0/external/io_netcdf -I/glade/derecho/scratch/yates/NEOM_WRF/wrfv4.6.0/external/io_int -I/glade/derecho/scratch/yates/NEOM_WRF/wrfv4.6.0/frame -I/glade/derecho/scratch/yates/NEOM_WRF/wrfv4.6.0/share -I/glade/derecho/scratch/yates/NEOM_WRF/wrfv4.6.0/phys -I/glade/derecho/scratch/yates/NEOM_WRF/wrfv4.6.0/wrftladj -I/glade/derecho/scratch/yates/NEOM_WRF/wrfv4.6.0/chem -I/glade/derecho/scratch/yates/NEOM_WRF/wrfv4.6.0/inc -I/glade/u/apps/derecho/23.09/spack/opt/spack/netcdf/4.9.2/oneapi/2023.2.1/yzvj/include  -real-size `expr 8 \* 4` -i4  module_comm_dm_4.f90

real	1m35.648s
user	1m33.864s
sys	0m1.635s
rm -f module_tiles.o
/glade/derecho/scratch/yates/NEOM_WRF/wrfv4.6.0/tools/standard.exe module_tiles.F > module_tiles.b 
/lib/cpp -P -nostdinc -I/glade/derecho/scratch/yates/NEOM_WRF/wrfv4.6.0/inc -DEM_CORE=1 -DNMM_CORE=0 -DNMM_MAX_DIM=2600 -DDA_CORE=0 -DWRFPLUS=0 -DIWORDSIZE=4 -DDWORDSIZE=8 -DRWORDSIZE=4 -DLWORDSIZE=4 -DNONSTANDARD_SYSTEM_FUNC  -DWRF_USE_CLM -DUSE_NETCDF4_FEATURES -DWRFIO_NCD_LARGE_FILE_SUPPORT  -DDM_PARALLEL -DNETCDF -DLANDREAD_STUB=1 -DUSE_ALLOCATABLES -Dwrfmodel -DGRIB1 -DINTIO -DKEEP_INT_AROUND -DLIMIT_ARGS -DBUILD_RRTMG_FAST=0 -DBUILD_RRTMK=0 -DBUILD_SBM_FAST=1 -DSHOW_ALL_VARS_USED=0 -DCONFIG_BUF_LEN=65536 -DMAX_DOMAINS_F=21 -DMAX_HISTORY=25 -DNMM_NEST=0 -DWRF_CHEM -DBUILD_CHEM=1 -I. -traditional-cpp -DUSE_NETCDF4_FEATURES -DWRFIO_NCD_LARGE_FILE_SUPPORT   module_tiles.b  > module_tiles.f90
rm -f module_tiles.b
time mpif90 -f90=ifort -c -real-size `expr 8 \* 4` -i4 -O0 -fno-inline -no-ip -ip -fp-model precise -w -ftz -align all -fno-alias -FR -convert big_endian   -I../dyn_em  -I/glade/derecho/scratch/yates/NEOM_WRF/wrfv4.6.0/external/esmf_time_f90  -I/glade/derecho/scratch/yates/NEOM_WRF/wrfv4.6.0/main -I/glade/derecho/scratch/yates/NEOM_WRF/wrfv4.6.0/external/io_netcdf -I/glade/derecho/scratch/yates/NEOM_WRF/wrfv4.6.0/external/io_int -I/glade/derecho/scratch/yates/NEOM_WRF/wrfv4.6.0/frame -I/glade/derecho/scratch/yates/NEOM_WRF/wrfv4.6.0/share -I/glade/derecho/scratch/yates/NEOM_WRF/wrfv4.6.0/phys -I/glade/derecho/scratch/yates/NEOM_WRF/wrfv4.6.0/wrftladj -I/glade/derecho/scratch/yates/NEOM_WRF/wrfv4.6.0/chem -I/glade/derecho/scratch/yates/NEOM_WRF/wrfv4.6.0/inc -I/glade/u/apps/derecho/23.09/spack/opt/spack/netcdf/4.9.2/oneapi/2023.2.1/yzvj/include    module_tiles.f90

real	0m3.599s
user	0m3.052s
sys	0m0.506s
rm -f module_clear_halos.o
sed -e "s/^\!.*'.*//" -e "s/^ *\!.*'.*//" module_clear_halos.F > module_clear_halos.G
/lib/cpp -P -nostdinc -I/glade/derecho/scratch/yates/NEOM_WRF/wrfv4.6.0/inc -DEM_CORE=1 -DNMM_CORE=0 -DNMM_MAX_DIM=2600 -DDA_CORE=0 -DWRFPLUS=0 -DIWORDSIZE=4 -DDWORDSIZE=8 -DRWORDSIZE=4 -DLWORDSIZE=4 -DNONSTANDARD_SYSTEM_FUNC  -DWRF_USE_CLM -DUSE_NETCDF4_FEATURES -DWRFIO_NCD_LARGE_FILE_SUPPORT  -DDM_PARALLEL -DNETCDF -DLANDREAD_STUB=1 -DUSE_ALLOCATABLES -Dwrfmodel -DGRIB1 -DINTIO -DKEEP_INT_AROUND -DLIMIT_ARGS -DBUILD_RRTMG_FAST=0 -DBUILD_RRTMK=0 -DBUILD_SBM_FAST=1 -DSHOW_ALL_VARS_USED=0 -DCONFIG_BUF_LEN=65536 -DMAX_DOMAINS_F=21 -DMAX_HISTORY=25 -DNMM_NEST=0 -DWRF_CHEM -DBUILD_CHEM=1 -I. -traditional-cpp -DUSE_NETCDF4_FEATURES -DWRFIO_NCD_LARGE_FILE_SUPPORT   module_clear_halos.G  > module_clear_halos.bb
/glade/derecho/scratch/yates/NEOM_WRF/wrfv4.6.0/tools/standard.exe module_clear_halos.bb | /lib/cpp -P -nostdinc -traditional-cpp -DUSE_NETCDF4_FEATURES -DWRFIO_NCD_LARGE_FILE_SUPPORT > module_clear_halos.f90
rm -f module_clear_halos.G module_clear_halos.bb
time mpif90 -f90=ifort -o module_clear_halos.o -c -O3 -ip -fp-model precise -w -ftz -align all -fno-alias -FR -convert big_endian    -I../dyn_em  -I/glade/derecho/scratch/yates/NEOM_WRF/wrfv4.6.0/external/esmf_time_f90  -I/glade/derecho/scratch/yates/NEOM_WRF/wrfv4.6.0/main -I/glade/derecho/scratch/yates/NEOM_WRF/wrfv4.6.0/external/io_netcdf -I/glade/derecho/scratch/yates/NEOM_WRF/wrfv4.6.0/external/io_int -I/glade/derecho/scratch/yates/NEOM_WRF/wrfv4.6.0/frame -I/glade/derecho/scratch/yates/NEOM_WRF/wrfv4.6.0/share -I/glade/derecho/scratch/yates/NEOM_WRF/wrfv4.6.0/phys -I/glade/derecho/scratch/yates/NEOM_WRF/wrfv4.6.0/wrftladj -I/glade/derecho/scratch/yates/NEOM_WRF/wrfv4.6.0/chem -I/glade/derecho/scratch/yates/NEOM_WRF/wrfv4.6.0/inc -I/glade/u/apps/derecho/23.09/spack/opt/spack/netcdf/4.9.2/oneapi/2023.2.1/yzvj/include  -real-size `expr 8 \* 4` -i4  module_clear_halos.f90

real	0m15.978s
user	0m15.362s
sys	0m0.573s
rm -f module_cpl.o
sed -e "s/^\!.*'.*//" -e "s/^ *\!.*'.*//" module_cpl.F > module_cpl.G
/lib/cpp -P -nostdinc -I/glade/derecho/scratch/yates/NEOM_WRF/wrfv4.6.0/inc -DEM_CORE=1 -DNMM_CORE=0 -DNMM_MAX_DIM=2600 -DDA_CORE=0 -DWRFPLUS=0 -DIWORDSIZE=4 -DDWORDSIZE=8 -DRWORDSIZE=4 -DLWORDSIZE=4 -DNONSTANDARD_SYSTEM_FUNC  -DWRF_USE_CLM -DUSE_NETCDF4_FEATURES -DWRFIO_NCD_LARGE_FILE_SUPPORT  -DDM_PARALLEL -DNETCDF -DLANDREAD_STUB=1 -DUSE_ALLOCATABLES -Dwrfmodel -DGRIB1 -DINTIO -DKEEP_INT_AROUND -DLIMIT_ARGS -DBUILD_RRTMG_FAST=0 -DBUILD_RRTMK=0 -DBUILD_SBM_FAST=1 -DSHOW_ALL_VARS_USED=0 -DCONFIG_BUF_LEN=65536 -DMAX_DOMAINS_F=21 -DMAX_HISTORY=25 -DNMM_NEST=0 -DWRF_CHEM -DBUILD_CHEM=1 -I. -traditional-cpp -DUSE_NETCDF4_FEATURES -DWRFIO_NCD_LARGE_FILE_SUPPORT   module_cpl.G  > module_cpl.bb
/glade/derecho/scratch/yates/NEOM_WRF/wrfv4.6.0/tools/standard.exe module_cpl.bb | /lib/cpp -P -nostdinc -traditional-cpp -DUSE_NETCDF4_FEATURES -DWRFIO_NCD_LARGE_FILE_SUPPORT > module_cpl.f90
rm -f module_cpl.G module_cpl.bb
time mpif90 -f90=ifort -o module_cpl.o -c -O3 -ip -fp-model precise -w -ftz -align all -fno-alias -FR -convert big_endian    -I../dyn_em  -I/glade/derecho/scratch/yates/NEOM_WRF/wrfv4.6.0/external/esmf_time_f90  -I/glade/derecho/scratch/yates/NEOM_WRF/wrfv4.6.0/main -I/glade/derecho/scratch/yates/NEOM_WRF/wrfv4.6.0/external/io_netcdf -I/glade/derecho/scratch/yates/NEOM_WRF/wrfv4.6.0/external/io_int -I/glade/derecho/scratch/yates/NEOM_WRF/wrfv4.6.0/frame -I/glade/derecho/scratch/yates/NEOM_WRF/wrfv4.6.0/share -I/glade/derecho/scratch/yates/NEOM_WRF/wrfv4.6.0/phys -I/glade/derecho/scratch/yates/NEOM_WRF/wrfv4.6.0/wrftladj -I/glade/derecho/scratch/yates/NEOM_WRF/wrfv4.6.0/chem -I/glade/derecho/scratch/yates/NEOM_WRF/wrfv4.6.0/inc -I/glade/u/apps/derecho/23.09/spack/opt/spack/netcdf/4.9.2/oneapi/2023.2.1/yzvj/include  -real-size `expr 8 \* 4` -i4  module_cpl.f90

real	0m2.585s
user	0m2.123s
sys	0m0.429s

real	4m18.274s
user	4m15.936s
sys	0m1.933s
rm -f module_comm_dm.o
/lib/cpp -P -nostdinc -I/glade/derecho/scratch/yates/NEOM_WRF/wrfv4.6.0/inc -DEM_CORE=1 -DNMM_CORE=0 -DNMM_MAX_DIM=2600 -DDA_CORE=0 -DWRFPLUS=0 -DIWORDSIZE=4 -DDWORDSIZE=8 -DRWORDSIZE=4 -DLWORDSIZE=4 -DNONSTANDARD_SYSTEM_FUNC  -DWRF_USE_CLM -DUSE_NETCDF4_FEATURES -DWRFIO_NCD_LARGE_FILE_SUPPORT  -DDM_PARALLEL -DNETCDF -DLANDREAD_STUB=1 -DUSE_ALLOCATABLES -Dwrfmodel -DGRIB1 -DINTIO -DKEEP_INT_AROUND -DLIMIT_ARGS -DBUILD_RRTMG_FAST=0 -DBUILD_RRTMK=0 -DBUILD_SBM_FAST=1 -DSHOW_ALL_VARS_USED=0 -DCONFIG_BUF_LEN=65536 -DMAX_DOMAINS_F=21 -DMAX_HISTORY=25 -DNMM_NEST=0 -DWRF_CHEM -DBUILD_CHEM=1 -I. -traditional-cpp -DUSE_NETCDF4_FEATURES -DWRFIO_NCD_LARGE_FILE_SUPPORT   module_comm_dm.F  > module_comm_dm.bb
/glade/derecho/scratch/yates/NEOM_WRF/wrfv4.6.0/tools/standard.exe module_comm_dm.bb | /lib/cpp -P -nostdinc -traditional-cpp -DUSE_NETCDF4_FEATURES -DWRFIO_NCD_LARGE_FILE_SUPPORT > module_comm_dm.f90
rm -f module_comm_dm.b module_comm_dm.bb
time mpif90 -f90=ifort -c -real-size `expr 8 \* 4` -i4  -O0 -fno-inline -no-ip -ip -fp-model precise -w -ftz -align all -fno-alias -FR -convert big_endian   -I../dyn_em  -I/glade/derecho/scratch/yates/NEOM_WRF/wrfv4.6.0/external/esmf_time_f90  -I/glade/derecho/scratch/yates/NEOM_WRF/wrfv4.6.0/main -I/glade/derecho/scratch/yates/NEOM_WRF/wrfv4.6.0/external/io_netcdf -I/glade/derecho/scratch/yates/NEOM_WRF/wrfv4.6.0/external/io_int -I/glade/derecho/scratch/yates/NEOM_WRF/wrfv4.6.0/frame -I/glade/derecho/scratch/yates/NEOM_WRF/wrfv4.6.0/share -I/glade/derecho/scratch/yates/NEOM_WRF/wrfv4.6.0/phys -I/glade/derecho/scratch/yates/NEOM_WRF/wrfv4.6.0/wrftladj -I/glade/derecho/scratch/yates/NEOM_WRF/wrfv4.6.0/chem -I/glade/derecho/scratch/yates/NEOM_WRF/wrfv4.6.0/inc -I/glade/u/apps/derecho/23.09/spack/opt/spack/netcdf/4.9.2/oneapi/2023.2.1/yzvj/include   module_comm_dm.f90

real	0m16.591s
user	0m0.765s
sys	0m15.499s
rm -f module_dm.o
sed -e "s/^\!.*'.*//" -e "s/^ *\!.*'.*//" module_dm.F > module_dm.G
/lib/cpp -P -nostdinc -I/glade/derecho/scratch/yates/NEOM_WRF/wrfv4.6.0/inc -DEM_CORE=1 -DNMM_CORE=0 -DNMM_MAX_DIM=2600 -DDA_CORE=0 -DWRFPLUS=0 -DIWORDSIZE=4 -DDWORDSIZE=8 -DRWORDSIZE=4 -DLWORDSIZE=4 -DNONSTANDARD_SYSTEM_FUNC  -DWRF_USE_CLM -DUSE_NETCDF4_FEATURES -DWRFIO_NCD_LARGE_FILE_SUPPORT  -DDM_PARALLEL -DNETCDF -DLANDREAD_STUB=1 -DUSE_ALLOCATABLES -Dwrfmodel -DGRIB1 -DINTIO -DKEEP_INT_AROUND -DLIMIT_ARGS -DBUILD_RRTMG_FAST=0 -DBUILD_RRTMK=0 -DBUILD_SBM_FAST=1 -DSHOW_ALL_VARS_USED=0 -DCONFIG_BUF_LEN=65536 -DMAX_DOMAINS_F=21 -DMAX_HISTORY=25 -DNMM_NEST=0 -DWRF_CHEM -DBUILD_CHEM=1 -I. -traditional-cpp -DUSE_NETCDF4_FEATURES -DWRFIO_NCD_LARGE_FILE_SUPPORT   module_dm.G  > module_dm.bb
/glade/derecho/scratch/yates/NEOM_WRF/wrfv4.6.0/tools/standard.exe module_dm.bb | /lib/cpp -P -nostdinc -traditional-cpp -DUSE_NETCDF4_FEATURES -DWRFIO_NCD_LARGE_FILE_SUPPORT > module_dm.f90
rm -f module_dm.G module_dm.bb
time mpif90 -f90=ifort -o module_dm.o -c -O3 -ip -fp-model precise -w -ftz -align all -fno-alias -FR -convert big_endian    -I../dyn_em  -I/glade/derecho/scratch/yates/NEOM_WRF/wrfv4.6.0/external/esmf_time_f90  -I/glade/derecho/scratch/yates/NEOM_WRF/wrfv4.6.0/main -I/glade/derecho/scratch/yates/NEOM_WRF/wrfv4.6.0/external/io_netcdf -I/glade/derecho/scratch/yates/NEOM_WRF/wrfv4.6.0/external/io_int -I/glade/derecho/scratch/yates/NEOM_WRF/wrfv4.6.0/frame -I/glade/derecho/scratch/yates/NEOM_WRF/wrfv4.6.0/share -I/glade/derecho/scratch/yates/NEOM_WRF/wrfv4.6.0/phys -I/glade/derecho/scratch/yates/NEOM_WRF/wrfv4.6.0/wrftladj -I/glade/derecho/scratch/yates/NEOM_WRF/wrfv4.6.0/chem -I/glade/derecho/scratch/yates/NEOM_WRF/wrfv4.6.0/inc -I/glade/u/apps/derecho/23.09/spack/opt/spack/netcdf/4.9.2/oneapi/2023.2.1/yzvj/include  -real-size `expr 8 \* 4` -i4  module_dm.f90

real	3m43.147s
user	3m36.944s
sys	0m4.623s
rm -f module_integrate.o
rm -f module_io.o
/glade/derecho/scratch/yates/NEOM_WRF/wrfv4.6.0/tools/standard.exe module_integrate.F > module_integrate.b 
/lib/cpp -P -nostdinc -I/glade/derecho/scratch/yates/NEOM_WRF/wrfv4.6.0/inc -DEM_CORE=1 -DNMM_CORE=0 -DNMM_MAX_DIM=2600 -DDA_CORE=0 -DWRFPLUS=0 -DIWORDSIZE=4 -DDWORDSIZE=8 -DRWORDSIZE=4 -DLWORDSIZE=4 -DNONSTANDARD_SYSTEM_FUNC  -DWRF_USE_CLM -DUSE_NETCDF4_FEATURES -DWRFIO_NCD_LARGE_FILE_SUPPORT  -DDM_PARALLEL -DNETCDF -DLANDREAD_STUB=1 -DUSE_ALLOCATABLES -Dwrfmodel -DGRIB1 -DINTIO -DKEEP_INT_AROUND -DLIMIT_ARGS -DBUILD_RRTMG_FAST=0 -DBUILD_RRTMK=0 -DBUILD_SBM_FAST=1 -DSHOW_ALL_VARS_USED=0 -DCONFIG_BUF_LEN=65536 -DMAX_DOMAINS_F=21 -DMAX_HISTORY=25 -DNMM_NEST=0 -DWRF_CHEM -DBUILD_CHEM=1 -I. -traditional-cpp -DUSE_NETCDF4_FEATURES -DWRFIO_NCD_LARGE_FILE_SUPPORT   module_io.F  > module_io.bb
/lib/cpp -P -nostdinc -I/glade/derecho/scratch/yates/NEOM_WRF/wrfv4.6.0/inc -DEM_CORE=1 -DNMM_CORE=0 -DNMM_MAX_DIM=2600 -DDA_CORE=0 -DWRFPLUS=0 -DIWORDSIZE=4 -DDWORDSIZE=8 -DRWORDSIZE=4 -DLWORDSIZE=4 -DNONSTANDARD_SYSTEM_FUNC  -DWRF_USE_CLM -DUSE_NETCDF4_FEATURES -DWRFIO_NCD_LARGE_FILE_SUPPORT  -DDM_PARALLEL -DNETCDF -DLANDREAD_STUB=1 -DUSE_ALLOCATABLES -Dwrfmodel -DGRIB1 -DINTIO -DKEEP_INT_AROUND -DLIMIT_ARGS -DBUILD_RRTMG_FAST=0 -DBUILD_RRTMK=0 -DBUILD_SBM_FAST=1 -DSHOW_ALL_VARS_USED=0 -DCONFIG_BUF_LEN=65536 -DMAX_DOMAINS_F=21 -DMAX_HISTORY=25 -DNMM_NEST=0 -DWRF_CHEM -DBUILD_CHEM=1 -I. -traditional-cpp -DUSE_NETCDF4_FEATURES -DWRFIO_NCD_LARGE_FILE_SUPPORT   module_integrate.b  > module_integrate.f90
/glade/derecho/scratch/yates/NEOM_WRF/wrfv4.6.0/tools/standard.exe module_io.bb | /lib/cpp -P -nostdinc -traditional-cpp -DUSE_NETCDF4_FEATURES -DWRFIO_NCD_LARGE_FILE_SUPPORT > module_io.f90
rm -f module_integrate.b
time mpif90 -f90=ifort -c -real-size `expr 8 \* 4` -i4 -O0 -fno-inline -no-ip -ip -fp-model precise -w -ftz -align all -fno-alias -FR -convert big_endian   -I../dyn_em  -I/glade/derecho/scratch/yates/NEOM_WRF/wrfv4.6.0/external/esmf_time_f90  -I/glade/derecho/scratch/yates/NEOM_WRF/wrfv4.6.0/main -I/glade/derecho/scratch/yates/NEOM_WRF/wrfv4.6.0/external/io_netcdf -I/glade/derecho/scratch/yates/NEOM_WRF/wrfv4.6.0/external/io_int -I/glade/derecho/scratch/yates/NEOM_WRF/wrfv4.6.0/frame -I/glade/derecho/scratch/yates/NEOM_WRF/wrfv4.6.0/share -I/glade/derecho/scratch/yates/NEOM_WRF/wrfv4.6.0/phys -I/glade/derecho/scratch/yates/NEOM_WRF/wrfv4.6.0/wrftladj -I/glade/derecho/scratch/yates/NEOM_WRF/wrfv4.6.0/chem -I/glade/derecho/scratch/yates/NEOM_WRF/wrfv4.6.0/inc -I/glade/u/apps/derecho/23.09/spack/opt/spack/netcdf/4.9.2/oneapi/2023.2.1/yzvj/include    module_integrate.f90
rm -f module_io.b module_io.bb
time mpif90 -f90=ifort -c -real-size `expr 8 \* 4` -i4  -O0 -fno-inline -no-ip -ip -fp-model precise -w -ftz -align all -fno-alias -FR -convert big_endian   -I../dyn_em  -I/glade/derecho/scratch/yates/NEOM_WRF/wrfv4.6.0/external/esmf_time_f90  -I/glade/derecho/scratch/yates/NEOM_WRF/wrfv4.6.0/main -I/glade/derecho/scratch/yates/NEOM_WRF/wrfv4.6.0/external/io_netcdf -I/glade/derecho/scratch/yates/NEOM_WRF/wrfv4.6.0/external/io_int -I/glade/derecho/scratch/yates/NEOM_WRF/wrfv4.6.0/frame -I/glade/derecho/scratch/yates/NEOM_WRF/wrfv4.6.0/share -I/glade/derecho/scratch/yates/NEOM_WRF/wrfv4.6.0/phys -I/glade/derecho/scratch/yates/NEOM_WRF/wrfv4.6.0/wrftladj -I/glade/derecho/scratch/yates/NEOM_WRF/wrfv4.6.0/chem -I/glade/derecho/scratch/yates/NEOM_WRF/wrfv4.6.0/inc -I/glade/u/apps/derecho/23.09/spack/opt/spack/netcdf/4.9.2/oneapi/2023.2.1/yzvj/include   module_io.f90

real	0m5.625s
user	0m4.277s
sys	0m0.780s
rm -f module_io_quilt.o
sed -e "s/^\!.*'.*//" -e "s/^ *\!.*'.*//" module_io_quilt.F > module_io_quilt.G
/lib/cpp -P -nostdinc -I/glade/derecho/scratch/yates/NEOM_WRF/wrfv4.6.0/inc -DEM_CORE=1 -DNMM_CORE=0 -DNMM_MAX_DIM=2600 -DDA_CORE=0 -DWRFPLUS=0 -DIWORDSIZE=4 -DDWORDSIZE=8 -DRWORDSIZE=4 -DLWORDSIZE=4 -DNONSTANDARD_SYSTEM_FUNC  -DWRF_USE_CLM -DUSE_NETCDF4_FEATURES -DWRFIO_NCD_LARGE_FILE_SUPPORT  -DDM_PARALLEL -DNETCDF -DLANDREAD_STUB=1 -DUSE_ALLOCATABLES -Dwrfmodel -DGRIB1 -DINTIO -DKEEP_INT_AROUND -DLIMIT_ARGS -DBUILD_RRTMG_FAST=0 -DBUILD_RRTMK=0 -DBUILD_SBM_FAST=1 -DSHOW_ALL_VARS_USED=0 -DCONFIG_BUF_LEN=65536 -DMAX_DOMAINS_F=21 -DMAX_HISTORY=25 -DNMM_NEST=0 -DWRF_CHEM -DBUILD_CHEM=1 -I. -traditional-cpp -DUSE_NETCDF4_FEATURES -DWRFIO_NCD_LARGE_FILE_SUPPORT   module_io_quilt.G  > module_io_quilt.bb
/glade/derecho/scratch/yates/NEOM_WRF/wrfv4.6.0/tools/standard.exe module_io_quilt.bb | /lib/cpp -P -nostdinc -traditional-cpp -DUSE_NETCDF4_FEATURES -DWRFIO_NCD_LARGE_FILE_SUPPORT > module_io_quilt.f90

real	0m5.686s
user	0m4.435s
sys	0m1.088s
rm -f module_io_quilt.G module_io_quilt.bb
time mpif90 -f90=ifort -o module_io_quilt.o -c -O3 -ip -fp-model precise -w -ftz -align all -fno-alias -FR -convert big_endian    -I../dyn_em  -I/glade/derecho/scratch/yates/NEOM_WRF/wrfv4.6.0/external/esmf_time_f90  -I/glade/derecho/scratch/yates/NEOM_WRF/wrfv4.6.0/main -I/glade/derecho/scratch/yates/NEOM_WRF/wrfv4.6.0/external/io_netcdf -I/glade/derecho/scratch/yates/NEOM_WRF/wrfv4.6.0/external/io_int -I/glade/derecho/scratch/yates/NEOM_WRF/wrfv4.6.0/frame -I/glade/derecho/scratch/yates/NEOM_WRF/wrfv4.6.0/share -I/glade/derecho/scratch/yates/NEOM_WRF/wrfv4.6.0/phys -I/glade/derecho/scratch/yates/NEOM_WRF/wrfv4.6.0/wrftladj -I/glade/derecho/scratch/yates/NEOM_WRF/wrfv4.6.0/chem -I/glade/derecho/scratch/yates/NEOM_WRF/wrfv4.6.0/inc -I/glade/u/apps/derecho/23.09/spack/opt/spack/netcdf/4.9.2/oneapi/2023.2.1/yzvj/include  -real-size `expr 8 \* 4` -i4  module_io_quilt.f90

real	0m1.731s
user	0m1.336s
sys	0m0.367s
ar ru ../main/libwrflib.a module_driver_constants.o module_domain_type.o module_streams.o module_domain.o  module_integrate.o module_timing.o module_configure.o module_tiles.o module_machine.o module_nesting.o module_wrf_error.o module_state_description.o module_sm.o module_io.o module_comm_dm.o module_comm_dm_0.o module_comm_dm_1.o module_comm_dm_2.o module_comm_dm_3.o module_comm_dm_4.o module_comm_nesting_dm.o module_dm.o module_quilt_outbuf_ops.o module_io_quilt.o module_cpl.o module_cpl_oasis3.o module_clear_halos.o wrf_num_bytes_between.o wrf_shutdown.o wrf_debug.o libmassv.o collect_on_comm.o hires_timer.o clog.o nl_get_0_routines.o nl_get_1_routines.o nl_get_2_routines.o nl_get_3_routines.o nl_get_4_routines.o nl_get_5_routines.o nl_get_6_routines.o nl_get_7_routines.o nl_set_0_routines.o nl_set_1_routines.o nl_set_2_routines.o nl_set_3_routines.o nl_set_4_routines.o nl_set_5_routines.o nl_set_6_routines.o nl_set_7_routines.o  module_alloc_space_0.o module_alloc_space_1.o module_alloc_space_2.o module_alloc_space_3.o module_alloc_space_4.o module_alloc_space_5.o module_alloc_space_6.o module_alloc_space_7.o module_alloc_space_8.o module_alloc_space_9.o
ar: creating ../main/libwrflib.a
ranlib ../main/libwrflib.a
make[2]: Leaving directory '/glade/derecho/scratch/yates/NEOM_WRF/wrfv4.6.0/frame'
make[2]: Entering directory '/glade/derecho/scratch/yates/NEOM_WRF/wrfv4.6.0/external/io_netcdf'
x=`echo "time mpif90 -f90=ifort -ip -fp-model precise -w -ftz -align all -fno-alias -FR -convert big_endian   -real-size 32 -i4  " | awk '{print $1}'` ; export x ; \
if [ $x = "gfortran" ] ; then \
           echo removing external declaration of iargc for gfortran ; \
   /lib/cpp -P -nostdinc -P -traditional-cpp -DUSE_NETCDF4_FEATURES -DWRFIO_NCD_LARGE_FILE_SUPPORT -I/glade/u/apps/derecho/23.09/spack/opt/spack/netcdf/4.9.2/oneapi/2023.2.1/yzvj/include -I../ioapi_share diffwrf.F90 | sed '/integer *, *external.*iargc/d' > diffwrf.f ;\
        else \
   /lib/cpp -P -nostdinc -P -traditional-cpp -DUSE_NETCDF4_FEATURES -DWRFIO_NCD_LARGE_FILE_SUPPORT -I/glade/u/apps/derecho/23.09/spack/opt/spack/netcdf/4.9.2/oneapi/2023.2.1/yzvj/include -I../ioapi_share diffwrf.F90 > diffwrf.f ; \
        fi
time mpif90 -f90=ifort -ip -fp-model precise -w -ftz -align all -fno-alias -FR -convert big_endian   -real-size 32 -i4   -c  -I/glade/u/apps/derecho/23.09/spack/opt/spack/netcdf/4.9.2/oneapi/2023.2.1/yzvj/include -I../ioapi_share diffwrf.f
0.36user 0.21system 0:00.60elapsed 96%CPU (0avgtext+0avgdata 73244maxresident)k
0inputs+728outputs (0major+25857minor)pagefaults 0swaps
diffwrf io_netcdf is being built now. 

real	0m0.888s
user	0m0.238s
sys	0m0.412s
make[2]: Leaving directory '/glade/derecho/scratch/yates/NEOM_WRF/wrfv4.6.0/external/io_netcdf'
make[2]: Entering directory '/glade/derecho/scratch/yates/NEOM_WRF/wrfv4.6.0/external/io_netcdf'
make[2]: Nothing to be done for 'all'.
make[2]: Leaving directory '/glade/derecho/scratch/yates/NEOM_WRF/wrfv4.6.0/external/io_netcdf'
SKIPPING make -i -r NETCDFPARPATH=/glade/u/apps/derecho/23.09/spack/opt/spack/netcdf/4.9.2/oneapi/2023.2.1/yzvj NETCDF4_DEP_LIB=-L/glade/u/apps/derecho/23.09/spack/opt/spack/netcdf/4.9.2/packages/netcdf-c/4.9.2/oneapi/2023.2.1/cnx4/lib -lnetcdf -L/glade/u/apps/derecho/23.09/spack/opt/spack/netcdf/4.9.2/packages/netcdf-fortran/4.6.1/oneapi/2023.2.1/vfpj/lib -lnetcdff -lnetcdf -lnetcdf -lm FC=time mpif90 -f90=ifort -ip -fp-model precise -w -ftz -align all -fno-alias -FR -convert big_endian   -real-size 32 -i4   RANLIB=ranlib CPP=/lib/cpp -P -nostdinc LDFLAGS= -O3 -ip -fp-model precise -w -ftz -align all -fno-alias -FR -convert big_endian   -ip   TRADFLAG=-traditional-cpp -DUSE_NETCDF4_FEATURES -DWRFIO_NCD_LARGE_FILE_SUPPORT ESMF_IO_LIB_EXT=-L/glade/derecho/scratch/yates/NEOM_WRF/wrfv4.6.0/external/esmf_time_f90 -lesmf_time LIB_LOCAL= ESMF_MOD_DEPENDENCE=/glade/derecho/scratch/yates/NEOM_WRF/wrfv4.6.0/external/esmf_time_f90/module_utility.o AR=INTERNAL_BUILD_ERROR_SHOULD_NOT_NEED_AR diffwrf
SKIPPING make -i -r NETCDFPARPATH=/glade/u/apps/derecho/23.09/spack/opt/spack/netcdf/4.9.2/oneapi/2023.2.1/yzvj NETCDF4_DEP_LIB=-L/glade/u/apps/derecho/23.09/spack/opt/spack/netcdf/4.9.2/packages/netcdf-c/4.9.2/oneapi/2023.2.1/cnx4/lib -lnetcdf -L/glade/u/apps/derecho/23.09/spack/opt/spack/netcdf/4.9.2/packages/netcdf-fortran/4.6.1/oneapi/2023.2.1/vfpj/lib -lnetcdff -lnetcdf -lnetcdf -lm FC=ifort -ip -fp-model precise -w -ftz -align all -fno-alias -FR -convert big_endian   -real-size 32 -i4   RANLIB=ranlib CPP=/lib/cpp -P -nostdinc LDFLAGS= -O3 -ip -fp-model precise -w -ftz -align all -fno-alias -FR -convert big_endian   -ip   TRADFLAG=-traditional-cpp -DUSE_NETCDF4_FEATURES -DWRFIO_NCD_LARGE_FILE_SUPPORT ESMF_IO_LIB_EXT=-L/glade/derecho/scratch/yates/NEOM_WRF/wrfv4.6.0/external/esmf_time_f90 -lesmf_time LIB_LOCAL= ESMF_MOD_DEPENDENCE=/glade/derecho/scratch/yates/NEOM_WRF/wrfv4.6.0/external/esmf_time_f90/module_utility.o AR=INTERNAL_BUILD_ERROR_SHOULD_NOT_NEED_AR
SKIPPING PIO BUILD make -i -r NETCDFPATH= NETCDF4_DEP_LIB=-L/glade/u/apps/derecho/23.09/spack/opt/spack/netcdf/4.9.2/packages/netcdf-c/4.9.2/oneapi/2023.2.1/cnx4/lib -lnetcdf -L/glade/u/apps/derecho/23.09/spack/opt/spack/netcdf/4.9.2/packages/netcdf-fortran/4.6.1/oneapi/2023.2.1/vfpj/lib -lnetcdff -lnetcdf -lnetcdf -lm FC=ifort -ip -fp-model precise -w -ftz -align all -fno-alias -FR -convert big_endian   -real-size 32 -i4   RANLIB=ranlib CPP=/lib/cpp -P -nostdinc LDFLAGS= -O3 -ip -fp-model precise -w -ftz -align all -fno-alias -FR -convert big_endian   -ip   TRADFLAG=-traditional-cpp -DUSE_NETCDF4_FEATURES -DWRFIO_NCD_LARGE_FILE_SUPPORT ESMF_IO_LIB_EXT=-L/glade/derecho/scratch/yates/NEOM_WRF/wrfv4.6.0/external/esmf_time_f90 -lesmf_time LIB_LOCAL= ESMF_MOD_DEPENDENCE=/glade/derecho/scratch/yates/NEOM_WRF/wrfv4.6.0/external/esmf_time_f90/module_utility.o AR=INTERNAL_BUILD_ERROR_SHOULD_NOT_NEED_AR
make[2]: Entering directory '/glade/derecho/scratch/yates/NEOM_WRF/wrfv4.6.0/external/io_int'
if [ -f ../../frame/pack_utils.o -a -f ../../frame/clog.o ] ; then \
  ifort -ip -fp-model precise -w -ftz -align all -fno-alias -FR -convert big_endian   -real-size 32 -i4     -I../ioapi_share -o diffwrf diffwrf.f \
	../../frame/pack_utils.o ../../frame/module_internal_header_util.o ../../frame/module_driver_constants.o ../../frame/module_machine.o ../../frame/module_wrf_error.o ../../frame/wrf_debug.o -L/glade/derecho/scratch/yates/NEOM_WRF/wrfv4.6.0/external/esmf_time_f90 -lesmf_time libwrfio_int.a ; \
fi
make[2]: Leaving directory '/glade/derecho/scratch/yates/NEOM_WRF/wrfv4.6.0/external/io_int'
make[1]: Leaving directory '/glade/derecho/scratch/yates/NEOM_WRF/wrfv4.6.0'
make -i -r MODULE_DIRS="-I../dyn_em  -I/glade/derecho/scratch/yates/NEOM_WRF/wrfv4.6.0/external/esmf_time_f90  -I/glade/derecho/scratch/yates/NEOM_WRF/wrfv4.6.0/main -I/glade/derecho/scratch/yates/NEOM_WRF/wrfv4.6.0/external/io_netcdf -I/glade/derecho/scratch/yates/NEOM_WRF/wrfv4.6.0/external/io_int -I/glade/derecho/scratch/yates/NEOM_WRF/wrfv4.6.0/frame -I/glade/derecho/scratch/yates/NEOM_WRF/wrfv4.6.0/share -I/glade/derecho/scratch/yates/NEOM_WRF/wrfv4.6.0/phys -I/glade/derecho/scratch/yates/NEOM_WRF/wrfv4.6.0/wrftladj -I/glade/derecho/scratch/yates/NEOM_WRF/wrfv4.6.0/chem -I/glade/derecho/scratch/yates/NEOM_WRF/wrfv4.6.0/inc -I/glade/u/apps/derecho/23.09/spack/opt/spack/netcdf/4.9.2/oneapi/2023.2.1/yzvj/include " shared
make[1]: Entering directory '/glade/derecho/scratch/yates/NEOM_WRF/wrfv4.6.0'
--------------------------------------
if [ "`echo -j 2 | sed -e 's/-j//g' -e 's/ \+//g'`" -gt "6" ] ; then \
  if [ 0 -eq 0 ]   ; then \
   ( cd share ; make -i -r -j 6 PERTMOD=" " ) ;  \
  else \
   ( cd share ; make -i -r -j 6 PERTMOD="../dyn_em/module_bc_em.o ../wrftladj/mediation_pertmod_io.o" ) ;  \
  fi \
else \
  if [ 0 -eq 0 ]   ; then \
   ( cd share ; make -i -r -j 2 PERTMOD=" " ) ;  \
  else \
   ( cd share ; make -i -r -j 2 PERTMOD="../dyn_em/module_bc_em.o ../wrftladj/mediation_pertmod_io.o" ) ;  \
  fi \
fi
make[2]: Entering directory '/glade/derecho/scratch/yates/NEOM_WRF/wrfv4.6.0/share'
rm -f module_bc_time_utilities.o
rm -f module_get_file_names.o
sed -e "s/^\!.*'.*//" -e "s/^ *\!.*'.*//" module_bc_time_utilities.F > module_bc_time_utilities.G
sed -e "s/^\!.*'.*//" -e "s/^ *\!.*'.*//" module_get_file_names.F > module_get_file_names.G
/lib/cpp -P -nostdinc -I/glade/derecho/scratch/yates/NEOM_WRF/wrfv4.6.0/inc -DEM_CORE=1 -DNMM_CORE=0 -DNMM_MAX_DIM=2600 -DDA_CORE=0 -DWRFPLUS=0 -DIWORDSIZE=4 -DDWORDSIZE=8 -DRWORDSIZE=4 -DLWORDSIZE=4 -DNONSTANDARD_SYSTEM_FUNC  -DWRF_USE_CLM -DUSE_NETCDF4_FEATURES -DWRFIO_NCD_LARGE_FILE_SUPPORT  -DDM_PARALLEL -DNETCDF -DLANDREAD_STUB=1 -DUSE_ALLOCATABLES -Dwrfmodel -DGRIB1 -DINTIO -DKEEP_INT_AROUND -DLIMIT_ARGS -DBUILD_RRTMG_FAST=0 -DBUILD_RRTMK=0 -DBUILD_SBM_FAST=1 -DSHOW_ALL_VARS_USED=0 -DCONFIG_BUF_LEN=65536 -DMAX_DOMAINS_F=21 -DMAX_HISTORY=25 -DNMM_NEST=0 -DWRF_CHEM -DBUILD_CHEM=1 -I. -traditional-cpp -DUSE_NETCDF4_FEATURES -DWRFIO_NCD_LARGE_FILE_SUPPORT   module_get_file_names.G  > module_get_file_names.bb
/lib/cpp -P -nostdinc -I/glade/derecho/scratch/yates/NEOM_WRF/wrfv4.6.0/inc -DEM_CORE=1 -DNMM_CORE=0 -DNMM_MAX_DIM=2600 -DDA_CORE=0 -DWRFPLUS=0 -DIWORDSIZE=4 -DDWORDSIZE=8 -DRWORDSIZE=4 -DLWORDSIZE=4 -DNONSTANDARD_SYSTEM_FUNC  -DWRF_USE_CLM -DUSE_NETCDF4_FEATURES -DWRFIO_NCD_LARGE_FILE_SUPPORT  -DDM_PARALLEL -DNETCDF -DLANDREAD_STUB=1 -DUSE_ALLOCATABLES -Dwrfmodel -DGRIB1 -DINTIO -DKEEP_INT_AROUND -DLIMIT_ARGS -DBUILD_RRTMG_FAST=0 -DBUILD_RRTMK=0 -DBUILD_SBM_FAST=1 -DSHOW_ALL_VARS_USED=0 -DCONFIG_BUF_LEN=65536 -DMAX_DOMAINS_F=21 -DMAX_HISTORY=25 -DNMM_NEST=0 -DWRF_CHEM -DBUILD_CHEM=1 -I. -traditional-cpp -DUSE_NETCDF4_FEATURES -DWRFIO_NCD_LARGE_FILE_SUPPORT   module_bc_time_utilities.G  > module_bc_time_utilities.bb
/glade/derecho/scratch/yates/NEOM_WRF/wrfv4.6.0/tools/standard.exe module_get_file_names.bb | /lib/cpp -P -nostdinc -traditional-cpp -DUSE_NETCDF4_FEATURES -DWRFIO_NCD_LARGE_FILE_SUPPORT > module_get_file_names.f90
/glade/derecho/scratch/yates/NEOM_WRF/wrfv4.6.0/tools/standard.exe module_bc_time_utilities.bb | /lib/cpp -P -nostdinc -traditional-cpp -DUSE_NETCDF4_FEATURES -DWRFIO_NCD_LARGE_FILE_SUPPORT > module_bc_time_utilities.f90
rm -f module_bc_time_utilities.G module_bc_time_utilities.bb
rm -f module_get_file_names.G module_get_file_names.bb
time mpif90 -f90=ifort -o module_bc_time_utilities.o -c -O3 -ip -fp-model precise -w -ftz -align all -fno-alias -FR -convert big_endian    -I../dyn_em  -I/glade/derecho/scratch/yates/NEOM_WRF/wrfv4.6.0/external/esmf_time_f90  -I/glade/derecho/scratch/yates/NEOM_WRF/wrfv4.6.0/main -I/glade/derecho/scratch/yates/NEOM_WRF/wrfv4.6.0/external/io_netcdf -I/glade/derecho/scratch/yates/NEOM_WRF/wrfv4.6.0/external/io_int -I/glade/derecho/scratch/yates/NEOM_WRF/wrfv4.6.0/frame -I/glade/derecho/scratch/yates/NEOM_WRF/wrfv4.6.0/share -I/glade/derecho/scratch/yates/NEOM_WRF/wrfv4.6.0/phys -I/glade/derecho/scratch/yates/NEOM_WRF/wrfv4.6.0/wrftladj -I/glade/derecho/scratch/yates/NEOM_WRF/wrfv4.6.0/chem -I/glade/derecho/scratch/yates/NEOM_WRF/wrfv4.6.0/inc -I/glade/u/apps/derecho/23.09/spack/opt/spack/netcdf/4.9.2/oneapi/2023.2.1/yzvj/include  -real-size `expr 8 \* 4` -i4  module_bc_time_utilities.f90
time mpif90 -f90=ifort -o module_get_file_names.o -c -O3 -ip -fp-model precise -w -ftz -align all -fno-alias -FR -convert big_endian    -I../dyn_em  -I/glade/derecho/scratch/yates/NEOM_WRF/wrfv4.6.0/external/esmf_time_f90  -I/glade/derecho/scratch/yates/NEOM_WRF/wrfv4.6.0/main -I/glade/derecho/scratch/yates/NEOM_WRF/wrfv4.6.0/external/io_netcdf -I/glade/derecho/scratch/yates/NEOM_WRF/wrfv4.6.0/external/io_int -I/glade/derecho/scratch/yates/NEOM_WRF/wrfv4.6.0/frame -I/glade/derecho/scratch/yates/NEOM_WRF/wrfv4.6.0/share -I/glade/derecho/scratch/yates/NEOM_WRF/wrfv4.6.0/phys -I/glade/derecho/scratch/yates/NEOM_WRF/wrfv4.6.0/wrftladj -I/glade/derecho/scratch/yates/NEOM_WRF/wrfv4.6.0/chem -I/glade/derecho/scratch/yates/NEOM_WRF/wrfv4.6.0/inc -I/glade/u/apps/derecho/23.09/spack/opt/spack/netcdf/4.9.2/oneapi/2023.2.1/yzvj/include  -real-size `expr 8 \* 4` -i4  module_get_file_names.f90

real	0m0.408s
user	0m0.118s
sys	0m0.259s
rm -f module_compute_geop.o
sed -e "s/^\!.*'.*//" -e "s/^ *\!.*'.*//" module_compute_geop.F > module_compute_geop.G

real	0m0.440s
user	0m0.146s
sys	0m0.263s
rm -f module_chem_share.o
sed -e "s/^\!.*'.*//" -e "s/^ *\!.*'.*//" module_chem_share.F > module_chem_share.G
/lib/cpp -P -nostdinc -I/glade/derecho/scratch/yates/NEOM_WRF/wrfv4.6.0/inc -DEM_CORE=1 -DNMM_CORE=0 -DNMM_MAX_DIM=2600 -DDA_CORE=0 -DWRFPLUS=0 -DIWORDSIZE=4 -DDWORDSIZE=8 -DRWORDSIZE=4 -DLWORDSIZE=4 -DNONSTANDARD_SYSTEM_FUNC  -DWRF_USE_CLM -DUSE_NETCDF4_FEATURES -DWRFIO_NCD_LARGE_FILE_SUPPORT  -DDM_PARALLEL -DNETCDF -DLANDREAD_STUB=1 -DUSE_ALLOCATABLES -Dwrfmodel -DGRIB1 -DINTIO -DKEEP_INT_AROUND -DLIMIT_ARGS -DBUILD_RRTMG_FAST=0 -DBUILD_RRTMK=0 -DBUILD_SBM_FAST=1 -DSHOW_ALL_VARS_USED=0 -DCONFIG_BUF_LEN=65536 -DMAX_DOMAINS_F=21 -DMAX_HISTORY=25 -DNMM_NEST=0 -DWRF_CHEM -DBUILD_CHEM=1 -I. -traditional-cpp -DUSE_NETCDF4_FEATURES -DWRFIO_NCD_LARGE_FILE_SUPPORT   module_chem_share.G  > module_chem_share.bb
/lib/cpp -P -nostdinc -I/glade/derecho/scratch/yates/NEOM_WRF/wrfv4.6.0/inc -DEM_CORE=1 -DNMM_CORE=0 -DNMM_MAX_DIM=2600 -DDA_CORE=0 -DWRFPLUS=0 -DIWORDSIZE=4 -DDWORDSIZE=8 -DRWORDSIZE=4 -DLWORDSIZE=4 -DNONSTANDARD_SYSTEM_FUNC  -DWRF_USE_CLM -DUSE_NETCDF4_FEATURES -DWRFIO_NCD_LARGE_FILE_SUPPORT  -DDM_PARALLEL -DNETCDF -DLANDREAD_STUB=1 -DUSE_ALLOCATABLES -Dwrfmodel -DGRIB1 -DINTIO -DKEEP_INT_AROUND -DLIMIT_ARGS -DBUILD_RRTMG_FAST=0 -DBUILD_RRTMK=0 -DBUILD_SBM_FAST=1 -DSHOW_ALL_VARS_USED=0 -DCONFIG_BUF_LEN=65536 -DMAX_DOMAINS_F=21 -DMAX_HISTORY=25 -DNMM_NEST=0 -DWRF_CHEM -DBUILD_CHEM=1 -I. -traditional-cpp -DUSE_NETCDF4_FEATURES -DWRFIO_NCD_LARGE_FILE_SUPPORT   module_compute_geop.G  > module_compute_geop.bb
/glade/derecho/scratch/yates/NEOM_WRF/wrfv4.6.0/tools/standard.exe module_chem_share.bb | /lib/cpp -P -nostdinc -traditional-cpp -DUSE_NETCDF4_FEATURES -DWRFIO_NCD_LARGE_FILE_SUPPORT > module_chem_share.f90
/glade/derecho/scratch/yates/NEOM_WRF/wrfv4.6.0/tools/standard.exe module_compute_geop.bb | /lib/cpp -P -nostdinc -traditional-cpp -DUSE_NETCDF4_FEATURES -DWRFIO_NCD_LARGE_FILE_SUPPORT > module_compute_geop.f90
rm -f module_chem_share.G module_chem_share.bb
rm -f module_compute_geop.G module_compute_geop.bb
time mpif90 -f90=ifort -o module_chem_share.o -c -O3 -ip -fp-model precise -w -ftz -align all -fno-alias -FR -convert big_endian    -I../dyn_em  -I/glade/derecho/scratch/yates/NEOM_WRF/wrfv4.6.0/external/esmf_time_f90  -I/glade/derecho/scratch/yates/NEOM_WRF/wrfv4.6.0/main -I/glade/derecho/scratch/yates/NEOM_WRF/wrfv4.6.0/external/io_netcdf -I/glade/derecho/scratch/yates/NEOM_WRF/wrfv4.6.0/external/io_int -I/glade/derecho/scratch/yates/NEOM_WRF/wrfv4.6.0/frame -I/glade/derecho/scratch/yates/NEOM_WRF/wrfv4.6.0/share -I/glade/derecho/scratch/yates/NEOM_WRF/wrfv4.6.0/phys -I/glade/derecho/scratch/yates/NEOM_WRF/wrfv4.6.0/wrftladj -I/glade/derecho/scratch/yates/NEOM_WRF/wrfv4.6.0/chem -I/glade/derecho/scratch/yates/NEOM_WRF/wrfv4.6.0/inc -I/glade/u/apps/derecho/23.09/spack/opt/spack/netcdf/4.9.2/oneapi/2023.2.1/yzvj/include  -real-size `expr 8 \* 4` -i4  module_chem_share.f90
time mpif90 -f90=ifort -o module_compute_geop.o -c -O3 -ip -fp-model precise -w -ftz -align all -fno-alias -FR -convert big_endian    -I../dyn_em  -I/glade/derecho/scratch/yates/NEOM_WRF/wrfv4.6.0/external/esmf_time_f90  -I/glade/derecho/scratch/yates/NEOM_WRF/wrfv4.6.0/main -I/glade/derecho/scratch/yates/NEOM_WRF/wrfv4.6.0/external/io_netcdf -I/glade/derecho/scratch/yates/NEOM_WRF/wrfv4.6.0/external/io_int -I/glade/derecho/scratch/yates/NEOM_WRF/wrfv4.6.0/frame -I/glade/derecho/scratch/yates/NEOM_WRF/wrfv4.6.0/share -I/glade/derecho/scratch/yates/NEOM_WRF/wrfv4.6.0/phys -I/glade/derecho/scratch/yates/NEOM_WRF/wrfv4.6.0/wrftladj -I/glade/derecho/scratch/yates/NEOM_WRF/wrfv4.6.0/chem -I/glade/derecho/scratch/yates/NEOM_WRF/wrfv4.6.0/inc -I/glade/u/apps/derecho/23.09/spack/opt/spack/netcdf/4.9.2/oneapi/2023.2.1/yzvj/include  -real-size `expr 8 \* 4` -i4  module_compute_geop.f90

real	0m0.408s
user	0m0.114s
sys	0m0.267s
rm -f ../phys/module_bep_bem_helper.o
sed -e "s/^\!.*'.*//" -e "s/^ *\!.*'.*//" ../phys/module_bep_bem_helper.F > ../phys/module_bep_bem_helper.G

real	0m0.430s
user	0m0.140s
sys	0m0.265s
rm -f module_HLaw.o
/lib/cpp -P -nostdinc -I/glade/derecho/scratch/yates/NEOM_WRF/wrfv4.6.0/inc -DEM_CORE=1 -DNMM_CORE=0 -DNMM_MAX_DIM=2600 -DDA_CORE=0 -DWRFPLUS=0 -DIWORDSIZE=4 -DDWORDSIZE=8 -DRWORDSIZE=4 -DLWORDSIZE=4 -DNONSTANDARD_SYSTEM_FUNC  -DWRF_USE_CLM -DUSE_NETCDF4_FEATURES -DWRFIO_NCD_LARGE_FILE_SUPPORT  -DDM_PARALLEL -DNETCDF -DLANDREAD_STUB=1 -DUSE_ALLOCATABLES -Dwrfmodel -DGRIB1 -DINTIO -DKEEP_INT_AROUND -DLIMIT_ARGS -DBUILD_RRTMG_FAST=0 -DBUILD_RRTMK=0 -DBUILD_SBM_FAST=1 -DSHOW_ALL_VARS_USED=0 -DCONFIG_BUF_LEN=65536 -DMAX_DOMAINS_F=21 -DMAX_HISTORY=25 -DNMM_NEST=0 -DWRF_CHEM -DBUILD_CHEM=1 -I. -traditional-cpp -DUSE_NETCDF4_FEATURES -DWRFIO_NCD_LARGE_FILE_SUPPORT   ../phys/module_bep_bem_helper.G  > ../phys/module_bep_bem_helper.bb
sed -e "s/^\!.*'.*//" -e "s/^ *\!.*'.*//" module_HLaw.F > module_HLaw.G
/glade/derecho/scratch/yates/NEOM_WRF/wrfv4.6.0/tools/standard.exe ../phys/module_bep_bem_helper.bb | /lib/cpp -P -nostdinc -traditional-cpp -DUSE_NETCDF4_FEATURES -DWRFIO_NCD_LARGE_FILE_SUPPORT > ../phys/module_bep_bem_helper.f90
/lib/cpp -P -nostdinc -I/glade/derecho/scratch/yates/NEOM_WRF/wrfv4.6.0/inc -DEM_CORE=1 -DNMM_CORE=0 -DNMM_MAX_DIM=2600 -DDA_CORE=0 -DWRFPLUS=0 -DIWORDSIZE=4 -DDWORDSIZE=8 -DRWORDSIZE=4 -DLWORDSIZE=4 -DNONSTANDARD_SYSTEM_FUNC  -DWRF_USE_CLM -DUSE_NETCDF4_FEATURES -DWRFIO_NCD_LARGE_FILE_SUPPORT  -DDM_PARALLEL -DNETCDF -DLANDREAD_STUB=1 -DUSE_ALLOCATABLES -Dwrfmodel -DGRIB1 -DINTIO -DKEEP_INT_AROUND -DLIMIT_ARGS -DBUILD_RRTMG_FAST=0 -DBUILD_RRTMK=0 -DBUILD_SBM_FAST=1 -DSHOW_ALL_VARS_USED=0 -DCONFIG_BUF_LEN=65536 -DMAX_DOMAINS_F=21 -DMAX_HISTORY=25 -DNMM_NEST=0 -DWRF_CHEM -DBUILD_CHEM=1 -I. -traditional-cpp -DUSE_NETCDF4_FEATURES -DWRFIO_NCD_LARGE_FILE_SUPPORT   module_HLaw.G  > module_HLaw.bb
/glade/derecho/scratch/yates/NEOM_WRF/wrfv4.6.0/tools/standard.exe module_HLaw.bb | /lib/cpp -P -nostdinc -traditional-cpp -DUSE_NETCDF4_FEATURES -DWRFIO_NCD_LARGE_FILE_SUPPORT > module_HLaw.f90
rm -f ../phys/module_bep_bem_helper.G ../phys/module_bep_bem_helper.bb
time mpif90 -f90=ifort -o ../phys/module_bep_bem_helper.o -c -O3 -ip -fp-model precise -w -ftz -align all -fno-alias -FR -convert big_endian    -I../dyn_em  -I/glade/derecho/scratch/yates/NEOM_WRF/wrfv4.6.0/external/esmf_time_f90  -I/glade/derecho/scratch/yates/NEOM_WRF/wrfv4.6.0/main -I/glade/derecho/scratch/yates/NEOM_WRF/wrfv4.6.0/external/io_netcdf -I/glade/derecho/scratch/yates/NEOM_WRF/wrfv4.6.0/external/io_int -I/glade/derecho/scratch/yates/NEOM_WRF/wrfv4.6.0/frame -I/glade/derecho/scratch/yates/NEOM_WRF/wrfv4.6.0/share -I/glade/derecho/scratch/yates/NEOM_WRF/wrfv4.6.0/phys -I/glade/derecho/scratch/yates/NEOM_WRF/wrfv4.6.0/wrftladj -I/glade/derecho/scratch/yates/NEOM_WRF/wrfv4.6.0/chem -I/glade/derecho/scratch/yates/NEOM_WRF/wrfv4.6.0/inc -I/glade/u/apps/derecho/23.09/spack/opt/spack/netcdf/4.9.2/oneapi/2023.2.1/yzvj/include  -real-size `expr 8 \* 4` -i4  ../phys/module_bep_bem_helper.f90
rm -f module_HLaw.G module_HLaw.bb
time mpif90 -f90=ifort -o module_HLaw.o -c -O3 -ip -fp-model precise -w -ftz -align all -fno-alias -FR -convert big_endian    -I../dyn_em  -I/glade/derecho/scratch/yates/NEOM_WRF/wrfv4.6.0/external/esmf_time_f90  -I/glade/derecho/scratch/yates/NEOM_WRF/wrfv4.6.0/main -I/glade/derecho/scratch/yates/NEOM_WRF/wrfv4.6.0/external/io_netcdf -I/glade/derecho/scratch/yates/NEOM_WRF/wrfv4.6.0/external/io_int -I/glade/derecho/scratch/yates/NEOM_WRF/wrfv4.6.0/frame -I/glade/derecho/scratch/yates/NEOM_WRF/wrfv4.6.0/share -I/glade/derecho/scratch/yates/NEOM_WRF/wrfv4.6.0/phys -I/glade/derecho/scratch/yates/NEOM_WRF/wrfv4.6.0/wrftladj -I/glade/derecho/scratch/yates/NEOM_WRF/wrfv4.6.0/chem -I/glade/derecho/scratch/yates/NEOM_WRF/wrfv4.6.0/inc -I/glade/u/apps/derecho/23.09/spack/opt/spack/netcdf/4.9.2/oneapi/2023.2.1/yzvj/include  -real-size `expr 8 \* 4` -i4  module_HLaw.f90

real	0m0.372s
user	0m0.068s
sys	0m0.282s
rm -f module_ctrans_aqchem.o
sed -e "s/^\!.*'.*//" -e "s/^ *\!.*'.*//" module_ctrans_aqchem.F > module_ctrans_aqchem.G
/lib/cpp -P -nostdinc -I/glade/derecho/scratch/yates/NEOM_WRF/wrfv4.6.0/inc -DEM_CORE=1 -DNMM_CORE=0 -DNMM_MAX_DIM=2600 -DDA_CORE=0 -DWRFPLUS=0 -DIWORDSIZE=4 -DDWORDSIZE=8 -DRWORDSIZE=4 -DLWORDSIZE=4 -DNONSTANDARD_SYSTEM_FUNC  -DWRF_USE_CLM -DUSE_NETCDF4_FEATURES -DWRFIO_NCD_LARGE_FILE_SUPPORT  -DDM_PARALLEL -DNETCDF -DLANDREAD_STUB=1 -DUSE_ALLOCATABLES -Dwrfmodel -DGRIB1 -DINTIO -DKEEP_INT_AROUND -DLIMIT_ARGS -DBUILD_RRTMG_FAST=0 -DBUILD_RRTMK=0 -DBUILD_SBM_FAST=1 -DSHOW_ALL_VARS_USED=0 -DCONFIG_BUF_LEN=65536 -DMAX_DOMAINS_F=21 -DMAX_HISTORY=25 -DNMM_NEST=0 -DWRF_CHEM -DBUILD_CHEM=1 -I. -traditional-cpp -DUSE_NETCDF4_FEATURES -DWRFIO_NCD_LARGE_FILE_SUPPORT   module_ctrans_aqchem.G  > module_ctrans_aqchem.bb
/glade/derecho/scratch/yates/NEOM_WRF/wrfv4.6.0/tools/standard.exe module_ctrans_aqchem.bb | /lib/cpp -P -nostdinc -traditional-cpp -DUSE_NETCDF4_FEATURES -DWRFIO_NCD_LARGE_FILE_SUPPORT > module_ctrans_aqchem.f90

real	0m0.410s
user	0m0.120s
sys	0m0.265s
rm -f bobrand.o
mpicc  -DFSEEKO64_OK  -o bobrand.o -c -w -O3 -ip -DRPC_TYPES=2  -DDM_PARALLEL -DLANDREAD_STUB=1 -DMAX_HISTORY=25 -DNMM_CORE=0 bobrand.c
rm -f module_ctrans_aqchem.G module_ctrans_aqchem.bb
time mpif90 -f90=ifort -o module_ctrans_aqchem.o -c -O3 -ip -fp-model precise -w -ftz -align all -fno-alias -FR -convert big_endian    -I../dyn_em  -I/glade/derecho/scratch/yates/NEOM_WRF/wrfv4.6.0/external/esmf_time_f90  -I/glade/derecho/scratch/yates/NEOM_WRF/wrfv4.6.0/main -I/glade/derecho/scratch/yates/NEOM_WRF/wrfv4.6.0/external/io_netcdf -I/glade/derecho/scratch/yates/NEOM_WRF/wrfv4.6.0/external/io_int -I/glade/derecho/scratch/yates/NEOM_WRF/wrfv4.6.0/frame -I/glade/derecho/scratch/yates/NEOM_WRF/wrfv4.6.0/share -I/glade/derecho/scratch/yates/NEOM_WRF/wrfv4.6.0/phys -I/glade/derecho/scratch/yates/NEOM_WRF/wrfv4.6.0/wrftladj -I/glade/derecho/scratch/yates/NEOM_WRF/wrfv4.6.0/chem -I/glade/derecho/scratch/yates/NEOM_WRF/wrfv4.6.0/inc -I/glade/u/apps/derecho/23.09/spack/opt/spack/netcdf/4.9.2/oneapi/2023.2.1/yzvj/include  -real-size `expr 8 \* 4` -i4  module_ctrans_aqchem.f90

real	0m1.003s
user	0m0.646s
sys	0m0.317s
rm -f module_llxy.o
sed -e "s/^\!.*'.*//" -e "s/^ *\!.*'.*//" module_llxy.F > module_llxy.G
/lib/cpp -P -nostdinc -I/glade/derecho/scratch/yates/NEOM_WRF/wrfv4.6.0/inc -DEM_CORE=1 -DNMM_CORE=0 -DNMM_MAX_DIM=2600 -DDA_CORE=0 -DWRFPLUS=0 -DIWORDSIZE=4 -DDWORDSIZE=8 -DRWORDSIZE=4 -DLWORDSIZE=4 -DNONSTANDARD_SYSTEM_FUNC  -DWRF_USE_CLM -DUSE_NETCDF4_FEATURES -DWRFIO_NCD_LARGE_FILE_SUPPORT  -DDM_PARALLEL -DNETCDF -DLANDREAD_STUB=1 -DUSE_ALLOCATABLES -Dwrfmodel -DGRIB1 -DINTIO -DKEEP_INT_AROUND -DLIMIT_ARGS -DBUILD_RRTMG_FAST=0 -DBUILD_RRTMK=0 -DBUILD_SBM_FAST=1 -DSHOW_ALL_VARS_USED=0 -DCONFIG_BUF_LEN=65536 -DMAX_DOMAINS_F=21 -DMAX_HISTORY=25 -DNMM_NEST=0 -DWRF_CHEM -DBUILD_CHEM=1 -I. -traditional-cpp -DUSE_NETCDF4_FEATURES -DWRFIO_NCD_LARGE_FILE_SUPPORT   module_llxy.G  > module_llxy.bb
/glade/derecho/scratch/yates/NEOM_WRF/wrfv4.6.0/tools/standard.exe module_llxy.bb | /lib/cpp -P -nostdinc -traditional-cpp -DUSE_NETCDF4_FEATURES -DWRFIO_NCD_LARGE_FILE_SUPPORT > module_llxy.f90
rm -f module_llxy.G module_llxy.bb
time mpif90 -f90=ifort -o module_llxy.o -c -O3 -ip -fp-model precise -w -ftz -align all -fno-alias -FR -convert big_endian    -I../dyn_em  -I/glade/derecho/scratch/yates/NEOM_WRF/wrfv4.6.0/external/esmf_time_f90  -I/glade/derecho/scratch/yates/NEOM_WRF/wrfv4.6.0/main -I/glade/derecho/scratch/yates/NEOM_WRF/wrfv4.6.0/external/io_netcdf -I/glade/derecho/scratch/yates/NEOM_WRF/wrfv4.6.0/external/io_int -I/glade/derecho/scratch/yates/NEOM_WRF/wrfv4.6.0/frame -I/glade/derecho/scratch/yates/NEOM_WRF/wrfv4.6.0/share -I/glade/derecho/scratch/yates/NEOM_WRF/wrfv4.6.0/phys -I/glade/derecho/scratch/yates/NEOM_WRF/wrfv4.6.0/wrftladj -I/glade/derecho/scratch/yates/NEOM_WRF/wrfv4.6.0/chem -I/glade/derecho/scratch/yates/NEOM_WRF/wrfv4.6.0/inc -I/glade/u/apps/derecho/23.09/spack/opt/spack/netcdf/4.9.2/oneapi/2023.2.1/yzvj/include  -real-size `expr 8 \* 4` -i4  module_llxy.f90
rm -f module_interp_store.o
sed -e "s/^\!.*'.*//" -e "s/^ *\!.*'.*//" module_interp_store.F > module_interp_store.G
/lib/cpp -P -nostdinc -I/glade/derecho/scratch/yates/NEOM_WRF/wrfv4.6.0/inc -DEM_CORE=1 -DNMM_CORE=0 -DNMM_MAX_DIM=2600 -DDA_CORE=0 -DWRFPLUS=0 -DIWORDSIZE=4 -DDWORDSIZE=8 -DRWORDSIZE=4 -DLWORDSIZE=4 -DNONSTANDARD_SYSTEM_FUNC  -DWRF_USE_CLM -DUSE_NETCDF4_FEATURES -DWRFIO_NCD_LARGE_FILE_SUPPORT  -DDM_PARALLEL -DNETCDF -DLANDREAD_STUB=1 -DUSE_ALLOCATABLES -Dwrfmodel -DGRIB1 -DINTIO -DKEEP_INT_AROUND -DLIMIT_ARGS -DBUILD_RRTMG_FAST=0 -DBUILD_RRTMK=0 -DBUILD_SBM_FAST=1 -DSHOW_ALL_VARS_USED=0 -DCONFIG_BUF_LEN=65536 -DMAX_DOMAINS_F=21 -DMAX_HISTORY=25 -DNMM_NEST=0 -DWRF_CHEM -DBUILD_CHEM=1 -I. -traditional-cpp -DUSE_NETCDF4_FEATURES -DWRFIO_NCD_LARGE_FILE_SUPPORT   module_interp_store.G  > module_interp_store.bb
/glade/derecho/scratch/yates/NEOM_WRF/wrfv4.6.0/tools/standard.exe module_interp_store.bb | /lib/cpp -P -nostdinc -traditional-cpp -DUSE_NETCDF4_FEATURES -DWRFIO_NCD_LARGE_FILE_SUPPORT > module_interp_store.f90
rm -f module_interp_store.G module_interp_store.bb
time mpif90 -f90=ifort -o module_interp_store.o -c -O3 -ip -fp-model precise -w -ftz -align all -fno-alias -FR -convert big_endian    -I../dyn_em  -I/glade/derecho/scratch/yates/NEOM_WRF/wrfv4.6.0/external/esmf_time_f90  -I/glade/derecho/scratch/yates/NEOM_WRF/wrfv4.6.0/main -I/glade/derecho/scratch/yates/NEOM_WRF/wrfv4.6.0/external/io_netcdf -I/glade/derecho/scratch/yates/NEOM_WRF/wrfv4.6.0/external/io_int -I/glade/derecho/scratch/yates/NEOM_WRF/wrfv4.6.0/frame -I/glade/derecho/scratch/yates/NEOM_WRF/wrfv4.6.0/share -I/glade/derecho/scratch/yates/NEOM_WRF/wrfv4.6.0/phys -I/glade/derecho/scratch/yates/NEOM_WRF/wrfv4.6.0/wrftladj -I/glade/derecho/scratch/yates/NEOM_WRF/wrfv4.6.0/chem -I/glade/derecho/scratch/yates/NEOM_WRF/wrfv4.6.0/inc -I/glade/u/apps/derecho/23.09/spack/opt/spack/netcdf/4.9.2/oneapi/2023.2.1/yzvj/include  -real-size `expr 8 \* 4` -i4  module_interp_store.f90

real	0m0.784s
user	0m0.453s
sys	0m0.304s
rm -f module_string_tools.o
sed -e "s/^\!.*'.*//" -e "s/^ *\!.*'.*//" module_string_tools.F > module_string_tools.G
/lib/cpp -P -nostdinc -I/glade/derecho/scratch/yates/NEOM_WRF/wrfv4.6.0/inc -DEM_CORE=1 -DNMM_CORE=0 -DNMM_MAX_DIM=2600 -DDA_CORE=0 -DWRFPLUS=0 -DIWORDSIZE=4 -DDWORDSIZE=8 -DRWORDSIZE=4 -DLWORDSIZE=4 -DNONSTANDARD_SYSTEM_FUNC  -DWRF_USE_CLM -DUSE_NETCDF4_FEATURES -DWRFIO_NCD_LARGE_FILE_SUPPORT  -DDM_PARALLEL -DNETCDF -DLANDREAD_STUB=1 -DUSE_ALLOCATABLES -Dwrfmodel -DGRIB1 -DINTIO -DKEEP_INT_AROUND -DLIMIT_ARGS -DBUILD_RRTMG_FAST=0 -DBUILD_RRTMK=0 -DBUILD_SBM_FAST=1 -DSHOW_ALL_VARS_USED=0 -DCONFIG_BUF_LEN=65536 -DMAX_DOMAINS_F=21 -DMAX_HISTORY=25 -DNMM_NEST=0 -DWRF_CHEM -DBUILD_CHEM=1 -I. -traditional-cpp -DUSE_NETCDF4_FEATURES -DWRFIO_NCD_LARGE_FILE_SUPPORT   module_string_tools.G  > module_string_tools.bb
/glade/derecho/scratch/yates/NEOM_WRF/wrfv4.6.0/tools/standard.exe module_string_tools.bb | /lib/cpp -P -nostdinc -traditional-cpp -DUSE_NETCDF4_FEATURES -DWRFIO_NCD_LARGE_FILE_SUPPORT > module_string_tools.f90
rm -f module_string_tools.G module_string_tools.bb
time mpif90 -f90=ifort -o module_string_tools.o -c -O3 -ip -fp-model precise -w -ftz -align all -fno-alias -FR -convert big_endian    -I../dyn_em  -I/glade/derecho/scratch/yates/NEOM_WRF/wrfv4.6.0/external/esmf_time_f90  -I/glade/derecho/scratch/yates/NEOM_WRF/wrfv4.6.0/main -I/glade/derecho/scratch/yates/NEOM_WRF/wrfv4.6.0/external/io_netcdf -I/glade/derecho/scratch/yates/NEOM_WRF/wrfv4.6.0/external/io_int -I/glade/derecho/scratch/yates/NEOM_WRF/wrfv4.6.0/frame -I/glade/derecho/scratch/yates/NEOM_WRF/wrfv4.6.0/share -I/glade/derecho/scratch/yates/NEOM_WRF/wrfv4.6.0/phys -I/glade/derecho/scratch/yates/NEOM_WRF/wrfv4.6.0/wrftladj -I/glade/derecho/scratch/yates/NEOM_WRF/wrfv4.6.0/chem -I/glade/derecho/scratch/yates/NEOM_WRF/wrfv4.6.0/inc -I/glade/u/apps/derecho/23.09/spack/opt/spack/netcdf/4.9.2/oneapi/2023.2.1/yzvj/include  -real-size `expr 8 \* 4` -i4  module_string_tools.f90

real	0m1.292s
user	0m0.927s
sys	0m0.330s
rm -f module_MPP.o
sed -e "s/^\!.*'.*//" -e "s/^ *\!.*'.*//" module_MPP.F > module_MPP.G
/lib/cpp -P -nostdinc -I/glade/derecho/scratch/yates/NEOM_WRF/wrfv4.6.0/inc -DEM_CORE=1 -DNMM_CORE=0 -DNMM_MAX_DIM=2600 -DDA_CORE=0 -DWRFPLUS=0 -DIWORDSIZE=4 -DDWORDSIZE=8 -DRWORDSIZE=4 -DLWORDSIZE=4 -DNONSTANDARD_SYSTEM_FUNC  -DWRF_USE_CLM -DUSE_NETCDF4_FEATURES -DWRFIO_NCD_LARGE_FILE_SUPPORT  -DDM_PARALLEL -DNETCDF -DLANDREAD_STUB=1 -DUSE_ALLOCATABLES -Dwrfmodel -DGRIB1 -DINTIO -DKEEP_INT_AROUND -DLIMIT_ARGS -DBUILD_RRTMG_FAST=0 -DBUILD_RRTMK=0 -DBUILD_SBM_FAST=1 -DSHOW_ALL_VARS_USED=0 -DCONFIG_BUF_LEN=65536 -DMAX_DOMAINS_F=21 -DMAX_HISTORY=25 -DNMM_NEST=0 -DWRF_CHEM -DBUILD_CHEM=1 -I. -traditional-cpp -DUSE_NETCDF4_FEATURES -DWRFIO_NCD_LARGE_FILE_SUPPORT   module_MPP.G  > module_MPP.bb
/glade/derecho/scratch/yates/NEOM_WRF/wrfv4.6.0/tools/standard.exe module_MPP.bb | /lib/cpp -P -nostdinc -traditional-cpp -DUSE_NETCDF4_FEATURES -DWRFIO_NCD_LARGE_FILE_SUPPORT > module_MPP.f90
rm -f module_MPP.G module_MPP.bb
time mpif90 -f90=ifort -o module_MPP.o -c -O3 -ip -fp-model precise -w -ftz -align all -fno-alias -FR -convert big_endian    -I../dyn_em  -I/glade/derecho/scratch/yates/NEOM_WRF/wrfv4.6.0/external/esmf_time_f90  -I/glade/derecho/scratch/yates/NEOM_WRF/wrfv4.6.0/main -I/glade/derecho/scratch/yates/NEOM_WRF/wrfv4.6.0/external/io_netcdf -I/glade/derecho/scratch/yates/NEOM_WRF/wrfv4.6.0/external/io_int -I/glade/derecho/scratch/yates/NEOM_WRF/wrfv4.6.0/frame -I/glade/derecho/scratch/yates/NEOM_WRF/wrfv4.6.0/share -I/glade/derecho/scratch/yates/NEOM_WRF/wrfv4.6.0/phys -I/glade/derecho/scratch/yates/NEOM_WRF/wrfv4.6.0/wrftladj -I/glade/derecho/scratch/yates/NEOM_WRF/wrfv4.6.0/chem -I/glade/derecho/scratch/yates/NEOM_WRF/wrfv4.6.0/inc -I/glade/u/apps/derecho/23.09/spack/opt/spack/netcdf/4.9.2/oneapi/2023.2.1/yzvj/include  -real-size `expr 8 \* 4` -i4  module_MPP.f90

real	0m0.397s
user	0m0.057s
sys	0m0.303s
rm -f ../phys/module_checkerror.o
sed -e "s/^\!.*'.*//" -e "s/^ *\!.*'.*//" ../phys/module_checkerror.F > ../phys/module_checkerror.G
/lib/cpp -P -nostdinc -I/glade/derecho/scratch/yates/NEOM_WRF/wrfv4.6.0/inc -DEM_CORE=1 -DNMM_CORE=0 -DNMM_MAX_DIM=2600 -DDA_CORE=0 -DWRFPLUS=0 -DIWORDSIZE=4 -DDWORDSIZE=8 -DRWORDSIZE=4 -DLWORDSIZE=4 -DNONSTANDARD_SYSTEM_FUNC  -DWRF_USE_CLM -DUSE_NETCDF4_FEATURES -DWRFIO_NCD_LARGE_FILE_SUPPORT  -DDM_PARALLEL -DNETCDF -DLANDREAD_STUB=1 -DUSE_ALLOCATABLES -Dwrfmodel -DGRIB1 -DINTIO -DKEEP_INT_AROUND -DLIMIT_ARGS -DBUILD_RRTMG_FAST=0 -DBUILD_RRTMK=0 -DBUILD_SBM_FAST=1 -DSHOW_ALL_VARS_USED=0 -DCONFIG_BUF_LEN=65536 -DMAX_DOMAINS_F=21 -DMAX_HISTORY=25 -DNMM_NEST=0 -DWRF_CHEM -DBUILD_CHEM=1 -I. -traditional-cpp -DUSE_NETCDF4_FEATURES -DWRFIO_NCD_LARGE_FILE_SUPPORT   ../phys/module_checkerror.G  > ../phys/module_checkerror.bb
/glade/derecho/scratch/yates/NEOM_WRF/wrfv4.6.0/tools/standard.exe ../phys/module_checkerror.bb | /lib/cpp -P -nostdinc -traditional-cpp -DUSE_NETCDF4_FEATURES -DWRFIO_NCD_LARGE_FILE_SUPPORT > ../phys/module_checkerror.f90
rm -f ../phys/module_checkerror.G ../phys/module_checkerror.bb
time mpif90 -f90=ifort -o ../phys/module_checkerror.o -c -O3 -ip -fp-model precise -w -ftz -align all -fno-alias -FR -convert big_endian    -I../dyn_em  -I/glade/derecho/scratch/yates/NEOM_WRF/wrfv4.6.0/external/esmf_time_f90  -I/glade/derecho/scratch/yates/NEOM_WRF/wrfv4.6.0/main -I/glade/derecho/scratch/yates/NEOM_WRF/wrfv4.6.0/external/io_netcdf -I/glade/derecho/scratch/yates/NEOM_WRF/wrfv4.6.0/external/io_int -I/glade/derecho/scratch/yates/NEOM_WRF/wrfv4.6.0/frame -I/glade/derecho/scratch/yates/NEOM_WRF/wrfv4.6.0/share -I/glade/derecho/scratch/yates/NEOM_WRF/wrfv4.6.0/phys -I/glade/derecho/scratch/yates/NEOM_WRF/wrfv4.6.0/wrftladj -I/glade/derecho/scratch/yates/NEOM_WRF/wrfv4.6.0/chem -I/glade/derecho/scratch/yates/NEOM_WRF/wrfv4.6.0/inc -I/glade/u/apps/derecho/23.09/spack/opt/spack/netcdf/4.9.2/oneapi/2023.2.1/yzvj/include  -real-size `expr 8 \* 4` -i4  ../phys/module_checkerror.f90

real	0m0.378s
user	0m0.075s
sys	0m0.270s
rm -f module_date_time.o
sed -e "s/^\!.*'.*//" -e "s/^ *\!.*'.*//" module_date_time.F > module_date_time.G
/lib/cpp -P -nostdinc -I/glade/derecho/scratch/yates/NEOM_WRF/wrfv4.6.0/inc -DEM_CORE=1 -DNMM_CORE=0 -DNMM_MAX_DIM=2600 -DDA_CORE=0 -DWRFPLUS=0 -DIWORDSIZE=4 -DDWORDSIZE=8 -DRWORDSIZE=4 -DLWORDSIZE=4 -DNONSTANDARD_SYSTEM_FUNC  -DWRF_USE_CLM -DUSE_NETCDF4_FEATURES -DWRFIO_NCD_LARGE_FILE_SUPPORT  -DDM_PARALLEL -DNETCDF -DLANDREAD_STUB=1 -DUSE_ALLOCATABLES -Dwrfmodel -DGRIB1 -DINTIO -DKEEP_INT_AROUND -DLIMIT_ARGS -DBUILD_RRTMG_FAST=0 -DBUILD_RRTMK=0 -DBUILD_SBM_FAST=1 -DSHOW_ALL_VARS_USED=0 -DCONFIG_BUF_LEN=65536 -DMAX_DOMAINS_F=21 -DMAX_HISTORY=25 -DNMM_NEST=0 -DWRF_CHEM -DBUILD_CHEM=1 -I. -traditional-cpp -DUSE_NETCDF4_FEATURES -DWRFIO_NCD_LARGE_FILE_SUPPORT   module_date_time.G  > module_date_time.bb
/glade/derecho/scratch/yates/NEOM_WRF/wrfv4.6.0/tools/standard.exe module_date_time.bb | /lib/cpp -P -nostdinc -traditional-cpp -DUSE_NETCDF4_FEATURES -DWRFIO_NCD_LARGE_FILE_SUPPORT > module_date_time.f90
rm -f module_date_time.G module_date_time.bb
time mpif90 -f90=ifort -o module_date_time.o -c -O3 -ip -fp-model precise -w -ftz -align all -fno-alias -FR -convert big_endian    -I../dyn_em  -I/glade/derecho/scratch/yates/NEOM_WRF/wrfv4.6.0/external/esmf_time_f90  -I/glade/derecho/scratch/yates/NEOM_WRF/wrfv4.6.0/main -I/glade/derecho/scratch/yates/NEOM_WRF/wrfv4.6.0/external/io_netcdf -I/glade/derecho/scratch/yates/NEOM_WRF/wrfv4.6.0/external/io_int -I/glade/derecho/scratch/yates/NEOM_WRF/wrfv4.6.0/frame -I/glade/derecho/scratch/yates/NEOM_WRF/wrfv4.6.0/share -I/glade/derecho/scratch/yates/NEOM_WRF/wrfv4.6.0/phys -I/glade/derecho/scratch/yates/NEOM_WRF/wrfv4.6.0/wrftladj -I/glade/derecho/scratch/yates/NEOM_WRF/wrfv4.6.0/chem -I/glade/derecho/scratch/yates/NEOM_WRF/wrfv4.6.0/inc -I/glade/u/apps/derecho/23.09/spack/opt/spack/netcdf/4.9.2/oneapi/2023.2.1/yzvj/include  -real-size `expr 8 \* 4` -i4  module_date_time.f90

real	0m0.603s
user	0m0.276s
sys	0m0.298s
rm -f mediation_interp_domain.o
sed -e "s/^\!.*'.*//" -e "s/^ *\!.*'.*//" mediation_interp_domain.F > mediation_interp_domain.G
/lib/cpp -P -nostdinc -I/glade/derecho/scratch/yates/NEOM_WRF/wrfv4.6.0/inc -DEM_CORE=1 -DNMM_CORE=0 -DNMM_MAX_DIM=2600 -DDA_CORE=0 -DWRFPLUS=0 -DIWORDSIZE=4 -DDWORDSIZE=8 -DRWORDSIZE=4 -DLWORDSIZE=4 -DNONSTANDARD_SYSTEM_FUNC  -DWRF_USE_CLM -DUSE_NETCDF4_FEATURES -DWRFIO_NCD_LARGE_FILE_SUPPORT  -DDM_PARALLEL -DNETCDF -DLANDREAD_STUB=1 -DUSE_ALLOCATABLES -Dwrfmodel -DGRIB1 -DINTIO -DKEEP_INT_AROUND -DLIMIT_ARGS -DBUILD_RRTMG_FAST=0 -DBUILD_RRTMK=0 -DBUILD_SBM_FAST=1 -DSHOW_ALL_VARS_USED=0 -DCONFIG_BUF_LEN=65536 -DMAX_DOMAINS_F=21 -DMAX_HISTORY=25 -DNMM_NEST=0 -DWRF_CHEM -DBUILD_CHEM=1 -I. -traditional-cpp -DUSE_NETCDF4_FEATURES -DWRFIO_NCD_LARGE_FILE_SUPPORT   mediation_interp_domain.G  > mediation_interp_domain.bb
/glade/derecho/scratch/yates/NEOM_WRF/wrfv4.6.0/tools/standard.exe mediation_interp_domain.bb | /lib/cpp -P -nostdinc -traditional-cpp -DUSE_NETCDF4_FEATURES -DWRFIO_NCD_LARGE_FILE_SUPPORT > mediation_interp_domain.f90
rm -f mediation_interp_domain.G mediation_interp_domain.bb
time mpif90 -f90=ifort -o mediation_interp_domain.o -c -O3 -ip -fp-model precise -w -ftz -align all -fno-alias -FR -convert big_endian    -I../dyn_em  -I/glade/derecho/scratch/yates/NEOM_WRF/wrfv4.6.0/external/esmf_time_f90  -I/glade/derecho/scratch/yates/NEOM_WRF/wrfv4.6.0/main -I/glade/derecho/scratch/yates/NEOM_WRF/wrfv4.6.0/external/io_netcdf -I/glade/derecho/scratch/yates/NEOM_WRF/wrfv4.6.0/external/io_int -I/glade/derecho/scratch/yates/NEOM_WRF/wrfv4.6.0/frame -I/glade/derecho/scratch/yates/NEOM_WRF/wrfv4.6.0/share -I/glade/derecho/scratch/yates/NEOM_WRF/wrfv4.6.0/phys -I/glade/derecho/scratch/yates/NEOM_WRF/wrfv4.6.0/wrftladj -I/glade/derecho/scratch/yates/NEOM_WRF/wrfv4.6.0/chem -I/glade/derecho/scratch/yates/NEOM_WRF/wrfv4.6.0/inc -I/glade/u/apps/derecho/23.09/spack/opt/spack/netcdf/4.9.2/oneapi/2023.2.1/yzvj/include  -real-size `expr 8 \* 4` -i4  mediation_interp_domain.f90

real	0m0.780s
user	0m0.416s
sys	0m0.325s
rm -f mediation_force_domain.o
sed -e "s/^\!.*'.*//" -e "s/^ *\!.*'.*//" mediation_force_domain.F > mediation_force_domain.G
/lib/cpp -P -nostdinc -I/glade/derecho/scratch/yates/NEOM_WRF/wrfv4.6.0/inc -DEM_CORE=1 -DNMM_CORE=0 -DNMM_MAX_DIM=2600 -DDA_CORE=0 -DWRFPLUS=0 -DIWORDSIZE=4 -DDWORDSIZE=8 -DRWORDSIZE=4 -DLWORDSIZE=4 -DNONSTANDARD_SYSTEM_FUNC  -DWRF_USE_CLM -DUSE_NETCDF4_FEATURES -DWRFIO_NCD_LARGE_FILE_SUPPORT  -DDM_PARALLEL -DNETCDF -DLANDREAD_STUB=1 -DUSE_ALLOCATABLES -Dwrfmodel -DGRIB1 -DINTIO -DKEEP_INT_AROUND -DLIMIT_ARGS -DBUILD_RRTMG_FAST=0 -DBUILD_RRTMK=0 -DBUILD_SBM_FAST=1 -DSHOW_ALL_VARS_USED=0 -DCONFIG_BUF_LEN=65536 -DMAX_DOMAINS_F=21 -DMAX_HISTORY=25 -DNMM_NEST=0 -DWRF_CHEM -DBUILD_CHEM=1 -I. -traditional-cpp -DUSE_NETCDF4_FEATURES -DWRFIO_NCD_LARGE_FILE_SUPPORT   mediation_force_domain.G  > mediation_force_domain.bb
/glade/derecho/scratch/yates/NEOM_WRF/wrfv4.6.0/tools/standard.exe mediation_force_domain.bb | /lib/cpp -P -nostdinc -traditional-cpp -DUSE_NETCDF4_FEATURES -DWRFIO_NCD_LARGE_FILE_SUPPORT > mediation_force_domain.f90
rm -f mediation_force_domain.G mediation_force_domain.bb
time mpif90 -f90=ifort -o mediation_force_domain.o -c -O3 -ip -fp-model precise -w -ftz -align all -fno-alias -FR -convert big_endian    -I../dyn_em  -I/glade/derecho/scratch/yates/NEOM_WRF/wrfv4.6.0/external/esmf_time_f90  -I/glade/derecho/scratch/yates/NEOM_WRF/wrfv4.6.0/main -I/glade/derecho/scratch/yates/NEOM_WRF/wrfv4.6.0/external/io_netcdf -I/glade/derecho/scratch/yates/NEOM_WRF/wrfv4.6.0/external/io_int -I/glade/derecho/scratch/yates/NEOM_WRF/wrfv4.6.0/frame -I/glade/derecho/scratch/yates/NEOM_WRF/wrfv4.6.0/share -I/glade/derecho/scratch/yates/NEOM_WRF/wrfv4.6.0/phys -I/glade/derecho/scratch/yates/NEOM_WRF/wrfv4.6.0/wrftladj -I/glade/derecho/scratch/yates/NEOM_WRF/wrfv4.6.0/chem -I/glade/derecho/scratch/yates/NEOM_WRF/wrfv4.6.0/inc -I/glade/u/apps/derecho/23.09/spack/opt/spack/netcdf/4.9.2/oneapi/2023.2.1/yzvj/include  -real-size `expr 8 \* 4` -i4  mediation_force_domain.f90

real	0m3.694s
user	0m3.153s
sys	0m0.482s
rm -f ../frame/module_intermediate_nmm.o
sed -e "s/^\!.*'.*//" -e "s/^ *\!.*'.*//" ../frame/module_intermediate_nmm.F > ../frame/module_intermediate_nmm.G
/lib/cpp -P -nostdinc -I/glade/derecho/scratch/yates/NEOM_WRF/wrfv4.6.0/inc -DEM_CORE=1 -DNMM_CORE=0 -DNMM_MAX_DIM=2600 -DDA_CORE=0 -DWRFPLUS=0 -DIWORDSIZE=4 -DDWORDSIZE=8 -DRWORDSIZE=4 -DLWORDSIZE=4 -DNONSTANDARD_SYSTEM_FUNC  -DWRF_USE_CLM -DUSE_NETCDF4_FEATURES -DWRFIO_NCD_LARGE_FILE_SUPPORT  -DDM_PARALLEL -DNETCDF -DLANDREAD_STUB=1 -DUSE_ALLOCATABLES -Dwrfmodel -DGRIB1 -DINTIO -DKEEP_INT_AROUND -DLIMIT_ARGS -DBUILD_RRTMG_FAST=0 -DBUILD_RRTMK=0 -DBUILD_SBM_FAST=1 -DSHOW_ALL_VARS_USED=0 -DCONFIG_BUF_LEN=65536 -DMAX_DOMAINS_F=21 -DMAX_HISTORY=25 -DNMM_NEST=0 -DWRF_CHEM -DBUILD_CHEM=1 -I. -traditional-cpp -DUSE_NETCDF4_FEATURES -DWRFIO_NCD_LARGE_FILE_SUPPORT   ../frame/module_intermediate_nmm.G  > ../frame/module_intermediate_nmm.bb
/glade/derecho/scratch/yates/NEOM_WRF/wrfv4.6.0/tools/standard.exe ../frame/module_intermediate_nmm.bb | /lib/cpp -P -nostdinc -traditional-cpp -DUSE_NETCDF4_FEATURES -DWRFIO_NCD_LARGE_FILE_SUPPORT > ../frame/module_intermediate_nmm.f90
rm -f ../frame/module_intermediate_nmm.G ../frame/module_intermediate_nmm.bb
time mpif90 -f90=ifort -o ../frame/module_intermediate_nmm.o -c -O3 -ip -fp-model precise -w -ftz -align all -fno-alias -FR -convert big_endian    -I../dyn_em  -I/glade/derecho/scratch/yates/NEOM_WRF/wrfv4.6.0/external/esmf_time_f90  -I/glade/derecho/scratch/yates/NEOM_WRF/wrfv4.6.0/main -I/glade/derecho/scratch/yates/NEOM_WRF/wrfv4.6.0/external/io_netcdf -I/glade/derecho/scratch/yates/NEOM_WRF/wrfv4.6.0/external/io_int -I/glade/derecho/scratch/yates/NEOM_WRF/wrfv4.6.0/frame -I/glade/derecho/scratch/yates/NEOM_WRF/wrfv4.6.0/share -I/glade/derecho/scratch/yates/NEOM_WRF/wrfv4.6.0/phys -I/glade/derecho/scratch/yates/NEOM_WRF/wrfv4.6.0/wrftladj -I/glade/derecho/scratch/yates/NEOM_WRF/wrfv4.6.0/chem -I/glade/derecho/scratch/yates/NEOM_WRF/wrfv4.6.0/inc -I/glade/u/apps/derecho/23.09/spack/opt/spack/netcdf/4.9.2/oneapi/2023.2.1/yzvj/include  -real-size `expr 8 \* 4` -i4  ../frame/module_intermediate_nmm.f90

real	0m0.378s
user	0m0.094s
sys	0m0.261s
rm -f module_bc.o
sed -e "s/^\!.*'.*//" -e "s/^ *\!.*'.*//" module_bc.F > module_bc.G
/lib/cpp -P -nostdinc -I/glade/derecho/scratch/yates/NEOM_WRF/wrfv4.6.0/inc -DEM_CORE=1 -DNMM_CORE=0 -DNMM_MAX_DIM=2600 -DDA_CORE=0 -DWRFPLUS=0 -DIWORDSIZE=4 -DDWORDSIZE=8 -DRWORDSIZE=4 -DLWORDSIZE=4 -DNONSTANDARD_SYSTEM_FUNC  -DWRF_USE_CLM -DUSE_NETCDF4_FEATURES -DWRFIO_NCD_LARGE_FILE_SUPPORT  -DDM_PARALLEL -DNETCDF -DLANDREAD_STUB=1 -DUSE_ALLOCATABLES -Dwrfmodel -DGRIB1 -DINTIO -DKEEP_INT_AROUND -DLIMIT_ARGS -DBUILD_RRTMG_FAST=0 -DBUILD_RRTMK=0 -DBUILD_SBM_FAST=1 -DSHOW_ALL_VARS_USED=0 -DCONFIG_BUF_LEN=65536 -DMAX_DOMAINS_F=21 -DMAX_HISTORY=25 -DNMM_NEST=0 -DWRF_CHEM -DBUILD_CHEM=1 -I. -traditional-cpp -DUSE_NETCDF4_FEATURES -DWRFIO_NCD_LARGE_FILE_SUPPORT   module_bc.G  > module_bc.bb
/glade/derecho/scratch/yates/NEOM_WRF/wrfv4.6.0/tools/standard.exe module_bc.bb | /lib/cpp -P -nostdinc -traditional-cpp -DUSE_NETCDF4_FEATURES -DWRFIO_NCD_LARGE_FILE_SUPPORT > module_bc.f90
rm -f module_bc.G module_bc.bb
time mpif90 -f90=ifort -o module_bc.o -c -O3 -ip -fp-model precise -w -ftz -align all -fno-alias -FR -convert big_endian    -I../dyn_em  -I/glade/derecho/scratch/yates/NEOM_WRF/wrfv4.6.0/external/esmf_time_f90  -I/glade/derecho/scratch/yates/NEOM_WRF/wrfv4.6.0/main -I/glade/derecho/scratch/yates/NEOM_WRF/wrfv4.6.0/external/io_netcdf -I/glade/derecho/scratch/yates/NEOM_WRF/wrfv4.6.0/external/io_int -I/glade/derecho/scratch/yates/NEOM_WRF/wrfv4.6.0/frame -I/glade/derecho/scratch/yates/NEOM_WRF/wrfv4.6.0/share -I/glade/derecho/scratch/yates/NEOM_WRF/wrfv4.6.0/phys -I/glade/derecho/scratch/yates/NEOM_WRF/wrfv4.6.0/wrftladj -I/glade/derecho/scratch/yates/NEOM_WRF/wrfv4.6.0/chem -I/glade/derecho/scratch/yates/NEOM_WRF/wrfv4.6.0/inc -I/glade/u/apps/derecho/23.09/spack/opt/spack/netcdf/4.9.2/oneapi/2023.2.1/yzvj/include  -real-size `expr 8 \* 4` -i4  module_bc.f90

real	0m4.545s
user	0m3.983s
sys	0m0.498s
rm -f module_io_wrf.o
/glade/derecho/scratch/yates/NEOM_WRF/wrfv4.6.0/tools/standard.exe module_io_wrf.F > module_io_wrf.b 
/lib/cpp -P -nostdinc -I/glade/derecho/scratch/yates/NEOM_WRF/wrfv4.6.0/inc -DEM_CORE=1 -DNMM_CORE=0 -DNMM_MAX_DIM=2600 -DDA_CORE=0 -DWRFPLUS=0 -DIWORDSIZE=4 -DDWORDSIZE=8 -DRWORDSIZE=4 -DLWORDSIZE=4 -DNONSTANDARD_SYSTEM_FUNC  -DWRF_USE_CLM -DUSE_NETCDF4_FEATURES -DWRFIO_NCD_LARGE_FILE_SUPPORT  -DDM_PARALLEL -DNETCDF -DLANDREAD_STUB=1 -DUSE_ALLOCATABLES -Dwrfmodel -DGRIB1 -DINTIO -DKEEP_INT_AROUND -DLIMIT_ARGS -DBUILD_RRTMG_FAST=0 -DBUILD_RRTMK=0 -DBUILD_SBM_FAST=1 -DSHOW_ALL_VARS_USED=0 -DCONFIG_BUF_LEN=65536 -DMAX_DOMAINS_F=21 -DMAX_HISTORY=25 -DNMM_NEST=0 -DWRF_CHEM -DBUILD_CHEM=1 -I. -traditional-cpp -DUSE_NETCDF4_FEATURES -DWRFIO_NCD_LARGE_FILE_SUPPORT   module_io_wrf.b  > module_io_wrf.f90
rm -f module_io_wrf.b
time mpif90 -f90=ifort -c -real-size `expr 8 \* 4` -i4 -O0 -fno-inline -no-ip -ip -fp-model precise -w -ftz -align all -fno-alias -FR -convert big_endian   -I../dyn_em  -I/glade/derecho/scratch/yates/NEOM_WRF/wrfv4.6.0/external/esmf_time_f90  -I/glade/derecho/scratch/yates/NEOM_WRF/wrfv4.6.0/main -I/glade/derecho/scratch/yates/NEOM_WRF/wrfv4.6.0/external/io_netcdf -I/glade/derecho/scratch/yates/NEOM_WRF/wrfv4.6.0/external/io_int -I/glade/derecho/scratch/yates/NEOM_WRF/wrfv4.6.0/frame -I/glade/derecho/scratch/yates/NEOM_WRF/wrfv4.6.0/share -I/glade/derecho/scratch/yates/NEOM_WRF/wrfv4.6.0/phys -I/glade/derecho/scratch/yates/NEOM_WRF/wrfv4.6.0/wrftladj -I/glade/derecho/scratch/yates/NEOM_WRF/wrfv4.6.0/chem -I/glade/derecho/scratch/yates/NEOM_WRF/wrfv4.6.0/inc -I/glade/u/apps/derecho/23.09/spack/opt/spack/netcdf/4.9.2/oneapi/2023.2.1/yzvj/include    module_io_wrf.f90

real	0m0.433s
user	0m0.113s
sys	0m0.295s
rm -f module_soil_pre.o
sed -e "s/^\!.*'.*//" -e "s/^ *\!.*'.*//" module_soil_pre.F > module_soil_pre.G
/lib/cpp -P -nostdinc -I/glade/derecho/scratch/yates/NEOM_WRF/wrfv4.6.0/inc -DEM_CORE=1 -DNMM_CORE=0 -DNMM_MAX_DIM=2600 -DDA_CORE=0 -DWRFPLUS=0 -DIWORDSIZE=4 -DDWORDSIZE=8 -DRWORDSIZE=4 -DLWORDSIZE=4 -DNONSTANDARD_SYSTEM_FUNC  -DWRF_USE_CLM -DUSE_NETCDF4_FEATURES -DWRFIO_NCD_LARGE_FILE_SUPPORT  -DDM_PARALLEL -DNETCDF -DLANDREAD_STUB=1 -DUSE_ALLOCATABLES -Dwrfmodel -DGRIB1 -DINTIO -DKEEP_INT_AROUND -DLIMIT_ARGS -DBUILD_RRTMG_FAST=0 -DBUILD_RRTMK=0 -DBUILD_SBM_FAST=1 -DSHOW_ALL_VARS_USED=0 -DCONFIG_BUF_LEN=65536 -DMAX_DOMAINS_F=21 -DMAX_HISTORY=25 -DNMM_NEST=0 -DWRF_CHEM -DBUILD_CHEM=1 -I. -traditional-cpp -DUSE_NETCDF4_FEATURES -DWRFIO_NCD_LARGE_FILE_SUPPORT   module_soil_pre.G  > module_soil_pre.bb
/glade/derecho/scratch/yates/NEOM_WRF/wrfv4.6.0/tools/standard.exe module_soil_pre.bb | /lib/cpp -P -nostdinc -traditional-cpp -DUSE_NETCDF4_FEATURES -DWRFIO_NCD_LARGE_FILE_SUPPORT > module_soil_pre.f90
rm -f module_soil_pre.G module_soil_pre.bb
time mpif90 -f90=ifort -o module_soil_pre.o -c -O3 -ip -fp-model precise -w -ftz -align all -fno-alias -FR -convert big_endian    -I../dyn_em  -I/glade/derecho/scratch/yates/NEOM_WRF/wrfv4.6.0/external/esmf_time_f90  -I/glade/derecho/scratch/yates/NEOM_WRF/wrfv4.6.0/main -I/glade/derecho/scratch/yates/NEOM_WRF/wrfv4.6.0/external/io_netcdf -I/glade/derecho/scratch/yates/NEOM_WRF/wrfv4.6.0/external/io_int -I/glade/derecho/scratch/yates/NEOM_WRF/wrfv4.6.0/frame -I/glade/derecho/scratch/yates/NEOM_WRF/wrfv4.6.0/share -I/glade/derecho/scratch/yates/NEOM_WRF/wrfv4.6.0/phys -I/glade/derecho/scratch/yates/NEOM_WRF/wrfv4.6.0/wrftladj -I/glade/derecho/scratch/yates/NEOM_WRF/wrfv4.6.0/chem -I/glade/derecho/scratch/yates/NEOM_WRF/wrfv4.6.0/inc -I/glade/u/apps/derecho/23.09/spack/opt/spack/netcdf/4.9.2/oneapi/2023.2.1/yzvj/include  -real-size `expr 8 \* 4` -i4  module_soil_pre.f90

real	0m6.668s
user	0m6.276s
sys	0m0.365s
rm -f wrf_tsin.o
/glade/derecho/scratch/yates/NEOM_WRF/wrfv4.6.0/tools/standard.exe wrf_tsin.F > wrf_tsin.b 
/lib/cpp -P -nostdinc -I/glade/derecho/scratch/yates/NEOM_WRF/wrfv4.6.0/inc -DEM_CORE=1 -DNMM_CORE=0 -DNMM_MAX_DIM=2600 -DDA_CORE=0 -DWRFPLUS=0 -DIWORDSIZE=4 -DDWORDSIZE=8 -DRWORDSIZE=4 -DLWORDSIZE=4 -DNONSTANDARD_SYSTEM_FUNC  -DWRF_USE_CLM -DUSE_NETCDF4_FEATURES -DWRFIO_NCD_LARGE_FILE_SUPPORT  -DDM_PARALLEL -DNETCDF -DLANDREAD_STUB=1 -DUSE_ALLOCATABLES -Dwrfmodel -DGRIB1 -DINTIO -DKEEP_INT_AROUND -DLIMIT_ARGS -DBUILD_RRTMG_FAST=0 -DBUILD_RRTMK=0 -DBUILD_SBM_FAST=1 -DSHOW_ALL_VARS_USED=0 -DCONFIG_BUF_LEN=65536 -DMAX_DOMAINS_F=21 -DMAX_HISTORY=25 -DNMM_NEST=0 -DWRF_CHEM -DBUILD_CHEM=1 -I. -traditional-cpp -DUSE_NETCDF4_FEATURES -DWRFIO_NCD_LARGE_FILE_SUPPORT   wrf_tsin.b  > wrf_tsin.f90
rm -f wrf_tsin.b
time mpif90 -f90=ifort -c -real-size `expr 8 \* 4` -i4 -O0 -fno-inline -no-ip -ip -fp-model precise -w -ftz -align all -fno-alias -FR -convert big_endian   -I../dyn_em  -I/glade/derecho/scratch/yates/NEOM_WRF/wrfv4.6.0/external/esmf_time_f90  -I/glade/derecho/scratch/yates/NEOM_WRF/wrfv4.6.0/main -I/glade/derecho/scratch/yates/NEOM_WRF/wrfv4.6.0/external/io_netcdf -I/glade/derecho/scratch/yates/NEOM_WRF/wrfv4.6.0/external/io_int -I/glade/derecho/scratch/yates/NEOM_WRF/wrfv4.6.0/frame -I/glade/derecho/scratch/yates/NEOM_WRF/wrfv4.6.0/share -I/glade/derecho/scratch/yates/NEOM_WRF/wrfv4.6.0/phys -I/glade/derecho/scratch/yates/NEOM_WRF/wrfv4.6.0/wrftladj -I/glade/derecho/scratch/yates/NEOM_WRF/wrfv4.6.0/chem -I/glade/derecho/scratch/yates/NEOM_WRF/wrfv4.6.0/inc -I/glade/u/apps/derecho/23.09/spack/opt/spack/netcdf/4.9.2/oneapi/2023.2.1/yzvj/include    wrf_tsin.f90

real	0m0.820s
user	0m0.424s
sys	0m0.364s
rm -f track_input.o
sed -e "s/^\!.*'.*//" -e "s/^ *\!.*'.*//" track_input.F > track_input.G
/lib/cpp -P -nostdinc -I/glade/derecho/scratch/yates/NEOM_WRF/wrfv4.6.0/inc -DEM_CORE=1 -DNMM_CORE=0 -DNMM_MAX_DIM=2600 -DDA_CORE=0 -DWRFPLUS=0 -DIWORDSIZE=4 -DDWORDSIZE=8 -DRWORDSIZE=4 -DLWORDSIZE=4 -DNONSTANDARD_SYSTEM_FUNC  -DWRF_USE_CLM -DUSE_NETCDF4_FEATURES -DWRFIO_NCD_LARGE_FILE_SUPPORT  -DDM_PARALLEL -DNETCDF -DLANDREAD_STUB=1 -DUSE_ALLOCATABLES -Dwrfmodel -DGRIB1 -DINTIO -DKEEP_INT_AROUND -DLIMIT_ARGS -DBUILD_RRTMG_FAST=0 -DBUILD_RRTMK=0 -DBUILD_SBM_FAST=1 -DSHOW_ALL_VARS_USED=0 -DCONFIG_BUF_LEN=65536 -DMAX_DOMAINS_F=21 -DMAX_HISTORY=25 -DNMM_NEST=0 -DWRF_CHEM -DBUILD_CHEM=1 -I. -traditional-cpp -DUSE_NETCDF4_FEATURES -DWRFIO_NCD_LARGE_FILE_SUPPORT   track_input.G  > track_input.bb
/glade/derecho/scratch/yates/NEOM_WRF/wrfv4.6.0/tools/standard.exe track_input.bb | /lib/cpp -P -nostdinc -traditional-cpp -DUSE_NETCDF4_FEATURES -DWRFIO_NCD_LARGE_FILE_SUPPORT > track_input.f90
rm -f track_input.G track_input.bb
time mpif90 -f90=ifort -o track_input.o -c -O3 -ip -fp-model precise -w -ftz -align all -fno-alias -FR -convert big_endian    -I../dyn_em  -I/glade/derecho/scratch/yates/NEOM_WRF/wrfv4.6.0/external/esmf_time_f90  -I/glade/derecho/scratch/yates/NEOM_WRF/wrfv4.6.0/main -I/glade/derecho/scratch/yates/NEOM_WRF/wrfv4.6.0/external/io_netcdf -I/glade/derecho/scratch/yates/NEOM_WRF/wrfv4.6.0/external/io_int -I/glade/derecho/scratch/yates/NEOM_WRF/wrfv4.6.0/frame -I/glade/derecho/scratch/yates/NEOM_WRF/wrfv4.6.0/share -I/glade/derecho/scratch/yates/NEOM_WRF/wrfv4.6.0/phys -I/glade/derecho/scratch/yates/NEOM_WRF/wrfv4.6.0/wrftladj -I/glade/derecho/scratch/yates/NEOM_WRF/wrfv4.6.0/chem -I/glade/derecho/scratch/yates/NEOM_WRF/wrfv4.6.0/inc -I/glade/u/apps/derecho/23.09/spack/opt/spack/netcdf/4.9.2/oneapi/2023.2.1/yzvj/include  -real-size `expr 8 \* 4` -i4  track_input.f90

real	0m1.169s
user	0m0.684s
sys	0m0.309s
rm -f set_timekeeping.o
sed -e "s/^\!.*'.*//" -e "s/^ *\!.*'.*//" set_timekeeping.F > set_timekeeping.G
/lib/cpp -P -nostdinc -I/glade/derecho/scratch/yates/NEOM_WRF/wrfv4.6.0/inc -DEM_CORE=1 -DNMM_CORE=0 -DNMM_MAX_DIM=2600 -DDA_CORE=0 -DWRFPLUS=0 -DIWORDSIZE=4 -DDWORDSIZE=8 -DRWORDSIZE=4 -DLWORDSIZE=4 -DNONSTANDARD_SYSTEM_FUNC  -DWRF_USE_CLM -DUSE_NETCDF4_FEATURES -DWRFIO_NCD_LARGE_FILE_SUPPORT  -DDM_PARALLEL -DNETCDF -DLANDREAD_STUB=1 -DUSE_ALLOCATABLES -Dwrfmodel -DGRIB1 -DINTIO -DKEEP_INT_AROUND -DLIMIT_ARGS -DBUILD_RRTMG_FAST=0 -DBUILD_RRTMK=0 -DBUILD_SBM_FAST=1 -DSHOW_ALL_VARS_USED=0 -DCONFIG_BUF_LEN=65536 -DMAX_DOMAINS_F=21 -DMAX_HISTORY=25 -DNMM_NEST=0 -DWRF_CHEM -DBUILD_CHEM=1 -I. -traditional-cpp -DUSE_NETCDF4_FEATURES -DWRFIO_NCD_LARGE_FILE_SUPPORT   set_timekeeping.G  > set_timekeeping.bb
/glade/derecho/scratch/yates/NEOM_WRF/wrfv4.6.0/tools/standard.exe set_timekeeping.bb | /lib/cpp -P -nostdinc -traditional-cpp -DUSE_NETCDF4_FEATURES -DWRFIO_NCD_LARGE_FILE_SUPPORT > set_timekeeping.f90
rm -f set_timekeeping.G set_timekeeping.bb
time mpif90 -f90=ifort -o set_timekeeping.o -c -O3 -ip -fp-model precise -w -ftz -align all -fno-alias -FR -convert big_endian    -I../dyn_em  -I/glade/derecho/scratch/yates/NEOM_WRF/wrfv4.6.0/external/esmf_time_f90  -I/glade/derecho/scratch/yates/NEOM_WRF/wrfv4.6.0/main -I/glade/derecho/scratch/yates/NEOM_WRF/wrfv4.6.0/external/io_netcdf -I/glade/derecho/scratch/yates/NEOM_WRF/wrfv4.6.0/external/io_int -I/glade/derecho/scratch/yates/NEOM_WRF/wrfv4.6.0/frame -I/glade/derecho/scratch/yates/NEOM_WRF/wrfv4.6.0/share -I/glade/derecho/scratch/yates/NEOM_WRF/wrfv4.6.0/phys -I/glade/derecho/scratch/yates/NEOM_WRF/wrfv4.6.0/wrftladj -I/glade/derecho/scratch/yates/NEOM_WRF/wrfv4.6.0/chem -I/glade/derecho/scratch/yates/NEOM_WRF/wrfv4.6.0/inc -I/glade/u/apps/derecho/23.09/spack/opt/spack/netcdf/4.9.2/oneapi/2023.2.1/yzvj/include  -real-size `expr 8 \* 4` -i4  set_timekeeping.f90

real	0m10.302s
user	0m9.778s
sys	0m0.482s
rm -f sint.o
sed -e "s/^\!.*'.*//" -e "s/^ *\!.*'.*//" sint.F > sint.G
/lib/cpp -P -nostdinc -I/glade/derecho/scratch/yates/NEOM_WRF/wrfv4.6.0/inc -DEM_CORE=1 -DNMM_CORE=0 -DNMM_MAX_DIM=2600 -DDA_CORE=0 -DWRFPLUS=0 -DIWORDSIZE=4 -DDWORDSIZE=8 -DRWORDSIZE=4 -DLWORDSIZE=4 -DNONSTANDARD_SYSTEM_FUNC  -DWRF_USE_CLM -DUSE_NETCDF4_FEATURES -DWRFIO_NCD_LARGE_FILE_SUPPORT  -DDM_PARALLEL -DNETCDF -DLANDREAD_STUB=1 -DUSE_ALLOCATABLES -Dwrfmodel -DGRIB1 -DINTIO -DKEEP_INT_AROUND -DLIMIT_ARGS -DBUILD_RRTMG_FAST=0 -DBUILD_RRTMK=0 -DBUILD_SBM_FAST=1 -DSHOW_ALL_VARS_USED=0 -DCONFIG_BUF_LEN=65536 -DMAX_DOMAINS_F=21 -DMAX_HISTORY=25 -DNMM_NEST=0 -DWRF_CHEM -DBUILD_CHEM=1 -I. -traditional-cpp -DUSE_NETCDF4_FEATURES -DWRFIO_NCD_LARGE_FILE_SUPPORT   sint.G  > sint.bb
/glade/derecho/scratch/yates/NEOM_WRF/wrfv4.6.0/tools/standard.exe sint.bb | /lib/cpp -P -nostdinc -traditional-cpp -DUSE_NETCDF4_FEATURES -DWRFIO_NCD_LARGE_FILE_SUPPORT > sint.f90
rm -f sint.G sint.bb
time mpif90 -f90=ifort -o sint.o -c -O3 -ip -fp-model precise -w -ftz -align all -fno-alias -FR -convert big_endian    -I../dyn_em  -I/glade/derecho/scratch/yates/NEOM_WRF/wrfv4.6.0/external/esmf_time_f90  -I/glade/derecho/scratch/yates/NEOM_WRF/wrfv4.6.0/main -I/glade/derecho/scratch/yates/NEOM_WRF/wrfv4.6.0/external/io_netcdf -I/glade/derecho/scratch/yates/NEOM_WRF/wrfv4.6.0/external/io_int -I/glade/derecho/scratch/yates/NEOM_WRF/wrfv4.6.0/frame -I/glade/derecho/scratch/yates/NEOM_WRF/wrfv4.6.0/share -I/glade/derecho/scratch/yates/NEOM_WRF/wrfv4.6.0/phys -I/glade/derecho/scratch/yates/NEOM_WRF/wrfv4.6.0/wrftladj -I/glade/derecho/scratch/yates/NEOM_WRF/wrfv4.6.0/chem -I/glade/derecho/scratch/yates/NEOM_WRF/wrfv4.6.0/inc -I/glade/u/apps/derecho/23.09/spack/opt/spack/netcdf/4.9.2/oneapi/2023.2.1/yzvj/include  -real-size `expr 8 \* 4` -i4  sint.f90

real	0m1.502s
user	0m0.936s
sys	0m0.286s
rm -f wrf_ext_write_field.o
/lib/cpp -P -nostdinc -I/glade/derecho/scratch/yates/NEOM_WRF/wrfv4.6.0/inc -DEM_CORE=1 -DNMM_CORE=0 -DNMM_MAX_DIM=2600 -DDA_CORE=0 -DWRFPLUS=0 -DIWORDSIZE=4 -DDWORDSIZE=8 -DRWORDSIZE=4 -DLWORDSIZE=4 -DNONSTANDARD_SYSTEM_FUNC  -DWRF_USE_CLM -DUSE_NETCDF4_FEATURES -DWRFIO_NCD_LARGE_FILE_SUPPORT  -DDM_PARALLEL -DNETCDF -DLANDREAD_STUB=1 -DUSE_ALLOCATABLES -Dwrfmodel -DGRIB1 -DINTIO -DKEEP_INT_AROUND -DLIMIT_ARGS -DBUILD_RRTMG_FAST=0 -DBUILD_RRTMK=0 -DBUILD_SBM_FAST=1 -DSHOW_ALL_VARS_USED=0 -DCONFIG_BUF_LEN=65536 -DMAX_DOMAINS_F=21 -DMAX_HISTORY=25 -DNMM_NEST=0 -DWRF_CHEM -DBUILD_CHEM=1 -I. -traditional-cpp -DUSE_NETCDF4_FEATURES -DWRFIO_NCD_LARGE_FILE_SUPPORT   wrf_ext_write_field.F  > wrf_ext_write_field.bb
/glade/derecho/scratch/yates/NEOM_WRF/wrfv4.6.0/tools/standard.exe wrf_ext_write_field.bb | /lib/cpp -P -nostdinc -traditional-cpp -DUSE_NETCDF4_FEATURES -DWRFIO_NCD_LARGE_FILE_SUPPORT > wrf_ext_write_field.f90
rm -f wrf_ext_write_field.b wrf_ext_write_field.bb
time mpif90 -f90=ifort -c -real-size `expr 8 \* 4` -i4  -O0 -fno-inline -no-ip -ip -fp-model precise -w -ftz -align all -fno-alias -FR -convert big_endian   -I../dyn_em  -I/glade/derecho/scratch/yates/NEOM_WRF/wrfv4.6.0/external/esmf_time_f90  -I/glade/derecho/scratch/yates/NEOM_WRF/wrfv4.6.0/main -I/glade/derecho/scratch/yates/NEOM_WRF/wrfv4.6.0/external/io_netcdf -I/glade/derecho/scratch/yates/NEOM_WRF/wrfv4.6.0/external/io_int -I/glade/derecho/scratch/yates/NEOM_WRF/wrfv4.6.0/frame -I/glade/derecho/scratch/yates/NEOM_WRF/wrfv4.6.0/share -I/glade/derecho/scratch/yates/NEOM_WRF/wrfv4.6.0/phys -I/glade/derecho/scratch/yates/NEOM_WRF/wrfv4.6.0/wrftladj -I/glade/derecho/scratch/yates/NEOM_WRF/wrfv4.6.0/chem -I/glade/derecho/scratch/yates/NEOM_WRF/wrfv4.6.0/inc -I/glade/u/apps/derecho/23.09/spack/opt/spack/netcdf/4.9.2/oneapi/2023.2.1/yzvj/include   wrf_ext_write_field.f90

real	0m2.091s
user	0m0.401s
sys	0m0.343s
rm -f wrf_ext_read_field.o
/lib/cpp -P -nostdinc -I/glade/derecho/scratch/yates/NEOM_WRF/wrfv4.6.0/inc -DEM_CORE=1 -DNMM_CORE=0 -DNMM_MAX_DIM=2600 -DDA_CORE=0 -DWRFPLUS=0 -DIWORDSIZE=4 -DDWORDSIZE=8 -DRWORDSIZE=4 -DLWORDSIZE=4 -DNONSTANDARD_SYSTEM_FUNC  -DWRF_USE_CLM -DUSE_NETCDF4_FEATURES -DWRFIO_NCD_LARGE_FILE_SUPPORT  -DDM_PARALLEL -DNETCDF -DLANDREAD_STUB=1 -DUSE_ALLOCATABLES -Dwrfmodel -DGRIB1 -DINTIO -DKEEP_INT_AROUND -DLIMIT_ARGS -DBUILD_RRTMG_FAST=0 -DBUILD_RRTMK=0 -DBUILD_SBM_FAST=1 -DSHOW_ALL_VARS_USED=0 -DCONFIG_BUF_LEN=65536 -DMAX_DOMAINS_F=21 -DMAX_HISTORY=25 -DNMM_NEST=0 -DWRF_CHEM -DBUILD_CHEM=1 -I. -traditional-cpp -DUSE_NETCDF4_FEATURES -DWRFIO_NCD_LARGE_FILE_SUPPORT   wrf_ext_read_field.F  > wrf_ext_read_field.bb
/glade/derecho/scratch/yates/NEOM_WRF/wrfv4.6.0/tools/standard.exe wrf_ext_read_field.bb | /lib/cpp -P -nostdinc -traditional-cpp -DUSE_NETCDF4_FEATURES -DWRFIO_NCD_LARGE_FILE_SUPPORT > wrf_ext_read_field.f90
rm -f wrf_ext_read_field.b wrf_ext_read_field.bb
time mpif90 -f90=ifort -c -real-size `expr 8 \* 4` -i4  -O0 -fno-inline -no-ip -ip -fp-model precise -w -ftz -align all -fno-alias -FR -convert big_endian   -I../dyn_em  -I/glade/derecho/scratch/yates/NEOM_WRF/wrfv4.6.0/external/esmf_time_f90  -I/glade/derecho/scratch/yates/NEOM_WRF/wrfv4.6.0/main -I/glade/derecho/scratch/yates/NEOM_WRF/wrfv4.6.0/external/io_netcdf -I/glade/derecho/scratch/yates/NEOM_WRF/wrfv4.6.0/external/io_int -I/glade/derecho/scratch/yates/NEOM_WRF/wrfv4.6.0/frame -I/glade/derecho/scratch/yates/NEOM_WRF/wrfv4.6.0/share -I/glade/derecho/scratch/yates/NEOM_WRF/wrfv4.6.0/phys -I/glade/derecho/scratch/yates/NEOM_WRF/wrfv4.6.0/wrftladj -I/glade/derecho/scratch/yates/NEOM_WRF/wrfv4.6.0/chem -I/glade/derecho/scratch/yates/NEOM_WRF/wrfv4.6.0/inc -I/glade/u/apps/derecho/23.09/spack/opt/spack/netcdf/4.9.2/oneapi/2023.2.1/yzvj/include   wrf_ext_read_field.f90

real	0m1.247s
user	0m0.386s
sys	0m0.403s
rm -f module_io_domain.o
sed -e "s/^\!.*'.*//" -e "s/^ *\!.*'.*//" module_io_domain.F > module_io_domain.G
/lib/cpp -P -nostdinc -I/glade/derecho/scratch/yates/NEOM_WRF/wrfv4.6.0/inc -DEM_CORE=1 -DNMM_CORE=0 -DNMM_MAX_DIM=2600 -DDA_CORE=0 -DWRFPLUS=0 -DIWORDSIZE=4 -DDWORDSIZE=8 -DRWORDSIZE=4 -DLWORDSIZE=4 -DNONSTANDARD_SYSTEM_FUNC  -DWRF_USE_CLM -DUSE_NETCDF4_FEATURES -DWRFIO_NCD_LARGE_FILE_SUPPORT  -DDM_PARALLEL -DNETCDF -DLANDREAD_STUB=1 -DUSE_ALLOCATABLES -Dwrfmodel -DGRIB1 -DINTIO -DKEEP_INT_AROUND -DLIMIT_ARGS -DBUILD_RRTMG_FAST=0 -DBUILD_RRTMK=0 -DBUILD_SBM_FAST=1 -DSHOW_ALL_VARS_USED=0 -DCONFIG_BUF_LEN=65536 -DMAX_DOMAINS_F=21 -DMAX_HISTORY=25 -DNMM_NEST=0 -DWRF_CHEM -DBUILD_CHEM=1 -I. -traditional-cpp -DUSE_NETCDF4_FEATURES -DWRFIO_NCD_LARGE_FILE_SUPPORT   module_io_domain.G  > module_io_domain.bb
/glade/derecho/scratch/yates/NEOM_WRF/wrfv4.6.0/tools/standard.exe module_io_domain.bb | /lib/cpp -P -nostdinc -traditional-cpp -DUSE_NETCDF4_FEATURES -DWRFIO_NCD_LARGE_FILE_SUPPORT > module_io_domain.f90
rm -f module_io_domain.G module_io_domain.bb
time mpif90 -f90=ifort -o module_io_domain.o -c -O3 -ip -fp-model precise -w -ftz -align all -fno-alias -FR -convert big_endian    -I../dyn_em  -I/glade/derecho/scratch/yates/NEOM_WRF/wrfv4.6.0/external/esmf_time_f90  -I/glade/derecho/scratch/yates/NEOM_WRF/wrfv4.6.0/main -I/glade/derecho/scratch/yates/NEOM_WRF/wrfv4.6.0/external/io_netcdf -I/glade/derecho/scratch/yates/NEOM_WRF/wrfv4.6.0/external/io_int -I/glade/derecho/scratch/yates/NEOM_WRF/wrfv4.6.0/frame -I/glade/derecho/scratch/yates/NEOM_WRF/wrfv4.6.0/share -I/glade/derecho/scratch/yates/NEOM_WRF/wrfv4.6.0/phys -I/glade/derecho/scratch/yates/NEOM_WRF/wrfv4.6.0/wrftladj -I/glade/derecho/scratch/yates/NEOM_WRF/wrfv4.6.0/chem -I/glade/derecho/scratch/yates/NEOM_WRF/wrfv4.6.0/inc -I/glade/u/apps/derecho/23.09/spack/opt/spack/netcdf/4.9.2/oneapi/2023.2.1/yzvj/include  -real-size `expr 8 \* 4` -i4  module_io_domain.f90

real	0m6.333s
user	0m5.821s
sys	0m0.373s
rm -f landread.o
mpicc  -DFSEEKO64_OK  -o landread.o -c -w -O3 -ip -DRPC_TYPES=2  -DDM_PARALLEL -DLANDREAD_STUB=1 -DMAX_HISTORY=25 -DNMM_CORE=0 landread.c
rm -f wrf_fddaobs_in.o
/glade/derecho/scratch/yates/NEOM_WRF/wrfv4.6.0/tools/standard.exe wrf_fddaobs_in.F > wrf_fddaobs_in.b 
/lib/cpp -P -nostdinc -I/glade/derecho/scratch/yates/NEOM_WRF/wrfv4.6.0/inc -DEM_CORE=1 -DNMM_CORE=0 -DNMM_MAX_DIM=2600 -DDA_CORE=0 -DWRFPLUS=0 -DIWORDSIZE=4 -DDWORDSIZE=8 -DRWORDSIZE=4 -DLWORDSIZE=4 -DNONSTANDARD_SYSTEM_FUNC  -DWRF_USE_CLM -DUSE_NETCDF4_FEATURES -DWRFIO_NCD_LARGE_FILE_SUPPORT  -DDM_PARALLEL -DNETCDF -DLANDREAD_STUB=1 -DUSE_ALLOCATABLES -Dwrfmodel -DGRIB1 -DINTIO -DKEEP_INT_AROUND -DLIMIT_ARGS -DBUILD_RRTMG_FAST=0 -DBUILD_RRTMK=0 -DBUILD_SBM_FAST=1 -DSHOW_ALL_VARS_USED=0 -DCONFIG_BUF_LEN=65536 -DMAX_DOMAINS_F=21 -DMAX_HISTORY=25 -DNMM_NEST=0 -DWRF_CHEM -DBUILD_CHEM=1 -I. -traditional-cpp -DUSE_NETCDF4_FEATURES -DWRFIO_NCD_LARGE_FILE_SUPPORT   wrf_fddaobs_in.b  > wrf_fddaobs_in.f90
rm -f wrf_fddaobs_in.b
time mpif90 -f90=ifort -c -real-size `expr 8 \* 4` -i4 -O0 -fno-inline -no-ip -ip -fp-model precise -w -ftz -align all -fno-alias -FR -convert big_endian   -I../dyn_em  -I/glade/derecho/scratch/yates/NEOM_WRF/wrfv4.6.0/external/esmf_time_f90  -I/glade/derecho/scratch/yates/NEOM_WRF/wrfv4.6.0/main -I/glade/derecho/scratch/yates/NEOM_WRF/wrfv4.6.0/external/io_netcdf -I/glade/derecho/scratch/yates/NEOM_WRF/wrfv4.6.0/external/io_int -I/glade/derecho/scratch/yates/NEOM_WRF/wrfv4.6.0/frame -I/glade/derecho/scratch/yates/NEOM_WRF/wrfv4.6.0/share -I/glade/derecho/scratch/yates/NEOM_WRF/wrfv4.6.0/phys -I/glade/derecho/scratch/yates/NEOM_WRF/wrfv4.6.0/wrftladj -I/glade/derecho/scratch/yates/NEOM_WRF/wrfv4.6.0/chem -I/glade/derecho/scratch/yates/NEOM_WRF/wrfv4.6.0/inc -I/glade/u/apps/derecho/23.09/spack/opt/spack/netcdf/4.9.2/oneapi/2023.2.1/yzvj/include    wrf_fddaobs_in.f90

real	0m1.169s
user	0m0.569s
sys	0m0.421s
rm -f setfeenv.o
icc -o setfeenv.o -c -w -O3 -ip -DRPC_TYPES=2  -DDM_PARALLEL -DLANDREAD_STUB=1 -DMAX_HISTORY=25 -DNMM_CORE=0  setfeenv.c
icc: remark #10441: The Intel(R) C++ Compiler Classic (ICC) is deprecated and will be removed from product release in the second half of 2023. The Intel(R) oneAPI DPC++/C++ Compiler (ICX) is the recommended compiler moving forward. Please transition to use this compiler. Use '-diag-disable=10441' to disable this message.
rm -f input_wrf.o
/lib/cpp -P -nostdinc -I/glade/derecho/scratch/yates/NEOM_WRF/wrfv4.6.0/inc -DEM_CORE=1 -DNMM_CORE=0 -DNMM_MAX_DIM=2600 -DDA_CORE=0 -DWRFPLUS=0 -DIWORDSIZE=4 -DDWORDSIZE=8 -DRWORDSIZE=4 -DLWORDSIZE=4 -DNONSTANDARD_SYSTEM_FUNC  -DWRF_USE_CLM -DUSE_NETCDF4_FEATURES -DWRFIO_NCD_LARGE_FILE_SUPPORT  -DDM_PARALLEL -DNETCDF -DLANDREAD_STUB=1 -DUSE_ALLOCATABLES -Dwrfmodel -DGRIB1 -DINTIO -DKEEP_INT_AROUND -DLIMIT_ARGS -DBUILD_RRTMG_FAST=0 -DBUILD_RRTMK=0 -DBUILD_SBM_FAST=1 -DSHOW_ALL_VARS_USED=0 -DCONFIG_BUF_LEN=65536 -DMAX_DOMAINS_F=21 -DMAX_HISTORY=25 -DNMM_NEST=0 -DWRF_CHEM -DBUILD_CHEM=1 -I. -traditional-cpp -DUSE_NETCDF4_FEATURES -DWRFIO_NCD_LARGE_FILE_SUPPORT   input_wrf.F  > input_wrf.bb
/glade/derecho/scratch/yates/NEOM_WRF/wrfv4.6.0/tools/standard.exe input_wrf.bb | /lib/cpp -P -nostdinc -traditional-cpp -DUSE_NETCDF4_FEATURES -DWRFIO_NCD_LARGE_FILE_SUPPORT > input_wrf.f90
rm -f input_wrf.b input_wrf.bb
time mpif90 -f90=ifort -c -real-size `expr 8 \* 4` -i4  -O0 -fno-inline -no-ip -ip -fp-model precise -w -ftz -align all -fno-alias -FR -convert big_endian   -I../dyn_em  -I/glade/derecho/scratch/yates/NEOM_WRF/wrfv4.6.0/external/esmf_time_f90  -I/glade/derecho/scratch/yates/NEOM_WRF/wrfv4.6.0/main -I/glade/derecho/scratch/yates/NEOM_WRF/wrfv4.6.0/external/io_netcdf -I/glade/derecho/scratch/yates/NEOM_WRF/wrfv4.6.0/external/io_int -I/glade/derecho/scratch/yates/NEOM_WRF/wrfv4.6.0/frame -I/glade/derecho/scratch/yates/NEOM_WRF/wrfv4.6.0/share -I/glade/derecho/scratch/yates/NEOM_WRF/wrfv4.6.0/phys -I/glade/derecho/scratch/yates/NEOM_WRF/wrfv4.6.0/wrftladj -I/glade/derecho/scratch/yates/NEOM_WRF/wrfv4.6.0/chem -I/glade/derecho/scratch/yates/NEOM_WRF/wrfv4.6.0/inc -I/glade/u/apps/derecho/23.09/spack/opt/spack/netcdf/4.9.2/oneapi/2023.2.1/yzvj/include   input_wrf.f90

real	0m1.200s
user	0m0.773s
sys	0m0.395s
rm -f output_wrf.o
/glade/derecho/scratch/yates/NEOM_WRF/wrfv4.6.0/tools/standard.exe output_wrf.F > output_wrf.b 
/lib/cpp -P -nostdinc -I/glade/derecho/scratch/yates/NEOM_WRF/wrfv4.6.0/inc -DEM_CORE=1 -DNMM_CORE=0 -DNMM_MAX_DIM=2600 -DDA_CORE=0 -DWRFPLUS=0 -DIWORDSIZE=4 -DDWORDSIZE=8 -DRWORDSIZE=4 -DLWORDSIZE=4 -DNONSTANDARD_SYSTEM_FUNC  -DWRF_USE_CLM -DUSE_NETCDF4_FEATURES -DWRFIO_NCD_LARGE_FILE_SUPPORT  -DDM_PARALLEL -DNETCDF -DLANDREAD_STUB=1 -DUSE_ALLOCATABLES -Dwrfmodel -DGRIB1 -DINTIO -DKEEP_INT_AROUND -DLIMIT_ARGS -DBUILD_RRTMG_FAST=0 -DBUILD_RRTMK=0 -DBUILD_SBM_FAST=1 -DSHOW_ALL_VARS_USED=0 -DCONFIG_BUF_LEN=65536 -DMAX_DOMAINS_F=21 -DMAX_HISTORY=25 -DNMM_NEST=0 -DWRF_CHEM -DBUILD_CHEM=1 -I. -traditional-cpp -DUSE_NETCDF4_FEATURES -DWRFIO_NCD_LARGE_FILE_SUPPORT   output_wrf.b  > output_wrf.f90
rm -f output_wrf.b
time mpif90 -f90=ifort -c -real-size `expr 8 \* 4` -i4 -O0 -fno-inline -no-ip -ip -fp-model precise -w -ftz -align all -fno-alias -FR -convert big_endian   -I../dyn_em  -I/glade/derecho/scratch/yates/NEOM_WRF/wrfv4.6.0/external/esmf_time_f90  -I/glade/derecho/scratch/yates/NEOM_WRF/wrfv4.6.0/main -I/glade/derecho/scratch/yates/NEOM_WRF/wrfv4.6.0/external/io_netcdf -I/glade/derecho/scratch/yates/NEOM_WRF/wrfv4.6.0/external/io_int -I/glade/derecho/scratch/yates/NEOM_WRF/wrfv4.6.0/frame -I/glade/derecho/scratch/yates/NEOM_WRF/wrfv4.6.0/share -I/glade/derecho/scratch/yates/NEOM_WRF/wrfv4.6.0/phys -I/glade/derecho/scratch/yates/NEOM_WRF/wrfv4.6.0/wrftladj -I/glade/derecho/scratch/yates/NEOM_WRF/wrfv4.6.0/chem -I/glade/derecho/scratch/yates/NEOM_WRF/wrfv4.6.0/inc -I/glade/u/apps/derecho/23.09/spack/opt/spack/netcdf/4.9.2/oneapi/2023.2.1/yzvj/include    output_wrf.f90

real	0m4.258s
user	0m3.756s
sys	0m0.459s
rm -f wrf_bdyout.o
/lib/cpp -P -nostdinc -I/glade/derecho/scratch/yates/NEOM_WRF/wrfv4.6.0/inc -DEM_CORE=1 -DNMM_CORE=0 -DNMM_MAX_DIM=2600 -DDA_CORE=0 -DWRFPLUS=0 -DIWORDSIZE=4 -DDWORDSIZE=8 -DRWORDSIZE=4 -DLWORDSIZE=4 -DNONSTANDARD_SYSTEM_FUNC  -DWRF_USE_CLM -DUSE_NETCDF4_FEATURES -DWRFIO_NCD_LARGE_FILE_SUPPORT  -DDM_PARALLEL -DNETCDF -DLANDREAD_STUB=1 -DUSE_ALLOCATABLES -Dwrfmodel -DGRIB1 -DINTIO -DKEEP_INT_AROUND -DLIMIT_ARGS -DBUILD_RRTMG_FAST=0 -DBUILD_RRTMK=0 -DBUILD_SBM_FAST=1 -DSHOW_ALL_VARS_USED=0 -DCONFIG_BUF_LEN=65536 -DMAX_DOMAINS_F=21 -DMAX_HISTORY=25 -DNMM_NEST=0 -DWRF_CHEM -DBUILD_CHEM=1 -I. -traditional-cpp -DUSE_NETCDF4_FEATURES -DWRFIO_NCD_LARGE_FILE_SUPPORT   wrf_bdyout.F  > wrf_bdyout.bb
/glade/derecho/scratch/yates/NEOM_WRF/wrfv4.6.0/tools/standard.exe wrf_bdyout.bb | /lib/cpp -P -nostdinc -traditional-cpp -DUSE_NETCDF4_FEATURES -DWRFIO_NCD_LARGE_FILE_SUPPORT > wrf_bdyout.f90
rm -f wrf_bdyout.b wrf_bdyout.bb
time mpif90 -f90=ifort -c -real-size `expr 8 \* 4` -i4  -O0 -fno-inline -no-ip -ip -fp-model precise -w -ftz -align all -fno-alias -FR -convert big_endian   -I../dyn_em  -I/glade/derecho/scratch/yates/NEOM_WRF/wrfv4.6.0/external/esmf_time_f90  -I/glade/derecho/scratch/yates/NEOM_WRF/wrfv4.6.0/main -I/glade/derecho/scratch/yates/NEOM_WRF/wrfv4.6.0/external/io_netcdf -I/glade/derecho/scratch/yates/NEOM_WRF/wrfv4.6.0/external/io_int -I/glade/derecho/scratch/yates/NEOM_WRF/wrfv4.6.0/frame -I/glade/derecho/scratch/yates/NEOM_WRF/wrfv4.6.0/share -I/glade/derecho/scratch/yates/NEOM_WRF/wrfv4.6.0/phys -I/glade/derecho/scratch/yates/NEOM_WRF/wrfv4.6.0/wrftladj -I/glade/derecho/scratch/yates/NEOM_WRF/wrfv4.6.0/chem -I/glade/derecho/scratch/yates/NEOM_WRF/wrfv4.6.0/inc -I/glade/u/apps/derecho/23.09/spack/opt/spack/netcdf/4.9.2/oneapi/2023.2.1/yzvj/include   wrf_bdyout.f90

real	0m1.292s
user	0m0.859s
sys	0m0.398s
rm -f wrf_bdyin.o
/lib/cpp -P -nostdinc -I/glade/derecho/scratch/yates/NEOM_WRF/wrfv4.6.0/inc -DEM_CORE=1 -DNMM_CORE=0 -DNMM_MAX_DIM=2600 -DDA_CORE=0 -DWRFPLUS=0 -DIWORDSIZE=4 -DDWORDSIZE=8 -DRWORDSIZE=4 -DLWORDSIZE=4 -DNONSTANDARD_SYSTEM_FUNC  -DWRF_USE_CLM -DUSE_NETCDF4_FEATURES -DWRFIO_NCD_LARGE_FILE_SUPPORT  -DDM_PARALLEL -DNETCDF -DLANDREAD_STUB=1 -DUSE_ALLOCATABLES -Dwrfmodel -DGRIB1 -DINTIO -DKEEP_INT_AROUND -DLIMIT_ARGS -DBUILD_RRTMG_FAST=0 -DBUILD_RRTMK=0 -DBUILD_SBM_FAST=1 -DSHOW_ALL_VARS_USED=0 -DCONFIG_BUF_LEN=65536 -DMAX_DOMAINS_F=21 -DMAX_HISTORY=25 -DNMM_NEST=0 -DWRF_CHEM -DBUILD_CHEM=1 -I. -traditional-cpp -DUSE_NETCDF4_FEATURES -DWRFIO_NCD_LARGE_FILE_SUPPORT   wrf_bdyin.F  > wrf_bdyin.bb
/glade/derecho/scratch/yates/NEOM_WRF/wrfv4.6.0/tools/standard.exe wrf_bdyin.bb | /lib/cpp -P -nostdinc -traditional-cpp -DUSE_NETCDF4_FEATURES -DWRFIO_NCD_LARGE_FILE_SUPPORT > wrf_bdyin.f90
rm -f wrf_bdyin.b wrf_bdyin.bb
time mpif90 -f90=ifort -c -real-size `expr 8 \* 4` -i4  -O0 -fno-inline -no-ip -ip -fp-model precise -w -ftz -align all -fno-alias -FR -convert big_endian   -I../dyn_em  -I/glade/derecho/scratch/yates/NEOM_WRF/wrfv4.6.0/external/esmf_time_f90  -I/glade/derecho/scratch/yates/NEOM_WRF/wrfv4.6.0/main -I/glade/derecho/scratch/yates/NEOM_WRF/wrfv4.6.0/external/io_netcdf -I/glade/derecho/scratch/yates/NEOM_WRF/wrfv4.6.0/external/io_int -I/glade/derecho/scratch/yates/NEOM_WRF/wrfv4.6.0/frame -I/glade/derecho/scratch/yates/NEOM_WRF/wrfv4.6.0/share -I/glade/derecho/scratch/yates/NEOM_WRF/wrfv4.6.0/phys -I/glade/derecho/scratch/yates/NEOM_WRF/wrfv4.6.0/wrftladj -I/glade/derecho/scratch/yates/NEOM_WRF/wrfv4.6.0/chem -I/glade/derecho/scratch/yates/NEOM_WRF/wrfv4.6.0/inc -I/glade/u/apps/derecho/23.09/spack/opt/spack/netcdf/4.9.2/oneapi/2023.2.1/yzvj/include   wrf_bdyin.f90

real	0m1.695s
user	0m1.324s
sys	0m0.336s
rm -f dfi.o
sed -e "s/^\!.*'.*//" -e "s/^ *\!.*'.*//" dfi.F > dfi.G
/lib/cpp -P -nostdinc -I/glade/derecho/scratch/yates/NEOM_WRF/wrfv4.6.0/inc -DEM_CORE=1 -DNMM_CORE=0 -DNMM_MAX_DIM=2600 -DDA_CORE=0 -DWRFPLUS=0 -DIWORDSIZE=4 -DDWORDSIZE=8 -DRWORDSIZE=4 -DLWORDSIZE=4 -DNONSTANDARD_SYSTEM_FUNC  -DWRF_USE_CLM -DUSE_NETCDF4_FEATURES -DWRFIO_NCD_LARGE_FILE_SUPPORT  -DDM_PARALLEL -DNETCDF -DLANDREAD_STUB=1 -DUSE_ALLOCATABLES -Dwrfmodel -DGRIB1 -DINTIO -DKEEP_INT_AROUND -DLIMIT_ARGS -DBUILD_RRTMG_FAST=0 -DBUILD_RRTMK=0 -DBUILD_SBM_FAST=1 -DSHOW_ALL_VARS_USED=0 -DCONFIG_BUF_LEN=65536 -DMAX_DOMAINS_F=21 -DMAX_HISTORY=25 -DNMM_NEST=0 -DWRF_CHEM -DBUILD_CHEM=1 -I. -traditional-cpp -DUSE_NETCDF4_FEATURES -DWRFIO_NCD_LARGE_FILE_SUPPORT   dfi.G  > dfi.bb
/glade/derecho/scratch/yates/NEOM_WRF/wrfv4.6.0/tools/standard.exe dfi.bb | /lib/cpp -P -nostdinc -traditional-cpp -DUSE_NETCDF4_FEATURES -DWRFIO_NCD_LARGE_FILE_SUPPORT > dfi.f90
rm -f dfi.G dfi.bb
time mpif90 -f90=ifort -o dfi.o -c -O3 -ip -fp-model precise -w -ftz -align all -fno-alias -FR -convert big_endian    -I../dyn_em  -I/glade/derecho/scratch/yates/NEOM_WRF/wrfv4.6.0/external/esmf_time_f90  -I/glade/derecho/scratch/yates/NEOM_WRF/wrfv4.6.0/main -I/glade/derecho/scratch/yates/NEOM_WRF/wrfv4.6.0/external/io_netcdf -I/glade/derecho/scratch/yates/NEOM_WRF/wrfv4.6.0/external/io_int -I/glade/derecho/scratch/yates/NEOM_WRF/wrfv4.6.0/frame -I/glade/derecho/scratch/yates/NEOM_WRF/wrfv4.6.0/share -I/glade/derecho/scratch/yates/NEOM_WRF/wrfv4.6.0/phys -I/glade/derecho/scratch/yates/NEOM_WRF/wrfv4.6.0/wrftladj -I/glade/derecho/scratch/yates/NEOM_WRF/wrfv4.6.0/chem -I/glade/derecho/scratch/yates/NEOM_WRF/wrfv4.6.0/inc -I/glade/u/apps/derecho/23.09/spack/opt/spack/netcdf/4.9.2/oneapi/2023.2.1/yzvj/include  -real-size `expr 8 \* 4` -i4  dfi.f90

real	0m1.535s
user	0m1.133s
sys	0m0.366s
rm -f ../dyn_em/module_bc_em.o
sed -e "s/^\!.*'.*//" -e "s/^ *\!.*'.*//" ../dyn_em/module_bc_em.F > ../dyn_em/module_bc_em.G
/lib/cpp -P -nostdinc -I/glade/derecho/scratch/yates/NEOM_WRF/wrfv4.6.0/inc -DEM_CORE=1 -DNMM_CORE=0 -DNMM_MAX_DIM=2600 -DDA_CORE=0 -DWRFPLUS=0 -DIWORDSIZE=4 -DDWORDSIZE=8 -DRWORDSIZE=4 -DLWORDSIZE=4 -DNONSTANDARD_SYSTEM_FUNC  -DWRF_USE_CLM -DUSE_NETCDF4_FEATURES -DWRFIO_NCD_LARGE_FILE_SUPPORT  -DDM_PARALLEL -DNETCDF -DLANDREAD_STUB=1 -DUSE_ALLOCATABLES -Dwrfmodel -DGRIB1 -DINTIO -DKEEP_INT_AROUND -DLIMIT_ARGS -DBUILD_RRTMG_FAST=0 -DBUILD_RRTMK=0 -DBUILD_SBM_FAST=1 -DSHOW_ALL_VARS_USED=0 -DCONFIG_BUF_LEN=65536 -DMAX_DOMAINS_F=21 -DMAX_HISTORY=25 -DNMM_NEST=0 -DWRF_CHEM -DBUILD_CHEM=1 -I. -traditional-cpp -DUSE_NETCDF4_FEATURES -DWRFIO_NCD_LARGE_FILE_SUPPORT   ../dyn_em/module_bc_em.G  > ../dyn_em/module_bc_em.bb
/glade/derecho/scratch/yates/NEOM_WRF/wrfv4.6.0/tools/standard.exe ../dyn_em/module_bc_em.bb | /lib/cpp -P -nostdinc -traditional-cpp -DUSE_NETCDF4_FEATURES -DWRFIO_NCD_LARGE_FILE_SUPPORT > ../dyn_em/module_bc_em.f90
rm -f ../dyn_em/module_bc_em.G ../dyn_em/module_bc_em.bb
time mpif90 -f90=ifort -o ../dyn_em/module_bc_em.o -c -O3 -ip -fp-model precise -w -ftz -align all -fno-alias -FR -convert big_endian    -I../dyn_em  -I/glade/derecho/scratch/yates/NEOM_WRF/wrfv4.6.0/external/esmf_time_f90  -I/glade/derecho/scratch/yates/NEOM_WRF/wrfv4.6.0/main -I/glade/derecho/scratch/yates/NEOM_WRF/wrfv4.6.0/external/io_netcdf -I/glade/derecho/scratch/yates/NEOM_WRF/wrfv4.6.0/external/io_int -I/glade/derecho/scratch/yates/NEOM_WRF/wrfv4.6.0/frame -I/glade/derecho/scratch/yates/NEOM_WRF/wrfv4.6.0/share -I/glade/derecho/scratch/yates/NEOM_WRF/wrfv4.6.0/phys -I/glade/derecho/scratch/yates/NEOM_WRF/wrfv4.6.0/wrftladj -I/glade/derecho/scratch/yates/NEOM_WRF/wrfv4.6.0/chem -I/glade/derecho/scratch/yates/NEOM_WRF/wrfv4.6.0/inc -I/glade/u/apps/derecho/23.09/spack/opt/spack/netcdf/4.9.2/oneapi/2023.2.1/yzvj/include  -real-size `expr 8 \* 4` -i4  ../dyn_em/module_bc_em.f90

real	0m2.543s
user	0m2.197s
sys	0m0.320s
rm -f mediation_wrfmain.o
sed -e "s/^\!.*'.*//" -e "s/^ *\!.*'.*//" mediation_wrfmain.F > mediation_wrfmain.G
/lib/cpp -P -nostdinc -I/glade/derecho/scratch/yates/NEOM_WRF/wrfv4.6.0/inc -DEM_CORE=1 -DNMM_CORE=0 -DNMM_MAX_DIM=2600 -DDA_CORE=0 -DWRFPLUS=0 -DIWORDSIZE=4 -DDWORDSIZE=8 -DRWORDSIZE=4 -DLWORDSIZE=4 -DNONSTANDARD_SYSTEM_FUNC  -DWRF_USE_CLM -DUSE_NETCDF4_FEATURES -DWRFIO_NCD_LARGE_FILE_SUPPORT  -DDM_PARALLEL -DNETCDF -DLANDREAD_STUB=1 -DUSE_ALLOCATABLES -Dwrfmodel -DGRIB1 -DINTIO -DKEEP_INT_AROUND -DLIMIT_ARGS -DBUILD_RRTMG_FAST=0 -DBUILD_RRTMK=0 -DBUILD_SBM_FAST=1 -DSHOW_ALL_VARS_USED=0 -DCONFIG_BUF_LEN=65536 -DMAX_DOMAINS_F=21 -DMAX_HISTORY=25 -DNMM_NEST=0 -DWRF_CHEM -DBUILD_CHEM=1 -I. -traditional-cpp -DUSE_NETCDF4_FEATURES -DWRFIO_NCD_LARGE_FILE_SUPPORT   mediation_wrfmain.G  > mediation_wrfmain.bb
/glade/derecho/scratch/yates/NEOM_WRF/wrfv4.6.0/tools/standard.exe mediation_wrfmain.bb | /lib/cpp -P -nostdinc -traditional-cpp -DUSE_NETCDF4_FEATURES -DWRFIO_NCD_LARGE_FILE_SUPPORT > mediation_wrfmain.f90
rm -f mediation_wrfmain.G mediation_wrfmain.bb
time mpif90 -f90=ifort -o mediation_wrfmain.o -c -O3 -ip -fp-model precise -w -ftz -align all -fno-alias -FR -convert big_endian    -I../dyn_em  -I/glade/derecho/scratch/yates/NEOM_WRF/wrfv4.6.0/external/esmf_time_f90  -I/glade/derecho/scratch/yates/NEOM_WRF/wrfv4.6.0/main -I/glade/derecho/scratch/yates/NEOM_WRF/wrfv4.6.0/external/io_netcdf -I/glade/derecho/scratch/yates/NEOM_WRF/wrfv4.6.0/external/io_int -I/glade/derecho/scratch/yates/NEOM_WRF/wrfv4.6.0/frame -I/glade/derecho/scratch/yates/NEOM_WRF/wrfv4.6.0/share -I/glade/derecho/scratch/yates/NEOM_WRF/wrfv4.6.0/phys -I/glade/derecho/scratch/yates/NEOM_WRF/wrfv4.6.0/wrftladj -I/glade/derecho/scratch/yates/NEOM_WRF/wrfv4.6.0/chem -I/glade/derecho/scratch/yates/NEOM_WRF/wrfv4.6.0/inc -I/glade/u/apps/derecho/23.09/spack/opt/spack/netcdf/4.9.2/oneapi/2023.2.1/yzvj/include  -real-size `expr 8 \* 4` -i4  mediation_wrfmain.f90

real	0m8.250s
user	0m7.466s
sys	0m0.703s
rm -f module_check_a_mundo.o
sed -e "s/^\!.*'.*//" -e "s/^ *\!.*'.*//" module_check_a_mundo.F > module_check_a_mundo.G
/lib/cpp -P -nostdinc -I/glade/derecho/scratch/yates/NEOM_WRF/wrfv4.6.0/inc -DEM_CORE=1 -DNMM_CORE=0 -DNMM_MAX_DIM=2600 -DDA_CORE=0 -DWRFPLUS=0 -DIWORDSIZE=4 -DDWORDSIZE=8 -DRWORDSIZE=4 -DLWORDSIZE=4 -DNONSTANDARD_SYSTEM_FUNC  -DWRF_USE_CLM -DUSE_NETCDF4_FEATURES -DWRFIO_NCD_LARGE_FILE_SUPPORT  -DDM_PARALLEL -DNETCDF -DLANDREAD_STUB=1 -DUSE_ALLOCATABLES -Dwrfmodel -DGRIB1 -DINTIO -DKEEP_INT_AROUND -DLIMIT_ARGS -DBUILD_RRTMG_FAST=0 -DBUILD_RRTMK=0 -DBUILD_SBM_FAST=1 -DSHOW_ALL_VARS_USED=0 -DCONFIG_BUF_LEN=65536 -DMAX_DOMAINS_F=21 -DMAX_HISTORY=25 -DNMM_NEST=0 -DWRF_CHEM -DBUILD_CHEM=1 -I. -traditional-cpp -DUSE_NETCDF4_FEATURES -DWRFIO_NCD_LARGE_FILE_SUPPORT   module_check_a_mundo.G  > module_check_a_mundo.bb
/glade/derecho/scratch/yates/NEOM_WRF/wrfv4.6.0/tools/standard.exe module_check_a_mundo.bb | /lib/cpp -P -nostdinc -traditional-cpp -DUSE_NETCDF4_FEATURES -DWRFIO_NCD_LARGE_FILE_SUPPORT > module_check_a_mundo.f90
rm -f module_check_a_mundo.G module_check_a_mundo.bb
time mpif90 -f90=ifort -o module_check_a_mundo.o -c -O3 -ip -fp-model precise -w -ftz -align all -fno-alias -FR -convert big_endian    -I../dyn_em  -I/glade/derecho/scratch/yates/NEOM_WRF/wrfv4.6.0/external/esmf_time_f90  -I/glade/derecho/scratch/yates/NEOM_WRF/wrfv4.6.0/main -I/glade/derecho/scratch/yates/NEOM_WRF/wrfv4.6.0/external/io_netcdf -I/glade/derecho/scratch/yates/NEOM_WRF/wrfv4.6.0/external/io_int -I/glade/derecho/scratch/yates/NEOM_WRF/wrfv4.6.0/frame -I/glade/derecho/scratch/yates/NEOM_WRF/wrfv4.6.0/share -I/glade/derecho/scratch/yates/NEOM_WRF/wrfv4.6.0/phys -I/glade/derecho/scratch/yates/NEOM_WRF/wrfv4.6.0/wrftladj -I/glade/derecho/scratch/yates/NEOM_WRF/wrfv4.6.0/chem -I/glade/derecho/scratch/yates/NEOM_WRF/wrfv4.6.0/inc -I/glade/u/apps/derecho/23.09/spack/opt/spack/netcdf/4.9.2/oneapi/2023.2.1/yzvj/include  -real-size `expr 8 \* 4` -i4  module_check_a_mundo.f90

real	0m6.779s
user	0m6.299s
sys	0m0.441s
rm -f module_random.o
sed -e "s/^\!.*'.*//" -e "s/^ *\!.*'.*//" module_random.F > module_random.G
/lib/cpp -P -nostdinc -I/glade/derecho/scratch/yates/NEOM_WRF/wrfv4.6.0/inc -DEM_CORE=1 -DNMM_CORE=0 -DNMM_MAX_DIM=2600 -DDA_CORE=0 -DWRFPLUS=0 -DIWORDSIZE=4 -DDWORDSIZE=8 -DRWORDSIZE=4 -DLWORDSIZE=4 -DNONSTANDARD_SYSTEM_FUNC  -DWRF_USE_CLM -DUSE_NETCDF4_FEATURES -DWRFIO_NCD_LARGE_FILE_SUPPORT  -DDM_PARALLEL -DNETCDF -DLANDREAD_STUB=1 -DUSE_ALLOCATABLES -Dwrfmodel -DGRIB1 -DINTIO -DKEEP_INT_AROUND -DLIMIT_ARGS -DBUILD_RRTMG_FAST=0 -DBUILD_RRTMK=0 -DBUILD_SBM_FAST=1 -DSHOW_ALL_VARS_USED=0 -DCONFIG_BUF_LEN=65536 -DMAX_DOMAINS_F=21 -DMAX_HISTORY=25 -DNMM_NEST=0 -DWRF_CHEM -DBUILD_CHEM=1 -I. -traditional-cpp -DUSE_NETCDF4_FEATURES -DWRFIO_NCD_LARGE_FILE_SUPPORT   module_random.G  > module_random.bb
/glade/derecho/scratch/yates/NEOM_WRF/wrfv4.6.0/tools/standard.exe module_random.bb | /lib/cpp -P -nostdinc -traditional-cpp -DUSE_NETCDF4_FEATURES -DWRFIO_NCD_LARGE_FILE_SUPPORT > module_random.f90
rm -f module_random.G module_random.bb
time mpif90 -f90=ifort -o module_random.o -c -O3 -ip -fp-model precise -w -ftz -align all -fno-alias -FR -convert big_endian    -I../dyn_em  -I/glade/derecho/scratch/yates/NEOM_WRF/wrfv4.6.0/external/esmf_time_f90  -I/glade/derecho/scratch/yates/NEOM_WRF/wrfv4.6.0/main -I/glade/derecho/scratch/yates/NEOM_WRF/wrfv4.6.0/external/io_netcdf -I/glade/derecho/scratch/yates/NEOM_WRF/wrfv4.6.0/external/io_int -I/glade/derecho/scratch/yates/NEOM_WRF/wrfv4.6.0/frame -I/glade/derecho/scratch/yates/NEOM_WRF/wrfv4.6.0/share -I/glade/derecho/scratch/yates/NEOM_WRF/wrfv4.6.0/phys -I/glade/derecho/scratch/yates/NEOM_WRF/wrfv4.6.0/wrftladj -I/glade/derecho/scratch/yates/NEOM_WRF/wrfv4.6.0/chem -I/glade/derecho/scratch/yates/NEOM_WRF/wrfv4.6.0/inc -I/glade/u/apps/derecho/23.09/spack/opt/spack/netcdf/4.9.2/oneapi/2023.2.1/yzvj/include  -real-size `expr 8 \* 4` -i4  module_random.f90

real	0m0.489s
user	0m0.186s
sys	0m0.278s
rm -f module_interp_nmm.o
sed -e "s/^\!.*'.*//" -e "s/^ *\!.*'.*//" module_interp_nmm.F > module_interp_nmm.G
/lib/cpp -P -nostdinc -I/glade/derecho/scratch/yates/NEOM_WRF/wrfv4.6.0/inc -DEM_CORE=1 -DNMM_CORE=0 -DNMM_MAX_DIM=2600 -DDA_CORE=0 -DWRFPLUS=0 -DIWORDSIZE=4 -DDWORDSIZE=8 -DRWORDSIZE=4 -DLWORDSIZE=4 -DNONSTANDARD_SYSTEM_FUNC  -DWRF_USE_CLM -DUSE_NETCDF4_FEATURES -DWRFIO_NCD_LARGE_FILE_SUPPORT  -DDM_PARALLEL -DNETCDF -DLANDREAD_STUB=1 -DUSE_ALLOCATABLES -Dwrfmodel -DGRIB1 -DINTIO -DKEEP_INT_AROUND -DLIMIT_ARGS -DBUILD_RRTMG_FAST=0 -DBUILD_RRTMK=0 -DBUILD_SBM_FAST=1 -DSHOW_ALL_VARS_USED=0 -DCONFIG_BUF_LEN=65536 -DMAX_DOMAINS_F=21 -DMAX_HISTORY=25 -DNMM_NEST=0 -DWRF_CHEM -DBUILD_CHEM=1 -I. -traditional-cpp -DUSE_NETCDF4_FEATURES -DWRFIO_NCD_LARGE_FILE_SUPPORT   module_interp_nmm.G  > module_interp_nmm.bb
/glade/derecho/scratch/yates/NEOM_WRF/wrfv4.6.0/tools/standard.exe module_interp_nmm.bb | /lib/cpp -P -nostdinc -traditional-cpp -DUSE_NETCDF4_FEATURES -DWRFIO_NCD_LARGE_FILE_SUPPORT > module_interp_nmm.f90
rm -f module_interp_nmm.G module_interp_nmm.bb
time mpif90 -f90=ifort -o module_interp_nmm.o -c -O3 -ip -fp-model precise -w -ftz -align all -fno-alias -FR -convert big_endian    -I../dyn_em  -I/glade/derecho/scratch/yates/NEOM_WRF/wrfv4.6.0/external/esmf_time_f90  -I/glade/derecho/scratch/yates/NEOM_WRF/wrfv4.6.0/main -I/glade/derecho/scratch/yates/NEOM_WRF/wrfv4.6.0/external/io_netcdf -I/glade/derecho/scratch/yates/NEOM_WRF/wrfv4.6.0/external/io_int -I/glade/derecho/scratch/yates/NEOM_WRF/wrfv4.6.0/frame -I/glade/derecho/scratch/yates/NEOM_WRF/wrfv4.6.0/share -I/glade/derecho/scratch/yates/NEOM_WRF/wrfv4.6.0/phys -I/glade/derecho/scratch/yates/NEOM_WRF/wrfv4.6.0/wrftladj -I/glade/derecho/scratch/yates/NEOM_WRF/wrfv4.6.0/chem -I/glade/derecho/scratch/yates/NEOM_WRF/wrfv4.6.0/inc -I/glade/u/apps/derecho/23.09/spack/opt/spack/netcdf/4.9.2/oneapi/2023.2.1/yzvj/include  -real-size `expr 8 \* 4` -i4  module_interp_nmm.f90

real	0m6.727s
user	0m6.220s
sys	0m0.433s
rm -f module_trajectory.o
sed -e "s/^\!.*'.*//" -e "s/^ *\!.*'.*//" module_trajectory.F > module_trajectory.G
/lib/cpp -P -nostdinc -I/glade/derecho/scratch/yates/NEOM_WRF/wrfv4.6.0/inc -DEM_CORE=1 -DNMM_CORE=0 -DNMM_MAX_DIM=2600 -DDA_CORE=0 -DWRFPLUS=0 -DIWORDSIZE=4 -DDWORDSIZE=8 -DRWORDSIZE=4 -DLWORDSIZE=4 -DNONSTANDARD_SYSTEM_FUNC  -DWRF_USE_CLM -DUSE_NETCDF4_FEATURES -DWRFIO_NCD_LARGE_FILE_SUPPORT  -DDM_PARALLEL -DNETCDF -DLANDREAD_STUB=1 -DUSE_ALLOCATABLES -Dwrfmodel -DGRIB1 -DINTIO -DKEEP_INT_AROUND -DLIMIT_ARGS -DBUILD_RRTMG_FAST=0 -DBUILD_RRTMK=0 -DBUILD_SBM_FAST=1 -DSHOW_ALL_VARS_USED=0 -DCONFIG_BUF_LEN=65536 -DMAX_DOMAINS_F=21 -DMAX_HISTORY=25 -DNMM_NEST=0 -DWRF_CHEM -DBUILD_CHEM=1 -I. -traditional-cpp -DUSE_NETCDF4_FEATURES -DWRFIO_NCD_LARGE_FILE_SUPPORT   module_trajectory.G  > module_trajectory.bb
/glade/derecho/scratch/yates/NEOM_WRF/wrfv4.6.0/tools/standard.exe module_trajectory.bb | /lib/cpp -P -nostdinc -traditional-cpp -DUSE_NETCDF4_FEATURES -DWRFIO_NCD_LARGE_FILE_SUPPORT > module_trajectory.f90
rm -f module_trajectory.G module_trajectory.bb
time mpif90 -f90=ifort -o module_trajectory.o -c -O3 -ip -fp-model precise -w -ftz -align all -fno-alias -FR -convert big_endian    -I../dyn_em  -I/glade/derecho/scratch/yates/NEOM_WRF/wrfv4.6.0/external/esmf_time_f90  -I/glade/derecho/scratch/yates/NEOM_WRF/wrfv4.6.0/main -I/glade/derecho/scratch/yates/NEOM_WRF/wrfv4.6.0/external/io_netcdf -I/glade/derecho/scratch/yates/NEOM_WRF/wrfv4.6.0/external/io_int -I/glade/derecho/scratch/yates/NEOM_WRF/wrfv4.6.0/frame -I/glade/derecho/scratch/yates/NEOM_WRF/wrfv4.6.0/share -I/glade/derecho/scratch/yates/NEOM_WRF/wrfv4.6.0/phys -I/glade/derecho/scratch/yates/NEOM_WRF/wrfv4.6.0/wrftladj -I/glade/derecho/scratch/yates/NEOM_WRF/wrfv4.6.0/chem -I/glade/derecho/scratch/yates/NEOM_WRF/wrfv4.6.0/inc -I/glade/u/apps/derecho/23.09/spack/opt/spack/netcdf/4.9.2/oneapi/2023.2.1/yzvj/include  -real-size `expr 8 \* 4` -i4  module_trajectory.f90

real	0m35.567s
user	0m31.910s
sys	0m3.186s
rm -f mediation_feedback_domain.o
sed -e "s/^\!.*'.*//" -e "s/^ *\!.*'.*//" mediation_feedback_domain.F > mediation_feedback_domain.G
/lib/cpp -P -nostdinc -I/glade/derecho/scratch/yates/NEOM_WRF/wrfv4.6.0/inc -DEM_CORE=1 -DNMM_CORE=0 -DNMM_MAX_DIM=2600 -DDA_CORE=0 -DWRFPLUS=0 -DIWORDSIZE=4 -DDWORDSIZE=8 -DRWORDSIZE=4 -DLWORDSIZE=4 -DNONSTANDARD_SYSTEM_FUNC  -DWRF_USE_CLM -DUSE_NETCDF4_FEATURES -DWRFIO_NCD_LARGE_FILE_SUPPORT  -DDM_PARALLEL -DNETCDF -DLANDREAD_STUB=1 -DUSE_ALLOCATABLES -Dwrfmodel -DGRIB1 -DINTIO -DKEEP_INT_AROUND -DLIMIT_ARGS -DBUILD_RRTMG_FAST=0 -DBUILD_RRTMK=0 -DBUILD_SBM_FAST=1 -DSHOW_ALL_VARS_USED=0 -DCONFIG_BUF_LEN=65536 -DMAX_DOMAINS_F=21 -DMAX_HISTORY=25 -DNMM_NEST=0 -DWRF_CHEM -DBUILD_CHEM=1 -I. -traditional-cpp -DUSE_NETCDF4_FEATURES -DWRFIO_NCD_LARGE_FILE_SUPPORT   mediation_feedback_domain.G  > mediation_feedback_domain.bb
/glade/derecho/scratch/yates/NEOM_WRF/wrfv4.6.0/tools/standard.exe mediation_feedback_domain.bb | /lib/cpp -P -nostdinc -traditional-cpp -DUSE_NETCDF4_FEATURES -DWRFIO_NCD_LARGE_FILE_SUPPORT > mediation_feedback_domain.f90
rm -f mediation_feedback_domain.G mediation_feedback_domain.bb
time mpif90 -f90=ifort -o mediation_feedback_domain.o -c -O3 -ip -fp-model precise -w -ftz -align all -fno-alias -FR -convert big_endian    -I../dyn_em  -I/glade/derecho/scratch/yates/NEOM_WRF/wrfv4.6.0/external/esmf_time_f90  -I/glade/derecho/scratch/yates/NEOM_WRF/wrfv4.6.0/main -I/glade/derecho/scratch/yates/NEOM_WRF/wrfv4.6.0/external/io_netcdf -I/glade/derecho/scratch/yates/NEOM_WRF/wrfv4.6.0/external/io_int -I/glade/derecho/scratch/yates/NEOM_WRF/wrfv4.6.0/frame -I/glade/derecho/scratch/yates/NEOM_WRF/wrfv4.6.0/share -I/glade/derecho/scratch/yates/NEOM_WRF/wrfv4.6.0/phys -I/glade/derecho/scratch/yates/NEOM_WRF/wrfv4.6.0/wrftladj -I/glade/derecho/scratch/yates/NEOM_WRF/wrfv4.6.0/chem -I/glade/derecho/scratch/yates/NEOM_WRF/wrfv4.6.0/inc -I/glade/u/apps/derecho/23.09/spack/opt/spack/netcdf/4.9.2/oneapi/2023.2.1/yzvj/include  -real-size `expr 8 \* 4` -i4  mediation_feedback_domain.f90

real	0m3.819s
user	0m3.203s
sys	0m0.511s
rm -f wrf_timeseries.o
sed -e "s/^\!.*'.*//" -e "s/^ *\!.*'.*//" wrf_timeseries.F > wrf_timeseries.G
/lib/cpp -P -nostdinc -I/glade/derecho/scratch/yates/NEOM_WRF/wrfv4.6.0/inc -DEM_CORE=1 -DNMM_CORE=0 -DNMM_MAX_DIM=2600 -DDA_CORE=0 -DWRFPLUS=0 -DIWORDSIZE=4 -DDWORDSIZE=8 -DRWORDSIZE=4 -DLWORDSIZE=4 -DNONSTANDARD_SYSTEM_FUNC  -DWRF_USE_CLM -DUSE_NETCDF4_FEATURES -DWRFIO_NCD_LARGE_FILE_SUPPORT  -DDM_PARALLEL -DNETCDF -DLANDREAD_STUB=1 -DUSE_ALLOCATABLES -Dwrfmodel -DGRIB1 -DINTIO -DKEEP_INT_AROUND -DLIMIT_ARGS -DBUILD_RRTMG_FAST=0 -DBUILD_RRTMK=0 -DBUILD_SBM_FAST=1 -DSHOW_ALL_VARS_USED=0 -DCONFIG_BUF_LEN=65536 -DMAX_DOMAINS_F=21 -DMAX_HISTORY=25 -DNMM_NEST=0 -DWRF_CHEM -DBUILD_CHEM=1 -I. -traditional-cpp -DUSE_NETCDF4_FEATURES -DWRFIO_NCD_LARGE_FILE_SUPPORT   wrf_timeseries.G  > wrf_timeseries.bb
/glade/derecho/scratch/yates/NEOM_WRF/wrfv4.6.0/tools/standard.exe wrf_timeseries.bb | /lib/cpp -P -nostdinc -traditional-cpp -DUSE_NETCDF4_FEATURES -DWRFIO_NCD_LARGE_FILE_SUPPORT > wrf_timeseries.f90
rm -f wrf_timeseries.G wrf_timeseries.bb
time mpif90 -f90=ifort -o wrf_timeseries.o -c -O3 -ip -fp-model precise -w -ftz -align all -fno-alias -FR -convert big_endian    -I../dyn_em  -I/glade/derecho/scratch/yates/NEOM_WRF/wrfv4.6.0/external/esmf_time_f90  -I/glade/derecho/scratch/yates/NEOM_WRF/wrfv4.6.0/main -I/glade/derecho/scratch/yates/NEOM_WRF/wrfv4.6.0/external/io_netcdf -I/glade/derecho/scratch/yates/NEOM_WRF/wrfv4.6.0/external/io_int -I/glade/derecho/scratch/yates/NEOM_WRF/wrfv4.6.0/frame -I/glade/derecho/scratch/yates/NEOM_WRF/wrfv4.6.0/share -I/glade/derecho/scratch/yates/NEOM_WRF/wrfv4.6.0/phys -I/glade/derecho/scratch/yates/NEOM_WRF/wrfv4.6.0/wrftladj -I/glade/derecho/scratch/yates/NEOM_WRF/wrfv4.6.0/chem -I/glade/derecho/scratch/yates/NEOM_WRF/wrfv4.6.0/inc -I/glade/u/apps/derecho/23.09/spack/opt/spack/netcdf/4.9.2/oneapi/2023.2.1/yzvj/include  -real-size `expr 8 \* 4` -i4  wrf_timeseries.f90

real	0m18.573s
user	0m16.867s
sys	0m1.589s
rm -f track_driver.o
/glade/derecho/scratch/yates/NEOM_WRF/wrfv4.6.0/tools/standard.exe track_driver.F > track_driver.b 
/lib/cpp -P -nostdinc -I/glade/derecho/scratch/yates/NEOM_WRF/wrfv4.6.0/inc -DEM_CORE=1 -DNMM_CORE=0 -DNMM_MAX_DIM=2600 -DDA_CORE=0 -DWRFPLUS=0 -DIWORDSIZE=4 -DDWORDSIZE=8 -DRWORDSIZE=4 -DLWORDSIZE=4 -DNONSTANDARD_SYSTEM_FUNC  -DWRF_USE_CLM -DUSE_NETCDF4_FEATURES -DWRFIO_NCD_LARGE_FILE_SUPPORT  -DDM_PARALLEL -DNETCDF -DLANDREAD_STUB=1 -DUSE_ALLOCATABLES -Dwrfmodel -DGRIB1 -DINTIO -DKEEP_INT_AROUND -DLIMIT_ARGS -DBUILD_RRTMG_FAST=0 -DBUILD_RRTMK=0 -DBUILD_SBM_FAST=1 -DSHOW_ALL_VARS_USED=0 -DCONFIG_BUF_LEN=65536 -DMAX_DOMAINS_F=21 -DMAX_HISTORY=25 -DNMM_NEST=0 -DWRF_CHEM -DBUILD_CHEM=1 -I. -traditional-cpp -DUSE_NETCDF4_FEATURES -DWRFIO_NCD_LARGE_FILE_SUPPORT   track_driver.b  > track_driver.f90
rm -f track_driver.b
time mpif90 -f90=ifort -c -real-size `expr 8 \* 4` -i4 -O0 -fno-inline -no-ip -ip -fp-model precise -w -ftz -align all -fno-alias -FR -convert big_endian   -I../dyn_em  -I/glade/derecho/scratch/yates/NEOM_WRF/wrfv4.6.0/external/esmf_time_f90  -I/glade/derecho/scratch/yates/NEOM_WRF/wrfv4.6.0/main -I/glade/derecho/scratch/yates/NEOM_WRF/wrfv4.6.0/external/io_netcdf -I/glade/derecho/scratch/yates/NEOM_WRF/wrfv4.6.0/external/io_int -I/glade/derecho/scratch/yates/NEOM_WRF/wrfv4.6.0/frame -I/glade/derecho/scratch/yates/NEOM_WRF/wrfv4.6.0/share -I/glade/derecho/scratch/yates/NEOM_WRF/wrfv4.6.0/phys -I/glade/derecho/scratch/yates/NEOM_WRF/wrfv4.6.0/wrftladj -I/glade/derecho/scratch/yates/NEOM_WRF/wrfv4.6.0/chem -I/glade/derecho/scratch/yates/NEOM_WRF/wrfv4.6.0/inc -I/glade/u/apps/derecho/23.09/spack/opt/spack/netcdf/4.9.2/oneapi/2023.2.1/yzvj/include    track_driver.f90

real	0m2.232s
user	0m1.374s
sys	0m0.484s
rm -f init_modules.o
sed -e "s/^\!.*'.*//" -e "s/^ *\!.*'.*//" init_modules.F > init_modules.G
/lib/cpp -P -nostdinc -I/glade/derecho/scratch/yates/NEOM_WRF/wrfv4.6.0/inc -DEM_CORE=1 -DNMM_CORE=0 -DNMM_MAX_DIM=2600 -DDA_CORE=0 -DWRFPLUS=0 -DIWORDSIZE=4 -DDWORDSIZE=8 -DRWORDSIZE=4 -DLWORDSIZE=4 -DNONSTANDARD_SYSTEM_FUNC  -DWRF_USE_CLM -DUSE_NETCDF4_FEATURES -DWRFIO_NCD_LARGE_FILE_SUPPORT  -DDM_PARALLEL -DNETCDF -DLANDREAD_STUB=1 -DUSE_ALLOCATABLES -Dwrfmodel -DGRIB1 -DINTIO -DKEEP_INT_AROUND -DLIMIT_ARGS -DBUILD_RRTMG_FAST=0 -DBUILD_RRTMK=0 -DBUILD_SBM_FAST=1 -DSHOW_ALL_VARS_USED=0 -DCONFIG_BUF_LEN=65536 -DMAX_DOMAINS_F=21 -DMAX_HISTORY=25 -DNMM_NEST=0 -DWRF_CHEM -DBUILD_CHEM=1 -I. -traditional-cpp -DUSE_NETCDF4_FEATURES -DWRFIO_NCD_LARGE_FILE_SUPPORT   init_modules.G  > init_modules.bb
/glade/derecho/scratch/yates/NEOM_WRF/wrfv4.6.0/tools/standard.exe init_modules.bb | /lib/cpp -P -nostdinc -traditional-cpp -DUSE_NETCDF4_FEATURES -DWRFIO_NCD_LARGE_FILE_SUPPORT > init_modules.f90
rm -f init_modules.G init_modules.bb
time mpif90 -f90=ifort -o init_modules.o -c -O3 -ip -fp-model precise -w -ftz -align all -fno-alias -FR -convert big_endian    -I../dyn_em  -I/glade/derecho/scratch/yates/NEOM_WRF/wrfv4.6.0/external/esmf_time_f90  -I/glade/derecho/scratch/yates/NEOM_WRF/wrfv4.6.0/main -I/glade/derecho/scratch/yates/NEOM_WRF/wrfv4.6.0/external/io_netcdf -I/glade/derecho/scratch/yates/NEOM_WRF/wrfv4.6.0/external/io_int -I/glade/derecho/scratch/yates/NEOM_WRF/wrfv4.6.0/frame -I/glade/derecho/scratch/yates/NEOM_WRF/wrfv4.6.0/share -I/glade/derecho/scratch/yates/NEOM_WRF/wrfv4.6.0/phys -I/glade/derecho/scratch/yates/NEOM_WRF/wrfv4.6.0/wrftladj -I/glade/derecho/scratch/yates/NEOM_WRF/wrfv4.6.0/chem -I/glade/derecho/scratch/yates/NEOM_WRF/wrfv4.6.0/inc -I/glade/u/apps/derecho/23.09/spack/opt/spack/netcdf/4.9.2/oneapi/2023.2.1/yzvj/include  -real-size `expr 8 \* 4` -i4  init_modules.f90

real	0m0.600s
user	0m0.205s
sys	0m0.359s
rm -f interp_fcn.o
sed -e "s/^\!.*'.*//" -e "s/^ *\!.*'.*//" interp_fcn.F > interp_fcn.G
/lib/cpp -P -nostdinc -I/glade/derecho/scratch/yates/NEOM_WRF/wrfv4.6.0/inc -DEM_CORE=1 -DNMM_CORE=0 -DNMM_MAX_DIM=2600 -DDA_CORE=0 -DWRFPLUS=0 -DIWORDSIZE=4 -DDWORDSIZE=8 -DRWORDSIZE=4 -DLWORDSIZE=4 -DNONSTANDARD_SYSTEM_FUNC  -DWRF_USE_CLM -DUSE_NETCDF4_FEATURES -DWRFIO_NCD_LARGE_FILE_SUPPORT  -DDM_PARALLEL -DNETCDF -DLANDREAD_STUB=1 -DUSE_ALLOCATABLES -Dwrfmodel -DGRIB1 -DINTIO -DKEEP_INT_AROUND -DLIMIT_ARGS -DBUILD_RRTMG_FAST=0 -DBUILD_RRTMK=0 -DBUILD_SBM_FAST=1 -DSHOW_ALL_VARS_USED=0 -DCONFIG_BUF_LEN=65536 -DMAX_DOMAINS_F=21 -DMAX_HISTORY=25 -DNMM_NEST=0 -DWRF_CHEM -DBUILD_CHEM=1 -I. -traditional-cpp -DUSE_NETCDF4_FEATURES -DWRFIO_NCD_LARGE_FILE_SUPPORT   interp_fcn.G  > interp_fcn.bb
/glade/derecho/scratch/yates/NEOM_WRF/wrfv4.6.0/tools/standard.exe interp_fcn.bb | /lib/cpp -P -nostdinc -traditional-cpp -DUSE_NETCDF4_FEATURES -DWRFIO_NCD_LARGE_FILE_SUPPORT > interp_fcn.f90
rm -f interp_fcn.G interp_fcn.bb
time mpif90 -f90=ifort -o interp_fcn.o -c -O3 -ip -fp-model precise -w -ftz -align all -fno-alias -FR -convert big_endian    -I../dyn_em  -I/glade/derecho/scratch/yates/NEOM_WRF/wrfv4.6.0/external/esmf_time_f90  -I/glade/derecho/scratch/yates/NEOM_WRF/wrfv4.6.0/main -I/glade/derecho/scratch/yates/NEOM_WRF/wrfv4.6.0/external/io_netcdf -I/glade/derecho/scratch/yates/NEOM_WRF/wrfv4.6.0/external/io_int -I/glade/derecho/scratch/yates/NEOM_WRF/wrfv4.6.0/frame -I/glade/derecho/scratch/yates/NEOM_WRF/wrfv4.6.0/share -I/glade/derecho/scratch/yates/NEOM_WRF/wrfv4.6.0/phys -I/glade/derecho/scratch/yates/NEOM_WRF/wrfv4.6.0/wrftladj -I/glade/derecho/scratch/yates/NEOM_WRF/wrfv4.6.0/chem -I/glade/derecho/scratch/yates/NEOM_WRF/wrfv4.6.0/inc -I/glade/u/apps/derecho/23.09/spack/opt/spack/netcdf/4.9.2/oneapi/2023.2.1/yzvj/include  -real-size `expr 8 \* 4` -i4  interp_fcn.f90

real	0m6.169s
user	0m5.468s
sys	0m0.635s
rm -f mediation_nest_move.o
sed -e "s/^\!.*'.*//" -e "s/^ *\!.*'.*//" mediation_nest_move.F > mediation_nest_move.G
/lib/cpp -P -nostdinc -I/glade/derecho/scratch/yates/NEOM_WRF/wrfv4.6.0/inc -DEM_CORE=1 -DNMM_CORE=0 -DNMM_MAX_DIM=2600 -DDA_CORE=0 -DWRFPLUS=0 -DIWORDSIZE=4 -DDWORDSIZE=8 -DRWORDSIZE=4 -DLWORDSIZE=4 -DNONSTANDARD_SYSTEM_FUNC  -DWRF_USE_CLM -DUSE_NETCDF4_FEATURES -DWRFIO_NCD_LARGE_FILE_SUPPORT  -DDM_PARALLEL -DNETCDF -DLANDREAD_STUB=1 -DUSE_ALLOCATABLES -Dwrfmodel -DGRIB1 -DINTIO -DKEEP_INT_AROUND -DLIMIT_ARGS -DBUILD_RRTMG_FAST=0 -DBUILD_RRTMK=0 -DBUILD_SBM_FAST=1 -DSHOW_ALL_VARS_USED=0 -DCONFIG_BUF_LEN=65536 -DMAX_DOMAINS_F=21 -DMAX_HISTORY=25 -DNMM_NEST=0 -DWRF_CHEM -DBUILD_CHEM=1 -I. -traditional-cpp -DUSE_NETCDF4_FEATURES -DWRFIO_NCD_LARGE_FILE_SUPPORT   mediation_nest_move.G  > mediation_nest_move.bb
/glade/derecho/scratch/yates/NEOM_WRF/wrfv4.6.0/tools/standard.exe mediation_nest_move.bb | /lib/cpp -P -nostdinc -traditional-cpp -DUSE_NETCDF4_FEATURES -DWRFIO_NCD_LARGE_FILE_SUPPORT > mediation_nest_move.f90
rm -f mediation_nest_move.G mediation_nest_move.bb
time mpif90 -f90=ifort -o mediation_nest_move.o -c -O3 -ip -fp-model precise -w -ftz -align all -fno-alias -FR -convert big_endian    -I../dyn_em  -I/glade/derecho/scratch/yates/NEOM_WRF/wrfv4.6.0/external/esmf_time_f90  -I/glade/derecho/scratch/yates/NEOM_WRF/wrfv4.6.0/main -I/glade/derecho/scratch/yates/NEOM_WRF/wrfv4.6.0/external/io_netcdf -I/glade/derecho/scratch/yates/NEOM_WRF/wrfv4.6.0/external/io_int -I/glade/derecho/scratch/yates/NEOM_WRF/wrfv4.6.0/frame -I/glade/derecho/scratch/yates/NEOM_WRF/wrfv4.6.0/share -I/glade/derecho/scratch/yates/NEOM_WRF/wrfv4.6.0/phys -I/glade/derecho/scratch/yates/NEOM_WRF/wrfv4.6.0/wrftladj -I/glade/derecho/scratch/yates/NEOM_WRF/wrfv4.6.0/chem -I/glade/derecho/scratch/yates/NEOM_WRF/wrfv4.6.0/inc -I/glade/u/apps/derecho/23.09/spack/opt/spack/netcdf/4.9.2/oneapi/2023.2.1/yzvj/include  -real-size `expr 8 \* 4` -i4  mediation_nest_move.f90

real	0m1.994s
user	0m1.513s
sys	0m0.430s
rm -f module_optional_input.o
sed -e "s/^\!.*'.*//" -e "s/^ *\!.*'.*//" module_optional_input.F > module_optional_input.G
/lib/cpp -P -nostdinc -I/glade/derecho/scratch/yates/NEOM_WRF/wrfv4.6.0/inc -DEM_CORE=1 -DNMM_CORE=0 -DNMM_MAX_DIM=2600 -DDA_CORE=0 -DWRFPLUS=0 -DIWORDSIZE=4 -DDWORDSIZE=8 -DRWORDSIZE=4 -DLWORDSIZE=4 -DNONSTANDARD_SYSTEM_FUNC  -DWRF_USE_CLM -DUSE_NETCDF4_FEATURES -DWRFIO_NCD_LARGE_FILE_SUPPORT  -DDM_PARALLEL -DNETCDF -DLANDREAD_STUB=1 -DUSE_ALLOCATABLES -Dwrfmodel -DGRIB1 -DINTIO -DKEEP_INT_AROUND -DLIMIT_ARGS -DBUILD_RRTMG_FAST=0 -DBUILD_RRTMK=0 -DBUILD_SBM_FAST=1 -DSHOW_ALL_VARS_USED=0 -DCONFIG_BUF_LEN=65536 -DMAX_DOMAINS_F=21 -DMAX_HISTORY=25 -DNMM_NEST=0 -DWRF_CHEM -DBUILD_CHEM=1 -I. -traditional-cpp -DUSE_NETCDF4_FEATURES -DWRFIO_NCD_LARGE_FILE_SUPPORT   module_optional_input.G  > module_optional_input.bb
/glade/derecho/scratch/yates/NEOM_WRF/wrfv4.6.0/tools/standard.exe module_optional_input.bb | /lib/cpp -P -nostdinc -traditional-cpp -DUSE_NETCDF4_FEATURES -DWRFIO_NCD_LARGE_FILE_SUPPORT > module_optional_input.f90
rm -f module_optional_input.G module_optional_input.bb
time mpif90 -f90=ifort -o module_optional_input.o -c -O3 -ip -fp-model precise -w -ftz -align all -fno-alias -FR -convert big_endian    -I../dyn_em  -I/glade/derecho/scratch/yates/NEOM_WRF/wrfv4.6.0/external/esmf_time_f90  -I/glade/derecho/scratch/yates/NEOM_WRF/wrfv4.6.0/main -I/glade/derecho/scratch/yates/NEOM_WRF/wrfv4.6.0/external/io_netcdf -I/glade/derecho/scratch/yates/NEOM_WRF/wrfv4.6.0/external/io_int -I/glade/derecho/scratch/yates/NEOM_WRF/wrfv4.6.0/frame -I/glade/derecho/scratch/yates/NEOM_WRF/wrfv4.6.0/share -I/glade/derecho/scratch/yates/NEOM_WRF/wrfv4.6.0/phys -I/glade/derecho/scratch/yates/NEOM_WRF/wrfv4.6.0/wrftladj -I/glade/derecho/scratch/yates/NEOM_WRF/wrfv4.6.0/chem -I/glade/derecho/scratch/yates/NEOM_WRF/wrfv4.6.0/inc -I/glade/u/apps/derecho/23.09/spack/opt/spack/netcdf/4.9.2/oneapi/2023.2.1/yzvj/include  -real-size `expr 8 \* 4` -i4  module_optional_input.f90

real	0m24.644s
user	0m23.935s
sys	0m0.626s
rm -f mediation_integrate.o
sed -e "s/^\!.*'.*//" -e "s/^ *\!.*'.*//" mediation_integrate.F > mediation_integrate.G
/lib/cpp -P -nostdinc -I/glade/derecho/scratch/yates/NEOM_WRF/wrfv4.6.0/inc -DEM_CORE=1 -DNMM_CORE=0 -DNMM_MAX_DIM=2600 -DDA_CORE=0 -DWRFPLUS=0 -DIWORDSIZE=4 -DDWORDSIZE=8 -DRWORDSIZE=4 -DLWORDSIZE=4 -DNONSTANDARD_SYSTEM_FUNC  -DWRF_USE_CLM -DUSE_NETCDF4_FEATURES -DWRFIO_NCD_LARGE_FILE_SUPPORT  -DDM_PARALLEL -DNETCDF -DLANDREAD_STUB=1 -DUSE_ALLOCATABLES -Dwrfmodel -DGRIB1 -DINTIO -DKEEP_INT_AROUND -DLIMIT_ARGS -DBUILD_RRTMG_FAST=0 -DBUILD_RRTMK=0 -DBUILD_SBM_FAST=1 -DSHOW_ALL_VARS_USED=0 -DCONFIG_BUF_LEN=65536 -DMAX_DOMAINS_F=21 -DMAX_HISTORY=25 -DNMM_NEST=0 -DWRF_CHEM -DBUILD_CHEM=1 -I. -traditional-cpp -DUSE_NETCDF4_FEATURES -DWRFIO_NCD_LARGE_FILE_SUPPORT   mediation_integrate.G  > mediation_integrate.bb
/glade/derecho/scratch/yates/NEOM_WRF/wrfv4.6.0/tools/standard.exe mediation_integrate.bb | /lib/cpp -P -nostdinc -traditional-cpp -DUSE_NETCDF4_FEATURES -DWRFIO_NCD_LARGE_FILE_SUPPORT > mediation_integrate.f90
rm -f mediation_integrate.G mediation_integrate.bb
time mpif90 -f90=ifort -o mediation_integrate.o -c -O3 -ip -fp-model precise -w -ftz -align all -fno-alias -FR -convert big_endian    -I../dyn_em  -I/glade/derecho/scratch/yates/NEOM_WRF/wrfv4.6.0/external/esmf_time_f90  -I/glade/derecho/scratch/yates/NEOM_WRF/wrfv4.6.0/main -I/glade/derecho/scratch/yates/NEOM_WRF/wrfv4.6.0/external/io_netcdf -I/glade/derecho/scratch/yates/NEOM_WRF/wrfv4.6.0/external/io_int -I/glade/derecho/scratch/yates/NEOM_WRF/wrfv4.6.0/frame -I/glade/derecho/scratch/yates/NEOM_WRF/wrfv4.6.0/share -I/glade/derecho/scratch/yates/NEOM_WRF/wrfv4.6.0/phys -I/glade/derecho/scratch/yates/NEOM_WRF/wrfv4.6.0/wrftladj -I/glade/derecho/scratch/yates/NEOM_WRF/wrfv4.6.0/chem -I/glade/derecho/scratch/yates/NEOM_WRF/wrfv4.6.0/inc -I/glade/u/apps/derecho/23.09/spack/opt/spack/netcdf/4.9.2/oneapi/2023.2.1/yzvj/include  -real-size `expr 8 \* 4` -i4  mediation_integrate.f90

real	0m15.787s
user	0m13.213s
sys	0m2.267s
rm -f solve_interface.o
/glade/derecho/scratch/yates/NEOM_WRF/wrfv4.6.0/tools/standard.exe solve_interface.F > solve_interface.b 
/lib/cpp -P -nostdinc -I/glade/derecho/scratch/yates/NEOM_WRF/wrfv4.6.0/inc -DEM_CORE=1 -DNMM_CORE=0 -DNMM_MAX_DIM=2600 -DDA_CORE=0 -DWRFPLUS=0 -DIWORDSIZE=4 -DDWORDSIZE=8 -DRWORDSIZE=4 -DLWORDSIZE=4 -DNONSTANDARD_SYSTEM_FUNC  -DWRF_USE_CLM -DUSE_NETCDF4_FEATURES -DWRFIO_NCD_LARGE_FILE_SUPPORT  -DDM_PARALLEL -DNETCDF -DLANDREAD_STUB=1 -DUSE_ALLOCATABLES -Dwrfmodel -DGRIB1 -DINTIO -DKEEP_INT_AROUND -DLIMIT_ARGS -DBUILD_RRTMG_FAST=0 -DBUILD_RRTMK=0 -DBUILD_SBM_FAST=1 -DSHOW_ALL_VARS_USED=0 -DCONFIG_BUF_LEN=65536 -DMAX_DOMAINS_F=21 -DMAX_HISTORY=25 -DNMM_NEST=0 -DWRF_CHEM -DBUILD_CHEM=1 -I. -traditional-cpp -DUSE_NETCDF4_FEATURES -DWRFIO_NCD_LARGE_FILE_SUPPORT   solve_interface.b  > solve_interface.f90
rm -f solve_interface.b
time mpif90 -f90=ifort -c -real-size `expr 8 \* 4` -i4 -O0 -fno-inline -no-ip -ip -fp-model precise -w -ftz -align all -fno-alias -FR -convert big_endian   -I../dyn_em  -I/glade/derecho/scratch/yates/NEOM_WRF/wrfv4.6.0/external/esmf_time_f90  -I/glade/derecho/scratch/yates/NEOM_WRF/wrfv4.6.0/main -I/glade/derecho/scratch/yates/NEOM_WRF/wrfv4.6.0/external/io_netcdf -I/glade/derecho/scratch/yates/NEOM_WRF/wrfv4.6.0/external/io_int -I/glade/derecho/scratch/yates/NEOM_WRF/wrfv4.6.0/frame -I/glade/derecho/scratch/yates/NEOM_WRF/wrfv4.6.0/share -I/glade/derecho/scratch/yates/NEOM_WRF/wrfv4.6.0/phys -I/glade/derecho/scratch/yates/NEOM_WRF/wrfv4.6.0/wrftladj -I/glade/derecho/scratch/yates/NEOM_WRF/wrfv4.6.0/chem -I/glade/derecho/scratch/yates/NEOM_WRF/wrfv4.6.0/inc -I/glade/u/apps/derecho/23.09/spack/opt/spack/netcdf/4.9.2/oneapi/2023.2.1/yzvj/include    solve_interface.f90

real	0m1.407s
user	0m0.963s
sys	0m0.404s
rm -f start_domain.o
/glade/derecho/scratch/yates/NEOM_WRF/wrfv4.6.0/tools/standard.exe start_domain.F > start_domain.b 
/lib/cpp -P -nostdinc -I/glade/derecho/scratch/yates/NEOM_WRF/wrfv4.6.0/inc -DEM_CORE=1 -DNMM_CORE=0 -DNMM_MAX_DIM=2600 -DDA_CORE=0 -DWRFPLUS=0 -DIWORDSIZE=4 -DDWORDSIZE=8 -DRWORDSIZE=4 -DLWORDSIZE=4 -DNONSTANDARD_SYSTEM_FUNC  -DWRF_USE_CLM -DUSE_NETCDF4_FEATURES -DWRFIO_NCD_LARGE_FILE_SUPPORT  -DDM_PARALLEL -DNETCDF -DLANDREAD_STUB=1 -DUSE_ALLOCATABLES -Dwrfmodel -DGRIB1 -DINTIO -DKEEP_INT_AROUND -DLIMIT_ARGS -DBUILD_RRTMG_FAST=0 -DBUILD_RRTMK=0 -DBUILD_SBM_FAST=1 -DSHOW_ALL_VARS_USED=0 -DCONFIG_BUF_LEN=65536 -DMAX_DOMAINS_F=21 -DMAX_HISTORY=25 -DNMM_NEST=0 -DWRF_CHEM -DBUILD_CHEM=1 -I. -traditional-cpp -DUSE_NETCDF4_FEATURES -DWRFIO_NCD_LARGE_FILE_SUPPORT   start_domain.b  > start_domain.f90
rm -f start_domain.b
time mpif90 -f90=ifort -c -real-size `expr 8 \* 4` -i4 -O0 -fno-inline -no-ip -ip -fp-model precise -w -ftz -align all -fno-alias -FR -convert big_endian   -I../dyn_em  -I/glade/derecho/scratch/yates/NEOM_WRF/wrfv4.6.0/external/esmf_time_f90  -I/glade/derecho/scratch/yates/NEOM_WRF/wrfv4.6.0/main -I/glade/derecho/scratch/yates/NEOM_WRF/wrfv4.6.0/external/io_netcdf -I/glade/derecho/scratch/yates/NEOM_WRF/wrfv4.6.0/external/io_int -I/glade/derecho/scratch/yates/NEOM_WRF/wrfv4.6.0/frame -I/glade/derecho/scratch/yates/NEOM_WRF/wrfv4.6.0/share -I/glade/derecho/scratch/yates/NEOM_WRF/wrfv4.6.0/phys -I/glade/derecho/scratch/yates/NEOM_WRF/wrfv4.6.0/wrftladj -I/glade/derecho/scratch/yates/NEOM_WRF/wrfv4.6.0/chem -I/glade/derecho/scratch/yates/NEOM_WRF/wrfv4.6.0/inc -I/glade/u/apps/derecho/23.09/spack/opt/spack/netcdf/4.9.2/oneapi/2023.2.1/yzvj/include    start_domain.f90

real	0m1.769s
user	0m1.325s
sys	0m0.396s

real	0m32.877s
user	0m31.368s
sys	0m1.369s
if [ 0 -eq 1 ] ; then \
                  make -i -r nmm_contrib                                      ; \
                  ar ru ../main/libwrflib.a module_model_constants.o module_bc_time_utilities.o module_get_file_names.o module_compute_geop.o module_chem_share.o module_check_a_mundo.o module_HLaw.o module_ctrans_aqchem.o module_random.o module_llxy.o module_interp_nmm.o module_interp_store.o module_string_tools.o module_MPP.o  module_date_time.o module_bc.o module_io_wrf.o module_soil_pre.o  module_io_domain.o               module_optional_input.o          solve_interface.o mediation_interp_domain.o mediation_force_domain.o mediation_feedback_domain.o start_domain.o init_modules.o set_timekeeping.o interp_fcn.o sint.o wrf_ext_write_field.o wrf_ext_read_field.o  wrf_tsin.o landread.o track_driver.o track_input.o module_trajectory.o bobrand.o wrf_timeseries.o track_driver.o wrf_fddaobs_in.o mediation_nest_move.o setfeenv.o input_wrf.o output_wrf.o wrf_bdyout.o wrf_bdyin.o dfi.o  mediation_integrate.o mediation_wrfmain.o    ; \
                  else                                                         \
                  ar ru ../main/libwrflib.a module_model_constants.o module_bc_time_utilities.o module_get_file_names.o module_compute_geop.o module_chem_share.o module_check_a_mundo.o module_HLaw.o module_ctrans_aqchem.o module_random.o module_llxy.o module_interp_nmm.o module_interp_store.o module_string_tools.o module_MPP.o  module_date_time.o module_bc.o module_io_wrf.o module_soil_pre.o  module_io_domain.o               module_optional_input.o          solve_interface.o mediation_interp_domain.o mediation_force_domain.o mediation_feedback_domain.o start_domain.o init_modules.o set_timekeeping.o interp_fcn.o sint.o wrf_ext_write_field.o wrf_ext_read_field.o  wrf_tsin.o landread.o track_driver.o track_input.o module_trajectory.o bobrand.o wrf_timeseries.o track_driver.o wrf_fddaobs_in.o mediation_nest_move.o setfeenv.o input_wrf.o output_wrf.o wrf_bdyout.o wrf_bdyin.o dfi.o  mediation_integrate.o mediation_wrfmain.o              ; \
                fi
make[2]: Leaving directory '/glade/derecho/scratch/yates/NEOM_WRF/wrfv4.6.0/share'
make[1]: Leaving directory '/glade/derecho/scratch/yates/NEOM_WRF/wrfv4.6.0'
make -i -r MODULE_DIRS="-I../dyn_em  -I/glade/derecho/scratch/yates/NEOM_WRF/wrfv4.6.0/external/esmf_time_f90  -I/glade/derecho/scratch/yates/NEOM_WRF/wrfv4.6.0/main -I/glade/derecho/scratch/yates/NEOM_WRF/wrfv4.6.0/external/io_netcdf -I/glade/derecho/scratch/yates/NEOM_WRF/wrfv4.6.0/external/io_int -I/glade/derecho/scratch/yates/NEOM_WRF/wrfv4.6.0/frame -I/glade/derecho/scratch/yates/NEOM_WRF/wrfv4.6.0/share -I/glade/derecho/scratch/yates/NEOM_WRF/wrfv4.6.0/phys -I/glade/derecho/scratch/yates/NEOM_WRF/wrfv4.6.0/wrftladj -I/glade/derecho/scratch/yates/NEOM_WRF/wrfv4.6.0/chem -I/glade/derecho/scratch/yates/NEOM_WRF/wrfv4.6.0/inc -I/glade/u/apps/derecho/23.09/spack/opt/spack/netcdf/4.9.2/oneapi/2023.2.1/yzvj/include " physics
make[1]: Entering directory '/glade/derecho/scratch/yates/NEOM_WRF/wrfv4.6.0'
--------------------------------------
if [ 1  -eq 0 ] ; then \
	( cd phys ; make -i -r submodules ; make -i -r CF2=" " ) ; \
	if [ -n "" ] && [  -eq 1 ] ; then \
		@ echo '----------- make cmaq ----------------' ; \
		( rm -f main/libcmaqlib.a; cd cmaq ; make -i -r -f Makefile.twoway ) ; \
	fi \
else \
	( cd phys ; make -i -r submodules ; make -i -r CF2="../chem/module_data_mosaic_asect.o" ) ; \
fi
make[2]: Entering directory '/glade/derecho/scratch/yates/NEOM_WRF/wrfv4.6.0/phys'
No action required for NoahMP submodule
make[2]: Leaving directory '/glade/derecho/scratch/yates/NEOM_WRF/wrfv4.6.0/phys'
make[2]: Entering directory '/glade/derecho/scratch/yates/NEOM_WRF/wrfv4.6.0/phys'
make -i -r -j 2 non_nmm ; \
ar ru ../main/libwrflib.a ccpp_kind_types.o module_bep_bem_helper.o complex_number_module.o module_cam_shr_kind_mod.o module_cam_support.o module_cam_shr_const_mod.o module_cam_physconst.o module_cam_cldwat.o module_cam_wv_saturation.o module_cam_esinti.o module_cam_gffgch.o module_cam_error_function.o module_cam_constituents.o module_cam_trb_mtn_stress.o module_cam_molec_diff.o module_cam_upper_bc.o module_cam_bl_diffusion_solver.o module_cam_bl_eddy_diff.o module_cam_mp_microp_aero.o module_cam_mp_cldwat2m_micro.o module_cam_mp_ndrop.o module_cam_mp_modal_aero_initialize_data_phys.o module_cam_mp_radconstants.o module_cam_mp_conv_water.o module_cam_mp_qneg3.o module_data_cam_mam_aero.o module_data_cam_mam_asect.o module_cam_infnan.o  module_bl_ysu.o module_bl_shinhong.o module_bl_mrf.o module_bl_gfs.o module_bl_gfsedmf.o module_bl_myjpbl.o module_bl_qnsepbl.o module_bl_acm.o module_bl_mynn_common.o module_bl_mynn.o module_bl_mynn_wrapper.o module_bl_fogdes.o module_bl_gwdo.o module_bl_gwdo_gsl.o module_bl_myjurb.o module_bl_boulac.o module_checkerror.o module_bl_camuwpbl_driver.o module_bl_mfshconvpbl.o module_bl_eepsilon.o module_bl_keps.o module_shcu_camuwshcu_driver.o module_shcu_camuwshcu.o module_shcu_deng.o module_shcu_grims.o module_shcu_nscv.o module_cu_camzm_driver.o module_cu_camzm.o module_bl_temf.o module_bl_gbmpbl.o module_cu_g3.o module_cu_kf.o module_cu_bmj.o module_cu_kfeta.o module_cu_mskf.o module_cu_tiedtke.o module_cu_ntiedtke.o module_cu_gd.o module_cu_gf_ctrans.o module_cu_gf_wrfdrv.o module_cu_gf_deep.o module_cu_gf_sh.o module_cu_ksas.o module_cu_nsas.o module_cu_sas.o module_gocart_coupling.o module_cu_scalesas.o module_cu_osas.o module_cu_kfcup.o module_madwrf.o module_mp_radar.o module_mp_kessler.o module_mp_lin.o module_mp_sbu_ylin.o module_mp_wsm3.o module_mp_wsm5.o module_mp_wsm6.o module_mp_wsm6r.o module_mp_wsm7.o module_mp_etanew.o module_mp_fer_hires.o module_mp_thompson.o module_fire_emis.o module_mp_SBM_polar_radar.o module_mp_full_sbm.o module_mp_fast_sbm.o module_ltng_lpi.o module_mp_gsfcgce.o module_mp_gsfcgce_4ice_nuwrf.o module_mp_morr_two_moment.o module_mp_p3.o module_mp_jensen_ishmael.o module_mp_morr_two_moment_aero.o module_mp_milbrandt2mom.o module_mp_nssl_2mom.o module_mp_wdm5.o module_mp_wdm6.o module_mp_wdm7.o module_mp_ntu.o module_mp_cammgmp_driver.o module_ra_sw.o module_ra_clWRF_support.o module_ra_gsfcsw.o module_ra_goddard.o module_ra_effective_radius.o module_ra_rrtm.o module_ra_rrtmg_lw.o module_ra_rrtmg_sw.o module_ra_rrtmg_aero_optical_util_cmaq.o module_ra_rrtmg_lwf.o module_ra_rrtmg_swf.o module_ra_rrtmg_lwk.o module_ra_rrtmg_swk.o module_ra_cam_support.o module_ra_cam.o module_ra_gfdleta.o module_ra_flg.o module_ra_hs.o module_ra_eclipse.o module_ra_aerosol.o module_ra_farms.o module_sf_sfclay.o module_sf_sfclayrev.o module_sf_gfs.o module_sf_exchcoef.o module_sf_gfdl.o module_sf_slab.o module_sf_noahdrv.o module_sf_noahlsm.o module_sf_clm.o module_sf_ctsm.o module_sf_ssib.o module_sf_noah_seaice.o module_sf_noah_seaice_drv.o module_sf_noahlsm_glacial_only.o module_sf_noahmp_groundwater.o module_sf_gecros.o module_sf_noahmpdrv.o module_sf_noahmplsm.o module_sf_noahmp_glacier.o module_sf_urban.o module_sf_bep.o module_sf_bep_bem.o module_sf_bem.o module_sf_pxlsm.o module_sf_pxlsm_data.o module_sf_ruclsm.o module_sf_sfcdiags.o module_sf_sfcdiags_ruclsm.o module_sf_sstskin.o module_sf_tmnupdate.o module_sf_ocean_driver.o module_sf_oml.o module_sf_3dpwp.o module_sf_myjsfc.o module_sf_qnsesfc.o module_sf_mynn.o module_sf_fogdes.o module_sf_pxsfclay.o module_sf_temfsfclay.o module_sf_idealscmsfclay.o module_sf_scmflux.o module_sf_scmskintemp.o module_physics_addtendc.o module_physics_init.o module_gfs_machine.o module_gfs_funcphys.o module_gfs_physcons.o module_progtm.o module_pbl_driver.o module_data_gocart_dust.o module_dust_emis.o module_cumulus_driver.o module_shallowcu_driver.o module_microphysics_driver.o module_microphysics_zero_out.o module_mixactivate.o module_radiation_driver.o module_surface_driver.o module_lightning_driver.o module_ltng_cpmpr92z.o module_ltng_crmpr92.o module_ltng_iccg.o module_fdda_psufddagd.o module_fdda_spnudging.o module_fddagd_driver.o module_fddaobs_rtfdda.o module_fddaobs_driver.o module_wind_fitch.o module_wind_mav.o module_sf_lake.o module_diagnostics_driver.o module_irrigation.o   \
	module_fr_fire_driver.o module_fr_fire_driver_wrf.o module_fr_fire_atm.o module_fr_fire_model.o module_fr_fire_core.o module_fr_fire_phys.o module_fr_fire_util.o module_firebrand_spotting_mpi.o module_firebrand_spotting.o module_diag_afwa.o module_diag_cl.o module_diag_functions.o module_diag_hailcast.o module_diag_misc.o module_diag_nwp.o module_diag_rasm.o module_diag_pld.o module_diag_zld.o module_diag_trad_fields.o module_diag_solar.o physics_mmm/sf_sfclayrev.o physics_mmm/cu_ntiedtke.o physics_mmm/module_libmassv.o physics_mmm/mp_wsm6.o physics_mmm/mp_wsm6_effectRad.o physics_mmm/mp_radar.o physics_mmm/bl_gwdo.o physics_mmm/bl_ysu.o
make[3]: Entering directory '/glade/derecho/scratch/yates/NEOM_WRF/wrfv4.6.0/phys'
rm -f ccpp_kind_types.o
rm -f complex_number_module.o
sed -e "s/^\!.*'.*//" -e "s/^ *\!.*'.*//" ccpp_kind_types.F > ccpp_kind_types.G
sed -e "s/^\!.*'.*//" -e "s/^ *\!.*'.*//" complex_number_module.F > complex_number_module.G
/lib/cpp -P -nostdinc -I/glade/derecho/scratch/yates/NEOM_WRF/wrfv4.6.0/inc -DEM_CORE=1 -DNMM_CORE=0 -DNMM_MAX_DIM=2600 -DDA_CORE=0 -DWRFPLUS=0 -DIWORDSIZE=4 -DDWORDSIZE=8 -DRWORDSIZE=4 -DLWORDSIZE=4 -DNONSTANDARD_SYSTEM_FUNC  -DWRF_USE_CLM -DUSE_NETCDF4_FEATURES -DWRFIO_NCD_LARGE_FILE_SUPPORT  -DDM_PARALLEL -DNETCDF -DLANDREAD_STUB=1 -DUSE_ALLOCATABLES -Dwrfmodel -DGRIB1 -DINTIO -DKEEP_INT_AROUND -DLIMIT_ARGS -DBUILD_RRTMG_FAST=0 -DBUILD_RRTMK=0 -DBUILD_SBM_FAST=1 -DSHOW_ALL_VARS_USED=0 -DCONFIG_BUF_LEN=65536 -DMAX_DOMAINS_F=21 -DMAX_HISTORY=25 -DNMM_NEST=0 -DWRF_CHEM -DBUILD_CHEM=1 -I. -traditional-cpp -DUSE_NETCDF4_FEATURES -DWRFIO_NCD_LARGE_FILE_SUPPORT   complex_number_module.G  > complex_number_module.bb
/lib/cpp -P -nostdinc -I/glade/derecho/scratch/yates/NEOM_WRF/wrfv4.6.0/inc -DEM_CORE=1 -DNMM_CORE=0 -DNMM_MAX_DIM=2600 -DDA_CORE=0 -DWRFPLUS=0 -DIWORDSIZE=4 -DDWORDSIZE=8 -DRWORDSIZE=4 -DLWORDSIZE=4 -DNONSTANDARD_SYSTEM_FUNC  -DWRF_USE_CLM -DUSE_NETCDF4_FEATURES -DWRFIO_NCD_LARGE_FILE_SUPPORT  -DDM_PARALLEL -DNETCDF -DLANDREAD_STUB=1 -DUSE_ALLOCATABLES -Dwrfmodel -DGRIB1 -DINTIO -DKEEP_INT_AROUND -DLIMIT_ARGS -DBUILD_RRTMG_FAST=0 -DBUILD_RRTMK=0 -DBUILD_SBM_FAST=1 -DSHOW_ALL_VARS_USED=0 -DCONFIG_BUF_LEN=65536 -DMAX_DOMAINS_F=21 -DMAX_HISTORY=25 -DNMM_NEST=0 -DWRF_CHEM -DBUILD_CHEM=1 -I. -traditional-cpp -DUSE_NETCDF4_FEATURES -DWRFIO_NCD_LARGE_FILE_SUPPORT   ccpp_kind_types.G  > ccpp_kind_types.bb
/glade/derecho/scratch/yates/NEOM_WRF/wrfv4.6.0/tools/standard.exe complex_number_module.bb | /lib/cpp -P -nostdinc -traditional-cpp -DUSE_NETCDF4_FEATURES -DWRFIO_NCD_LARGE_FILE_SUPPORT > complex_number_module.f90
/glade/derecho/scratch/yates/NEOM_WRF/wrfv4.6.0/tools/standard.exe ccpp_kind_types.bb | /lib/cpp -P -nostdinc -traditional-cpp -DUSE_NETCDF4_FEATURES -DWRFIO_NCD_LARGE_FILE_SUPPORT > ccpp_kind_types.f90
rm -f ccpp_kind_types.G ccpp_kind_types.bb
rm -f complex_number_module.G complex_number_module.bb
time mpif90 -f90=ifort -o ccpp_kind_types.o -c -O3 -ip -fp-model precise -w -ftz -align all -fno-alias -FR -convert big_endian    -I../dyn_em  -I/glade/derecho/scratch/yates/NEOM_WRF/wrfv4.6.0/external/esmf_time_f90  -I/glade/derecho/scratch/yates/NEOM_WRF/wrfv4.6.0/main -I/glade/derecho/scratch/yates/NEOM_WRF/wrfv4.6.0/external/io_netcdf -I/glade/derecho/scratch/yates/NEOM_WRF/wrfv4.6.0/external/io_int -I/glade/derecho/scratch/yates/NEOM_WRF/wrfv4.6.0/frame -I/glade/derecho/scratch/yates/NEOM_WRF/wrfv4.6.0/share -I/glade/derecho/scratch/yates/NEOM_WRF/wrfv4.6.0/phys -I/glade/derecho/scratch/yates/NEOM_WRF/wrfv4.6.0/wrftladj -I/glade/derecho/scratch/yates/NEOM_WRF/wrfv4.6.0/chem -I/glade/derecho/scratch/yates/NEOM_WRF/wrfv4.6.0/inc -I/glade/u/apps/derecho/23.09/spack/opt/spack/netcdf/4.9.2/oneapi/2023.2.1/yzvj/include  -real-size `expr 8 \* 4` -i4  ccpp_kind_types.f90
time mpif90 -f90=ifort -o complex_number_module.o -c -O3 -ip -fp-model precise -w -ftz -align all -fno-alias -FR -convert big_endian    -I../dyn_em  -I/glade/derecho/scratch/yates/NEOM_WRF/wrfv4.6.0/external/esmf_time_f90  -I/glade/derecho/scratch/yates/NEOM_WRF/wrfv4.6.0/main -I/glade/derecho/scratch/yates/NEOM_WRF/wrfv4.6.0/external/io_netcdf -I/glade/derecho/scratch/yates/NEOM_WRF/wrfv4.6.0/external/io_int -I/glade/derecho/scratch/yates/NEOM_WRF/wrfv4.6.0/frame -I/glade/derecho/scratch/yates/NEOM_WRF/wrfv4.6.0/share -I/glade/derecho/scratch/yates/NEOM_WRF/wrfv4.6.0/phys -I/glade/derecho/scratch/yates/NEOM_WRF/wrfv4.6.0/wrftladj -I/glade/derecho/scratch/yates/NEOM_WRF/wrfv4.6.0/chem -I/glade/derecho/scratch/yates/NEOM_WRF/wrfv4.6.0/inc -I/glade/u/apps/derecho/23.09/spack/opt/spack/netcdf/4.9.2/oneapi/2023.2.1/yzvj/include  -real-size `expr 8 \* 4` -i4  complex_number_module.f90

real	0m0.848s
user	0m0.075s
sys	0m0.271s
rm -f module_cam_shr_kind_mod.o
sed -e "s/^\!.*'.*//" -e "s/^ *\!.*'.*//" module_cam_shr_kind_mod.F > module_cam_shr_kind_mod.G

real	0m0.908s
user	0m0.081s
sys	0m0.293s
rm -f module_cam_error_function.o
sed -e "s/^\!.*'.*//" -e "s/^ *\!.*'.*//" module_cam_error_function.F > module_cam_error_function.G
/lib/cpp -P -nostdinc -I/glade/derecho/scratch/yates/NEOM_WRF/wrfv4.6.0/inc -DEM_CORE=1 -DNMM_CORE=0 -DNMM_MAX_DIM=2600 -DDA_CORE=0 -DWRFPLUS=0 -DIWORDSIZE=4 -DDWORDSIZE=8 -DRWORDSIZE=4 -DLWORDSIZE=4 -DNONSTANDARD_SYSTEM_FUNC  -DWRF_USE_CLM -DUSE_NETCDF4_FEATURES -DWRFIO_NCD_LARGE_FILE_SUPPORT  -DDM_PARALLEL -DNETCDF -DLANDREAD_STUB=1 -DUSE_ALLOCATABLES -Dwrfmodel -DGRIB1 -DINTIO -DKEEP_INT_AROUND -DLIMIT_ARGS -DBUILD_RRTMG_FAST=0 -DBUILD_RRTMK=0 -DBUILD_SBM_FAST=1 -DSHOW_ALL_VARS_USED=0 -DCONFIG_BUF_LEN=65536 -DMAX_DOMAINS_F=21 -DMAX_HISTORY=25 -DNMM_NEST=0 -DWRF_CHEM -DBUILD_CHEM=1 -I. -traditional-cpp -DUSE_NETCDF4_FEATURES -DWRFIO_NCD_LARGE_FILE_SUPPORT   module_cam_shr_kind_mod.G  > module_cam_shr_kind_mod.bb
/lib/cpp -P -nostdinc -I/glade/derecho/scratch/yates/NEOM_WRF/wrfv4.6.0/inc -DEM_CORE=1 -DNMM_CORE=0 -DNMM_MAX_DIM=2600 -DDA_CORE=0 -DWRFPLUS=0 -DIWORDSIZE=4 -DDWORDSIZE=8 -DRWORDSIZE=4 -DLWORDSIZE=4 -DNONSTANDARD_SYSTEM_FUNC  -DWRF_USE_CLM -DUSE_NETCDF4_FEATURES -DWRFIO_NCD_LARGE_FILE_SUPPORT  -DDM_PARALLEL -DNETCDF -DLANDREAD_STUB=1 -DUSE_ALLOCATABLES -Dwrfmodel -DGRIB1 -DINTIO -DKEEP_INT_AROUND -DLIMIT_ARGS -DBUILD_RRTMG_FAST=0 -DBUILD_RRTMK=0 -DBUILD_SBM_FAST=1 -DSHOW_ALL_VARS_USED=0 -DCONFIG_BUF_LEN=65536 -DMAX_DOMAINS_F=21 -DMAX_HISTORY=25 -DNMM_NEST=0 -DWRF_CHEM -DBUILD_CHEM=1 -I. -traditional-cpp -DUSE_NETCDF4_FEATURES -DWRFIO_NCD_LARGE_FILE_SUPPORT   module_cam_error_function.G  > module_cam_error_function.bb
/glade/derecho/scratch/yates/NEOM_WRF/wrfv4.6.0/tools/standard.exe module_cam_shr_kind_mod.bb | /lib/cpp -P -nostdinc -traditional-cpp -DUSE_NETCDF4_FEATURES -DWRFIO_NCD_LARGE_FILE_SUPPORT > module_cam_shr_kind_mod.f90
/glade/derecho/scratch/yates/NEOM_WRF/wrfv4.6.0/tools/standard.exe module_cam_error_function.bb | /lib/cpp -P -nostdinc -traditional-cpp -DUSE_NETCDF4_FEATURES -DWRFIO_NCD_LARGE_FILE_SUPPORT > module_cam_error_function.f90
rm -f module_cam_shr_kind_mod.G module_cam_shr_kind_mod.bb
time mpif90 -f90=ifort -o module_cam_shr_kind_mod.o -c -O3 -ip -fp-model precise -w -ftz -align all -fno-alias -FR -convert big_endian    -I../dyn_em  -I/glade/derecho/scratch/yates/NEOM_WRF/wrfv4.6.0/external/esmf_time_f90  -I/glade/derecho/scratch/yates/NEOM_WRF/wrfv4.6.0/main -I/glade/derecho/scratch/yates/NEOM_WRF/wrfv4.6.0/external/io_netcdf -I/glade/derecho/scratch/yates/NEOM_WRF/wrfv4.6.0/external/io_int -I/glade/derecho/scratch/yates/NEOM_WRF/wrfv4.6.0/frame -I/glade/derecho/scratch/yates/NEOM_WRF/wrfv4.6.0/share -I/glade/derecho/scratch/yates/NEOM_WRF/wrfv4.6.0/phys -I/glade/derecho/scratch/yates/NEOM_WRF/wrfv4.6.0/wrftladj -I/glade/derecho/scratch/yates/NEOM_WRF/wrfv4.6.0/chem -I/glade/derecho/scratch/yates/NEOM_WRF/wrfv4.6.0/inc -I/glade/u/apps/derecho/23.09/spack/opt/spack/netcdf/4.9.2/oneapi/2023.2.1/yzvj/include  -real-size `expr 8 \* 4` -i4  module_cam_shr_kind_mod.f90
rm -f module_cam_error_function.G module_cam_error_function.bb
time mpif90 -f90=ifort -o module_cam_error_function.o -c -O3 -ip -fp-model precise -w -ftz -align all -fno-alias -FR -convert big_endian    -I../dyn_em  -I/glade/derecho/scratch/yates/NEOM_WRF/wrfv4.6.0/external/esmf_time_f90  -I/glade/derecho/scratch/yates/NEOM_WRF/wrfv4.6.0/main -I/glade/derecho/scratch/yates/NEOM_WRF/wrfv4.6.0/external/io_netcdf -I/glade/derecho/scratch/yates/NEOM_WRF/wrfv4.6.0/external/io_int -I/glade/derecho/scratch/yates/NEOM_WRF/wrfv4.6.0/frame -I/glade/derecho/scratch/yates/NEOM_WRF/wrfv4.6.0/share -I/glade/derecho/scratch/yates/NEOM_WRF/wrfv4.6.0/phys -I/glade/derecho/scratch/yates/NEOM_WRF/wrfv4.6.0/wrftladj -I/glade/derecho/scratch/yates/NEOM_WRF/wrfv4.6.0/chem -I/glade/derecho/scratch/yates/NEOM_WRF/wrfv4.6.0/inc -I/glade/u/apps/derecho/23.09/spack/opt/spack/netcdf/4.9.2/oneapi/2023.2.1/yzvj/include  -real-size `expr 8 \* 4` -i4  module_cam_error_function.f90

real	0m0.397s
user	0m0.054s
sys	0m0.269s
rm -f physics_mmm/bl_ysu.o
sed -e "s/^\!.*'.*//" -e "s/^ *\!.*'.*//" physics_mmm/bl_ysu.F90 > physics_mmm/bl_ysu.G
/lib/cpp -P -nostdinc -I/glade/derecho/scratch/yates/NEOM_WRF/wrfv4.6.0/inc -DEM_CORE=1 -DNMM_CORE=0 -DNMM_MAX_DIM=2600 -DDA_CORE=0 -DWRFPLUS=0 -DIWORDSIZE=4 -DDWORDSIZE=8 -DRWORDSIZE=4 -DLWORDSIZE=4 -DNONSTANDARD_SYSTEM_FUNC  -DWRF_USE_CLM -DUSE_NETCDF4_FEATURES -DWRFIO_NCD_LARGE_FILE_SUPPORT  -DDM_PARALLEL -DNETCDF -DLANDREAD_STUB=1 -DUSE_ALLOCATABLES -Dwrfmodel -DGRIB1 -DINTIO -DKEEP_INT_AROUND -DLIMIT_ARGS -DBUILD_RRTMG_FAST=0 -DBUILD_RRTMK=0 -DBUILD_SBM_FAST=1 -DSHOW_ALL_VARS_USED=0 -DCONFIG_BUF_LEN=65536 -DMAX_DOMAINS_F=21 -DMAX_HISTORY=25 -DNMM_NEST=0 -DWRF_CHEM -DBUILD_CHEM=1 -I. -traditional-cpp -DUSE_NETCDF4_FEATURES -DWRFIO_NCD_LARGE_FILE_SUPPORT   physics_mmm/bl_ysu.G  > physics_mmm/bl_ysu.bb
/glade/derecho/scratch/yates/NEOM_WRF/wrfv4.6.0/tools/standard.exe physics_mmm/bl_ysu.bb | /lib/cpp -P -nostdinc -traditional-cpp -DUSE_NETCDF4_FEATURES -DWRFIO_NCD_LARGE_FILE_SUPPORT > physics_mmm/bl_ysu.f90

real	0m0.475s
user	0m0.154s
sys	0m0.245s
rm -f module_bl_shinhong.o
sed -e "s/^\!.*'.*//" -e "s/^ *\!.*'.*//" module_bl_shinhong.F > module_bl_shinhong.G
/lib/cpp -P -nostdinc -I/glade/derecho/scratch/yates/NEOM_WRF/wrfv4.6.0/inc -DEM_CORE=1 -DNMM_CORE=0 -DNMM_MAX_DIM=2600 -DDA_CORE=0 -DWRFPLUS=0 -DIWORDSIZE=4 -DDWORDSIZE=8 -DRWORDSIZE=4 -DLWORDSIZE=4 -DNONSTANDARD_SYSTEM_FUNC  -DWRF_USE_CLM -DUSE_NETCDF4_FEATURES -DWRFIO_NCD_LARGE_FILE_SUPPORT  -DDM_PARALLEL -DNETCDF -DLANDREAD_STUB=1 -DUSE_ALLOCATABLES -Dwrfmodel -DGRIB1 -DINTIO -DKEEP_INT_AROUND -DLIMIT_ARGS -DBUILD_RRTMG_FAST=0 -DBUILD_RRTMK=0 -DBUILD_SBM_FAST=1 -DSHOW_ALL_VARS_USED=0 -DCONFIG_BUF_LEN=65536 -DMAX_DOMAINS_F=21 -DMAX_HISTORY=25 -DNMM_NEST=0 -DWRF_CHEM -DBUILD_CHEM=1 -I. -traditional-cpp -DUSE_NETCDF4_FEATURES -DWRFIO_NCD_LARGE_FILE_SUPPORT   module_bl_shinhong.G  > module_bl_shinhong.bb
/glade/derecho/scratch/yates/NEOM_WRF/wrfv4.6.0/tools/standard.exe module_bl_shinhong.bb | /lib/cpp -P -nostdinc -traditional-cpp -DUSE_NETCDF4_FEATURES -DWRFIO_NCD_LARGE_FILE_SUPPORT > module_bl_shinhong.f90
rm -f module_bl_shinhong.G module_bl_shinhong.bb
time mpif90 -f90=ifort -o module_bl_shinhong.o -c -O3 -ip -fp-model precise -w -ftz -align all -fno-alias -FR -convert big_endian    -I../dyn_em  -I/glade/derecho/scratch/yates/NEOM_WRF/wrfv4.6.0/external/esmf_time_f90  -I/glade/derecho/scratch/yates/NEOM_WRF/wrfv4.6.0/main -I/glade/derecho/scratch/yates/NEOM_WRF/wrfv4.6.0/external/io_netcdf -I/glade/derecho/scratch/yates/NEOM_WRF/wrfv4.6.0/external/io_int -I/glade/derecho/scratch/yates/NEOM_WRF/wrfv4.6.0/frame -I/glade/derecho/scratch/yates/NEOM_WRF/wrfv4.6.0/share -I/glade/derecho/scratch/yates/NEOM_WRF/wrfv4.6.0/phys -I/glade/derecho/scratch/yates/NEOM_WRF/wrfv4.6.0/wrftladj -I/glade/derecho/scratch/yates/NEOM_WRF/wrfv4.6.0/chem -I/glade/derecho/scratch/yates/NEOM_WRF/wrfv4.6.0/inc -I/glade/u/apps/derecho/23.09/spack/opt/spack/netcdf/4.9.2/oneapi/2023.2.1/yzvj/include  -real-size `expr 8 \* 4` -i4  module_bl_shinhong.f90
rm -f physics_mmm/bl_ysu.G physics_mmm/bl_ysu.bb
time mpif90 -f90=ifort -o physics_mmm/bl_ysu.o -c -O3 -ip -fp-model precise -w -ftz -align all -fno-alias -FR -convert big_endian    -I../dyn_em  -I/glade/derecho/scratch/yates/NEOM_WRF/wrfv4.6.0/external/esmf_time_f90  -I/glade/derecho/scratch/yates/NEOM_WRF/wrfv4.6.0/main -I/glade/derecho/scratch/yates/NEOM_WRF/wrfv4.6.0/external/io_netcdf -I/glade/derecho/scratch/yates/NEOM_WRF/wrfv4.6.0/external/io_int -I/glade/derecho/scratch/yates/NEOM_WRF/wrfv4.6.0/frame -I/glade/derecho/scratch/yates/NEOM_WRF/wrfv4.6.0/share -I/glade/derecho/scratch/yates/NEOM_WRF/wrfv4.6.0/phys -I/glade/derecho/scratch/yates/NEOM_WRF/wrfv4.6.0/wrftladj -I/glade/derecho/scratch/yates/NEOM_WRF/wrfv4.6.0/chem -I/glade/derecho/scratch/yates/NEOM_WRF/wrfv4.6.0/inc -I/glade/u/apps/derecho/23.09/spack/opt/spack/netcdf/4.9.2/oneapi/2023.2.1/yzvj/include  -real-size `expr 8 \* 4` -i4  physics_mmm/bl_ysu.f90

real	0m10.452s
user	0m9.940s
sys	0m0.454s
rm -f module_bl_mrf.o
sed -e "s/^\!.*'.*//" -e "s/^ *\!.*'.*//" module_bl_mrf.F > module_bl_mrf.G
/lib/cpp -P -nostdinc -I/glade/derecho/scratch/yates/NEOM_WRF/wrfv4.6.0/inc -DEM_CORE=1 -DNMM_CORE=0 -DNMM_MAX_DIM=2600 -DDA_CORE=0 -DWRFPLUS=0 -DIWORDSIZE=4 -DDWORDSIZE=8 -DRWORDSIZE=4 -DLWORDSIZE=4 -DNONSTANDARD_SYSTEM_FUNC  -DWRF_USE_CLM -DUSE_NETCDF4_FEATURES -DWRFIO_NCD_LARGE_FILE_SUPPORT  -DDM_PARALLEL -DNETCDF -DLANDREAD_STUB=1 -DUSE_ALLOCATABLES -Dwrfmodel -DGRIB1 -DINTIO -DKEEP_INT_AROUND -DLIMIT_ARGS -DBUILD_RRTMG_FAST=0 -DBUILD_RRTMK=0 -DBUILD_SBM_FAST=1 -DSHOW_ALL_VARS_USED=0 -DCONFIG_BUF_LEN=65536 -DMAX_DOMAINS_F=21 -DMAX_HISTORY=25 -DNMM_NEST=0 -DWRF_CHEM -DBUILD_CHEM=1 -I. -traditional-cpp -DUSE_NETCDF4_FEATURES -DWRFIO_NCD_LARGE_FILE_SUPPORT   module_bl_mrf.G  > module_bl_mrf.bb
/glade/derecho/scratch/yates/NEOM_WRF/wrfv4.6.0/tools/standard.exe module_bl_mrf.bb | /lib/cpp -P -nostdinc -traditional-cpp -DUSE_NETCDF4_FEATURES -DWRFIO_NCD_LARGE_FILE_SUPPORT > module_bl_mrf.f90
rm -f module_bl_mrf.G module_bl_mrf.bb
time mpif90 -f90=ifort -o module_bl_mrf.o -c -O3 -ip -fp-model precise -w -ftz -align all -fno-alias -FR -convert big_endian    -I../dyn_em  -I/glade/derecho/scratch/yates/NEOM_WRF/wrfv4.6.0/external/esmf_time_f90  -I/glade/derecho/scratch/yates/NEOM_WRF/wrfv4.6.0/main -I/glade/derecho/scratch/yates/NEOM_WRF/wrfv4.6.0/external/io_netcdf -I/glade/derecho/scratch/yates/NEOM_WRF/wrfv4.6.0/external/io_int -I/glade/derecho/scratch/yates/NEOM_WRF/wrfv4.6.0/frame -I/glade/derecho/scratch/yates/NEOM_WRF/wrfv4.6.0/share -I/glade/derecho/scratch/yates/NEOM_WRF/wrfv4.6.0/phys -I/glade/derecho/scratch/yates/NEOM_WRF/wrfv4.6.0/wrftladj -I/glade/derecho/scratch/yates/NEOM_WRF/wrfv4.6.0/chem -I/glade/derecho/scratch/yates/NEOM_WRF/wrfv4.6.0/inc -I/glade/u/apps/derecho/23.09/spack/opt/spack/netcdf/4.9.2/oneapi/2023.2.1/yzvj/include  -real-size `expr 8 \* 4` -i4  module_bl_mrf.f90

real	0m14.222s
user	0m13.673s
sys	0m0.504s
rm -f module_gfs_machine.o
sed -e "s/^\!.*'.*//" -e "s/^ *\!.*'.*//" module_gfs_machine.F > module_gfs_machine.G
/lib/cpp -P -nostdinc -I/glade/derecho/scratch/yates/NEOM_WRF/wrfv4.6.0/inc -DEM_CORE=1 -DNMM_CORE=0 -DNMM_MAX_DIM=2600 -DDA_CORE=0 -DWRFPLUS=0 -DIWORDSIZE=4 -DDWORDSIZE=8 -DRWORDSIZE=4 -DLWORDSIZE=4 -DNONSTANDARD_SYSTEM_FUNC  -DWRF_USE_CLM -DUSE_NETCDF4_FEATURES -DWRFIO_NCD_LARGE_FILE_SUPPORT  -DDM_PARALLEL -DNETCDF -DLANDREAD_STUB=1 -DUSE_ALLOCATABLES -Dwrfmodel -DGRIB1 -DINTIO -DKEEP_INT_AROUND -DLIMIT_ARGS -DBUILD_RRTMG_FAST=0 -DBUILD_RRTMK=0 -DBUILD_SBM_FAST=1 -DSHOW_ALL_VARS_USED=0 -DCONFIG_BUF_LEN=65536 -DMAX_DOMAINS_F=21 -DMAX_HISTORY=25 -DNMM_NEST=0 -DWRF_CHEM -DBUILD_CHEM=1 -I. -traditional-cpp -DUSE_NETCDF4_FEATURES -DWRFIO_NCD_LARGE_FILE_SUPPORT   module_gfs_machine.G  > module_gfs_machine.bb
/glade/derecho/scratch/yates/NEOM_WRF/wrfv4.6.0/tools/standard.exe module_gfs_machine.bb | /lib/cpp -P -nostdinc -traditional-cpp -DUSE_NETCDF4_FEATURES -DWRFIO_NCD_LARGE_FILE_SUPPORT > module_gfs_machine.f90
rm -f module_gfs_machine.G module_gfs_machine.bb
time mpif90 -f90=ifort -o module_gfs_machine.o -c -O3 -ip -fp-model precise -w -ftz -align all -fno-alias -FR -convert big_endian    -I../dyn_em  -I/glade/derecho/scratch/yates/NEOM_WRF/wrfv4.6.0/external/esmf_time_f90  -I/glade/derecho/scratch/yates/NEOM_WRF/wrfv4.6.0/main -I/glade/derecho/scratch/yates/NEOM_WRF/wrfv4.6.0/external/io_netcdf -I/glade/derecho/scratch/yates/NEOM_WRF/wrfv4.6.0/external/io_int -I/glade/derecho/scratch/yates/NEOM_WRF/wrfv4.6.0/frame -I/glade/derecho/scratch/yates/NEOM_WRF/wrfv4.6.0/share -I/glade/derecho/scratch/yates/NEOM_WRF/wrfv4.6.0/phys -I/glade/derecho/scratch/yates/NEOM_WRF/wrfv4.6.0/wrftladj -I/glade/derecho/scratch/yates/NEOM_WRF/wrfv4.6.0/chem -I/glade/derecho/scratch/yates/NEOM_WRF/wrfv4.6.0/inc -I/glade/u/apps/derecho/23.09/spack/opt/spack/netcdf/4.9.2/oneapi/2023.2.1/yzvj/include  -real-size `expr 8 \* 4` -i4  module_gfs_machine.f90

real	0m0.392s
user	0m0.126s
sys	0m0.239s
rm -f module_bl_myjpbl.o

real	0m4.173s
user	0m3.803s
sys	0m0.338s
rm -f module_bl_qnsepbl.o
sed -e "s/^\!.*'.*//" -e "s/^ *\!.*'.*//" module_bl_myjpbl.F > module_bl_myjpbl.G
sed -e "s/^\!.*'.*//" -e "s/^ *\!.*'.*//" module_bl_qnsepbl.F > module_bl_qnsepbl.G
/lib/cpp -P -nostdinc -I/glade/derecho/scratch/yates/NEOM_WRF/wrfv4.6.0/inc -DEM_CORE=1 -DNMM_CORE=0 -DNMM_MAX_DIM=2600 -DDA_CORE=0 -DWRFPLUS=0 -DIWORDSIZE=4 -DDWORDSIZE=8 -DRWORDSIZE=4 -DLWORDSIZE=4 -DNONSTANDARD_SYSTEM_FUNC  -DWRF_USE_CLM -DUSE_NETCDF4_FEATURES -DWRFIO_NCD_LARGE_FILE_SUPPORT  -DDM_PARALLEL -DNETCDF -DLANDREAD_STUB=1 -DUSE_ALLOCATABLES -Dwrfmodel -DGRIB1 -DINTIO -DKEEP_INT_AROUND -DLIMIT_ARGS -DBUILD_RRTMG_FAST=0 -DBUILD_RRTMK=0 -DBUILD_SBM_FAST=1 -DSHOW_ALL_VARS_USED=0 -DCONFIG_BUF_LEN=65536 -DMAX_DOMAINS_F=21 -DMAX_HISTORY=25 -DNMM_NEST=0 -DWRF_CHEM -DBUILD_CHEM=1 -I. -traditional-cpp -DUSE_NETCDF4_FEATURES -DWRFIO_NCD_LARGE_FILE_SUPPORT   module_bl_myjpbl.G  > module_bl_myjpbl.bb
/lib/cpp -P -nostdinc -I/glade/derecho/scratch/yates/NEOM_WRF/wrfv4.6.0/inc -DEM_CORE=1 -DNMM_CORE=0 -DNMM_MAX_DIM=2600 -DDA_CORE=0 -DWRFPLUS=0 -DIWORDSIZE=4 -DDWORDSIZE=8 -DRWORDSIZE=4 -DLWORDSIZE=4 -DNONSTANDARD_SYSTEM_FUNC  -DWRF_USE_CLM -DUSE_NETCDF4_FEATURES -DWRFIO_NCD_LARGE_FILE_SUPPORT  -DDM_PARALLEL -DNETCDF -DLANDREAD_STUB=1 -DUSE_ALLOCATABLES -Dwrfmodel -DGRIB1 -DINTIO -DKEEP_INT_AROUND -DLIMIT_ARGS -DBUILD_RRTMG_FAST=0 -DBUILD_RRTMK=0 -DBUILD_SBM_FAST=1 -DSHOW_ALL_VARS_USED=0 -DCONFIG_BUF_LEN=65536 -DMAX_DOMAINS_F=21 -DMAX_HISTORY=25 -DNMM_NEST=0 -DWRF_CHEM -DBUILD_CHEM=1 -I. -traditional-cpp -DUSE_NETCDF4_FEATURES -DWRFIO_NCD_LARGE_FILE_SUPPORT   module_bl_qnsepbl.G  > module_bl_qnsepbl.bb
/glade/derecho/scratch/yates/NEOM_WRF/wrfv4.6.0/tools/standard.exe module_bl_myjpbl.bb | /lib/cpp -P -nostdinc -traditional-cpp -DUSE_NETCDF4_FEATURES -DWRFIO_NCD_LARGE_FILE_SUPPORT > module_bl_myjpbl.f90
/glade/derecho/scratch/yates/NEOM_WRF/wrfv4.6.0/tools/standard.exe module_bl_qnsepbl.bb | /lib/cpp -P -nostdinc -traditional-cpp -DUSE_NETCDF4_FEATURES -DWRFIO_NCD_LARGE_FILE_SUPPORT > module_bl_qnsepbl.f90
rm -f module_bl_myjpbl.G module_bl_myjpbl.bb
rm -f module_bl_qnsepbl.G module_bl_qnsepbl.bb
time mpif90 -f90=ifort -o module_bl_myjpbl.o -c -O3 -ip -fp-model precise -w -ftz -align all -fno-alias -FR -convert big_endian    -I../dyn_em  -I/glade/derecho/scratch/yates/NEOM_WRF/wrfv4.6.0/external/esmf_time_f90  -I/glade/derecho/scratch/yates/NEOM_WRF/wrfv4.6.0/main -I/glade/derecho/scratch/yates/NEOM_WRF/wrfv4.6.0/external/io_netcdf -I/glade/derecho/scratch/yates/NEOM_WRF/wrfv4.6.0/external/io_int -I/glade/derecho/scratch/yates/NEOM_WRF/wrfv4.6.0/frame -I/glade/derecho/scratch/yates/NEOM_WRF/wrfv4.6.0/share -I/glade/derecho/scratch/yates/NEOM_WRF/wrfv4.6.0/phys -I/glade/derecho/scratch/yates/NEOM_WRF/wrfv4.6.0/wrftladj -I/glade/derecho/scratch/yates/NEOM_WRF/wrfv4.6.0/chem -I/glade/derecho/scratch/yates/NEOM_WRF/wrfv4.6.0/inc -I/glade/u/apps/derecho/23.09/spack/opt/spack/netcdf/4.9.2/oneapi/2023.2.1/yzvj/include  -real-size `expr 8 \* 4` -i4  module_bl_myjpbl.f90
time mpif90 -f90=ifort -o module_bl_qnsepbl.o -c -O3 -ip -fp-model precise -w -ftz -align all -fno-alias -FR -convert big_endian    -I../dyn_em  -I/glade/derecho/scratch/yates/NEOM_WRF/wrfv4.6.0/external/esmf_time_f90  -I/glade/derecho/scratch/yates/NEOM_WRF/wrfv4.6.0/main -I/glade/derecho/scratch/yates/NEOM_WRF/wrfv4.6.0/external/io_netcdf -I/glade/derecho/scratch/yates/NEOM_WRF/wrfv4.6.0/external/io_int -I/glade/derecho/scratch/yates/NEOM_WRF/wrfv4.6.0/frame -I/glade/derecho/scratch/yates/NEOM_WRF/wrfv4.6.0/share -I/glade/derecho/scratch/yates/NEOM_WRF/wrfv4.6.0/phys -I/glade/derecho/scratch/yates/NEOM_WRF/wrfv4.6.0/wrftladj -I/glade/derecho/scratch/yates/NEOM_WRF/wrfv4.6.0/chem -I/glade/derecho/scratch/yates/NEOM_WRF/wrfv4.6.0/inc -I/glade/u/apps/derecho/23.09/spack/opt/spack/netcdf/4.9.2/oneapi/2023.2.1/yzvj/include  -real-size `expr 8 \* 4` -i4  module_bl_qnsepbl.f90

real	0m2.646s
user	0m2.249s
sys	0m0.362s
rm -f module_bl_acm.o
sed -e "s/^\!.*'.*//" -e "s/^ *\!.*'.*//" module_bl_acm.F > module_bl_acm.G
/lib/cpp -P -nostdinc -I/glade/derecho/scratch/yates/NEOM_WRF/wrfv4.6.0/inc -DEM_CORE=1 -DNMM_CORE=0 -DNMM_MAX_DIM=2600 -DDA_CORE=0 -DWRFPLUS=0 -DIWORDSIZE=4 -DDWORDSIZE=8 -DRWORDSIZE=4 -DLWORDSIZE=4 -DNONSTANDARD_SYSTEM_FUNC  -DWRF_USE_CLM -DUSE_NETCDF4_FEATURES -DWRFIO_NCD_LARGE_FILE_SUPPORT  -DDM_PARALLEL -DNETCDF -DLANDREAD_STUB=1 -DUSE_ALLOCATABLES -Dwrfmodel -DGRIB1 -DINTIO -DKEEP_INT_AROUND -DLIMIT_ARGS -DBUILD_RRTMG_FAST=0 -DBUILD_RRTMK=0 -DBUILD_SBM_FAST=1 -DSHOW_ALL_VARS_USED=0 -DCONFIG_BUF_LEN=65536 -DMAX_DOMAINS_F=21 -DMAX_HISTORY=25 -DNMM_NEST=0 -DWRF_CHEM -DBUILD_CHEM=1 -I. -traditional-cpp -DUSE_NETCDF4_FEATURES -DWRFIO_NCD_LARGE_FILE_SUPPORT   module_bl_acm.G  > module_bl_acm.bb
/glade/derecho/scratch/yates/NEOM_WRF/wrfv4.6.0/tools/standard.exe module_bl_acm.bb | /lib/cpp -P -nostdinc -traditional-cpp -DUSE_NETCDF4_FEATURES -DWRFIO_NCD_LARGE_FILE_SUPPORT > module_bl_acm.f90
rm -f module_bl_acm.G module_bl_acm.bb
time mpif90 -f90=ifort -o module_bl_acm.o -c -O3 -ip -fp-model precise -w -ftz -align all -fno-alias -FR -convert big_endian    -I../dyn_em  -I/glade/derecho/scratch/yates/NEOM_WRF/wrfv4.6.0/external/esmf_time_f90  -I/glade/derecho/scratch/yates/NEOM_WRF/wrfv4.6.0/main -I/glade/derecho/scratch/yates/NEOM_WRF/wrfv4.6.0/external/io_netcdf -I/glade/derecho/scratch/yates/NEOM_WRF/wrfv4.6.0/external/io_int -I/glade/derecho/scratch/yates/NEOM_WRF/wrfv4.6.0/frame -I/glade/derecho/scratch/yates/NEOM_WRF/wrfv4.6.0/share -I/glade/derecho/scratch/yates/NEOM_WRF/wrfv4.6.0/phys -I/glade/derecho/scratch/yates/NEOM_WRF/wrfv4.6.0/wrftladj -I/glade/derecho/scratch/yates/NEOM_WRF/wrfv4.6.0/chem -I/glade/derecho/scratch/yates/NEOM_WRF/wrfv4.6.0/inc -I/glade/u/apps/derecho/23.09/spack/opt/spack/netcdf/4.9.2/oneapi/2023.2.1/yzvj/include  -real-size `expr 8 \* 4` -i4  module_bl_acm.f90

real	0m3.183s
user	0m2.795s
sys	0m0.351s
rm -f module_bl_mynn_common.o
sed -e "s/^\!.*'.*//" -e "s/^ *\!.*'.*//" module_bl_mynn_common.F > module_bl_mynn_common.G
/lib/cpp -P -nostdinc -I/glade/derecho/scratch/yates/NEOM_WRF/wrfv4.6.0/inc -DEM_CORE=1 -DNMM_CORE=0 -DNMM_MAX_DIM=2600 -DDA_CORE=0 -DWRFPLUS=0 -DIWORDSIZE=4 -DDWORDSIZE=8 -DRWORDSIZE=4 -DLWORDSIZE=4 -DNONSTANDARD_SYSTEM_FUNC  -DWRF_USE_CLM -DUSE_NETCDF4_FEATURES -DWRFIO_NCD_LARGE_FILE_SUPPORT  -DDM_PARALLEL -DNETCDF -DLANDREAD_STUB=1 -DUSE_ALLOCATABLES -Dwrfmodel -DGRIB1 -DINTIO -DKEEP_INT_AROUND -DLIMIT_ARGS -DBUILD_RRTMG_FAST=0 -DBUILD_RRTMK=0 -DBUILD_SBM_FAST=1 -DSHOW_ALL_VARS_USED=0 -DCONFIG_BUF_LEN=65536 -DMAX_DOMAINS_F=21 -DMAX_HISTORY=25 -DNMM_NEST=0 -DWRF_CHEM -DBUILD_CHEM=1 -I. -traditional-cpp -DUSE_NETCDF4_FEATURES -DWRFIO_NCD_LARGE_FILE_SUPPORT   module_bl_mynn_common.G  > module_bl_mynn_common.bb
/glade/derecho/scratch/yates/NEOM_WRF/wrfv4.6.0/tools/standard.exe module_bl_mynn_common.bb | /lib/cpp -P -nostdinc -traditional-cpp -DUSE_NETCDF4_FEATURES -DWRFIO_NCD_LARGE_FILE_SUPPORT > module_bl_mynn_common.f90
rm -f module_bl_mynn_common.G module_bl_mynn_common.bb
time mpif90 -f90=ifort -o module_bl_mynn_common.o -c -O3 -ip -fp-model precise -w -ftz -align all -fno-alias -FR -convert big_endian    -I../dyn_em  -I/glade/derecho/scratch/yates/NEOM_WRF/wrfv4.6.0/external/esmf_time_f90  -I/glade/derecho/scratch/yates/NEOM_WRF/wrfv4.6.0/main -I/glade/derecho/scratch/yates/NEOM_WRF/wrfv4.6.0/external/io_netcdf -I/glade/derecho/scratch/yates/NEOM_WRF/wrfv4.6.0/external/io_int -I/glade/derecho/scratch/yates/NEOM_WRF/wrfv4.6.0/frame -I/glade/derecho/scratch/yates/NEOM_WRF/wrfv4.6.0/share -I/glade/derecho/scratch/yates/NEOM_WRF/wrfv4.6.0/phys -I/glade/derecho/scratch/yates/NEOM_WRF/wrfv4.6.0/wrftladj -I/glade/derecho/scratch/yates/NEOM_WRF/wrfv4.6.0/chem -I/glade/derecho/scratch/yates/NEOM_WRF/wrfv4.6.0/inc -I/glade/u/apps/derecho/23.09/spack/opt/spack/netcdf/4.9.2/oneapi/2023.2.1/yzvj/include  -real-size `expr 8 \* 4` -i4  module_bl_mynn_common.f90

real	0m0.393s
user	0m0.091s
sys	0m0.277s
rm -f module_bl_fogdes.o
sed -e "s/^\!.*'.*//" -e "s/^ *\!.*'.*//" module_bl_fogdes.F > module_bl_fogdes.G
/lib/cpp -P -nostdinc -I/glade/derecho/scratch/yates/NEOM_WRF/wrfv4.6.0/inc -DEM_CORE=1 -DNMM_CORE=0 -DNMM_MAX_DIM=2600 -DDA_CORE=0 -DWRFPLUS=0 -DIWORDSIZE=4 -DDWORDSIZE=8 -DRWORDSIZE=4 -DLWORDSIZE=4 -DNONSTANDARD_SYSTEM_FUNC  -DWRF_USE_CLM -DUSE_NETCDF4_FEATURES -DWRFIO_NCD_LARGE_FILE_SUPPORT  -DDM_PARALLEL -DNETCDF -DLANDREAD_STUB=1 -DUSE_ALLOCATABLES -Dwrfmodel -DGRIB1 -DINTIO -DKEEP_INT_AROUND -DLIMIT_ARGS -DBUILD_RRTMG_FAST=0 -DBUILD_RRTMK=0 -DBUILD_SBM_FAST=1 -DSHOW_ALL_VARS_USED=0 -DCONFIG_BUF_LEN=65536 -DMAX_DOMAINS_F=21 -DMAX_HISTORY=25 -DNMM_NEST=0 -DWRF_CHEM -DBUILD_CHEM=1 -I. -traditional-cpp -DUSE_NETCDF4_FEATURES -DWRFIO_NCD_LARGE_FILE_SUPPORT   module_bl_fogdes.G  > module_bl_fogdes.bb
/glade/derecho/scratch/yates/NEOM_WRF/wrfv4.6.0/tools/standard.exe module_bl_fogdes.bb | /lib/cpp -P -nostdinc -traditional-cpp -DUSE_NETCDF4_FEATURES -DWRFIO_NCD_LARGE_FILE_SUPPORT > module_bl_fogdes.f90
rm -f module_bl_fogdes.G module_bl_fogdes.bb
time mpif90 -f90=ifort -o module_bl_fogdes.o -c -O3 -ip -fp-model precise -w -ftz -align all -fno-alias -FR -convert big_endian    -I../dyn_em  -I/glade/derecho/scratch/yates/NEOM_WRF/wrfv4.6.0/external/esmf_time_f90  -I/glade/derecho/scratch/yates/NEOM_WRF/wrfv4.6.0/main -I/glade/derecho/scratch/yates/NEOM_WRF/wrfv4.6.0/external/io_netcdf -I/glade/derecho/scratch/yates/NEOM_WRF/wrfv4.6.0/external/io_int -I/glade/derecho/scratch/yates/NEOM_WRF/wrfv4.6.0/frame -I/glade/derecho/scratch/yates/NEOM_WRF/wrfv4.6.0/share -I/glade/derecho/scratch/yates/NEOM_WRF/wrfv4.6.0/phys -I/glade/derecho/scratch/yates/NEOM_WRF/wrfv4.6.0/wrftladj -I/glade/derecho/scratch/yates/NEOM_WRF/wrfv4.6.0/chem -I/glade/derecho/scratch/yates/NEOM_WRF/wrfv4.6.0/inc -I/glade/u/apps/derecho/23.09/spack/opt/spack/netcdf/4.9.2/oneapi/2023.2.1/yzvj/include  -real-size `expr 8 \* 4` -i4  module_bl_fogdes.f90

real	0m0.432s
user	0m0.095s
sys	0m0.310s
rm -f physics_mmm/bl_gwdo.o
sed -e "s/^\!.*'.*//" -e "s/^ *\!.*'.*//" physics_mmm/bl_gwdo.F90 > physics_mmm/bl_gwdo.G
/lib/cpp -P -nostdinc -I/glade/derecho/scratch/yates/NEOM_WRF/wrfv4.6.0/inc -DEM_CORE=1 -DNMM_CORE=0 -DNMM_MAX_DIM=2600 -DDA_CORE=0 -DWRFPLUS=0 -DIWORDSIZE=4 -DDWORDSIZE=8 -DRWORDSIZE=4 -DLWORDSIZE=4 -DNONSTANDARD_SYSTEM_FUNC  -DWRF_USE_CLM -DUSE_NETCDF4_FEATURES -DWRFIO_NCD_LARGE_FILE_SUPPORT  -DDM_PARALLEL -DNETCDF -DLANDREAD_STUB=1 -DUSE_ALLOCATABLES -Dwrfmodel -DGRIB1 -DINTIO -DKEEP_INT_AROUND -DLIMIT_ARGS -DBUILD_RRTMG_FAST=0 -DBUILD_RRTMK=0 -DBUILD_SBM_FAST=1 -DSHOW_ALL_VARS_USED=0 -DCONFIG_BUF_LEN=65536 -DMAX_DOMAINS_F=21 -DMAX_HISTORY=25 -DNMM_NEST=0 -DWRF_CHEM -DBUILD_CHEM=1 -I. -traditional-cpp -DUSE_NETCDF4_FEATURES -DWRFIO_NCD_LARGE_FILE_SUPPORT   physics_mmm/bl_gwdo.G  > physics_mmm/bl_gwdo.bb
/glade/derecho/scratch/yates/NEOM_WRF/wrfv4.6.0/tools/standard.exe physics_mmm/bl_gwdo.bb | /lib/cpp -P -nostdinc -traditional-cpp -DUSE_NETCDF4_FEATURES -DWRFIO_NCD_LARGE_FILE_SUPPORT > physics_mmm/bl_gwdo.f90
rm -f physics_mmm/bl_gwdo.G physics_mmm/bl_gwdo.bb
time mpif90 -f90=ifort -o physics_mmm/bl_gwdo.o -c -O3 -ip -fp-model precise -w -ftz -align all -fno-alias -FR -convert big_endian    -I../dyn_em  -I/glade/derecho/scratch/yates/NEOM_WRF/wrfv4.6.0/external/esmf_time_f90  -I/glade/derecho/scratch/yates/NEOM_WRF/wrfv4.6.0/main -I/glade/derecho/scratch/yates/NEOM_WRF/wrfv4.6.0/external/io_netcdf -I/glade/derecho/scratch/yates/NEOM_WRF/wrfv4.6.0/external/io_int -I/glade/derecho/scratch/yates/NEOM_WRF/wrfv4.6.0/frame -I/glade/derecho/scratch/yates/NEOM_WRF/wrfv4.6.0/share -I/glade/derecho/scratch/yates/NEOM_WRF/wrfv4.6.0/phys -I/glade/derecho/scratch/yates/NEOM_WRF/wrfv4.6.0/wrftladj -I/glade/derecho/scratch/yates/NEOM_WRF/wrfv4.6.0/chem -I/glade/derecho/scratch/yates/NEOM_WRF/wrfv4.6.0/inc -I/glade/u/apps/derecho/23.09/spack/opt/spack/netcdf/4.9.2/oneapi/2023.2.1/yzvj/include  -real-size `expr 8 \* 4` -i4  physics_mmm/bl_gwdo.f90

real	0m3.471s
user	0m2.992s
sys	0m0.436s
rm -f module_bl_gwdo_gsl.o
sed -e "s/^\!.*'.*//" -e "s/^ *\!.*'.*//" module_bl_gwdo_gsl.F > module_bl_gwdo_gsl.G
/lib/cpp -P -nostdinc -I/glade/derecho/scratch/yates/NEOM_WRF/wrfv4.6.0/inc -DEM_CORE=1 -DNMM_CORE=0 -DNMM_MAX_DIM=2600 -DDA_CORE=0 -DWRFPLUS=0 -DIWORDSIZE=4 -DDWORDSIZE=8 -DRWORDSIZE=4 -DLWORDSIZE=4 -DNONSTANDARD_SYSTEM_FUNC  -DWRF_USE_CLM -DUSE_NETCDF4_FEATURES -DWRFIO_NCD_LARGE_FILE_SUPPORT  -DDM_PARALLEL -DNETCDF -DLANDREAD_STUB=1 -DUSE_ALLOCATABLES -Dwrfmodel -DGRIB1 -DINTIO -DKEEP_INT_AROUND -DLIMIT_ARGS -DBUILD_RRTMG_FAST=0 -DBUILD_RRTMK=0 -DBUILD_SBM_FAST=1 -DSHOW_ALL_VARS_USED=0 -DCONFIG_BUF_LEN=65536 -DMAX_DOMAINS_F=21 -DMAX_HISTORY=25 -DNMM_NEST=0 -DWRF_CHEM -DBUILD_CHEM=1 -I. -traditional-cpp -DUSE_NETCDF4_FEATURES -DWRFIO_NCD_LARGE_FILE_SUPPORT   module_bl_gwdo_gsl.G  > module_bl_gwdo_gsl.bb
/glade/derecho/scratch/yates/NEOM_WRF/wrfv4.6.0/tools/standard.exe module_bl_gwdo_gsl.bb | /lib/cpp -P -nostdinc -traditional-cpp -DUSE_NETCDF4_FEATURES -DWRFIO_NCD_LARGE_FILE_SUPPORT > module_bl_gwdo_gsl.f90
rm -f module_bl_gwdo_gsl.G module_bl_gwdo_gsl.bb
time mpif90 -f90=ifort -o module_bl_gwdo_gsl.o -c -O3 -ip -fp-model precise -w -ftz -align all -fno-alias -FR -convert big_endian    -I../dyn_em  -I/glade/derecho/scratch/yates/NEOM_WRF/wrfv4.6.0/external/esmf_time_f90  -I/glade/derecho/scratch/yates/NEOM_WRF/wrfv4.6.0/main -I/glade/derecho/scratch/yates/NEOM_WRF/wrfv4.6.0/external/io_netcdf -I/glade/derecho/scratch/yates/NEOM_WRF/wrfv4.6.0/external/io_int -I/glade/derecho/scratch/yates/NEOM_WRF/wrfv4.6.0/frame -I/glade/derecho/scratch/yates/NEOM_WRF/wrfv4.6.0/share -I/glade/derecho/scratch/yates/NEOM_WRF/wrfv4.6.0/phys -I/glade/derecho/scratch/yates/NEOM_WRF/wrfv4.6.0/wrftladj -I/glade/derecho/scratch/yates/NEOM_WRF/wrfv4.6.0/chem -I/glade/derecho/scratch/yates/NEOM_WRF/wrfv4.6.0/inc -I/glade/u/apps/derecho/23.09/spack/opt/spack/netcdf/4.9.2/oneapi/2023.2.1/yzvj/include  -real-size `expr 8 \* 4` -i4  module_bl_gwdo_gsl.f90

real	0m4.211s
user	0m3.789s
sys	0m0.391s
rm -f module_bl_myjurb.o
sed -e "s/^\!.*'.*//" -e "s/^ *\!.*'.*//" module_bl_myjurb.F > module_bl_myjurb.G
/lib/cpp -P -nostdinc -I/glade/derecho/scratch/yates/NEOM_WRF/wrfv4.6.0/inc -DEM_CORE=1 -DNMM_CORE=0 -DNMM_MAX_DIM=2600 -DDA_CORE=0 -DWRFPLUS=0 -DIWORDSIZE=4 -DDWORDSIZE=8 -DRWORDSIZE=4 -DLWORDSIZE=4 -DNONSTANDARD_SYSTEM_FUNC  -DWRF_USE_CLM -DUSE_NETCDF4_FEATURES -DWRFIO_NCD_LARGE_FILE_SUPPORT  -DDM_PARALLEL -DNETCDF -DLANDREAD_STUB=1 -DUSE_ALLOCATABLES -Dwrfmodel -DGRIB1 -DINTIO -DKEEP_INT_AROUND -DLIMIT_ARGS -DBUILD_RRTMG_FAST=0 -DBUILD_RRTMK=0 -DBUILD_SBM_FAST=1 -DSHOW_ALL_VARS_USED=0 -DCONFIG_BUF_LEN=65536 -DMAX_DOMAINS_F=21 -DMAX_HISTORY=25 -DNMM_NEST=0 -DWRF_CHEM -DBUILD_CHEM=1 -I. -traditional-cpp -DUSE_NETCDF4_FEATURES -DWRFIO_NCD_LARGE_FILE_SUPPORT   module_bl_myjurb.G  > module_bl_myjurb.bb
/glade/derecho/scratch/yates/NEOM_WRF/wrfv4.6.0/tools/standard.exe module_bl_myjurb.bb | /lib/cpp -P -nostdinc -traditional-cpp -DUSE_NETCDF4_FEATURES -DWRFIO_NCD_LARGE_FILE_SUPPORT > module_bl_myjurb.f90
rm -f module_bl_myjurb.G module_bl_myjurb.bb
time mpif90 -f90=ifort -o module_bl_myjurb.o -c -O3 -ip -fp-model precise -w -ftz -align all -fno-alias -FR -convert big_endian    -I../dyn_em  -I/glade/derecho/scratch/yates/NEOM_WRF/wrfv4.6.0/external/esmf_time_f90  -I/glade/derecho/scratch/yates/NEOM_WRF/wrfv4.6.0/main -I/glade/derecho/scratch/yates/NEOM_WRF/wrfv4.6.0/external/io_netcdf -I/glade/derecho/scratch/yates/NEOM_WRF/wrfv4.6.0/external/io_int -I/glade/derecho/scratch/yates/NEOM_WRF/wrfv4.6.0/frame -I/glade/derecho/scratch/yates/NEOM_WRF/wrfv4.6.0/share -I/glade/derecho/scratch/yates/NEOM_WRF/wrfv4.6.0/phys -I/glade/derecho/scratch/yates/NEOM_WRF/wrfv4.6.0/wrftladj -I/glade/derecho/scratch/yates/NEOM_WRF/wrfv4.6.0/chem -I/glade/derecho/scratch/yates/NEOM_WRF/wrfv4.6.0/inc -I/glade/u/apps/derecho/23.09/spack/opt/spack/netcdf/4.9.2/oneapi/2023.2.1/yzvj/include  -real-size `expr 8 \* 4` -i4  module_bl_myjurb.f90

real	0m4.717s
user	0m4.281s
sys	0m0.400s
rm -f module_bl_boulac.o
sed -e "s/^\!.*'.*//" -e "s/^ *\!.*'.*//" module_bl_boulac.F > module_bl_boulac.G
/lib/cpp -P -nostdinc -I/glade/derecho/scratch/yates/NEOM_WRF/wrfv4.6.0/inc -DEM_CORE=1 -DNMM_CORE=0 -DNMM_MAX_DIM=2600 -DDA_CORE=0 -DWRFPLUS=0 -DIWORDSIZE=4 -DDWORDSIZE=8 -DRWORDSIZE=4 -DLWORDSIZE=4 -DNONSTANDARD_SYSTEM_FUNC  -DWRF_USE_CLM -DUSE_NETCDF4_FEATURES -DWRFIO_NCD_LARGE_FILE_SUPPORT  -DDM_PARALLEL -DNETCDF -DLANDREAD_STUB=1 -DUSE_ALLOCATABLES -Dwrfmodel -DGRIB1 -DINTIO -DKEEP_INT_AROUND -DLIMIT_ARGS -DBUILD_RRTMG_FAST=0 -DBUILD_RRTMK=0 -DBUILD_SBM_FAST=1 -DSHOW_ALL_VARS_USED=0 -DCONFIG_BUF_LEN=65536 -DMAX_DOMAINS_F=21 -DMAX_HISTORY=25 -DNMM_NEST=0 -DWRF_CHEM -DBUILD_CHEM=1 -I. -traditional-cpp -DUSE_NETCDF4_FEATURES -DWRFIO_NCD_LARGE_FILE_SUPPORT   module_bl_boulac.G  > module_bl_boulac.bb
/glade/derecho/scratch/yates/NEOM_WRF/wrfv4.6.0/tools/standard.exe module_bl_boulac.bb | /lib/cpp -P -nostdinc -traditional-cpp -DUSE_NETCDF4_FEATURES -DWRFIO_NCD_LARGE_FILE_SUPPORT > module_bl_boulac.f90
rm -f module_bl_boulac.G module_bl_boulac.bb
time mpif90 -f90=ifort -o module_bl_boulac.o -c -O3 -ip -fp-model precise -w -ftz -align all -fno-alias -FR -convert big_endian    -I../dyn_em  -I/glade/derecho/scratch/yates/NEOM_WRF/wrfv4.6.0/external/esmf_time_f90  -I/glade/derecho/scratch/yates/NEOM_WRF/wrfv4.6.0/main -I/glade/derecho/scratch/yates/NEOM_WRF/wrfv4.6.0/external/io_netcdf -I/glade/derecho/scratch/yates/NEOM_WRF/wrfv4.6.0/external/io_int -I/glade/derecho/scratch/yates/NEOM_WRF/wrfv4.6.0/frame -I/glade/derecho/scratch/yates/NEOM_WRF/wrfv4.6.0/share -I/glade/derecho/scratch/yates/NEOM_WRF/wrfv4.6.0/phys -I/glade/derecho/scratch/yates/NEOM_WRF/wrfv4.6.0/wrftladj -I/glade/derecho/scratch/yates/NEOM_WRF/wrfv4.6.0/chem -I/glade/derecho/scratch/yates/NEOM_WRF/wrfv4.6.0/inc -I/glade/u/apps/derecho/23.09/spack/opt/spack/netcdf/4.9.2/oneapi/2023.2.1/yzvj/include  -real-size `expr 8 \* 4` -i4  module_bl_boulac.f90

real	0m3.141s
user	0m2.713s
sys	0m0.398s
rm -f module_bl_mfshconvpbl.o
sed -e "s/^\!.*'.*//" -e "s/^ *\!.*'.*//" module_bl_mfshconvpbl.F > module_bl_mfshconvpbl.G
/lib/cpp -P -nostdinc -I/glade/derecho/scratch/yates/NEOM_WRF/wrfv4.6.0/inc -DEM_CORE=1 -DNMM_CORE=0 -DNMM_MAX_DIM=2600 -DDA_CORE=0 -DWRFPLUS=0 -DIWORDSIZE=4 -DDWORDSIZE=8 -DRWORDSIZE=4 -DLWORDSIZE=4 -DNONSTANDARD_SYSTEM_FUNC  -DWRF_USE_CLM -DUSE_NETCDF4_FEATURES -DWRFIO_NCD_LARGE_FILE_SUPPORT  -DDM_PARALLEL -DNETCDF -DLANDREAD_STUB=1 -DUSE_ALLOCATABLES -Dwrfmodel -DGRIB1 -DINTIO -DKEEP_INT_AROUND -DLIMIT_ARGS -DBUILD_RRTMG_FAST=0 -DBUILD_RRTMK=0 -DBUILD_SBM_FAST=1 -DSHOW_ALL_VARS_USED=0 -DCONFIG_BUF_LEN=65536 -DMAX_DOMAINS_F=21 -DMAX_HISTORY=25 -DNMM_NEST=0 -DWRF_CHEM -DBUILD_CHEM=1 -I. -traditional-cpp -DUSE_NETCDF4_FEATURES -DWRFIO_NCD_LARGE_FILE_SUPPORT   module_bl_mfshconvpbl.G  > module_bl_mfshconvpbl.bb
/glade/derecho/scratch/yates/NEOM_WRF/wrfv4.6.0/tools/standard.exe module_bl_mfshconvpbl.bb | /lib/cpp -P -nostdinc -traditional-cpp -DUSE_NETCDF4_FEATURES -DWRFIO_NCD_LARGE_FILE_SUPPORT > module_bl_mfshconvpbl.f90
rm -f module_bl_mfshconvpbl.G module_bl_mfshconvpbl.bb
time mpif90 -f90=ifort -o module_bl_mfshconvpbl.o -c -O3 -ip -fp-model precise -w -ftz -align all -fno-alias -FR -convert big_endian    -I../dyn_em  -I/glade/derecho/scratch/yates/NEOM_WRF/wrfv4.6.0/external/esmf_time_f90  -I/glade/derecho/scratch/yates/NEOM_WRF/wrfv4.6.0/main -I/glade/derecho/scratch/yates/NEOM_WRF/wrfv4.6.0/external/io_netcdf -I/glade/derecho/scratch/yates/NEOM_WRF/wrfv4.6.0/external/io_int -I/glade/derecho/scratch/yates/NEOM_WRF/wrfv4.6.0/frame -I/glade/derecho/scratch/yates/NEOM_WRF/wrfv4.6.0/share -I/glade/derecho/scratch/yates/NEOM_WRF/wrfv4.6.0/phys -I/glade/derecho/scratch/yates/NEOM_WRF/wrfv4.6.0/wrftladj -I/glade/derecho/scratch/yates/NEOM_WRF/wrfv4.6.0/chem -I/glade/derecho/scratch/yates/NEOM_WRF/wrfv4.6.0/inc -I/glade/u/apps/derecho/23.09/spack/opt/spack/netcdf/4.9.2/oneapi/2023.2.1/yzvj/include  -real-size `expr 8 \* 4` -i4  module_bl_mfshconvpbl.f90

real	0m2.985s
user	0m2.581s
sys	0m0.373s
rm -f module_bl_eepsilon.o
sed -e "s/^\!.*'.*//" -e "s/^ *\!.*'.*//" module_bl_eepsilon.F > module_bl_eepsilon.G
/lib/cpp -P -nostdinc -I/glade/derecho/scratch/yates/NEOM_WRF/wrfv4.6.0/inc -DEM_CORE=1 -DNMM_CORE=0 -DNMM_MAX_DIM=2600 -DDA_CORE=0 -DWRFPLUS=0 -DIWORDSIZE=4 -DDWORDSIZE=8 -DRWORDSIZE=4 -DLWORDSIZE=4 -DNONSTANDARD_SYSTEM_FUNC  -DWRF_USE_CLM -DUSE_NETCDF4_FEATURES -DWRFIO_NCD_LARGE_FILE_SUPPORT  -DDM_PARALLEL -DNETCDF -DLANDREAD_STUB=1 -DUSE_ALLOCATABLES -Dwrfmodel -DGRIB1 -DINTIO -DKEEP_INT_AROUND -DLIMIT_ARGS -DBUILD_RRTMG_FAST=0 -DBUILD_RRTMK=0 -DBUILD_SBM_FAST=1 -DSHOW_ALL_VARS_USED=0 -DCONFIG_BUF_LEN=65536 -DMAX_DOMAINS_F=21 -DMAX_HISTORY=25 -DNMM_NEST=0 -DWRF_CHEM -DBUILD_CHEM=1 -I. -traditional-cpp -DUSE_NETCDF4_FEATURES -DWRFIO_NCD_LARGE_FILE_SUPPORT   module_bl_eepsilon.G  > module_bl_eepsilon.bb
/glade/derecho/scratch/yates/NEOM_WRF/wrfv4.6.0/tools/standard.exe module_bl_eepsilon.bb | /lib/cpp -P -nostdinc -traditional-cpp -DUSE_NETCDF4_FEATURES -DWRFIO_NCD_LARGE_FILE_SUPPORT > module_bl_eepsilon.f90
rm -f module_bl_eepsilon.G module_bl_eepsilon.bb
time mpif90 -f90=ifort -o module_bl_eepsilon.o -c -O3 -ip -fp-model precise -w -ftz -align all -fno-alias -FR -convert big_endian    -I../dyn_em  -I/glade/derecho/scratch/yates/NEOM_WRF/wrfv4.6.0/external/esmf_time_f90  -I/glade/derecho/scratch/yates/NEOM_WRF/wrfv4.6.0/main -I/glade/derecho/scratch/yates/NEOM_WRF/wrfv4.6.0/external/io_netcdf -I/glade/derecho/scratch/yates/NEOM_WRF/wrfv4.6.0/external/io_int -I/glade/derecho/scratch/yates/NEOM_WRF/wrfv4.6.0/frame -I/glade/derecho/scratch/yates/NEOM_WRF/wrfv4.6.0/share -I/glade/derecho/scratch/yates/NEOM_WRF/wrfv4.6.0/phys -I/glade/derecho/scratch/yates/NEOM_WRF/wrfv4.6.0/wrftladj -I/glade/derecho/scratch/yates/NEOM_WRF/wrfv4.6.0/chem -I/glade/derecho/scratch/yates/NEOM_WRF/wrfv4.6.0/inc -I/glade/u/apps/derecho/23.09/spack/opt/spack/netcdf/4.9.2/oneapi/2023.2.1/yzvj/include  -real-size `expr 8 \* 4` -i4  module_bl_eepsilon.f90

real	0m8.851s
user	0m8.326s
sys	0m0.469s
rm -f module_bl_keps.o
sed -e "s/^\!.*'.*//" -e "s/^ *\!.*'.*//" module_bl_keps.F > module_bl_keps.G
/lib/cpp -P -nostdinc -I/glade/derecho/scratch/yates/NEOM_WRF/wrfv4.6.0/inc -DEM_CORE=1 -DNMM_CORE=0 -DNMM_MAX_DIM=2600 -DDA_CORE=0 -DWRFPLUS=0 -DIWORDSIZE=4 -DDWORDSIZE=8 -DRWORDSIZE=4 -DLWORDSIZE=4 -DNONSTANDARD_SYSTEM_FUNC  -DWRF_USE_CLM -DUSE_NETCDF4_FEATURES -DWRFIO_NCD_LARGE_FILE_SUPPORT  -DDM_PARALLEL -DNETCDF -DLANDREAD_STUB=1 -DUSE_ALLOCATABLES -Dwrfmodel -DGRIB1 -DINTIO -DKEEP_INT_AROUND -DLIMIT_ARGS -DBUILD_RRTMG_FAST=0 -DBUILD_RRTMK=0 -DBUILD_SBM_FAST=1 -DSHOW_ALL_VARS_USED=0 -DCONFIG_BUF_LEN=65536 -DMAX_DOMAINS_F=21 -DMAX_HISTORY=25 -DNMM_NEST=0 -DWRF_CHEM -DBUILD_CHEM=1 -I. -traditional-cpp -DUSE_NETCDF4_FEATURES -DWRFIO_NCD_LARGE_FILE_SUPPORT   module_bl_keps.G  > module_bl_keps.bb
/glade/derecho/scratch/yates/NEOM_WRF/wrfv4.6.0/tools/standard.exe module_bl_keps.bb | /lib/cpp -P -nostdinc -traditional-cpp -DUSE_NETCDF4_FEATURES -DWRFIO_NCD_LARGE_FILE_SUPPORT > module_bl_keps.f90
rm -f module_bl_keps.G module_bl_keps.bb
time mpif90 -f90=ifort -o module_bl_keps.o -c -O3 -ip -fp-model precise -w -ftz -align all -fno-alias -FR -convert big_endian    -I../dyn_em  -I/glade/derecho/scratch/yates/NEOM_WRF/wrfv4.6.0/external/esmf_time_f90  -I/glade/derecho/scratch/yates/NEOM_WRF/wrfv4.6.0/main -I/glade/derecho/scratch/yates/NEOM_WRF/wrfv4.6.0/external/io_netcdf -I/glade/derecho/scratch/yates/NEOM_WRF/wrfv4.6.0/external/io_int -I/glade/derecho/scratch/yates/NEOM_WRF/wrfv4.6.0/frame -I/glade/derecho/scratch/yates/NEOM_WRF/wrfv4.6.0/share -I/glade/derecho/scratch/yates/NEOM_WRF/wrfv4.6.0/phys -I/glade/derecho/scratch/yates/NEOM_WRF/wrfv4.6.0/wrftladj -I/glade/derecho/scratch/yates/NEOM_WRF/wrfv4.6.0/chem -I/glade/derecho/scratch/yates/NEOM_WRF/wrfv4.6.0/inc -I/glade/u/apps/derecho/23.09/spack/opt/spack/netcdf/4.9.2/oneapi/2023.2.1/yzvj/include  -real-size `expr 8 \* 4` -i4  module_bl_keps.f90

real	0m3.148s
user	0m2.771s
sys	0m0.351s
rm -f module_shcu_deng.o
sed -e "s/^\!.*'.*//" -e "s/^ *\!.*'.*//" module_shcu_deng.F > module_shcu_deng.G
/lib/cpp -P -nostdinc -I/glade/derecho/scratch/yates/NEOM_WRF/wrfv4.6.0/inc -DEM_CORE=1 -DNMM_CORE=0 -DNMM_MAX_DIM=2600 -DDA_CORE=0 -DWRFPLUS=0 -DIWORDSIZE=4 -DDWORDSIZE=8 -DRWORDSIZE=4 -DLWORDSIZE=4 -DNONSTANDARD_SYSTEM_FUNC  -DWRF_USE_CLM -DUSE_NETCDF4_FEATURES -DWRFIO_NCD_LARGE_FILE_SUPPORT  -DDM_PARALLEL -DNETCDF -DLANDREAD_STUB=1 -DUSE_ALLOCATABLES -Dwrfmodel -DGRIB1 -DINTIO -DKEEP_INT_AROUND -DLIMIT_ARGS -DBUILD_RRTMG_FAST=0 -DBUILD_RRTMK=0 -DBUILD_SBM_FAST=1 -DSHOW_ALL_VARS_USED=0 -DCONFIG_BUF_LEN=65536 -DMAX_DOMAINS_F=21 -DMAX_HISTORY=25 -DNMM_NEST=0 -DWRF_CHEM -DBUILD_CHEM=1 -I. -traditional-cpp -DUSE_NETCDF4_FEATURES -DWRFIO_NCD_LARGE_FILE_SUPPORT   module_shcu_deng.G  > module_shcu_deng.bb
/glade/derecho/scratch/yates/NEOM_WRF/wrfv4.6.0/tools/standard.exe module_shcu_deng.bb | /lib/cpp -P -nostdinc -traditional-cpp -DUSE_NETCDF4_FEATURES -DWRFIO_NCD_LARGE_FILE_SUPPORT > module_shcu_deng.f90
rm -f module_shcu_deng.G module_shcu_deng.bb
time mpif90 -f90=ifort -o module_shcu_deng.o -c -O3 -ip -fp-model precise -w -ftz -align all -fno-alias -FR -convert big_endian    -I../dyn_em  -I/glade/derecho/scratch/yates/NEOM_WRF/wrfv4.6.0/external/esmf_time_f90  -I/glade/derecho/scratch/yates/NEOM_WRF/wrfv4.6.0/main -I/glade/derecho/scratch/yates/NEOM_WRF/wrfv4.6.0/external/io_netcdf -I/glade/derecho/scratch/yates/NEOM_WRF/wrfv4.6.0/external/io_int -I/glade/derecho/scratch/yates/NEOM_WRF/wrfv4.6.0/frame -I/glade/derecho/scratch/yates/NEOM_WRF/wrfv4.6.0/share -I/glade/derecho/scratch/yates/NEOM_WRF/wrfv4.6.0/phys -I/glade/derecho/scratch/yates/NEOM_WRF/wrfv4.6.0/wrftladj -I/glade/derecho/scratch/yates/NEOM_WRF/wrfv4.6.0/chem -I/glade/derecho/scratch/yates/NEOM_WRF/wrfv4.6.0/inc -I/glade/u/apps/derecho/23.09/spack/opt/spack/netcdf/4.9.2/oneapi/2023.2.1/yzvj/include  -real-size `expr 8 \* 4` -i4  module_shcu_deng.f90

real	0m9.419s
user	0m8.937s
sys	0m0.448s
rm -f module_shcu_grims.o
sed -e "s/^\!.*'.*//" -e "s/^ *\!.*'.*//" module_shcu_grims.F > module_shcu_grims.G
/lib/cpp -P -nostdinc -I/glade/derecho/scratch/yates/NEOM_WRF/wrfv4.6.0/inc -DEM_CORE=1 -DNMM_CORE=0 -DNMM_MAX_DIM=2600 -DDA_CORE=0 -DWRFPLUS=0 -DIWORDSIZE=4 -DDWORDSIZE=8 -DRWORDSIZE=4 -DLWORDSIZE=4 -DNONSTANDARD_SYSTEM_FUNC  -DWRF_USE_CLM -DUSE_NETCDF4_FEATURES -DWRFIO_NCD_LARGE_FILE_SUPPORT  -DDM_PARALLEL -DNETCDF -DLANDREAD_STUB=1 -DUSE_ALLOCATABLES -Dwrfmodel -DGRIB1 -DINTIO -DKEEP_INT_AROUND -DLIMIT_ARGS -DBUILD_RRTMG_FAST=0 -DBUILD_RRTMK=0 -DBUILD_SBM_FAST=1 -DSHOW_ALL_VARS_USED=0 -DCONFIG_BUF_LEN=65536 -DMAX_DOMAINS_F=21 -DMAX_HISTORY=25 -DNMM_NEST=0 -DWRF_CHEM -DBUILD_CHEM=1 -I. -traditional-cpp -DUSE_NETCDF4_FEATURES -DWRFIO_NCD_LARGE_FILE_SUPPORT   module_shcu_grims.G  > module_shcu_grims.bb
/glade/derecho/scratch/yates/NEOM_WRF/wrfv4.6.0/tools/standard.exe module_shcu_grims.bb | /lib/cpp -P -nostdinc -traditional-cpp -DUSE_NETCDF4_FEATURES -DWRFIO_NCD_LARGE_FILE_SUPPORT > module_shcu_grims.f90
rm -f module_shcu_grims.G module_shcu_grims.bb
time mpif90 -f90=ifort -o module_shcu_grims.o -c -O3 -ip -fp-model precise -w -ftz -align all -fno-alias -FR -convert big_endian    -I../dyn_em  -I/glade/derecho/scratch/yates/NEOM_WRF/wrfv4.6.0/external/esmf_time_f90  -I/glade/derecho/scratch/yates/NEOM_WRF/wrfv4.6.0/main -I/glade/derecho/scratch/yates/NEOM_WRF/wrfv4.6.0/external/io_netcdf -I/glade/derecho/scratch/yates/NEOM_WRF/wrfv4.6.0/external/io_int -I/glade/derecho/scratch/yates/NEOM_WRF/wrfv4.6.0/frame -I/glade/derecho/scratch/yates/NEOM_WRF/wrfv4.6.0/share -I/glade/derecho/scratch/yates/NEOM_WRF/wrfv4.6.0/phys -I/glade/derecho/scratch/yates/NEOM_WRF/wrfv4.6.0/wrftladj -I/glade/derecho/scratch/yates/NEOM_WRF/wrfv4.6.0/chem -I/glade/derecho/scratch/yates/NEOM_WRF/wrfv4.6.0/inc -I/glade/u/apps/derecho/23.09/spack/opt/spack/netcdf/4.9.2/oneapi/2023.2.1/yzvj/include  -real-size `expr 8 \* 4` -i4  module_shcu_grims.f90

real	0m25.540s
user	0m25.037s
sys	0m0.455s
rm -f module_shcu_nscv.o
sed -e "s/^\!.*'.*//" -e "s/^ *\!.*'.*//" module_shcu_nscv.F > module_shcu_nscv.G
/lib/cpp -P -nostdinc -I/glade/derecho/scratch/yates/NEOM_WRF/wrfv4.6.0/inc -DEM_CORE=1 -DNMM_CORE=0 -DNMM_MAX_DIM=2600 -DDA_CORE=0 -DWRFPLUS=0 -DIWORDSIZE=4 -DDWORDSIZE=8 -DRWORDSIZE=4 -DLWORDSIZE=4 -DNONSTANDARD_SYSTEM_FUNC  -DWRF_USE_CLM -DUSE_NETCDF4_FEATURES -DWRFIO_NCD_LARGE_FILE_SUPPORT  -DDM_PARALLEL -DNETCDF -DLANDREAD_STUB=1 -DUSE_ALLOCATABLES -Dwrfmodel -DGRIB1 -DINTIO -DKEEP_INT_AROUND -DLIMIT_ARGS -DBUILD_RRTMG_FAST=0 -DBUILD_RRTMK=0 -DBUILD_SBM_FAST=1 -DSHOW_ALL_VARS_USED=0 -DCONFIG_BUF_LEN=65536 -DMAX_DOMAINS_F=21 -DMAX_HISTORY=25 -DNMM_NEST=0 -DWRF_CHEM -DBUILD_CHEM=1 -I. -traditional-cpp -DUSE_NETCDF4_FEATURES -DWRFIO_NCD_LARGE_FILE_SUPPORT   module_shcu_nscv.G  > module_shcu_nscv.bb
/glade/derecho/scratch/yates/NEOM_WRF/wrfv4.6.0/tools/standard.exe module_shcu_nscv.bb | /lib/cpp -P -nostdinc -traditional-cpp -DUSE_NETCDF4_FEATURES -DWRFIO_NCD_LARGE_FILE_SUPPORT > module_shcu_nscv.f90
rm -f module_shcu_nscv.G module_shcu_nscv.bb
time mpif90 -f90=ifort -o module_shcu_nscv.o -c -O3 -ip -fp-model precise -w -ftz -align all -fno-alias -FR -convert big_endian    -I../dyn_em  -I/glade/derecho/scratch/yates/NEOM_WRF/wrfv4.6.0/external/esmf_time_f90  -I/glade/derecho/scratch/yates/NEOM_WRF/wrfv4.6.0/main -I/glade/derecho/scratch/yates/NEOM_WRF/wrfv4.6.0/external/io_netcdf -I/glade/derecho/scratch/yates/NEOM_WRF/wrfv4.6.0/external/io_int -I/glade/derecho/scratch/yates/NEOM_WRF/wrfv4.6.0/frame -I/glade/derecho/scratch/yates/NEOM_WRF/wrfv4.6.0/share -I/glade/derecho/scratch/yates/NEOM_WRF/wrfv4.6.0/phys -I/glade/derecho/scratch/yates/NEOM_WRF/wrfv4.6.0/wrftladj -I/glade/derecho/scratch/yates/NEOM_WRF/wrfv4.6.0/chem -I/glade/derecho/scratch/yates/NEOM_WRF/wrfv4.6.0/inc -I/glade/u/apps/derecho/23.09/spack/opt/spack/netcdf/4.9.2/oneapi/2023.2.1/yzvj/include  -real-size `expr 8 \* 4` -i4  module_shcu_nscv.f90

real	0m2.113s
user	0m1.746s
sys	0m0.322s
rm -f module_bl_temf.o
sed -e "s/^\!.*'.*//" -e "s/^ *\!.*'.*//" module_bl_temf.F > module_bl_temf.G
/lib/cpp -P -nostdinc -I/glade/derecho/scratch/yates/NEOM_WRF/wrfv4.6.0/inc -DEM_CORE=1 -DNMM_CORE=0 -DNMM_MAX_DIM=2600 -DDA_CORE=0 -DWRFPLUS=0 -DIWORDSIZE=4 -DDWORDSIZE=8 -DRWORDSIZE=4 -DLWORDSIZE=4 -DNONSTANDARD_SYSTEM_FUNC  -DWRF_USE_CLM -DUSE_NETCDF4_FEATURES -DWRFIO_NCD_LARGE_FILE_SUPPORT  -DDM_PARALLEL -DNETCDF -DLANDREAD_STUB=1 -DUSE_ALLOCATABLES -Dwrfmodel -DGRIB1 -DINTIO -DKEEP_INT_AROUND -DLIMIT_ARGS -DBUILD_RRTMG_FAST=0 -DBUILD_RRTMK=0 -DBUILD_SBM_FAST=1 -DSHOW_ALL_VARS_USED=0 -DCONFIG_BUF_LEN=65536 -DMAX_DOMAINS_F=21 -DMAX_HISTORY=25 -DNMM_NEST=0 -DWRF_CHEM -DBUILD_CHEM=1 -I. -traditional-cpp -DUSE_NETCDF4_FEATURES -DWRFIO_NCD_LARGE_FILE_SUPPORT   module_bl_temf.G  > module_bl_temf.bb
/glade/derecho/scratch/yates/NEOM_WRF/wrfv4.6.0/tools/standard.exe module_bl_temf.bb | /lib/cpp -P -nostdinc -traditional-cpp -DUSE_NETCDF4_FEATURES -DWRFIO_NCD_LARGE_FILE_SUPPORT > module_bl_temf.f90
rm -f module_bl_temf.G module_bl_temf.bb
time mpif90 -f90=ifort -o module_bl_temf.o -c -O3 -ip -fp-model precise -w -ftz -align all -fno-alias -FR -convert big_endian    -I../dyn_em  -I/glade/derecho/scratch/yates/NEOM_WRF/wrfv4.6.0/external/esmf_time_f90  -I/glade/derecho/scratch/yates/NEOM_WRF/wrfv4.6.0/main -I/glade/derecho/scratch/yates/NEOM_WRF/wrfv4.6.0/external/io_netcdf -I/glade/derecho/scratch/yates/NEOM_WRF/wrfv4.6.0/external/io_int -I/glade/derecho/scratch/yates/NEOM_WRF/wrfv4.6.0/frame -I/glade/derecho/scratch/yates/NEOM_WRF/wrfv4.6.0/share -I/glade/derecho/scratch/yates/NEOM_WRF/wrfv4.6.0/phys -I/glade/derecho/scratch/yates/NEOM_WRF/wrfv4.6.0/wrftladj -I/glade/derecho/scratch/yates/NEOM_WRF/wrfv4.6.0/chem -I/glade/derecho/scratch/yates/NEOM_WRF/wrfv4.6.0/inc -I/glade/u/apps/derecho/23.09/spack/opt/spack/netcdf/4.9.2/oneapi/2023.2.1/yzvj/include  -real-size `expr 8 \* 4` -i4  module_bl_temf.f90

real	0m5.812s
user	0m5.316s
sys	0m0.464s
rm -f module_bl_gbmpbl.o
sed -e "s/^\!.*'.*//" -e "s/^ *\!.*'.*//" module_bl_gbmpbl.F > module_bl_gbmpbl.G
/lib/cpp -P -nostdinc -I/glade/derecho/scratch/yates/NEOM_WRF/wrfv4.6.0/inc -DEM_CORE=1 -DNMM_CORE=0 -DNMM_MAX_DIM=2600 -DDA_CORE=0 -DWRFPLUS=0 -DIWORDSIZE=4 -DDWORDSIZE=8 -DRWORDSIZE=4 -DLWORDSIZE=4 -DNONSTANDARD_SYSTEM_FUNC  -DWRF_USE_CLM -DUSE_NETCDF4_FEATURES -DWRFIO_NCD_LARGE_FILE_SUPPORT  -DDM_PARALLEL -DNETCDF -DLANDREAD_STUB=1 -DUSE_ALLOCATABLES -Dwrfmodel -DGRIB1 -DINTIO -DKEEP_INT_AROUND -DLIMIT_ARGS -DBUILD_RRTMG_FAST=0 -DBUILD_RRTMK=0 -DBUILD_SBM_FAST=1 -DSHOW_ALL_VARS_USED=0 -DCONFIG_BUF_LEN=65536 -DMAX_DOMAINS_F=21 -DMAX_HISTORY=25 -DNMM_NEST=0 -DWRF_CHEM -DBUILD_CHEM=1 -I. -traditional-cpp -DUSE_NETCDF4_FEATURES -DWRFIO_NCD_LARGE_FILE_SUPPORT   module_bl_gbmpbl.G  > module_bl_gbmpbl.bb
/glade/derecho/scratch/yates/NEOM_WRF/wrfv4.6.0/tools/standard.exe module_bl_gbmpbl.bb | /lib/cpp -P -nostdinc -traditional-cpp -DUSE_NETCDF4_FEATURES -DWRFIO_NCD_LARGE_FILE_SUPPORT > module_bl_gbmpbl.f90
rm -f module_bl_gbmpbl.G module_bl_gbmpbl.bb
time mpif90 -f90=ifort -o module_bl_gbmpbl.o -c -O3 -ip -fp-model precise -w -ftz -align all -fno-alias -FR -convert big_endian    -I../dyn_em  -I/glade/derecho/scratch/yates/NEOM_WRF/wrfv4.6.0/external/esmf_time_f90  -I/glade/derecho/scratch/yates/NEOM_WRF/wrfv4.6.0/main -I/glade/derecho/scratch/yates/NEOM_WRF/wrfv4.6.0/external/io_netcdf -I/glade/derecho/scratch/yates/NEOM_WRF/wrfv4.6.0/external/io_int -I/glade/derecho/scratch/yates/NEOM_WRF/wrfv4.6.0/frame -I/glade/derecho/scratch/yates/NEOM_WRF/wrfv4.6.0/share -I/glade/derecho/scratch/yates/NEOM_WRF/wrfv4.6.0/phys -I/glade/derecho/scratch/yates/NEOM_WRF/wrfv4.6.0/wrftladj -I/glade/derecho/scratch/yates/NEOM_WRF/wrfv4.6.0/chem -I/glade/derecho/scratch/yates/NEOM_WRF/wrfv4.6.0/inc -I/glade/u/apps/derecho/23.09/spack/opt/spack/netcdf/4.9.2/oneapi/2023.2.1/yzvj/include  -real-size `expr 8 \* 4` -i4  module_bl_gbmpbl.f90

real	0m7.139s
user	0m6.658s
sys	0m0.444s
rm -f module_cu_g3.o
sed -e "s/^\!.*'.*//" -e "s/^ *\!.*'.*//" module_cu_g3.F > module_cu_g3.G
/lib/cpp -P -nostdinc -I/glade/derecho/scratch/yates/NEOM_WRF/wrfv4.6.0/inc -DEM_CORE=1 -DNMM_CORE=0 -DNMM_MAX_DIM=2600 -DDA_CORE=0 -DWRFPLUS=0 -DIWORDSIZE=4 -DDWORDSIZE=8 -DRWORDSIZE=4 -DLWORDSIZE=4 -DNONSTANDARD_SYSTEM_FUNC  -DWRF_USE_CLM -DUSE_NETCDF4_FEATURES -DWRFIO_NCD_LARGE_FILE_SUPPORT  -DDM_PARALLEL -DNETCDF -DLANDREAD_STUB=1 -DUSE_ALLOCATABLES -Dwrfmodel -DGRIB1 -DINTIO -DKEEP_INT_AROUND -DLIMIT_ARGS -DBUILD_RRTMG_FAST=0 -DBUILD_RRTMK=0 -DBUILD_SBM_FAST=1 -DSHOW_ALL_VARS_USED=0 -DCONFIG_BUF_LEN=65536 -DMAX_DOMAINS_F=21 -DMAX_HISTORY=25 -DNMM_NEST=0 -DWRF_CHEM -DBUILD_CHEM=1 -I. -traditional-cpp -DUSE_NETCDF4_FEATURES -DWRFIO_NCD_LARGE_FILE_SUPPORT   module_cu_g3.G  > module_cu_g3.bb
/glade/derecho/scratch/yates/NEOM_WRF/wrfv4.6.0/tools/standard.exe module_cu_g3.bb | /lib/cpp -P -nostdinc -traditional-cpp -DUSE_NETCDF4_FEATURES -DWRFIO_NCD_LARGE_FILE_SUPPORT > module_cu_g3.f90
rm -f module_cu_g3.G module_cu_g3.bb
time mpif90 -f90=ifort -o module_cu_g3.o -c -O3 -ip -fp-model precise -w -ftz -align all -fno-alias -FR -convert big_endian    -I../dyn_em  -I/glade/derecho/scratch/yates/NEOM_WRF/wrfv4.6.0/external/esmf_time_f90  -I/glade/derecho/scratch/yates/NEOM_WRF/wrfv4.6.0/main -I/glade/derecho/scratch/yates/NEOM_WRF/wrfv4.6.0/external/io_netcdf -I/glade/derecho/scratch/yates/NEOM_WRF/wrfv4.6.0/external/io_int -I/glade/derecho/scratch/yates/NEOM_WRF/wrfv4.6.0/frame -I/glade/derecho/scratch/yates/NEOM_WRF/wrfv4.6.0/share -I/glade/derecho/scratch/yates/NEOM_WRF/wrfv4.6.0/phys -I/glade/derecho/scratch/yates/NEOM_WRF/wrfv4.6.0/wrftladj -I/glade/derecho/scratch/yates/NEOM_WRF/wrfv4.6.0/chem -I/glade/derecho/scratch/yates/NEOM_WRF/wrfv4.6.0/inc -I/glade/u/apps/derecho/23.09/spack/opt/spack/netcdf/4.9.2/oneapi/2023.2.1/yzvj/include  -real-size `expr 8 \* 4` -i4  module_cu_g3.f90

real	0m4.326s
user	0m3.946s
sys	0m0.351s
rm -f module_cu_kf.o
sed -e "s/^\!.*'.*//" -e "s/^ *\!.*'.*//" module_cu_kf.F > module_cu_kf.G
/lib/cpp -P -nostdinc -I/glade/derecho/scratch/yates/NEOM_WRF/wrfv4.6.0/inc -DEM_CORE=1 -DNMM_CORE=0 -DNMM_MAX_DIM=2600 -DDA_CORE=0 -DWRFPLUS=0 -DIWORDSIZE=4 -DDWORDSIZE=8 -DRWORDSIZE=4 -DLWORDSIZE=4 -DNONSTANDARD_SYSTEM_FUNC  -DWRF_USE_CLM -DUSE_NETCDF4_FEATURES -DWRFIO_NCD_LARGE_FILE_SUPPORT  -DDM_PARALLEL -DNETCDF -DLANDREAD_STUB=1 -DUSE_ALLOCATABLES -Dwrfmodel -DGRIB1 -DINTIO -DKEEP_INT_AROUND -DLIMIT_ARGS -DBUILD_RRTMG_FAST=0 -DBUILD_RRTMK=0 -DBUILD_SBM_FAST=1 -DSHOW_ALL_VARS_USED=0 -DCONFIG_BUF_LEN=65536 -DMAX_DOMAINS_F=21 -DMAX_HISTORY=25 -DNMM_NEST=0 -DWRF_CHEM -DBUILD_CHEM=1 -I. -traditional-cpp -DUSE_NETCDF4_FEATURES -DWRFIO_NCD_LARGE_FILE_SUPPORT   module_cu_kf.G  > module_cu_kf.bb
/glade/derecho/scratch/yates/NEOM_WRF/wrfv4.6.0/tools/standard.exe module_cu_kf.bb | /lib/cpp -P -nostdinc -traditional-cpp -DUSE_NETCDF4_FEATURES -DWRFIO_NCD_LARGE_FILE_SUPPORT > module_cu_kf.f90
rm -f module_cu_kf.G module_cu_kf.bb
time mpif90 -f90=ifort -o module_cu_kf.o -c -O3 -ip -fp-model precise -w -ftz -align all -fno-alias -FR -convert big_endian    -I../dyn_em  -I/glade/derecho/scratch/yates/NEOM_WRF/wrfv4.6.0/external/esmf_time_f90  -I/glade/derecho/scratch/yates/NEOM_WRF/wrfv4.6.0/main -I/glade/derecho/scratch/yates/NEOM_WRF/wrfv4.6.0/external/io_netcdf -I/glade/derecho/scratch/yates/NEOM_WRF/wrfv4.6.0/external/io_int -I/glade/derecho/scratch/yates/NEOM_WRF/wrfv4.6.0/frame -I/glade/derecho/scratch/yates/NEOM_WRF/wrfv4.6.0/share -I/glade/derecho/scratch/yates/NEOM_WRF/wrfv4.6.0/phys -I/glade/derecho/scratch/yates/NEOM_WRF/wrfv4.6.0/wrftladj -I/glade/derecho/scratch/yates/NEOM_WRF/wrfv4.6.0/chem -I/glade/derecho/scratch/yates/NEOM_WRF/wrfv4.6.0/inc -I/glade/u/apps/derecho/23.09/spack/opt/spack/netcdf/4.9.2/oneapi/2023.2.1/yzvj/include  -real-size `expr 8 \* 4` -i4  module_cu_kf.f90

real	0m5.311s
user	0m4.885s
sys	0m0.399s
rm -f module_cu_bmj.o
sed -e "s/^\!.*'.*//" -e "s/^ *\!.*'.*//" module_cu_bmj.F > module_cu_bmj.G
/lib/cpp -P -nostdinc -I/glade/derecho/scratch/yates/NEOM_WRF/wrfv4.6.0/inc -DEM_CORE=1 -DNMM_CORE=0 -DNMM_MAX_DIM=2600 -DDA_CORE=0 -DWRFPLUS=0 -DIWORDSIZE=4 -DDWORDSIZE=8 -DRWORDSIZE=4 -DLWORDSIZE=4 -DNONSTANDARD_SYSTEM_FUNC  -DWRF_USE_CLM -DUSE_NETCDF4_FEATURES -DWRFIO_NCD_LARGE_FILE_SUPPORT  -DDM_PARALLEL -DNETCDF -DLANDREAD_STUB=1 -DUSE_ALLOCATABLES -Dwrfmodel -DGRIB1 -DINTIO -DKEEP_INT_AROUND -DLIMIT_ARGS -DBUILD_RRTMG_FAST=0 -DBUILD_RRTMK=0 -DBUILD_SBM_FAST=1 -DSHOW_ALL_VARS_USED=0 -DCONFIG_BUF_LEN=65536 -DMAX_DOMAINS_F=21 -DMAX_HISTORY=25 -DNMM_NEST=0 -DWRF_CHEM -DBUILD_CHEM=1 -I. -traditional-cpp -DUSE_NETCDF4_FEATURES -DWRFIO_NCD_LARGE_FILE_SUPPORT   module_cu_bmj.G  > module_cu_bmj.bb
/glade/derecho/scratch/yates/NEOM_WRF/wrfv4.6.0/tools/standard.exe module_cu_bmj.bb | /lib/cpp -P -nostdinc -traditional-cpp -DUSE_NETCDF4_FEATURES -DWRFIO_NCD_LARGE_FILE_SUPPORT > module_cu_bmj.f90
rm -f module_cu_bmj.G module_cu_bmj.bb
time mpif90 -f90=ifort -o module_cu_bmj.o -c -O3 -ip -fp-model precise -w -ftz -align all -fno-alias -FR -convert big_endian    -I../dyn_em  -I/glade/derecho/scratch/yates/NEOM_WRF/wrfv4.6.0/external/esmf_time_f90  -I/glade/derecho/scratch/yates/NEOM_WRF/wrfv4.6.0/main -I/glade/derecho/scratch/yates/NEOM_WRF/wrfv4.6.0/external/io_netcdf -I/glade/derecho/scratch/yates/NEOM_WRF/wrfv4.6.0/external/io_int -I/glade/derecho/scratch/yates/NEOM_WRF/wrfv4.6.0/frame -I/glade/derecho/scratch/yates/NEOM_WRF/wrfv4.6.0/share -I/glade/derecho/scratch/yates/NEOM_WRF/wrfv4.6.0/phys -I/glade/derecho/scratch/yates/NEOM_WRF/wrfv4.6.0/wrftladj -I/glade/derecho/scratch/yates/NEOM_WRF/wrfv4.6.0/chem -I/glade/derecho/scratch/yates/NEOM_WRF/wrfv4.6.0/inc -I/glade/u/apps/derecho/23.09/spack/opt/spack/netcdf/4.9.2/oneapi/2023.2.1/yzvj/include  -real-size `expr 8 \* 4` -i4  module_cu_bmj.f90

real	0m2.181s
user	0m1.802s
sys	0m0.353s
rm -f module_cu_kfeta.o
sed -e "s/^\!.*'.*//" -e "s/^ *\!.*'.*//" module_cu_kfeta.F > module_cu_kfeta.G
/lib/cpp -P -nostdinc -I/glade/derecho/scratch/yates/NEOM_WRF/wrfv4.6.0/inc -DEM_CORE=1 -DNMM_CORE=0 -DNMM_MAX_DIM=2600 -DDA_CORE=0 -DWRFPLUS=0 -DIWORDSIZE=4 -DDWORDSIZE=8 -DRWORDSIZE=4 -DLWORDSIZE=4 -DNONSTANDARD_SYSTEM_FUNC  -DWRF_USE_CLM -DUSE_NETCDF4_FEATURES -DWRFIO_NCD_LARGE_FILE_SUPPORT  -DDM_PARALLEL -DNETCDF -DLANDREAD_STUB=1 -DUSE_ALLOCATABLES -Dwrfmodel -DGRIB1 -DINTIO -DKEEP_INT_AROUND -DLIMIT_ARGS -DBUILD_RRTMG_FAST=0 -DBUILD_RRTMK=0 -DBUILD_SBM_FAST=1 -DSHOW_ALL_VARS_USED=0 -DCONFIG_BUF_LEN=65536 -DMAX_DOMAINS_F=21 -DMAX_HISTORY=25 -DNMM_NEST=0 -DWRF_CHEM -DBUILD_CHEM=1 -I. -traditional-cpp -DUSE_NETCDF4_FEATURES -DWRFIO_NCD_LARGE_FILE_SUPPORT   module_cu_kfeta.G  > module_cu_kfeta.bb
/glade/derecho/scratch/yates/NEOM_WRF/wrfv4.6.0/tools/standard.exe module_cu_kfeta.bb | /lib/cpp -P -nostdinc -traditional-cpp -DUSE_NETCDF4_FEATURES -DWRFIO_NCD_LARGE_FILE_SUPPORT > module_cu_kfeta.f90
rm -f module_cu_kfeta.G module_cu_kfeta.bb
time mpif90 -f90=ifort -o module_cu_kfeta.o -c -O3 -ip -fp-model precise -w -ftz -align all -fno-alias -FR -convert big_endian    -I../dyn_em  -I/glade/derecho/scratch/yates/NEOM_WRF/wrfv4.6.0/external/esmf_time_f90  -I/glade/derecho/scratch/yates/NEOM_WRF/wrfv4.6.0/main -I/glade/derecho/scratch/yates/NEOM_WRF/wrfv4.6.0/external/io_netcdf -I/glade/derecho/scratch/yates/NEOM_WRF/wrfv4.6.0/external/io_int -I/glade/derecho/scratch/yates/NEOM_WRF/wrfv4.6.0/frame -I/glade/derecho/scratch/yates/NEOM_WRF/wrfv4.6.0/share -I/glade/derecho/scratch/yates/NEOM_WRF/wrfv4.6.0/phys -I/glade/derecho/scratch/yates/NEOM_WRF/wrfv4.6.0/wrftladj -I/glade/derecho/scratch/yates/NEOM_WRF/wrfv4.6.0/chem -I/glade/derecho/scratch/yates/NEOM_WRF/wrfv4.6.0/inc -I/glade/u/apps/derecho/23.09/spack/opt/spack/netcdf/4.9.2/oneapi/2023.2.1/yzvj/include  -real-size `expr 8 \* 4` -i4  module_cu_kfeta.f90

real	0m15.313s
user	0m14.771s
sys	0m0.494s
rm -f module_cu_mskf.o
sed -e "s/^\!.*'.*//" -e "s/^ *\!.*'.*//" module_cu_mskf.F > module_cu_mskf.G
/lib/cpp -P -nostdinc -I/glade/derecho/scratch/yates/NEOM_WRF/wrfv4.6.0/inc -DEM_CORE=1 -DNMM_CORE=0 -DNMM_MAX_DIM=2600 -DDA_CORE=0 -DWRFPLUS=0 -DIWORDSIZE=4 -DDWORDSIZE=8 -DRWORDSIZE=4 -DLWORDSIZE=4 -DNONSTANDARD_SYSTEM_FUNC  -DWRF_USE_CLM -DUSE_NETCDF4_FEATURES -DWRFIO_NCD_LARGE_FILE_SUPPORT  -DDM_PARALLEL -DNETCDF -DLANDREAD_STUB=1 -DUSE_ALLOCATABLES -Dwrfmodel -DGRIB1 -DINTIO -DKEEP_INT_AROUND -DLIMIT_ARGS -DBUILD_RRTMG_FAST=0 -DBUILD_RRTMK=0 -DBUILD_SBM_FAST=1 -DSHOW_ALL_VARS_USED=0 -DCONFIG_BUF_LEN=65536 -DMAX_DOMAINS_F=21 -DMAX_HISTORY=25 -DNMM_NEST=0 -DWRF_CHEM -DBUILD_CHEM=1 -I. -traditional-cpp -DUSE_NETCDF4_FEATURES -DWRFIO_NCD_LARGE_FILE_SUPPORT   module_cu_mskf.G  > module_cu_mskf.bb
/glade/derecho/scratch/yates/NEOM_WRF/wrfv4.6.0/tools/standard.exe module_cu_mskf.bb | /lib/cpp -P -nostdinc -traditional-cpp -DUSE_NETCDF4_FEATURES -DWRFIO_NCD_LARGE_FILE_SUPPORT > module_cu_mskf.f90
rm -f module_cu_mskf.G module_cu_mskf.bb
time mpif90 -f90=ifort -o module_cu_mskf.o -c -O3 -ip -fp-model precise -w -ftz -align all -fno-alias -FR -convert big_endian    -I../dyn_em  -I/glade/derecho/scratch/yates/NEOM_WRF/wrfv4.6.0/external/esmf_time_f90  -I/glade/derecho/scratch/yates/NEOM_WRF/wrfv4.6.0/main -I/glade/derecho/scratch/yates/NEOM_WRF/wrfv4.6.0/external/io_netcdf -I/glade/derecho/scratch/yates/NEOM_WRF/wrfv4.6.0/external/io_int -I/glade/derecho/scratch/yates/NEOM_WRF/wrfv4.6.0/frame -I/glade/derecho/scratch/yates/NEOM_WRF/wrfv4.6.0/share -I/glade/derecho/scratch/yates/NEOM_WRF/wrfv4.6.0/phys -I/glade/derecho/scratch/yates/NEOM_WRF/wrfv4.6.0/wrftladj -I/glade/derecho/scratch/yates/NEOM_WRF/wrfv4.6.0/chem -I/glade/derecho/scratch/yates/NEOM_WRF/wrfv4.6.0/inc -I/glade/u/apps/derecho/23.09/spack/opt/spack/netcdf/4.9.2/oneapi/2023.2.1/yzvj/include  -real-size `expr 8 \* 4` -i4  module_cu_mskf.f90

real	0m9.087s
user	0m8.638s
sys	0m0.413s
rm -f physics_mmm/cu_ntiedtke.o
sed -e "s/^\!.*'.*//" -e "s/^ *\!.*'.*//" physics_mmm/cu_ntiedtke.F90 > physics_mmm/cu_ntiedtke.G
/lib/cpp -P -nostdinc -I/glade/derecho/scratch/yates/NEOM_WRF/wrfv4.6.0/inc -DEM_CORE=1 -DNMM_CORE=0 -DNMM_MAX_DIM=2600 -DDA_CORE=0 -DWRFPLUS=0 -DIWORDSIZE=4 -DDWORDSIZE=8 -DRWORDSIZE=4 -DLWORDSIZE=4 -DNONSTANDARD_SYSTEM_FUNC  -DWRF_USE_CLM -DUSE_NETCDF4_FEATURES -DWRFIO_NCD_LARGE_FILE_SUPPORT  -DDM_PARALLEL -DNETCDF -DLANDREAD_STUB=1 -DUSE_ALLOCATABLES -Dwrfmodel -DGRIB1 -DINTIO -DKEEP_INT_AROUND -DLIMIT_ARGS -DBUILD_RRTMG_FAST=0 -DBUILD_RRTMK=0 -DBUILD_SBM_FAST=1 -DSHOW_ALL_VARS_USED=0 -DCONFIG_BUF_LEN=65536 -DMAX_DOMAINS_F=21 -DMAX_HISTORY=25 -DNMM_NEST=0 -DWRF_CHEM -DBUILD_CHEM=1 -I. -traditional-cpp -DUSE_NETCDF4_FEATURES -DWRFIO_NCD_LARGE_FILE_SUPPORT   physics_mmm/cu_ntiedtke.G  > physics_mmm/cu_ntiedtke.bb
/glade/derecho/scratch/yates/NEOM_WRF/wrfv4.6.0/tools/standard.exe physics_mmm/cu_ntiedtke.bb | /lib/cpp -P -nostdinc -traditional-cpp -DUSE_NETCDF4_FEATURES -DWRFIO_NCD_LARGE_FILE_SUPPORT > physics_mmm/cu_ntiedtke.f90
rm -f physics_mmm/cu_ntiedtke.G physics_mmm/cu_ntiedtke.bb
time mpif90 -f90=ifort -o physics_mmm/cu_ntiedtke.o -c -O3 -ip -fp-model precise -w -ftz -align all -fno-alias -FR -convert big_endian    -I../dyn_em  -I/glade/derecho/scratch/yates/NEOM_WRF/wrfv4.6.0/external/esmf_time_f90  -I/glade/derecho/scratch/yates/NEOM_WRF/wrfv4.6.0/main -I/glade/derecho/scratch/yates/NEOM_WRF/wrfv4.6.0/external/io_netcdf -I/glade/derecho/scratch/yates/NEOM_WRF/wrfv4.6.0/external/io_int -I/glade/derecho/scratch/yates/NEOM_WRF/wrfv4.6.0/frame -I/glade/derecho/scratch/yates/NEOM_WRF/wrfv4.6.0/share -I/glade/derecho/scratch/yates/NEOM_WRF/wrfv4.6.0/phys -I/glade/derecho/scratch/yates/NEOM_WRF/wrfv4.6.0/wrftladj -I/glade/derecho/scratch/yates/NEOM_WRF/wrfv4.6.0/chem -I/glade/derecho/scratch/yates/NEOM_WRF/wrfv4.6.0/inc -I/glade/u/apps/derecho/23.09/spack/opt/spack/netcdf/4.9.2/oneapi/2023.2.1/yzvj/include  -real-size `expr 8 \* 4` -i4  physics_mmm/cu_ntiedtke.f90

real	0m6.465s
user	0m6.045s
sys	0m0.393s
rm -f module_cu_gd.o
sed -e "s/^\!.*'.*//" -e "s/^ *\!.*'.*//" module_cu_gd.F > module_cu_gd.G
/lib/cpp -P -nostdinc -I/glade/derecho/scratch/yates/NEOM_WRF/wrfv4.6.0/inc -DEM_CORE=1 -DNMM_CORE=0 -DNMM_MAX_DIM=2600 -DDA_CORE=0 -DWRFPLUS=0 -DIWORDSIZE=4 -DDWORDSIZE=8 -DRWORDSIZE=4 -DLWORDSIZE=4 -DNONSTANDARD_SYSTEM_FUNC  -DWRF_USE_CLM -DUSE_NETCDF4_FEATURES -DWRFIO_NCD_LARGE_FILE_SUPPORT  -DDM_PARALLEL -DNETCDF -DLANDREAD_STUB=1 -DUSE_ALLOCATABLES -Dwrfmodel -DGRIB1 -DINTIO -DKEEP_INT_AROUND -DLIMIT_ARGS -DBUILD_RRTMG_FAST=0 -DBUILD_RRTMK=0 -DBUILD_SBM_FAST=1 -DSHOW_ALL_VARS_USED=0 -DCONFIG_BUF_LEN=65536 -DMAX_DOMAINS_F=21 -DMAX_HISTORY=25 -DNMM_NEST=0 -DWRF_CHEM -DBUILD_CHEM=1 -I. -traditional-cpp -DUSE_NETCDF4_FEATURES -DWRFIO_NCD_LARGE_FILE_SUPPORT   module_cu_gd.G  > module_cu_gd.bb
/glade/derecho/scratch/yates/NEOM_WRF/wrfv4.6.0/tools/standard.exe module_cu_gd.bb | /lib/cpp -P -nostdinc -traditional-cpp -DUSE_NETCDF4_FEATURES -DWRFIO_NCD_LARGE_FILE_SUPPORT > module_cu_gd.f90
rm -f module_cu_gd.G module_cu_gd.bb
time mpif90 -f90=ifort -o module_cu_gd.o -c -O3 -ip -fp-model precise -w -ftz -align all -fno-alias -FR -convert big_endian    -I../dyn_em  -I/glade/derecho/scratch/yates/NEOM_WRF/wrfv4.6.0/external/esmf_time_f90  -I/glade/derecho/scratch/yates/NEOM_WRF/wrfv4.6.0/main -I/glade/derecho/scratch/yates/NEOM_WRF/wrfv4.6.0/external/io_netcdf -I/glade/derecho/scratch/yates/NEOM_WRF/wrfv4.6.0/external/io_int -I/glade/derecho/scratch/yates/NEOM_WRF/wrfv4.6.0/frame -I/glade/derecho/scratch/yates/NEOM_WRF/wrfv4.6.0/share -I/glade/derecho/scratch/yates/NEOM_WRF/wrfv4.6.0/phys -I/glade/derecho/scratch/yates/NEOM_WRF/wrfv4.6.0/wrftladj -I/glade/derecho/scratch/yates/NEOM_WRF/wrfv4.6.0/chem -I/glade/derecho/scratch/yates/NEOM_WRF/wrfv4.6.0/inc -I/glade/u/apps/derecho/23.09/spack/opt/spack/netcdf/4.9.2/oneapi/2023.2.1/yzvj/include  -real-size `expr 8 \* 4` -i4  module_cu_gd.f90

real	0m9.801s
user	0m9.360s
sys	0m0.415s
rm -f ../chem/module_chem_utilities.o
sed -e "s/^\!.*'.*//" -e "s/^ *\!.*'.*//" ../chem/module_chem_utilities.F > ../chem/module_chem_utilities.G
/lib/cpp -P -nostdinc -I/glade/derecho/scratch/yates/NEOM_WRF/wrfv4.6.0/inc -DEM_CORE=1 -DNMM_CORE=0 -DNMM_MAX_DIM=2600 -DDA_CORE=0 -DWRFPLUS=0 -DIWORDSIZE=4 -DDWORDSIZE=8 -DRWORDSIZE=4 -DLWORDSIZE=4 -DNONSTANDARD_SYSTEM_FUNC  -DWRF_USE_CLM -DUSE_NETCDF4_FEATURES -DWRFIO_NCD_LARGE_FILE_SUPPORT  -DDM_PARALLEL -DNETCDF -DLANDREAD_STUB=1 -DUSE_ALLOCATABLES -Dwrfmodel -DGRIB1 -DINTIO -DKEEP_INT_AROUND -DLIMIT_ARGS -DBUILD_RRTMG_FAST=0 -DBUILD_RRTMK=0 -DBUILD_SBM_FAST=1 -DSHOW_ALL_VARS_USED=0 -DCONFIG_BUF_LEN=65536 -DMAX_DOMAINS_F=21 -DMAX_HISTORY=25 -DNMM_NEST=0 -DWRF_CHEM -DBUILD_CHEM=1 -I. -traditional-cpp -DUSE_NETCDF4_FEATURES -DWRFIO_NCD_LARGE_FILE_SUPPORT   ../chem/module_chem_utilities.G  > ../chem/module_chem_utilities.bb
/glade/derecho/scratch/yates/NEOM_WRF/wrfv4.6.0/tools/standard.exe ../chem/module_chem_utilities.bb | /lib/cpp -P -nostdinc -traditional-cpp -DUSE_NETCDF4_FEATURES -DWRFIO_NCD_LARGE_FILE_SUPPORT > ../chem/module_chem_utilities.f90
rm -f ../chem/module_chem_utilities.G ../chem/module_chem_utilities.bb
time mpif90 -f90=ifort -o ../chem/module_chem_utilities.o -c -O3 -ip -fp-model precise -w -ftz -align all -fno-alias -FR -convert big_endian    -I../dyn_em  -I/glade/derecho/scratch/yates/NEOM_WRF/wrfv4.6.0/external/esmf_time_f90  -I/glade/derecho/scratch/yates/NEOM_WRF/wrfv4.6.0/main -I/glade/derecho/scratch/yates/NEOM_WRF/wrfv4.6.0/external/io_netcdf -I/glade/derecho/scratch/yates/NEOM_WRF/wrfv4.6.0/external/io_int -I/glade/derecho/scratch/yates/NEOM_WRF/wrfv4.6.0/frame -I/glade/derecho/scratch/yates/NEOM_WRF/wrfv4.6.0/share -I/glade/derecho/scratch/yates/NEOM_WRF/wrfv4.6.0/phys -I/glade/derecho/scratch/yates/NEOM_WRF/wrfv4.6.0/wrftladj -I/glade/derecho/scratch/yates/NEOM_WRF/wrfv4.6.0/chem -I/glade/derecho/scratch/yates/NEOM_WRF/wrfv4.6.0/inc -I/glade/u/apps/derecho/23.09/spack/opt/spack/netcdf/4.9.2/oneapi/2023.2.1/yzvj/include  -real-size `expr 8 \* 4` -i4  ../chem/module_chem_utilities.f90

real	0m1.414s
user	0m1.040s
sys	0m0.342s
rm -f module_cu_ksas.o
sed -e "s/^\!.*'.*//" -e "s/^ *\!.*'.*//" module_cu_ksas.F > module_cu_ksas.G
/lib/cpp -P -nostdinc -I/glade/derecho/scratch/yates/NEOM_WRF/wrfv4.6.0/inc -DEM_CORE=1 -DNMM_CORE=0 -DNMM_MAX_DIM=2600 -DDA_CORE=0 -DWRFPLUS=0 -DIWORDSIZE=4 -DDWORDSIZE=8 -DRWORDSIZE=4 -DLWORDSIZE=4 -DNONSTANDARD_SYSTEM_FUNC  -DWRF_USE_CLM -DUSE_NETCDF4_FEATURES -DWRFIO_NCD_LARGE_FILE_SUPPORT  -DDM_PARALLEL -DNETCDF -DLANDREAD_STUB=1 -DUSE_ALLOCATABLES -Dwrfmodel -DGRIB1 -DINTIO -DKEEP_INT_AROUND -DLIMIT_ARGS -DBUILD_RRTMG_FAST=0 -DBUILD_RRTMK=0 -DBUILD_SBM_FAST=1 -DSHOW_ALL_VARS_USED=0 -DCONFIG_BUF_LEN=65536 -DMAX_DOMAINS_F=21 -DMAX_HISTORY=25 -DNMM_NEST=0 -DWRF_CHEM -DBUILD_CHEM=1 -I. -traditional-cpp -DUSE_NETCDF4_FEATURES -DWRFIO_NCD_LARGE_FILE_SUPPORT   module_cu_ksas.G  > module_cu_ksas.bb
/glade/derecho/scratch/yates/NEOM_WRF/wrfv4.6.0/tools/standard.exe module_cu_ksas.bb | /lib/cpp -P -nostdinc -traditional-cpp -DUSE_NETCDF4_FEATURES -DWRFIO_NCD_LARGE_FILE_SUPPORT > module_cu_ksas.f90
rm -f module_cu_ksas.G module_cu_ksas.bb
time mpif90 -f90=ifort -o module_cu_ksas.o -c -O3 -ip -fp-model precise -w -ftz -align all -fno-alias -FR -convert big_endian    -I../dyn_em  -I/glade/derecho/scratch/yates/NEOM_WRF/wrfv4.6.0/external/esmf_time_f90  -I/glade/derecho/scratch/yates/NEOM_WRF/wrfv4.6.0/main -I/glade/derecho/scratch/yates/NEOM_WRF/wrfv4.6.0/external/io_netcdf -I/glade/derecho/scratch/yates/NEOM_WRF/wrfv4.6.0/external/io_int -I/glade/derecho/scratch/yates/NEOM_WRF/wrfv4.6.0/frame -I/glade/derecho/scratch/yates/NEOM_WRF/wrfv4.6.0/share -I/glade/derecho/scratch/yates/NEOM_WRF/wrfv4.6.0/phys -I/glade/derecho/scratch/yates/NEOM_WRF/wrfv4.6.0/wrftladj -I/glade/derecho/scratch/yates/NEOM_WRF/wrfv4.6.0/chem -I/glade/derecho/scratch/yates/NEOM_WRF/wrfv4.6.0/inc -I/glade/u/apps/derecho/23.09/spack/opt/spack/netcdf/4.9.2/oneapi/2023.2.1/yzvj/include  -real-size `expr 8 \* 4` -i4  module_cu_ksas.f90

real	0m23.526s
user	0m22.843s
sys	0m0.562s
rm -f module_cu_nsas.o
sed -e "s/^\!.*'.*//" -e "s/^ *\!.*'.*//" module_cu_nsas.F > module_cu_nsas.G
/lib/cpp -P -nostdinc -I/glade/derecho/scratch/yates/NEOM_WRF/wrfv4.6.0/inc -DEM_CORE=1 -DNMM_CORE=0 -DNMM_MAX_DIM=2600 -DDA_CORE=0 -DWRFPLUS=0 -DIWORDSIZE=4 -DDWORDSIZE=8 -DRWORDSIZE=4 -DLWORDSIZE=4 -DNONSTANDARD_SYSTEM_FUNC  -DWRF_USE_CLM -DUSE_NETCDF4_FEATURES -DWRFIO_NCD_LARGE_FILE_SUPPORT  -DDM_PARALLEL -DNETCDF -DLANDREAD_STUB=1 -DUSE_ALLOCATABLES -Dwrfmodel -DGRIB1 -DINTIO -DKEEP_INT_AROUND -DLIMIT_ARGS -DBUILD_RRTMG_FAST=0 -DBUILD_RRTMK=0 -DBUILD_SBM_FAST=1 -DSHOW_ALL_VARS_USED=0 -DCONFIG_BUF_LEN=65536 -DMAX_DOMAINS_F=21 -DMAX_HISTORY=25 -DNMM_NEST=0 -DWRF_CHEM -DBUILD_CHEM=1 -I. -traditional-cpp -DUSE_NETCDF4_FEATURES -DWRFIO_NCD_LARGE_FILE_SUPPORT   module_cu_nsas.G  > module_cu_nsas.bb
/glade/derecho/scratch/yates/NEOM_WRF/wrfv4.6.0/tools/standard.exe module_cu_nsas.bb | /lib/cpp -P -nostdinc -traditional-cpp -DUSE_NETCDF4_FEATURES -DWRFIO_NCD_LARGE_FILE_SUPPORT > module_cu_nsas.f90
rm -f module_cu_nsas.G module_cu_nsas.bb
time mpif90 -f90=ifort -o module_cu_nsas.o -c -O3 -ip -fp-model precise -w -ftz -align all -fno-alias -FR -convert big_endian    -I../dyn_em  -I/glade/derecho/scratch/yates/NEOM_WRF/wrfv4.6.0/external/esmf_time_f90  -I/glade/derecho/scratch/yates/NEOM_WRF/wrfv4.6.0/main -I/glade/derecho/scratch/yates/NEOM_WRF/wrfv4.6.0/external/io_netcdf -I/glade/derecho/scratch/yates/NEOM_WRF/wrfv4.6.0/external/io_int -I/glade/derecho/scratch/yates/NEOM_WRF/wrfv4.6.0/frame -I/glade/derecho/scratch/yates/NEOM_WRF/wrfv4.6.0/share -I/glade/derecho/scratch/yates/NEOM_WRF/wrfv4.6.0/phys -I/glade/derecho/scratch/yates/NEOM_WRF/wrfv4.6.0/wrftladj -I/glade/derecho/scratch/yates/NEOM_WRF/wrfv4.6.0/chem -I/glade/derecho/scratch/yates/NEOM_WRF/wrfv4.6.0/inc -I/glade/u/apps/derecho/23.09/spack/opt/spack/netcdf/4.9.2/oneapi/2023.2.1/yzvj/include  -real-size `expr 8 \* 4` -i4  module_cu_nsas.f90

real	0m17.148s
user	0m16.588s
sys	0m0.529s
rm -f module_gocart_coupling.o
sed -e "s/^\!.*'.*//" -e "s/^ *\!.*'.*//" module_gocart_coupling.F > module_gocart_coupling.G
/lib/cpp -P -nostdinc -I/glade/derecho/scratch/yates/NEOM_WRF/wrfv4.6.0/inc -DEM_CORE=1 -DNMM_CORE=0 -DNMM_MAX_DIM=2600 -DDA_CORE=0 -DWRFPLUS=0 -DIWORDSIZE=4 -DDWORDSIZE=8 -DRWORDSIZE=4 -DLWORDSIZE=4 -DNONSTANDARD_SYSTEM_FUNC  -DWRF_USE_CLM -DUSE_NETCDF4_FEATURES -DWRFIO_NCD_LARGE_FILE_SUPPORT  -DDM_PARALLEL -DNETCDF -DLANDREAD_STUB=1 -DUSE_ALLOCATABLES -Dwrfmodel -DGRIB1 -DINTIO -DKEEP_INT_AROUND -DLIMIT_ARGS -DBUILD_RRTMG_FAST=0 -DBUILD_RRTMK=0 -DBUILD_SBM_FAST=1 -DSHOW_ALL_VARS_USED=0 -DCONFIG_BUF_LEN=65536 -DMAX_DOMAINS_F=21 -DMAX_HISTORY=25 -DNMM_NEST=0 -DWRF_CHEM -DBUILD_CHEM=1 -I. -traditional-cpp -DUSE_NETCDF4_FEATURES -DWRFIO_NCD_LARGE_FILE_SUPPORT   module_gocart_coupling.G  > module_gocart_coupling.bb
/glade/derecho/scratch/yates/NEOM_WRF/wrfv4.6.0/tools/standard.exe module_gocart_coupling.bb | /lib/cpp -P -nostdinc -traditional-cpp -DUSE_NETCDF4_FEATURES -DWRFIO_NCD_LARGE_FILE_SUPPORT > module_gocart_coupling.f90
rm -f module_gocart_coupling.G module_gocart_coupling.bb
time mpif90 -f90=ifort -o module_gocart_coupling.o -c -O3 -ip -fp-model precise -w -ftz -align all -fno-alias -FR -convert big_endian    -I../dyn_em  -I/glade/derecho/scratch/yates/NEOM_WRF/wrfv4.6.0/external/esmf_time_f90  -I/glade/derecho/scratch/yates/NEOM_WRF/wrfv4.6.0/main -I/glade/derecho/scratch/yates/NEOM_WRF/wrfv4.6.0/external/io_netcdf -I/glade/derecho/scratch/yates/NEOM_WRF/wrfv4.6.0/external/io_int -I/glade/derecho/scratch/yates/NEOM_WRF/wrfv4.6.0/frame -I/glade/derecho/scratch/yates/NEOM_WRF/wrfv4.6.0/share -I/glade/derecho/scratch/yates/NEOM_WRF/wrfv4.6.0/phys -I/glade/derecho/scratch/yates/NEOM_WRF/wrfv4.6.0/wrftladj -I/glade/derecho/scratch/yates/NEOM_WRF/wrfv4.6.0/chem -I/glade/derecho/scratch/yates/NEOM_WRF/wrfv4.6.0/inc -I/glade/u/apps/derecho/23.09/spack/opt/spack/netcdf/4.9.2/oneapi/2023.2.1/yzvj/include  -real-size `expr 8 \* 4` -i4  module_gocart_coupling.f90

real	0m2.350s
user	0m1.975s
sys	0m0.343s
rm -f ../chem/module_data_mosaic_asect.o
sed -e "s/^\!.*'.*//" -e "s/^ *\!.*'.*//" ../chem/module_data_mosaic_asect.F > ../chem/module_data_mosaic_asect.G
/lib/cpp -P -nostdinc -I/glade/derecho/scratch/yates/NEOM_WRF/wrfv4.6.0/inc -DEM_CORE=1 -DNMM_CORE=0 -DNMM_MAX_DIM=2600 -DDA_CORE=0 -DWRFPLUS=0 -DIWORDSIZE=4 -DDWORDSIZE=8 -DRWORDSIZE=4 -DLWORDSIZE=4 -DNONSTANDARD_SYSTEM_FUNC  -DWRF_USE_CLM -DUSE_NETCDF4_FEATURES -DWRFIO_NCD_LARGE_FILE_SUPPORT  -DDM_PARALLEL -DNETCDF -DLANDREAD_STUB=1 -DUSE_ALLOCATABLES -Dwrfmodel -DGRIB1 -DINTIO -DKEEP_INT_AROUND -DLIMIT_ARGS -DBUILD_RRTMG_FAST=0 -DBUILD_RRTMK=0 -DBUILD_SBM_FAST=1 -DSHOW_ALL_VARS_USED=0 -DCONFIG_BUF_LEN=65536 -DMAX_DOMAINS_F=21 -DMAX_HISTORY=25 -DNMM_NEST=0 -DWRF_CHEM -DBUILD_CHEM=1 -I. -traditional-cpp -DUSE_NETCDF4_FEATURES -DWRFIO_NCD_LARGE_FILE_SUPPORT   ../chem/module_data_mosaic_asect.G  > ../chem/module_data_mosaic_asect.bb
/glade/derecho/scratch/yates/NEOM_WRF/wrfv4.6.0/tools/standard.exe ../chem/module_data_mosaic_asect.bb | /lib/cpp -P -nostdinc -traditional-cpp -DUSE_NETCDF4_FEATURES -DWRFIO_NCD_LARGE_FILE_SUPPORT > ../chem/module_data_mosaic_asect.f90
rm -f ../chem/module_data_mosaic_asect.G ../chem/module_data_mosaic_asect.bb
time mpif90 -f90=ifort -o ../chem/module_data_mosaic_asect.o -c -O3 -ip -fp-model precise -w -ftz -align all -fno-alias -FR -convert big_endian    -I../dyn_em  -I/glade/derecho/scratch/yates/NEOM_WRF/wrfv4.6.0/external/esmf_time_f90  -I/glade/derecho/scratch/yates/NEOM_WRF/wrfv4.6.0/main -I/glade/derecho/scratch/yates/NEOM_WRF/wrfv4.6.0/external/io_netcdf -I/glade/derecho/scratch/yates/NEOM_WRF/wrfv4.6.0/external/io_int -I/glade/derecho/scratch/yates/NEOM_WRF/wrfv4.6.0/frame -I/glade/derecho/scratch/yates/NEOM_WRF/wrfv4.6.0/share -I/glade/derecho/scratch/yates/NEOM_WRF/wrfv4.6.0/phys -I/glade/derecho/scratch/yates/NEOM_WRF/wrfv4.6.0/wrftladj -I/glade/derecho/scratch/yates/NEOM_WRF/wrfv4.6.0/chem -I/glade/derecho/scratch/yates/NEOM_WRF/wrfv4.6.0/inc -I/glade/u/apps/derecho/23.09/spack/opt/spack/netcdf/4.9.2/oneapi/2023.2.1/yzvj/include  -real-size `expr 8 \* 4` -i4  ../chem/module_data_mosaic_asect.f90

real	0m18.226s
user	0m17.122s
sys	0m0.491s
rm -f module_ra_sw.o
sed -e "s/^\!.*'.*//" -e "s/^ *\!.*'.*//" module_ra_sw.F > module_ra_sw.G
/lib/cpp -P -nostdinc -I/glade/derecho/scratch/yates/NEOM_WRF/wrfv4.6.0/inc -DEM_CORE=1 -DNMM_CORE=0 -DNMM_MAX_DIM=2600 -DDA_CORE=0 -DWRFPLUS=0 -DIWORDSIZE=4 -DDWORDSIZE=8 -DRWORDSIZE=4 -DLWORDSIZE=4 -DNONSTANDARD_SYSTEM_FUNC  -DWRF_USE_CLM -DUSE_NETCDF4_FEATURES -DWRFIO_NCD_LARGE_FILE_SUPPORT  -DDM_PARALLEL -DNETCDF -DLANDREAD_STUB=1 -DUSE_ALLOCATABLES -Dwrfmodel -DGRIB1 -DINTIO -DKEEP_INT_AROUND -DLIMIT_ARGS -DBUILD_RRTMG_FAST=0 -DBUILD_RRTMK=0 -DBUILD_SBM_FAST=1 -DSHOW_ALL_VARS_USED=0 -DCONFIG_BUF_LEN=65536 -DMAX_DOMAINS_F=21 -DMAX_HISTORY=25 -DNMM_NEST=0 -DWRF_CHEM -DBUILD_CHEM=1 -I. -traditional-cpp -DUSE_NETCDF4_FEATURES -DWRFIO_NCD_LARGE_FILE_SUPPORT   module_ra_sw.G  > module_ra_sw.bb
/glade/derecho/scratch/yates/NEOM_WRF/wrfv4.6.0/tools/standard.exe module_ra_sw.bb | /lib/cpp -P -nostdinc -traditional-cpp -DUSE_NETCDF4_FEATURES -DWRFIO_NCD_LARGE_FILE_SUPPORT > module_ra_sw.f90
rm -f module_ra_sw.G module_ra_sw.bb
time mpif90 -f90=ifort -o module_ra_sw.o -c -O3 -ip -fp-model precise -w -ftz -align all -fno-alias -FR -convert big_endian    -I../dyn_em  -I/glade/derecho/scratch/yates/NEOM_WRF/wrfv4.6.0/external/esmf_time_f90  -I/glade/derecho/scratch/yates/NEOM_WRF/wrfv4.6.0/main -I/glade/derecho/scratch/yates/NEOM_WRF/wrfv4.6.0/external/io_netcdf -I/glade/derecho/scratch/yates/NEOM_WRF/wrfv4.6.0/external/io_int -I/glade/derecho/scratch/yates/NEOM_WRF/wrfv4.6.0/frame -I/glade/derecho/scratch/yates/NEOM_WRF/wrfv4.6.0/share -I/glade/derecho/scratch/yates/NEOM_WRF/wrfv4.6.0/phys -I/glade/derecho/scratch/yates/NEOM_WRF/wrfv4.6.0/wrftladj -I/glade/derecho/scratch/yates/NEOM_WRF/wrfv4.6.0/chem -I/glade/derecho/scratch/yates/NEOM_WRF/wrfv4.6.0/inc -I/glade/u/apps/derecho/23.09/spack/opt/spack/netcdf/4.9.2/oneapi/2023.2.1/yzvj/include  -real-size `expr 8 \* 4` -i4  module_ra_sw.f90

real	0m0.398s
user	0m0.103s
sys	0m0.271s
rm -f module_ra_gsfcsw.o
sed -e "s/^\!.*'.*//" -e "s/^ *\!.*'.*//" module_ra_gsfcsw.F > module_ra_gsfcsw.G
/lib/cpp -P -nostdinc -I/glade/derecho/scratch/yates/NEOM_WRF/wrfv4.6.0/inc -DEM_CORE=1 -DNMM_CORE=0 -DNMM_MAX_DIM=2600 -DDA_CORE=0 -DWRFPLUS=0 -DIWORDSIZE=4 -DDWORDSIZE=8 -DRWORDSIZE=4 -DLWORDSIZE=4 -DNONSTANDARD_SYSTEM_FUNC  -DWRF_USE_CLM -DUSE_NETCDF4_FEATURES -DWRFIO_NCD_LARGE_FILE_SUPPORT  -DDM_PARALLEL -DNETCDF -DLANDREAD_STUB=1 -DUSE_ALLOCATABLES -Dwrfmodel -DGRIB1 -DINTIO -DKEEP_INT_AROUND -DLIMIT_ARGS -DBUILD_RRTMG_FAST=0 -DBUILD_RRTMK=0 -DBUILD_SBM_FAST=1 -DSHOW_ALL_VARS_USED=0 -DCONFIG_BUF_LEN=65536 -DMAX_DOMAINS_F=21 -DMAX_HISTORY=25 -DNMM_NEST=0 -DWRF_CHEM -DBUILD_CHEM=1 -I. -traditional-cpp -DUSE_NETCDF4_FEATURES -DWRFIO_NCD_LARGE_FILE_SUPPORT   module_ra_gsfcsw.G  > module_ra_gsfcsw.bb
/glade/derecho/scratch/yates/NEOM_WRF/wrfv4.6.0/tools/standard.exe module_ra_gsfcsw.bb | /lib/cpp -P -nostdinc -traditional-cpp -DUSE_NETCDF4_FEATURES -DWRFIO_NCD_LARGE_FILE_SUPPORT > module_ra_gsfcsw.f90
rm -f module_ra_gsfcsw.G module_ra_gsfcsw.bb
time mpif90 -f90=ifort -o module_ra_gsfcsw.o -c -O3 -ip -fp-model precise -w -ftz -align all -fno-alias -FR -convert big_endian    -I../dyn_em  -I/glade/derecho/scratch/yates/NEOM_WRF/wrfv4.6.0/external/esmf_time_f90  -I/glade/derecho/scratch/yates/NEOM_WRF/wrfv4.6.0/main -I/glade/derecho/scratch/yates/NEOM_WRF/wrfv4.6.0/external/io_netcdf -I/glade/derecho/scratch/yates/NEOM_WRF/wrfv4.6.0/external/io_int -I/glade/derecho/scratch/yates/NEOM_WRF/wrfv4.6.0/frame -I/glade/derecho/scratch/yates/NEOM_WRF/wrfv4.6.0/share -I/glade/derecho/scratch/yates/NEOM_WRF/wrfv4.6.0/phys -I/glade/derecho/scratch/yates/NEOM_WRF/wrfv4.6.0/wrftladj -I/glade/derecho/scratch/yates/NEOM_WRF/wrfv4.6.0/chem -I/glade/derecho/scratch/yates/NEOM_WRF/wrfv4.6.0/inc -I/glade/u/apps/derecho/23.09/spack/opt/spack/netcdf/4.9.2/oneapi/2023.2.1/yzvj/include  -real-size `expr 8 \* 4` -i4  module_ra_gsfcsw.f90

real	0m1.200s
user	0m0.858s
sys	0m0.315s
rm -f module_ra_clWRF_support.o
sed -e "s/^\!.*'.*//" -e "s/^ *\!.*'.*//" module_ra_clWRF_support.F > module_ra_clWRF_support.G
/lib/cpp -P -nostdinc -I/glade/derecho/scratch/yates/NEOM_WRF/wrfv4.6.0/inc -DEM_CORE=1 -DNMM_CORE=0 -DNMM_MAX_DIM=2600 -DDA_CORE=0 -DWRFPLUS=0 -DIWORDSIZE=4 -DDWORDSIZE=8 -DRWORDSIZE=4 -DLWORDSIZE=4 -DNONSTANDARD_SYSTEM_FUNC  -DWRF_USE_CLM -DUSE_NETCDF4_FEATURES -DWRFIO_NCD_LARGE_FILE_SUPPORT  -DDM_PARALLEL -DNETCDF -DLANDREAD_STUB=1 -DUSE_ALLOCATABLES -Dwrfmodel -DGRIB1 -DINTIO -DKEEP_INT_AROUND -DLIMIT_ARGS -DBUILD_RRTMG_FAST=0 -DBUILD_RRTMK=0 -DBUILD_SBM_FAST=1 -DSHOW_ALL_VARS_USED=0 -DCONFIG_BUF_LEN=65536 -DMAX_DOMAINS_F=21 -DMAX_HISTORY=25 -DNMM_NEST=0 -DWRF_CHEM -DBUILD_CHEM=1 -I. -traditional-cpp -DUSE_NETCDF4_FEATURES -DWRFIO_NCD_LARGE_FILE_SUPPORT   module_ra_clWRF_support.G  > module_ra_clWRF_support.bb
/glade/derecho/scratch/yates/NEOM_WRF/wrfv4.6.0/tools/standard.exe module_ra_clWRF_support.bb | /lib/cpp -P -nostdinc -traditional-cpp -DUSE_NETCDF4_FEATURES -DWRFIO_NCD_LARGE_FILE_SUPPORT > module_ra_clWRF_support.f90
rm -f module_ra_clWRF_support.G module_ra_clWRF_support.bb
time mpif90 -f90=ifort -o module_ra_clWRF_support.o -c -O3 -ip -fp-model precise -w -ftz -align all -fno-alias -FR -convert big_endian    -I../dyn_em  -I/glade/derecho/scratch/yates/NEOM_WRF/wrfv4.6.0/external/esmf_time_f90  -I/glade/derecho/scratch/yates/NEOM_WRF/wrfv4.6.0/main -I/glade/derecho/scratch/yates/NEOM_WRF/wrfv4.6.0/external/io_netcdf -I/glade/derecho/scratch/yates/NEOM_WRF/wrfv4.6.0/external/io_int -I/glade/derecho/scratch/yates/NEOM_WRF/wrfv4.6.0/frame -I/glade/derecho/scratch/yates/NEOM_WRF/wrfv4.6.0/share -I/glade/derecho/scratch/yates/NEOM_WRF/wrfv4.6.0/phys -I/glade/derecho/scratch/yates/NEOM_WRF/wrfv4.6.0/wrftladj -I/glade/derecho/scratch/yates/NEOM_WRF/wrfv4.6.0/chem -I/glade/derecho/scratch/yates/NEOM_WRF/wrfv4.6.0/inc -I/glade/u/apps/derecho/23.09/spack/opt/spack/netcdf/4.9.2/oneapi/2023.2.1/yzvj/include  -real-size `expr 8 \* 4` -i4  module_ra_clWRF_support.f90

real	0m0.638s
user	0m0.298s
sys	0m0.315s
rm -f module_ra_rrtmg_aero_optical_util_cmaq.o
sed -e "s/^\!.*'.*//" -e "s/^ *\!.*'.*//" module_ra_rrtmg_aero_optical_util_cmaq.F > module_ra_rrtmg_aero_optical_util_cmaq.G
/lib/cpp -P -nostdinc -I/glade/derecho/scratch/yates/NEOM_WRF/wrfv4.6.0/inc -DEM_CORE=1 -DNMM_CORE=0 -DNMM_MAX_DIM=2600 -DDA_CORE=0 -DWRFPLUS=0 -DIWORDSIZE=4 -DDWORDSIZE=8 -DRWORDSIZE=4 -DLWORDSIZE=4 -DNONSTANDARD_SYSTEM_FUNC  -DWRF_USE_CLM -DUSE_NETCDF4_FEATURES -DWRFIO_NCD_LARGE_FILE_SUPPORT  -DDM_PARALLEL -DNETCDF -DLANDREAD_STUB=1 -DUSE_ALLOCATABLES -Dwrfmodel -DGRIB1 -DINTIO -DKEEP_INT_AROUND -DLIMIT_ARGS -DBUILD_RRTMG_FAST=0 -DBUILD_RRTMK=0 -DBUILD_SBM_FAST=1 -DSHOW_ALL_VARS_USED=0 -DCONFIG_BUF_LEN=65536 -DMAX_DOMAINS_F=21 -DMAX_HISTORY=25 -DNMM_NEST=0 -DWRF_CHEM -DBUILD_CHEM=1 -I. -traditional-cpp -DUSE_NETCDF4_FEATURES -DWRFIO_NCD_LARGE_FILE_SUPPORT   module_ra_rrtmg_aero_optical_util_cmaq.G  > module_ra_rrtmg_aero_optical_util_cmaq.bb
/glade/derecho/scratch/yates/NEOM_WRF/wrfv4.6.0/tools/standard.exe module_ra_rrtmg_aero_optical_util_cmaq.bb | /lib/cpp -P -nostdinc -traditional-cpp -DUSE_NETCDF4_FEATURES -DWRFIO_NCD_LARGE_FILE_SUPPORT > module_ra_rrtmg_aero_optical_util_cmaq.f90
rm -f module_ra_rrtmg_aero_optical_util_cmaq.G module_ra_rrtmg_aero_optical_util_cmaq.bb
time mpif90 -f90=ifort -o module_ra_rrtmg_aero_optical_util_cmaq.o -c -O3 -ip -fp-model precise -w -ftz -align all -fno-alias -FR -convert big_endian    -I../dyn_em  -I/glade/derecho/scratch/yates/NEOM_WRF/wrfv4.6.0/external/esmf_time_f90  -I/glade/derecho/scratch/yates/NEOM_WRF/wrfv4.6.0/main -I/glade/derecho/scratch/yates/NEOM_WRF/wrfv4.6.0/external/io_netcdf -I/glade/derecho/scratch/yates/NEOM_WRF/wrfv4.6.0/external/io_int -I/glade/derecho/scratch/yates/NEOM_WRF/wrfv4.6.0/frame -I/glade/derecho/scratch/yates/NEOM_WRF/wrfv4.6.0/share -I/glade/derecho/scratch/yates/NEOM_WRF/wrfv4.6.0/phys -I/glade/derecho/scratch/yates/NEOM_WRF/wrfv4.6.0/wrftladj -I/glade/derecho/scratch/yates/NEOM_WRF/wrfv4.6.0/chem -I/glade/derecho/scratch/yates/NEOM_WRF/wrfv4.6.0/inc -I/glade/u/apps/derecho/23.09/spack/opt/spack/netcdf/4.9.2/oneapi/2023.2.1/yzvj/include  -real-size `expr 8 \* 4` -i4  module_ra_rrtmg_aero_optical_util_cmaq.f90

real	0m2.575s
user	0m2.151s
sys	0m0.394s
rm -f module_ra_rrtmg_lwf.o
sed -e "s/^\!.*'.*//" -e "s/^ *\!.*'.*//" module_ra_rrtmg_lwf.F > module_ra_rrtmg_lwf.G
/lib/cpp -P -nostdinc -I/glade/derecho/scratch/yates/NEOM_WRF/wrfv4.6.0/inc -DEM_CORE=1 -DNMM_CORE=0 -DNMM_MAX_DIM=2600 -DDA_CORE=0 -DWRFPLUS=0 -DIWORDSIZE=4 -DDWORDSIZE=8 -DRWORDSIZE=4 -DLWORDSIZE=4 -DNONSTANDARD_SYSTEM_FUNC  -DWRF_USE_CLM -DUSE_NETCDF4_FEATURES -DWRFIO_NCD_LARGE_FILE_SUPPORT  -DDM_PARALLEL -DNETCDF -DLANDREAD_STUB=1 -DUSE_ALLOCATABLES -Dwrfmodel -DGRIB1 -DINTIO -DKEEP_INT_AROUND -DLIMIT_ARGS -DBUILD_RRTMG_FAST=0 -DBUILD_RRTMK=0 -DBUILD_SBM_FAST=1 -DSHOW_ALL_VARS_USED=0 -DCONFIG_BUF_LEN=65536 -DMAX_DOMAINS_F=21 -DMAX_HISTORY=25 -DNMM_NEST=0 -DWRF_CHEM -DBUILD_CHEM=1 -I. -traditional-cpp -DUSE_NETCDF4_FEATURES -DWRFIO_NCD_LARGE_FILE_SUPPORT   module_ra_rrtmg_lwf.G  > module_ra_rrtmg_lwf.bb
/glade/derecho/scratch/yates/NEOM_WRF/wrfv4.6.0/tools/standard.exe module_ra_rrtmg_lwf.bb | /lib/cpp -P -nostdinc -traditional-cpp -DUSE_NETCDF4_FEATURES -DWRFIO_NCD_LARGE_FILE_SUPPORT > module_ra_rrtmg_lwf.f90
rm -f module_ra_rrtmg_lwf.G module_ra_rrtmg_lwf.bb
time mpif90 -f90=ifort -o module_ra_rrtmg_lwf.o -c -O3 -ip -fp-model precise -w -ftz -align all -fno-alias -FR -convert big_endian    -I../dyn_em  -I/glade/derecho/scratch/yates/NEOM_WRF/wrfv4.6.0/external/esmf_time_f90  -I/glade/derecho/scratch/yates/NEOM_WRF/wrfv4.6.0/main -I/glade/derecho/scratch/yates/NEOM_WRF/wrfv4.6.0/external/io_netcdf -I/glade/derecho/scratch/yates/NEOM_WRF/wrfv4.6.0/external/io_int -I/glade/derecho/scratch/yates/NEOM_WRF/wrfv4.6.0/frame -I/glade/derecho/scratch/yates/NEOM_WRF/wrfv4.6.0/share -I/glade/derecho/scratch/yates/NEOM_WRF/wrfv4.6.0/phys -I/glade/derecho/scratch/yates/NEOM_WRF/wrfv4.6.0/wrftladj -I/glade/derecho/scratch/yates/NEOM_WRF/wrfv4.6.0/chem -I/glade/derecho/scratch/yates/NEOM_WRF/wrfv4.6.0/inc -I/glade/u/apps/derecho/23.09/spack/opt/spack/netcdf/4.9.2/oneapi/2023.2.1/yzvj/include  -real-size `expr 8 \* 4` -i4  module_ra_rrtmg_lwf.f90

real	0m0.396s
user	0m0.092s
sys	0m0.279s
rm -f module_ra_rrtmg_lwk.o
sed -e "s/^\!.*'.*//" -e "s/^ *\!.*'.*//" module_ra_rrtmg_lwk.F > module_ra_rrtmg_lwk.G
/lib/cpp -P -nostdinc -I/glade/derecho/scratch/yates/NEOM_WRF/wrfv4.6.0/inc -DEM_CORE=1 -DNMM_CORE=0 -DNMM_MAX_DIM=2600 -DDA_CORE=0 -DWRFPLUS=0 -DIWORDSIZE=4 -DDWORDSIZE=8 -DRWORDSIZE=4 -DLWORDSIZE=4 -DNONSTANDARD_SYSTEM_FUNC  -DWRF_USE_CLM -DUSE_NETCDF4_FEATURES -DWRFIO_NCD_LARGE_FILE_SUPPORT  -DDM_PARALLEL -DNETCDF -DLANDREAD_STUB=1 -DUSE_ALLOCATABLES -Dwrfmodel -DGRIB1 -DINTIO -DKEEP_INT_AROUND -DLIMIT_ARGS -DBUILD_RRTMG_FAST=0 -DBUILD_RRTMK=0 -DBUILD_SBM_FAST=1 -DSHOW_ALL_VARS_USED=0 -DCONFIG_BUF_LEN=65536 -DMAX_DOMAINS_F=21 -DMAX_HISTORY=25 -DNMM_NEST=0 -DWRF_CHEM -DBUILD_CHEM=1 -I. -traditional-cpp -DUSE_NETCDF4_FEATURES -DWRFIO_NCD_LARGE_FILE_SUPPORT   module_ra_rrtmg_lwk.G  > module_ra_rrtmg_lwk.bb
/glade/derecho/scratch/yates/NEOM_WRF/wrfv4.6.0/tools/standard.exe module_ra_rrtmg_lwk.bb | /lib/cpp -P -nostdinc -traditional-cpp -DUSE_NETCDF4_FEATURES -DWRFIO_NCD_LARGE_FILE_SUPPORT > module_ra_rrtmg_lwk.f90
rm -f module_ra_rrtmg_lwk.G module_ra_rrtmg_lwk.bb
time mpif90 -f90=ifort -o module_ra_rrtmg_lwk.o -c -O3 -ip -fp-model precise -w -ftz -align all -fno-alias -FR -convert big_endian    -I../dyn_em  -I/glade/derecho/scratch/yates/NEOM_WRF/wrfv4.6.0/external/esmf_time_f90  -I/glade/derecho/scratch/yates/NEOM_WRF/wrfv4.6.0/main -I/glade/derecho/scratch/yates/NEOM_WRF/wrfv4.6.0/external/io_netcdf -I/glade/derecho/scratch/yates/NEOM_WRF/wrfv4.6.0/external/io_int -I/glade/derecho/scratch/yates/NEOM_WRF/wrfv4.6.0/frame -I/glade/derecho/scratch/yates/NEOM_WRF/wrfv4.6.0/share -I/glade/derecho/scratch/yates/NEOM_WRF/wrfv4.6.0/phys -I/glade/derecho/scratch/yates/NEOM_WRF/wrfv4.6.0/wrftladj -I/glade/derecho/scratch/yates/NEOM_WRF/wrfv4.6.0/chem -I/glade/derecho/scratch/yates/NEOM_WRF/wrfv4.6.0/inc -I/glade/u/apps/derecho/23.09/spack/opt/spack/netcdf/4.9.2/oneapi/2023.2.1/yzvj/include  -real-size `expr 8 \* 4` -i4  module_ra_rrtmg_lwk.f90

real	0m0.394s
user	0m0.082s
sys	0m0.287s
rm -f module_ra_effective_radius.o
sed -e "s/^\!.*'.*//" -e "s/^ *\!.*'.*//" module_ra_effective_radius.F > module_ra_effective_radius.G
/lib/cpp -P -nostdinc -I/glade/derecho/scratch/yates/NEOM_WRF/wrfv4.6.0/inc -DEM_CORE=1 -DNMM_CORE=0 -DNMM_MAX_DIM=2600 -DDA_CORE=0 -DWRFPLUS=0 -DIWORDSIZE=4 -DDWORDSIZE=8 -DRWORDSIZE=4 -DLWORDSIZE=4 -DNONSTANDARD_SYSTEM_FUNC  -DWRF_USE_CLM -DUSE_NETCDF4_FEATURES -DWRFIO_NCD_LARGE_FILE_SUPPORT  -DDM_PARALLEL -DNETCDF -DLANDREAD_STUB=1 -DUSE_ALLOCATABLES -Dwrfmodel -DGRIB1 -DINTIO -DKEEP_INT_AROUND -DLIMIT_ARGS -DBUILD_RRTMG_FAST=0 -DBUILD_RRTMK=0 -DBUILD_SBM_FAST=1 -DSHOW_ALL_VARS_USED=0 -DCONFIG_BUF_LEN=65536 -DMAX_DOMAINS_F=21 -DMAX_HISTORY=25 -DNMM_NEST=0 -DWRF_CHEM -DBUILD_CHEM=1 -I. -traditional-cpp -DUSE_NETCDF4_FEATURES -DWRFIO_NCD_LARGE_FILE_SUPPORT   module_ra_effective_radius.G  > module_ra_effective_radius.bb
/glade/derecho/scratch/yates/NEOM_WRF/wrfv4.6.0/tools/standard.exe module_ra_effective_radius.bb | /lib/cpp -P -nostdinc -traditional-cpp -DUSE_NETCDF4_FEATURES -DWRFIO_NCD_LARGE_FILE_SUPPORT > module_ra_effective_radius.f90
rm -f module_ra_effective_radius.G module_ra_effective_radius.bb
time mpif90 -f90=ifort -o module_ra_effective_radius.o -c -O3 -ip -fp-model precise -w -ftz -align all -fno-alias -FR -convert big_endian    -I../dyn_em  -I/glade/derecho/scratch/yates/NEOM_WRF/wrfv4.6.0/external/esmf_time_f90  -I/glade/derecho/scratch/yates/NEOM_WRF/wrfv4.6.0/main -I/glade/derecho/scratch/yates/NEOM_WRF/wrfv4.6.0/external/io_netcdf -I/glade/derecho/scratch/yates/NEOM_WRF/wrfv4.6.0/external/io_int -I/glade/derecho/scratch/yates/NEOM_WRF/wrfv4.6.0/frame -I/glade/derecho/scratch/yates/NEOM_WRF/wrfv4.6.0/share -I/glade/derecho/scratch/yates/NEOM_WRF/wrfv4.6.0/phys -I/glade/derecho/scratch/yates/NEOM_WRF/wrfv4.6.0/wrftladj -I/glade/derecho/scratch/yates/NEOM_WRF/wrfv4.6.0/chem -I/glade/derecho/scratch/yates/NEOM_WRF/wrfv4.6.0/inc -I/glade/u/apps/derecho/23.09/spack/opt/spack/netcdf/4.9.2/oneapi/2023.2.1/yzvj/include  -real-size `expr 8 \* 4` -i4  module_ra_effective_radius.f90

real	0m6.173s
user	0m5.736s
sys	0m0.372s
rm -f module_ra_farms.o
sed -e "s/^\!.*'.*//" -e "s/^ *\!.*'.*//" module_ra_farms.F > module_ra_farms.G

real	0m0.560s
user	0m0.234s
sys	0m0.298s
rm -f module_mp_etanew.o
sed -e "s/^\!.*'.*//" -e "s/^ *\!.*'.*//" module_mp_etanew.F > module_mp_etanew.G
/lib/cpp -P -nostdinc -I/glade/derecho/scratch/yates/NEOM_WRF/wrfv4.6.0/inc -DEM_CORE=1 -DNMM_CORE=0 -DNMM_MAX_DIM=2600 -DDA_CORE=0 -DWRFPLUS=0 -DIWORDSIZE=4 -DDWORDSIZE=8 -DRWORDSIZE=4 -DLWORDSIZE=4 -DNONSTANDARD_SYSTEM_FUNC  -DWRF_USE_CLM -DUSE_NETCDF4_FEATURES -DWRFIO_NCD_LARGE_FILE_SUPPORT  -DDM_PARALLEL -DNETCDF -DLANDREAD_STUB=1 -DUSE_ALLOCATABLES -Dwrfmodel -DGRIB1 -DINTIO -DKEEP_INT_AROUND -DLIMIT_ARGS -DBUILD_RRTMG_FAST=0 -DBUILD_RRTMK=0 -DBUILD_SBM_FAST=1 -DSHOW_ALL_VARS_USED=0 -DCONFIG_BUF_LEN=65536 -DMAX_DOMAINS_F=21 -DMAX_HISTORY=25 -DNMM_NEST=0 -DWRF_CHEM -DBUILD_CHEM=1 -I. -traditional-cpp -DUSE_NETCDF4_FEATURES -DWRFIO_NCD_LARGE_FILE_SUPPORT   module_ra_farms.G  > module_ra_farms.bb
/glade/derecho/scratch/yates/NEOM_WRF/wrfv4.6.0/tools/standard.exe module_ra_farms.bb | /lib/cpp -P -nostdinc -traditional-cpp -DUSE_NETCDF4_FEATURES -DWRFIO_NCD_LARGE_FILE_SUPPORT > module_ra_farms.f90
/lib/cpp -P -nostdinc -I/glade/derecho/scratch/yates/NEOM_WRF/wrfv4.6.0/inc -DEM_CORE=1 -DNMM_CORE=0 -DNMM_MAX_DIM=2600 -DDA_CORE=0 -DWRFPLUS=0 -DIWORDSIZE=4 -DDWORDSIZE=8 -DRWORDSIZE=4 -DLWORDSIZE=4 -DNONSTANDARD_SYSTEM_FUNC  -DWRF_USE_CLM -DUSE_NETCDF4_FEATURES -DWRFIO_NCD_LARGE_FILE_SUPPORT  -DDM_PARALLEL -DNETCDF -DLANDREAD_STUB=1 -DUSE_ALLOCATABLES -Dwrfmodel -DGRIB1 -DINTIO -DKEEP_INT_AROUND -DLIMIT_ARGS -DBUILD_RRTMG_FAST=0 -DBUILD_RRTMK=0 -DBUILD_SBM_FAST=1 -DSHOW_ALL_VARS_USED=0 -DCONFIG_BUF_LEN=65536 -DMAX_DOMAINS_F=21 -DMAX_HISTORY=25 -DNMM_NEST=0 -DWRF_CHEM -DBUILD_CHEM=1 -I. -traditional-cpp -DUSE_NETCDF4_FEATURES -DWRFIO_NCD_LARGE_FILE_SUPPORT   module_mp_etanew.G  > module_mp_etanew.bb
rm -f module_ra_farms.G module_ra_farms.bb
/glade/derecho/scratch/yates/NEOM_WRF/wrfv4.6.0/tools/standard.exe module_mp_etanew.bb | /lib/cpp -P -nostdinc -traditional-cpp -DUSE_NETCDF4_FEATURES -DWRFIO_NCD_LARGE_FILE_SUPPORT > module_mp_etanew.f90
time mpif90 -f90=ifort -o module_ra_farms.o -c -O3 -ip -fp-model precise -w -ftz -align all -fno-alias -FR -convert big_endian    -I../dyn_em  -I/glade/derecho/scratch/yates/NEOM_WRF/wrfv4.6.0/external/esmf_time_f90  -I/glade/derecho/scratch/yates/NEOM_WRF/wrfv4.6.0/main -I/glade/derecho/scratch/yates/NEOM_WRF/wrfv4.6.0/external/io_netcdf -I/glade/derecho/scratch/yates/NEOM_WRF/wrfv4.6.0/external/io_int -I/glade/derecho/scratch/yates/NEOM_WRF/wrfv4.6.0/frame -I/glade/derecho/scratch/yates/NEOM_WRF/wrfv4.6.0/share -I/glade/derecho/scratch/yates/NEOM_WRF/wrfv4.6.0/phys -I/glade/derecho/scratch/yates/NEOM_WRF/wrfv4.6.0/wrftladj -I/glade/derecho/scratch/yates/NEOM_WRF/wrfv4.6.0/chem -I/glade/derecho/scratch/yates/NEOM_WRF/wrfv4.6.0/inc -I/glade/u/apps/derecho/23.09/spack/opt/spack/netcdf/4.9.2/oneapi/2023.2.1/yzvj/include  -real-size `expr 8 \* 4` -i4  module_ra_farms.f90
rm -f module_mp_etanew.G module_mp_etanew.bb
time mpif90 -f90=ifort -o module_mp_etanew.o -c -O3 -ip -fp-model precise -w -ftz -align all -fno-alias -FR -convert big_endian    -I../dyn_em  -I/glade/derecho/scratch/yates/NEOM_WRF/wrfv4.6.0/external/esmf_time_f90  -I/glade/derecho/scratch/yates/NEOM_WRF/wrfv4.6.0/main -I/glade/derecho/scratch/yates/NEOM_WRF/wrfv4.6.0/external/io_netcdf -I/glade/derecho/scratch/yates/NEOM_WRF/wrfv4.6.0/external/io_int -I/glade/derecho/scratch/yates/NEOM_WRF/wrfv4.6.0/frame -I/glade/derecho/scratch/yates/NEOM_WRF/wrfv4.6.0/share -I/glade/derecho/scratch/yates/NEOM_WRF/wrfv4.6.0/phys -I/glade/derecho/scratch/yates/NEOM_WRF/wrfv4.6.0/wrftladj -I/glade/derecho/scratch/yates/NEOM_WRF/wrfv4.6.0/chem -I/glade/derecho/scratch/yates/NEOM_WRF/wrfv4.6.0/inc -I/glade/u/apps/derecho/23.09/spack/opt/spack/netcdf/4.9.2/oneapi/2023.2.1/yzvj/include  -real-size `expr 8 \* 4` -i4  module_mp_etanew.f90

real	0m1.422s
user	0m1.100s
sys	0m0.296s
rm -f module_ra_hs.o
sed -e "s/^\!.*'.*//" -e "s/^ *\!.*'.*//" module_ra_hs.F > module_ra_hs.G
/lib/cpp -P -nostdinc -I/glade/derecho/scratch/yates/NEOM_WRF/wrfv4.6.0/inc -DEM_CORE=1 -DNMM_CORE=0 -DNMM_MAX_DIM=2600 -DDA_CORE=0 -DWRFPLUS=0 -DIWORDSIZE=4 -DDWORDSIZE=8 -DRWORDSIZE=4 -DLWORDSIZE=4 -DNONSTANDARD_SYSTEM_FUNC  -DWRF_USE_CLM -DUSE_NETCDF4_FEATURES -DWRFIO_NCD_LARGE_FILE_SUPPORT  -DDM_PARALLEL -DNETCDF -DLANDREAD_STUB=1 -DUSE_ALLOCATABLES -Dwrfmodel -DGRIB1 -DINTIO -DKEEP_INT_AROUND -DLIMIT_ARGS -DBUILD_RRTMG_FAST=0 -DBUILD_RRTMK=0 -DBUILD_SBM_FAST=1 -DSHOW_ALL_VARS_USED=0 -DCONFIG_BUF_LEN=65536 -DMAX_DOMAINS_F=21 -DMAX_HISTORY=25 -DNMM_NEST=0 -DWRF_CHEM -DBUILD_CHEM=1 -I. -traditional-cpp -DUSE_NETCDF4_FEATURES -DWRFIO_NCD_LARGE_FILE_SUPPORT   module_ra_hs.G  > module_ra_hs.bb
/glade/derecho/scratch/yates/NEOM_WRF/wrfv4.6.0/tools/standard.exe module_ra_hs.bb | /lib/cpp -P -nostdinc -traditional-cpp -DUSE_NETCDF4_FEATURES -DWRFIO_NCD_LARGE_FILE_SUPPORT > module_ra_hs.f90
rm -f module_ra_hs.G module_ra_hs.bb
time mpif90 -f90=ifort -o module_ra_hs.o -c -O3 -ip -fp-model precise -w -ftz -align all -fno-alias -FR -convert big_endian    -I../dyn_em  -I/glade/derecho/scratch/yates/NEOM_WRF/wrfv4.6.0/external/esmf_time_f90  -I/glade/derecho/scratch/yates/NEOM_WRF/wrfv4.6.0/main -I/glade/derecho/scratch/yates/NEOM_WRF/wrfv4.6.0/external/io_netcdf -I/glade/derecho/scratch/yates/NEOM_WRF/wrfv4.6.0/external/io_int -I/glade/derecho/scratch/yates/NEOM_WRF/wrfv4.6.0/frame -I/glade/derecho/scratch/yates/NEOM_WRF/wrfv4.6.0/share -I/glade/derecho/scratch/yates/NEOM_WRF/wrfv4.6.0/phys -I/glade/derecho/scratch/yates/NEOM_WRF/wrfv4.6.0/wrftladj -I/glade/derecho/scratch/yates/NEOM_WRF/wrfv4.6.0/chem -I/glade/derecho/scratch/yates/NEOM_WRF/wrfv4.6.0/inc -I/glade/u/apps/derecho/23.09/spack/opt/spack/netcdf/4.9.2/oneapi/2023.2.1/yzvj/include  -real-size `expr 8 \* 4` -i4  module_ra_hs.f90

real	0m0.445s
user	0m0.109s
sys	0m0.309s
rm -f module_ra_goddard.o
sed -e "s/^\!.*'.*//" -e "s/^ *\!.*'.*//" module_ra_goddard.F > module_ra_goddard.G
/lib/cpp -P -nostdinc -I/glade/derecho/scratch/yates/NEOM_WRF/wrfv4.6.0/inc -DEM_CORE=1 -DNMM_CORE=0 -DNMM_MAX_DIM=2600 -DDA_CORE=0 -DWRFPLUS=0 -DIWORDSIZE=4 -DDWORDSIZE=8 -DRWORDSIZE=4 -DLWORDSIZE=4 -DNONSTANDARD_SYSTEM_FUNC  -DWRF_USE_CLM -DUSE_NETCDF4_FEATURES -DWRFIO_NCD_LARGE_FILE_SUPPORT  -DDM_PARALLEL -DNETCDF -DLANDREAD_STUB=1 -DUSE_ALLOCATABLES -Dwrfmodel -DGRIB1 -DINTIO -DKEEP_INT_AROUND -DLIMIT_ARGS -DBUILD_RRTMG_FAST=0 -DBUILD_RRTMK=0 -DBUILD_SBM_FAST=1 -DSHOW_ALL_VARS_USED=0 -DCONFIG_BUF_LEN=65536 -DMAX_DOMAINS_F=21 -DMAX_HISTORY=25 -DNMM_NEST=0 -DWRF_CHEM -DBUILD_CHEM=1 -I. -traditional-cpp -DUSE_NETCDF4_FEATURES -DWRFIO_NCD_LARGE_FILE_SUPPORT   module_ra_goddard.G  > module_ra_goddard.bb
/glade/derecho/scratch/yates/NEOM_WRF/wrfv4.6.0/tools/standard.exe module_ra_goddard.bb | /lib/cpp -P -nostdinc -traditional-cpp -DUSE_NETCDF4_FEATURES -DWRFIO_NCD_LARGE_FILE_SUPPORT > module_ra_goddard.f90
rm -f module_ra_goddard.G module_ra_goddard.bb
time mpif90 -f90=ifort -o module_ra_goddard.o -c -O3 -ip -fp-model precise -w -ftz -align all -fno-alias -FR -convert big_endian    -I../dyn_em  -I/glade/derecho/scratch/yates/NEOM_WRF/wrfv4.6.0/external/esmf_time_f90  -I/glade/derecho/scratch/yates/NEOM_WRF/wrfv4.6.0/main -I/glade/derecho/scratch/yates/NEOM_WRF/wrfv4.6.0/external/io_netcdf -I/glade/derecho/scratch/yates/NEOM_WRF/wrfv4.6.0/external/io_int -I/glade/derecho/scratch/yates/NEOM_WRF/wrfv4.6.0/frame -I/glade/derecho/scratch/yates/NEOM_WRF/wrfv4.6.0/share -I/glade/derecho/scratch/yates/NEOM_WRF/wrfv4.6.0/phys -I/glade/derecho/scratch/yates/NEOM_WRF/wrfv4.6.0/wrftladj -I/glade/derecho/scratch/yates/NEOM_WRF/wrfv4.6.0/chem -I/glade/derecho/scratch/yates/NEOM_WRF/wrfv4.6.0/inc -I/glade/u/apps/derecho/23.09/spack/opt/spack/netcdf/4.9.2/oneapi/2023.2.1/yzvj/include  -real-size `expr 8 \* 4` -i4  module_ra_goddard.f90

real	0m2.346s
user	0m1.982s
sys	0m0.329s
rm -f module_ra_flg.o
sed -e "s/^\!.*'.*//" -e "s/^ *\!.*'.*//" module_ra_flg.F > module_ra_flg.G
/lib/cpp -P -nostdinc -I/glade/derecho/scratch/yates/NEOM_WRF/wrfv4.6.0/inc -DEM_CORE=1 -DNMM_CORE=0 -DNMM_MAX_DIM=2600 -DDA_CORE=0 -DWRFPLUS=0 -DIWORDSIZE=4 -DDWORDSIZE=8 -DRWORDSIZE=4 -DLWORDSIZE=4 -DNONSTANDARD_SYSTEM_FUNC  -DWRF_USE_CLM -DUSE_NETCDF4_FEATURES -DWRFIO_NCD_LARGE_FILE_SUPPORT  -DDM_PARALLEL -DNETCDF -DLANDREAD_STUB=1 -DUSE_ALLOCATABLES -Dwrfmodel -DGRIB1 -DINTIO -DKEEP_INT_AROUND -DLIMIT_ARGS -DBUILD_RRTMG_FAST=0 -DBUILD_RRTMK=0 -DBUILD_SBM_FAST=1 -DSHOW_ALL_VARS_USED=0 -DCONFIG_BUF_LEN=65536 -DMAX_DOMAINS_F=21 -DMAX_HISTORY=25 -DNMM_NEST=0 -DWRF_CHEM -DBUILD_CHEM=1 -I. -traditional-cpp -DUSE_NETCDF4_FEATURES -DWRFIO_NCD_LARGE_FILE_SUPPORT   module_ra_flg.G  > module_ra_flg.bb
/glade/derecho/scratch/yates/NEOM_WRF/wrfv4.6.0/tools/standard.exe module_ra_flg.bb | /lib/cpp -P -nostdinc -traditional-cpp -DUSE_NETCDF4_FEATURES -DWRFIO_NCD_LARGE_FILE_SUPPORT > module_ra_flg.f90
rm -f module_ra_flg.G module_ra_flg.bb
time mpif90 -f90=ifort -o module_ra_flg.o -c -O3 -ip -fp-model precise -w -ftz -align all -fno-alias -FR -convert big_endian    -I../dyn_em  -I/glade/derecho/scratch/yates/NEOM_WRF/wrfv4.6.0/external/esmf_time_f90  -I/glade/derecho/scratch/yates/NEOM_WRF/wrfv4.6.0/main -I/glade/derecho/scratch/yates/NEOM_WRF/wrfv4.6.0/external/io_netcdf -I/glade/derecho/scratch/yates/NEOM_WRF/wrfv4.6.0/external/io_int -I/glade/derecho/scratch/yates/NEOM_WRF/wrfv4.6.0/frame -I/glade/derecho/scratch/yates/NEOM_WRF/wrfv4.6.0/share -I/glade/derecho/scratch/yates/NEOM_WRF/wrfv4.6.0/phys -I/glade/derecho/scratch/yates/NEOM_WRF/wrfv4.6.0/wrftladj -I/glade/derecho/scratch/yates/NEOM_WRF/wrfv4.6.0/chem -I/glade/derecho/scratch/yates/NEOM_WRF/wrfv4.6.0/inc -I/glade/u/apps/derecho/23.09/spack/opt/spack/netcdf/4.9.2/oneapi/2023.2.1/yzvj/include  -real-size `expr 8 \* 4` -i4  module_ra_flg.f90

real	0m9.489s
user	0m9.008s
sys	0m0.426s
rm -f module_ra_eclipse.o
sed -e "s/^\!.*'.*//" -e "s/^ *\!.*'.*//" module_ra_eclipse.F > module_ra_eclipse.G
/lib/cpp -P -nostdinc -I/glade/derecho/scratch/yates/NEOM_WRF/wrfv4.6.0/inc -DEM_CORE=1 -DNMM_CORE=0 -DNMM_MAX_DIM=2600 -DDA_CORE=0 -DWRFPLUS=0 -DIWORDSIZE=4 -DDWORDSIZE=8 -DRWORDSIZE=4 -DLWORDSIZE=4 -DNONSTANDARD_SYSTEM_FUNC  -DWRF_USE_CLM -DUSE_NETCDF4_FEATURES -DWRFIO_NCD_LARGE_FILE_SUPPORT  -DDM_PARALLEL -DNETCDF -DLANDREAD_STUB=1 -DUSE_ALLOCATABLES -Dwrfmodel -DGRIB1 -DINTIO -DKEEP_INT_AROUND -DLIMIT_ARGS -DBUILD_RRTMG_FAST=0 -DBUILD_RRTMK=0 -DBUILD_SBM_FAST=1 -DSHOW_ALL_VARS_USED=0 -DCONFIG_BUF_LEN=65536 -DMAX_DOMAINS_F=21 -DMAX_HISTORY=25 -DNMM_NEST=0 -DWRF_CHEM -DBUILD_CHEM=1 -I. -traditional-cpp -DUSE_NETCDF4_FEATURES -DWRFIO_NCD_LARGE_FILE_SUPPORT   module_ra_eclipse.G  > module_ra_eclipse.bb
/glade/derecho/scratch/yates/NEOM_WRF/wrfv4.6.0/tools/standard.exe module_ra_eclipse.bb | /lib/cpp -P -nostdinc -traditional-cpp -DUSE_NETCDF4_FEATURES -DWRFIO_NCD_LARGE_FILE_SUPPORT > module_ra_eclipse.f90
rm -f module_ra_eclipse.G module_ra_eclipse.bb
time mpif90 -f90=ifort -o module_ra_eclipse.o -c -O3 -ip -fp-model precise -w -ftz -align all -fno-alias -FR -convert big_endian    -I../dyn_em  -I/glade/derecho/scratch/yates/NEOM_WRF/wrfv4.6.0/external/esmf_time_f90  -I/glade/derecho/scratch/yates/NEOM_WRF/wrfv4.6.0/main -I/glade/derecho/scratch/yates/NEOM_WRF/wrfv4.6.0/external/io_netcdf -I/glade/derecho/scratch/yates/NEOM_WRF/wrfv4.6.0/external/io_int -I/glade/derecho/scratch/yates/NEOM_WRF/wrfv4.6.0/frame -I/glade/derecho/scratch/yates/NEOM_WRF/wrfv4.6.0/share -I/glade/derecho/scratch/yates/NEOM_WRF/wrfv4.6.0/phys -I/glade/derecho/scratch/yates/NEOM_WRF/wrfv4.6.0/wrftladj -I/glade/derecho/scratch/yates/NEOM_WRF/wrfv4.6.0/chem -I/glade/derecho/scratch/yates/NEOM_WRF/wrfv4.6.0/inc -I/glade/u/apps/derecho/23.09/spack/opt/spack/netcdf/4.9.2/oneapi/2023.2.1/yzvj/include  -real-size `expr 8 \* 4` -i4  module_ra_eclipse.f90

real	0m0.618s
user	0m0.306s
sys	0m0.287s
rm -f module_ra_aerosol.o
sed -e "s/^\!.*'.*//" -e "s/^ *\!.*'.*//" module_ra_aerosol.F > module_ra_aerosol.G
/lib/cpp -P -nostdinc -I/glade/derecho/scratch/yates/NEOM_WRF/wrfv4.6.0/inc -DEM_CORE=1 -DNMM_CORE=0 -DNMM_MAX_DIM=2600 -DDA_CORE=0 -DWRFPLUS=0 -DIWORDSIZE=4 -DDWORDSIZE=8 -DRWORDSIZE=4 -DLWORDSIZE=4 -DNONSTANDARD_SYSTEM_FUNC  -DWRF_USE_CLM -DUSE_NETCDF4_FEATURES -DWRFIO_NCD_LARGE_FILE_SUPPORT  -DDM_PARALLEL -DNETCDF -DLANDREAD_STUB=1 -DUSE_ALLOCATABLES -Dwrfmodel -DGRIB1 -DINTIO -DKEEP_INT_AROUND -DLIMIT_ARGS -DBUILD_RRTMG_FAST=0 -DBUILD_RRTMK=0 -DBUILD_SBM_FAST=1 -DSHOW_ALL_VARS_USED=0 -DCONFIG_BUF_LEN=65536 -DMAX_DOMAINS_F=21 -DMAX_HISTORY=25 -DNMM_NEST=0 -DWRF_CHEM -DBUILD_CHEM=1 -I. -traditional-cpp -DUSE_NETCDF4_FEATURES -DWRFIO_NCD_LARGE_FILE_SUPPORT   module_ra_aerosol.G  > module_ra_aerosol.bb
/glade/derecho/scratch/yates/NEOM_WRF/wrfv4.6.0/tools/standard.exe module_ra_aerosol.bb | /lib/cpp -P -nostdinc -traditional-cpp -DUSE_NETCDF4_FEATURES -DWRFIO_NCD_LARGE_FILE_SUPPORT > module_ra_aerosol.f90
rm -f module_ra_aerosol.G module_ra_aerosol.bb
time mpif90 -f90=ifort -o module_ra_aerosol.o -c -O3 -ip -fp-model precise -w -ftz -align all -fno-alias -FR -convert big_endian    -I../dyn_em  -I/glade/derecho/scratch/yates/NEOM_WRF/wrfv4.6.0/external/esmf_time_f90  -I/glade/derecho/scratch/yates/NEOM_WRF/wrfv4.6.0/main -I/glade/derecho/scratch/yates/NEOM_WRF/wrfv4.6.0/external/io_netcdf -I/glade/derecho/scratch/yates/NEOM_WRF/wrfv4.6.0/external/io_int -I/glade/derecho/scratch/yates/NEOM_WRF/wrfv4.6.0/frame -I/glade/derecho/scratch/yates/NEOM_WRF/wrfv4.6.0/share -I/glade/derecho/scratch/yates/NEOM_WRF/wrfv4.6.0/phys -I/glade/derecho/scratch/yates/NEOM_WRF/wrfv4.6.0/wrftladj -I/glade/derecho/scratch/yates/NEOM_WRF/wrfv4.6.0/chem -I/glade/derecho/scratch/yates/NEOM_WRF/wrfv4.6.0/inc -I/glade/u/apps/derecho/23.09/spack/opt/spack/netcdf/4.9.2/oneapi/2023.2.1/yzvj/include  -real-size `expr 8 \* 4` -i4  module_ra_aerosol.f90

real	0m3.804s
user	0m3.389s
sys	0m0.385s
rm -f module_mp_radar.o
sed -e "s/^\!.*'.*//" -e "s/^ *\!.*'.*//" module_mp_radar.F > module_mp_radar.G
/lib/cpp -P -nostdinc -I/glade/derecho/scratch/yates/NEOM_WRF/wrfv4.6.0/inc -DEM_CORE=1 -DNMM_CORE=0 -DNMM_MAX_DIM=2600 -DDA_CORE=0 -DWRFPLUS=0 -DIWORDSIZE=4 -DDWORDSIZE=8 -DRWORDSIZE=4 -DLWORDSIZE=4 -DNONSTANDARD_SYSTEM_FUNC  -DWRF_USE_CLM -DUSE_NETCDF4_FEATURES -DWRFIO_NCD_LARGE_FILE_SUPPORT  -DDM_PARALLEL -DNETCDF -DLANDREAD_STUB=1 -DUSE_ALLOCATABLES -Dwrfmodel -DGRIB1 -DINTIO -DKEEP_INT_AROUND -DLIMIT_ARGS -DBUILD_RRTMG_FAST=0 -DBUILD_RRTMK=0 -DBUILD_SBM_FAST=1 -DSHOW_ALL_VARS_USED=0 -DCONFIG_BUF_LEN=65536 -DMAX_DOMAINS_F=21 -DMAX_HISTORY=25 -DNMM_NEST=0 -DWRF_CHEM -DBUILD_CHEM=1 -I. -traditional-cpp -DUSE_NETCDF4_FEATURES -DWRFIO_NCD_LARGE_FILE_SUPPORT   module_mp_radar.G  > module_mp_radar.bb
/glade/derecho/scratch/yates/NEOM_WRF/wrfv4.6.0/tools/standard.exe module_mp_radar.bb | /lib/cpp -P -nostdinc -traditional-cpp -DUSE_NETCDF4_FEATURES -DWRFIO_NCD_LARGE_FILE_SUPPORT > module_mp_radar.f90
rm -f module_mp_radar.G module_mp_radar.bb
time mpif90 -f90=ifort -o module_mp_radar.o -c -O3 -ip -fp-model precise -w -ftz -align all -fno-alias -FR -convert big_endian    -I../dyn_em  -I/glade/derecho/scratch/yates/NEOM_WRF/wrfv4.6.0/external/esmf_time_f90  -I/glade/derecho/scratch/yates/NEOM_WRF/wrfv4.6.0/main -I/glade/derecho/scratch/yates/NEOM_WRF/wrfv4.6.0/external/io_netcdf -I/glade/derecho/scratch/yates/NEOM_WRF/wrfv4.6.0/external/io_int -I/glade/derecho/scratch/yates/NEOM_WRF/wrfv4.6.0/frame -I/glade/derecho/scratch/yates/NEOM_WRF/wrfv4.6.0/share -I/glade/derecho/scratch/yates/NEOM_WRF/wrfv4.6.0/phys -I/glade/derecho/scratch/yates/NEOM_WRF/wrfv4.6.0/wrftladj -I/glade/derecho/scratch/yates/NEOM_WRF/wrfv4.6.0/chem -I/glade/derecho/scratch/yates/NEOM_WRF/wrfv4.6.0/inc -I/glade/u/apps/derecho/23.09/spack/opt/spack/netcdf/4.9.2/oneapi/2023.2.1/yzvj/include  -real-size `expr 8 \* 4` -i4  module_mp_radar.f90

real	0m0.793s
user	0m0.448s
sys	0m0.318s
rm -f module_mp_kessler.o
sed -e "s/^\!.*'.*//" -e "s/^ *\!.*'.*//" module_mp_kessler.F > module_mp_kessler.G
/lib/cpp -P -nostdinc -I/glade/derecho/scratch/yates/NEOM_WRF/wrfv4.6.0/inc -DEM_CORE=1 -DNMM_CORE=0 -DNMM_MAX_DIM=2600 -DDA_CORE=0 -DWRFPLUS=0 -DIWORDSIZE=4 -DDWORDSIZE=8 -DRWORDSIZE=4 -DLWORDSIZE=4 -DNONSTANDARD_SYSTEM_FUNC  -DWRF_USE_CLM -DUSE_NETCDF4_FEATURES -DWRFIO_NCD_LARGE_FILE_SUPPORT  -DDM_PARALLEL -DNETCDF -DLANDREAD_STUB=1 -DUSE_ALLOCATABLES -Dwrfmodel -DGRIB1 -DINTIO -DKEEP_INT_AROUND -DLIMIT_ARGS -DBUILD_RRTMG_FAST=0 -DBUILD_RRTMK=0 -DBUILD_SBM_FAST=1 -DSHOW_ALL_VARS_USED=0 -DCONFIG_BUF_LEN=65536 -DMAX_DOMAINS_F=21 -DMAX_HISTORY=25 -DNMM_NEST=0 -DWRF_CHEM -DBUILD_CHEM=1 -I. -traditional-cpp -DUSE_NETCDF4_FEATURES -DWRFIO_NCD_LARGE_FILE_SUPPORT   module_mp_kessler.G  > module_mp_kessler.bb
/glade/derecho/scratch/yates/NEOM_WRF/wrfv4.6.0/tools/standard.exe module_mp_kessler.bb | /lib/cpp -P -nostdinc -traditional-cpp -DUSE_NETCDF4_FEATURES -DWRFIO_NCD_LARGE_FILE_SUPPORT > module_mp_kessler.f90
rm -f module_mp_kessler.G module_mp_kessler.bb
time mpif90 -f90=ifort -o module_mp_kessler.o -c -O3 -ip -fp-model precise -w -ftz -align all -fno-alias -FR -convert big_endian    -I../dyn_em  -I/glade/derecho/scratch/yates/NEOM_WRF/wrfv4.6.0/external/esmf_time_f90  -I/glade/derecho/scratch/yates/NEOM_WRF/wrfv4.6.0/main -I/glade/derecho/scratch/yates/NEOM_WRF/wrfv4.6.0/external/io_netcdf -I/glade/derecho/scratch/yates/NEOM_WRF/wrfv4.6.0/external/io_int -I/glade/derecho/scratch/yates/NEOM_WRF/wrfv4.6.0/frame -I/glade/derecho/scratch/yates/NEOM_WRF/wrfv4.6.0/share -I/glade/derecho/scratch/yates/NEOM_WRF/wrfv4.6.0/phys -I/glade/derecho/scratch/yates/NEOM_WRF/wrfv4.6.0/wrftladj -I/glade/derecho/scratch/yates/NEOM_WRF/wrfv4.6.0/chem -I/glade/derecho/scratch/yates/NEOM_WRF/wrfv4.6.0/inc -I/glade/u/apps/derecho/23.09/spack/opt/spack/netcdf/4.9.2/oneapi/2023.2.1/yzvj/include  -real-size `expr 8 \* 4` -i4  module_mp_kessler.f90

real	0m0.628s
user	0m0.284s
sys	0m0.316s
rm -f module_mp_lin.o
sed -e "s/^\!.*'.*//" -e "s/^ *\!.*'.*//" module_mp_lin.F > module_mp_lin.G
/lib/cpp -P -nostdinc -I/glade/derecho/scratch/yates/NEOM_WRF/wrfv4.6.0/inc -DEM_CORE=1 -DNMM_CORE=0 -DNMM_MAX_DIM=2600 -DDA_CORE=0 -DWRFPLUS=0 -DIWORDSIZE=4 -DDWORDSIZE=8 -DRWORDSIZE=4 -DLWORDSIZE=4 -DNONSTANDARD_SYSTEM_FUNC  -DWRF_USE_CLM -DUSE_NETCDF4_FEATURES -DWRFIO_NCD_LARGE_FILE_SUPPORT  -DDM_PARALLEL -DNETCDF -DLANDREAD_STUB=1 -DUSE_ALLOCATABLES -Dwrfmodel -DGRIB1 -DINTIO -DKEEP_INT_AROUND -DLIMIT_ARGS -DBUILD_RRTMG_FAST=0 -DBUILD_RRTMK=0 -DBUILD_SBM_FAST=1 -DSHOW_ALL_VARS_USED=0 -DCONFIG_BUF_LEN=65536 -DMAX_DOMAINS_F=21 -DMAX_HISTORY=25 -DNMM_NEST=0 -DWRF_CHEM -DBUILD_CHEM=1 -I. -traditional-cpp -DUSE_NETCDF4_FEATURES -DWRFIO_NCD_LARGE_FILE_SUPPORT   module_mp_lin.G  > module_mp_lin.bb
/glade/derecho/scratch/yates/NEOM_WRF/wrfv4.6.0/tools/standard.exe module_mp_lin.bb | /lib/cpp -P -nostdinc -traditional-cpp -DUSE_NETCDF4_FEATURES -DWRFIO_NCD_LARGE_FILE_SUPPORT > module_mp_lin.f90
rm -f module_mp_lin.G module_mp_lin.bb
time mpif90 -f90=ifort -o module_mp_lin.o -c -O3 -ip -fp-model precise -w -ftz -align all -fno-alias -FR -convert big_endian    -I../dyn_em  -I/glade/derecho/scratch/yates/NEOM_WRF/wrfv4.6.0/external/esmf_time_f90  -I/glade/derecho/scratch/yates/NEOM_WRF/wrfv4.6.0/main -I/glade/derecho/scratch/yates/NEOM_WRF/wrfv4.6.0/external/io_netcdf -I/glade/derecho/scratch/yates/NEOM_WRF/wrfv4.6.0/external/io_int -I/glade/derecho/scratch/yates/NEOM_WRF/wrfv4.6.0/frame -I/glade/derecho/scratch/yates/NEOM_WRF/wrfv4.6.0/share -I/glade/derecho/scratch/yates/NEOM_WRF/wrfv4.6.0/phys -I/glade/derecho/scratch/yates/NEOM_WRF/wrfv4.6.0/wrftladj -I/glade/derecho/scratch/yates/NEOM_WRF/wrfv4.6.0/chem -I/glade/derecho/scratch/yates/NEOM_WRF/wrfv4.6.0/inc -I/glade/u/apps/derecho/23.09/spack/opt/spack/netcdf/4.9.2/oneapi/2023.2.1/yzvj/include  -real-size `expr 8 \* 4` -i4  module_mp_lin.f90

real	0m3.466s
user	0m3.046s
sys	0m0.389s
rm -f module_mp_sbu_ylin.o
sed -e "s/^\!.*'.*//" -e "s/^ *\!.*'.*//" module_mp_sbu_ylin.F > module_mp_sbu_ylin.G
/lib/cpp -P -nostdinc -I/glade/derecho/scratch/yates/NEOM_WRF/wrfv4.6.0/inc -DEM_CORE=1 -DNMM_CORE=0 -DNMM_MAX_DIM=2600 -DDA_CORE=0 -DWRFPLUS=0 -DIWORDSIZE=4 -DDWORDSIZE=8 -DRWORDSIZE=4 -DLWORDSIZE=4 -DNONSTANDARD_SYSTEM_FUNC  -DWRF_USE_CLM -DUSE_NETCDF4_FEATURES -DWRFIO_NCD_LARGE_FILE_SUPPORT  -DDM_PARALLEL -DNETCDF -DLANDREAD_STUB=1 -DUSE_ALLOCATABLES -Dwrfmodel -DGRIB1 -DINTIO -DKEEP_INT_AROUND -DLIMIT_ARGS -DBUILD_RRTMG_FAST=0 -DBUILD_RRTMK=0 -DBUILD_SBM_FAST=1 -DSHOW_ALL_VARS_USED=0 -DCONFIG_BUF_LEN=65536 -DMAX_DOMAINS_F=21 -DMAX_HISTORY=25 -DNMM_NEST=0 -DWRF_CHEM -DBUILD_CHEM=1 -I. -traditional-cpp -DUSE_NETCDF4_FEATURES -DWRFIO_NCD_LARGE_FILE_SUPPORT   module_mp_sbu_ylin.G  > module_mp_sbu_ylin.bb
/glade/derecho/scratch/yates/NEOM_WRF/wrfv4.6.0/tools/standard.exe module_mp_sbu_ylin.bb | /lib/cpp -P -nostdinc -traditional-cpp -DUSE_NETCDF4_FEATURES -DWRFIO_NCD_LARGE_FILE_SUPPORT > module_mp_sbu_ylin.f90
rm -f module_mp_sbu_ylin.G module_mp_sbu_ylin.bb
time mpif90 -f90=ifort -o module_mp_sbu_ylin.o -c -O3 -ip -fp-model precise -w -ftz -align all -fno-alias -FR -convert big_endian    -I../dyn_em  -I/glade/derecho/scratch/yates/NEOM_WRF/wrfv4.6.0/external/esmf_time_f90  -I/glade/derecho/scratch/yates/NEOM_WRF/wrfv4.6.0/main -I/glade/derecho/scratch/yates/NEOM_WRF/wrfv4.6.0/external/io_netcdf -I/glade/derecho/scratch/yates/NEOM_WRF/wrfv4.6.0/external/io_int -I/glade/derecho/scratch/yates/NEOM_WRF/wrfv4.6.0/frame -I/glade/derecho/scratch/yates/NEOM_WRF/wrfv4.6.0/share -I/glade/derecho/scratch/yates/NEOM_WRF/wrfv4.6.0/phys -I/glade/derecho/scratch/yates/NEOM_WRF/wrfv4.6.0/wrftladj -I/glade/derecho/scratch/yates/NEOM_WRF/wrfv4.6.0/chem -I/glade/derecho/scratch/yates/NEOM_WRF/wrfv4.6.0/inc -I/glade/u/apps/derecho/23.09/spack/opt/spack/netcdf/4.9.2/oneapi/2023.2.1/yzvj/include  -real-size `expr 8 \* 4` -i4  module_mp_sbu_ylin.f90

real	0m2.074s
user	0m1.672s
sys	0m0.373s
rm -f module_mp_wsm3.o
sed -e "s/^\!.*'.*//" -e "s/^ *\!.*'.*//" module_mp_wsm3.F > module_mp_wsm3.G
/lib/cpp -P -nostdinc -I/glade/derecho/scratch/yates/NEOM_WRF/wrfv4.6.0/inc -DEM_CORE=1 -DNMM_CORE=0 -DNMM_MAX_DIM=2600 -DDA_CORE=0 -DWRFPLUS=0 -DIWORDSIZE=4 -DDWORDSIZE=8 -DRWORDSIZE=4 -DLWORDSIZE=4 -DNONSTANDARD_SYSTEM_FUNC  -DWRF_USE_CLM -DUSE_NETCDF4_FEATURES -DWRFIO_NCD_LARGE_FILE_SUPPORT  -DDM_PARALLEL -DNETCDF -DLANDREAD_STUB=1 -DUSE_ALLOCATABLES -Dwrfmodel -DGRIB1 -DINTIO -DKEEP_INT_AROUND -DLIMIT_ARGS -DBUILD_RRTMG_FAST=0 -DBUILD_RRTMK=0 -DBUILD_SBM_FAST=1 -DSHOW_ALL_VARS_USED=0 -DCONFIG_BUF_LEN=65536 -DMAX_DOMAINS_F=21 -DMAX_HISTORY=25 -DNMM_NEST=0 -DWRF_CHEM -DBUILD_CHEM=1 -I. -traditional-cpp -DUSE_NETCDF4_FEATURES -DWRFIO_NCD_LARGE_FILE_SUPPORT   module_mp_wsm3.G  > module_mp_wsm3.bb
/glade/derecho/scratch/yates/NEOM_WRF/wrfv4.6.0/tools/standard.exe module_mp_wsm3.bb | /lib/cpp -P -nostdinc -traditional-cpp -DUSE_NETCDF4_FEATURES -DWRFIO_NCD_LARGE_FILE_SUPPORT > module_mp_wsm3.f90
rm -f module_mp_wsm3.G module_mp_wsm3.bb
time mpif90 -f90=ifort -o module_mp_wsm3.o -c -O3 -ip -fp-model precise -w -ftz -align all -fno-alias -FR -convert big_endian    -I../dyn_em  -I/glade/derecho/scratch/yates/NEOM_WRF/wrfv4.6.0/external/esmf_time_f90  -I/glade/derecho/scratch/yates/NEOM_WRF/wrfv4.6.0/main -I/glade/derecho/scratch/yates/NEOM_WRF/wrfv4.6.0/external/io_netcdf -I/glade/derecho/scratch/yates/NEOM_WRF/wrfv4.6.0/external/io_int -I/glade/derecho/scratch/yates/NEOM_WRF/wrfv4.6.0/frame -I/glade/derecho/scratch/yates/NEOM_WRF/wrfv4.6.0/share -I/glade/derecho/scratch/yates/NEOM_WRF/wrfv4.6.0/phys -I/glade/derecho/scratch/yates/NEOM_WRF/wrfv4.6.0/wrftladj -I/glade/derecho/scratch/yates/NEOM_WRF/wrfv4.6.0/chem -I/glade/derecho/scratch/yates/NEOM_WRF/wrfv4.6.0/inc -I/glade/u/apps/derecho/23.09/spack/opt/spack/netcdf/4.9.2/oneapi/2023.2.1/yzvj/include  -real-size `expr 8 \* 4` -i4  module_mp_wsm3.f90

real	0m23.575s
user	0m22.930s
sys	0m0.578s
rm -f module_mp_wsm5.o
sed -e "s/^\!.*'.*//" -e "s/^ *\!.*'.*//" module_mp_wsm5.F > module_mp_wsm5.G
/lib/cpp -P -nostdinc -I/glade/derecho/scratch/yates/NEOM_WRF/wrfv4.6.0/inc -DEM_CORE=1 -DNMM_CORE=0 -DNMM_MAX_DIM=2600 -DDA_CORE=0 -DWRFPLUS=0 -DIWORDSIZE=4 -DDWORDSIZE=8 -DRWORDSIZE=4 -DLWORDSIZE=4 -DNONSTANDARD_SYSTEM_FUNC  -DWRF_USE_CLM -DUSE_NETCDF4_FEATURES -DWRFIO_NCD_LARGE_FILE_SUPPORT  -DDM_PARALLEL -DNETCDF -DLANDREAD_STUB=1 -DUSE_ALLOCATABLES -Dwrfmodel -DGRIB1 -DINTIO -DKEEP_INT_AROUND -DLIMIT_ARGS -DBUILD_RRTMG_FAST=0 -DBUILD_RRTMK=0 -DBUILD_SBM_FAST=1 -DSHOW_ALL_VARS_USED=0 -DCONFIG_BUF_LEN=65536 -DMAX_DOMAINS_F=21 -DMAX_HISTORY=25 -DNMM_NEST=0 -DWRF_CHEM -DBUILD_CHEM=1 -I. -traditional-cpp -DUSE_NETCDF4_FEATURES -DWRFIO_NCD_LARGE_FILE_SUPPORT   module_mp_wsm5.G  > module_mp_wsm5.bb
/glade/derecho/scratch/yates/NEOM_WRF/wrfv4.6.0/tools/standard.exe module_mp_wsm5.bb | /lib/cpp -P -nostdinc -traditional-cpp -DUSE_NETCDF4_FEATURES -DWRFIO_NCD_LARGE_FILE_SUPPORT > module_mp_wsm5.f90
rm -f module_mp_wsm5.G module_mp_wsm5.bb
time mpif90 -f90=ifort -o module_mp_wsm5.o -c -O3 -ip -fp-model precise -w -ftz -align all -fno-alias -FR -convert big_endian    -I../dyn_em  -I/glade/derecho/scratch/yates/NEOM_WRF/wrfv4.6.0/external/esmf_time_f90  -I/glade/derecho/scratch/yates/NEOM_WRF/wrfv4.6.0/main -I/glade/derecho/scratch/yates/NEOM_WRF/wrfv4.6.0/external/io_netcdf -I/glade/derecho/scratch/yates/NEOM_WRF/wrfv4.6.0/external/io_int -I/glade/derecho/scratch/yates/NEOM_WRF/wrfv4.6.0/frame -I/glade/derecho/scratch/yates/NEOM_WRF/wrfv4.6.0/share -I/glade/derecho/scratch/yates/NEOM_WRF/wrfv4.6.0/phys -I/glade/derecho/scratch/yates/NEOM_WRF/wrfv4.6.0/wrftladj -I/glade/derecho/scratch/yates/NEOM_WRF/wrfv4.6.0/chem -I/glade/derecho/scratch/yates/NEOM_WRF/wrfv4.6.0/inc -I/glade/u/apps/derecho/23.09/spack/opt/spack/netcdf/4.9.2/oneapi/2023.2.1/yzvj/include  -real-size `expr 8 \* 4` -i4  module_mp_wsm5.f90

real	0m3.454s
user	0m3.011s
sys	0m0.384s
rm -f physics_mmm/mp_radar.o
sed -e "s/^\!.*'.*//" -e "s/^ *\!.*'.*//" physics_mmm/mp_radar.F90 > physics_mmm/mp_radar.G
/lib/cpp -P -nostdinc -I/glade/derecho/scratch/yates/NEOM_WRF/wrfv4.6.0/inc -DEM_CORE=1 -DNMM_CORE=0 -DNMM_MAX_DIM=2600 -DDA_CORE=0 -DWRFPLUS=0 -DIWORDSIZE=4 -DDWORDSIZE=8 -DRWORDSIZE=4 -DLWORDSIZE=4 -DNONSTANDARD_SYSTEM_FUNC  -DWRF_USE_CLM -DUSE_NETCDF4_FEATURES -DWRFIO_NCD_LARGE_FILE_SUPPORT  -DDM_PARALLEL -DNETCDF -DLANDREAD_STUB=1 -DUSE_ALLOCATABLES -Dwrfmodel -DGRIB1 -DINTIO -DKEEP_INT_AROUND -DLIMIT_ARGS -DBUILD_RRTMG_FAST=0 -DBUILD_RRTMK=0 -DBUILD_SBM_FAST=1 -DSHOW_ALL_VARS_USED=0 -DCONFIG_BUF_LEN=65536 -DMAX_DOMAINS_F=21 -DMAX_HISTORY=25 -DNMM_NEST=0 -DWRF_CHEM -DBUILD_CHEM=1 -I. -traditional-cpp -DUSE_NETCDF4_FEATURES -DWRFIO_NCD_LARGE_FILE_SUPPORT   physics_mmm/mp_radar.G  > physics_mmm/mp_radar.bb
/glade/derecho/scratch/yates/NEOM_WRF/wrfv4.6.0/tools/standard.exe physics_mmm/mp_radar.bb | /lib/cpp -P -nostdinc -traditional-cpp -DUSE_NETCDF4_FEATURES -DWRFIO_NCD_LARGE_FILE_SUPPORT > physics_mmm/mp_radar.f90
rm -f physics_mmm/mp_radar.G physics_mmm/mp_radar.bb
time mpif90 -f90=ifort -o physics_mmm/mp_radar.o -c -O3 -ip -fp-model precise -w -ftz -align all -fno-alias -FR -convert big_endian    -I../dyn_em  -I/glade/derecho/scratch/yates/NEOM_WRF/wrfv4.6.0/external/esmf_time_f90  -I/glade/derecho/scratch/yates/NEOM_WRF/wrfv4.6.0/main -I/glade/derecho/scratch/yates/NEOM_WRF/wrfv4.6.0/external/io_netcdf -I/glade/derecho/scratch/yates/NEOM_WRF/wrfv4.6.0/external/io_int -I/glade/derecho/scratch/yates/NEOM_WRF/wrfv4.6.0/frame -I/glade/derecho/scratch/yates/NEOM_WRF/wrfv4.6.0/share -I/glade/derecho/scratch/yates/NEOM_WRF/wrfv4.6.0/phys -I/glade/derecho/scratch/yates/NEOM_WRF/wrfv4.6.0/wrftladj -I/glade/derecho/scratch/yates/NEOM_WRF/wrfv4.6.0/chem -I/glade/derecho/scratch/yates/NEOM_WRF/wrfv4.6.0/inc -I/glade/u/apps/derecho/23.09/spack/opt/spack/netcdf/4.9.2/oneapi/2023.2.1/yzvj/include  -real-size `expr 8 \* 4` -i4  physics_mmm/mp_radar.f90

real	0m1.028s
user	0m0.450s
sys	0m0.305s
rm -f physics_mmm/module_libmassv.o
sed -e "s/^\!.*'.*//" -e "s/^ *\!.*'.*//" physics_mmm/module_libmassv.F90 > physics_mmm/module_libmassv.G
/lib/cpp -P -nostdinc -I/glade/derecho/scratch/yates/NEOM_WRF/wrfv4.6.0/inc -DEM_CORE=1 -DNMM_CORE=0 -DNMM_MAX_DIM=2600 -DDA_CORE=0 -DWRFPLUS=0 -DIWORDSIZE=4 -DDWORDSIZE=8 -DRWORDSIZE=4 -DLWORDSIZE=4 -DNONSTANDARD_SYSTEM_FUNC  -DWRF_USE_CLM -DUSE_NETCDF4_FEATURES -DWRFIO_NCD_LARGE_FILE_SUPPORT  -DDM_PARALLEL -DNETCDF -DLANDREAD_STUB=1 -DUSE_ALLOCATABLES -Dwrfmodel -DGRIB1 -DINTIO -DKEEP_INT_AROUND -DLIMIT_ARGS -DBUILD_RRTMG_FAST=0 -DBUILD_RRTMK=0 -DBUILD_SBM_FAST=1 -DSHOW_ALL_VARS_USED=0 -DCONFIG_BUF_LEN=65536 -DMAX_DOMAINS_F=21 -DMAX_HISTORY=25 -DNMM_NEST=0 -DWRF_CHEM -DBUILD_CHEM=1 -I. -traditional-cpp -DUSE_NETCDF4_FEATURES -DWRFIO_NCD_LARGE_FILE_SUPPORT   physics_mmm/module_libmassv.G  > physics_mmm/module_libmassv.bb
/glade/derecho/scratch/yates/NEOM_WRF/wrfv4.6.0/tools/standard.exe physics_mmm/module_libmassv.bb | /lib/cpp -P -nostdinc -traditional-cpp -DUSE_NETCDF4_FEATURES -DWRFIO_NCD_LARGE_FILE_SUPPORT > physics_mmm/module_libmassv.f90
rm -f physics_mmm/module_libmassv.G physics_mmm/module_libmassv.bb
time mpif90 -f90=ifort -o physics_mmm/module_libmassv.o -c -O3 -ip -fp-model precise -w -ftz -align all -fno-alias -FR -convert big_endian    -I../dyn_em  -I/glade/derecho/scratch/yates/NEOM_WRF/wrfv4.6.0/external/esmf_time_f90  -I/glade/derecho/scratch/yates/NEOM_WRF/wrfv4.6.0/main -I/glade/derecho/scratch/yates/NEOM_WRF/wrfv4.6.0/external/io_netcdf -I/glade/derecho/scratch/yates/NEOM_WRF/wrfv4.6.0/external/io_int -I/glade/derecho/scratch/yates/NEOM_WRF/wrfv4.6.0/frame -I/glade/derecho/scratch/yates/NEOM_WRF/wrfv4.6.0/share -I/glade/derecho/scratch/yates/NEOM_WRF/wrfv4.6.0/phys -I/glade/derecho/scratch/yates/NEOM_WRF/wrfv4.6.0/wrftladj -I/glade/derecho/scratch/yates/NEOM_WRF/wrfv4.6.0/chem -I/glade/derecho/scratch/yates/NEOM_WRF/wrfv4.6.0/inc -I/glade/u/apps/derecho/23.09/spack/opt/spack/netcdf/4.9.2/oneapi/2023.2.1/yzvj/include  -real-size `expr 8 \* 4` -i4  physics_mmm/module_libmassv.f90

real	0m0.714s
user	0m0.125s
sys	0m0.284s
rm -f module_mp_wsm6r.o
sed -e "s/^\!.*'.*//" -e "s/^ *\!.*'.*//" module_mp_wsm6r.F > module_mp_wsm6r.G
/lib/cpp -P -nostdinc -I/glade/derecho/scratch/yates/NEOM_WRF/wrfv4.6.0/inc -DEM_CORE=1 -DNMM_CORE=0 -DNMM_MAX_DIM=2600 -DDA_CORE=0 -DWRFPLUS=0 -DIWORDSIZE=4 -DDWORDSIZE=8 -DRWORDSIZE=4 -DLWORDSIZE=4 -DNONSTANDARD_SYSTEM_FUNC  -DWRF_USE_CLM -DUSE_NETCDF4_FEATURES -DWRFIO_NCD_LARGE_FILE_SUPPORT  -DDM_PARALLEL -DNETCDF -DLANDREAD_STUB=1 -DUSE_ALLOCATABLES -Dwrfmodel -DGRIB1 -DINTIO -DKEEP_INT_AROUND -DLIMIT_ARGS -DBUILD_RRTMG_FAST=0 -DBUILD_RRTMK=0 -DBUILD_SBM_FAST=1 -DSHOW_ALL_VARS_USED=0 -DCONFIG_BUF_LEN=65536 -DMAX_DOMAINS_F=21 -DMAX_HISTORY=25 -DNMM_NEST=0 -DWRF_CHEM -DBUILD_CHEM=1 -I. -traditional-cpp -DUSE_NETCDF4_FEATURES -DWRFIO_NCD_LARGE_FILE_SUPPORT   module_mp_wsm6r.G  > module_mp_wsm6r.bb
/glade/derecho/scratch/yates/NEOM_WRF/wrfv4.6.0/tools/standard.exe module_mp_wsm6r.bb | /lib/cpp -P -nostdinc -traditional-cpp -DUSE_NETCDF4_FEATURES -DWRFIO_NCD_LARGE_FILE_SUPPORT > module_mp_wsm6r.f90
rm -f module_mp_wsm6r.G module_mp_wsm6r.bb
time mpif90 -f90=ifort -o module_mp_wsm6r.o -c -O3 -ip -fp-model precise -w -ftz -align all -fno-alias -FR -convert big_endian    -I../dyn_em  -I/glade/derecho/scratch/yates/NEOM_WRF/wrfv4.6.0/external/esmf_time_f90  -I/glade/derecho/scratch/yates/NEOM_WRF/wrfv4.6.0/main -I/glade/derecho/scratch/yates/NEOM_WRF/wrfv4.6.0/external/io_netcdf -I/glade/derecho/scratch/yates/NEOM_WRF/wrfv4.6.0/external/io_int -I/glade/derecho/scratch/yates/NEOM_WRF/wrfv4.6.0/frame -I/glade/derecho/scratch/yates/NEOM_WRF/wrfv4.6.0/share -I/glade/derecho/scratch/yates/NEOM_WRF/wrfv4.6.0/phys -I/glade/derecho/scratch/yates/NEOM_WRF/wrfv4.6.0/wrftladj -I/glade/derecho/scratch/yates/NEOM_WRF/wrfv4.6.0/chem -I/glade/derecho/scratch/yates/NEOM_WRF/wrfv4.6.0/inc -I/glade/u/apps/derecho/23.09/spack/opt/spack/netcdf/4.9.2/oneapi/2023.2.1/yzvj/include  -real-size `expr 8 \* 4` -i4  module_mp_wsm6r.f90

real	0m4.933s
user	0m4.472s
sys	0m0.431s
rm -f module_mp_wsm7.o
sed -e "s/^\!.*'.*//" -e "s/^ *\!.*'.*//" module_mp_wsm7.F > module_mp_wsm7.G
/lib/cpp -P -nostdinc -I/glade/derecho/scratch/yates/NEOM_WRF/wrfv4.6.0/inc -DEM_CORE=1 -DNMM_CORE=0 -DNMM_MAX_DIM=2600 -DDA_CORE=0 -DWRFPLUS=0 -DIWORDSIZE=4 -DDWORDSIZE=8 -DRWORDSIZE=4 -DLWORDSIZE=4 -DNONSTANDARD_SYSTEM_FUNC  -DWRF_USE_CLM -DUSE_NETCDF4_FEATURES -DWRFIO_NCD_LARGE_FILE_SUPPORT  -DDM_PARALLEL -DNETCDF -DLANDREAD_STUB=1 -DUSE_ALLOCATABLES -Dwrfmodel -DGRIB1 -DINTIO -DKEEP_INT_AROUND -DLIMIT_ARGS -DBUILD_RRTMG_FAST=0 -DBUILD_RRTMK=0 -DBUILD_SBM_FAST=1 -DSHOW_ALL_VARS_USED=0 -DCONFIG_BUF_LEN=65536 -DMAX_DOMAINS_F=21 -DMAX_HISTORY=25 -DNMM_NEST=0 -DWRF_CHEM -DBUILD_CHEM=1 -I. -traditional-cpp -DUSE_NETCDF4_FEATURES -DWRFIO_NCD_LARGE_FILE_SUPPORT   module_mp_wsm7.G  > module_mp_wsm7.bb
/glade/derecho/scratch/yates/NEOM_WRF/wrfv4.6.0/tools/standard.exe module_mp_wsm7.bb | /lib/cpp -P -nostdinc -traditional-cpp -DUSE_NETCDF4_FEATURES -DWRFIO_NCD_LARGE_FILE_SUPPORT > module_mp_wsm7.f90
rm -f module_mp_wsm7.G module_mp_wsm7.bb
time mpif90 -f90=ifort -o module_mp_wsm7.o -c -O3 -ip -fp-model precise -w -ftz -align all -fno-alias -FR -convert big_endian    -I../dyn_em  -I/glade/derecho/scratch/yates/NEOM_WRF/wrfv4.6.0/external/esmf_time_f90  -I/glade/derecho/scratch/yates/NEOM_WRF/wrfv4.6.0/main -I/glade/derecho/scratch/yates/NEOM_WRF/wrfv4.6.0/external/io_netcdf -I/glade/derecho/scratch/yates/NEOM_WRF/wrfv4.6.0/external/io_int -I/glade/derecho/scratch/yates/NEOM_WRF/wrfv4.6.0/frame -I/glade/derecho/scratch/yates/NEOM_WRF/wrfv4.6.0/share -I/glade/derecho/scratch/yates/NEOM_WRF/wrfv4.6.0/phys -I/glade/derecho/scratch/yates/NEOM_WRF/wrfv4.6.0/wrftladj -I/glade/derecho/scratch/yates/NEOM_WRF/wrfv4.6.0/chem -I/glade/derecho/scratch/yates/NEOM_WRF/wrfv4.6.0/inc -I/glade/u/apps/derecho/23.09/spack/opt/spack/netcdf/4.9.2/oneapi/2023.2.1/yzvj/include  -real-size `expr 8 \* 4` -i4  module_mp_wsm7.f90

real	0m3.326s
user	0m2.920s
sys	0m0.346s
rm -f module_mp_fer_hires.o
sed -e "s/^\!.*'.*//" -e "s/^ *\!.*'.*//" module_mp_fer_hires.F > module_mp_fer_hires.G
/lib/cpp -P -nostdinc -I/glade/derecho/scratch/yates/NEOM_WRF/wrfv4.6.0/inc -DEM_CORE=1 -DNMM_CORE=0 -DNMM_MAX_DIM=2600 -DDA_CORE=0 -DWRFPLUS=0 -DIWORDSIZE=4 -DDWORDSIZE=8 -DRWORDSIZE=4 -DLWORDSIZE=4 -DNONSTANDARD_SYSTEM_FUNC  -DWRF_USE_CLM -DUSE_NETCDF4_FEATURES -DWRFIO_NCD_LARGE_FILE_SUPPORT  -DDM_PARALLEL -DNETCDF -DLANDREAD_STUB=1 -DUSE_ALLOCATABLES -Dwrfmodel -DGRIB1 -DINTIO -DKEEP_INT_AROUND -DLIMIT_ARGS -DBUILD_RRTMG_FAST=0 -DBUILD_RRTMK=0 -DBUILD_SBM_FAST=1 -DSHOW_ALL_VARS_USED=0 -DCONFIG_BUF_LEN=65536 -DMAX_DOMAINS_F=21 -DMAX_HISTORY=25 -DNMM_NEST=0 -DWRF_CHEM -DBUILD_CHEM=1 -I. -traditional-cpp -DUSE_NETCDF4_FEATURES -DWRFIO_NCD_LARGE_FILE_SUPPORT   module_mp_fer_hires.G  > module_mp_fer_hires.bb
/glade/derecho/scratch/yates/NEOM_WRF/wrfv4.6.0/tools/standard.exe module_mp_fer_hires.bb | /lib/cpp -P -nostdinc -traditional-cpp -DUSE_NETCDF4_FEATURES -DWRFIO_NCD_LARGE_FILE_SUPPORT > module_mp_fer_hires.f90
rm -f module_mp_fer_hires.G module_mp_fer_hires.bb
time mpif90 -f90=ifort -o module_mp_fer_hires.o -c -O3 -ip -fp-model precise -w -ftz -align all -fno-alias -FR -convert big_endian    -I../dyn_em  -I/glade/derecho/scratch/yates/NEOM_WRF/wrfv4.6.0/external/esmf_time_f90  -I/glade/derecho/scratch/yates/NEOM_WRF/wrfv4.6.0/main -I/glade/derecho/scratch/yates/NEOM_WRF/wrfv4.6.0/external/io_netcdf -I/glade/derecho/scratch/yates/NEOM_WRF/wrfv4.6.0/external/io_int -I/glade/derecho/scratch/yates/NEOM_WRF/wrfv4.6.0/frame -I/glade/derecho/scratch/yates/NEOM_WRF/wrfv4.6.0/share -I/glade/derecho/scratch/yates/NEOM_WRF/wrfv4.6.0/phys -I/glade/derecho/scratch/yates/NEOM_WRF/wrfv4.6.0/wrftladj -I/glade/derecho/scratch/yates/NEOM_WRF/wrfv4.6.0/chem -I/glade/derecho/scratch/yates/NEOM_WRF/wrfv4.6.0/inc -I/glade/u/apps/derecho/23.09/spack/opt/spack/netcdf/4.9.2/oneapi/2023.2.1/yzvj/include  -real-size `expr 8 \* 4` -i4  module_mp_fer_hires.f90

real	0m3.161s
user	0m2.780s
sys	0m0.356s
rm -f module_fire_emis.o
sed -e "s/^\!.*'.*//" -e "s/^ *\!.*'.*//" module_fire_emis.F > module_fire_emis.G
/lib/cpp -P -nostdinc -I/glade/derecho/scratch/yates/NEOM_WRF/wrfv4.6.0/inc -DEM_CORE=1 -DNMM_CORE=0 -DNMM_MAX_DIM=2600 -DDA_CORE=0 -DWRFPLUS=0 -DIWORDSIZE=4 -DDWORDSIZE=8 -DRWORDSIZE=4 -DLWORDSIZE=4 -DNONSTANDARD_SYSTEM_FUNC  -DWRF_USE_CLM -DUSE_NETCDF4_FEATURES -DWRFIO_NCD_LARGE_FILE_SUPPORT  -DDM_PARALLEL -DNETCDF -DLANDREAD_STUB=1 -DUSE_ALLOCATABLES -Dwrfmodel -DGRIB1 -DINTIO -DKEEP_INT_AROUND -DLIMIT_ARGS -DBUILD_RRTMG_FAST=0 -DBUILD_RRTMK=0 -DBUILD_SBM_FAST=1 -DSHOW_ALL_VARS_USED=0 -DCONFIG_BUF_LEN=65536 -DMAX_DOMAINS_F=21 -DMAX_HISTORY=25 -DNMM_NEST=0 -DWRF_CHEM -DBUILD_CHEM=1 -I. -traditional-cpp -DUSE_NETCDF4_FEATURES -DWRFIO_NCD_LARGE_FILE_SUPPORT   module_fire_emis.G  > module_fire_emis.bb
/glade/derecho/scratch/yates/NEOM_WRF/wrfv4.6.0/tools/standard.exe module_fire_emis.bb | /lib/cpp -P -nostdinc -traditional-cpp -DUSE_NETCDF4_FEATURES -DWRFIO_NCD_LARGE_FILE_SUPPORT > module_fire_emis.f90
rm -f module_fire_emis.G module_fire_emis.bb
time mpif90 -f90=ifort -o module_fire_emis.o -c -O3 -ip -fp-model precise -w -ftz -align all -fno-alias -FR -convert big_endian    -I../dyn_em  -I/glade/derecho/scratch/yates/NEOM_WRF/wrfv4.6.0/external/esmf_time_f90  -I/glade/derecho/scratch/yates/NEOM_WRF/wrfv4.6.0/main -I/glade/derecho/scratch/yates/NEOM_WRF/wrfv4.6.0/external/io_netcdf -I/glade/derecho/scratch/yates/NEOM_WRF/wrfv4.6.0/external/io_int -I/glade/derecho/scratch/yates/NEOM_WRF/wrfv4.6.0/frame -I/glade/derecho/scratch/yates/NEOM_WRF/wrfv4.6.0/share -I/glade/derecho/scratch/yates/NEOM_WRF/wrfv4.6.0/phys -I/glade/derecho/scratch/yates/NEOM_WRF/wrfv4.6.0/wrftladj -I/glade/derecho/scratch/yates/NEOM_WRF/wrfv4.6.0/chem -I/glade/derecho/scratch/yates/NEOM_WRF/wrfv4.6.0/inc -I/glade/u/apps/derecho/23.09/spack/opt/spack/netcdf/4.9.2/oneapi/2023.2.1/yzvj/include  -real-size `expr 8 \* 4` -i4  module_fire_emis.f90

real	0m0.508s
user	0m0.193s
sys	0m0.289s
rm -f module_mp_SBM_polar_radar.o
sed -e "s/^\!.*'.*//" -e "s/^ *\!.*'.*//" module_mp_SBM_polar_radar.F > module_mp_SBM_polar_radar.G
/lib/cpp -P -nostdinc -I/glade/derecho/scratch/yates/NEOM_WRF/wrfv4.6.0/inc -DEM_CORE=1 -DNMM_CORE=0 -DNMM_MAX_DIM=2600 -DDA_CORE=0 -DWRFPLUS=0 -DIWORDSIZE=4 -DDWORDSIZE=8 -DRWORDSIZE=4 -DLWORDSIZE=4 -DNONSTANDARD_SYSTEM_FUNC  -DWRF_USE_CLM -DUSE_NETCDF4_FEATURES -DWRFIO_NCD_LARGE_FILE_SUPPORT  -DDM_PARALLEL -DNETCDF -DLANDREAD_STUB=1 -DUSE_ALLOCATABLES -Dwrfmodel -DGRIB1 -DINTIO -DKEEP_INT_AROUND -DLIMIT_ARGS -DBUILD_RRTMG_FAST=0 -DBUILD_RRTMK=0 -DBUILD_SBM_FAST=1 -DSHOW_ALL_VARS_USED=0 -DCONFIG_BUF_LEN=65536 -DMAX_DOMAINS_F=21 -DMAX_HISTORY=25 -DNMM_NEST=0 -DWRF_CHEM -DBUILD_CHEM=1 -I. -traditional-cpp -DUSE_NETCDF4_FEATURES -DWRFIO_NCD_LARGE_FILE_SUPPORT   module_mp_SBM_polar_radar.G  > module_mp_SBM_polar_radar.bb
/glade/derecho/scratch/yates/NEOM_WRF/wrfv4.6.0/tools/standard.exe module_mp_SBM_polar_radar.bb | /lib/cpp -P -nostdinc -traditional-cpp -DUSE_NETCDF4_FEATURES -DWRFIO_NCD_LARGE_FILE_SUPPORT > module_mp_SBM_polar_radar.f90
rm -f module_mp_SBM_polar_radar.G module_mp_SBM_polar_radar.bb
time mpif90 -f90=ifort -o module_mp_SBM_polar_radar.o -c -O3 -ip -fp-model precise -w -ftz -align all -fno-alias -FR -convert big_endian    -I../dyn_em  -I/glade/derecho/scratch/yates/NEOM_WRF/wrfv4.6.0/external/esmf_time_f90  -I/glade/derecho/scratch/yates/NEOM_WRF/wrfv4.6.0/main -I/glade/derecho/scratch/yates/NEOM_WRF/wrfv4.6.0/external/io_netcdf -I/glade/derecho/scratch/yates/NEOM_WRF/wrfv4.6.0/external/io_int -I/glade/derecho/scratch/yates/NEOM_WRF/wrfv4.6.0/frame -I/glade/derecho/scratch/yates/NEOM_WRF/wrfv4.6.0/share -I/glade/derecho/scratch/yates/NEOM_WRF/wrfv4.6.0/phys -I/glade/derecho/scratch/yates/NEOM_WRF/wrfv4.6.0/wrftladj -I/glade/derecho/scratch/yates/NEOM_WRF/wrfv4.6.0/chem -I/glade/derecho/scratch/yates/NEOM_WRF/wrfv4.6.0/inc -I/glade/u/apps/derecho/23.09/spack/opt/spack/netcdf/4.9.2/oneapi/2023.2.1/yzvj/include  -real-size `expr 8 \* 4` -i4  module_mp_SBM_polar_radar.f90

real	0m2.343s
user	0m1.933s
sys	0m0.383s
rm -f module_mp_full_sbm.o
sed -e "s/^\!.*'.*//" -e "s/^ *\!.*'.*//" module_mp_full_sbm.F > module_mp_full_sbm.G
/lib/cpp -P -nostdinc -I/glade/derecho/scratch/yates/NEOM_WRF/wrfv4.6.0/inc -DEM_CORE=1 -DNMM_CORE=0 -DNMM_MAX_DIM=2600 -DDA_CORE=0 -DWRFPLUS=0 -DIWORDSIZE=4 -DDWORDSIZE=8 -DRWORDSIZE=4 -DLWORDSIZE=4 -DNONSTANDARD_SYSTEM_FUNC  -DWRF_USE_CLM -DUSE_NETCDF4_FEATURES -DWRFIO_NCD_LARGE_FILE_SUPPORT  -DDM_PARALLEL -DNETCDF -DLANDREAD_STUB=1 -DUSE_ALLOCATABLES -Dwrfmodel -DGRIB1 -DINTIO -DKEEP_INT_AROUND -DLIMIT_ARGS -DBUILD_RRTMG_FAST=0 -DBUILD_RRTMK=0 -DBUILD_SBM_FAST=1 -DSHOW_ALL_VARS_USED=0 -DCONFIG_BUF_LEN=65536 -DMAX_DOMAINS_F=21 -DMAX_HISTORY=25 -DNMM_NEST=0 -DWRF_CHEM -DBUILD_CHEM=1 -I. -traditional-cpp -DUSE_NETCDF4_FEATURES -DWRFIO_NCD_LARGE_FILE_SUPPORT   module_mp_full_sbm.G  > module_mp_full_sbm.bb
/glade/derecho/scratch/yates/NEOM_WRF/wrfv4.6.0/tools/standard.exe module_mp_full_sbm.bb | /lib/cpp -P -nostdinc -traditional-cpp -DUSE_NETCDF4_FEATURES -DWRFIO_NCD_LARGE_FILE_SUPPORT > module_mp_full_sbm.f90
rm -f module_mp_full_sbm.G module_mp_full_sbm.bb
time mpif90 -f90=ifort -o module_mp_full_sbm.o -c -O3 -ip -fp-model precise -w -ftz -align all -fno-alias -FR -convert big_endian    -I../dyn_em  -I/glade/derecho/scratch/yates/NEOM_WRF/wrfv4.6.0/external/esmf_time_f90  -I/glade/derecho/scratch/yates/NEOM_WRF/wrfv4.6.0/main -I/glade/derecho/scratch/yates/NEOM_WRF/wrfv4.6.0/external/io_netcdf -I/glade/derecho/scratch/yates/NEOM_WRF/wrfv4.6.0/external/io_int -I/glade/derecho/scratch/yates/NEOM_WRF/wrfv4.6.0/frame -I/glade/derecho/scratch/yates/NEOM_WRF/wrfv4.6.0/share -I/glade/derecho/scratch/yates/NEOM_WRF/wrfv4.6.0/phys -I/glade/derecho/scratch/yates/NEOM_WRF/wrfv4.6.0/wrftladj -I/glade/derecho/scratch/yates/NEOM_WRF/wrfv4.6.0/chem -I/glade/derecho/scratch/yates/NEOM_WRF/wrfv4.6.0/inc -I/glade/u/apps/derecho/23.09/spack/opt/spack/netcdf/4.9.2/oneapi/2023.2.1/yzvj/include  -real-size `expr 8 \* 4` -i4  module_mp_full_sbm.f90

real	0m15.292s
user	0m14.719s
sys	0m0.529s
rm -f module_mp_fast_sbm.o
sed -e "s/^\!.*'.*//" -e "s/^ *\!.*'.*//" module_mp_fast_sbm.F > module_mp_fast_sbm.G
/lib/cpp -P -nostdinc -I/glade/derecho/scratch/yates/NEOM_WRF/wrfv4.6.0/inc -DEM_CORE=1 -DNMM_CORE=0 -DNMM_MAX_DIM=2600 -DDA_CORE=0 -DWRFPLUS=0 -DIWORDSIZE=4 -DDWORDSIZE=8 -DRWORDSIZE=4 -DLWORDSIZE=4 -DNONSTANDARD_SYSTEM_FUNC  -DWRF_USE_CLM -DUSE_NETCDF4_FEATURES -DWRFIO_NCD_LARGE_FILE_SUPPORT  -DDM_PARALLEL -DNETCDF -DLANDREAD_STUB=1 -DUSE_ALLOCATABLES -Dwrfmodel -DGRIB1 -DINTIO -DKEEP_INT_AROUND -DLIMIT_ARGS -DBUILD_RRTMG_FAST=0 -DBUILD_RRTMK=0 -DBUILD_SBM_FAST=1 -DSHOW_ALL_VARS_USED=0 -DCONFIG_BUF_LEN=65536 -DMAX_DOMAINS_F=21 -DMAX_HISTORY=25 -DNMM_NEST=0 -DWRF_CHEM -DBUILD_CHEM=1 -I. -traditional-cpp -DUSE_NETCDF4_FEATURES -DWRFIO_NCD_LARGE_FILE_SUPPORT   module_mp_fast_sbm.G  > module_mp_fast_sbm.bb
/glade/derecho/scratch/yates/NEOM_WRF/wrfv4.6.0/tools/standard.exe module_mp_fast_sbm.bb | /lib/cpp -P -nostdinc -traditional-cpp -DUSE_NETCDF4_FEATURES -DWRFIO_NCD_LARGE_FILE_SUPPORT > module_mp_fast_sbm.f90
rm -f module_mp_fast_sbm.G module_mp_fast_sbm.bb
time mpif90 -f90=ifort -o module_mp_fast_sbm.o -c -O3 -ip -fp-model precise -w -ftz -align all -fno-alias -FR -convert big_endian    -I../dyn_em  -I/glade/derecho/scratch/yates/NEOM_WRF/wrfv4.6.0/external/esmf_time_f90  -I/glade/derecho/scratch/yates/NEOM_WRF/wrfv4.6.0/main -I/glade/derecho/scratch/yates/NEOM_WRF/wrfv4.6.0/external/io_netcdf -I/glade/derecho/scratch/yates/NEOM_WRF/wrfv4.6.0/external/io_int -I/glade/derecho/scratch/yates/NEOM_WRF/wrfv4.6.0/frame -I/glade/derecho/scratch/yates/NEOM_WRF/wrfv4.6.0/share -I/glade/derecho/scratch/yates/NEOM_WRF/wrfv4.6.0/phys -I/glade/derecho/scratch/yates/NEOM_WRF/wrfv4.6.0/wrftladj -I/glade/derecho/scratch/yates/NEOM_WRF/wrfv4.6.0/chem -I/glade/derecho/scratch/yates/NEOM_WRF/wrfv4.6.0/inc -I/glade/u/apps/derecho/23.09/spack/opt/spack/netcdf/4.9.2/oneapi/2023.2.1/yzvj/include  -real-size `expr 8 \* 4` -i4  module_mp_fast_sbm.f90

real	0m15.578s
user	0m14.987s
sys	0m0.550s
rm -f module_ltng_lpi.o
sed -e "s/^\!.*'.*//" -e "s/^ *\!.*'.*//" module_ltng_lpi.F > module_ltng_lpi.G
/lib/cpp -P -nostdinc -I/glade/derecho/scratch/yates/NEOM_WRF/wrfv4.6.0/inc -DEM_CORE=1 -DNMM_CORE=0 -DNMM_MAX_DIM=2600 -DDA_CORE=0 -DWRFPLUS=0 -DIWORDSIZE=4 -DDWORDSIZE=8 -DRWORDSIZE=4 -DLWORDSIZE=4 -DNONSTANDARD_SYSTEM_FUNC  -DWRF_USE_CLM -DUSE_NETCDF4_FEATURES -DWRFIO_NCD_LARGE_FILE_SUPPORT  -DDM_PARALLEL -DNETCDF -DLANDREAD_STUB=1 -DUSE_ALLOCATABLES -Dwrfmodel -DGRIB1 -DINTIO -DKEEP_INT_AROUND -DLIMIT_ARGS -DBUILD_RRTMG_FAST=0 -DBUILD_RRTMK=0 -DBUILD_SBM_FAST=1 -DSHOW_ALL_VARS_USED=0 -DCONFIG_BUF_LEN=65536 -DMAX_DOMAINS_F=21 -DMAX_HISTORY=25 -DNMM_NEST=0 -DWRF_CHEM -DBUILD_CHEM=1 -I. -traditional-cpp -DUSE_NETCDF4_FEATURES -DWRFIO_NCD_LARGE_FILE_SUPPORT   module_ltng_lpi.G  > module_ltng_lpi.bb
/glade/derecho/scratch/yates/NEOM_WRF/wrfv4.6.0/tools/standard.exe module_ltng_lpi.bb | /lib/cpp -P -nostdinc -traditional-cpp -DUSE_NETCDF4_FEATURES -DWRFIO_NCD_LARGE_FILE_SUPPORT > module_ltng_lpi.f90
rm -f module_ltng_lpi.G module_ltng_lpi.bb
time mpif90 -f90=ifort -o module_ltng_lpi.o -c -O3 -ip -fp-model precise -w -ftz -align all -fno-alias -FR -convert big_endian    -I../dyn_em  -I/glade/derecho/scratch/yates/NEOM_WRF/wrfv4.6.0/external/esmf_time_f90  -I/glade/derecho/scratch/yates/NEOM_WRF/wrfv4.6.0/main -I/glade/derecho/scratch/yates/NEOM_WRF/wrfv4.6.0/external/io_netcdf -I/glade/derecho/scratch/yates/NEOM_WRF/wrfv4.6.0/external/io_int -I/glade/derecho/scratch/yates/NEOM_WRF/wrfv4.6.0/frame -I/glade/derecho/scratch/yates/NEOM_WRF/wrfv4.6.0/share -I/glade/derecho/scratch/yates/NEOM_WRF/wrfv4.6.0/phys -I/glade/derecho/scratch/yates/NEOM_WRF/wrfv4.6.0/wrftladj -I/glade/derecho/scratch/yates/NEOM_WRF/wrfv4.6.0/chem -I/glade/derecho/scratch/yates/NEOM_WRF/wrfv4.6.0/inc -I/glade/u/apps/derecho/23.09/spack/opt/spack/netcdf/4.9.2/oneapi/2023.2.1/yzvj/include  -real-size `expr 8 \* 4` -i4  module_ltng_lpi.f90

real	0m0.503s
user	0m0.196s
sys	0m0.279s
rm -f module_mp_gsfcgce.o
sed -e "s/^\!.*'.*//" -e "s/^ *\!.*'.*//" module_mp_gsfcgce.F > module_mp_gsfcgce.G
/lib/cpp -P -nostdinc -I/glade/derecho/scratch/yates/NEOM_WRF/wrfv4.6.0/inc -DEM_CORE=1 -DNMM_CORE=0 -DNMM_MAX_DIM=2600 -DDA_CORE=0 -DWRFPLUS=0 -DIWORDSIZE=4 -DDWORDSIZE=8 -DRWORDSIZE=4 -DLWORDSIZE=4 -DNONSTANDARD_SYSTEM_FUNC  -DWRF_USE_CLM -DUSE_NETCDF4_FEATURES -DWRFIO_NCD_LARGE_FILE_SUPPORT  -DDM_PARALLEL -DNETCDF -DLANDREAD_STUB=1 -DUSE_ALLOCATABLES -Dwrfmodel -DGRIB1 -DINTIO -DKEEP_INT_AROUND -DLIMIT_ARGS -DBUILD_RRTMG_FAST=0 -DBUILD_RRTMK=0 -DBUILD_SBM_FAST=1 -DSHOW_ALL_VARS_USED=0 -DCONFIG_BUF_LEN=65536 -DMAX_DOMAINS_F=21 -DMAX_HISTORY=25 -DNMM_NEST=0 -DWRF_CHEM -DBUILD_CHEM=1 -I. -traditional-cpp -DUSE_NETCDF4_FEATURES -DWRFIO_NCD_LARGE_FILE_SUPPORT   module_mp_gsfcgce.G  > module_mp_gsfcgce.bb
/glade/derecho/scratch/yates/NEOM_WRF/wrfv4.6.0/tools/standard.exe module_mp_gsfcgce.bb | /lib/cpp -P -nostdinc -traditional-cpp -DUSE_NETCDF4_FEATURES -DWRFIO_NCD_LARGE_FILE_SUPPORT > module_mp_gsfcgce.f90
rm -f module_mp_gsfcgce.G module_mp_gsfcgce.bb
time mpif90 -f90=ifort -o module_mp_gsfcgce.o -c -O3 -ip -fp-model precise -w -ftz -align all -fno-alias -FR -convert big_endian    -I../dyn_em  -I/glade/derecho/scratch/yates/NEOM_WRF/wrfv4.6.0/external/esmf_time_f90  -I/glade/derecho/scratch/yates/NEOM_WRF/wrfv4.6.0/main -I/glade/derecho/scratch/yates/NEOM_WRF/wrfv4.6.0/external/io_netcdf -I/glade/derecho/scratch/yates/NEOM_WRF/wrfv4.6.0/external/io_int -I/glade/derecho/scratch/yates/NEOM_WRF/wrfv4.6.0/frame -I/glade/derecho/scratch/yates/NEOM_WRF/wrfv4.6.0/share -I/glade/derecho/scratch/yates/NEOM_WRF/wrfv4.6.0/phys -I/glade/derecho/scratch/yates/NEOM_WRF/wrfv4.6.0/wrftladj -I/glade/derecho/scratch/yates/NEOM_WRF/wrfv4.6.0/chem -I/glade/derecho/scratch/yates/NEOM_WRF/wrfv4.6.0/inc -I/glade/u/apps/derecho/23.09/spack/opt/spack/netcdf/4.9.2/oneapi/2023.2.1/yzvj/include  -real-size `expr 8 \* 4` -i4  module_mp_gsfcgce.f90

real	0m4.734s
user	0m4.294s
sys	0m0.412s
rm -f module_mp_gsfcgce_4ice_nuwrf.o
sed -e "s/^\!.*'.*//" -e "s/^ *\!.*'.*//" module_mp_gsfcgce_4ice_nuwrf.F > module_mp_gsfcgce_4ice_nuwrf.G
/lib/cpp -P -nostdinc -I/glade/derecho/scratch/yates/NEOM_WRF/wrfv4.6.0/inc -DEM_CORE=1 -DNMM_CORE=0 -DNMM_MAX_DIM=2600 -DDA_CORE=0 -DWRFPLUS=0 -DIWORDSIZE=4 -DDWORDSIZE=8 -DRWORDSIZE=4 -DLWORDSIZE=4 -DNONSTANDARD_SYSTEM_FUNC  -DWRF_USE_CLM -DUSE_NETCDF4_FEATURES -DWRFIO_NCD_LARGE_FILE_SUPPORT  -DDM_PARALLEL -DNETCDF -DLANDREAD_STUB=1 -DUSE_ALLOCATABLES -Dwrfmodel -DGRIB1 -DINTIO -DKEEP_INT_AROUND -DLIMIT_ARGS -DBUILD_RRTMG_FAST=0 -DBUILD_RRTMK=0 -DBUILD_SBM_FAST=1 -DSHOW_ALL_VARS_USED=0 -DCONFIG_BUF_LEN=65536 -DMAX_DOMAINS_F=21 -DMAX_HISTORY=25 -DNMM_NEST=0 -DWRF_CHEM -DBUILD_CHEM=1 -I. -traditional-cpp -DUSE_NETCDF4_FEATURES -DWRFIO_NCD_LARGE_FILE_SUPPORT   module_mp_gsfcgce_4ice_nuwrf.G  > module_mp_gsfcgce_4ice_nuwrf.bb
/glade/derecho/scratch/yates/NEOM_WRF/wrfv4.6.0/tools/standard.exe module_mp_gsfcgce_4ice_nuwrf.bb | /lib/cpp -P -nostdinc -traditional-cpp -DUSE_NETCDF4_FEATURES -DWRFIO_NCD_LARGE_FILE_SUPPORT > module_mp_gsfcgce_4ice_nuwrf.f90
rm -f module_mp_gsfcgce_4ice_nuwrf.G module_mp_gsfcgce_4ice_nuwrf.bb
time mpif90 -f90=ifort -o module_mp_gsfcgce_4ice_nuwrf.o -c -O3 -ip -fp-model precise -w -ftz -align all -fno-alias -FR -convert big_endian    -I../dyn_em  -I/glade/derecho/scratch/yates/NEOM_WRF/wrfv4.6.0/external/esmf_time_f90  -I/glade/derecho/scratch/yates/NEOM_WRF/wrfv4.6.0/main -I/glade/derecho/scratch/yates/NEOM_WRF/wrfv4.6.0/external/io_netcdf -I/glade/derecho/scratch/yates/NEOM_WRF/wrfv4.6.0/external/io_int -I/glade/derecho/scratch/yates/NEOM_WRF/wrfv4.6.0/frame -I/glade/derecho/scratch/yates/NEOM_WRF/wrfv4.6.0/share -I/glade/derecho/scratch/yates/NEOM_WRF/wrfv4.6.0/phys -I/glade/derecho/scratch/yates/NEOM_WRF/wrfv4.6.0/wrftladj -I/glade/derecho/scratch/yates/NEOM_WRF/wrfv4.6.0/chem -I/glade/derecho/scratch/yates/NEOM_WRF/wrfv4.6.0/inc -I/glade/u/apps/derecho/23.09/spack/opt/spack/netcdf/4.9.2/oneapi/2023.2.1/yzvj/include  -real-size `expr 8 \* 4` -i4  module_mp_gsfcgce_4ice_nuwrf.f90

real	0m8.579s
user	0m8.077s
sys	0m0.468s
rm -f module_mp_morr_two_moment.o
sed -e "s/^\!.*'.*//" -e "s/^ *\!.*'.*//" module_mp_morr_two_moment.F > module_mp_morr_two_moment.G
/lib/cpp -P -nostdinc -I/glade/derecho/scratch/yates/NEOM_WRF/wrfv4.6.0/inc -DEM_CORE=1 -DNMM_CORE=0 -DNMM_MAX_DIM=2600 -DDA_CORE=0 -DWRFPLUS=0 -DIWORDSIZE=4 -DDWORDSIZE=8 -DRWORDSIZE=4 -DLWORDSIZE=4 -DNONSTANDARD_SYSTEM_FUNC  -DWRF_USE_CLM -DUSE_NETCDF4_FEATURES -DWRFIO_NCD_LARGE_FILE_SUPPORT  -DDM_PARALLEL -DNETCDF -DLANDREAD_STUB=1 -DUSE_ALLOCATABLES -Dwrfmodel -DGRIB1 -DINTIO -DKEEP_INT_AROUND -DLIMIT_ARGS -DBUILD_RRTMG_FAST=0 -DBUILD_RRTMK=0 -DBUILD_SBM_FAST=1 -DSHOW_ALL_VARS_USED=0 -DCONFIG_BUF_LEN=65536 -DMAX_DOMAINS_F=21 -DMAX_HISTORY=25 -DNMM_NEST=0 -DWRF_CHEM -DBUILD_CHEM=1 -I. -traditional-cpp -DUSE_NETCDF4_FEATURES -DWRFIO_NCD_LARGE_FILE_SUPPORT   module_mp_morr_two_moment.G  > module_mp_morr_two_moment.bb
/glade/derecho/scratch/yates/NEOM_WRF/wrfv4.6.0/tools/standard.exe module_mp_morr_two_moment.bb | /lib/cpp -P -nostdinc -traditional-cpp -DUSE_NETCDF4_FEATURES -DWRFIO_NCD_LARGE_FILE_SUPPORT > module_mp_morr_two_moment.f90
rm -f module_mp_morr_two_moment.G module_mp_morr_two_moment.bb
time mpif90 -f90=ifort -o module_mp_morr_two_moment.o -c -O3 -ip -fp-model precise -w -ftz -align all -fno-alias -FR -convert big_endian    -I../dyn_em  -I/glade/derecho/scratch/yates/NEOM_WRF/wrfv4.6.0/external/esmf_time_f90  -I/glade/derecho/scratch/yates/NEOM_WRF/wrfv4.6.0/main -I/glade/derecho/scratch/yates/NEOM_WRF/wrfv4.6.0/external/io_netcdf -I/glade/derecho/scratch/yates/NEOM_WRF/wrfv4.6.0/external/io_int -I/glade/derecho/scratch/yates/NEOM_WRF/wrfv4.6.0/frame -I/glade/derecho/scratch/yates/NEOM_WRF/wrfv4.6.0/share -I/glade/derecho/scratch/yates/NEOM_WRF/wrfv4.6.0/phys -I/glade/derecho/scratch/yates/NEOM_WRF/wrfv4.6.0/wrftladj -I/glade/derecho/scratch/yates/NEOM_WRF/wrfv4.6.0/chem -I/glade/derecho/scratch/yates/NEOM_WRF/wrfv4.6.0/inc -I/glade/u/apps/derecho/23.09/spack/opt/spack/netcdf/4.9.2/oneapi/2023.2.1/yzvj/include  -real-size `expr 8 \* 4` -i4  module_mp_morr_two_moment.f90

real	0m30.147s
user	0m29.405s
sys	0m0.675s
rm -f module_mp_p3.o
sed -e "s/^\!.*'.*//" -e "s/^ *\!.*'.*//" module_mp_p3.F > module_mp_p3.G
/lib/cpp -P -nostdinc -I/glade/derecho/scratch/yates/NEOM_WRF/wrfv4.6.0/inc -DEM_CORE=1 -DNMM_CORE=0 -DNMM_MAX_DIM=2600 -DDA_CORE=0 -DWRFPLUS=0 -DIWORDSIZE=4 -DDWORDSIZE=8 -DRWORDSIZE=4 -DLWORDSIZE=4 -DNONSTANDARD_SYSTEM_FUNC  -DWRF_USE_CLM -DUSE_NETCDF4_FEATURES -DWRFIO_NCD_LARGE_FILE_SUPPORT  -DDM_PARALLEL -DNETCDF -DLANDREAD_STUB=1 -DUSE_ALLOCATABLES -Dwrfmodel -DGRIB1 -DINTIO -DKEEP_INT_AROUND -DLIMIT_ARGS -DBUILD_RRTMG_FAST=0 -DBUILD_RRTMK=0 -DBUILD_SBM_FAST=1 -DSHOW_ALL_VARS_USED=0 -DCONFIG_BUF_LEN=65536 -DMAX_DOMAINS_F=21 -DMAX_HISTORY=25 -DNMM_NEST=0 -DWRF_CHEM -DBUILD_CHEM=1 -I. -traditional-cpp -DUSE_NETCDF4_FEATURES -DWRFIO_NCD_LARGE_FILE_SUPPORT   module_mp_p3.G  > module_mp_p3.bb
/glade/derecho/scratch/yates/NEOM_WRF/wrfv4.6.0/tools/standard.exe module_mp_p3.bb | /lib/cpp -P -nostdinc -traditional-cpp -DUSE_NETCDF4_FEATURES -DWRFIO_NCD_LARGE_FILE_SUPPORT > module_mp_p3.f90
rm -f module_mp_p3.G module_mp_p3.bb
time mpif90 -f90=ifort -o module_mp_p3.o -c -O3 -ip -fp-model precise -w -ftz -align all -fno-alias -FR -convert big_endian    -I../dyn_em  -I/glade/derecho/scratch/yates/NEOM_WRF/wrfv4.6.0/external/esmf_time_f90  -I/glade/derecho/scratch/yates/NEOM_WRF/wrfv4.6.0/main -I/glade/derecho/scratch/yates/NEOM_WRF/wrfv4.6.0/external/io_netcdf -I/glade/derecho/scratch/yates/NEOM_WRF/wrfv4.6.0/external/io_int -I/glade/derecho/scratch/yates/NEOM_WRF/wrfv4.6.0/frame -I/glade/derecho/scratch/yates/NEOM_WRF/wrfv4.6.0/share -I/glade/derecho/scratch/yates/NEOM_WRF/wrfv4.6.0/phys -I/glade/derecho/scratch/yates/NEOM_WRF/wrfv4.6.0/wrftladj -I/glade/derecho/scratch/yates/NEOM_WRF/wrfv4.6.0/chem -I/glade/derecho/scratch/yates/NEOM_WRF/wrfv4.6.0/inc -I/glade/u/apps/derecho/23.09/spack/opt/spack/netcdf/4.9.2/oneapi/2023.2.1/yzvj/include  -real-size `expr 8 \* 4` -i4  module_mp_p3.f90

real	0m7.040s
user	0m6.555s
sys	0m0.450s
rm -f module_mp_jensen_ishmael.o
sed -e "s/^\!.*'.*//" -e "s/^ *\!.*'.*//" module_mp_jensen_ishmael.F > module_mp_jensen_ishmael.G
/lib/cpp -P -nostdinc -I/glade/derecho/scratch/yates/NEOM_WRF/wrfv4.6.0/inc -DEM_CORE=1 -DNMM_CORE=0 -DNMM_MAX_DIM=2600 -DDA_CORE=0 -DWRFPLUS=0 -DIWORDSIZE=4 -DDWORDSIZE=8 -DRWORDSIZE=4 -DLWORDSIZE=4 -DNONSTANDARD_SYSTEM_FUNC  -DWRF_USE_CLM -DUSE_NETCDF4_FEATURES -DWRFIO_NCD_LARGE_FILE_SUPPORT  -DDM_PARALLEL -DNETCDF -DLANDREAD_STUB=1 -DUSE_ALLOCATABLES -Dwrfmodel -DGRIB1 -DINTIO -DKEEP_INT_AROUND -DLIMIT_ARGS -DBUILD_RRTMG_FAST=0 -DBUILD_RRTMK=0 -DBUILD_SBM_FAST=1 -DSHOW_ALL_VARS_USED=0 -DCONFIG_BUF_LEN=65536 -DMAX_DOMAINS_F=21 -DMAX_HISTORY=25 -DNMM_NEST=0 -DWRF_CHEM -DBUILD_CHEM=1 -I. -traditional-cpp -DUSE_NETCDF4_FEATURES -DWRFIO_NCD_LARGE_FILE_SUPPORT   module_mp_jensen_ishmael.G  > module_mp_jensen_ishmael.bb
/glade/derecho/scratch/yates/NEOM_WRF/wrfv4.6.0/tools/standard.exe module_mp_jensen_ishmael.bb | /lib/cpp -P -nostdinc -traditional-cpp -DUSE_NETCDF4_FEATURES -DWRFIO_NCD_LARGE_FILE_SUPPORT > module_mp_jensen_ishmael.f90
rm -f module_mp_jensen_ishmael.G module_mp_jensen_ishmael.bb
time mpif90 -f90=ifort -o module_mp_jensen_ishmael.o -c -O3 -ip -fp-model precise -w -ftz -align all -fno-alias -FR -convert big_endian    -I../dyn_em  -I/glade/derecho/scratch/yates/NEOM_WRF/wrfv4.6.0/external/esmf_time_f90  -I/glade/derecho/scratch/yates/NEOM_WRF/wrfv4.6.0/main -I/glade/derecho/scratch/yates/NEOM_WRF/wrfv4.6.0/external/io_netcdf -I/glade/derecho/scratch/yates/NEOM_WRF/wrfv4.6.0/external/io_int -I/glade/derecho/scratch/yates/NEOM_WRF/wrfv4.6.0/frame -I/glade/derecho/scratch/yates/NEOM_WRF/wrfv4.6.0/share -I/glade/derecho/scratch/yates/NEOM_WRF/wrfv4.6.0/phys -I/glade/derecho/scratch/yates/NEOM_WRF/wrfv4.6.0/wrftladj -I/glade/derecho/scratch/yates/NEOM_WRF/wrfv4.6.0/chem -I/glade/derecho/scratch/yates/NEOM_WRF/wrfv4.6.0/inc -I/glade/u/apps/derecho/23.09/spack/opt/spack/netcdf/4.9.2/oneapi/2023.2.1/yzvj/include  -real-size `expr 8 \* 4` -i4  module_mp_jensen_ishmael.f90

real	0m15.635s
user	0m14.363s
sys	0m0.537s
rm -f module_mp_morr_two_moment_aero.o
sed -e "s/^\!.*'.*//" -e "s/^ *\!.*'.*//" module_mp_morr_two_moment_aero.F > module_mp_morr_two_moment_aero.G
/lib/cpp -P -nostdinc -I/glade/derecho/scratch/yates/NEOM_WRF/wrfv4.6.0/inc -DEM_CORE=1 -DNMM_CORE=0 -DNMM_MAX_DIM=2600 -DDA_CORE=0 -DWRFPLUS=0 -DIWORDSIZE=4 -DDWORDSIZE=8 -DRWORDSIZE=4 -DLWORDSIZE=4 -DNONSTANDARD_SYSTEM_FUNC  -DWRF_USE_CLM -DUSE_NETCDF4_FEATURES -DWRFIO_NCD_LARGE_FILE_SUPPORT  -DDM_PARALLEL -DNETCDF -DLANDREAD_STUB=1 -DUSE_ALLOCATABLES -Dwrfmodel -DGRIB1 -DINTIO -DKEEP_INT_AROUND -DLIMIT_ARGS -DBUILD_RRTMG_FAST=0 -DBUILD_RRTMK=0 -DBUILD_SBM_FAST=1 -DSHOW_ALL_VARS_USED=0 -DCONFIG_BUF_LEN=65536 -DMAX_DOMAINS_F=21 -DMAX_HISTORY=25 -DNMM_NEST=0 -DWRF_CHEM -DBUILD_CHEM=1 -I. -traditional-cpp -DUSE_NETCDF4_FEATURES -DWRFIO_NCD_LARGE_FILE_SUPPORT   module_mp_morr_two_moment_aero.G  > module_mp_morr_two_moment_aero.bb
/glade/derecho/scratch/yates/NEOM_WRF/wrfv4.6.0/tools/standard.exe module_mp_morr_two_moment_aero.bb | /lib/cpp -P -nostdinc -traditional-cpp -DUSE_NETCDF4_FEATURES -DWRFIO_NCD_LARGE_FILE_SUPPORT > module_mp_morr_two_moment_aero.f90
rm -f module_mp_morr_two_moment_aero.G module_mp_morr_two_moment_aero.bb
time mpif90 -f90=ifort -o module_mp_morr_two_moment_aero.o -c -O3 -ip -fp-model precise -w -ftz -align all -fno-alias -FR -convert big_endian    -I../dyn_em  -I/glade/derecho/scratch/yates/NEOM_WRF/wrfv4.6.0/external/esmf_time_f90  -I/glade/derecho/scratch/yates/NEOM_WRF/wrfv4.6.0/main -I/glade/derecho/scratch/yates/NEOM_WRF/wrfv4.6.0/external/io_netcdf -I/glade/derecho/scratch/yates/NEOM_WRF/wrfv4.6.0/external/io_int -I/glade/derecho/scratch/yates/NEOM_WRF/wrfv4.6.0/frame -I/glade/derecho/scratch/yates/NEOM_WRF/wrfv4.6.0/share -I/glade/derecho/scratch/yates/NEOM_WRF/wrfv4.6.0/phys -I/glade/derecho/scratch/yates/NEOM_WRF/wrfv4.6.0/wrftladj -I/glade/derecho/scratch/yates/NEOM_WRF/wrfv4.6.0/chem -I/glade/derecho/scratch/yates/NEOM_WRF/wrfv4.6.0/inc -I/glade/u/apps/derecho/23.09/spack/opt/spack/netcdf/4.9.2/oneapi/2023.2.1/yzvj/include  -real-size `expr 8 \* 4` -i4  module_mp_morr_two_moment_aero.f90

real	0m8.899s
user	0m8.381s
sys	0m0.484s
rm -f module_mp_milbrandt2mom.o
sed -e "s/^\!.*'.*//" -e "s/^ *\!.*'.*//" module_mp_milbrandt2mom.F > module_mp_milbrandt2mom.G
/lib/cpp -P -nostdinc -I/glade/derecho/scratch/yates/NEOM_WRF/wrfv4.6.0/inc -DEM_CORE=1 -DNMM_CORE=0 -DNMM_MAX_DIM=2600 -DDA_CORE=0 -DWRFPLUS=0 -DIWORDSIZE=4 -DDWORDSIZE=8 -DRWORDSIZE=4 -DLWORDSIZE=4 -DNONSTANDARD_SYSTEM_FUNC  -DWRF_USE_CLM -DUSE_NETCDF4_FEATURES -DWRFIO_NCD_LARGE_FILE_SUPPORT  -DDM_PARALLEL -DNETCDF -DLANDREAD_STUB=1 -DUSE_ALLOCATABLES -Dwrfmodel -DGRIB1 -DINTIO -DKEEP_INT_AROUND -DLIMIT_ARGS -DBUILD_RRTMG_FAST=0 -DBUILD_RRTMK=0 -DBUILD_SBM_FAST=1 -DSHOW_ALL_VARS_USED=0 -DCONFIG_BUF_LEN=65536 -DMAX_DOMAINS_F=21 -DMAX_HISTORY=25 -DNMM_NEST=0 -DWRF_CHEM -DBUILD_CHEM=1 -I. -traditional-cpp -DUSE_NETCDF4_FEATURES -DWRFIO_NCD_LARGE_FILE_SUPPORT   module_mp_milbrandt2mom.G  > module_mp_milbrandt2mom.bb
/glade/derecho/scratch/yates/NEOM_WRF/wrfv4.6.0/tools/standard.exe module_mp_milbrandt2mom.bb | /lib/cpp -P -nostdinc -traditional-cpp -DUSE_NETCDF4_FEATURES -DWRFIO_NCD_LARGE_FILE_SUPPORT > module_mp_milbrandt2mom.f90
rm -f module_mp_milbrandt2mom.G module_mp_milbrandt2mom.bb
time mpif90 -f90=ifort -o module_mp_milbrandt2mom.o -c -O3 -ip -fp-model precise -w -ftz -align all -fno-alias -FR -convert big_endian    -I../dyn_em  -I/glade/derecho/scratch/yates/NEOM_WRF/wrfv4.6.0/external/esmf_time_f90  -I/glade/derecho/scratch/yates/NEOM_WRF/wrfv4.6.0/main -I/glade/derecho/scratch/yates/NEOM_WRF/wrfv4.6.0/external/io_netcdf -I/glade/derecho/scratch/yates/NEOM_WRF/wrfv4.6.0/external/io_int -I/glade/derecho/scratch/yates/NEOM_WRF/wrfv4.6.0/frame -I/glade/derecho/scratch/yates/NEOM_WRF/wrfv4.6.0/share -I/glade/derecho/scratch/yates/NEOM_WRF/wrfv4.6.0/phys -I/glade/derecho/scratch/yates/NEOM_WRF/wrfv4.6.0/wrftladj -I/glade/derecho/scratch/yates/NEOM_WRF/wrfv4.6.0/chem -I/glade/derecho/scratch/yates/NEOM_WRF/wrfv4.6.0/inc -I/glade/u/apps/derecho/23.09/spack/opt/spack/netcdf/4.9.2/oneapi/2023.2.1/yzvj/include  -real-size `expr 8 \* 4` -i4  module_mp_milbrandt2mom.f90

real	0m32.734s
user	0m31.966s
sys	0m0.723s
rm -f module_mp_nssl_2mom.o
sed -e "s/^\!.*'.*//" -e "s/^ *\!.*'.*//" module_mp_nssl_2mom.F > module_mp_nssl_2mom.G
/lib/cpp -P -nostdinc -I/glade/derecho/scratch/yates/NEOM_WRF/wrfv4.6.0/inc -DEM_CORE=1 -DNMM_CORE=0 -DNMM_MAX_DIM=2600 -DDA_CORE=0 -DWRFPLUS=0 -DIWORDSIZE=4 -DDWORDSIZE=8 -DRWORDSIZE=4 -DLWORDSIZE=4 -DNONSTANDARD_SYSTEM_FUNC  -DWRF_USE_CLM -DUSE_NETCDF4_FEATURES -DWRFIO_NCD_LARGE_FILE_SUPPORT  -DDM_PARALLEL -DNETCDF -DLANDREAD_STUB=1 -DUSE_ALLOCATABLES -Dwrfmodel -DGRIB1 -DINTIO -DKEEP_INT_AROUND -DLIMIT_ARGS -DBUILD_RRTMG_FAST=0 -DBUILD_RRTMK=0 -DBUILD_SBM_FAST=1 -DSHOW_ALL_VARS_USED=0 -DCONFIG_BUF_LEN=65536 -DMAX_DOMAINS_F=21 -DMAX_HISTORY=25 -DNMM_NEST=0 -DWRF_CHEM -DBUILD_CHEM=1 -I. -traditional-cpp -DUSE_NETCDF4_FEATURES -DWRFIO_NCD_LARGE_FILE_SUPPORT   module_mp_nssl_2mom.G  > module_mp_nssl_2mom.bb
/glade/derecho/scratch/yates/NEOM_WRF/wrfv4.6.0/tools/standard.exe module_mp_nssl_2mom.bb | /lib/cpp -P -nostdinc -traditional-cpp -DUSE_NETCDF4_FEATURES -DWRFIO_NCD_LARGE_FILE_SUPPORT > module_mp_nssl_2mom.f90
rm -f module_mp_nssl_2mom.G module_mp_nssl_2mom.bb
time mpif90 -f90=ifort -o module_mp_nssl_2mom.o -c -O3 -ip -fp-model precise -w -ftz -align all -fno-alias -FR -convert big_endian    -I../dyn_em  -I/glade/derecho/scratch/yates/NEOM_WRF/wrfv4.6.0/external/esmf_time_f90  -I/glade/derecho/scratch/yates/NEOM_WRF/wrfv4.6.0/main -I/glade/derecho/scratch/yates/NEOM_WRF/wrfv4.6.0/external/io_netcdf -I/glade/derecho/scratch/yates/NEOM_WRF/wrfv4.6.0/external/io_int -I/glade/derecho/scratch/yates/NEOM_WRF/wrfv4.6.0/frame -I/glade/derecho/scratch/yates/NEOM_WRF/wrfv4.6.0/share -I/glade/derecho/scratch/yates/NEOM_WRF/wrfv4.6.0/phys -I/glade/derecho/scratch/yates/NEOM_WRF/wrfv4.6.0/wrftladj -I/glade/derecho/scratch/yates/NEOM_WRF/wrfv4.6.0/chem -I/glade/derecho/scratch/yates/NEOM_WRF/wrfv4.6.0/inc -I/glade/u/apps/derecho/23.09/spack/opt/spack/netcdf/4.9.2/oneapi/2023.2.1/yzvj/include  -real-size `expr 8 \* 4` -i4  module_mp_nssl_2mom.f90

real	0m11.960s
user	0m11.453s
sys	0m0.469s
rm -f module_mp_wdm5.o
sed -e "s/^\!.*'.*//" -e "s/^ *\!.*'.*//" module_mp_wdm5.F > module_mp_wdm5.G
/lib/cpp -P -nostdinc -I/glade/derecho/scratch/yates/NEOM_WRF/wrfv4.6.0/inc -DEM_CORE=1 -DNMM_CORE=0 -DNMM_MAX_DIM=2600 -DDA_CORE=0 -DWRFPLUS=0 -DIWORDSIZE=4 -DDWORDSIZE=8 -DRWORDSIZE=4 -DLWORDSIZE=4 -DNONSTANDARD_SYSTEM_FUNC  -DWRF_USE_CLM -DUSE_NETCDF4_FEATURES -DWRFIO_NCD_LARGE_FILE_SUPPORT  -DDM_PARALLEL -DNETCDF -DLANDREAD_STUB=1 -DUSE_ALLOCATABLES -Dwrfmodel -DGRIB1 -DINTIO -DKEEP_INT_AROUND -DLIMIT_ARGS -DBUILD_RRTMG_FAST=0 -DBUILD_RRTMK=0 -DBUILD_SBM_FAST=1 -DSHOW_ALL_VARS_USED=0 -DCONFIG_BUF_LEN=65536 -DMAX_DOMAINS_F=21 -DMAX_HISTORY=25 -DNMM_NEST=0 -DWRF_CHEM -DBUILD_CHEM=1 -I. -traditional-cpp -DUSE_NETCDF4_FEATURES -DWRFIO_NCD_LARGE_FILE_SUPPORT   module_mp_wdm5.G  > module_mp_wdm5.bb
/glade/derecho/scratch/yates/NEOM_WRF/wrfv4.6.0/tools/standard.exe module_mp_wdm5.bb | /lib/cpp -P -nostdinc -traditional-cpp -DUSE_NETCDF4_FEATURES -DWRFIO_NCD_LARGE_FILE_SUPPORT > module_mp_wdm5.f90
rm -f module_mp_wdm5.G module_mp_wdm5.bb
time mpif90 -f90=ifort -o module_mp_wdm5.o -c -O3 -ip -fp-model precise -w -ftz -align all -fno-alias -FR -convert big_endian    -I../dyn_em  -I/glade/derecho/scratch/yates/NEOM_WRF/wrfv4.6.0/external/esmf_time_f90  -I/glade/derecho/scratch/yates/NEOM_WRF/wrfv4.6.0/main -I/glade/derecho/scratch/yates/NEOM_WRF/wrfv4.6.0/external/io_netcdf -I/glade/derecho/scratch/yates/NEOM_WRF/wrfv4.6.0/external/io_int -I/glade/derecho/scratch/yates/NEOM_WRF/wrfv4.6.0/frame -I/glade/derecho/scratch/yates/NEOM_WRF/wrfv4.6.0/share -I/glade/derecho/scratch/yates/NEOM_WRF/wrfv4.6.0/phys -I/glade/derecho/scratch/yates/NEOM_WRF/wrfv4.6.0/wrftladj -I/glade/derecho/scratch/yates/NEOM_WRF/wrfv4.6.0/chem -I/glade/derecho/scratch/yates/NEOM_WRF/wrfv4.6.0/inc -I/glade/u/apps/derecho/23.09/spack/opt/spack/netcdf/4.9.2/oneapi/2023.2.1/yzvj/include  -real-size `expr 8 \* 4` -i4  module_mp_wdm5.f90

real	0m9.883s
user	0m9.410s
sys	0m0.441s
rm -f module_mp_wdm6.o
sed -e "s/^\!.*'.*//" -e "s/^ *\!.*'.*//" module_mp_wdm6.F > module_mp_wdm6.G
/lib/cpp -P -nostdinc -I/glade/derecho/scratch/yates/NEOM_WRF/wrfv4.6.0/inc -DEM_CORE=1 -DNMM_CORE=0 -DNMM_MAX_DIM=2600 -DDA_CORE=0 -DWRFPLUS=0 -DIWORDSIZE=4 -DDWORDSIZE=8 -DRWORDSIZE=4 -DLWORDSIZE=4 -DNONSTANDARD_SYSTEM_FUNC  -DWRF_USE_CLM -DUSE_NETCDF4_FEATURES -DWRFIO_NCD_LARGE_FILE_SUPPORT  -DDM_PARALLEL -DNETCDF -DLANDREAD_STUB=1 -DUSE_ALLOCATABLES -Dwrfmodel -DGRIB1 -DINTIO -DKEEP_INT_AROUND -DLIMIT_ARGS -DBUILD_RRTMG_FAST=0 -DBUILD_RRTMK=0 -DBUILD_SBM_FAST=1 -DSHOW_ALL_VARS_USED=0 -DCONFIG_BUF_LEN=65536 -DMAX_DOMAINS_F=21 -DMAX_HISTORY=25 -DNMM_NEST=0 -DWRF_CHEM -DBUILD_CHEM=1 -I. -traditional-cpp -DUSE_NETCDF4_FEATURES -DWRFIO_NCD_LARGE_FILE_SUPPORT   module_mp_wdm6.G  > module_mp_wdm6.bb
/glade/derecho/scratch/yates/NEOM_WRF/wrfv4.6.0/tools/standard.exe module_mp_wdm6.bb | /lib/cpp -P -nostdinc -traditional-cpp -DUSE_NETCDF4_FEATURES -DWRFIO_NCD_LARGE_FILE_SUPPORT > module_mp_wdm6.f90
rm -f module_mp_wdm6.G module_mp_wdm6.bb
time mpif90 -f90=ifort -o module_mp_wdm6.o -c -O3 -ip -fp-model precise -w -ftz -align all -fno-alias -FR -convert big_endian    -I../dyn_em  -I/glade/derecho/scratch/yates/NEOM_WRF/wrfv4.6.0/external/esmf_time_f90  -I/glade/derecho/scratch/yates/NEOM_WRF/wrfv4.6.0/main -I/glade/derecho/scratch/yates/NEOM_WRF/wrfv4.6.0/external/io_netcdf -I/glade/derecho/scratch/yates/NEOM_WRF/wrfv4.6.0/external/io_int -I/glade/derecho/scratch/yates/NEOM_WRF/wrfv4.6.0/frame -I/glade/derecho/scratch/yates/NEOM_WRF/wrfv4.6.0/share -I/glade/derecho/scratch/yates/NEOM_WRF/wrfv4.6.0/phys -I/glade/derecho/scratch/yates/NEOM_WRF/wrfv4.6.0/wrftladj -I/glade/derecho/scratch/yates/NEOM_WRF/wrfv4.6.0/chem -I/glade/derecho/scratch/yates/NEOM_WRF/wrfv4.6.0/inc -I/glade/u/apps/derecho/23.09/spack/opt/spack/netcdf/4.9.2/oneapi/2023.2.1/yzvj/include  -real-size `expr 8 \* 4` -i4  module_mp_wdm6.f90

real	0m14.971s
user	0m14.342s
sys	0m0.597s
rm -f module_mp_wdm7.o
sed -e "s/^\!.*'.*//" -e "s/^ *\!.*'.*//" module_mp_wdm7.F > module_mp_wdm7.G
/lib/cpp -P -nostdinc -I/glade/derecho/scratch/yates/NEOM_WRF/wrfv4.6.0/inc -DEM_CORE=1 -DNMM_CORE=0 -DNMM_MAX_DIM=2600 -DDA_CORE=0 -DWRFPLUS=0 -DIWORDSIZE=4 -DDWORDSIZE=8 -DRWORDSIZE=4 -DLWORDSIZE=4 -DNONSTANDARD_SYSTEM_FUNC  -DWRF_USE_CLM -DUSE_NETCDF4_FEATURES -DWRFIO_NCD_LARGE_FILE_SUPPORT  -DDM_PARALLEL -DNETCDF -DLANDREAD_STUB=1 -DUSE_ALLOCATABLES -Dwrfmodel -DGRIB1 -DINTIO -DKEEP_INT_AROUND -DLIMIT_ARGS -DBUILD_RRTMG_FAST=0 -DBUILD_RRTMK=0 -DBUILD_SBM_FAST=1 -DSHOW_ALL_VARS_USED=0 -DCONFIG_BUF_LEN=65536 -DMAX_DOMAINS_F=21 -DMAX_HISTORY=25 -DNMM_NEST=0 -DWRF_CHEM -DBUILD_CHEM=1 -I. -traditional-cpp -DUSE_NETCDF4_FEATURES -DWRFIO_NCD_LARGE_FILE_SUPPORT   module_mp_wdm7.G  > module_mp_wdm7.bb
/glade/derecho/scratch/yates/NEOM_WRF/wrfv4.6.0/tools/standard.exe module_mp_wdm7.bb | /lib/cpp -P -nostdinc -traditional-cpp -DUSE_NETCDF4_FEATURES -DWRFIO_NCD_LARGE_FILE_SUPPORT > module_mp_wdm7.f90
rm -f module_mp_wdm7.G module_mp_wdm7.bb
time mpif90 -f90=ifort -o module_mp_wdm7.o -c -O3 -ip -fp-model precise -w -ftz -align all -fno-alias -FR -convert big_endian    -I../dyn_em  -I/glade/derecho/scratch/yates/NEOM_WRF/wrfv4.6.0/external/esmf_time_f90  -I/glade/derecho/scratch/yates/NEOM_WRF/wrfv4.6.0/main -I/glade/derecho/scratch/yates/NEOM_WRF/wrfv4.6.0/external/io_netcdf -I/glade/derecho/scratch/yates/NEOM_WRF/wrfv4.6.0/external/io_int -I/glade/derecho/scratch/yates/NEOM_WRF/wrfv4.6.0/frame -I/glade/derecho/scratch/yates/NEOM_WRF/wrfv4.6.0/share -I/glade/derecho/scratch/yates/NEOM_WRF/wrfv4.6.0/phys -I/glade/derecho/scratch/yates/NEOM_WRF/wrfv4.6.0/wrftladj -I/glade/derecho/scratch/yates/NEOM_WRF/wrfv4.6.0/chem -I/glade/derecho/scratch/yates/NEOM_WRF/wrfv4.6.0/inc -I/glade/u/apps/derecho/23.09/spack/opt/spack/netcdf/4.9.2/oneapi/2023.2.1/yzvj/include  -real-size `expr 8 \* 4` -i4  module_mp_wdm7.f90

real	0m51.979s
user	0m51.096s
sys	0m0.836s
rm -f module_mp_ntu.o
sed -e "s/^\!.*'.*//" -e "s/^ *\!.*'.*//" module_mp_ntu.F > module_mp_ntu.G
/lib/cpp -P -nostdinc -I/glade/derecho/scratch/yates/NEOM_WRF/wrfv4.6.0/inc -DEM_CORE=1 -DNMM_CORE=0 -DNMM_MAX_DIM=2600 -DDA_CORE=0 -DWRFPLUS=0 -DIWORDSIZE=4 -DDWORDSIZE=8 -DRWORDSIZE=4 -DLWORDSIZE=4 -DNONSTANDARD_SYSTEM_FUNC  -DWRF_USE_CLM -DUSE_NETCDF4_FEATURES -DWRFIO_NCD_LARGE_FILE_SUPPORT  -DDM_PARALLEL -DNETCDF -DLANDREAD_STUB=1 -DUSE_ALLOCATABLES -Dwrfmodel -DGRIB1 -DINTIO -DKEEP_INT_AROUND -DLIMIT_ARGS -DBUILD_RRTMG_FAST=0 -DBUILD_RRTMK=0 -DBUILD_SBM_FAST=1 -DSHOW_ALL_VARS_USED=0 -DCONFIG_BUF_LEN=65536 -DMAX_DOMAINS_F=21 -DMAX_HISTORY=25 -DNMM_NEST=0 -DWRF_CHEM -DBUILD_CHEM=1 -I. -traditional-cpp -DUSE_NETCDF4_FEATURES -DWRFIO_NCD_LARGE_FILE_SUPPORT   module_mp_ntu.G  > module_mp_ntu.bb
/glade/derecho/scratch/yates/NEOM_WRF/wrfv4.6.0/tools/standard.exe module_mp_ntu.bb | /lib/cpp -P -nostdinc -traditional-cpp -DUSE_NETCDF4_FEATURES -DWRFIO_NCD_LARGE_FILE_SUPPORT > module_mp_ntu.f90
rm -f module_mp_ntu.G module_mp_ntu.bb
time mpif90 -f90=ifort -o module_mp_ntu.o -c -O3 -ip -fp-model precise -w -ftz -align all -fno-alias -FR -convert big_endian    -I../dyn_em  -I/glade/derecho/scratch/yates/NEOM_WRF/wrfv4.6.0/external/esmf_time_f90  -I/glade/derecho/scratch/yates/NEOM_WRF/wrfv4.6.0/main -I/glade/derecho/scratch/yates/NEOM_WRF/wrfv4.6.0/external/io_netcdf -I/glade/derecho/scratch/yates/NEOM_WRF/wrfv4.6.0/external/io_int -I/glade/derecho/scratch/yates/NEOM_WRF/wrfv4.6.0/frame -I/glade/derecho/scratch/yates/NEOM_WRF/wrfv4.6.0/share -I/glade/derecho/scratch/yates/NEOM_WRF/wrfv4.6.0/phys -I/glade/derecho/scratch/yates/NEOM_WRF/wrfv4.6.0/wrftladj -I/glade/derecho/scratch/yates/NEOM_WRF/wrfv4.6.0/chem -I/glade/derecho/scratch/yates/NEOM_WRF/wrfv4.6.0/inc -I/glade/u/apps/derecho/23.09/spack/opt/spack/netcdf/4.9.2/oneapi/2023.2.1/yzvj/include  -real-size `expr 8 \* 4` -i4  module_mp_ntu.f90

real	0m23.579s
user	0m22.955s
sys	0m0.580s
rm -f module_sf_sfclay.o
sed -e "s/^\!.*'.*//" -e "s/^ *\!.*'.*//" module_sf_sfclay.F > module_sf_sfclay.G
/lib/cpp -P -nostdinc -I/glade/derecho/scratch/yates/NEOM_WRF/wrfv4.6.0/inc -DEM_CORE=1 -DNMM_CORE=0 -DNMM_MAX_DIM=2600 -DDA_CORE=0 -DWRFPLUS=0 -DIWORDSIZE=4 -DDWORDSIZE=8 -DRWORDSIZE=4 -DLWORDSIZE=4 -DNONSTANDARD_SYSTEM_FUNC  -DWRF_USE_CLM -DUSE_NETCDF4_FEATURES -DWRFIO_NCD_LARGE_FILE_SUPPORT  -DDM_PARALLEL -DNETCDF -DLANDREAD_STUB=1 -DUSE_ALLOCATABLES -Dwrfmodel -DGRIB1 -DINTIO -DKEEP_INT_AROUND -DLIMIT_ARGS -DBUILD_RRTMG_FAST=0 -DBUILD_RRTMK=0 -DBUILD_SBM_FAST=1 -DSHOW_ALL_VARS_USED=0 -DCONFIG_BUF_LEN=65536 -DMAX_DOMAINS_F=21 -DMAX_HISTORY=25 -DNMM_NEST=0 -DWRF_CHEM -DBUILD_CHEM=1 -I. -traditional-cpp -DUSE_NETCDF4_FEATURES -DWRFIO_NCD_LARGE_FILE_SUPPORT   module_sf_sfclay.G  > module_sf_sfclay.bb
/glade/derecho/scratch/yates/NEOM_WRF/wrfv4.6.0/tools/standard.exe module_sf_sfclay.bb | /lib/cpp -P -nostdinc -traditional-cpp -DUSE_NETCDF4_FEATURES -DWRFIO_NCD_LARGE_FILE_SUPPORT > module_sf_sfclay.f90
rm -f module_sf_sfclay.G module_sf_sfclay.bb
time mpif90 -f90=ifort -o module_sf_sfclay.o -c -O3 -ip -fp-model precise -w -ftz -align all -fno-alias -FR -convert big_endian    -I../dyn_em  -I/glade/derecho/scratch/yates/NEOM_WRF/wrfv4.6.0/external/esmf_time_f90  -I/glade/derecho/scratch/yates/NEOM_WRF/wrfv4.6.0/main -I/glade/derecho/scratch/yates/NEOM_WRF/wrfv4.6.0/external/io_netcdf -I/glade/derecho/scratch/yates/NEOM_WRF/wrfv4.6.0/external/io_int -I/glade/derecho/scratch/yates/NEOM_WRF/wrfv4.6.0/frame -I/glade/derecho/scratch/yates/NEOM_WRF/wrfv4.6.0/share -I/glade/derecho/scratch/yates/NEOM_WRF/wrfv4.6.0/phys -I/glade/derecho/scratch/yates/NEOM_WRF/wrfv4.6.0/wrftladj -I/glade/derecho/scratch/yates/NEOM_WRF/wrfv4.6.0/chem -I/glade/derecho/scratch/yates/NEOM_WRF/wrfv4.6.0/inc -I/glade/u/apps/derecho/23.09/spack/opt/spack/netcdf/4.9.2/oneapi/2023.2.1/yzvj/include  -real-size `expr 8 \* 4` -i4  module_sf_sfclay.f90

real	0m1.366s
user	0m1.014s
sys	0m0.324s
rm -f physics_mmm/sf_sfclayrev.o
sed -e "s/^\!.*'.*//" -e "s/^ *\!.*'.*//" physics_mmm/sf_sfclayrev.F90 > physics_mmm/sf_sfclayrev.G
/lib/cpp -P -nostdinc -I/glade/derecho/scratch/yates/NEOM_WRF/wrfv4.6.0/inc -DEM_CORE=1 -DNMM_CORE=0 -DNMM_MAX_DIM=2600 -DDA_CORE=0 -DWRFPLUS=0 -DIWORDSIZE=4 -DDWORDSIZE=8 -DRWORDSIZE=4 -DLWORDSIZE=4 -DNONSTANDARD_SYSTEM_FUNC  -DWRF_USE_CLM -DUSE_NETCDF4_FEATURES -DWRFIO_NCD_LARGE_FILE_SUPPORT  -DDM_PARALLEL -DNETCDF -DLANDREAD_STUB=1 -DUSE_ALLOCATABLES -Dwrfmodel -DGRIB1 -DINTIO -DKEEP_INT_AROUND -DLIMIT_ARGS -DBUILD_RRTMG_FAST=0 -DBUILD_RRTMK=0 -DBUILD_SBM_FAST=1 -DSHOW_ALL_VARS_USED=0 -DCONFIG_BUF_LEN=65536 -DMAX_DOMAINS_F=21 -DMAX_HISTORY=25 -DNMM_NEST=0 -DWRF_CHEM -DBUILD_CHEM=1 -I. -traditional-cpp -DUSE_NETCDF4_FEATURES -DWRFIO_NCD_LARGE_FILE_SUPPORT   physics_mmm/sf_sfclayrev.G  > physics_mmm/sf_sfclayrev.bb
/glade/derecho/scratch/yates/NEOM_WRF/wrfv4.6.0/tools/standard.exe physics_mmm/sf_sfclayrev.bb | /lib/cpp -P -nostdinc -traditional-cpp -DUSE_NETCDF4_FEATURES -DWRFIO_NCD_LARGE_FILE_SUPPORT > physics_mmm/sf_sfclayrev.f90
rm -f physics_mmm/sf_sfclayrev.G physics_mmm/sf_sfclayrev.bb
time mpif90 -f90=ifort -o physics_mmm/sf_sfclayrev.o -c -O3 -ip -fp-model precise -w -ftz -align all -fno-alias -FR -convert big_endian    -I../dyn_em  -I/glade/derecho/scratch/yates/NEOM_WRF/wrfv4.6.0/external/esmf_time_f90  -I/glade/derecho/scratch/yates/NEOM_WRF/wrfv4.6.0/main -I/glade/derecho/scratch/yates/NEOM_WRF/wrfv4.6.0/external/io_netcdf -I/glade/derecho/scratch/yates/NEOM_WRF/wrfv4.6.0/external/io_int -I/glade/derecho/scratch/yates/NEOM_WRF/wrfv4.6.0/frame -I/glade/derecho/scratch/yates/NEOM_WRF/wrfv4.6.0/share -I/glade/derecho/scratch/yates/NEOM_WRF/wrfv4.6.0/phys -I/glade/derecho/scratch/yates/NEOM_WRF/wrfv4.6.0/wrftladj -I/glade/derecho/scratch/yates/NEOM_WRF/wrfv4.6.0/chem -I/glade/derecho/scratch/yates/NEOM_WRF/wrfv4.6.0/inc -I/glade/u/apps/derecho/23.09/spack/opt/spack/netcdf/4.9.2/oneapi/2023.2.1/yzvj/include  -real-size `expr 8 \* 4` -i4  physics_mmm/sf_sfclayrev.f90

real	0m2.055s
user	0m1.643s
sys	0m0.387s
rm -f module_progtm.o
sed -e "s/^\!.*'.*//" -e "s/^ *\!.*'.*//" module_progtm.F > module_progtm.G
/lib/cpp -P -nostdinc -I/glade/derecho/scratch/yates/NEOM_WRF/wrfv4.6.0/inc -DEM_CORE=1 -DNMM_CORE=0 -DNMM_MAX_DIM=2600 -DDA_CORE=0 -DWRFPLUS=0 -DIWORDSIZE=4 -DDWORDSIZE=8 -DRWORDSIZE=4 -DLWORDSIZE=4 -DNONSTANDARD_SYSTEM_FUNC  -DWRF_USE_CLM -DUSE_NETCDF4_FEATURES -DWRFIO_NCD_LARGE_FILE_SUPPORT  -DDM_PARALLEL -DNETCDF -DLANDREAD_STUB=1 -DUSE_ALLOCATABLES -Dwrfmodel -DGRIB1 -DINTIO -DKEEP_INT_AROUND -DLIMIT_ARGS -DBUILD_RRTMG_FAST=0 -DBUILD_RRTMK=0 -DBUILD_SBM_FAST=1 -DSHOW_ALL_VARS_USED=0 -DCONFIG_BUF_LEN=65536 -DMAX_DOMAINS_F=21 -DMAX_HISTORY=25 -DNMM_NEST=0 -DWRF_CHEM -DBUILD_CHEM=1 -I. -traditional-cpp -DUSE_NETCDF4_FEATURES -DWRFIO_NCD_LARGE_FILE_SUPPORT   module_progtm.G  > module_progtm.bb
/glade/derecho/scratch/yates/NEOM_WRF/wrfv4.6.0/tools/standard.exe module_progtm.bb | /lib/cpp -P -nostdinc -traditional-cpp -DUSE_NETCDF4_FEATURES -DWRFIO_NCD_LARGE_FILE_SUPPORT > module_progtm.f90
rm -f module_progtm.G module_progtm.bb
time mpif90 -f90=ifort -o module_progtm.o -c -O3 -ip -fp-model precise -w -ftz -align all -fno-alias -FR -convert big_endian    -I../dyn_em  -I/glade/derecho/scratch/yates/NEOM_WRF/wrfv4.6.0/external/esmf_time_f90  -I/glade/derecho/scratch/yates/NEOM_WRF/wrfv4.6.0/main -I/glade/derecho/scratch/yates/NEOM_WRF/wrfv4.6.0/external/io_netcdf -I/glade/derecho/scratch/yates/NEOM_WRF/wrfv4.6.0/external/io_int -I/glade/derecho/scratch/yates/NEOM_WRF/wrfv4.6.0/frame -I/glade/derecho/scratch/yates/NEOM_WRF/wrfv4.6.0/share -I/glade/derecho/scratch/yates/NEOM_WRF/wrfv4.6.0/phys -I/glade/derecho/scratch/yates/NEOM_WRF/wrfv4.6.0/wrftladj -I/glade/derecho/scratch/yates/NEOM_WRF/wrfv4.6.0/chem -I/glade/derecho/scratch/yates/NEOM_WRF/wrfv4.6.0/inc -I/glade/u/apps/derecho/23.09/spack/opt/spack/netcdf/4.9.2/oneapi/2023.2.1/yzvj/include  -real-size `expr 8 \* 4` -i4  module_progtm.f90

real	0m0.415s
user	0m0.111s
sys	0m0.279s
rm -f module_sf_exchcoef.o
sed -e "s/^\!.*'.*//" -e "s/^ *\!.*'.*//" module_sf_exchcoef.F > module_sf_exchcoef.G
/lib/cpp -P -nostdinc -I/glade/derecho/scratch/yates/NEOM_WRF/wrfv4.6.0/inc -DEM_CORE=1 -DNMM_CORE=0 -DNMM_MAX_DIM=2600 -DDA_CORE=0 -DWRFPLUS=0 -DIWORDSIZE=4 -DDWORDSIZE=8 -DRWORDSIZE=4 -DLWORDSIZE=4 -DNONSTANDARD_SYSTEM_FUNC  -DWRF_USE_CLM -DUSE_NETCDF4_FEATURES -DWRFIO_NCD_LARGE_FILE_SUPPORT  -DDM_PARALLEL -DNETCDF -DLANDREAD_STUB=1 -DUSE_ALLOCATABLES -Dwrfmodel -DGRIB1 -DINTIO -DKEEP_INT_AROUND -DLIMIT_ARGS -DBUILD_RRTMG_FAST=0 -DBUILD_RRTMK=0 -DBUILD_SBM_FAST=1 -DSHOW_ALL_VARS_USED=0 -DCONFIG_BUF_LEN=65536 -DMAX_DOMAINS_F=21 -DMAX_HISTORY=25 -DNMM_NEST=0 -DWRF_CHEM -DBUILD_CHEM=1 -I. -traditional-cpp -DUSE_NETCDF4_FEATURES -DWRFIO_NCD_LARGE_FILE_SUPPORT   module_sf_exchcoef.G  > module_sf_exchcoef.bb
/glade/derecho/scratch/yates/NEOM_WRF/wrfv4.6.0/tools/standard.exe module_sf_exchcoef.bb | /lib/cpp -P -nostdinc -traditional-cpp -DUSE_NETCDF4_FEATURES -DWRFIO_NCD_LARGE_FILE_SUPPORT > module_sf_exchcoef.f90
rm -f module_sf_exchcoef.G module_sf_exchcoef.bb
time mpif90 -f90=ifort -o module_sf_exchcoef.o -c -O3 -ip -fp-model precise -w -ftz -align all -fno-alias -FR -convert big_endian    -I../dyn_em  -I/glade/derecho/scratch/yates/NEOM_WRF/wrfv4.6.0/external/esmf_time_f90  -I/glade/derecho/scratch/yates/NEOM_WRF/wrfv4.6.0/main -I/glade/derecho/scratch/yates/NEOM_WRF/wrfv4.6.0/external/io_netcdf -I/glade/derecho/scratch/yates/NEOM_WRF/wrfv4.6.0/external/io_int -I/glade/derecho/scratch/yates/NEOM_WRF/wrfv4.6.0/frame -I/glade/derecho/scratch/yates/NEOM_WRF/wrfv4.6.0/share -I/glade/derecho/scratch/yates/NEOM_WRF/wrfv4.6.0/phys -I/glade/derecho/scratch/yates/NEOM_WRF/wrfv4.6.0/wrftladj -I/glade/derecho/scratch/yates/NEOM_WRF/wrfv4.6.0/chem -I/glade/derecho/scratch/yates/NEOM_WRF/wrfv4.6.0/inc -I/glade/u/apps/derecho/23.09/spack/opt/spack/netcdf/4.9.2/oneapi/2023.2.1/yzvj/include  -real-size `expr 8 \* 4` -i4  module_sf_exchcoef.f90

real	0m0.556s
user	0m0.233s
sys	0m0.299s
rm -f module_sf_slab.o
sed -e "s/^\!.*'.*//" -e "s/^ *\!.*'.*//" module_sf_slab.F > module_sf_slab.G
/lib/cpp -P -nostdinc -I/glade/derecho/scratch/yates/NEOM_WRF/wrfv4.6.0/inc -DEM_CORE=1 -DNMM_CORE=0 -DNMM_MAX_DIM=2600 -DDA_CORE=0 -DWRFPLUS=0 -DIWORDSIZE=4 -DDWORDSIZE=8 -DRWORDSIZE=4 -DLWORDSIZE=4 -DNONSTANDARD_SYSTEM_FUNC  -DWRF_USE_CLM -DUSE_NETCDF4_FEATURES -DWRFIO_NCD_LARGE_FILE_SUPPORT  -DDM_PARALLEL -DNETCDF -DLANDREAD_STUB=1 -DUSE_ALLOCATABLES -Dwrfmodel -DGRIB1 -DINTIO -DKEEP_INT_AROUND -DLIMIT_ARGS -DBUILD_RRTMG_FAST=0 -DBUILD_RRTMK=0 -DBUILD_SBM_FAST=1 -DSHOW_ALL_VARS_USED=0 -DCONFIG_BUF_LEN=65536 -DMAX_DOMAINS_F=21 -DMAX_HISTORY=25 -DNMM_NEST=0 -DWRF_CHEM -DBUILD_CHEM=1 -I. -traditional-cpp -DUSE_NETCDF4_FEATURES -DWRFIO_NCD_LARGE_FILE_SUPPORT   module_sf_slab.G  > module_sf_slab.bb
/glade/derecho/scratch/yates/NEOM_WRF/wrfv4.6.0/tools/standard.exe module_sf_slab.bb | /lib/cpp -P -nostdinc -traditional-cpp -DUSE_NETCDF4_FEATURES -DWRFIO_NCD_LARGE_FILE_SUPPORT > module_sf_slab.f90
rm -f module_sf_slab.G module_sf_slab.bb
time mpif90 -f90=ifort -o module_sf_slab.o -c -O3 -ip -fp-model precise -w -ftz -align all -fno-alias -FR -convert big_endian    -I../dyn_em  -I/glade/derecho/scratch/yates/NEOM_WRF/wrfv4.6.0/external/esmf_time_f90  -I/glade/derecho/scratch/yates/NEOM_WRF/wrfv4.6.0/main -I/glade/derecho/scratch/yates/NEOM_WRF/wrfv4.6.0/external/io_netcdf -I/glade/derecho/scratch/yates/NEOM_WRF/wrfv4.6.0/external/io_int -I/glade/derecho/scratch/yates/NEOM_WRF/wrfv4.6.0/frame -I/glade/derecho/scratch/yates/NEOM_WRF/wrfv4.6.0/share -I/glade/derecho/scratch/yates/NEOM_WRF/wrfv4.6.0/phys -I/glade/derecho/scratch/yates/NEOM_WRF/wrfv4.6.0/wrftladj -I/glade/derecho/scratch/yates/NEOM_WRF/wrfv4.6.0/chem -I/glade/derecho/scratch/yates/NEOM_WRF/wrfv4.6.0/inc -I/glade/u/apps/derecho/23.09/spack/opt/spack/netcdf/4.9.2/oneapi/2023.2.1/yzvj/include  -real-size `expr 8 \* 4` -i4  module_sf_slab.f90

real	0m0.933s
user	0m0.596s
sys	0m0.311s
rm -f module_sf_noahlsm.o
sed -e "s/^\!.*'.*//" -e "s/^ *\!.*'.*//" module_sf_noahlsm.F > module_sf_noahlsm.G
/lib/cpp -P -nostdinc -I/glade/derecho/scratch/yates/NEOM_WRF/wrfv4.6.0/inc -DEM_CORE=1 -DNMM_CORE=0 -DNMM_MAX_DIM=2600 -DDA_CORE=0 -DWRFPLUS=0 -DIWORDSIZE=4 -DDWORDSIZE=8 -DRWORDSIZE=4 -DLWORDSIZE=4 -DNONSTANDARD_SYSTEM_FUNC  -DWRF_USE_CLM -DUSE_NETCDF4_FEATURES -DWRFIO_NCD_LARGE_FILE_SUPPORT  -DDM_PARALLEL -DNETCDF -DLANDREAD_STUB=1 -DUSE_ALLOCATABLES -Dwrfmodel -DGRIB1 -DINTIO -DKEEP_INT_AROUND -DLIMIT_ARGS -DBUILD_RRTMG_FAST=0 -DBUILD_RRTMK=0 -DBUILD_SBM_FAST=1 -DSHOW_ALL_VARS_USED=0 -DCONFIG_BUF_LEN=65536 -DMAX_DOMAINS_F=21 -DMAX_HISTORY=25 -DNMM_NEST=0 -DWRF_CHEM -DBUILD_CHEM=1 -I. -traditional-cpp -DUSE_NETCDF4_FEATURES -DWRFIO_NCD_LARGE_FILE_SUPPORT   module_sf_noahlsm.G  > module_sf_noahlsm.bb
/glade/derecho/scratch/yates/NEOM_WRF/wrfv4.6.0/tools/standard.exe module_sf_noahlsm.bb | /lib/cpp -P -nostdinc -traditional-cpp -DUSE_NETCDF4_FEATURES -DWRFIO_NCD_LARGE_FILE_SUPPORT > module_sf_noahlsm.f90
rm -f module_sf_noahlsm.G module_sf_noahlsm.bb
time mpif90 -f90=ifort -o module_sf_noahlsm.o -c -O3 -ip -fp-model precise -w -ftz -align all -fno-alias -FR -convert big_endian    -I../dyn_em  -I/glade/derecho/scratch/yates/NEOM_WRF/wrfv4.6.0/external/esmf_time_f90  -I/glade/derecho/scratch/yates/NEOM_WRF/wrfv4.6.0/main -I/glade/derecho/scratch/yates/NEOM_WRF/wrfv4.6.0/external/io_netcdf -I/glade/derecho/scratch/yates/NEOM_WRF/wrfv4.6.0/external/io_int -I/glade/derecho/scratch/yates/NEOM_WRF/wrfv4.6.0/frame -I/glade/derecho/scratch/yates/NEOM_WRF/wrfv4.6.0/share -I/glade/derecho/scratch/yates/NEOM_WRF/wrfv4.6.0/phys -I/glade/derecho/scratch/yates/NEOM_WRF/wrfv4.6.0/wrftladj -I/glade/derecho/scratch/yates/NEOM_WRF/wrfv4.6.0/chem -I/glade/derecho/scratch/yates/NEOM_WRF/wrfv4.6.0/inc -I/glade/u/apps/derecho/23.09/spack/opt/spack/netcdf/4.9.2/oneapi/2023.2.1/yzvj/include  -real-size `expr 8 \* 4` -i4  module_sf_noahlsm.f90

real	0m1.754s
user	0m1.407s
sys	0m0.316s
rm -f module_sf_gecros.o
sed -e "s/^\!.*'.*//" -e "s/^ *\!.*'.*//" module_sf_gecros.F > module_sf_gecros.G
/lib/cpp -P -nostdinc -I/glade/derecho/scratch/yates/NEOM_WRF/wrfv4.6.0/inc -DEM_CORE=1 -DNMM_CORE=0 -DNMM_MAX_DIM=2600 -DDA_CORE=0 -DWRFPLUS=0 -DIWORDSIZE=4 -DDWORDSIZE=8 -DRWORDSIZE=4 -DLWORDSIZE=4 -DNONSTANDARD_SYSTEM_FUNC  -DWRF_USE_CLM -DUSE_NETCDF4_FEATURES -DWRFIO_NCD_LARGE_FILE_SUPPORT  -DDM_PARALLEL -DNETCDF -DLANDREAD_STUB=1 -DUSE_ALLOCATABLES -Dwrfmodel -DGRIB1 -DINTIO -DKEEP_INT_AROUND -DLIMIT_ARGS -DBUILD_RRTMG_FAST=0 -DBUILD_RRTMK=0 -DBUILD_SBM_FAST=1 -DSHOW_ALL_VARS_USED=0 -DCONFIG_BUF_LEN=65536 -DMAX_DOMAINS_F=21 -DMAX_HISTORY=25 -DNMM_NEST=0 -DWRF_CHEM -DBUILD_CHEM=1 -I. -traditional-cpp -DUSE_NETCDF4_FEATURES -DWRFIO_NCD_LARGE_FILE_SUPPORT   module_sf_gecros.G  > module_sf_gecros.bb
/glade/derecho/scratch/yates/NEOM_WRF/wrfv4.6.0/tools/standard.exe module_sf_gecros.bb | /lib/cpp -P -nostdinc -traditional-cpp -DUSE_NETCDF4_FEATURES -DWRFIO_NCD_LARGE_FILE_SUPPORT > module_sf_gecros.f90
rm -f module_sf_gecros.G module_sf_gecros.bb
time mpif90 -f90=ifort -o module_sf_gecros.o -c -O3 -ip -fp-model precise -w -ftz -align all -fno-alias -FR -convert big_endian    -I../dyn_em  -I/glade/derecho/scratch/yates/NEOM_WRF/wrfv4.6.0/external/esmf_time_f90  -I/glade/derecho/scratch/yates/NEOM_WRF/wrfv4.6.0/main -I/glade/derecho/scratch/yates/NEOM_WRF/wrfv4.6.0/external/io_netcdf -I/glade/derecho/scratch/yates/NEOM_WRF/wrfv4.6.0/external/io_int -I/glade/derecho/scratch/yates/NEOM_WRF/wrfv4.6.0/frame -I/glade/derecho/scratch/yates/NEOM_WRF/wrfv4.6.0/share -I/glade/derecho/scratch/yates/NEOM_WRF/wrfv4.6.0/phys -I/glade/derecho/scratch/yates/NEOM_WRF/wrfv4.6.0/wrftladj -I/glade/derecho/scratch/yates/NEOM_WRF/wrfv4.6.0/chem -I/glade/derecho/scratch/yates/NEOM_WRF/wrfv4.6.0/inc -I/glade/u/apps/derecho/23.09/spack/opt/spack/netcdf/4.9.2/oneapi/2023.2.1/yzvj/include  -real-size `expr 8 \* 4` -i4  module_sf_gecros.f90

real	0m1.095s
user	0m0.535s
sys	0m0.316s
rm -f module_sf_myjsfc.o
sed -e "s/^\!.*'.*//" -e "s/^ *\!.*'.*//" module_sf_myjsfc.F > module_sf_myjsfc.G
/lib/cpp -P -nostdinc -I/glade/derecho/scratch/yates/NEOM_WRF/wrfv4.6.0/inc -DEM_CORE=1 -DNMM_CORE=0 -DNMM_MAX_DIM=2600 -DDA_CORE=0 -DWRFPLUS=0 -DIWORDSIZE=4 -DDWORDSIZE=8 -DRWORDSIZE=4 -DLWORDSIZE=4 -DNONSTANDARD_SYSTEM_FUNC  -DWRF_USE_CLM -DUSE_NETCDF4_FEATURES -DWRFIO_NCD_LARGE_FILE_SUPPORT  -DDM_PARALLEL -DNETCDF -DLANDREAD_STUB=1 -DUSE_ALLOCATABLES -Dwrfmodel -DGRIB1 -DINTIO -DKEEP_INT_AROUND -DLIMIT_ARGS -DBUILD_RRTMG_FAST=0 -DBUILD_RRTMK=0 -DBUILD_SBM_FAST=1 -DSHOW_ALL_VARS_USED=0 -DCONFIG_BUF_LEN=65536 -DMAX_DOMAINS_F=21 -DMAX_HISTORY=25 -DNMM_NEST=0 -DWRF_CHEM -DBUILD_CHEM=1 -I. -traditional-cpp -DUSE_NETCDF4_FEATURES -DWRFIO_NCD_LARGE_FILE_SUPPORT   module_sf_myjsfc.G  > module_sf_myjsfc.bb
/glade/derecho/scratch/yates/NEOM_WRF/wrfv4.6.0/tools/standard.exe module_sf_myjsfc.bb | /lib/cpp -P -nostdinc -traditional-cpp -DUSE_NETCDF4_FEATURES -DWRFIO_NCD_LARGE_FILE_SUPPORT > module_sf_myjsfc.f90
rm -f module_sf_myjsfc.G module_sf_myjsfc.bb
time mpif90 -f90=ifort -o module_sf_myjsfc.o -c -O3 -ip -fp-model precise -w -ftz -align all -fno-alias -FR -convert big_endian    -I../dyn_em  -I/glade/derecho/scratch/yates/NEOM_WRF/wrfv4.6.0/external/esmf_time_f90  -I/glade/derecho/scratch/yates/NEOM_WRF/wrfv4.6.0/main -I/glade/derecho/scratch/yates/NEOM_WRF/wrfv4.6.0/external/io_netcdf -I/glade/derecho/scratch/yates/NEOM_WRF/wrfv4.6.0/external/io_int -I/glade/derecho/scratch/yates/NEOM_WRF/wrfv4.6.0/frame -I/glade/derecho/scratch/yates/NEOM_WRF/wrfv4.6.0/share -I/glade/derecho/scratch/yates/NEOM_WRF/wrfv4.6.0/phys -I/glade/derecho/scratch/yates/NEOM_WRF/wrfv4.6.0/wrftladj -I/glade/derecho/scratch/yates/NEOM_WRF/wrfv4.6.0/chem -I/glade/derecho/scratch/yates/NEOM_WRF/wrfv4.6.0/inc -I/glade/u/apps/derecho/23.09/spack/opt/spack/netcdf/4.9.2/oneapi/2023.2.1/yzvj/include  -real-size `expr 8 \* 4` -i4  module_sf_myjsfc.f90

real	0m11.193s
user	0m10.603s
sys	0m0.524s
rm -f module_data_gocart_dust.o
sed -e "s/^\!.*'.*//" -e "s/^ *\!.*'.*//" module_data_gocart_dust.F > module_data_gocart_dust.G
/lib/cpp -P -nostdinc -I/glade/derecho/scratch/yates/NEOM_WRF/wrfv4.6.0/inc -DEM_CORE=1 -DNMM_CORE=0 -DNMM_MAX_DIM=2600 -DDA_CORE=0 -DWRFPLUS=0 -DIWORDSIZE=4 -DDWORDSIZE=8 -DRWORDSIZE=4 -DLWORDSIZE=4 -DNONSTANDARD_SYSTEM_FUNC  -DWRF_USE_CLM -DUSE_NETCDF4_FEATURES -DWRFIO_NCD_LARGE_FILE_SUPPORT  -DDM_PARALLEL -DNETCDF -DLANDREAD_STUB=1 -DUSE_ALLOCATABLES -Dwrfmodel -DGRIB1 -DINTIO -DKEEP_INT_AROUND -DLIMIT_ARGS -DBUILD_RRTMG_FAST=0 -DBUILD_RRTMK=0 -DBUILD_SBM_FAST=1 -DSHOW_ALL_VARS_USED=0 -DCONFIG_BUF_LEN=65536 -DMAX_DOMAINS_F=21 -DMAX_HISTORY=25 -DNMM_NEST=0 -DWRF_CHEM -DBUILD_CHEM=1 -I. -traditional-cpp -DUSE_NETCDF4_FEATURES -DWRFIO_NCD_LARGE_FILE_SUPPORT   module_data_gocart_dust.G  > module_data_gocart_dust.bb
/glade/derecho/scratch/yates/NEOM_WRF/wrfv4.6.0/tools/standard.exe module_data_gocart_dust.bb | /lib/cpp -P -nostdinc -traditional-cpp -DUSE_NETCDF4_FEATURES -DWRFIO_NCD_LARGE_FILE_SUPPORT > module_data_gocart_dust.f90
rm -f module_data_gocart_dust.G module_data_gocart_dust.bb
time mpif90 -f90=ifort -o module_data_gocart_dust.o -c -O3 -ip -fp-model precise -w -ftz -align all -fno-alias -FR -convert big_endian    -I../dyn_em  -I/glade/derecho/scratch/yates/NEOM_WRF/wrfv4.6.0/external/esmf_time_f90  -I/glade/derecho/scratch/yates/NEOM_WRF/wrfv4.6.0/main -I/glade/derecho/scratch/yates/NEOM_WRF/wrfv4.6.0/external/io_netcdf -I/glade/derecho/scratch/yates/NEOM_WRF/wrfv4.6.0/external/io_int -I/glade/derecho/scratch/yates/NEOM_WRF/wrfv4.6.0/frame -I/glade/derecho/scratch/yates/NEOM_WRF/wrfv4.6.0/share -I/glade/derecho/scratch/yates/NEOM_WRF/wrfv4.6.0/phys -I/glade/derecho/scratch/yates/NEOM_WRF/wrfv4.6.0/wrftladj -I/glade/derecho/scratch/yates/NEOM_WRF/wrfv4.6.0/chem -I/glade/derecho/scratch/yates/NEOM_WRF/wrfv4.6.0/inc -I/glade/u/apps/derecho/23.09/spack/opt/spack/netcdf/4.9.2/oneapi/2023.2.1/yzvj/include  -real-size `expr 8 \* 4` -i4  module_data_gocart_dust.f90

real	0m0.391s
user	0m0.083s
sys	0m0.284s
rm -f module_sf_urban.o
sed -e "s/^\!.*'.*//" -e "s/^ *\!.*'.*//" module_sf_urban.F > module_sf_urban.G

real	0m1.135s
user	0m0.794s
sys	0m0.306s
rm -f module_sf_bem.o
sed -e "s/^\!.*'.*//" -e "s/^ *\!.*'.*//" module_sf_bem.F > module_sf_bem.G
/lib/cpp -P -nostdinc -I/glade/derecho/scratch/yates/NEOM_WRF/wrfv4.6.0/inc -DEM_CORE=1 -DNMM_CORE=0 -DNMM_MAX_DIM=2600 -DDA_CORE=0 -DWRFPLUS=0 -DIWORDSIZE=4 -DDWORDSIZE=8 -DRWORDSIZE=4 -DLWORDSIZE=4 -DNONSTANDARD_SYSTEM_FUNC  -DWRF_USE_CLM -DUSE_NETCDF4_FEATURES -DWRFIO_NCD_LARGE_FILE_SUPPORT  -DDM_PARALLEL -DNETCDF -DLANDREAD_STUB=1 -DUSE_ALLOCATABLES -Dwrfmodel -DGRIB1 -DINTIO -DKEEP_INT_AROUND -DLIMIT_ARGS -DBUILD_RRTMG_FAST=0 -DBUILD_RRTMK=0 -DBUILD_SBM_FAST=1 -DSHOW_ALL_VARS_USED=0 -DCONFIG_BUF_LEN=65536 -DMAX_DOMAINS_F=21 -DMAX_HISTORY=25 -DNMM_NEST=0 -DWRF_CHEM -DBUILD_CHEM=1 -I. -traditional-cpp -DUSE_NETCDF4_FEATURES -DWRFIO_NCD_LARGE_FILE_SUPPORT   module_sf_bem.G  > module_sf_bem.bb
/lib/cpp -P -nostdinc -I/glade/derecho/scratch/yates/NEOM_WRF/wrfv4.6.0/inc -DEM_CORE=1 -DNMM_CORE=0 -DNMM_MAX_DIM=2600 -DDA_CORE=0 -DWRFPLUS=0 -DIWORDSIZE=4 -DDWORDSIZE=8 -DRWORDSIZE=4 -DLWORDSIZE=4 -DNONSTANDARD_SYSTEM_FUNC  -DWRF_USE_CLM -DUSE_NETCDF4_FEATURES -DWRFIO_NCD_LARGE_FILE_SUPPORT  -DDM_PARALLEL -DNETCDF -DLANDREAD_STUB=1 -DUSE_ALLOCATABLES -Dwrfmodel -DGRIB1 -DINTIO -DKEEP_INT_AROUND -DLIMIT_ARGS -DBUILD_RRTMG_FAST=0 -DBUILD_RRTMK=0 -DBUILD_SBM_FAST=1 -DSHOW_ALL_VARS_USED=0 -DCONFIG_BUF_LEN=65536 -DMAX_DOMAINS_F=21 -DMAX_HISTORY=25 -DNMM_NEST=0 -DWRF_CHEM -DBUILD_CHEM=1 -I. -traditional-cpp -DUSE_NETCDF4_FEATURES -DWRFIO_NCD_LARGE_FILE_SUPPORT   module_sf_urban.G  > module_sf_urban.bb
/glade/derecho/scratch/yates/NEOM_WRF/wrfv4.6.0/tools/standard.exe module_sf_bem.bb | /lib/cpp -P -nostdinc -traditional-cpp -DUSE_NETCDF4_FEATURES -DWRFIO_NCD_LARGE_FILE_SUPPORT > module_sf_bem.f90
/glade/derecho/scratch/yates/NEOM_WRF/wrfv4.6.0/tools/standard.exe module_sf_urban.bb | /lib/cpp -P -nostdinc -traditional-cpp -DUSE_NETCDF4_FEATURES -DWRFIO_NCD_LARGE_FILE_SUPPORT > module_sf_urban.f90
rm -f module_sf_bem.G module_sf_bem.bb
rm -f module_sf_urban.G module_sf_urban.bb
time mpif90 -f90=ifort -o module_sf_bem.o -c -O3 -ip -fp-model precise -w -ftz -align all -fno-alias -FR -convert big_endian    -I../dyn_em  -I/glade/derecho/scratch/yates/NEOM_WRF/wrfv4.6.0/external/esmf_time_f90  -I/glade/derecho/scratch/yates/NEOM_WRF/wrfv4.6.0/main -I/glade/derecho/scratch/yates/NEOM_WRF/wrfv4.6.0/external/io_netcdf -I/glade/derecho/scratch/yates/NEOM_WRF/wrfv4.6.0/external/io_int -I/glade/derecho/scratch/yates/NEOM_WRF/wrfv4.6.0/frame -I/glade/derecho/scratch/yates/NEOM_WRF/wrfv4.6.0/share -I/glade/derecho/scratch/yates/NEOM_WRF/wrfv4.6.0/phys -I/glade/derecho/scratch/yates/NEOM_WRF/wrfv4.6.0/wrftladj -I/glade/derecho/scratch/yates/NEOM_WRF/wrfv4.6.0/chem -I/glade/derecho/scratch/yates/NEOM_WRF/wrfv4.6.0/inc -I/glade/u/apps/derecho/23.09/spack/opt/spack/netcdf/4.9.2/oneapi/2023.2.1/yzvj/include  -real-size `expr 8 \* 4` -i4  module_sf_bem.f90
time mpif90 -f90=ifort -o module_sf_urban.o -c -O3 -ip -fp-model precise -w -ftz -align all -fno-alias -FR -convert big_endian    -I../dyn_em  -I/glade/derecho/scratch/yates/NEOM_WRF/wrfv4.6.0/external/esmf_time_f90  -I/glade/derecho/scratch/yates/NEOM_WRF/wrfv4.6.0/main -I/glade/derecho/scratch/yates/NEOM_WRF/wrfv4.6.0/external/io_netcdf -I/glade/derecho/scratch/yates/NEOM_WRF/wrfv4.6.0/external/io_int -I/glade/derecho/scratch/yates/NEOM_WRF/wrfv4.6.0/frame -I/glade/derecho/scratch/yates/NEOM_WRF/wrfv4.6.0/share -I/glade/derecho/scratch/yates/NEOM_WRF/wrfv4.6.0/phys -I/glade/derecho/scratch/yates/NEOM_WRF/wrfv4.6.0/wrftladj -I/glade/derecho/scratch/yates/NEOM_WRF/wrfv4.6.0/chem -I/glade/derecho/scratch/yates/NEOM_WRF/wrfv4.6.0/inc -I/glade/u/apps/derecho/23.09/spack/opt/spack/netcdf/4.9.2/oneapi/2023.2.1/yzvj/include  -real-size `expr 8 \* 4` -i4  module_sf_urban.f90

real	0m1.908s
user	0m1.536s
sys	0m0.335s
rm -f module_sf_ctsm.o
sed -e "s/^\!.*'.*//" -e "s/^ *\!.*'.*//" module_sf_ctsm.F > module_sf_ctsm.G
/lib/cpp -P -nostdinc -I/glade/derecho/scratch/yates/NEOM_WRF/wrfv4.6.0/inc -DEM_CORE=1 -DNMM_CORE=0 -DNMM_MAX_DIM=2600 -DDA_CORE=0 -DWRFPLUS=0 -DIWORDSIZE=4 -DDWORDSIZE=8 -DRWORDSIZE=4 -DLWORDSIZE=4 -DNONSTANDARD_SYSTEM_FUNC  -DWRF_USE_CLM -DUSE_NETCDF4_FEATURES -DWRFIO_NCD_LARGE_FILE_SUPPORT  -DDM_PARALLEL -DNETCDF -DLANDREAD_STUB=1 -DUSE_ALLOCATABLES -Dwrfmodel -DGRIB1 -DINTIO -DKEEP_INT_AROUND -DLIMIT_ARGS -DBUILD_RRTMG_FAST=0 -DBUILD_RRTMK=0 -DBUILD_SBM_FAST=1 -DSHOW_ALL_VARS_USED=0 -DCONFIG_BUF_LEN=65536 -DMAX_DOMAINS_F=21 -DMAX_HISTORY=25 -DNMM_NEST=0 -DWRF_CHEM -DBUILD_CHEM=1 -I. -traditional-cpp -DUSE_NETCDF4_FEATURES -DWRFIO_NCD_LARGE_FILE_SUPPORT   module_sf_ctsm.G  > module_sf_ctsm.bb
/glade/derecho/scratch/yates/NEOM_WRF/wrfv4.6.0/tools/standard.exe module_sf_ctsm.bb | /lib/cpp -P -nostdinc -traditional-cpp -DUSE_NETCDF4_FEATURES -DWRFIO_NCD_LARGE_FILE_SUPPORT > module_sf_ctsm.f90
rm -f module_sf_ctsm.G module_sf_ctsm.bb
time mpif90 -f90=ifort -o module_sf_ctsm.o -c -O3 -ip -fp-model precise -w -ftz -align all -fno-alias -FR -convert big_endian    -I../dyn_em  -I/glade/derecho/scratch/yates/NEOM_WRF/wrfv4.6.0/external/esmf_time_f90  -I/glade/derecho/scratch/yates/NEOM_WRF/wrfv4.6.0/main -I/glade/derecho/scratch/yates/NEOM_WRF/wrfv4.6.0/external/io_netcdf -I/glade/derecho/scratch/yates/NEOM_WRF/wrfv4.6.0/external/io_int -I/glade/derecho/scratch/yates/NEOM_WRF/wrfv4.6.0/frame -I/glade/derecho/scratch/yates/NEOM_WRF/wrfv4.6.0/share -I/glade/derecho/scratch/yates/NEOM_WRF/wrfv4.6.0/phys -I/glade/derecho/scratch/yates/NEOM_WRF/wrfv4.6.0/wrftladj -I/glade/derecho/scratch/yates/NEOM_WRF/wrfv4.6.0/chem -I/glade/derecho/scratch/yates/NEOM_WRF/wrfv4.6.0/inc -I/glade/u/apps/derecho/23.09/spack/opt/spack/netcdf/4.9.2/oneapi/2023.2.1/yzvj/include  -real-size `expr 8 \* 4` -i4  module_sf_ctsm.f90

real	0m0.386s
user	0m0.073s
sys	0m0.290s
rm -f module_sf_ssib.o
sed -e "s/^\!.*'.*//" -e "s/^ *\!.*'.*//" module_sf_ssib.F > module_sf_ssib.G
/lib/cpp -P -nostdinc -I/glade/derecho/scratch/yates/NEOM_WRF/wrfv4.6.0/inc -DEM_CORE=1 -DNMM_CORE=0 -DNMM_MAX_DIM=2600 -DDA_CORE=0 -DWRFPLUS=0 -DIWORDSIZE=4 -DDWORDSIZE=8 -DRWORDSIZE=4 -DLWORDSIZE=4 -DNONSTANDARD_SYSTEM_FUNC  -DWRF_USE_CLM -DUSE_NETCDF4_FEATURES -DWRFIO_NCD_LARGE_FILE_SUPPORT  -DDM_PARALLEL -DNETCDF -DLANDREAD_STUB=1 -DUSE_ALLOCATABLES -Dwrfmodel -DGRIB1 -DINTIO -DKEEP_INT_AROUND -DLIMIT_ARGS -DBUILD_RRTMG_FAST=0 -DBUILD_RRTMK=0 -DBUILD_SBM_FAST=1 -DSHOW_ALL_VARS_USED=0 -DCONFIG_BUF_LEN=65536 -DMAX_DOMAINS_F=21 -DMAX_HISTORY=25 -DNMM_NEST=0 -DWRF_CHEM -DBUILD_CHEM=1 -I. -traditional-cpp -DUSE_NETCDF4_FEATURES -DWRFIO_NCD_LARGE_FILE_SUPPORT   module_sf_ssib.G  > module_sf_ssib.bb
/glade/derecho/scratch/yates/NEOM_WRF/wrfv4.6.0/tools/standard.exe module_sf_ssib.bb | /lib/cpp -P -nostdinc -traditional-cpp -DUSE_NETCDF4_FEATURES -DWRFIO_NCD_LARGE_FILE_SUPPORT > module_sf_ssib.f90
rm -f module_sf_ssib.G module_sf_ssib.bb
time mpif90 -f90=ifort -o module_sf_ssib.o -c -O3 -ip -fp-model precise -w -ftz -align all -fno-alias -FR -convert big_endian    -I../dyn_em  -I/glade/derecho/scratch/yates/NEOM_WRF/wrfv4.6.0/external/esmf_time_f90  -I/glade/derecho/scratch/yates/NEOM_WRF/wrfv4.6.0/main -I/glade/derecho/scratch/yates/NEOM_WRF/wrfv4.6.0/external/io_netcdf -I/glade/derecho/scratch/yates/NEOM_WRF/wrfv4.6.0/external/io_int -I/glade/derecho/scratch/yates/NEOM_WRF/wrfv4.6.0/frame -I/glade/derecho/scratch/yates/NEOM_WRF/wrfv4.6.0/share -I/glade/derecho/scratch/yates/NEOM_WRF/wrfv4.6.0/phys -I/glade/derecho/scratch/yates/NEOM_WRF/wrfv4.6.0/wrftladj -I/glade/derecho/scratch/yates/NEOM_WRF/wrfv4.6.0/chem -I/glade/derecho/scratch/yates/NEOM_WRF/wrfv4.6.0/inc -I/glade/u/apps/derecho/23.09/spack/opt/spack/netcdf/4.9.2/oneapi/2023.2.1/yzvj/include  -real-size `expr 8 \* 4` -i4  module_sf_ssib.f90

real	0m4.337s
user	0m3.897s
sys	0m0.390s
rm -f module_sf_noah_seaice.o
sed -e "s/^\!.*'.*//" -e "s/^ *\!.*'.*//" module_sf_noah_seaice.F > module_sf_noah_seaice.G
/lib/cpp -P -nostdinc -I/glade/derecho/scratch/yates/NEOM_WRF/wrfv4.6.0/inc -DEM_CORE=1 -DNMM_CORE=0 -DNMM_MAX_DIM=2600 -DDA_CORE=0 -DWRFPLUS=0 -DIWORDSIZE=4 -DDWORDSIZE=8 -DRWORDSIZE=4 -DLWORDSIZE=4 -DNONSTANDARD_SYSTEM_FUNC  -DWRF_USE_CLM -DUSE_NETCDF4_FEATURES -DWRFIO_NCD_LARGE_FILE_SUPPORT  -DDM_PARALLEL -DNETCDF -DLANDREAD_STUB=1 -DUSE_ALLOCATABLES -Dwrfmodel -DGRIB1 -DINTIO -DKEEP_INT_AROUND -DLIMIT_ARGS -DBUILD_RRTMG_FAST=0 -DBUILD_RRTMK=0 -DBUILD_SBM_FAST=1 -DSHOW_ALL_VARS_USED=0 -DCONFIG_BUF_LEN=65536 -DMAX_DOMAINS_F=21 -DMAX_HISTORY=25 -DNMM_NEST=0 -DWRF_CHEM -DBUILD_CHEM=1 -I. -traditional-cpp -DUSE_NETCDF4_FEATURES -DWRFIO_NCD_LARGE_FILE_SUPPORT   module_sf_noah_seaice.G  > module_sf_noah_seaice.bb
/glade/derecho/scratch/yates/NEOM_WRF/wrfv4.6.0/tools/standard.exe module_sf_noah_seaice.bb | /lib/cpp -P -nostdinc -traditional-cpp -DUSE_NETCDF4_FEATURES -DWRFIO_NCD_LARGE_FILE_SUPPORT > module_sf_noah_seaice.f90
rm -f module_sf_noah_seaice.G module_sf_noah_seaice.bb
time mpif90 -f90=ifort -o module_sf_noah_seaice.o -c -O3 -ip -fp-model precise -w -ftz -align all -fno-alias -FR -convert big_endian    -I../dyn_em  -I/glade/derecho/scratch/yates/NEOM_WRF/wrfv4.6.0/external/esmf_time_f90  -I/glade/derecho/scratch/yates/NEOM_WRF/wrfv4.6.0/main -I/glade/derecho/scratch/yates/NEOM_WRF/wrfv4.6.0/external/io_netcdf -I/glade/derecho/scratch/yates/NEOM_WRF/wrfv4.6.0/external/io_int -I/glade/derecho/scratch/yates/NEOM_WRF/wrfv4.6.0/frame -I/glade/derecho/scratch/yates/NEOM_WRF/wrfv4.6.0/share -I/glade/derecho/scratch/yates/NEOM_WRF/wrfv4.6.0/phys -I/glade/derecho/scratch/yates/NEOM_WRF/wrfv4.6.0/wrftladj -I/glade/derecho/scratch/yates/NEOM_WRF/wrfv4.6.0/chem -I/glade/derecho/scratch/yates/NEOM_WRF/wrfv4.6.0/inc -I/glade/u/apps/derecho/23.09/spack/opt/spack/netcdf/4.9.2/oneapi/2023.2.1/yzvj/include  -real-size `expr 8 \* 4` -i4  module_sf_noah_seaice.f90

real	0m0.710s
user	0m0.393s
sys	0m0.288s
rm -f module_sf_noahmp_glacier.o
sed -e "s/^\!.*'.*//" -e "s/^ *\!.*'.*//" module_sf_noahmp_glacier.F > module_sf_noahmp_glacier.G
/lib/cpp -P -nostdinc -I/glade/derecho/scratch/yates/NEOM_WRF/wrfv4.6.0/inc -DEM_CORE=1 -DNMM_CORE=0 -DNMM_MAX_DIM=2600 -DDA_CORE=0 -DWRFPLUS=0 -DIWORDSIZE=4 -DDWORDSIZE=8 -DRWORDSIZE=4 -DLWORDSIZE=4 -DNONSTANDARD_SYSTEM_FUNC  -DWRF_USE_CLM -DUSE_NETCDF4_FEATURES -DWRFIO_NCD_LARGE_FILE_SUPPORT  -DDM_PARALLEL -DNETCDF -DLANDREAD_STUB=1 -DUSE_ALLOCATABLES -Dwrfmodel -DGRIB1 -DINTIO -DKEEP_INT_AROUND -DLIMIT_ARGS -DBUILD_RRTMG_FAST=0 -DBUILD_RRTMK=0 -DBUILD_SBM_FAST=1 -DSHOW_ALL_VARS_USED=0 -DCONFIG_BUF_LEN=65536 -DMAX_DOMAINS_F=21 -DMAX_HISTORY=25 -DNMM_NEST=0 -DWRF_CHEM -DBUILD_CHEM=1 -I. -traditional-cpp -DUSE_NETCDF4_FEATURES -DWRFIO_NCD_LARGE_FILE_SUPPORT   module_sf_noahmp_glacier.G  > module_sf_noahmp_glacier.bb
/glade/derecho/scratch/yates/NEOM_WRF/wrfv4.6.0/tools/standard.exe module_sf_noahmp_glacier.bb | /lib/cpp -P -nostdinc -traditional-cpp -DUSE_NETCDF4_FEATURES -DWRFIO_NCD_LARGE_FILE_SUPPORT > module_sf_noahmp_glacier.f90
rm -f module_sf_noahmp_glacier.G module_sf_noahmp_glacier.bb
time mpif90 -f90=ifort -o module_sf_noahmp_glacier.o -c -O3 -ip -fp-model precise -w -ftz -align all -fno-alias -FR -convert big_endian    -I../dyn_em  -I/glade/derecho/scratch/yates/NEOM_WRF/wrfv4.6.0/external/esmf_time_f90  -I/glade/derecho/scratch/yates/NEOM_WRF/wrfv4.6.0/main -I/glade/derecho/scratch/yates/NEOM_WRF/wrfv4.6.0/external/io_netcdf -I/glade/derecho/scratch/yates/NEOM_WRF/wrfv4.6.0/external/io_int -I/glade/derecho/scratch/yates/NEOM_WRF/wrfv4.6.0/frame -I/glade/derecho/scratch/yates/NEOM_WRF/wrfv4.6.0/share -I/glade/derecho/scratch/yates/NEOM_WRF/wrfv4.6.0/phys -I/glade/derecho/scratch/yates/NEOM_WRF/wrfv4.6.0/wrftladj -I/glade/derecho/scratch/yates/NEOM_WRF/wrfv4.6.0/chem -I/glade/derecho/scratch/yates/NEOM_WRF/wrfv4.6.0/inc -I/glade/u/apps/derecho/23.09/spack/opt/spack/netcdf/4.9.2/oneapi/2023.2.1/yzvj/include  -real-size `expr 8 \* 4` -i4  module_sf_noahmp_glacier.f90

real	0m3.114s
user	0m2.663s
sys	0m0.414s
rm -f module_sf_pxlsm_data.o
sed -e "s/^\!.*'.*//" -e "s/^ *\!.*'.*//" module_sf_pxlsm_data.F > module_sf_pxlsm_data.G
/lib/cpp -P -nostdinc -I/glade/derecho/scratch/yates/NEOM_WRF/wrfv4.6.0/inc -DEM_CORE=1 -DNMM_CORE=0 -DNMM_MAX_DIM=2600 -DDA_CORE=0 -DWRFPLUS=0 -DIWORDSIZE=4 -DDWORDSIZE=8 -DRWORDSIZE=4 -DLWORDSIZE=4 -DNONSTANDARD_SYSTEM_FUNC  -DWRF_USE_CLM -DUSE_NETCDF4_FEATURES -DWRFIO_NCD_LARGE_FILE_SUPPORT  -DDM_PARALLEL -DNETCDF -DLANDREAD_STUB=1 -DUSE_ALLOCATABLES -Dwrfmodel -DGRIB1 -DINTIO -DKEEP_INT_AROUND -DLIMIT_ARGS -DBUILD_RRTMG_FAST=0 -DBUILD_RRTMK=0 -DBUILD_SBM_FAST=1 -DSHOW_ALL_VARS_USED=0 -DCONFIG_BUF_LEN=65536 -DMAX_DOMAINS_F=21 -DMAX_HISTORY=25 -DNMM_NEST=0 -DWRF_CHEM -DBUILD_CHEM=1 -I. -traditional-cpp -DUSE_NETCDF4_FEATURES -DWRFIO_NCD_LARGE_FILE_SUPPORT   module_sf_pxlsm_data.G  > module_sf_pxlsm_data.bb
/glade/derecho/scratch/yates/NEOM_WRF/wrfv4.6.0/tools/standard.exe module_sf_pxlsm_data.bb | /lib/cpp -P -nostdinc -traditional-cpp -DUSE_NETCDF4_FEATURES -DWRFIO_NCD_LARGE_FILE_SUPPORT > module_sf_pxlsm_data.f90
rm -f module_sf_pxlsm_data.G module_sf_pxlsm_data.bb
time mpif90 -f90=ifort -o module_sf_pxlsm_data.o -c -O3 -ip -fp-model precise -w -ftz -align all -fno-alias -FR -convert big_endian    -I../dyn_em  -I/glade/derecho/scratch/yates/NEOM_WRF/wrfv4.6.0/external/esmf_time_f90  -I/glade/derecho/scratch/yates/NEOM_WRF/wrfv4.6.0/main -I/glade/derecho/scratch/yates/NEOM_WRF/wrfv4.6.0/external/io_netcdf -I/glade/derecho/scratch/yates/NEOM_WRF/wrfv4.6.0/external/io_int -I/glade/derecho/scratch/yates/NEOM_WRF/wrfv4.6.0/frame -I/glade/derecho/scratch/yates/NEOM_WRF/wrfv4.6.0/share -I/glade/derecho/scratch/yates/NEOM_WRF/wrfv4.6.0/phys -I/glade/derecho/scratch/yates/NEOM_WRF/wrfv4.6.0/wrftladj -I/glade/derecho/scratch/yates/NEOM_WRF/wrfv4.6.0/chem -I/glade/derecho/scratch/yates/NEOM_WRF/wrfv4.6.0/inc -I/glade/u/apps/derecho/23.09/spack/opt/spack/netcdf/4.9.2/oneapi/2023.2.1/yzvj/include  -real-size `expr 8 \* 4` -i4  module_sf_pxlsm_data.f90

real	0m0.398s
user	0m0.071s
sys	0m0.305s
rm -f module_sf_ruclsm.o
/glade/derecho/scratch/yates/NEOM_WRF/wrfv4.6.0/tools/standard.exe module_sf_ruclsm.F > module_sf_ruclsm.b 
/lib/cpp -P -nostdinc -I/glade/derecho/scratch/yates/NEOM_WRF/wrfv4.6.0/inc -DEM_CORE=1 -DNMM_CORE=0 -DNMM_MAX_DIM=2600 -DDA_CORE=0 -DWRFPLUS=0 -DIWORDSIZE=4 -DDWORDSIZE=8 -DRWORDSIZE=4 -DLWORDSIZE=4 -DNONSTANDARD_SYSTEM_FUNC  -DWRF_USE_CLM -DUSE_NETCDF4_FEATURES -DWRFIO_NCD_LARGE_FILE_SUPPORT  -DDM_PARALLEL -DNETCDF -DLANDREAD_STUB=1 -DUSE_ALLOCATABLES -Dwrfmodel -DGRIB1 -DINTIO -DKEEP_INT_AROUND -DLIMIT_ARGS -DBUILD_RRTMG_FAST=0 -DBUILD_RRTMK=0 -DBUILD_SBM_FAST=1 -DSHOW_ALL_VARS_USED=0 -DCONFIG_BUF_LEN=65536 -DMAX_DOMAINS_F=21 -DMAX_HISTORY=25 -DNMM_NEST=0 -DWRF_CHEM -DBUILD_CHEM=1 -I. -traditional-cpp -DUSE_NETCDF4_FEATURES -DWRFIO_NCD_LARGE_FILE_SUPPORT   module_sf_ruclsm.b  > module_sf_ruclsm.f90
rm -f module_sf_ruclsm.b
time mpif90 -f90=ifort -c -real-size `expr 8 \* 4` -i4 -O3 -ip -fp-model precise -w -ftz -align all -fno-alias -FR -convert big_endian   -I../dyn_em  -I/glade/derecho/scratch/yates/NEOM_WRF/wrfv4.6.0/external/esmf_time_f90  -I/glade/derecho/scratch/yates/NEOM_WRF/wrfv4.6.0/main -I/glade/derecho/scratch/yates/NEOM_WRF/wrfv4.6.0/external/io_netcdf -I/glade/derecho/scratch/yates/NEOM_WRF/wrfv4.6.0/external/io_int -I/glade/derecho/scratch/yates/NEOM_WRF/wrfv4.6.0/frame -I/glade/derecho/scratch/yates/NEOM_WRF/wrfv4.6.0/share -I/glade/derecho/scratch/yates/NEOM_WRF/wrfv4.6.0/phys -I/glade/derecho/scratch/yates/NEOM_WRF/wrfv4.6.0/wrftladj -I/glade/derecho/scratch/yates/NEOM_WRF/wrfv4.6.0/chem -I/glade/derecho/scratch/yates/NEOM_WRF/wrfv4.6.0/inc -I/glade/u/apps/derecho/23.09/spack/opt/spack/netcdf/4.9.2/oneapi/2023.2.1/yzvj/include    module_sf_ruclsm.f90

real	0m2.931s
user	0m2.300s
sys	0m0.356s
rm -f module_sf_sfcdiags.o
sed -e "s/^\!.*'.*//" -e "s/^ *\!.*'.*//" module_sf_sfcdiags.F > module_sf_sfcdiags.G
/lib/cpp -P -nostdinc -I/glade/derecho/scratch/yates/NEOM_WRF/wrfv4.6.0/inc -DEM_CORE=1 -DNMM_CORE=0 -DNMM_MAX_DIM=2600 -DDA_CORE=0 -DWRFPLUS=0 -DIWORDSIZE=4 -DDWORDSIZE=8 -DRWORDSIZE=4 -DLWORDSIZE=4 -DNONSTANDARD_SYSTEM_FUNC  -DWRF_USE_CLM -DUSE_NETCDF4_FEATURES -DWRFIO_NCD_LARGE_FILE_SUPPORT  -DDM_PARALLEL -DNETCDF -DLANDREAD_STUB=1 -DUSE_ALLOCATABLES -Dwrfmodel -DGRIB1 -DINTIO -DKEEP_INT_AROUND -DLIMIT_ARGS -DBUILD_RRTMG_FAST=0 -DBUILD_RRTMK=0 -DBUILD_SBM_FAST=1 -DSHOW_ALL_VARS_USED=0 -DCONFIG_BUF_LEN=65536 -DMAX_DOMAINS_F=21 -DMAX_HISTORY=25 -DNMM_NEST=0 -DWRF_CHEM -DBUILD_CHEM=1 -I. -traditional-cpp -DUSE_NETCDF4_FEATURES -DWRFIO_NCD_LARGE_FILE_SUPPORT   module_sf_sfcdiags.G  > module_sf_sfcdiags.bb
/glade/derecho/scratch/yates/NEOM_WRF/wrfv4.6.0/tools/standard.exe module_sf_sfcdiags.bb | /lib/cpp -P -nostdinc -traditional-cpp -DUSE_NETCDF4_FEATURES -DWRFIO_NCD_LARGE_FILE_SUPPORT > module_sf_sfcdiags.f90
rm -f module_sf_sfcdiags.G module_sf_sfcdiags.bb
time mpif90 -f90=ifort -o module_sf_sfcdiags.o -c -O3 -ip -fp-model precise -w -ftz -align all -fno-alias -FR -convert big_endian    -I../dyn_em  -I/glade/derecho/scratch/yates/NEOM_WRF/wrfv4.6.0/external/esmf_time_f90  -I/glade/derecho/scratch/yates/NEOM_WRF/wrfv4.6.0/main -I/glade/derecho/scratch/yates/NEOM_WRF/wrfv4.6.0/external/io_netcdf -I/glade/derecho/scratch/yates/NEOM_WRF/wrfv4.6.0/external/io_int -I/glade/derecho/scratch/yates/NEOM_WRF/wrfv4.6.0/frame -I/glade/derecho/scratch/yates/NEOM_WRF/wrfv4.6.0/share -I/glade/derecho/scratch/yates/NEOM_WRF/wrfv4.6.0/phys -I/glade/derecho/scratch/yates/NEOM_WRF/wrfv4.6.0/wrftladj -I/glade/derecho/scratch/yates/NEOM_WRF/wrfv4.6.0/chem -I/glade/derecho/scratch/yates/NEOM_WRF/wrfv4.6.0/inc -I/glade/u/apps/derecho/23.09/spack/opt/spack/netcdf/4.9.2/oneapi/2023.2.1/yzvj/include  -real-size `expr 8 \* 4` -i4  module_sf_sfcdiags.f90

real	0m1.576s
user	0m0.108s
sys	0m0.299s
rm -f module_sf_sfcdiags_ruclsm.o
sed -e "s/^\!.*'.*//" -e "s/^ *\!.*'.*//" module_sf_sfcdiags_ruclsm.F > module_sf_sfcdiags_ruclsm.G
/lib/cpp -P -nostdinc -I/glade/derecho/scratch/yates/NEOM_WRF/wrfv4.6.0/inc -DEM_CORE=1 -DNMM_CORE=0 -DNMM_MAX_DIM=2600 -DDA_CORE=0 -DWRFPLUS=0 -DIWORDSIZE=4 -DDWORDSIZE=8 -DRWORDSIZE=4 -DLWORDSIZE=4 -DNONSTANDARD_SYSTEM_FUNC  -DWRF_USE_CLM -DUSE_NETCDF4_FEATURES -DWRFIO_NCD_LARGE_FILE_SUPPORT  -DDM_PARALLEL -DNETCDF -DLANDREAD_STUB=1 -DUSE_ALLOCATABLES -Dwrfmodel -DGRIB1 -DINTIO -DKEEP_INT_AROUND -DLIMIT_ARGS -DBUILD_RRTMG_FAST=0 -DBUILD_RRTMK=0 -DBUILD_SBM_FAST=1 -DSHOW_ALL_VARS_USED=0 -DCONFIG_BUF_LEN=65536 -DMAX_DOMAINS_F=21 -DMAX_HISTORY=25 -DNMM_NEST=0 -DWRF_CHEM -DBUILD_CHEM=1 -I. -traditional-cpp -DUSE_NETCDF4_FEATURES -DWRFIO_NCD_LARGE_FILE_SUPPORT   module_sf_sfcdiags_ruclsm.G  > module_sf_sfcdiags_ruclsm.bb
/glade/derecho/scratch/yates/NEOM_WRF/wrfv4.6.0/tools/standard.exe module_sf_sfcdiags_ruclsm.bb | /lib/cpp -P -nostdinc -traditional-cpp -DUSE_NETCDF4_FEATURES -DWRFIO_NCD_LARGE_FILE_SUPPORT > module_sf_sfcdiags_ruclsm.f90
rm -f module_sf_sfcdiags_ruclsm.G module_sf_sfcdiags_ruclsm.bb
time mpif90 -f90=ifort -o module_sf_sfcdiags_ruclsm.o -c -O3 -ip -fp-model precise -w -ftz -align all -fno-alias -FR -convert big_endian    -I../dyn_em  -I/glade/derecho/scratch/yates/NEOM_WRF/wrfv4.6.0/external/esmf_time_f90  -I/glade/derecho/scratch/yates/NEOM_WRF/wrfv4.6.0/main -I/glade/derecho/scratch/yates/NEOM_WRF/wrfv4.6.0/external/io_netcdf -I/glade/derecho/scratch/yates/NEOM_WRF/wrfv4.6.0/external/io_int -I/glade/derecho/scratch/yates/NEOM_WRF/wrfv4.6.0/frame -I/glade/derecho/scratch/yates/NEOM_WRF/wrfv4.6.0/share -I/glade/derecho/scratch/yates/NEOM_WRF/wrfv4.6.0/phys -I/glade/derecho/scratch/yates/NEOM_WRF/wrfv4.6.0/wrftladj -I/glade/derecho/scratch/yates/NEOM_WRF/wrfv4.6.0/chem -I/glade/derecho/scratch/yates/NEOM_WRF/wrfv4.6.0/inc -I/glade/u/apps/derecho/23.09/spack/opt/spack/netcdf/4.9.2/oneapi/2023.2.1/yzvj/include  -real-size `expr 8 \* 4` -i4  module_sf_sfcdiags_ruclsm.f90

real	0m0.567s
user	0m0.136s
sys	0m0.294s
rm -f module_sf_sstskin.o
sed -e "s/^\!.*'.*//" -e "s/^ *\!.*'.*//" module_sf_sstskin.F > module_sf_sstskin.G
/lib/cpp -P -nostdinc -I/glade/derecho/scratch/yates/NEOM_WRF/wrfv4.6.0/inc -DEM_CORE=1 -DNMM_CORE=0 -DNMM_MAX_DIM=2600 -DDA_CORE=0 -DWRFPLUS=0 -DIWORDSIZE=4 -DDWORDSIZE=8 -DRWORDSIZE=4 -DLWORDSIZE=4 -DNONSTANDARD_SYSTEM_FUNC  -DWRF_USE_CLM -DUSE_NETCDF4_FEATURES -DWRFIO_NCD_LARGE_FILE_SUPPORT  -DDM_PARALLEL -DNETCDF -DLANDREAD_STUB=1 -DUSE_ALLOCATABLES -Dwrfmodel -DGRIB1 -DINTIO -DKEEP_INT_AROUND -DLIMIT_ARGS -DBUILD_RRTMG_FAST=0 -DBUILD_RRTMK=0 -DBUILD_SBM_FAST=1 -DSHOW_ALL_VARS_USED=0 -DCONFIG_BUF_LEN=65536 -DMAX_DOMAINS_F=21 -DMAX_HISTORY=25 -DNMM_NEST=0 -DWRF_CHEM -DBUILD_CHEM=1 -I. -traditional-cpp -DUSE_NETCDF4_FEATURES -DWRFIO_NCD_LARGE_FILE_SUPPORT   module_sf_sstskin.G  > module_sf_sstskin.bb
/glade/derecho/scratch/yates/NEOM_WRF/wrfv4.6.0/tools/standard.exe module_sf_sstskin.bb | /lib/cpp -P -nostdinc -traditional-cpp -DUSE_NETCDF4_FEATURES -DWRFIO_NCD_LARGE_FILE_SUPPORT > module_sf_sstskin.f90
rm -f module_sf_sstskin.G module_sf_sstskin.bb
time mpif90 -f90=ifort -o module_sf_sstskin.o -c -O3 -ip -fp-model precise -w -ftz -align all -fno-alias -FR -convert big_endian    -I../dyn_em  -I/glade/derecho/scratch/yates/NEOM_WRF/wrfv4.6.0/external/esmf_time_f90  -I/glade/derecho/scratch/yates/NEOM_WRF/wrfv4.6.0/main -I/glade/derecho/scratch/yates/NEOM_WRF/wrfv4.6.0/external/io_netcdf -I/glade/derecho/scratch/yates/NEOM_WRF/wrfv4.6.0/external/io_int -I/glade/derecho/scratch/yates/NEOM_WRF/wrfv4.6.0/frame -I/glade/derecho/scratch/yates/NEOM_WRF/wrfv4.6.0/share -I/glade/derecho/scratch/yates/NEOM_WRF/wrfv4.6.0/phys -I/glade/derecho/scratch/yates/NEOM_WRF/wrfv4.6.0/wrftladj -I/glade/derecho/scratch/yates/NEOM_WRF/wrfv4.6.0/chem -I/glade/derecho/scratch/yates/NEOM_WRF/wrfv4.6.0/inc -I/glade/u/apps/derecho/23.09/spack/opt/spack/netcdf/4.9.2/oneapi/2023.2.1/yzvj/include  -real-size `expr 8 \* 4` -i4  module_sf_sstskin.f90

real	0m0.512s
user	0m0.107s
sys	0m0.300s
rm -f module_sf_tmnupdate.o
sed -e "s/^\!.*'.*//" -e "s/^ *\!.*'.*//" module_sf_tmnupdate.F > module_sf_tmnupdate.G
/lib/cpp -P -nostdinc -I/glade/derecho/scratch/yates/NEOM_WRF/wrfv4.6.0/inc -DEM_CORE=1 -DNMM_CORE=0 -DNMM_MAX_DIM=2600 -DDA_CORE=0 -DWRFPLUS=0 -DIWORDSIZE=4 -DDWORDSIZE=8 -DRWORDSIZE=4 -DLWORDSIZE=4 -DNONSTANDARD_SYSTEM_FUNC  -DWRF_USE_CLM -DUSE_NETCDF4_FEATURES -DWRFIO_NCD_LARGE_FILE_SUPPORT  -DDM_PARALLEL -DNETCDF -DLANDREAD_STUB=1 -DUSE_ALLOCATABLES -Dwrfmodel -DGRIB1 -DINTIO -DKEEP_INT_AROUND -DLIMIT_ARGS -DBUILD_RRTMG_FAST=0 -DBUILD_RRTMK=0 -DBUILD_SBM_FAST=1 -DSHOW_ALL_VARS_USED=0 -DCONFIG_BUF_LEN=65536 -DMAX_DOMAINS_F=21 -DMAX_HISTORY=25 -DNMM_NEST=0 -DWRF_CHEM -DBUILD_CHEM=1 -I. -traditional-cpp -DUSE_NETCDF4_FEATURES -DWRFIO_NCD_LARGE_FILE_SUPPORT   module_sf_tmnupdate.G  > module_sf_tmnupdate.bb
/glade/derecho/scratch/yates/NEOM_WRF/wrfv4.6.0/tools/standard.exe module_sf_tmnupdate.bb | /lib/cpp -P -nostdinc -traditional-cpp -DUSE_NETCDF4_FEATURES -DWRFIO_NCD_LARGE_FILE_SUPPORT > module_sf_tmnupdate.f90
rm -f module_sf_tmnupdate.G module_sf_tmnupdate.bb
time mpif90 -f90=ifort -o module_sf_tmnupdate.o -c -O3 -ip -fp-model precise -w -ftz -align all -fno-alias -FR -convert big_endian    -I../dyn_em  -I/glade/derecho/scratch/yates/NEOM_WRF/wrfv4.6.0/external/esmf_time_f90  -I/glade/derecho/scratch/yates/NEOM_WRF/wrfv4.6.0/main -I/glade/derecho/scratch/yates/NEOM_WRF/wrfv4.6.0/external/io_netcdf -I/glade/derecho/scratch/yates/NEOM_WRF/wrfv4.6.0/external/io_int -I/glade/derecho/scratch/yates/NEOM_WRF/wrfv4.6.0/frame -I/glade/derecho/scratch/yates/NEOM_WRF/wrfv4.6.0/share -I/glade/derecho/scratch/yates/NEOM_WRF/wrfv4.6.0/phys -I/glade/derecho/scratch/yates/NEOM_WRF/wrfv4.6.0/wrftladj -I/glade/derecho/scratch/yates/NEOM_WRF/wrfv4.6.0/chem -I/glade/derecho/scratch/yates/NEOM_WRF/wrfv4.6.0/inc -I/glade/u/apps/derecho/23.09/spack/opt/spack/netcdf/4.9.2/oneapi/2023.2.1/yzvj/include  -real-size `expr 8 \* 4` -i4  module_sf_tmnupdate.f90

real	0m6.080s
user	0m5.630s
sys	0m0.398s
rm -f module_sf_oml.o
sed -e "s/^\!.*'.*//" -e "s/^ *\!.*'.*//" module_sf_oml.F > module_sf_oml.G
/lib/cpp -P -nostdinc -I/glade/derecho/scratch/yates/NEOM_WRF/wrfv4.6.0/inc -DEM_CORE=1 -DNMM_CORE=0 -DNMM_MAX_DIM=2600 -DDA_CORE=0 -DWRFPLUS=0 -DIWORDSIZE=4 -DDWORDSIZE=8 -DRWORDSIZE=4 -DLWORDSIZE=4 -DNONSTANDARD_SYSTEM_FUNC  -DWRF_USE_CLM -DUSE_NETCDF4_FEATURES -DWRFIO_NCD_LARGE_FILE_SUPPORT  -DDM_PARALLEL -DNETCDF -DLANDREAD_STUB=1 -DUSE_ALLOCATABLES -Dwrfmodel -DGRIB1 -DINTIO -DKEEP_INT_AROUND -DLIMIT_ARGS -DBUILD_RRTMG_FAST=0 -DBUILD_RRTMK=0 -DBUILD_SBM_FAST=1 -DSHOW_ALL_VARS_USED=0 -DCONFIG_BUF_LEN=65536 -DMAX_DOMAINS_F=21 -DMAX_HISTORY=25 -DNMM_NEST=0 -DWRF_CHEM -DBUILD_CHEM=1 -I. -traditional-cpp -DUSE_NETCDF4_FEATURES -DWRFIO_NCD_LARGE_FILE_SUPPORT   module_sf_oml.G  > module_sf_oml.bb
/glade/derecho/scratch/yates/NEOM_WRF/wrfv4.6.0/tools/standard.exe module_sf_oml.bb | /lib/cpp -P -nostdinc -traditional-cpp -DUSE_NETCDF4_FEATURES -DWRFIO_NCD_LARGE_FILE_SUPPORT > module_sf_oml.f90
rm -f module_sf_oml.G module_sf_oml.bb
time mpif90 -f90=ifort -o module_sf_oml.o -c -O3 -ip -fp-model precise -w -ftz -align all -fno-alias -FR -convert big_endian    -I../dyn_em  -I/glade/derecho/scratch/yates/NEOM_WRF/wrfv4.6.0/external/esmf_time_f90  -I/glade/derecho/scratch/yates/NEOM_WRF/wrfv4.6.0/main -I/glade/derecho/scratch/yates/NEOM_WRF/wrfv4.6.0/external/io_netcdf -I/glade/derecho/scratch/yates/NEOM_WRF/wrfv4.6.0/external/io_int -I/glade/derecho/scratch/yates/NEOM_WRF/wrfv4.6.0/frame -I/glade/derecho/scratch/yates/NEOM_WRF/wrfv4.6.0/share -I/glade/derecho/scratch/yates/NEOM_WRF/wrfv4.6.0/phys -I/glade/derecho/scratch/yates/NEOM_WRF/wrfv4.6.0/wrftladj -I/glade/derecho/scratch/yates/NEOM_WRF/wrfv4.6.0/chem -I/glade/derecho/scratch/yates/NEOM_WRF/wrfv4.6.0/inc -I/glade/u/apps/derecho/23.09/spack/opt/spack/netcdf/4.9.2/oneapi/2023.2.1/yzvj/include  -real-size `expr 8 \* 4` -i4  module_sf_oml.f90

real	0m0.506s
user	0m0.195s
sys	0m0.285s
rm -f module_sf_3dpwp.o
sed -e "s/^\!.*'.*//" -e "s/^ *\!.*'.*//" module_sf_3dpwp.F > module_sf_3dpwp.G
/lib/cpp -P -nostdinc -I/glade/derecho/scratch/yates/NEOM_WRF/wrfv4.6.0/inc -DEM_CORE=1 -DNMM_CORE=0 -DNMM_MAX_DIM=2600 -DDA_CORE=0 -DWRFPLUS=0 -DIWORDSIZE=4 -DDWORDSIZE=8 -DRWORDSIZE=4 -DLWORDSIZE=4 -DNONSTANDARD_SYSTEM_FUNC  -DWRF_USE_CLM -DUSE_NETCDF4_FEATURES -DWRFIO_NCD_LARGE_FILE_SUPPORT  -DDM_PARALLEL -DNETCDF -DLANDREAD_STUB=1 -DUSE_ALLOCATABLES -Dwrfmodel -DGRIB1 -DINTIO -DKEEP_INT_AROUND -DLIMIT_ARGS -DBUILD_RRTMG_FAST=0 -DBUILD_RRTMK=0 -DBUILD_SBM_FAST=1 -DSHOW_ALL_VARS_USED=0 -DCONFIG_BUF_LEN=65536 -DMAX_DOMAINS_F=21 -DMAX_HISTORY=25 -DNMM_NEST=0 -DWRF_CHEM -DBUILD_CHEM=1 -I. -traditional-cpp -DUSE_NETCDF4_FEATURES -DWRFIO_NCD_LARGE_FILE_SUPPORT   module_sf_3dpwp.G  > module_sf_3dpwp.bb
/glade/derecho/scratch/yates/NEOM_WRF/wrfv4.6.0/tools/standard.exe module_sf_3dpwp.bb | /lib/cpp -P -nostdinc -traditional-cpp -DUSE_NETCDF4_FEATURES -DWRFIO_NCD_LARGE_FILE_SUPPORT > module_sf_3dpwp.f90
rm -f module_sf_3dpwp.G module_sf_3dpwp.bb
time mpif90 -f90=ifort -o module_sf_3dpwp.o -c -O3 -ip -fp-model precise -w -ftz -align all -fno-alias -FR -convert big_endian    -I../dyn_em  -I/glade/derecho/scratch/yates/NEOM_WRF/wrfv4.6.0/external/esmf_time_f90  -I/glade/derecho/scratch/yates/NEOM_WRF/wrfv4.6.0/main -I/glade/derecho/scratch/yates/NEOM_WRF/wrfv4.6.0/external/io_netcdf -I/glade/derecho/scratch/yates/NEOM_WRF/wrfv4.6.0/external/io_int -I/glade/derecho/scratch/yates/NEOM_WRF/wrfv4.6.0/frame -I/glade/derecho/scratch/yates/NEOM_WRF/wrfv4.6.0/share -I/glade/derecho/scratch/yates/NEOM_WRF/wrfv4.6.0/phys -I/glade/derecho/scratch/yates/NEOM_WRF/wrfv4.6.0/wrftladj -I/glade/derecho/scratch/yates/NEOM_WRF/wrfv4.6.0/chem -I/glade/derecho/scratch/yates/NEOM_WRF/wrfv4.6.0/inc -I/glade/u/apps/derecho/23.09/spack/opt/spack/netcdf/4.9.2/oneapi/2023.2.1/yzvj/include  -real-size `expr 8 \* 4` -i4  module_sf_3dpwp.f90

real	0m0.518s
user	0m0.216s
sys	0m0.272s
rm -f module_sf_qnsesfc.o
sed -e "s/^\!.*'.*//" -e "s/^ *\!.*'.*//" module_sf_qnsesfc.F > module_sf_qnsesfc.G
/lib/cpp -P -nostdinc -I/glade/derecho/scratch/yates/NEOM_WRF/wrfv4.6.0/inc -DEM_CORE=1 -DNMM_CORE=0 -DNMM_MAX_DIM=2600 -DDA_CORE=0 -DWRFPLUS=0 -DIWORDSIZE=4 -DDWORDSIZE=8 -DRWORDSIZE=4 -DLWORDSIZE=4 -DNONSTANDARD_SYSTEM_FUNC  -DWRF_USE_CLM -DUSE_NETCDF4_FEATURES -DWRFIO_NCD_LARGE_FILE_SUPPORT  -DDM_PARALLEL -DNETCDF -DLANDREAD_STUB=1 -DUSE_ALLOCATABLES -Dwrfmodel -DGRIB1 -DINTIO -DKEEP_INT_AROUND -DLIMIT_ARGS -DBUILD_RRTMG_FAST=0 -DBUILD_RRTMK=0 -DBUILD_SBM_FAST=1 -DSHOW_ALL_VARS_USED=0 -DCONFIG_BUF_LEN=65536 -DMAX_DOMAINS_F=21 -DMAX_HISTORY=25 -DNMM_NEST=0 -DWRF_CHEM -DBUILD_CHEM=1 -I. -traditional-cpp -DUSE_NETCDF4_FEATURES -DWRFIO_NCD_LARGE_FILE_SUPPORT   module_sf_qnsesfc.G  > module_sf_qnsesfc.bb
/glade/derecho/scratch/yates/NEOM_WRF/wrfv4.6.0/tools/standard.exe module_sf_qnsesfc.bb | /lib/cpp -P -nostdinc -traditional-cpp -DUSE_NETCDF4_FEATURES -DWRFIO_NCD_LARGE_FILE_SUPPORT > module_sf_qnsesfc.f90
rm -f module_sf_qnsesfc.G module_sf_qnsesfc.bb
time mpif90 -f90=ifort -o module_sf_qnsesfc.o -c -O3 -ip -fp-model precise -w -ftz -align all -fno-alias -FR -convert big_endian    -I../dyn_em  -I/glade/derecho/scratch/yates/NEOM_WRF/wrfv4.6.0/external/esmf_time_f90  -I/glade/derecho/scratch/yates/NEOM_WRF/wrfv4.6.0/main -I/glade/derecho/scratch/yates/NEOM_WRF/wrfv4.6.0/external/io_netcdf -I/glade/derecho/scratch/yates/NEOM_WRF/wrfv4.6.0/external/io_int -I/glade/derecho/scratch/yates/NEOM_WRF/wrfv4.6.0/frame -I/glade/derecho/scratch/yates/NEOM_WRF/wrfv4.6.0/share -I/glade/derecho/scratch/yates/NEOM_WRF/wrfv4.6.0/phys -I/glade/derecho/scratch/yates/NEOM_WRF/wrfv4.6.0/wrftladj -I/glade/derecho/scratch/yates/NEOM_WRF/wrfv4.6.0/chem -I/glade/derecho/scratch/yates/NEOM_WRF/wrfv4.6.0/inc -I/glade/u/apps/derecho/23.09/spack/opt/spack/netcdf/4.9.2/oneapi/2023.2.1/yzvj/include  -real-size `expr 8 \* 4` -i4  module_sf_qnsesfc.f90

real	0m1.141s
user	0m0.783s
sys	0m0.333s
rm -f module_sf_fogdes.o
sed -e "s/^\!.*'.*//" -e "s/^ *\!.*'.*//" module_sf_fogdes.F > module_sf_fogdes.G
/lib/cpp -P -nostdinc -I/glade/derecho/scratch/yates/NEOM_WRF/wrfv4.6.0/inc -DEM_CORE=1 -DNMM_CORE=0 -DNMM_MAX_DIM=2600 -DDA_CORE=0 -DWRFPLUS=0 -DIWORDSIZE=4 -DDWORDSIZE=8 -DRWORDSIZE=4 -DLWORDSIZE=4 -DNONSTANDARD_SYSTEM_FUNC  -DWRF_USE_CLM -DUSE_NETCDF4_FEATURES -DWRFIO_NCD_LARGE_FILE_SUPPORT  -DDM_PARALLEL -DNETCDF -DLANDREAD_STUB=1 -DUSE_ALLOCATABLES -Dwrfmodel -DGRIB1 -DINTIO -DKEEP_INT_AROUND -DLIMIT_ARGS -DBUILD_RRTMG_FAST=0 -DBUILD_RRTMK=0 -DBUILD_SBM_FAST=1 -DSHOW_ALL_VARS_USED=0 -DCONFIG_BUF_LEN=65536 -DMAX_DOMAINS_F=21 -DMAX_HISTORY=25 -DNMM_NEST=0 -DWRF_CHEM -DBUILD_CHEM=1 -I. -traditional-cpp -DUSE_NETCDF4_FEATURES -DWRFIO_NCD_LARGE_FILE_SUPPORT   module_sf_fogdes.G  > module_sf_fogdes.bb
/glade/derecho/scratch/yates/NEOM_WRF/wrfv4.6.0/tools/standard.exe module_sf_fogdes.bb | /lib/cpp -P -nostdinc -traditional-cpp -DUSE_NETCDF4_FEATURES -DWRFIO_NCD_LARGE_FILE_SUPPORT > module_sf_fogdes.f90
rm -f module_sf_fogdes.G module_sf_fogdes.bb
time mpif90 -f90=ifort -o module_sf_fogdes.o -c -O3 -ip -fp-model precise -w -ftz -align all -fno-alias -FR -convert big_endian    -I../dyn_em  -I/glade/derecho/scratch/yates/NEOM_WRF/wrfv4.6.0/external/esmf_time_f90  -I/glade/derecho/scratch/yates/NEOM_WRF/wrfv4.6.0/main -I/glade/derecho/scratch/yates/NEOM_WRF/wrfv4.6.0/external/io_netcdf -I/glade/derecho/scratch/yates/NEOM_WRF/wrfv4.6.0/external/io_int -I/glade/derecho/scratch/yates/NEOM_WRF/wrfv4.6.0/frame -I/glade/derecho/scratch/yates/NEOM_WRF/wrfv4.6.0/share -I/glade/derecho/scratch/yates/NEOM_WRF/wrfv4.6.0/phys -I/glade/derecho/scratch/yates/NEOM_WRF/wrfv4.6.0/wrftladj -I/glade/derecho/scratch/yates/NEOM_WRF/wrfv4.6.0/chem -I/glade/derecho/scratch/yates/NEOM_WRF/wrfv4.6.0/inc -I/glade/u/apps/derecho/23.09/spack/opt/spack/netcdf/4.9.2/oneapi/2023.2.1/yzvj/include  -real-size `expr 8 \* 4` -i4  module_sf_fogdes.f90

real	0m0.601s
user	0m0.302s
sys	0m0.275s
rm -f module_sf_pxsfclay.o
sed -e "s/^\!.*'.*//" -e "s/^ *\!.*'.*//" module_sf_pxsfclay.F > module_sf_pxsfclay.G
/lib/cpp -P -nostdinc -I/glade/derecho/scratch/yates/NEOM_WRF/wrfv4.6.0/inc -DEM_CORE=1 -DNMM_CORE=0 -DNMM_MAX_DIM=2600 -DDA_CORE=0 -DWRFPLUS=0 -DIWORDSIZE=4 -DDWORDSIZE=8 -DRWORDSIZE=4 -DLWORDSIZE=4 -DNONSTANDARD_SYSTEM_FUNC  -DWRF_USE_CLM -DUSE_NETCDF4_FEATURES -DWRFIO_NCD_LARGE_FILE_SUPPORT  -DDM_PARALLEL -DNETCDF -DLANDREAD_STUB=1 -DUSE_ALLOCATABLES -Dwrfmodel -DGRIB1 -DINTIO -DKEEP_INT_AROUND -DLIMIT_ARGS -DBUILD_RRTMG_FAST=0 -DBUILD_RRTMK=0 -DBUILD_SBM_FAST=1 -DSHOW_ALL_VARS_USED=0 -DCONFIG_BUF_LEN=65536 -DMAX_DOMAINS_F=21 -DMAX_HISTORY=25 -DNMM_NEST=0 -DWRF_CHEM -DBUILD_CHEM=1 -I. -traditional-cpp -DUSE_NETCDF4_FEATURES -DWRFIO_NCD_LARGE_FILE_SUPPORT   module_sf_pxsfclay.G  > module_sf_pxsfclay.bb
/glade/derecho/scratch/yates/NEOM_WRF/wrfv4.6.0/tools/standard.exe module_sf_pxsfclay.bb | /lib/cpp -P -nostdinc -traditional-cpp -DUSE_NETCDF4_FEATURES -DWRFIO_NCD_LARGE_FILE_SUPPORT > module_sf_pxsfclay.f90
rm -f module_sf_pxsfclay.G module_sf_pxsfclay.bb
time mpif90 -f90=ifort -o module_sf_pxsfclay.o -c -O3 -ip -fp-model precise -w -ftz -align all -fno-alias -FR -convert big_endian    -I../dyn_em  -I/glade/derecho/scratch/yates/NEOM_WRF/wrfv4.6.0/external/esmf_time_f90  -I/glade/derecho/scratch/yates/NEOM_WRF/wrfv4.6.0/main -I/glade/derecho/scratch/yates/NEOM_WRF/wrfv4.6.0/external/io_netcdf -I/glade/derecho/scratch/yates/NEOM_WRF/wrfv4.6.0/external/io_int -I/glade/derecho/scratch/yates/NEOM_WRF/wrfv4.6.0/frame -I/glade/derecho/scratch/yates/NEOM_WRF/wrfv4.6.0/share -I/glade/derecho/scratch/yates/NEOM_WRF/wrfv4.6.0/phys -I/glade/derecho/scratch/yates/NEOM_WRF/wrfv4.6.0/wrftladj -I/glade/derecho/scratch/yates/NEOM_WRF/wrfv4.6.0/chem -I/glade/derecho/scratch/yates/NEOM_WRF/wrfv4.6.0/inc -I/glade/u/apps/derecho/23.09/spack/opt/spack/netcdf/4.9.2/oneapi/2023.2.1/yzvj/include  -real-size `expr 8 \* 4` -i4  module_sf_pxsfclay.f90

real	0m0.866s
user	0m0.538s
sys	0m0.303s
rm -f module_sf_temfsfclay.o
sed -e "s/^\!.*'.*//" -e "s/^ *\!.*'.*//" module_sf_temfsfclay.F > module_sf_temfsfclay.G
/lib/cpp -P -nostdinc -I/glade/derecho/scratch/yates/NEOM_WRF/wrfv4.6.0/inc -DEM_CORE=1 -DNMM_CORE=0 -DNMM_MAX_DIM=2600 -DDA_CORE=0 -DWRFPLUS=0 -DIWORDSIZE=4 -DDWORDSIZE=8 -DRWORDSIZE=4 -DLWORDSIZE=4 -DNONSTANDARD_SYSTEM_FUNC  -DWRF_USE_CLM -DUSE_NETCDF4_FEATURES -DWRFIO_NCD_LARGE_FILE_SUPPORT  -DDM_PARALLEL -DNETCDF -DLANDREAD_STUB=1 -DUSE_ALLOCATABLES -Dwrfmodel -DGRIB1 -DINTIO -DKEEP_INT_AROUND -DLIMIT_ARGS -DBUILD_RRTMG_FAST=0 -DBUILD_RRTMK=0 -DBUILD_SBM_FAST=1 -DSHOW_ALL_VARS_USED=0 -DCONFIG_BUF_LEN=65536 -DMAX_DOMAINS_F=21 -DMAX_HISTORY=25 -DNMM_NEST=0 -DWRF_CHEM -DBUILD_CHEM=1 -I. -traditional-cpp -DUSE_NETCDF4_FEATURES -DWRFIO_NCD_LARGE_FILE_SUPPORT   module_sf_temfsfclay.G  > module_sf_temfsfclay.bb
/glade/derecho/scratch/yates/NEOM_WRF/wrfv4.6.0/tools/standard.exe module_sf_temfsfclay.bb | /lib/cpp -P -nostdinc -traditional-cpp -DUSE_NETCDF4_FEATURES -DWRFIO_NCD_LARGE_FILE_SUPPORT > module_sf_temfsfclay.f90
rm -f module_sf_temfsfclay.G module_sf_temfsfclay.bb
time mpif90 -f90=ifort -o module_sf_temfsfclay.o -c -O3 -ip -fp-model precise -w -ftz -align all -fno-alias -FR -convert big_endian    -I../dyn_em  -I/glade/derecho/scratch/yates/NEOM_WRF/wrfv4.6.0/external/esmf_time_f90  -I/glade/derecho/scratch/yates/NEOM_WRF/wrfv4.6.0/main -I/glade/derecho/scratch/yates/NEOM_WRF/wrfv4.6.0/external/io_netcdf -I/glade/derecho/scratch/yates/NEOM_WRF/wrfv4.6.0/external/io_int -I/glade/derecho/scratch/yates/NEOM_WRF/wrfv4.6.0/frame -I/glade/derecho/scratch/yates/NEOM_WRF/wrfv4.6.0/share -I/glade/derecho/scratch/yates/NEOM_WRF/wrfv4.6.0/phys -I/glade/derecho/scratch/yates/NEOM_WRF/wrfv4.6.0/wrftladj -I/glade/derecho/scratch/yates/NEOM_WRF/wrfv4.6.0/chem -I/glade/derecho/scratch/yates/NEOM_WRF/wrfv4.6.0/inc -I/glade/u/apps/derecho/23.09/spack/opt/spack/netcdf/4.9.2/oneapi/2023.2.1/yzvj/include  -real-size `expr 8 \* 4` -i4  module_sf_temfsfclay.f90

real	0m0.715s
user	0m0.398s
sys	0m0.290s
rm -f module_sf_idealscmsfclay.o
sed -e "s/^\!.*'.*//" -e "s/^ *\!.*'.*//" module_sf_idealscmsfclay.F > module_sf_idealscmsfclay.G

real	0m4.252s
user	0m3.830s
sys	0m0.377s
rm -f module_sf_scmflux.o
/lib/cpp -P -nostdinc -I/glade/derecho/scratch/yates/NEOM_WRF/wrfv4.6.0/inc -DEM_CORE=1 -DNMM_CORE=0 -DNMM_MAX_DIM=2600 -DDA_CORE=0 -DWRFPLUS=0 -DIWORDSIZE=4 -DDWORDSIZE=8 -DRWORDSIZE=4 -DLWORDSIZE=4 -DNONSTANDARD_SYSTEM_FUNC  -DWRF_USE_CLM -DUSE_NETCDF4_FEATURES -DWRFIO_NCD_LARGE_FILE_SUPPORT  -DDM_PARALLEL -DNETCDF -DLANDREAD_STUB=1 -DUSE_ALLOCATABLES -Dwrfmodel -DGRIB1 -DINTIO -DKEEP_INT_AROUND -DLIMIT_ARGS -DBUILD_RRTMG_FAST=0 -DBUILD_RRTMK=0 -DBUILD_SBM_FAST=1 -DSHOW_ALL_VARS_USED=0 -DCONFIG_BUF_LEN=65536 -DMAX_DOMAINS_F=21 -DMAX_HISTORY=25 -DNMM_NEST=0 -DWRF_CHEM -DBUILD_CHEM=1 -I. -traditional-cpp -DUSE_NETCDF4_FEATURES -DWRFIO_NCD_LARGE_FILE_SUPPORT   module_sf_idealscmsfclay.G  > module_sf_idealscmsfclay.bb
sed -e "s/^\!.*'.*//" -e "s/^ *\!.*'.*//" module_sf_scmflux.F > module_sf_scmflux.G
/glade/derecho/scratch/yates/NEOM_WRF/wrfv4.6.0/tools/standard.exe module_sf_idealscmsfclay.bb | /lib/cpp -P -nostdinc -traditional-cpp -DUSE_NETCDF4_FEATURES -DWRFIO_NCD_LARGE_FILE_SUPPORT > module_sf_idealscmsfclay.f90
/lib/cpp -P -nostdinc -I/glade/derecho/scratch/yates/NEOM_WRF/wrfv4.6.0/inc -DEM_CORE=1 -DNMM_CORE=0 -DNMM_MAX_DIM=2600 -DDA_CORE=0 -DWRFPLUS=0 -DIWORDSIZE=4 -DDWORDSIZE=8 -DRWORDSIZE=4 -DLWORDSIZE=4 -DNONSTANDARD_SYSTEM_FUNC  -DWRF_USE_CLM -DUSE_NETCDF4_FEATURES -DWRFIO_NCD_LARGE_FILE_SUPPORT  -DDM_PARALLEL -DNETCDF -DLANDREAD_STUB=1 -DUSE_ALLOCATABLES -Dwrfmodel -DGRIB1 -DINTIO -DKEEP_INT_AROUND -DLIMIT_ARGS -DBUILD_RRTMG_FAST=0 -DBUILD_RRTMK=0 -DBUILD_SBM_FAST=1 -DSHOW_ALL_VARS_USED=0 -DCONFIG_BUF_LEN=65536 -DMAX_DOMAINS_F=21 -DMAX_HISTORY=25 -DNMM_NEST=0 -DWRF_CHEM -DBUILD_CHEM=1 -I. -traditional-cpp -DUSE_NETCDF4_FEATURES -DWRFIO_NCD_LARGE_FILE_SUPPORT   module_sf_scmflux.G  > module_sf_scmflux.bb
/glade/derecho/scratch/yates/NEOM_WRF/wrfv4.6.0/tools/standard.exe module_sf_scmflux.bb | /lib/cpp -P -nostdinc -traditional-cpp -DUSE_NETCDF4_FEATURES -DWRFIO_NCD_LARGE_FILE_SUPPORT > module_sf_scmflux.f90
rm -f module_sf_idealscmsfclay.G module_sf_idealscmsfclay.bb
rm -f module_sf_scmflux.G module_sf_scmflux.bb
time mpif90 -f90=ifort -o module_sf_idealscmsfclay.o -c -O3 -ip -fp-model precise -w -ftz -align all -fno-alias -FR -convert big_endian    -I../dyn_em  -I/glade/derecho/scratch/yates/NEOM_WRF/wrfv4.6.0/external/esmf_time_f90  -I/glade/derecho/scratch/yates/NEOM_WRF/wrfv4.6.0/main -I/glade/derecho/scratch/yates/NEOM_WRF/wrfv4.6.0/external/io_netcdf -I/glade/derecho/scratch/yates/NEOM_WRF/wrfv4.6.0/external/io_int -I/glade/derecho/scratch/yates/NEOM_WRF/wrfv4.6.0/frame -I/glade/derecho/scratch/yates/NEOM_WRF/wrfv4.6.0/share -I/glade/derecho/scratch/yates/NEOM_WRF/wrfv4.6.0/phys -I/glade/derecho/scratch/yates/NEOM_WRF/wrfv4.6.0/wrftladj -I/glade/derecho/scratch/yates/NEOM_WRF/wrfv4.6.0/chem -I/glade/derecho/scratch/yates/NEOM_WRF/wrfv4.6.0/inc -I/glade/u/apps/derecho/23.09/spack/opt/spack/netcdf/4.9.2/oneapi/2023.2.1/yzvj/include  -real-size `expr 8 \* 4` -i4  module_sf_idealscmsfclay.f90
time mpif90 -f90=ifort -o module_sf_scmflux.o -c -O3 -ip -fp-model precise -w -ftz -align all -fno-alias -FR -convert big_endian    -I../dyn_em  -I/glade/derecho/scratch/yates/NEOM_WRF/wrfv4.6.0/external/esmf_time_f90  -I/glade/derecho/scratch/yates/NEOM_WRF/wrfv4.6.0/main -I/glade/derecho/scratch/yates/NEOM_WRF/wrfv4.6.0/external/io_netcdf -I/glade/derecho/scratch/yates/NEOM_WRF/wrfv4.6.0/external/io_int -I/glade/derecho/scratch/yates/NEOM_WRF/wrfv4.6.0/frame -I/glade/derecho/scratch/yates/NEOM_WRF/wrfv4.6.0/share -I/glade/derecho/scratch/yates/NEOM_WRF/wrfv4.6.0/phys -I/glade/derecho/scratch/yates/NEOM_WRF/wrfv4.6.0/wrftladj -I/glade/derecho/scratch/yates/NEOM_WRF/wrfv4.6.0/chem -I/glade/derecho/scratch/yates/NEOM_WRF/wrfv4.6.0/inc -I/glade/u/apps/derecho/23.09/spack/opt/spack/netcdf/4.9.2/oneapi/2023.2.1/yzvj/include  -real-size `expr 8 \* 4` -i4  module_sf_scmflux.f90

real	0m0.460s
user	0m0.169s
sys	0m0.267s
rm -f module_sf_scmskintemp.o
sed -e "s/^\!.*'.*//" -e "s/^ *\!.*'.*//" module_sf_scmskintemp.F > module_sf_scmskintemp.G
/lib/cpp -P -nostdinc -I/glade/derecho/scratch/yates/NEOM_WRF/wrfv4.6.0/inc -DEM_CORE=1 -DNMM_CORE=0 -DNMM_MAX_DIM=2600 -DDA_CORE=0 -DWRFPLUS=0 -DIWORDSIZE=4 -DDWORDSIZE=8 -DRWORDSIZE=4 -DLWORDSIZE=4 -DNONSTANDARD_SYSTEM_FUNC  -DWRF_USE_CLM -DUSE_NETCDF4_FEATURES -DWRFIO_NCD_LARGE_FILE_SUPPORT  -DDM_PARALLEL -DNETCDF -DLANDREAD_STUB=1 -DUSE_ALLOCATABLES -Dwrfmodel -DGRIB1 -DINTIO -DKEEP_INT_AROUND -DLIMIT_ARGS -DBUILD_RRTMG_FAST=0 -DBUILD_RRTMK=0 -DBUILD_SBM_FAST=1 -DSHOW_ALL_VARS_USED=0 -DCONFIG_BUF_LEN=65536 -DMAX_DOMAINS_F=21 -DMAX_HISTORY=25 -DNMM_NEST=0 -DWRF_CHEM -DBUILD_CHEM=1 -I. -traditional-cpp -DUSE_NETCDF4_FEATURES -DWRFIO_NCD_LARGE_FILE_SUPPORT   module_sf_scmskintemp.G  > module_sf_scmskintemp.bb
/glade/derecho/scratch/yates/NEOM_WRF/wrfv4.6.0/tools/standard.exe module_sf_scmskintemp.bb | /lib/cpp -P -nostdinc -traditional-cpp -DUSE_NETCDF4_FEATURES -DWRFIO_NCD_LARGE_FILE_SUPPORT > module_sf_scmskintemp.f90
rm -f module_sf_scmskintemp.G module_sf_scmskintemp.bb
time mpif90 -f90=ifort -o module_sf_scmskintemp.o -c -O3 -ip -fp-model precise -w -ftz -align all -fno-alias -FR -convert big_endian    -I../dyn_em  -I/glade/derecho/scratch/yates/NEOM_WRF/wrfv4.6.0/external/esmf_time_f90  -I/glade/derecho/scratch/yates/NEOM_WRF/wrfv4.6.0/main -I/glade/derecho/scratch/yates/NEOM_WRF/wrfv4.6.0/external/io_netcdf -I/glade/derecho/scratch/yates/NEOM_WRF/wrfv4.6.0/external/io_int -I/glade/derecho/scratch/yates/NEOM_WRF/wrfv4.6.0/frame -I/glade/derecho/scratch/yates/NEOM_WRF/wrfv4.6.0/share -I/glade/derecho/scratch/yates/NEOM_WRF/wrfv4.6.0/phys -I/glade/derecho/scratch/yates/NEOM_WRF/wrfv4.6.0/wrftladj -I/glade/derecho/scratch/yates/NEOM_WRF/wrfv4.6.0/chem -I/glade/derecho/scratch/yates/NEOM_WRF/wrfv4.6.0/inc -I/glade/u/apps/derecho/23.09/spack/opt/spack/netcdf/4.9.2/oneapi/2023.2.1/yzvj/include  -real-size `expr 8 \* 4` -i4  module_sf_scmskintemp.f90

real	0m0.586s
user	0m0.299s
sys	0m0.255s
rm -f module_physics_addtendc.o
sed -e "s/^\!.*'.*//" -e "s/^ *\!.*'.*//" module_physics_addtendc.F > module_physics_addtendc.G
/lib/cpp -P -nostdinc -I/glade/derecho/scratch/yates/NEOM_WRF/wrfv4.6.0/inc -DEM_CORE=1 -DNMM_CORE=0 -DNMM_MAX_DIM=2600 -DDA_CORE=0 -DWRFPLUS=0 -DIWORDSIZE=4 -DDWORDSIZE=8 -DRWORDSIZE=4 -DLWORDSIZE=4 -DNONSTANDARD_SYSTEM_FUNC  -DWRF_USE_CLM -DUSE_NETCDF4_FEATURES -DWRFIO_NCD_LARGE_FILE_SUPPORT  -DDM_PARALLEL -DNETCDF -DLANDREAD_STUB=1 -DUSE_ALLOCATABLES -Dwrfmodel -DGRIB1 -DINTIO -DKEEP_INT_AROUND -DLIMIT_ARGS -DBUILD_RRTMG_FAST=0 -DBUILD_RRTMK=0 -DBUILD_SBM_FAST=1 -DSHOW_ALL_VARS_USED=0 -DCONFIG_BUF_LEN=65536 -DMAX_DOMAINS_F=21 -DMAX_HISTORY=25 -DNMM_NEST=0 -DWRF_CHEM -DBUILD_CHEM=1 -I. -traditional-cpp -DUSE_NETCDF4_FEATURES -DWRFIO_NCD_LARGE_FILE_SUPPORT   module_physics_addtendc.G  > module_physics_addtendc.bb
/glade/derecho/scratch/yates/NEOM_WRF/wrfv4.6.0/tools/standard.exe module_physics_addtendc.bb | /lib/cpp -P -nostdinc -traditional-cpp -DUSE_NETCDF4_FEATURES -DWRFIO_NCD_LARGE_FILE_SUPPORT > module_physics_addtendc.f90
rm -f module_physics_addtendc.G module_physics_addtendc.bb
time mpif90 -f90=ifort -o module_physics_addtendc.o -c -O3 -ip -fp-model precise -w -ftz -align all -fno-alias -FR -convert big_endian    -I../dyn_em  -I/glade/derecho/scratch/yates/NEOM_WRF/wrfv4.6.0/external/esmf_time_f90  -I/glade/derecho/scratch/yates/NEOM_WRF/wrfv4.6.0/main -I/glade/derecho/scratch/yates/NEOM_WRF/wrfv4.6.0/external/io_netcdf -I/glade/derecho/scratch/yates/NEOM_WRF/wrfv4.6.0/external/io_int -I/glade/derecho/scratch/yates/NEOM_WRF/wrfv4.6.0/frame -I/glade/derecho/scratch/yates/NEOM_WRF/wrfv4.6.0/share -I/glade/derecho/scratch/yates/NEOM_WRF/wrfv4.6.0/phys -I/glade/derecho/scratch/yates/NEOM_WRF/wrfv4.6.0/wrftladj -I/glade/derecho/scratch/yates/NEOM_WRF/wrfv4.6.0/chem -I/glade/derecho/scratch/yates/NEOM_WRF/wrfv4.6.0/inc -I/glade/u/apps/derecho/23.09/spack/opt/spack/netcdf/4.9.2/oneapi/2023.2.1/yzvj/include  -real-size `expr 8 \* 4` -i4  module_physics_addtendc.f90

real	0m0.425s
user	0m0.108s
sys	0m0.289s
rm -f module_sf_lake.o
sed -e "s/^\!.*'.*//" -e "s/^ *\!.*'.*//" module_sf_lake.F > module_sf_lake.G
/lib/cpp -P -nostdinc -I/glade/derecho/scratch/yates/NEOM_WRF/wrfv4.6.0/inc -DEM_CORE=1 -DNMM_CORE=0 -DNMM_MAX_DIM=2600 -DDA_CORE=0 -DWRFPLUS=0 -DIWORDSIZE=4 -DDWORDSIZE=8 -DRWORDSIZE=4 -DLWORDSIZE=4 -DNONSTANDARD_SYSTEM_FUNC  -DWRF_USE_CLM -DUSE_NETCDF4_FEATURES -DWRFIO_NCD_LARGE_FILE_SUPPORT  -DDM_PARALLEL -DNETCDF -DLANDREAD_STUB=1 -DUSE_ALLOCATABLES -Dwrfmodel -DGRIB1 -DINTIO -DKEEP_INT_AROUND -DLIMIT_ARGS -DBUILD_RRTMG_FAST=0 -DBUILD_RRTMK=0 -DBUILD_SBM_FAST=1 -DSHOW_ALL_VARS_USED=0 -DCONFIG_BUF_LEN=65536 -DMAX_DOMAINS_F=21 -DMAX_HISTORY=25 -DNMM_NEST=0 -DWRF_CHEM -DBUILD_CHEM=1 -I. -traditional-cpp -DUSE_NETCDF4_FEATURES -DWRFIO_NCD_LARGE_FILE_SUPPORT   module_sf_lake.G  > module_sf_lake.bb
/glade/derecho/scratch/yates/NEOM_WRF/wrfv4.6.0/tools/standard.exe module_sf_lake.bb | /lib/cpp -P -nostdinc -traditional-cpp -DUSE_NETCDF4_FEATURES -DWRFIO_NCD_LARGE_FILE_SUPPORT > module_sf_lake.f90
rm -f module_sf_lake.G module_sf_lake.bb
time mpif90 -f90=ifort -o module_sf_lake.o -c -O3 -ip -fp-model precise -w -ftz -align all -fno-alias -FR -convert big_endian    -I../dyn_em  -I/glade/derecho/scratch/yates/NEOM_WRF/wrfv4.6.0/external/esmf_time_f90  -I/glade/derecho/scratch/yates/NEOM_WRF/wrfv4.6.0/main -I/glade/derecho/scratch/yates/NEOM_WRF/wrfv4.6.0/external/io_netcdf -I/glade/derecho/scratch/yates/NEOM_WRF/wrfv4.6.0/external/io_int -I/glade/derecho/scratch/yates/NEOM_WRF/wrfv4.6.0/frame -I/glade/derecho/scratch/yates/NEOM_WRF/wrfv4.6.0/share -I/glade/derecho/scratch/yates/NEOM_WRF/wrfv4.6.0/phys -I/glade/derecho/scratch/yates/NEOM_WRF/wrfv4.6.0/wrftladj -I/glade/derecho/scratch/yates/NEOM_WRF/wrfv4.6.0/chem -I/glade/derecho/scratch/yates/NEOM_WRF/wrfv4.6.0/inc -I/glade/u/apps/derecho/23.09/spack/opt/spack/netcdf/4.9.2/oneapi/2023.2.1/yzvj/include  -real-size `expr 8 \* 4` -i4  module_sf_lake.f90

real	0m4.682s
user	0m4.340s
sys	0m0.308s
rm -f module_fdda_psufddagd.o
sed -e "s/^\!.*'.*//" -e "s/^ *\!.*'.*//" module_fdda_psufddagd.F > module_fdda_psufddagd.G
/lib/cpp -P -nostdinc -I/glade/derecho/scratch/yates/NEOM_WRF/wrfv4.6.0/inc -DEM_CORE=1 -DNMM_CORE=0 -DNMM_MAX_DIM=2600 -DDA_CORE=0 -DWRFPLUS=0 -DIWORDSIZE=4 -DDWORDSIZE=8 -DRWORDSIZE=4 -DLWORDSIZE=4 -DNONSTANDARD_SYSTEM_FUNC  -DWRF_USE_CLM -DUSE_NETCDF4_FEATURES -DWRFIO_NCD_LARGE_FILE_SUPPORT  -DDM_PARALLEL -DNETCDF -DLANDREAD_STUB=1 -DUSE_ALLOCATABLES -Dwrfmodel -DGRIB1 -DINTIO -DKEEP_INT_AROUND -DLIMIT_ARGS -DBUILD_RRTMG_FAST=0 -DBUILD_RRTMK=0 -DBUILD_SBM_FAST=1 -DSHOW_ALL_VARS_USED=0 -DCONFIG_BUF_LEN=65536 -DMAX_DOMAINS_F=21 -DMAX_HISTORY=25 -DNMM_NEST=0 -DWRF_CHEM -DBUILD_CHEM=1 -I. -traditional-cpp -DUSE_NETCDF4_FEATURES -DWRFIO_NCD_LARGE_FILE_SUPPORT   module_fdda_psufddagd.G  > module_fdda_psufddagd.bb
/glade/derecho/scratch/yates/NEOM_WRF/wrfv4.6.0/tools/standard.exe module_fdda_psufddagd.bb | /lib/cpp -P -nostdinc -traditional-cpp -DUSE_NETCDF4_FEATURES -DWRFIO_NCD_LARGE_FILE_SUPPORT > module_fdda_psufddagd.f90
rm -f module_fdda_psufddagd.G module_fdda_psufddagd.bb
time mpif90 -f90=ifort -o module_fdda_psufddagd.o -c -O3 -ip -fp-model precise -w -ftz -align all -fno-alias -FR -convert big_endian    -I../dyn_em  -I/glade/derecho/scratch/yates/NEOM_WRF/wrfv4.6.0/external/esmf_time_f90  -I/glade/derecho/scratch/yates/NEOM_WRF/wrfv4.6.0/main -I/glade/derecho/scratch/yates/NEOM_WRF/wrfv4.6.0/external/io_netcdf -I/glade/derecho/scratch/yates/NEOM_WRF/wrfv4.6.0/external/io_int -I/glade/derecho/scratch/yates/NEOM_WRF/wrfv4.6.0/frame -I/glade/derecho/scratch/yates/NEOM_WRF/wrfv4.6.0/share -I/glade/derecho/scratch/yates/NEOM_WRF/wrfv4.6.0/phys -I/glade/derecho/scratch/yates/NEOM_WRF/wrfv4.6.0/wrftladj -I/glade/derecho/scratch/yates/NEOM_WRF/wrfv4.6.0/chem -I/glade/derecho/scratch/yates/NEOM_WRF/wrfv4.6.0/inc -I/glade/u/apps/derecho/23.09/spack/opt/spack/netcdf/4.9.2/oneapi/2023.2.1/yzvj/include  -real-size `expr 8 \* 4` -i4  module_fdda_psufddagd.f90

real	0m5.582s
user	0m5.164s
sys	0m0.382s
rm -f module_fdda_spnudging.o
sed -e "s/^\!.*'.*//" -e "s/^ *\!.*'.*//" module_fdda_spnudging.F > module_fdda_spnudging.G
/lib/cpp -P -nostdinc -I/glade/derecho/scratch/yates/NEOM_WRF/wrfv4.6.0/inc -DEM_CORE=1 -DNMM_CORE=0 -DNMM_MAX_DIM=2600 -DDA_CORE=0 -DWRFPLUS=0 -DIWORDSIZE=4 -DDWORDSIZE=8 -DRWORDSIZE=4 -DLWORDSIZE=4 -DNONSTANDARD_SYSTEM_FUNC  -DWRF_USE_CLM -DUSE_NETCDF4_FEATURES -DWRFIO_NCD_LARGE_FILE_SUPPORT  -DDM_PARALLEL -DNETCDF -DLANDREAD_STUB=1 -DUSE_ALLOCATABLES -Dwrfmodel -DGRIB1 -DINTIO -DKEEP_INT_AROUND -DLIMIT_ARGS -DBUILD_RRTMG_FAST=0 -DBUILD_RRTMK=0 -DBUILD_SBM_FAST=1 -DSHOW_ALL_VARS_USED=0 -DCONFIG_BUF_LEN=65536 -DMAX_DOMAINS_F=21 -DMAX_HISTORY=25 -DNMM_NEST=0 -DWRF_CHEM -DBUILD_CHEM=1 -I. -traditional-cpp -DUSE_NETCDF4_FEATURES -DWRFIO_NCD_LARGE_FILE_SUPPORT   module_fdda_spnudging.G  > module_fdda_spnudging.bb
/glade/derecho/scratch/yates/NEOM_WRF/wrfv4.6.0/tools/standard.exe module_fdda_spnudging.bb | /lib/cpp -P -nostdinc -traditional-cpp -DUSE_NETCDF4_FEATURES -DWRFIO_NCD_LARGE_FILE_SUPPORT > module_fdda_spnudging.f90
rm -f module_fdda_spnudging.G module_fdda_spnudging.bb
time mpif90 -f90=ifort -o module_fdda_spnudging.o -c -O3 -ip -fp-model precise -w -ftz -align all -fno-alias -FR -convert big_endian    -I../dyn_em  -I/glade/derecho/scratch/yates/NEOM_WRF/wrfv4.6.0/external/esmf_time_f90  -I/glade/derecho/scratch/yates/NEOM_WRF/wrfv4.6.0/main -I/glade/derecho/scratch/yates/NEOM_WRF/wrfv4.6.0/external/io_netcdf -I/glade/derecho/scratch/yates/NEOM_WRF/wrfv4.6.0/external/io_int -I/glade/derecho/scratch/yates/NEOM_WRF/wrfv4.6.0/frame -I/glade/derecho/scratch/yates/NEOM_WRF/wrfv4.6.0/share -I/glade/derecho/scratch/yates/NEOM_WRF/wrfv4.6.0/phys -I/glade/derecho/scratch/yates/NEOM_WRF/wrfv4.6.0/wrftladj -I/glade/derecho/scratch/yates/NEOM_WRF/wrfv4.6.0/chem -I/glade/derecho/scratch/yates/NEOM_WRF/wrfv4.6.0/inc -I/glade/u/apps/derecho/23.09/spack/opt/spack/netcdf/4.9.2/oneapi/2023.2.1/yzvj/include  -real-size `expr 8 \* 4` -i4  module_fdda_spnudging.f90

real	0m2.870s
user	0m2.480s
sys	0m0.357s
rm -f module_fddaobs_rtfdda.o
sed -e "s/^\!.*'.*//" -e "s/^ *\!.*'.*//" module_fddaobs_rtfdda.F > module_fddaobs_rtfdda.G
/lib/cpp -P -nostdinc -I/glade/derecho/scratch/yates/NEOM_WRF/wrfv4.6.0/inc -DEM_CORE=1 -DNMM_CORE=0 -DNMM_MAX_DIM=2600 -DDA_CORE=0 -DWRFPLUS=0 -DIWORDSIZE=4 -DDWORDSIZE=8 -DRWORDSIZE=4 -DLWORDSIZE=4 -DNONSTANDARD_SYSTEM_FUNC  -DWRF_USE_CLM -DUSE_NETCDF4_FEATURES -DWRFIO_NCD_LARGE_FILE_SUPPORT  -DDM_PARALLEL -DNETCDF -DLANDREAD_STUB=1 -DUSE_ALLOCATABLES -Dwrfmodel -DGRIB1 -DINTIO -DKEEP_INT_AROUND -DLIMIT_ARGS -DBUILD_RRTMG_FAST=0 -DBUILD_RRTMK=0 -DBUILD_SBM_FAST=1 -DSHOW_ALL_VARS_USED=0 -DCONFIG_BUF_LEN=65536 -DMAX_DOMAINS_F=21 -DMAX_HISTORY=25 -DNMM_NEST=0 -DWRF_CHEM -DBUILD_CHEM=1 -I. -traditional-cpp -DUSE_NETCDF4_FEATURES -DWRFIO_NCD_LARGE_FILE_SUPPORT   module_fddaobs_rtfdda.G  > module_fddaobs_rtfdda.bb
/glade/derecho/scratch/yates/NEOM_WRF/wrfv4.6.0/tools/standard.exe module_fddaobs_rtfdda.bb | /lib/cpp -P -nostdinc -traditional-cpp -DUSE_NETCDF4_FEATURES -DWRFIO_NCD_LARGE_FILE_SUPPORT > module_fddaobs_rtfdda.f90
rm -f module_fddaobs_rtfdda.G module_fddaobs_rtfdda.bb
time mpif90 -f90=ifort -o module_fddaobs_rtfdda.o -c -O3 -ip -fp-model precise -w -ftz -align all -fno-alias -FR -convert big_endian    -I../dyn_em  -I/glade/derecho/scratch/yates/NEOM_WRF/wrfv4.6.0/external/esmf_time_f90  -I/glade/derecho/scratch/yates/NEOM_WRF/wrfv4.6.0/main -I/glade/derecho/scratch/yates/NEOM_WRF/wrfv4.6.0/external/io_netcdf -I/glade/derecho/scratch/yates/NEOM_WRF/wrfv4.6.0/external/io_int -I/glade/derecho/scratch/yates/NEOM_WRF/wrfv4.6.0/frame -I/glade/derecho/scratch/yates/NEOM_WRF/wrfv4.6.0/share -I/glade/derecho/scratch/yates/NEOM_WRF/wrfv4.6.0/phys -I/glade/derecho/scratch/yates/NEOM_WRF/wrfv4.6.0/wrftladj -I/glade/derecho/scratch/yates/NEOM_WRF/wrfv4.6.0/chem -I/glade/derecho/scratch/yates/NEOM_WRF/wrfv4.6.0/inc -I/glade/u/apps/derecho/23.09/spack/opt/spack/netcdf/4.9.2/oneapi/2023.2.1/yzvj/include  -real-size `expr 8 \* 4` -i4  module_fddaobs_rtfdda.f90

real	0m4.597s
user	0m4.093s
sys	0m0.465s
rm -f module_wind_fitch.o
sed -e "s/^\!.*'.*//" -e "s/^ *\!.*'.*//" module_wind_fitch.F > module_wind_fitch.G
/lib/cpp -P -nostdinc -I/glade/derecho/scratch/yates/NEOM_WRF/wrfv4.6.0/inc -DEM_CORE=1 -DNMM_CORE=0 -DNMM_MAX_DIM=2600 -DDA_CORE=0 -DWRFPLUS=0 -DIWORDSIZE=4 -DDWORDSIZE=8 -DRWORDSIZE=4 -DLWORDSIZE=4 -DNONSTANDARD_SYSTEM_FUNC  -DWRF_USE_CLM -DUSE_NETCDF4_FEATURES -DWRFIO_NCD_LARGE_FILE_SUPPORT  -DDM_PARALLEL -DNETCDF -DLANDREAD_STUB=1 -DUSE_ALLOCATABLES -Dwrfmodel -DGRIB1 -DINTIO -DKEEP_INT_AROUND -DLIMIT_ARGS -DBUILD_RRTMG_FAST=0 -DBUILD_RRTMK=0 -DBUILD_SBM_FAST=1 -DSHOW_ALL_VARS_USED=0 -DCONFIG_BUF_LEN=65536 -DMAX_DOMAINS_F=21 -DMAX_HISTORY=25 -DNMM_NEST=0 -DWRF_CHEM -DBUILD_CHEM=1 -I. -traditional-cpp -DUSE_NETCDF4_FEATURES -DWRFIO_NCD_LARGE_FILE_SUPPORT   module_wind_fitch.G  > module_wind_fitch.bb
/glade/derecho/scratch/yates/NEOM_WRF/wrfv4.6.0/tools/standard.exe module_wind_fitch.bb | /lib/cpp -P -nostdinc -traditional-cpp -DUSE_NETCDF4_FEATURES -DWRFIO_NCD_LARGE_FILE_SUPPORT > module_wind_fitch.f90
rm -f module_wind_fitch.G module_wind_fitch.bb
time mpif90 -f90=ifort -o module_wind_fitch.o -c -O3 -ip -fp-model precise -w -ftz -align all -fno-alias -FR -convert big_endian    -I../dyn_em  -I/glade/derecho/scratch/yates/NEOM_WRF/wrfv4.6.0/external/esmf_time_f90  -I/glade/derecho/scratch/yates/NEOM_WRF/wrfv4.6.0/main -I/glade/derecho/scratch/yates/NEOM_WRF/wrfv4.6.0/external/io_netcdf -I/glade/derecho/scratch/yates/NEOM_WRF/wrfv4.6.0/external/io_int -I/glade/derecho/scratch/yates/NEOM_WRF/wrfv4.6.0/frame -I/glade/derecho/scratch/yates/NEOM_WRF/wrfv4.6.0/share -I/glade/derecho/scratch/yates/NEOM_WRF/wrfv4.6.0/phys -I/glade/derecho/scratch/yates/NEOM_WRF/wrfv4.6.0/wrftladj -I/glade/derecho/scratch/yates/NEOM_WRF/wrfv4.6.0/chem -I/glade/derecho/scratch/yates/NEOM_WRF/wrfv4.6.0/inc -I/glade/u/apps/derecho/23.09/spack/opt/spack/netcdf/4.9.2/oneapi/2023.2.1/yzvj/include  -real-size `expr 8 \* 4` -i4  module_wind_fitch.f90

real	0m0.818s
user	0m0.476s
sys	0m0.311s
rm -f module_wind_mav.o
sed -e "s/^\!.*'.*//" -e "s/^ *\!.*'.*//" module_wind_mav.F > module_wind_mav.G
/lib/cpp -P -nostdinc -I/glade/derecho/scratch/yates/NEOM_WRF/wrfv4.6.0/inc -DEM_CORE=1 -DNMM_CORE=0 -DNMM_MAX_DIM=2600 -DDA_CORE=0 -DWRFPLUS=0 -DIWORDSIZE=4 -DDWORDSIZE=8 -DRWORDSIZE=4 -DLWORDSIZE=4 -DNONSTANDARD_SYSTEM_FUNC  -DWRF_USE_CLM -DUSE_NETCDF4_FEATURES -DWRFIO_NCD_LARGE_FILE_SUPPORT  -DDM_PARALLEL -DNETCDF -DLANDREAD_STUB=1 -DUSE_ALLOCATABLES -Dwrfmodel -DGRIB1 -DINTIO -DKEEP_INT_AROUND -DLIMIT_ARGS -DBUILD_RRTMG_FAST=0 -DBUILD_RRTMK=0 -DBUILD_SBM_FAST=1 -DSHOW_ALL_VARS_USED=0 -DCONFIG_BUF_LEN=65536 -DMAX_DOMAINS_F=21 -DMAX_HISTORY=25 -DNMM_NEST=0 -DWRF_CHEM -DBUILD_CHEM=1 -I. -traditional-cpp -DUSE_NETCDF4_FEATURES -DWRFIO_NCD_LARGE_FILE_SUPPORT   module_wind_mav.G  > module_wind_mav.bb
/glade/derecho/scratch/yates/NEOM_WRF/wrfv4.6.0/tools/standard.exe module_wind_mav.bb | /lib/cpp -P -nostdinc -traditional-cpp -DUSE_NETCDF4_FEATURES -DWRFIO_NCD_LARGE_FILE_SUPPORT > module_wind_mav.f90
rm -f module_wind_mav.G module_wind_mav.bb
time mpif90 -f90=ifort -o module_wind_mav.o -c -O3 -ip -fp-model precise -w -ftz -align all -fno-alias -FR -convert big_endian    -I../dyn_em  -I/glade/derecho/scratch/yates/NEOM_WRF/wrfv4.6.0/external/esmf_time_f90  -I/glade/derecho/scratch/yates/NEOM_WRF/wrfv4.6.0/main -I/glade/derecho/scratch/yates/NEOM_WRF/wrfv4.6.0/external/io_netcdf -I/glade/derecho/scratch/yates/NEOM_WRF/wrfv4.6.0/external/io_int -I/glade/derecho/scratch/yates/NEOM_WRF/wrfv4.6.0/frame -I/glade/derecho/scratch/yates/NEOM_WRF/wrfv4.6.0/share -I/glade/derecho/scratch/yates/NEOM_WRF/wrfv4.6.0/phys -I/glade/derecho/scratch/yates/NEOM_WRF/wrfv4.6.0/wrftladj -I/glade/derecho/scratch/yates/NEOM_WRF/wrfv4.6.0/chem -I/glade/derecho/scratch/yates/NEOM_WRF/wrfv4.6.0/inc -I/glade/u/apps/derecho/23.09/spack/opt/spack/netcdf/4.9.2/oneapi/2023.2.1/yzvj/include  -real-size `expr 8 \* 4` -i4  module_wind_mav.f90

real	0m7.851s
user	0m7.325s
sys	0m0.475s
rm -f module_dust_emis.o
sed -e "s/^\!.*'.*//" -e "s/^ *\!.*'.*//" module_dust_emis.F > module_dust_emis.G
/lib/cpp -P -nostdinc -I/glade/derecho/scratch/yates/NEOM_WRF/wrfv4.6.0/inc -DEM_CORE=1 -DNMM_CORE=0 -DNMM_MAX_DIM=2600 -DDA_CORE=0 -DWRFPLUS=0 -DIWORDSIZE=4 -DDWORDSIZE=8 -DRWORDSIZE=4 -DLWORDSIZE=4 -DNONSTANDARD_SYSTEM_FUNC  -DWRF_USE_CLM -DUSE_NETCDF4_FEATURES -DWRFIO_NCD_LARGE_FILE_SUPPORT  -DDM_PARALLEL -DNETCDF -DLANDREAD_STUB=1 -DUSE_ALLOCATABLES -Dwrfmodel -DGRIB1 -DINTIO -DKEEP_INT_AROUND -DLIMIT_ARGS -DBUILD_RRTMG_FAST=0 -DBUILD_RRTMK=0 -DBUILD_SBM_FAST=1 -DSHOW_ALL_VARS_USED=0 -DCONFIG_BUF_LEN=65536 -DMAX_DOMAINS_F=21 -DMAX_HISTORY=25 -DNMM_NEST=0 -DWRF_CHEM -DBUILD_CHEM=1 -I. -traditional-cpp -DUSE_NETCDF4_FEATURES -DWRFIO_NCD_LARGE_FILE_SUPPORT   module_dust_emis.G  > module_dust_emis.bb
/glade/derecho/scratch/yates/NEOM_WRF/wrfv4.6.0/tools/standard.exe module_dust_emis.bb | /lib/cpp -P -nostdinc -traditional-cpp -DUSE_NETCDF4_FEATURES -DWRFIO_NCD_LARGE_FILE_SUPPORT > module_dust_emis.f90
rm -f module_dust_emis.G module_dust_emis.bb
time mpif90 -f90=ifort -o module_dust_emis.o -c -O3 -ip -fp-model precise -w -ftz -align all -fno-alias -FR -convert big_endian    -I../dyn_em  -I/glade/derecho/scratch/yates/NEOM_WRF/wrfv4.6.0/external/esmf_time_f90  -I/glade/derecho/scratch/yates/NEOM_WRF/wrfv4.6.0/main -I/glade/derecho/scratch/yates/NEOM_WRF/wrfv4.6.0/external/io_netcdf -I/glade/derecho/scratch/yates/NEOM_WRF/wrfv4.6.0/external/io_int -I/glade/derecho/scratch/yates/NEOM_WRF/wrfv4.6.0/frame -I/glade/derecho/scratch/yates/NEOM_WRF/wrfv4.6.0/share -I/glade/derecho/scratch/yates/NEOM_WRF/wrfv4.6.0/phys -I/glade/derecho/scratch/yates/NEOM_WRF/wrfv4.6.0/wrftladj -I/glade/derecho/scratch/yates/NEOM_WRF/wrfv4.6.0/chem -I/glade/derecho/scratch/yates/NEOM_WRF/wrfv4.6.0/inc -I/glade/u/apps/derecho/23.09/spack/opt/spack/netcdf/4.9.2/oneapi/2023.2.1/yzvj/include  -real-size `expr 8 \* 4` -i4  module_dust_emis.f90

real	0m0.475s
user	0m0.149s
sys	0m0.302s
rm -f module_irrigation.o
sed -e "s/^\!.*'.*//" -e "s/^ *\!.*'.*//" module_irrigation.F > module_irrigation.G
/lib/cpp -P -nostdinc -I/glade/derecho/scratch/yates/NEOM_WRF/wrfv4.6.0/inc -DEM_CORE=1 -DNMM_CORE=0 -DNMM_MAX_DIM=2600 -DDA_CORE=0 -DWRFPLUS=0 -DIWORDSIZE=4 -DDWORDSIZE=8 -DRWORDSIZE=4 -DLWORDSIZE=4 -DNONSTANDARD_SYSTEM_FUNC  -DWRF_USE_CLM -DUSE_NETCDF4_FEATURES -DWRFIO_NCD_LARGE_FILE_SUPPORT  -DDM_PARALLEL -DNETCDF -DLANDREAD_STUB=1 -DUSE_ALLOCATABLES -Dwrfmodel -DGRIB1 -DINTIO -DKEEP_INT_AROUND -DLIMIT_ARGS -DBUILD_RRTMG_FAST=0 -DBUILD_RRTMK=0 -DBUILD_SBM_FAST=1 -DSHOW_ALL_VARS_USED=0 -DCONFIG_BUF_LEN=65536 -DMAX_DOMAINS_F=21 -DMAX_HISTORY=25 -DNMM_NEST=0 -DWRF_CHEM -DBUILD_CHEM=1 -I. -traditional-cpp -DUSE_NETCDF4_FEATURES -DWRFIO_NCD_LARGE_FILE_SUPPORT   module_irrigation.G  > module_irrigation.bb
/glade/derecho/scratch/yates/NEOM_WRF/wrfv4.6.0/tools/standard.exe module_irrigation.bb | /lib/cpp -P -nostdinc -traditional-cpp -DUSE_NETCDF4_FEATURES -DWRFIO_NCD_LARGE_FILE_SUPPORT > module_irrigation.f90
rm -f module_irrigation.G module_irrigation.bb
time mpif90 -f90=ifort -o module_irrigation.o -c -O3 -ip -fp-model precise -w -ftz -align all -fno-alias -FR -convert big_endian    -I../dyn_em  -I/glade/derecho/scratch/yates/NEOM_WRF/wrfv4.6.0/external/esmf_time_f90  -I/glade/derecho/scratch/yates/NEOM_WRF/wrfv4.6.0/main -I/glade/derecho/scratch/yates/NEOM_WRF/wrfv4.6.0/external/io_netcdf -I/glade/derecho/scratch/yates/NEOM_WRF/wrfv4.6.0/external/io_int -I/glade/derecho/scratch/yates/NEOM_WRF/wrfv4.6.0/frame -I/glade/derecho/scratch/yates/NEOM_WRF/wrfv4.6.0/share -I/glade/derecho/scratch/yates/NEOM_WRF/wrfv4.6.0/phys -I/glade/derecho/scratch/yates/NEOM_WRF/wrfv4.6.0/wrftladj -I/glade/derecho/scratch/yates/NEOM_WRF/wrfv4.6.0/chem -I/glade/derecho/scratch/yates/NEOM_WRF/wrfv4.6.0/inc -I/glade/u/apps/derecho/23.09/spack/opt/spack/netcdf/4.9.2/oneapi/2023.2.1/yzvj/include  -real-size `expr 8 \* 4` -i4  module_irrigation.f90

real	0m0.472s
user	0m0.181s
sys	0m0.266s
rm -f module_microphysics_zero_out.o
sed -e "s/^\!.*'.*//" -e "s/^ *\!.*'.*//" module_microphysics_zero_out.F > module_microphysics_zero_out.G
/lib/cpp -P -nostdinc -I/glade/derecho/scratch/yates/NEOM_WRF/wrfv4.6.0/inc -DEM_CORE=1 -DNMM_CORE=0 -DNMM_MAX_DIM=2600 -DDA_CORE=0 -DWRFPLUS=0 -DIWORDSIZE=4 -DDWORDSIZE=8 -DRWORDSIZE=4 -DLWORDSIZE=4 -DNONSTANDARD_SYSTEM_FUNC  -DWRF_USE_CLM -DUSE_NETCDF4_FEATURES -DWRFIO_NCD_LARGE_FILE_SUPPORT  -DDM_PARALLEL -DNETCDF -DLANDREAD_STUB=1 -DUSE_ALLOCATABLES -Dwrfmodel -DGRIB1 -DINTIO -DKEEP_INT_AROUND -DLIMIT_ARGS -DBUILD_RRTMG_FAST=0 -DBUILD_RRTMK=0 -DBUILD_SBM_FAST=1 -DSHOW_ALL_VARS_USED=0 -DCONFIG_BUF_LEN=65536 -DMAX_DOMAINS_F=21 -DMAX_HISTORY=25 -DNMM_NEST=0 -DWRF_CHEM -DBUILD_CHEM=1 -I. -traditional-cpp -DUSE_NETCDF4_FEATURES -DWRFIO_NCD_LARGE_FILE_SUPPORT   module_microphysics_zero_out.G  > module_microphysics_zero_out.bb
/glade/derecho/scratch/yates/NEOM_WRF/wrfv4.6.0/tools/standard.exe module_microphysics_zero_out.bb | /lib/cpp -P -nostdinc -traditional-cpp -DUSE_NETCDF4_FEATURES -DWRFIO_NCD_LARGE_FILE_SUPPORT > module_microphysics_zero_out.f90
rm -f module_microphysics_zero_out.G module_microphysics_zero_out.bb
time mpif90 -f90=ifort -o module_microphysics_zero_out.o -c -O3 -ip -fp-model precise -w -ftz -align all -fno-alias -FR -convert big_endian    -I../dyn_em  -I/glade/derecho/scratch/yates/NEOM_WRF/wrfv4.6.0/external/esmf_time_f90  -I/glade/derecho/scratch/yates/NEOM_WRF/wrfv4.6.0/main -I/glade/derecho/scratch/yates/NEOM_WRF/wrfv4.6.0/external/io_netcdf -I/glade/derecho/scratch/yates/NEOM_WRF/wrfv4.6.0/external/io_int -I/glade/derecho/scratch/yates/NEOM_WRF/wrfv4.6.0/frame -I/glade/derecho/scratch/yates/NEOM_WRF/wrfv4.6.0/share -I/glade/derecho/scratch/yates/NEOM_WRF/wrfv4.6.0/phys -I/glade/derecho/scratch/yates/NEOM_WRF/wrfv4.6.0/wrftladj -I/glade/derecho/scratch/yates/NEOM_WRF/wrfv4.6.0/chem -I/glade/derecho/scratch/yates/NEOM_WRF/wrfv4.6.0/inc -I/glade/u/apps/derecho/23.09/spack/opt/spack/netcdf/4.9.2/oneapi/2023.2.1/yzvj/include  -real-size `expr 8 \* 4` -i4  module_microphysics_zero_out.f90

real	0m0.841s
user	0m0.480s
sys	0m0.335s
rm -f module_ltng_crmpr92.o
sed -e "s/^\!.*'.*//" -e "s/^ *\!.*'.*//" module_ltng_crmpr92.F > module_ltng_crmpr92.G
/lib/cpp -P -nostdinc -I/glade/derecho/scratch/yates/NEOM_WRF/wrfv4.6.0/inc -DEM_CORE=1 -DNMM_CORE=0 -DNMM_MAX_DIM=2600 -DDA_CORE=0 -DWRFPLUS=0 -DIWORDSIZE=4 -DDWORDSIZE=8 -DRWORDSIZE=4 -DLWORDSIZE=4 -DNONSTANDARD_SYSTEM_FUNC  -DWRF_USE_CLM -DUSE_NETCDF4_FEATURES -DWRFIO_NCD_LARGE_FILE_SUPPORT  -DDM_PARALLEL -DNETCDF -DLANDREAD_STUB=1 -DUSE_ALLOCATABLES -Dwrfmodel -DGRIB1 -DINTIO -DKEEP_INT_AROUND -DLIMIT_ARGS -DBUILD_RRTMG_FAST=0 -DBUILD_RRTMK=0 -DBUILD_SBM_FAST=1 -DSHOW_ALL_VARS_USED=0 -DCONFIG_BUF_LEN=65536 -DMAX_DOMAINS_F=21 -DMAX_HISTORY=25 -DNMM_NEST=0 -DWRF_CHEM -DBUILD_CHEM=1 -I. -traditional-cpp -DUSE_NETCDF4_FEATURES -DWRFIO_NCD_LARGE_FILE_SUPPORT   module_ltng_crmpr92.G  > module_ltng_crmpr92.bb
/glade/derecho/scratch/yates/NEOM_WRF/wrfv4.6.0/tools/standard.exe module_ltng_crmpr92.bb | /lib/cpp -P -nostdinc -traditional-cpp -DUSE_NETCDF4_FEATURES -DWRFIO_NCD_LARGE_FILE_SUPPORT > module_ltng_crmpr92.f90
rm -f module_ltng_crmpr92.G module_ltng_crmpr92.bb
time mpif90 -f90=ifort -o module_ltng_crmpr92.o -c -O3 -ip -fp-model precise -w -ftz -align all -fno-alias -FR -convert big_endian    -I../dyn_em  -I/glade/derecho/scratch/yates/NEOM_WRF/wrfv4.6.0/external/esmf_time_f90  -I/glade/derecho/scratch/yates/NEOM_WRF/wrfv4.6.0/main -I/glade/derecho/scratch/yates/NEOM_WRF/wrfv4.6.0/external/io_netcdf -I/glade/derecho/scratch/yates/NEOM_WRF/wrfv4.6.0/external/io_int -I/glade/derecho/scratch/yates/NEOM_WRF/wrfv4.6.0/frame -I/glade/derecho/scratch/yates/NEOM_WRF/wrfv4.6.0/share -I/glade/derecho/scratch/yates/NEOM_WRF/wrfv4.6.0/phys -I/glade/derecho/scratch/yates/NEOM_WRF/wrfv4.6.0/wrftladj -I/glade/derecho/scratch/yates/NEOM_WRF/wrfv4.6.0/chem -I/glade/derecho/scratch/yates/NEOM_WRF/wrfv4.6.0/inc -I/glade/u/apps/derecho/23.09/spack/opt/spack/netcdf/4.9.2/oneapi/2023.2.1/yzvj/include  -real-size `expr 8 \* 4` -i4  module_ltng_crmpr92.f90

real	0m0.697s
user	0m0.309s
sys	0m0.361s
rm -f module_ltng_cpmpr92z.o
sed -e "s/^\!.*'.*//" -e "s/^ *\!.*'.*//" module_ltng_cpmpr92z.F > module_ltng_cpmpr92z.G
/lib/cpp -P -nostdinc -I/glade/derecho/scratch/yates/NEOM_WRF/wrfv4.6.0/inc -DEM_CORE=1 -DNMM_CORE=0 -DNMM_MAX_DIM=2600 -DDA_CORE=0 -DWRFPLUS=0 -DIWORDSIZE=4 -DDWORDSIZE=8 -DRWORDSIZE=4 -DLWORDSIZE=4 -DNONSTANDARD_SYSTEM_FUNC  -DWRF_USE_CLM -DUSE_NETCDF4_FEATURES -DWRFIO_NCD_LARGE_FILE_SUPPORT  -DDM_PARALLEL -DNETCDF -DLANDREAD_STUB=1 -DUSE_ALLOCATABLES -Dwrfmodel -DGRIB1 -DINTIO -DKEEP_INT_AROUND -DLIMIT_ARGS -DBUILD_RRTMG_FAST=0 -DBUILD_RRTMK=0 -DBUILD_SBM_FAST=1 -DSHOW_ALL_VARS_USED=0 -DCONFIG_BUF_LEN=65536 -DMAX_DOMAINS_F=21 -DMAX_HISTORY=25 -DNMM_NEST=0 -DWRF_CHEM -DBUILD_CHEM=1 -I. -traditional-cpp -DUSE_NETCDF4_FEATURES -DWRFIO_NCD_LARGE_FILE_SUPPORT   module_ltng_cpmpr92z.G  > module_ltng_cpmpr92z.bb
/glade/derecho/scratch/yates/NEOM_WRF/wrfv4.6.0/tools/standard.exe module_ltng_cpmpr92z.bb | /lib/cpp -P -nostdinc -traditional-cpp -DUSE_NETCDF4_FEATURES -DWRFIO_NCD_LARGE_FILE_SUPPORT > module_ltng_cpmpr92z.f90
rm -f module_ltng_cpmpr92z.G module_ltng_cpmpr92z.bb
time mpif90 -f90=ifort -o module_ltng_cpmpr92z.o -c -O3 -ip -fp-model precise -w -ftz -align all -fno-alias -FR -convert big_endian    -I../dyn_em  -I/glade/derecho/scratch/yates/NEOM_WRF/wrfv4.6.0/external/esmf_time_f90  -I/glade/derecho/scratch/yates/NEOM_WRF/wrfv4.6.0/main -I/glade/derecho/scratch/yates/NEOM_WRF/wrfv4.6.0/external/io_netcdf -I/glade/derecho/scratch/yates/NEOM_WRF/wrfv4.6.0/external/io_int -I/glade/derecho/scratch/yates/NEOM_WRF/wrfv4.6.0/frame -I/glade/derecho/scratch/yates/NEOM_WRF/wrfv4.6.0/share -I/glade/derecho/scratch/yates/NEOM_WRF/wrfv4.6.0/phys -I/glade/derecho/scratch/yates/NEOM_WRF/wrfv4.6.0/wrftladj -I/glade/derecho/scratch/yates/NEOM_WRF/wrfv4.6.0/chem -I/glade/derecho/scratch/yates/NEOM_WRF/wrfv4.6.0/inc -I/glade/u/apps/derecho/23.09/spack/opt/spack/netcdf/4.9.2/oneapi/2023.2.1/yzvj/include  -real-size `expr 8 \* 4` -i4  module_ltng_cpmpr92z.f90

real	0m0.464s
user	0m0.143s
sys	0m0.295s
rm -f module_ltng_iccg.o
sed -e "s/^\!.*'.*//" -e "s/^ *\!.*'.*//" module_ltng_iccg.F > module_ltng_iccg.G
/lib/cpp -P -nostdinc -I/glade/derecho/scratch/yates/NEOM_WRF/wrfv4.6.0/inc -DEM_CORE=1 -DNMM_CORE=0 -DNMM_MAX_DIM=2600 -DDA_CORE=0 -DWRFPLUS=0 -DIWORDSIZE=4 -DDWORDSIZE=8 -DRWORDSIZE=4 -DLWORDSIZE=4 -DNONSTANDARD_SYSTEM_FUNC  -DWRF_USE_CLM -DUSE_NETCDF4_FEATURES -DWRFIO_NCD_LARGE_FILE_SUPPORT  -DDM_PARALLEL -DNETCDF -DLANDREAD_STUB=1 -DUSE_ALLOCATABLES -Dwrfmodel -DGRIB1 -DINTIO -DKEEP_INT_AROUND -DLIMIT_ARGS -DBUILD_RRTMG_FAST=0 -DBUILD_RRTMK=0 -DBUILD_SBM_FAST=1 -DSHOW_ALL_VARS_USED=0 -DCONFIG_BUF_LEN=65536 -DMAX_DOMAINS_F=21 -DMAX_HISTORY=25 -DNMM_NEST=0 -DWRF_CHEM -DBUILD_CHEM=1 -I. -traditional-cpp -DUSE_NETCDF4_FEATURES -DWRFIO_NCD_LARGE_FILE_SUPPORT   module_ltng_iccg.G  > module_ltng_iccg.bb
/glade/derecho/scratch/yates/NEOM_WRF/wrfv4.6.0/tools/standard.exe module_ltng_iccg.bb | /lib/cpp -P -nostdinc -traditional-cpp -DUSE_NETCDF4_FEATURES -DWRFIO_NCD_LARGE_FILE_SUPPORT > module_ltng_iccg.f90

real	0m4.136s
user	0m3.666s
sys	0m0.414s
rm -f module_fddagd_driver.o
sed -e "s/^\!.*'.*//" -e "s/^ *\!.*'.*//" module_fddagd_driver.F > module_fddagd_driver.G
/lib/cpp -P -nostdinc -I/glade/derecho/scratch/yates/NEOM_WRF/wrfv4.6.0/inc -DEM_CORE=1 -DNMM_CORE=0 -DNMM_MAX_DIM=2600 -DDA_CORE=0 -DWRFPLUS=0 -DIWORDSIZE=4 -DDWORDSIZE=8 -DRWORDSIZE=4 -DLWORDSIZE=4 -DNONSTANDARD_SYSTEM_FUNC  -DWRF_USE_CLM -DUSE_NETCDF4_FEATURES -DWRFIO_NCD_LARGE_FILE_SUPPORT  -DDM_PARALLEL -DNETCDF -DLANDREAD_STUB=1 -DUSE_ALLOCATABLES -Dwrfmodel -DGRIB1 -DINTIO -DKEEP_INT_AROUND -DLIMIT_ARGS -DBUILD_RRTMG_FAST=0 -DBUILD_RRTMK=0 -DBUILD_SBM_FAST=1 -DSHOW_ALL_VARS_USED=0 -DCONFIG_BUF_LEN=65536 -DMAX_DOMAINS_F=21 -DMAX_HISTORY=25 -DNMM_NEST=0 -DWRF_CHEM -DBUILD_CHEM=1 -I. -traditional-cpp -DUSE_NETCDF4_FEATURES -DWRFIO_NCD_LARGE_FILE_SUPPORT   module_fddagd_driver.G  > module_fddagd_driver.bb
rm -f module_ltng_iccg.G module_ltng_iccg.bb
time mpif90 -f90=ifort -o module_ltng_iccg.o -c -O3 -ip -fp-model precise -w -ftz -align all -fno-alias -FR -convert big_endian    -I../dyn_em  -I/glade/derecho/scratch/yates/NEOM_WRF/wrfv4.6.0/external/esmf_time_f90  -I/glade/derecho/scratch/yates/NEOM_WRF/wrfv4.6.0/main -I/glade/derecho/scratch/yates/NEOM_WRF/wrfv4.6.0/external/io_netcdf -I/glade/derecho/scratch/yates/NEOM_WRF/wrfv4.6.0/external/io_int -I/glade/derecho/scratch/yates/NEOM_WRF/wrfv4.6.0/frame -I/glade/derecho/scratch/yates/NEOM_WRF/wrfv4.6.0/share -I/glade/derecho/scratch/yates/NEOM_WRF/wrfv4.6.0/phys -I/glade/derecho/scratch/yates/NEOM_WRF/wrfv4.6.0/wrftladj -I/glade/derecho/scratch/yates/NEOM_WRF/wrfv4.6.0/chem -I/glade/derecho/scratch/yates/NEOM_WRF/wrfv4.6.0/inc -I/glade/u/apps/derecho/23.09/spack/opt/spack/netcdf/4.9.2/oneapi/2023.2.1/yzvj/include  -real-size `expr 8 \* 4` -i4  module_ltng_iccg.f90
/glade/derecho/scratch/yates/NEOM_WRF/wrfv4.6.0/tools/standard.exe module_fddagd_driver.bb | /lib/cpp -P -nostdinc -traditional-cpp -DUSE_NETCDF4_FEATURES -DWRFIO_NCD_LARGE_FILE_SUPPORT > module_fddagd_driver.f90
rm -f module_fddagd_driver.G module_fddagd_driver.bb
time mpif90 -f90=ifort -o module_fddagd_driver.o -c -O3 -ip -fp-model precise -w -ftz -align all -fno-alias -FR -convert big_endian    -I../dyn_em  -I/glade/derecho/scratch/yates/NEOM_WRF/wrfv4.6.0/external/esmf_time_f90  -I/glade/derecho/scratch/yates/NEOM_WRF/wrfv4.6.0/main -I/glade/derecho/scratch/yates/NEOM_WRF/wrfv4.6.0/external/io_netcdf -I/glade/derecho/scratch/yates/NEOM_WRF/wrfv4.6.0/external/io_int -I/glade/derecho/scratch/yates/NEOM_WRF/wrfv4.6.0/frame -I/glade/derecho/scratch/yates/NEOM_WRF/wrfv4.6.0/share -I/glade/derecho/scratch/yates/NEOM_WRF/wrfv4.6.0/phys -I/glade/derecho/scratch/yates/NEOM_WRF/wrfv4.6.0/wrftladj -I/glade/derecho/scratch/yates/NEOM_WRF/wrfv4.6.0/chem -I/glade/derecho/scratch/yates/NEOM_WRF/wrfv4.6.0/inc -I/glade/u/apps/derecho/23.09/spack/opt/spack/netcdf/4.9.2/oneapi/2023.2.1/yzvj/include  -real-size `expr 8 \* 4` -i4  module_fddagd_driver.f90

real	0m0.643s
user	0m0.354s
sys	0m0.259s
rm -f module_fddaobs_driver.o
sed -e "s/^\!.*'.*//" -e "s/^ *\!.*'.*//" module_fddaobs_driver.F > module_fddaobs_driver.G
/lib/cpp -P -nostdinc -I/glade/derecho/scratch/yates/NEOM_WRF/wrfv4.6.0/inc -DEM_CORE=1 -DNMM_CORE=0 -DNMM_MAX_DIM=2600 -DDA_CORE=0 -DWRFPLUS=0 -DIWORDSIZE=4 -DDWORDSIZE=8 -DRWORDSIZE=4 -DLWORDSIZE=4 -DNONSTANDARD_SYSTEM_FUNC  -DWRF_USE_CLM -DUSE_NETCDF4_FEATURES -DWRFIO_NCD_LARGE_FILE_SUPPORT  -DDM_PARALLEL -DNETCDF -DLANDREAD_STUB=1 -DUSE_ALLOCATABLES -Dwrfmodel -DGRIB1 -DINTIO -DKEEP_INT_AROUND -DLIMIT_ARGS -DBUILD_RRTMG_FAST=0 -DBUILD_RRTMK=0 -DBUILD_SBM_FAST=1 -DSHOW_ALL_VARS_USED=0 -DCONFIG_BUF_LEN=65536 -DMAX_DOMAINS_F=21 -DMAX_HISTORY=25 -DNMM_NEST=0 -DWRF_CHEM -DBUILD_CHEM=1 -I. -traditional-cpp -DUSE_NETCDF4_FEATURES -DWRFIO_NCD_LARGE_FILE_SUPPORT   module_fddaobs_driver.G  > module_fddaobs_driver.bb
/glade/derecho/scratch/yates/NEOM_WRF/wrfv4.6.0/tools/standard.exe module_fddaobs_driver.bb | /lib/cpp -P -nostdinc -traditional-cpp -DUSE_NETCDF4_FEATURES -DWRFIO_NCD_LARGE_FILE_SUPPORT > module_fddaobs_driver.f90
rm -f module_fddaobs_driver.G module_fddaobs_driver.bb
time mpif90 -f90=ifort -o module_fddaobs_driver.o -c -O3 -ip -fp-model precise -w -ftz -align all -fno-alias -FR -convert big_endian    -I../dyn_em  -I/glade/derecho/scratch/yates/NEOM_WRF/wrfv4.6.0/external/esmf_time_f90  -I/glade/derecho/scratch/yates/NEOM_WRF/wrfv4.6.0/main -I/glade/derecho/scratch/yates/NEOM_WRF/wrfv4.6.0/external/io_netcdf -I/glade/derecho/scratch/yates/NEOM_WRF/wrfv4.6.0/external/io_int -I/glade/derecho/scratch/yates/NEOM_WRF/wrfv4.6.0/frame -I/glade/derecho/scratch/yates/NEOM_WRF/wrfv4.6.0/share -I/glade/derecho/scratch/yates/NEOM_WRF/wrfv4.6.0/phys -I/glade/derecho/scratch/yates/NEOM_WRF/wrfv4.6.0/wrftladj -I/glade/derecho/scratch/yates/NEOM_WRF/wrfv4.6.0/chem -I/glade/derecho/scratch/yates/NEOM_WRF/wrfv4.6.0/inc -I/glade/u/apps/derecho/23.09/spack/opt/spack/netcdf/4.9.2/oneapi/2023.2.1/yzvj/include  -real-size `expr 8 \* 4` -i4  module_fddaobs_driver.f90

real	0m1.778s
user	0m1.360s
sys	0m0.382s
rm -f module_diag_misc.o
sed -e "s/^\!.*'.*//" -e "s/^ *\!.*'.*//" module_diag_misc.F > module_diag_misc.G
/lib/cpp -P -nostdinc -I/glade/derecho/scratch/yates/NEOM_WRF/wrfv4.6.0/inc -DEM_CORE=1 -DNMM_CORE=0 -DNMM_MAX_DIM=2600 -DDA_CORE=0 -DWRFPLUS=0 -DIWORDSIZE=4 -DDWORDSIZE=8 -DRWORDSIZE=4 -DLWORDSIZE=4 -DNONSTANDARD_SYSTEM_FUNC  -DWRF_USE_CLM -DUSE_NETCDF4_FEATURES -DWRFIO_NCD_LARGE_FILE_SUPPORT  -DDM_PARALLEL -DNETCDF -DLANDREAD_STUB=1 -DUSE_ALLOCATABLES -Dwrfmodel -DGRIB1 -DINTIO -DKEEP_INT_AROUND -DLIMIT_ARGS -DBUILD_RRTMG_FAST=0 -DBUILD_RRTMK=0 -DBUILD_SBM_FAST=1 -DSHOW_ALL_VARS_USED=0 -DCONFIG_BUF_LEN=65536 -DMAX_DOMAINS_F=21 -DMAX_HISTORY=25 -DNMM_NEST=0 -DWRF_CHEM -DBUILD_CHEM=1 -I. -traditional-cpp -DUSE_NETCDF4_FEATURES -DWRFIO_NCD_LARGE_FILE_SUPPORT   module_diag_misc.G  > module_diag_misc.bb
/glade/derecho/scratch/yates/NEOM_WRF/wrfv4.6.0/tools/standard.exe module_diag_misc.bb | /lib/cpp -P -nostdinc -traditional-cpp -DUSE_NETCDF4_FEATURES -DWRFIO_NCD_LARGE_FILE_SUPPORT > module_diag_misc.f90
rm -f module_diag_misc.G module_diag_misc.bb
time mpif90 -f90=ifort -o module_diag_misc.o -c -O3 -ip -fp-model precise -w -ftz -align all -fno-alias -FR -convert big_endian    -I../dyn_em  -I/glade/derecho/scratch/yates/NEOM_WRF/wrfv4.6.0/external/esmf_time_f90  -I/glade/derecho/scratch/yates/NEOM_WRF/wrfv4.6.0/main -I/glade/derecho/scratch/yates/NEOM_WRF/wrfv4.6.0/external/io_netcdf -I/glade/derecho/scratch/yates/NEOM_WRF/wrfv4.6.0/external/io_int -I/glade/derecho/scratch/yates/NEOM_WRF/wrfv4.6.0/frame -I/glade/derecho/scratch/yates/NEOM_WRF/wrfv4.6.0/share -I/glade/derecho/scratch/yates/NEOM_WRF/wrfv4.6.0/phys -I/glade/derecho/scratch/yates/NEOM_WRF/wrfv4.6.0/wrftladj -I/glade/derecho/scratch/yates/NEOM_WRF/wrfv4.6.0/chem -I/glade/derecho/scratch/yates/NEOM_WRF/wrfv4.6.0/inc -I/glade/u/apps/derecho/23.09/spack/opt/spack/netcdf/4.9.2/oneapi/2023.2.1/yzvj/include  -real-size `expr 8 \* 4` -i4  module_diag_misc.f90

real	0m1.292s
user	0m0.925s
sys	0m0.331s
rm -f module_diag_cl.o
sed -e "s/^\!.*'.*//" -e "s/^ *\!.*'.*//" module_diag_cl.F > module_diag_cl.G
/lib/cpp -P -nostdinc -I/glade/derecho/scratch/yates/NEOM_WRF/wrfv4.6.0/inc -DEM_CORE=1 -DNMM_CORE=0 -DNMM_MAX_DIM=2600 -DDA_CORE=0 -DWRFPLUS=0 -DIWORDSIZE=4 -DDWORDSIZE=8 -DRWORDSIZE=4 -DLWORDSIZE=4 -DNONSTANDARD_SYSTEM_FUNC  -DWRF_USE_CLM -DUSE_NETCDF4_FEATURES -DWRFIO_NCD_LARGE_FILE_SUPPORT  -DDM_PARALLEL -DNETCDF -DLANDREAD_STUB=1 -DUSE_ALLOCATABLES -Dwrfmodel -DGRIB1 -DINTIO -DKEEP_INT_AROUND -DLIMIT_ARGS -DBUILD_RRTMG_FAST=0 -DBUILD_RRTMK=0 -DBUILD_SBM_FAST=1 -DSHOW_ALL_VARS_USED=0 -DCONFIG_BUF_LEN=65536 -DMAX_DOMAINS_F=21 -DMAX_HISTORY=25 -DNMM_NEST=0 -DWRF_CHEM -DBUILD_CHEM=1 -I. -traditional-cpp -DUSE_NETCDF4_FEATURES -DWRFIO_NCD_LARGE_FILE_SUPPORT   module_diag_cl.G  > module_diag_cl.bb
/glade/derecho/scratch/yates/NEOM_WRF/wrfv4.6.0/tools/standard.exe module_diag_cl.bb | /lib/cpp -P -nostdinc -traditional-cpp -DUSE_NETCDF4_FEATURES -DWRFIO_NCD_LARGE_FILE_SUPPORT > module_diag_cl.f90
rm -f module_diag_cl.G module_diag_cl.bb
time mpif90 -f90=ifort -o module_diag_cl.o -c -O3 -ip -fp-model precise -w -ftz -align all -fno-alias -FR -convert big_endian    -I../dyn_em  -I/glade/derecho/scratch/yates/NEOM_WRF/wrfv4.6.0/external/esmf_time_f90  -I/glade/derecho/scratch/yates/NEOM_WRF/wrfv4.6.0/main -I/glade/derecho/scratch/yates/NEOM_WRF/wrfv4.6.0/external/io_netcdf -I/glade/derecho/scratch/yates/NEOM_WRF/wrfv4.6.0/external/io_int -I/glade/derecho/scratch/yates/NEOM_WRF/wrfv4.6.0/frame -I/glade/derecho/scratch/yates/NEOM_WRF/wrfv4.6.0/share -I/glade/derecho/scratch/yates/NEOM_WRF/wrfv4.6.0/phys -I/glade/derecho/scratch/yates/NEOM_WRF/wrfv4.6.0/wrftladj -I/glade/derecho/scratch/yates/NEOM_WRF/wrfv4.6.0/chem -I/glade/derecho/scratch/yates/NEOM_WRF/wrfv4.6.0/inc -I/glade/u/apps/derecho/23.09/spack/opt/spack/netcdf/4.9.2/oneapi/2023.2.1/yzvj/include  -real-size `expr 8 \* 4` -i4  module_diag_cl.f90

real	0m1.832s
user	0m1.443s
sys	0m0.362s
rm -f module_diag_pld.o
sed -e "s/^\!.*'.*//" -e "s/^ *\!.*'.*//" module_diag_pld.F > module_diag_pld.G
/lib/cpp -P -nostdinc -I/glade/derecho/scratch/yates/NEOM_WRF/wrfv4.6.0/inc -DEM_CORE=1 -DNMM_CORE=0 -DNMM_MAX_DIM=2600 -DDA_CORE=0 -DWRFPLUS=0 -DIWORDSIZE=4 -DDWORDSIZE=8 -DRWORDSIZE=4 -DLWORDSIZE=4 -DNONSTANDARD_SYSTEM_FUNC  -DWRF_USE_CLM -DUSE_NETCDF4_FEATURES -DWRFIO_NCD_LARGE_FILE_SUPPORT  -DDM_PARALLEL -DNETCDF -DLANDREAD_STUB=1 -DUSE_ALLOCATABLES -Dwrfmodel -DGRIB1 -DINTIO -DKEEP_INT_AROUND -DLIMIT_ARGS -DBUILD_RRTMG_FAST=0 -DBUILD_RRTMK=0 -DBUILD_SBM_FAST=1 -DSHOW_ALL_VARS_USED=0 -DCONFIG_BUF_LEN=65536 -DMAX_DOMAINS_F=21 -DMAX_HISTORY=25 -DNMM_NEST=0 -DWRF_CHEM -DBUILD_CHEM=1 -I. -traditional-cpp -DUSE_NETCDF4_FEATURES -DWRFIO_NCD_LARGE_FILE_SUPPORT   module_diag_pld.G  > module_diag_pld.bb
/glade/derecho/scratch/yates/NEOM_WRF/wrfv4.6.0/tools/standard.exe module_diag_pld.bb | /lib/cpp -P -nostdinc -traditional-cpp -DUSE_NETCDF4_FEATURES -DWRFIO_NCD_LARGE_FILE_SUPPORT > module_diag_pld.f90
rm -f module_diag_pld.G module_diag_pld.bb
time mpif90 -f90=ifort -o module_diag_pld.o -c -O3 -ip -fp-model precise -w -ftz -align all -fno-alias -FR -convert big_endian    -I../dyn_em  -I/glade/derecho/scratch/yates/NEOM_WRF/wrfv4.6.0/external/esmf_time_f90  -I/glade/derecho/scratch/yates/NEOM_WRF/wrfv4.6.0/main -I/glade/derecho/scratch/yates/NEOM_WRF/wrfv4.6.0/external/io_netcdf -I/glade/derecho/scratch/yates/NEOM_WRF/wrfv4.6.0/external/io_int -I/glade/derecho/scratch/yates/NEOM_WRF/wrfv4.6.0/frame -I/glade/derecho/scratch/yates/NEOM_WRF/wrfv4.6.0/share -I/glade/derecho/scratch/yates/NEOM_WRF/wrfv4.6.0/phys -I/glade/derecho/scratch/yates/NEOM_WRF/wrfv4.6.0/wrftladj -I/glade/derecho/scratch/yates/NEOM_WRF/wrfv4.6.0/chem -I/glade/derecho/scratch/yates/NEOM_WRF/wrfv4.6.0/inc -I/glade/u/apps/derecho/23.09/spack/opt/spack/netcdf/4.9.2/oneapi/2023.2.1/yzvj/include  -real-size `expr 8 \* 4` -i4  module_diag_pld.f90

real	0m0.604s
user	0m0.288s
sys	0m0.292s
rm -f module_diag_zld.o
sed -e "s/^\!.*'.*//" -e "s/^ *\!.*'.*//" module_diag_zld.F > module_diag_zld.G
/lib/cpp -P -nostdinc -I/glade/derecho/scratch/yates/NEOM_WRF/wrfv4.6.0/inc -DEM_CORE=1 -DNMM_CORE=0 -DNMM_MAX_DIM=2600 -DDA_CORE=0 -DWRFPLUS=0 -DIWORDSIZE=4 -DDWORDSIZE=8 -DRWORDSIZE=4 -DLWORDSIZE=4 -DNONSTANDARD_SYSTEM_FUNC  -DWRF_USE_CLM -DUSE_NETCDF4_FEATURES -DWRFIO_NCD_LARGE_FILE_SUPPORT  -DDM_PARALLEL -DNETCDF -DLANDREAD_STUB=1 -DUSE_ALLOCATABLES -Dwrfmodel -DGRIB1 -DINTIO -DKEEP_INT_AROUND -DLIMIT_ARGS -DBUILD_RRTMG_FAST=0 -DBUILD_RRTMK=0 -DBUILD_SBM_FAST=1 -DSHOW_ALL_VARS_USED=0 -DCONFIG_BUF_LEN=65536 -DMAX_DOMAINS_F=21 -DMAX_HISTORY=25 -DNMM_NEST=0 -DWRF_CHEM -DBUILD_CHEM=1 -I. -traditional-cpp -DUSE_NETCDF4_FEATURES -DWRFIO_NCD_LARGE_FILE_SUPPORT   module_diag_zld.G  > module_diag_zld.bb
/glade/derecho/scratch/yates/NEOM_WRF/wrfv4.6.0/tools/standard.exe module_diag_zld.bb | /lib/cpp -P -nostdinc -traditional-cpp -DUSE_NETCDF4_FEATURES -DWRFIO_NCD_LARGE_FILE_SUPPORT > module_diag_zld.f90
rm -f module_diag_zld.G module_diag_zld.bb
time mpif90 -f90=ifort -o module_diag_zld.o -c -O3 -ip -fp-model precise -w -ftz -align all -fno-alias -FR -convert big_endian    -I../dyn_em  -I/glade/derecho/scratch/yates/NEOM_WRF/wrfv4.6.0/external/esmf_time_f90  -I/glade/derecho/scratch/yates/NEOM_WRF/wrfv4.6.0/main -I/glade/derecho/scratch/yates/NEOM_WRF/wrfv4.6.0/external/io_netcdf -I/glade/derecho/scratch/yates/NEOM_WRF/wrfv4.6.0/external/io_int -I/glade/derecho/scratch/yates/NEOM_WRF/wrfv4.6.0/frame -I/glade/derecho/scratch/yates/NEOM_WRF/wrfv4.6.0/share -I/glade/derecho/scratch/yates/NEOM_WRF/wrfv4.6.0/phys -I/glade/derecho/scratch/yates/NEOM_WRF/wrfv4.6.0/wrftladj -I/glade/derecho/scratch/yates/NEOM_WRF/wrfv4.6.0/chem -I/glade/derecho/scratch/yates/NEOM_WRF/wrfv4.6.0/inc -I/glade/u/apps/derecho/23.09/spack/opt/spack/netcdf/4.9.2/oneapi/2023.2.1/yzvj/include  -real-size `expr 8 \* 4` -i4  module_diag_zld.f90

real	0m0.605s
user	0m0.276s
sys	0m0.306s
rm -f module_diag_functions.o
sed -e "s/^\!.*'.*//" -e "s/^ *\!.*'.*//" module_diag_functions.F > module_diag_functions.G
/lib/cpp -P -nostdinc -I/glade/derecho/scratch/yates/NEOM_WRF/wrfv4.6.0/inc -DEM_CORE=1 -DNMM_CORE=0 -DNMM_MAX_DIM=2600 -DDA_CORE=0 -DWRFPLUS=0 -DIWORDSIZE=4 -DDWORDSIZE=8 -DRWORDSIZE=4 -DLWORDSIZE=4 -DNONSTANDARD_SYSTEM_FUNC  -DWRF_USE_CLM -DUSE_NETCDF4_FEATURES -DWRFIO_NCD_LARGE_FILE_SUPPORT  -DDM_PARALLEL -DNETCDF -DLANDREAD_STUB=1 -DUSE_ALLOCATABLES -Dwrfmodel -DGRIB1 -DINTIO -DKEEP_INT_AROUND -DLIMIT_ARGS -DBUILD_RRTMG_FAST=0 -DBUILD_RRTMK=0 -DBUILD_SBM_FAST=1 -DSHOW_ALL_VARS_USED=0 -DCONFIG_BUF_LEN=65536 -DMAX_DOMAINS_F=21 -DMAX_HISTORY=25 -DNMM_NEST=0 -DWRF_CHEM -DBUILD_CHEM=1 -I. -traditional-cpp -DUSE_NETCDF4_FEATURES -DWRFIO_NCD_LARGE_FILE_SUPPORT   module_diag_functions.G  > module_diag_functions.bb
/glade/derecho/scratch/yates/NEOM_WRF/wrfv4.6.0/tools/standard.exe module_diag_functions.bb | /lib/cpp -P -nostdinc -traditional-cpp -DUSE_NETCDF4_FEATURES -DWRFIO_NCD_LARGE_FILE_SUPPORT > module_diag_functions.f90
rm -f module_diag_functions.G module_diag_functions.bb
time mpif90 -f90=ifort -o module_diag_functions.o -c -O3 -ip -fp-model precise -w -ftz -align all -fno-alias -FR -convert big_endian    -I../dyn_em  -I/glade/derecho/scratch/yates/NEOM_WRF/wrfv4.6.0/external/esmf_time_f90  -I/glade/derecho/scratch/yates/NEOM_WRF/wrfv4.6.0/main -I/glade/derecho/scratch/yates/NEOM_WRF/wrfv4.6.0/external/io_netcdf -I/glade/derecho/scratch/yates/NEOM_WRF/wrfv4.6.0/external/io_int -I/glade/derecho/scratch/yates/NEOM_WRF/wrfv4.6.0/frame -I/glade/derecho/scratch/yates/NEOM_WRF/wrfv4.6.0/share -I/glade/derecho/scratch/yates/NEOM_WRF/wrfv4.6.0/phys -I/glade/derecho/scratch/yates/NEOM_WRF/wrfv4.6.0/wrftladj -I/glade/derecho/scratch/yates/NEOM_WRF/wrfv4.6.0/chem -I/glade/derecho/scratch/yates/NEOM_WRF/wrfv4.6.0/inc -I/glade/u/apps/derecho/23.09/spack/opt/spack/netcdf/4.9.2/oneapi/2023.2.1/yzvj/include  -real-size `expr 8 \* 4` -i4  module_diag_functions.f90

real	0m0.630s
user	0m0.325s
sys	0m0.279s
rm -f module_diag_hailcast.o
sed -e "s/^\!.*'.*//" -e "s/^ *\!.*'.*//" module_diag_hailcast.F > module_diag_hailcast.G
/lib/cpp -P -nostdinc -I/glade/derecho/scratch/yates/NEOM_WRF/wrfv4.6.0/inc -DEM_CORE=1 -DNMM_CORE=0 -DNMM_MAX_DIM=2600 -DDA_CORE=0 -DWRFPLUS=0 -DIWORDSIZE=4 -DDWORDSIZE=8 -DRWORDSIZE=4 -DLWORDSIZE=4 -DNONSTANDARD_SYSTEM_FUNC  -DWRF_USE_CLM -DUSE_NETCDF4_FEATURES -DWRFIO_NCD_LARGE_FILE_SUPPORT  -DDM_PARALLEL -DNETCDF -DLANDREAD_STUB=1 -DUSE_ALLOCATABLES -Dwrfmodel -DGRIB1 -DINTIO -DKEEP_INT_AROUND -DLIMIT_ARGS -DBUILD_RRTMG_FAST=0 -DBUILD_RRTMK=0 -DBUILD_SBM_FAST=1 -DSHOW_ALL_VARS_USED=0 -DCONFIG_BUF_LEN=65536 -DMAX_DOMAINS_F=21 -DMAX_HISTORY=25 -DNMM_NEST=0 -DWRF_CHEM -DBUILD_CHEM=1 -I. -traditional-cpp -DUSE_NETCDF4_FEATURES -DWRFIO_NCD_LARGE_FILE_SUPPORT   module_diag_hailcast.G  > module_diag_hailcast.bb
/glade/derecho/scratch/yates/NEOM_WRF/wrfv4.6.0/tools/standard.exe module_diag_hailcast.bb | /lib/cpp -P -nostdinc -traditional-cpp -DUSE_NETCDF4_FEATURES -DWRFIO_NCD_LARGE_FILE_SUPPORT > module_diag_hailcast.f90
rm -f module_diag_hailcast.G module_diag_hailcast.bb
time mpif90 -f90=ifort -o module_diag_hailcast.o -c -O3 -ip -fp-model precise -w -ftz -align all -fno-alias -FR -convert big_endian    -I../dyn_em  -I/glade/derecho/scratch/yates/NEOM_WRF/wrfv4.6.0/external/esmf_time_f90  -I/glade/derecho/scratch/yates/NEOM_WRF/wrfv4.6.0/main -I/glade/derecho/scratch/yates/NEOM_WRF/wrfv4.6.0/external/io_netcdf -I/glade/derecho/scratch/yates/NEOM_WRF/wrfv4.6.0/external/io_int -I/glade/derecho/scratch/yates/NEOM_WRF/wrfv4.6.0/frame -I/glade/derecho/scratch/yates/NEOM_WRF/wrfv4.6.0/share -I/glade/derecho/scratch/yates/NEOM_WRF/wrfv4.6.0/phys -I/glade/derecho/scratch/yates/NEOM_WRF/wrfv4.6.0/wrftladj -I/glade/derecho/scratch/yates/NEOM_WRF/wrfv4.6.0/chem -I/glade/derecho/scratch/yates/NEOM_WRF/wrfv4.6.0/inc -I/glade/u/apps/derecho/23.09/spack/opt/spack/netcdf/4.9.2/oneapi/2023.2.1/yzvj/include  -real-size `expr 8 \* 4` -i4  module_diag_hailcast.f90

real	0m4.542s
user	0m4.072s
sys	0m0.420s
rm -f module_diag_solar.o
sed -e "s/^\!.*'.*//" -e "s/^ *\!.*'.*//" module_diag_solar.F > module_diag_solar.G
/lib/cpp -P -nostdinc -I/glade/derecho/scratch/yates/NEOM_WRF/wrfv4.6.0/inc -DEM_CORE=1 -DNMM_CORE=0 -DNMM_MAX_DIM=2600 -DDA_CORE=0 -DWRFPLUS=0 -DIWORDSIZE=4 -DDWORDSIZE=8 -DRWORDSIZE=4 -DLWORDSIZE=4 -DNONSTANDARD_SYSTEM_FUNC  -DWRF_USE_CLM -DUSE_NETCDF4_FEATURES -DWRFIO_NCD_LARGE_FILE_SUPPORT  -DDM_PARALLEL -DNETCDF -DLANDREAD_STUB=1 -DUSE_ALLOCATABLES -Dwrfmodel -DGRIB1 -DINTIO -DKEEP_INT_AROUND -DLIMIT_ARGS -DBUILD_RRTMG_FAST=0 -DBUILD_RRTMK=0 -DBUILD_SBM_FAST=1 -DSHOW_ALL_VARS_USED=0 -DCONFIG_BUF_LEN=65536 -DMAX_DOMAINS_F=21 -DMAX_HISTORY=25 -DNMM_NEST=0 -DWRF_CHEM -DBUILD_CHEM=1 -I. -traditional-cpp -DUSE_NETCDF4_FEATURES -DWRFIO_NCD_LARGE_FILE_SUPPORT   module_diag_solar.G  > module_diag_solar.bb
/glade/derecho/scratch/yates/NEOM_WRF/wrfv4.6.0/tools/standard.exe module_diag_solar.bb | /lib/cpp -P -nostdinc -traditional-cpp -DUSE_NETCDF4_FEATURES -DWRFIO_NCD_LARGE_FILE_SUPPORT > module_diag_solar.f90
rm -f module_diag_solar.G module_diag_solar.bb
time mpif90 -f90=ifort -o module_diag_solar.o -c -O3 -ip -fp-model precise -w -ftz -align all -fno-alias -FR -convert big_endian    -I../dyn_em  -I/glade/derecho/scratch/yates/NEOM_WRF/wrfv4.6.0/external/esmf_time_f90  -I/glade/derecho/scratch/yates/NEOM_WRF/wrfv4.6.0/main -I/glade/derecho/scratch/yates/NEOM_WRF/wrfv4.6.0/external/io_netcdf -I/glade/derecho/scratch/yates/NEOM_WRF/wrfv4.6.0/external/io_int -I/glade/derecho/scratch/yates/NEOM_WRF/wrfv4.6.0/frame -I/glade/derecho/scratch/yates/NEOM_WRF/wrfv4.6.0/share -I/glade/derecho/scratch/yates/NEOM_WRF/wrfv4.6.0/phys -I/glade/derecho/scratch/yates/NEOM_WRF/wrfv4.6.0/wrftladj -I/glade/derecho/scratch/yates/NEOM_WRF/wrfv4.6.0/chem -I/glade/derecho/scratch/yates/NEOM_WRF/wrfv4.6.0/inc -I/glade/u/apps/derecho/23.09/spack/opt/spack/netcdf/4.9.2/oneapi/2023.2.1/yzvj/include  -real-size `expr 8 \* 4` -i4  module_diag_solar.f90

real	0m1.318s
user	0m0.927s
sys	0m0.367s
rm -f module_fr_fire_util.o
sed -e "s/^\!.*'.*//" -e "s/^ *\!.*'.*//" module_fr_fire_util.F > module_fr_fire_util.G
/lib/cpp -P -nostdinc -I/glade/derecho/scratch/yates/NEOM_WRF/wrfv4.6.0/inc -DEM_CORE=1 -DNMM_CORE=0 -DNMM_MAX_DIM=2600 -DDA_CORE=0 -DWRFPLUS=0 -DIWORDSIZE=4 -DDWORDSIZE=8 -DRWORDSIZE=4 -DLWORDSIZE=4 -DNONSTANDARD_SYSTEM_FUNC  -DWRF_USE_CLM -DUSE_NETCDF4_FEATURES -DWRFIO_NCD_LARGE_FILE_SUPPORT  -DDM_PARALLEL -DNETCDF -DLANDREAD_STUB=1 -DUSE_ALLOCATABLES -Dwrfmodel -DGRIB1 -DINTIO -DKEEP_INT_AROUND -DLIMIT_ARGS -DBUILD_RRTMG_FAST=0 -DBUILD_RRTMK=0 -DBUILD_SBM_FAST=1 -DSHOW_ALL_VARS_USED=0 -DCONFIG_BUF_LEN=65536 -DMAX_DOMAINS_F=21 -DMAX_HISTORY=25 -DNMM_NEST=0 -DWRF_CHEM -DBUILD_CHEM=1 -I. -traditional-cpp -DUSE_NETCDF4_FEATURES -DWRFIO_NCD_LARGE_FILE_SUPPORT   module_fr_fire_util.G  > module_fr_fire_util.bb
/glade/derecho/scratch/yates/NEOM_WRF/wrfv4.6.0/tools/standard.exe module_fr_fire_util.bb | /lib/cpp -P -nostdinc -traditional-cpp -DUSE_NETCDF4_FEATURES -DWRFIO_NCD_LARGE_FILE_SUPPORT > module_fr_fire_util.f90
rm -f module_fr_fire_util.G module_fr_fire_util.bb
time mpif90 -f90=ifort -o module_fr_fire_util.o -c -O3 -ip -fp-model precise -w -ftz -align all -fno-alias -FR -convert big_endian    -I../dyn_em  -I/glade/derecho/scratch/yates/NEOM_WRF/wrfv4.6.0/external/esmf_time_f90  -I/glade/derecho/scratch/yates/NEOM_WRF/wrfv4.6.0/main -I/glade/derecho/scratch/yates/NEOM_WRF/wrfv4.6.0/external/io_netcdf -I/glade/derecho/scratch/yates/NEOM_WRF/wrfv4.6.0/external/io_int -I/glade/derecho/scratch/yates/NEOM_WRF/wrfv4.6.0/frame -I/glade/derecho/scratch/yates/NEOM_WRF/wrfv4.6.0/share -I/glade/derecho/scratch/yates/NEOM_WRF/wrfv4.6.0/phys -I/glade/derecho/scratch/yates/NEOM_WRF/wrfv4.6.0/wrftladj -I/glade/derecho/scratch/yates/NEOM_WRF/wrfv4.6.0/chem -I/glade/derecho/scratch/yates/NEOM_WRF/wrfv4.6.0/inc -I/glade/u/apps/derecho/23.09/spack/opt/spack/netcdf/4.9.2/oneapi/2023.2.1/yzvj/include  -real-size `expr 8 \* 4` -i4  module_fr_fire_util.f90

real	0m2.165s
user	0m1.789s
sys	0m0.336s
rm -f module_firebrand_spotting_mpi.o
sed -e "s/^\!.*'.*//" -e "s/^ *\!.*'.*//" module_firebrand_spotting_mpi.F > module_firebrand_spotting_mpi.G
/lib/cpp -P -nostdinc -I/glade/derecho/scratch/yates/NEOM_WRF/wrfv4.6.0/inc -DEM_CORE=1 -DNMM_CORE=0 -DNMM_MAX_DIM=2600 -DDA_CORE=0 -DWRFPLUS=0 -DIWORDSIZE=4 -DDWORDSIZE=8 -DRWORDSIZE=4 -DLWORDSIZE=4 -DNONSTANDARD_SYSTEM_FUNC  -DWRF_USE_CLM -DUSE_NETCDF4_FEATURES -DWRFIO_NCD_LARGE_FILE_SUPPORT  -DDM_PARALLEL -DNETCDF -DLANDREAD_STUB=1 -DUSE_ALLOCATABLES -Dwrfmodel -DGRIB1 -DINTIO -DKEEP_INT_AROUND -DLIMIT_ARGS -DBUILD_RRTMG_FAST=0 -DBUILD_RRTMK=0 -DBUILD_SBM_FAST=1 -DSHOW_ALL_VARS_USED=0 -DCONFIG_BUF_LEN=65536 -DMAX_DOMAINS_F=21 -DMAX_HISTORY=25 -DNMM_NEST=0 -DWRF_CHEM -DBUILD_CHEM=1 -I. -traditional-cpp -DUSE_NETCDF4_FEATURES -DWRFIO_NCD_LARGE_FILE_SUPPORT   module_firebrand_spotting_mpi.G  > module_firebrand_spotting_mpi.bb
/glade/derecho/scratch/yates/NEOM_WRF/wrfv4.6.0/tools/standard.exe module_firebrand_spotting_mpi.bb | /lib/cpp -P -nostdinc -traditional-cpp -DUSE_NETCDF4_FEATURES -DWRFIO_NCD_LARGE_FILE_SUPPORT > module_firebrand_spotting_mpi.f90
rm -f module_firebrand_spotting_mpi.G module_firebrand_spotting_mpi.bb
time mpif90 -f90=ifort -o module_firebrand_spotting_mpi.o -c -O3 -ip -fp-model precise -w -ftz -align all -fno-alias -FR -convert big_endian    -I../dyn_em  -I/glade/derecho/scratch/yates/NEOM_WRF/wrfv4.6.0/external/esmf_time_f90  -I/glade/derecho/scratch/yates/NEOM_WRF/wrfv4.6.0/main -I/glade/derecho/scratch/yates/NEOM_WRF/wrfv4.6.0/external/io_netcdf -I/glade/derecho/scratch/yates/NEOM_WRF/wrfv4.6.0/external/io_int -I/glade/derecho/scratch/yates/NEOM_WRF/wrfv4.6.0/frame -I/glade/derecho/scratch/yates/NEOM_WRF/wrfv4.6.0/share -I/glade/derecho/scratch/yates/NEOM_WRF/wrfv4.6.0/phys -I/glade/derecho/scratch/yates/NEOM_WRF/wrfv4.6.0/wrftladj -I/glade/derecho/scratch/yates/NEOM_WRF/wrfv4.6.0/chem -I/glade/derecho/scratch/yates/NEOM_WRF/wrfv4.6.0/inc -I/glade/u/apps/derecho/23.09/spack/opt/spack/netcdf/4.9.2/oneapi/2023.2.1/yzvj/include  -real-size `expr 8 \* 4` -i4  module_firebrand_spotting_mpi.f90

real	0m2.172s
user	0m1.788s
sys	0m0.350s
rm -f module_cam_support.o
sed -e "s/^\!.*'.*//" -e "s/^ *\!.*'.*//" module_cam_support.F > module_cam_support.G
/lib/cpp -P -nostdinc -I/glade/derecho/scratch/yates/NEOM_WRF/wrfv4.6.0/inc -DEM_CORE=1 -DNMM_CORE=0 -DNMM_MAX_DIM=2600 -DDA_CORE=0 -DWRFPLUS=0 -DIWORDSIZE=4 -DDWORDSIZE=8 -DRWORDSIZE=4 -DLWORDSIZE=4 -DNONSTANDARD_SYSTEM_FUNC  -DWRF_USE_CLM -DUSE_NETCDF4_FEATURES -DWRFIO_NCD_LARGE_FILE_SUPPORT  -DDM_PARALLEL -DNETCDF -DLANDREAD_STUB=1 -DUSE_ALLOCATABLES -Dwrfmodel -DGRIB1 -DINTIO -DKEEP_INT_AROUND -DLIMIT_ARGS -DBUILD_RRTMG_FAST=0 -DBUILD_RRTMK=0 -DBUILD_SBM_FAST=1 -DSHOW_ALL_VARS_USED=0 -DCONFIG_BUF_LEN=65536 -DMAX_DOMAINS_F=21 -DMAX_HISTORY=25 -DNMM_NEST=0 -DWRF_CHEM -DBUILD_CHEM=1 -I. -traditional-cpp -DUSE_NETCDF4_FEATURES -DWRFIO_NCD_LARGE_FILE_SUPPORT   module_cam_support.G  > module_cam_support.bb
/glade/derecho/scratch/yates/NEOM_WRF/wrfv4.6.0/tools/standard.exe module_cam_support.bb | /lib/cpp -P -nostdinc -traditional-cpp -DUSE_NETCDF4_FEATURES -DWRFIO_NCD_LARGE_FILE_SUPPORT > module_cam_support.f90
rm -f module_cam_support.G module_cam_support.bb
time mpif90 -f90=ifort -o module_cam_support.o -c -O3 -ip -fp-model precise -w -ftz -align all -fno-alias -FR -convert big_endian    -I../dyn_em  -I/glade/derecho/scratch/yates/NEOM_WRF/wrfv4.6.0/external/esmf_time_f90  -I/glade/derecho/scratch/yates/NEOM_WRF/wrfv4.6.0/main -I/glade/derecho/scratch/yates/NEOM_WRF/wrfv4.6.0/external/io_netcdf -I/glade/derecho/scratch/yates/NEOM_WRF/wrfv4.6.0/external/io_int -I/glade/derecho/scratch/yates/NEOM_WRF/wrfv4.6.0/frame -I/glade/derecho/scratch/yates/NEOM_WRF/wrfv4.6.0/share -I/glade/derecho/scratch/yates/NEOM_WRF/wrfv4.6.0/phys -I/glade/derecho/scratch/yates/NEOM_WRF/wrfv4.6.0/wrftladj -I/glade/derecho/scratch/yates/NEOM_WRF/wrfv4.6.0/chem -I/glade/derecho/scratch/yates/NEOM_WRF/wrfv4.6.0/inc -I/glade/u/apps/derecho/23.09/spack/opt/spack/netcdf/4.9.2/oneapi/2023.2.1/yzvj/include  -real-size `expr 8 \* 4` -i4  module_cam_support.f90

real	0m0.431s
user	0m0.098s
sys	0m0.306s
rm -f module_cam_shr_const_mod.o
sed -e "s/^\!.*'.*//" -e "s/^ *\!.*'.*//" module_cam_shr_const_mod.F > module_cam_shr_const_mod.G
/lib/cpp -P -nostdinc -I/glade/derecho/scratch/yates/NEOM_WRF/wrfv4.6.0/inc -DEM_CORE=1 -DNMM_CORE=0 -DNMM_MAX_DIM=2600 -DDA_CORE=0 -DWRFPLUS=0 -DIWORDSIZE=4 -DDWORDSIZE=8 -DRWORDSIZE=4 -DLWORDSIZE=4 -DNONSTANDARD_SYSTEM_FUNC  -DWRF_USE_CLM -DUSE_NETCDF4_FEATURES -DWRFIO_NCD_LARGE_FILE_SUPPORT  -DDM_PARALLEL -DNETCDF -DLANDREAD_STUB=1 -DUSE_ALLOCATABLES -Dwrfmodel -DGRIB1 -DINTIO -DKEEP_INT_AROUND -DLIMIT_ARGS -DBUILD_RRTMG_FAST=0 -DBUILD_RRTMK=0 -DBUILD_SBM_FAST=1 -DSHOW_ALL_VARS_USED=0 -DCONFIG_BUF_LEN=65536 -DMAX_DOMAINS_F=21 -DMAX_HISTORY=25 -DNMM_NEST=0 -DWRF_CHEM -DBUILD_CHEM=1 -I. -traditional-cpp -DUSE_NETCDF4_FEATURES -DWRFIO_NCD_LARGE_FILE_SUPPORT   module_cam_shr_const_mod.G  > module_cam_shr_const_mod.bb
/glade/derecho/scratch/yates/NEOM_WRF/wrfv4.6.0/tools/standard.exe module_cam_shr_const_mod.bb | /lib/cpp -P -nostdinc -traditional-cpp -DUSE_NETCDF4_FEATURES -DWRFIO_NCD_LARGE_FILE_SUPPORT > module_cam_shr_const_mod.f90
rm -f module_cam_shr_const_mod.G module_cam_shr_const_mod.bb
time mpif90 -f90=ifort -o module_cam_shr_const_mod.o -c -O3 -ip -fp-model precise -w -ftz -align all -fno-alias -FR -convert big_endian    -I../dyn_em  -I/glade/derecho/scratch/yates/NEOM_WRF/wrfv4.6.0/external/esmf_time_f90  -I/glade/derecho/scratch/yates/NEOM_WRF/wrfv4.6.0/main -I/glade/derecho/scratch/yates/NEOM_WRF/wrfv4.6.0/external/io_netcdf -I/glade/derecho/scratch/yates/NEOM_WRF/wrfv4.6.0/external/io_int -I/glade/derecho/scratch/yates/NEOM_WRF/wrfv4.6.0/frame -I/glade/derecho/scratch/yates/NEOM_WRF/wrfv4.6.0/share -I/glade/derecho/scratch/yates/NEOM_WRF/wrfv4.6.0/phys -I/glade/derecho/scratch/yates/NEOM_WRF/wrfv4.6.0/wrftladj -I/glade/derecho/scratch/yates/NEOM_WRF/wrfv4.6.0/chem -I/glade/derecho/scratch/yates/NEOM_WRF/wrfv4.6.0/inc -I/glade/u/apps/derecho/23.09/spack/opt/spack/netcdf/4.9.2/oneapi/2023.2.1/yzvj/include  -real-size `expr 8 \* 4` -i4  module_cam_shr_const_mod.f90

real	0m0.619s
user	0m0.050s
sys	0m0.320s
rm -f module_cam_trb_mtn_stress.o
sed -e "s/^\!.*'.*//" -e "s/^ *\!.*'.*//" module_cam_trb_mtn_stress.F > module_cam_trb_mtn_stress.G
/lib/cpp -P -nostdinc -I/glade/derecho/scratch/yates/NEOM_WRF/wrfv4.6.0/inc -DEM_CORE=1 -DNMM_CORE=0 -DNMM_MAX_DIM=2600 -DDA_CORE=0 -DWRFPLUS=0 -DIWORDSIZE=4 -DDWORDSIZE=8 -DRWORDSIZE=4 -DLWORDSIZE=4 -DNONSTANDARD_SYSTEM_FUNC  -DWRF_USE_CLM -DUSE_NETCDF4_FEATURES -DWRFIO_NCD_LARGE_FILE_SUPPORT  -DDM_PARALLEL -DNETCDF -DLANDREAD_STUB=1 -DUSE_ALLOCATABLES -Dwrfmodel -DGRIB1 -DINTIO -DKEEP_INT_AROUND -DLIMIT_ARGS -DBUILD_RRTMG_FAST=0 -DBUILD_RRTMK=0 -DBUILD_SBM_FAST=1 -DSHOW_ALL_VARS_USED=0 -DCONFIG_BUF_LEN=65536 -DMAX_DOMAINS_F=21 -DMAX_HISTORY=25 -DNMM_NEST=0 -DWRF_CHEM -DBUILD_CHEM=1 -I. -traditional-cpp -DUSE_NETCDF4_FEATURES -DWRFIO_NCD_LARGE_FILE_SUPPORT   module_cam_trb_mtn_stress.G  > module_cam_trb_mtn_stress.bb
/glade/derecho/scratch/yates/NEOM_WRF/wrfv4.6.0/tools/standard.exe module_cam_trb_mtn_stress.bb | /lib/cpp -P -nostdinc -traditional-cpp -DUSE_NETCDF4_FEATURES -DWRFIO_NCD_LARGE_FILE_SUPPORT > module_cam_trb_mtn_stress.f90
rm -f module_cam_trb_mtn_stress.G module_cam_trb_mtn_stress.bb
time mpif90 -f90=ifort -o module_cam_trb_mtn_stress.o -c -O3 -ip -fp-model precise -w -ftz -align all -fno-alias -FR -convert big_endian    -I../dyn_em  -I/glade/derecho/scratch/yates/NEOM_WRF/wrfv4.6.0/external/esmf_time_f90  -I/glade/derecho/scratch/yates/NEOM_WRF/wrfv4.6.0/main -I/glade/derecho/scratch/yates/NEOM_WRF/wrfv4.6.0/external/io_netcdf -I/glade/derecho/scratch/yates/NEOM_WRF/wrfv4.6.0/external/io_int -I/glade/derecho/scratch/yates/NEOM_WRF/wrfv4.6.0/frame -I/glade/derecho/scratch/yates/NEOM_WRF/wrfv4.6.0/share -I/glade/derecho/scratch/yates/NEOM_WRF/wrfv4.6.0/phys -I/glade/derecho/scratch/yates/NEOM_WRF/wrfv4.6.0/wrftladj -I/glade/derecho/scratch/yates/NEOM_WRF/wrfv4.6.0/chem -I/glade/derecho/scratch/yates/NEOM_WRF/wrfv4.6.0/inc -I/glade/u/apps/derecho/23.09/spack/opt/spack/netcdf/4.9.2/oneapi/2023.2.1/yzvj/include  -real-size `expr 8 \* 4` -i4  module_cam_trb_mtn_stress.f90

real	0m3.297s
user	0m2.808s
sys	0m0.431s
rm -f module_cam_upper_bc.o
sed -e "s/^\!.*'.*//" -e "s/^ *\!.*'.*//" module_cam_upper_bc.F > module_cam_upper_bc.G
/lib/cpp -P -nostdinc -I/glade/derecho/scratch/yates/NEOM_WRF/wrfv4.6.0/inc -DEM_CORE=1 -DNMM_CORE=0 -DNMM_MAX_DIM=2600 -DDA_CORE=0 -DWRFPLUS=0 -DIWORDSIZE=4 -DDWORDSIZE=8 -DRWORDSIZE=4 -DLWORDSIZE=4 -DNONSTANDARD_SYSTEM_FUNC  -DWRF_USE_CLM -DUSE_NETCDF4_FEATURES -DWRFIO_NCD_LARGE_FILE_SUPPORT  -DDM_PARALLEL -DNETCDF -DLANDREAD_STUB=1 -DUSE_ALLOCATABLES -Dwrfmodel -DGRIB1 -DINTIO -DKEEP_INT_AROUND -DLIMIT_ARGS -DBUILD_RRTMG_FAST=0 -DBUILD_RRTMK=0 -DBUILD_SBM_FAST=1 -DSHOW_ALL_VARS_USED=0 -DCONFIG_BUF_LEN=65536 -DMAX_DOMAINS_F=21 -DMAX_HISTORY=25 -DNMM_NEST=0 -DWRF_CHEM -DBUILD_CHEM=1 -I. -traditional-cpp -DUSE_NETCDF4_FEATURES -DWRFIO_NCD_LARGE_FILE_SUPPORT   module_cam_upper_bc.G  > module_cam_upper_bc.bb
/glade/derecho/scratch/yates/NEOM_WRF/wrfv4.6.0/tools/standard.exe module_cam_upper_bc.bb | /lib/cpp -P -nostdinc -traditional-cpp -DUSE_NETCDF4_FEATURES -DWRFIO_NCD_LARGE_FILE_SUPPORT > module_cam_upper_bc.f90
rm -f module_cam_upper_bc.G module_cam_upper_bc.bb
time mpif90 -f90=ifort -o module_cam_upper_bc.o -c -O3 -ip -fp-model precise -w -ftz -align all -fno-alias -FR -convert big_endian    -I../dyn_em  -I/glade/derecho/scratch/yates/NEOM_WRF/wrfv4.6.0/external/esmf_time_f90  -I/glade/derecho/scratch/yates/NEOM_WRF/wrfv4.6.0/main -I/glade/derecho/scratch/yates/NEOM_WRF/wrfv4.6.0/external/io_netcdf -I/glade/derecho/scratch/yates/NEOM_WRF/wrfv4.6.0/external/io_int -I/glade/derecho/scratch/yates/NEOM_WRF/wrfv4.6.0/frame -I/glade/derecho/scratch/yates/NEOM_WRF/wrfv4.6.0/share -I/glade/derecho/scratch/yates/NEOM_WRF/wrfv4.6.0/phys -I/glade/derecho/scratch/yates/NEOM_WRF/wrfv4.6.0/wrftladj -I/glade/derecho/scratch/yates/NEOM_WRF/wrfv4.6.0/chem -I/glade/derecho/scratch/yates/NEOM_WRF/wrfv4.6.0/inc -I/glade/u/apps/derecho/23.09/spack/opt/spack/netcdf/4.9.2/oneapi/2023.2.1/yzvj/include  -real-size `expr 8 \* 4` -i4  module_cam_upper_bc.f90

real	0m0.494s
user	0m0.109s
sys	0m0.284s
rm -f module_cam_bl_diffusion_solver.o
sed -e "s/^\!.*'.*//" -e "s/^ *\!.*'.*//" module_cam_bl_diffusion_solver.F > module_cam_bl_diffusion_solver.G
/lib/cpp -P -nostdinc -I/glade/derecho/scratch/yates/NEOM_WRF/wrfv4.6.0/inc -DEM_CORE=1 -DNMM_CORE=0 -DNMM_MAX_DIM=2600 -DDA_CORE=0 -DWRFPLUS=0 -DIWORDSIZE=4 -DDWORDSIZE=8 -DRWORDSIZE=4 -DLWORDSIZE=4 -DNONSTANDARD_SYSTEM_FUNC  -DWRF_USE_CLM -DUSE_NETCDF4_FEATURES -DWRFIO_NCD_LARGE_FILE_SUPPORT  -DDM_PARALLEL -DNETCDF -DLANDREAD_STUB=1 -DUSE_ALLOCATABLES -Dwrfmodel -DGRIB1 -DINTIO -DKEEP_INT_AROUND -DLIMIT_ARGS -DBUILD_RRTMG_FAST=0 -DBUILD_RRTMK=0 -DBUILD_SBM_FAST=1 -DSHOW_ALL_VARS_USED=0 -DCONFIG_BUF_LEN=65536 -DMAX_DOMAINS_F=21 -DMAX_HISTORY=25 -DNMM_NEST=0 -DWRF_CHEM -DBUILD_CHEM=1 -I. -traditional-cpp -DUSE_NETCDF4_FEATURES -DWRFIO_NCD_LARGE_FILE_SUPPORT   module_cam_bl_diffusion_solver.G  > module_cam_bl_diffusion_solver.bb
/glade/derecho/scratch/yates/NEOM_WRF/wrfv4.6.0/tools/standard.exe module_cam_bl_diffusion_solver.bb | /lib/cpp -P -nostdinc -traditional-cpp -DUSE_NETCDF4_FEATURES -DWRFIO_NCD_LARGE_FILE_SUPPORT > module_cam_bl_diffusion_solver.f90
rm -f module_cam_bl_diffusion_solver.G module_cam_bl_diffusion_solver.bb
time mpif90 -f90=ifort -o module_cam_bl_diffusion_solver.o -c -O3 -ip -fp-model precise -w -ftz -align all -fno-alias -FR -convert big_endian    -I../dyn_em  -I/glade/derecho/scratch/yates/NEOM_WRF/wrfv4.6.0/external/esmf_time_f90  -I/glade/derecho/scratch/yates/NEOM_WRF/wrfv4.6.0/main -I/glade/derecho/scratch/yates/NEOM_WRF/wrfv4.6.0/external/io_netcdf -I/glade/derecho/scratch/yates/NEOM_WRF/wrfv4.6.0/external/io_int -I/glade/derecho/scratch/yates/NEOM_WRF/wrfv4.6.0/frame -I/glade/derecho/scratch/yates/NEOM_WRF/wrfv4.6.0/share -I/glade/derecho/scratch/yates/NEOM_WRF/wrfv4.6.0/phys -I/glade/derecho/scratch/yates/NEOM_WRF/wrfv4.6.0/wrftladj -I/glade/derecho/scratch/yates/NEOM_WRF/wrfv4.6.0/chem -I/glade/derecho/scratch/yates/NEOM_WRF/wrfv4.6.0/inc -I/glade/u/apps/derecho/23.09/spack/opt/spack/netcdf/4.9.2/oneapi/2023.2.1/yzvj/include  -real-size `expr 8 \* 4` -i4  module_cam_bl_diffusion_solver.f90

real	0m0.393s
user	0m0.064s
sys	0m0.275s
rm -f module_cam_mp_radconstants.o
sed -e "s/^\!.*'.*//" -e "s/^ *\!.*'.*//" module_cam_mp_radconstants.F > module_cam_mp_radconstants.G
/lib/cpp -P -nostdinc -I/glade/derecho/scratch/yates/NEOM_WRF/wrfv4.6.0/inc -DEM_CORE=1 -DNMM_CORE=0 -DNMM_MAX_DIM=2600 -DDA_CORE=0 -DWRFPLUS=0 -DIWORDSIZE=4 -DDWORDSIZE=8 -DRWORDSIZE=4 -DLWORDSIZE=4 -DNONSTANDARD_SYSTEM_FUNC  -DWRF_USE_CLM -DUSE_NETCDF4_FEATURES -DWRFIO_NCD_LARGE_FILE_SUPPORT  -DDM_PARALLEL -DNETCDF -DLANDREAD_STUB=1 -DUSE_ALLOCATABLES -Dwrfmodel -DGRIB1 -DINTIO -DKEEP_INT_AROUND -DLIMIT_ARGS -DBUILD_RRTMG_FAST=0 -DBUILD_RRTMK=0 -DBUILD_SBM_FAST=1 -DSHOW_ALL_VARS_USED=0 -DCONFIG_BUF_LEN=65536 -DMAX_DOMAINS_F=21 -DMAX_HISTORY=25 -DNMM_NEST=0 -DWRF_CHEM -DBUILD_CHEM=1 -I. -traditional-cpp -DUSE_NETCDF4_FEATURES -DWRFIO_NCD_LARGE_FILE_SUPPORT   module_cam_mp_radconstants.G  > module_cam_mp_radconstants.bb
/glade/derecho/scratch/yates/NEOM_WRF/wrfv4.6.0/tools/standard.exe module_cam_mp_radconstants.bb | /lib/cpp -P -nostdinc -traditional-cpp -DUSE_NETCDF4_FEATURES -DWRFIO_NCD_LARGE_FILE_SUPPORT > module_cam_mp_radconstants.f90
rm -f module_cam_mp_radconstants.G module_cam_mp_radconstants.bb
time mpif90 -f90=ifort -o module_cam_mp_radconstants.o -c -O3 -ip -fp-model precise -w -ftz -align all -fno-alias -FR -convert big_endian    -I../dyn_em  -I/glade/derecho/scratch/yates/NEOM_WRF/wrfv4.6.0/external/esmf_time_f90  -I/glade/derecho/scratch/yates/NEOM_WRF/wrfv4.6.0/main -I/glade/derecho/scratch/yates/NEOM_WRF/wrfv4.6.0/external/io_netcdf -I/glade/derecho/scratch/yates/NEOM_WRF/wrfv4.6.0/external/io_int -I/glade/derecho/scratch/yates/NEOM_WRF/wrfv4.6.0/frame -I/glade/derecho/scratch/yates/NEOM_WRF/wrfv4.6.0/share -I/glade/derecho/scratch/yates/NEOM_WRF/wrfv4.6.0/phys -I/glade/derecho/scratch/yates/NEOM_WRF/wrfv4.6.0/wrftladj -I/glade/derecho/scratch/yates/NEOM_WRF/wrfv4.6.0/chem -I/glade/derecho/scratch/yates/NEOM_WRF/wrfv4.6.0/inc -I/glade/u/apps/derecho/23.09/spack/opt/spack/netcdf/4.9.2/oneapi/2023.2.1/yzvj/include  -real-size `expr 8 \* 4` -i4  module_cam_mp_radconstants.f90

real	0m0.468s
user	0m0.129s
sys	0m0.314s
rm -f module_cam_mp_qneg3.o
sed -e "s/^\!.*'.*//" -e "s/^ *\!.*'.*//" module_cam_mp_qneg3.F > module_cam_mp_qneg3.G
/lib/cpp -P -nostdinc -I/glade/derecho/scratch/yates/NEOM_WRF/wrfv4.6.0/inc -DEM_CORE=1 -DNMM_CORE=0 -DNMM_MAX_DIM=2600 -DDA_CORE=0 -DWRFPLUS=0 -DIWORDSIZE=4 -DDWORDSIZE=8 -DRWORDSIZE=4 -DLWORDSIZE=4 -DNONSTANDARD_SYSTEM_FUNC  -DWRF_USE_CLM -DUSE_NETCDF4_FEATURES -DWRFIO_NCD_LARGE_FILE_SUPPORT  -DDM_PARALLEL -DNETCDF -DLANDREAD_STUB=1 -DUSE_ALLOCATABLES -Dwrfmodel -DGRIB1 -DINTIO -DKEEP_INT_AROUND -DLIMIT_ARGS -DBUILD_RRTMG_FAST=0 -DBUILD_RRTMK=0 -DBUILD_SBM_FAST=1 -DSHOW_ALL_VARS_USED=0 -DCONFIG_BUF_LEN=65536 -DMAX_DOMAINS_F=21 -DMAX_HISTORY=25 -DNMM_NEST=0 -DWRF_CHEM -DBUILD_CHEM=1 -I. -traditional-cpp -DUSE_NETCDF4_FEATURES -DWRFIO_NCD_LARGE_FILE_SUPPORT   module_cam_mp_qneg3.G  > module_cam_mp_qneg3.bb
/glade/derecho/scratch/yates/NEOM_WRF/wrfv4.6.0/tools/standard.exe module_cam_mp_qneg3.bb | /lib/cpp -P -nostdinc -traditional-cpp -DUSE_NETCDF4_FEATURES -DWRFIO_NCD_LARGE_FILE_SUPPORT > module_cam_mp_qneg3.f90
rm -f module_cam_mp_qneg3.G module_cam_mp_qneg3.bb
time mpif90 -f90=ifort -o module_cam_mp_qneg3.o -c -O3 -ip -fp-model precise -w -ftz -align all -fno-alias -FR -convert big_endian    -I../dyn_em  -I/glade/derecho/scratch/yates/NEOM_WRF/wrfv4.6.0/external/esmf_time_f90  -I/glade/derecho/scratch/yates/NEOM_WRF/wrfv4.6.0/main -I/glade/derecho/scratch/yates/NEOM_WRF/wrfv4.6.0/external/io_netcdf -I/glade/derecho/scratch/yates/NEOM_WRF/wrfv4.6.0/external/io_int -I/glade/derecho/scratch/yates/NEOM_WRF/wrfv4.6.0/frame -I/glade/derecho/scratch/yates/NEOM_WRF/wrfv4.6.0/share -I/glade/derecho/scratch/yates/NEOM_WRF/wrfv4.6.0/phys -I/glade/derecho/scratch/yates/NEOM_WRF/wrfv4.6.0/wrftladj -I/glade/derecho/scratch/yates/NEOM_WRF/wrfv4.6.0/chem -I/glade/derecho/scratch/yates/NEOM_WRF/wrfv4.6.0/inc -I/glade/u/apps/derecho/23.09/spack/opt/spack/netcdf/4.9.2/oneapi/2023.2.1/yzvj/include  -real-size `expr 8 \* 4` -i4  module_cam_mp_qneg3.f90

real	0m0.516s
user	0m0.172s
sys	0m0.303s
rm -f module_cam_infnan.o
sed -e "s/^\!.*'.*//" -e "s/^ *\!.*'.*//" module_cam_infnan.F > module_cam_infnan.G
/lib/cpp -P -nostdinc -I/glade/derecho/scratch/yates/NEOM_WRF/wrfv4.6.0/inc -DEM_CORE=1 -DNMM_CORE=0 -DNMM_MAX_DIM=2600 -DDA_CORE=0 -DWRFPLUS=0 -DIWORDSIZE=4 -DDWORDSIZE=8 -DRWORDSIZE=4 -DLWORDSIZE=4 -DNONSTANDARD_SYSTEM_FUNC  -DWRF_USE_CLM -DUSE_NETCDF4_FEATURES -DWRFIO_NCD_LARGE_FILE_SUPPORT  -DDM_PARALLEL -DNETCDF -DLANDREAD_STUB=1 -DUSE_ALLOCATABLES -Dwrfmodel -DGRIB1 -DINTIO -DKEEP_INT_AROUND -DLIMIT_ARGS -DBUILD_RRTMG_FAST=0 -DBUILD_RRTMK=0 -DBUILD_SBM_FAST=1 -DSHOW_ALL_VARS_USED=0 -DCONFIG_BUF_LEN=65536 -DMAX_DOMAINS_F=21 -DMAX_HISTORY=25 -DNMM_NEST=0 -DWRF_CHEM -DBUILD_CHEM=1 -I. -traditional-cpp -DUSE_NETCDF4_FEATURES -DWRFIO_NCD_LARGE_FILE_SUPPORT   module_cam_infnan.G  > module_cam_infnan.bb
/glade/derecho/scratch/yates/NEOM_WRF/wrfv4.6.0/tools/standard.exe module_cam_infnan.bb | /lib/cpp -P -nostdinc -traditional-cpp -DUSE_NETCDF4_FEATURES -DWRFIO_NCD_LARGE_FILE_SUPPORT > module_cam_infnan.f90
rm -f module_cam_infnan.G module_cam_infnan.bb
time mpif90 -f90=ifort -o module_cam_infnan.o -c -O3 -ip -fp-model precise -w -ftz -align all -fno-alias -FR -convert big_endian    -I../dyn_em  -I/glade/derecho/scratch/yates/NEOM_WRF/wrfv4.6.0/external/esmf_time_f90  -I/glade/derecho/scratch/yates/NEOM_WRF/wrfv4.6.0/main -I/glade/derecho/scratch/yates/NEOM_WRF/wrfv4.6.0/external/io_netcdf -I/glade/derecho/scratch/yates/NEOM_WRF/wrfv4.6.0/external/io_int -I/glade/derecho/scratch/yates/NEOM_WRF/wrfv4.6.0/frame -I/glade/derecho/scratch/yates/NEOM_WRF/wrfv4.6.0/share -I/glade/derecho/scratch/yates/NEOM_WRF/wrfv4.6.0/phys -I/glade/derecho/scratch/yates/NEOM_WRF/wrfv4.6.0/wrftladj -I/glade/derecho/scratch/yates/NEOM_WRF/wrfv4.6.0/chem -I/glade/derecho/scratch/yates/NEOM_WRF/wrfv4.6.0/inc -I/glade/u/apps/derecho/23.09/spack/opt/spack/netcdf/4.9.2/oneapi/2023.2.1/yzvj/include  -real-size `expr 8 \* 4` -i4  module_cam_infnan.f90

real	0m0.390s
user	0m0.092s
sys	0m0.275s
rm -f module_bl_ysu.o
sed -e "s/^\!.*'.*//" -e "s/^ *\!.*'.*//" module_bl_ysu.F > module_bl_ysu.G
/lib/cpp -P -nostdinc -I/glade/derecho/scratch/yates/NEOM_WRF/wrfv4.6.0/inc -DEM_CORE=1 -DNMM_CORE=0 -DNMM_MAX_DIM=2600 -DDA_CORE=0 -DWRFPLUS=0 -DIWORDSIZE=4 -DDWORDSIZE=8 -DRWORDSIZE=4 -DLWORDSIZE=4 -DNONSTANDARD_SYSTEM_FUNC  -DWRF_USE_CLM -DUSE_NETCDF4_FEATURES -DWRFIO_NCD_LARGE_FILE_SUPPORT  -DDM_PARALLEL -DNETCDF -DLANDREAD_STUB=1 -DUSE_ALLOCATABLES -Dwrfmodel -DGRIB1 -DINTIO -DKEEP_INT_AROUND -DLIMIT_ARGS -DBUILD_RRTMG_FAST=0 -DBUILD_RRTMK=0 -DBUILD_SBM_FAST=1 -DSHOW_ALL_VARS_USED=0 -DCONFIG_BUF_LEN=65536 -DMAX_DOMAINS_F=21 -DMAX_HISTORY=25 -DNMM_NEST=0 -DWRF_CHEM -DBUILD_CHEM=1 -I. -traditional-cpp -DUSE_NETCDF4_FEATURES -DWRFIO_NCD_LARGE_FILE_SUPPORT   module_bl_ysu.G  > module_bl_ysu.bb
/glade/derecho/scratch/yates/NEOM_WRF/wrfv4.6.0/tools/standard.exe module_bl_ysu.bb | /lib/cpp -P -nostdinc -traditional-cpp -DUSE_NETCDF4_FEATURES -DWRFIO_NCD_LARGE_FILE_SUPPORT > module_bl_ysu.f90
rm -f module_bl_ysu.G module_bl_ysu.bb
time mpif90 -f90=ifort -o module_bl_ysu.o -c -O3 -ip -fp-model precise -w -ftz -align all -fno-alias -FR -convert big_endian    -I../dyn_em  -I/glade/derecho/scratch/yates/NEOM_WRF/wrfv4.6.0/external/esmf_time_f90  -I/glade/derecho/scratch/yates/NEOM_WRF/wrfv4.6.0/main -I/glade/derecho/scratch/yates/NEOM_WRF/wrfv4.6.0/external/io_netcdf -I/glade/derecho/scratch/yates/NEOM_WRF/wrfv4.6.0/external/io_int -I/glade/derecho/scratch/yates/NEOM_WRF/wrfv4.6.0/frame -I/glade/derecho/scratch/yates/NEOM_WRF/wrfv4.6.0/share -I/glade/derecho/scratch/yates/NEOM_WRF/wrfv4.6.0/phys -I/glade/derecho/scratch/yates/NEOM_WRF/wrfv4.6.0/wrftladj -I/glade/derecho/scratch/yates/NEOM_WRF/wrfv4.6.0/chem -I/glade/derecho/scratch/yates/NEOM_WRF/wrfv4.6.0/inc -I/glade/u/apps/derecho/23.09/spack/opt/spack/netcdf/4.9.2/oneapi/2023.2.1/yzvj/include  -real-size `expr 8 \* 4` -i4  module_bl_ysu.f90

real	0m3.192s
user	0m2.784s
sys	0m0.342s
rm -f module_gfs_physcons.o
sed -e "s/^\!.*'.*//" -e "s/^ *\!.*'.*//" module_gfs_physcons.F > module_gfs_physcons.G
/lib/cpp -P -nostdinc -I/glade/derecho/scratch/yates/NEOM_WRF/wrfv4.6.0/inc -DEM_CORE=1 -DNMM_CORE=0 -DNMM_MAX_DIM=2600 -DDA_CORE=0 -DWRFPLUS=0 -DIWORDSIZE=4 -DDWORDSIZE=8 -DRWORDSIZE=4 -DLWORDSIZE=4 -DNONSTANDARD_SYSTEM_FUNC  -DWRF_USE_CLM -DUSE_NETCDF4_FEATURES -DWRFIO_NCD_LARGE_FILE_SUPPORT  -DDM_PARALLEL -DNETCDF -DLANDREAD_STUB=1 -DUSE_ALLOCATABLES -Dwrfmodel -DGRIB1 -DINTIO -DKEEP_INT_AROUND -DLIMIT_ARGS -DBUILD_RRTMG_FAST=0 -DBUILD_RRTMK=0 -DBUILD_SBM_FAST=1 -DSHOW_ALL_VARS_USED=0 -DCONFIG_BUF_LEN=65536 -DMAX_DOMAINS_F=21 -DMAX_HISTORY=25 -DNMM_NEST=0 -DWRF_CHEM -DBUILD_CHEM=1 -I. -traditional-cpp -DUSE_NETCDF4_FEATURES -DWRFIO_NCD_LARGE_FILE_SUPPORT   module_gfs_physcons.G  > module_gfs_physcons.bb
/glade/derecho/scratch/yates/NEOM_WRF/wrfv4.6.0/tools/standard.exe module_gfs_physcons.bb | /lib/cpp -P -nostdinc -traditional-cpp -DUSE_NETCDF4_FEATURES -DWRFIO_NCD_LARGE_FILE_SUPPORT > module_gfs_physcons.f90
rm -f module_gfs_physcons.G module_gfs_physcons.bb
time mpif90 -f90=ifort -o module_gfs_physcons.o -c -O3 -ip -fp-model precise -w -ftz -align all -fno-alias -FR -convert big_endian    -I../dyn_em  -I/glade/derecho/scratch/yates/NEOM_WRF/wrfv4.6.0/external/esmf_time_f90  -I/glade/derecho/scratch/yates/NEOM_WRF/wrfv4.6.0/main -I/glade/derecho/scratch/yates/NEOM_WRF/wrfv4.6.0/external/io_netcdf -I/glade/derecho/scratch/yates/NEOM_WRF/wrfv4.6.0/external/io_int -I/glade/derecho/scratch/yates/NEOM_WRF/wrfv4.6.0/frame -I/glade/derecho/scratch/yates/NEOM_WRF/wrfv4.6.0/share -I/glade/derecho/scratch/yates/NEOM_WRF/wrfv4.6.0/phys -I/glade/derecho/scratch/yates/NEOM_WRF/wrfv4.6.0/wrftladj -I/glade/derecho/scratch/yates/NEOM_WRF/wrfv4.6.0/chem -I/glade/derecho/scratch/yates/NEOM_WRF/wrfv4.6.0/inc -I/glade/u/apps/derecho/23.09/spack/opt/spack/netcdf/4.9.2/oneapi/2023.2.1/yzvj/include  -real-size `expr 8 \* 4` -i4  module_gfs_physcons.f90

real	0m0.356s
user	0m0.053s
sys	0m0.278s
rm -f module_bl_mynn.o
sed -e "s/^\!.*'.*//" -e "s/^ *\!.*'.*//" module_bl_mynn.F > module_bl_mynn.G
/lib/cpp -P -nostdinc -I/glade/derecho/scratch/yates/NEOM_WRF/wrfv4.6.0/inc -DEM_CORE=1 -DNMM_CORE=0 -DNMM_MAX_DIM=2600 -DDA_CORE=0 -DWRFPLUS=0 -DIWORDSIZE=4 -DDWORDSIZE=8 -DRWORDSIZE=4 -DLWORDSIZE=4 -DNONSTANDARD_SYSTEM_FUNC  -DWRF_USE_CLM -DUSE_NETCDF4_FEATURES -DWRFIO_NCD_LARGE_FILE_SUPPORT  -DDM_PARALLEL -DNETCDF -DLANDREAD_STUB=1 -DUSE_ALLOCATABLES -Dwrfmodel -DGRIB1 -DINTIO -DKEEP_INT_AROUND -DLIMIT_ARGS -DBUILD_RRTMG_FAST=0 -DBUILD_RRTMK=0 -DBUILD_SBM_FAST=1 -DSHOW_ALL_VARS_USED=0 -DCONFIG_BUF_LEN=65536 -DMAX_DOMAINS_F=21 -DMAX_HISTORY=25 -DNMM_NEST=0 -DWRF_CHEM -DBUILD_CHEM=1 -I. -traditional-cpp -DUSE_NETCDF4_FEATURES -DWRFIO_NCD_LARGE_FILE_SUPPORT   module_bl_mynn.G  > module_bl_mynn.bb
/glade/derecho/scratch/yates/NEOM_WRF/wrfv4.6.0/tools/standard.exe module_bl_mynn.bb | /lib/cpp -P -nostdinc -traditional-cpp -DUSE_NETCDF4_FEATURES -DWRFIO_NCD_LARGE_FILE_SUPPORT > module_bl_mynn.f90
rm -f module_bl_mynn.G module_bl_mynn.bb
time mpif90 -f90=ifort -o module_bl_mynn.o -c -O3 -ip -fp-model precise -w -ftz -align all -fno-alias -FR -convert big_endian    -I../dyn_em  -I/glade/derecho/scratch/yates/NEOM_WRF/wrfv4.6.0/external/esmf_time_f90  -I/glade/derecho/scratch/yates/NEOM_WRF/wrfv4.6.0/main -I/glade/derecho/scratch/yates/NEOM_WRF/wrfv4.6.0/external/io_netcdf -I/glade/derecho/scratch/yates/NEOM_WRF/wrfv4.6.0/external/io_int -I/glade/derecho/scratch/yates/NEOM_WRF/wrfv4.6.0/frame -I/glade/derecho/scratch/yates/NEOM_WRF/wrfv4.6.0/share -I/glade/derecho/scratch/yates/NEOM_WRF/wrfv4.6.0/phys -I/glade/derecho/scratch/yates/NEOM_WRF/wrfv4.6.0/wrftladj -I/glade/derecho/scratch/yates/NEOM_WRF/wrfv4.6.0/chem -I/glade/derecho/scratch/yates/NEOM_WRF/wrfv4.6.0/inc -I/glade/u/apps/derecho/23.09/spack/opt/spack/netcdf/4.9.2/oneapi/2023.2.1/yzvj/include  -real-size `expr 8 \* 4` -i4  module_bl_mynn.f90

real	0m9.186s
user	0m8.802s
sys	0m0.344s
rm -f module_bl_gwdo.o
sed -e "s/^\!.*'.*//" -e "s/^ *\!.*'.*//" module_bl_gwdo.F > module_bl_gwdo.G
/lib/cpp -P -nostdinc -I/glade/derecho/scratch/yates/NEOM_WRF/wrfv4.6.0/inc -DEM_CORE=1 -DNMM_CORE=0 -DNMM_MAX_DIM=2600 -DDA_CORE=0 -DWRFPLUS=0 -DIWORDSIZE=4 -DDWORDSIZE=8 -DRWORDSIZE=4 -DLWORDSIZE=4 -DNONSTANDARD_SYSTEM_FUNC  -DWRF_USE_CLM -DUSE_NETCDF4_FEATURES -DWRFIO_NCD_LARGE_FILE_SUPPORT  -DDM_PARALLEL -DNETCDF -DLANDREAD_STUB=1 -DUSE_ALLOCATABLES -Dwrfmodel -DGRIB1 -DINTIO -DKEEP_INT_AROUND -DLIMIT_ARGS -DBUILD_RRTMG_FAST=0 -DBUILD_RRTMK=0 -DBUILD_SBM_FAST=1 -DSHOW_ALL_VARS_USED=0 -DCONFIG_BUF_LEN=65536 -DMAX_DOMAINS_F=21 -DMAX_HISTORY=25 -DNMM_NEST=0 -DWRF_CHEM -DBUILD_CHEM=1 -I. -traditional-cpp -DUSE_NETCDF4_FEATURES -DWRFIO_NCD_LARGE_FILE_SUPPORT   module_bl_gwdo.G  > module_bl_gwdo.bb
/glade/derecho/scratch/yates/NEOM_WRF/wrfv4.6.0/tools/standard.exe module_bl_gwdo.bb | /lib/cpp -P -nostdinc -traditional-cpp -DUSE_NETCDF4_FEATURES -DWRFIO_NCD_LARGE_FILE_SUPPORT > module_bl_gwdo.f90
rm -f module_bl_gwdo.G module_bl_gwdo.bb
time mpif90 -f90=ifort -o module_bl_gwdo.o -c -O3 -ip -fp-model precise -w -ftz -align all -fno-alias -FR -convert big_endian    -I../dyn_em  -I/glade/derecho/scratch/yates/NEOM_WRF/wrfv4.6.0/external/esmf_time_f90  -I/glade/derecho/scratch/yates/NEOM_WRF/wrfv4.6.0/main -I/glade/derecho/scratch/yates/NEOM_WRF/wrfv4.6.0/external/io_netcdf -I/glade/derecho/scratch/yates/NEOM_WRF/wrfv4.6.0/external/io_int -I/glade/derecho/scratch/yates/NEOM_WRF/wrfv4.6.0/frame -I/glade/derecho/scratch/yates/NEOM_WRF/wrfv4.6.0/share -I/glade/derecho/scratch/yates/NEOM_WRF/wrfv4.6.0/phys -I/glade/derecho/scratch/yates/NEOM_WRF/wrfv4.6.0/wrftladj -I/glade/derecho/scratch/yates/NEOM_WRF/wrfv4.6.0/chem -I/glade/derecho/scratch/yates/NEOM_WRF/wrfv4.6.0/inc -I/glade/u/apps/derecho/23.09/spack/opt/spack/netcdf/4.9.2/oneapi/2023.2.1/yzvj/include  -real-size `expr 8 \* 4` -i4  module_bl_gwdo.f90

real	0m1.417s
user	0m1.076s
sys	0m0.312s
rm -f module_gfs_funcphys.o
sed -e "s/^\!.*'.*//" -e "s/^ *\!.*'.*//" module_gfs_funcphys.F > module_gfs_funcphys.G
/lib/cpp -P -nostdinc -I/glade/derecho/scratch/yates/NEOM_WRF/wrfv4.6.0/inc -DEM_CORE=1 -DNMM_CORE=0 -DNMM_MAX_DIM=2600 -DDA_CORE=0 -DWRFPLUS=0 -DIWORDSIZE=4 -DDWORDSIZE=8 -DRWORDSIZE=4 -DLWORDSIZE=4 -DNONSTANDARD_SYSTEM_FUNC  -DWRF_USE_CLM -DUSE_NETCDF4_FEATURES -DWRFIO_NCD_LARGE_FILE_SUPPORT  -DDM_PARALLEL -DNETCDF -DLANDREAD_STUB=1 -DUSE_ALLOCATABLES -Dwrfmodel -DGRIB1 -DINTIO -DKEEP_INT_AROUND -DLIMIT_ARGS -DBUILD_RRTMG_FAST=0 -DBUILD_RRTMK=0 -DBUILD_SBM_FAST=1 -DSHOW_ALL_VARS_USED=0 -DCONFIG_BUF_LEN=65536 -DMAX_DOMAINS_F=21 -DMAX_HISTORY=25 -DNMM_NEST=0 -DWRF_CHEM -DBUILD_CHEM=1 -I. -traditional-cpp -DUSE_NETCDF4_FEATURES -DWRFIO_NCD_LARGE_FILE_SUPPORT   module_gfs_funcphys.G  > module_gfs_funcphys.bb
/glade/derecho/scratch/yates/NEOM_WRF/wrfv4.6.0/tools/standard.exe module_gfs_funcphys.bb | /lib/cpp -P -nostdinc -traditional-cpp -DUSE_NETCDF4_FEATURES -DWRFIO_NCD_LARGE_FILE_SUPPORT > module_gfs_funcphys.f90
rm -f module_gfs_funcphys.G module_gfs_funcphys.bb
time mpif90 -f90=ifort -o module_gfs_funcphys.o -c -O3 -ip -fp-model precise -w -ftz -align all -fno-alias -FR -convert big_endian    -I../dyn_em  -I/glade/derecho/scratch/yates/NEOM_WRF/wrfv4.6.0/external/esmf_time_f90  -I/glade/derecho/scratch/yates/NEOM_WRF/wrfv4.6.0/main -I/glade/derecho/scratch/yates/NEOM_WRF/wrfv4.6.0/external/io_netcdf -I/glade/derecho/scratch/yates/NEOM_WRF/wrfv4.6.0/external/io_int -I/glade/derecho/scratch/yates/NEOM_WRF/wrfv4.6.0/frame -I/glade/derecho/scratch/yates/NEOM_WRF/wrfv4.6.0/share -I/glade/derecho/scratch/yates/NEOM_WRF/wrfv4.6.0/phys -I/glade/derecho/scratch/yates/NEOM_WRF/wrfv4.6.0/wrftladj -I/glade/derecho/scratch/yates/NEOM_WRF/wrfv4.6.0/chem -I/glade/derecho/scratch/yates/NEOM_WRF/wrfv4.6.0/inc -I/glade/u/apps/derecho/23.09/spack/opt/spack/netcdf/4.9.2/oneapi/2023.2.1/yzvj/include  -real-size `expr 8 \* 4` -i4  module_gfs_funcphys.f90

real	0m2.356s
user	0m1.248s
sys	0m0.348s
rm -f module_cu_ntiedtke.o
sed -e "s/^\!.*'.*//" -e "s/^ *\!.*'.*//" module_cu_ntiedtke.F > module_cu_ntiedtke.G
/lib/cpp -P -nostdinc -I/glade/derecho/scratch/yates/NEOM_WRF/wrfv4.6.0/inc -DEM_CORE=1 -DNMM_CORE=0 -DNMM_MAX_DIM=2600 -DDA_CORE=0 -DWRFPLUS=0 -DIWORDSIZE=4 -DDWORDSIZE=8 -DRWORDSIZE=4 -DLWORDSIZE=4 -DNONSTANDARD_SYSTEM_FUNC  -DWRF_USE_CLM -DUSE_NETCDF4_FEATURES -DWRFIO_NCD_LARGE_FILE_SUPPORT  -DDM_PARALLEL -DNETCDF -DLANDREAD_STUB=1 -DUSE_ALLOCATABLES -Dwrfmodel -DGRIB1 -DINTIO -DKEEP_INT_AROUND -DLIMIT_ARGS -DBUILD_RRTMG_FAST=0 -DBUILD_RRTMK=0 -DBUILD_SBM_FAST=1 -DSHOW_ALL_VARS_USED=0 -DCONFIG_BUF_LEN=65536 -DMAX_DOMAINS_F=21 -DMAX_HISTORY=25 -DNMM_NEST=0 -DWRF_CHEM -DBUILD_CHEM=1 -I. -traditional-cpp -DUSE_NETCDF4_FEATURES -DWRFIO_NCD_LARGE_FILE_SUPPORT   module_cu_ntiedtke.G  > module_cu_ntiedtke.bb
/glade/derecho/scratch/yates/NEOM_WRF/wrfv4.6.0/tools/standard.exe module_cu_ntiedtke.bb | /lib/cpp -P -nostdinc -traditional-cpp -DUSE_NETCDF4_FEATURES -DWRFIO_NCD_LARGE_FILE_SUPPORT > module_cu_ntiedtke.f90
rm -f module_cu_ntiedtke.G module_cu_ntiedtke.bb
time mpif90 -f90=ifort -o module_cu_ntiedtke.o -c -O3 -ip -fp-model precise -w -ftz -align all -fno-alias -FR -convert big_endian    -I../dyn_em  -I/glade/derecho/scratch/yates/NEOM_WRF/wrfv4.6.0/external/esmf_time_f90  -I/glade/derecho/scratch/yates/NEOM_WRF/wrfv4.6.0/main -I/glade/derecho/scratch/yates/NEOM_WRF/wrfv4.6.0/external/io_netcdf -I/glade/derecho/scratch/yates/NEOM_WRF/wrfv4.6.0/external/io_int -I/glade/derecho/scratch/yates/NEOM_WRF/wrfv4.6.0/frame -I/glade/derecho/scratch/yates/NEOM_WRF/wrfv4.6.0/share -I/glade/derecho/scratch/yates/NEOM_WRF/wrfv4.6.0/phys -I/glade/derecho/scratch/yates/NEOM_WRF/wrfv4.6.0/wrftladj -I/glade/derecho/scratch/yates/NEOM_WRF/wrfv4.6.0/chem -I/glade/derecho/scratch/yates/NEOM_WRF/wrfv4.6.0/inc -I/glade/u/apps/derecho/23.09/spack/opt/spack/netcdf/4.9.2/oneapi/2023.2.1/yzvj/include  -real-size `expr 8 \* 4` -i4  module_cu_ntiedtke.f90

real	0m2.292s
user	0m1.668s
sys	0m0.342s
rm -f module_cu_gf_ctrans.o
sed -e "s/^\!.*'.*//" -e "s/^ *\!.*'.*//" module_cu_gf_ctrans.F > module_cu_gf_ctrans.G
/lib/cpp -P -nostdinc -I/glade/derecho/scratch/yates/NEOM_WRF/wrfv4.6.0/inc -DEM_CORE=1 -DNMM_CORE=0 -DNMM_MAX_DIM=2600 -DDA_CORE=0 -DWRFPLUS=0 -DIWORDSIZE=4 -DDWORDSIZE=8 -DRWORDSIZE=4 -DLWORDSIZE=4 -DNONSTANDARD_SYSTEM_FUNC  -DWRF_USE_CLM -DUSE_NETCDF4_FEATURES -DWRFIO_NCD_LARGE_FILE_SUPPORT  -DDM_PARALLEL -DNETCDF -DLANDREAD_STUB=1 -DUSE_ALLOCATABLES -Dwrfmodel -DGRIB1 -DINTIO -DKEEP_INT_AROUND -DLIMIT_ARGS -DBUILD_RRTMG_FAST=0 -DBUILD_RRTMK=0 -DBUILD_SBM_FAST=1 -DSHOW_ALL_VARS_USED=0 -DCONFIG_BUF_LEN=65536 -DMAX_DOMAINS_F=21 -DMAX_HISTORY=25 -DNMM_NEST=0 -DWRF_CHEM -DBUILD_CHEM=1 -I. -traditional-cpp -DUSE_NETCDF4_FEATURES -DWRFIO_NCD_LARGE_FILE_SUPPORT   module_cu_gf_ctrans.G  > module_cu_gf_ctrans.bb
/glade/derecho/scratch/yates/NEOM_WRF/wrfv4.6.0/tools/standard.exe module_cu_gf_ctrans.bb | /lib/cpp -P -nostdinc -traditional-cpp -DUSE_NETCDF4_FEATURES -DWRFIO_NCD_LARGE_FILE_SUPPORT > module_cu_gf_ctrans.f90
rm -f module_cu_gf_ctrans.G module_cu_gf_ctrans.bb
time mpif90 -f90=ifort -o module_cu_gf_ctrans.o -c -O3 -ip -fp-model precise -w -ftz -align all -fno-alias -FR -convert big_endian    -I../dyn_em  -I/glade/derecho/scratch/yates/NEOM_WRF/wrfv4.6.0/external/esmf_time_f90  -I/glade/derecho/scratch/yates/NEOM_WRF/wrfv4.6.0/main -I/glade/derecho/scratch/yates/NEOM_WRF/wrfv4.6.0/external/io_netcdf -I/glade/derecho/scratch/yates/NEOM_WRF/wrfv4.6.0/external/io_int -I/glade/derecho/scratch/yates/NEOM_WRF/wrfv4.6.0/frame -I/glade/derecho/scratch/yates/NEOM_WRF/wrfv4.6.0/share -I/glade/derecho/scratch/yates/NEOM_WRF/wrfv4.6.0/phys -I/glade/derecho/scratch/yates/NEOM_WRF/wrfv4.6.0/wrftladj -I/glade/derecho/scratch/yates/NEOM_WRF/wrfv4.6.0/chem -I/glade/derecho/scratch/yates/NEOM_WRF/wrfv4.6.0/inc -I/glade/u/apps/derecho/23.09/spack/opt/spack/netcdf/4.9.2/oneapi/2023.2.1/yzvj/include  -real-size `expr 8 \* 4` -i4  module_cu_gf_ctrans.f90

real	0m2.403s
user	0m1.979s
sys	0m0.388s
rm -f module_cu_sas.o
sed -e "s/^\!.*'.*//" -e "s/^ *\!.*'.*//" module_cu_sas.F > module_cu_sas.G
/lib/cpp -P -nostdinc -I/glade/derecho/scratch/yates/NEOM_WRF/wrfv4.6.0/inc -DEM_CORE=1 -DNMM_CORE=0 -DNMM_MAX_DIM=2600 -DDA_CORE=0 -DWRFPLUS=0 -DIWORDSIZE=4 -DDWORDSIZE=8 -DRWORDSIZE=4 -DLWORDSIZE=4 -DNONSTANDARD_SYSTEM_FUNC  -DWRF_USE_CLM -DUSE_NETCDF4_FEATURES -DWRFIO_NCD_LARGE_FILE_SUPPORT  -DDM_PARALLEL -DNETCDF -DLANDREAD_STUB=1 -DUSE_ALLOCATABLES -Dwrfmodel -DGRIB1 -DINTIO -DKEEP_INT_AROUND -DLIMIT_ARGS -DBUILD_RRTMG_FAST=0 -DBUILD_RRTMK=0 -DBUILD_SBM_FAST=1 -DSHOW_ALL_VARS_USED=0 -DCONFIG_BUF_LEN=65536 -DMAX_DOMAINS_F=21 -DMAX_HISTORY=25 -DNMM_NEST=0 -DWRF_CHEM -DBUILD_CHEM=1 -I. -traditional-cpp -DUSE_NETCDF4_FEATURES -DWRFIO_NCD_LARGE_FILE_SUPPORT   module_cu_sas.G  > module_cu_sas.bb
/glade/derecho/scratch/yates/NEOM_WRF/wrfv4.6.0/tools/standard.exe module_cu_sas.bb | /lib/cpp -P -nostdinc -traditional-cpp -DUSE_NETCDF4_FEATURES -DWRFIO_NCD_LARGE_FILE_SUPPORT > module_cu_sas.f90
rm -f module_cu_sas.G module_cu_sas.bb
time mpif90 -f90=ifort -o module_cu_sas.o -c -O3 -ip -fp-model precise -w -ftz -align all -fno-alias -FR -convert big_endian    -I../dyn_em  -I/glade/derecho/scratch/yates/NEOM_WRF/wrfv4.6.0/external/esmf_time_f90  -I/glade/derecho/scratch/yates/NEOM_WRF/wrfv4.6.0/main -I/glade/derecho/scratch/yates/NEOM_WRF/wrfv4.6.0/external/io_netcdf -I/glade/derecho/scratch/yates/NEOM_WRF/wrfv4.6.0/external/io_int -I/glade/derecho/scratch/yates/NEOM_WRF/wrfv4.6.0/frame -I/glade/derecho/scratch/yates/NEOM_WRF/wrfv4.6.0/share -I/glade/derecho/scratch/yates/NEOM_WRF/wrfv4.6.0/phys -I/glade/derecho/scratch/yates/NEOM_WRF/wrfv4.6.0/wrftladj -I/glade/derecho/scratch/yates/NEOM_WRF/wrfv4.6.0/chem -I/glade/derecho/scratch/yates/NEOM_WRF/wrfv4.6.0/inc -I/glade/u/apps/derecho/23.09/spack/opt/spack/netcdf/4.9.2/oneapi/2023.2.1/yzvj/include  -real-size `expr 8 \* 4` -i4  module_cu_sas.f90

real	0m17.025s
user	0m16.508s
sys	0m0.467s
rm -f module_cu_scalesas.o
sed -e "s/^\!.*'.*//" -e "s/^ *\!.*'.*//" module_cu_scalesas.F > module_cu_scalesas.G
/lib/cpp -P -nostdinc -I/glade/derecho/scratch/yates/NEOM_WRF/wrfv4.6.0/inc -DEM_CORE=1 -DNMM_CORE=0 -DNMM_MAX_DIM=2600 -DDA_CORE=0 -DWRFPLUS=0 -DIWORDSIZE=4 -DDWORDSIZE=8 -DRWORDSIZE=4 -DLWORDSIZE=4 -DNONSTANDARD_SYSTEM_FUNC  -DWRF_USE_CLM -DUSE_NETCDF4_FEATURES -DWRFIO_NCD_LARGE_FILE_SUPPORT  -DDM_PARALLEL -DNETCDF -DLANDREAD_STUB=1 -DUSE_ALLOCATABLES -Dwrfmodel -DGRIB1 -DINTIO -DKEEP_INT_AROUND -DLIMIT_ARGS -DBUILD_RRTMG_FAST=0 -DBUILD_RRTMK=0 -DBUILD_SBM_FAST=1 -DSHOW_ALL_VARS_USED=0 -DCONFIG_BUF_LEN=65536 -DMAX_DOMAINS_F=21 -DMAX_HISTORY=25 -DNMM_NEST=0 -DWRF_CHEM -DBUILD_CHEM=1 -I. -traditional-cpp -DUSE_NETCDF4_FEATURES -DWRFIO_NCD_LARGE_FILE_SUPPORT   module_cu_scalesas.G  > module_cu_scalesas.bb
/glade/derecho/scratch/yates/NEOM_WRF/wrfv4.6.0/tools/standard.exe module_cu_scalesas.bb | /lib/cpp -P -nostdinc -traditional-cpp -DUSE_NETCDF4_FEATURES -DWRFIO_NCD_LARGE_FILE_SUPPORT > module_cu_scalesas.f90
rm -f module_cu_scalesas.G module_cu_scalesas.bb
time mpif90 -f90=ifort -o module_cu_scalesas.o -c -O3 -ip -fp-model precise -w -ftz -align all -fno-alias -FR -convert big_endian    -I../dyn_em  -I/glade/derecho/scratch/yates/NEOM_WRF/wrfv4.6.0/external/esmf_time_f90  -I/glade/derecho/scratch/yates/NEOM_WRF/wrfv4.6.0/main -I/glade/derecho/scratch/yates/NEOM_WRF/wrfv4.6.0/external/io_netcdf -I/glade/derecho/scratch/yates/NEOM_WRF/wrfv4.6.0/external/io_int -I/glade/derecho/scratch/yates/NEOM_WRF/wrfv4.6.0/frame -I/glade/derecho/scratch/yates/NEOM_WRF/wrfv4.6.0/share -I/glade/derecho/scratch/yates/NEOM_WRF/wrfv4.6.0/phys -I/glade/derecho/scratch/yates/NEOM_WRF/wrfv4.6.0/wrftladj -I/glade/derecho/scratch/yates/NEOM_WRF/wrfv4.6.0/chem -I/glade/derecho/scratch/yates/NEOM_WRF/wrfv4.6.0/inc -I/glade/u/apps/derecho/23.09/spack/opt/spack/netcdf/4.9.2/oneapi/2023.2.1/yzvj/include  -real-size `expr 8 \* 4` -i4  module_cu_scalesas.f90

real	0m8.826s
user	0m8.409s
sys	0m0.393s
rm -f module_cu_osas.o
sed -e "s/^\!.*'.*//" -e "s/^ *\!.*'.*//" module_cu_osas.F > module_cu_osas.G
/lib/cpp -P -nostdinc -I/glade/derecho/scratch/yates/NEOM_WRF/wrfv4.6.0/inc -DEM_CORE=1 -DNMM_CORE=0 -DNMM_MAX_DIM=2600 -DDA_CORE=0 -DWRFPLUS=0 -DIWORDSIZE=4 -DDWORDSIZE=8 -DRWORDSIZE=4 -DLWORDSIZE=4 -DNONSTANDARD_SYSTEM_FUNC  -DWRF_USE_CLM -DUSE_NETCDF4_FEATURES -DWRFIO_NCD_LARGE_FILE_SUPPORT  -DDM_PARALLEL -DNETCDF -DLANDREAD_STUB=1 -DUSE_ALLOCATABLES -Dwrfmodel -DGRIB1 -DINTIO -DKEEP_INT_AROUND -DLIMIT_ARGS -DBUILD_RRTMG_FAST=0 -DBUILD_RRTMK=0 -DBUILD_SBM_FAST=1 -DSHOW_ALL_VARS_USED=0 -DCONFIG_BUF_LEN=65536 -DMAX_DOMAINS_F=21 -DMAX_HISTORY=25 -DNMM_NEST=0 -DWRF_CHEM -DBUILD_CHEM=1 -I. -traditional-cpp -DUSE_NETCDF4_FEATURES -DWRFIO_NCD_LARGE_FILE_SUPPORT   module_cu_osas.G  > module_cu_osas.bb
/glade/derecho/scratch/yates/NEOM_WRF/wrfv4.6.0/tools/standard.exe module_cu_osas.bb | /lib/cpp -P -nostdinc -traditional-cpp -DUSE_NETCDF4_FEATURES -DWRFIO_NCD_LARGE_FILE_SUPPORT > module_cu_osas.f90
rm -f module_cu_osas.G module_cu_osas.bb
time mpif90 -f90=ifort -o module_cu_osas.o -c -O3 -ip -fp-model precise -w -ftz -align all -fno-alias -FR -convert big_endian    -I../dyn_em  -I/glade/derecho/scratch/yates/NEOM_WRF/wrfv4.6.0/external/esmf_time_f90  -I/glade/derecho/scratch/yates/NEOM_WRF/wrfv4.6.0/main -I/glade/derecho/scratch/yates/NEOM_WRF/wrfv4.6.0/external/io_netcdf -I/glade/derecho/scratch/yates/NEOM_WRF/wrfv4.6.0/external/io_int -I/glade/derecho/scratch/yates/NEOM_WRF/wrfv4.6.0/frame -I/glade/derecho/scratch/yates/NEOM_WRF/wrfv4.6.0/share -I/glade/derecho/scratch/yates/NEOM_WRF/wrfv4.6.0/phys -I/glade/derecho/scratch/yates/NEOM_WRF/wrfv4.6.0/wrftladj -I/glade/derecho/scratch/yates/NEOM_WRF/wrfv4.6.0/chem -I/glade/derecho/scratch/yates/NEOM_WRF/wrfv4.6.0/inc -I/glade/u/apps/derecho/23.09/spack/opt/spack/netcdf/4.9.2/oneapi/2023.2.1/yzvj/include  -real-size `expr 8 \* 4` -i4  module_cu_osas.f90

real	0m10.194s
user	0m9.743s
sys	0m0.412s
rm -f module_ra_rrtm.o
sed -e "s/^\!.*'.*//" -e "s/^ *\!.*'.*//" module_ra_rrtm.F > module_ra_rrtm.G
/lib/cpp -P -nostdinc -I/glade/derecho/scratch/yates/NEOM_WRF/wrfv4.6.0/inc -DEM_CORE=1 -DNMM_CORE=0 -DNMM_MAX_DIM=2600 -DDA_CORE=0 -DWRFPLUS=0 -DIWORDSIZE=4 -DDWORDSIZE=8 -DRWORDSIZE=4 -DLWORDSIZE=4 -DNONSTANDARD_SYSTEM_FUNC  -DWRF_USE_CLM -DUSE_NETCDF4_FEATURES -DWRFIO_NCD_LARGE_FILE_SUPPORT  -DDM_PARALLEL -DNETCDF -DLANDREAD_STUB=1 -DUSE_ALLOCATABLES -Dwrfmodel -DGRIB1 -DINTIO -DKEEP_INT_AROUND -DLIMIT_ARGS -DBUILD_RRTMG_FAST=0 -DBUILD_RRTMK=0 -DBUILD_SBM_FAST=1 -DSHOW_ALL_VARS_USED=0 -DCONFIG_BUF_LEN=65536 -DMAX_DOMAINS_F=21 -DMAX_HISTORY=25 -DNMM_NEST=0 -DWRF_CHEM -DBUILD_CHEM=1 -I. -traditional-cpp -DUSE_NETCDF4_FEATURES -DWRFIO_NCD_LARGE_FILE_SUPPORT   module_ra_rrtm.G  > module_ra_rrtm.bb
/glade/derecho/scratch/yates/NEOM_WRF/wrfv4.6.0/tools/standard.exe module_ra_rrtm.bb | /lib/cpp -P -nostdinc -traditional-cpp -DUSE_NETCDF4_FEATURES -DWRFIO_NCD_LARGE_FILE_SUPPORT > module_ra_rrtm.f90
rm -f module_ra_rrtm.G module_ra_rrtm.bb
time mpif90 -f90=ifort -o module_ra_rrtm.o -c -O3 -ip -fp-model precise -w -ftz -align all -fno-alias -FR -convert big_endian    -I../dyn_em  -I/glade/derecho/scratch/yates/NEOM_WRF/wrfv4.6.0/external/esmf_time_f90  -I/glade/derecho/scratch/yates/NEOM_WRF/wrfv4.6.0/main -I/glade/derecho/scratch/yates/NEOM_WRF/wrfv4.6.0/external/io_netcdf -I/glade/derecho/scratch/yates/NEOM_WRF/wrfv4.6.0/external/io_int -I/glade/derecho/scratch/yates/NEOM_WRF/wrfv4.6.0/frame -I/glade/derecho/scratch/yates/NEOM_WRF/wrfv4.6.0/share -I/glade/derecho/scratch/yates/NEOM_WRF/wrfv4.6.0/phys -I/glade/derecho/scratch/yates/NEOM_WRF/wrfv4.6.0/wrftladj -I/glade/derecho/scratch/yates/NEOM_WRF/wrfv4.6.0/chem -I/glade/derecho/scratch/yates/NEOM_WRF/wrfv4.6.0/inc -I/glade/u/apps/derecho/23.09/spack/opt/spack/netcdf/4.9.2/oneapi/2023.2.1/yzvj/include  -real-size `expr 8 \* 4` -i4  module_ra_rrtm.f90

real	0m5.081s
user	0m4.605s
sys	0m0.431s
rm -f module_ra_rrtmg_lw.o
sed -e "s/^\!.*'.*//" -e "s/^ *\!.*'.*//" module_ra_rrtmg_lw.F > module_ra_rrtmg_lw.G
/lib/cpp -P -nostdinc -I/glade/derecho/scratch/yates/NEOM_WRF/wrfv4.6.0/inc -DEM_CORE=1 -DNMM_CORE=0 -DNMM_MAX_DIM=2600 -DDA_CORE=0 -DWRFPLUS=0 -DIWORDSIZE=4 -DDWORDSIZE=8 -DRWORDSIZE=4 -DLWORDSIZE=4 -DNONSTANDARD_SYSTEM_FUNC  -DWRF_USE_CLM -DUSE_NETCDF4_FEATURES -DWRFIO_NCD_LARGE_FILE_SUPPORT  -DDM_PARALLEL -DNETCDF -DLANDREAD_STUB=1 -DUSE_ALLOCATABLES -Dwrfmodel -DGRIB1 -DINTIO -DKEEP_INT_AROUND -DLIMIT_ARGS -DBUILD_RRTMG_FAST=0 -DBUILD_RRTMK=0 -DBUILD_SBM_FAST=1 -DSHOW_ALL_VARS_USED=0 -DCONFIG_BUF_LEN=65536 -DMAX_DOMAINS_F=21 -DMAX_HISTORY=25 -DNMM_NEST=0 -DWRF_CHEM -DBUILD_CHEM=1 -I. -traditional-cpp -DUSE_NETCDF4_FEATURES -DWRFIO_NCD_LARGE_FILE_SUPPORT   module_ra_rrtmg_lw.G  > module_ra_rrtmg_lw.bb
/glade/derecho/scratch/yates/NEOM_WRF/wrfv4.6.0/tools/standard.exe module_ra_rrtmg_lw.bb | /lib/cpp -P -nostdinc -traditional-cpp -DUSE_NETCDF4_FEATURES -DWRFIO_NCD_LARGE_FILE_SUPPORT > module_ra_rrtmg_lw.f90
rm -f module_ra_rrtmg_lw.G module_ra_rrtmg_lw.bb
time mpif90 -f90=ifort -o module_ra_rrtmg_lw.o -c -O3 -ip -fp-model precise -w -ftz -align all -fno-alias -FR -convert big_endian    -I../dyn_em  -I/glade/derecho/scratch/yates/NEOM_WRF/wrfv4.6.0/external/esmf_time_f90  -I/glade/derecho/scratch/yates/NEOM_WRF/wrfv4.6.0/main -I/glade/derecho/scratch/yates/NEOM_WRF/wrfv4.6.0/external/io_netcdf -I/glade/derecho/scratch/yates/NEOM_WRF/wrfv4.6.0/external/io_int -I/glade/derecho/scratch/yates/NEOM_WRF/wrfv4.6.0/frame -I/glade/derecho/scratch/yates/NEOM_WRF/wrfv4.6.0/share -I/glade/derecho/scratch/yates/NEOM_WRF/wrfv4.6.0/phys -I/glade/derecho/scratch/yates/NEOM_WRF/wrfv4.6.0/wrftladj -I/glade/derecho/scratch/yates/NEOM_WRF/wrfv4.6.0/chem -I/glade/derecho/scratch/yates/NEOM_WRF/wrfv4.6.0/inc -I/glade/u/apps/derecho/23.09/spack/opt/spack/netcdf/4.9.2/oneapi/2023.2.1/yzvj/include  -real-size `expr 8 \* 4` -i4  module_ra_rrtmg_lw.f90

real	0m10.599s
user	0m10.187s
sys	0m0.373s
rm -f module_ra_rrtmg_swf.o
sed -e "s/^\!.*'.*//" -e "s/^ *\!.*'.*//" module_ra_rrtmg_swf.F > module_ra_rrtmg_swf.G
/lib/cpp -P -nostdinc -I/glade/derecho/scratch/yates/NEOM_WRF/wrfv4.6.0/inc -DEM_CORE=1 -DNMM_CORE=0 -DNMM_MAX_DIM=2600 -DDA_CORE=0 -DWRFPLUS=0 -DIWORDSIZE=4 -DDWORDSIZE=8 -DRWORDSIZE=4 -DLWORDSIZE=4 -DNONSTANDARD_SYSTEM_FUNC  -DWRF_USE_CLM -DUSE_NETCDF4_FEATURES -DWRFIO_NCD_LARGE_FILE_SUPPORT  -DDM_PARALLEL -DNETCDF -DLANDREAD_STUB=1 -DUSE_ALLOCATABLES -Dwrfmodel -DGRIB1 -DINTIO -DKEEP_INT_AROUND -DLIMIT_ARGS -DBUILD_RRTMG_FAST=0 -DBUILD_RRTMK=0 -DBUILD_SBM_FAST=1 -DSHOW_ALL_VARS_USED=0 -DCONFIG_BUF_LEN=65536 -DMAX_DOMAINS_F=21 -DMAX_HISTORY=25 -DNMM_NEST=0 -DWRF_CHEM -DBUILD_CHEM=1 -I. -traditional-cpp -DUSE_NETCDF4_FEATURES -DWRFIO_NCD_LARGE_FILE_SUPPORT   module_ra_rrtmg_swf.G  > module_ra_rrtmg_swf.bb
/glade/derecho/scratch/yates/NEOM_WRF/wrfv4.6.0/tools/standard.exe module_ra_rrtmg_swf.bb | /lib/cpp -P -nostdinc -traditional-cpp -DUSE_NETCDF4_FEATURES -DWRFIO_NCD_LARGE_FILE_SUPPORT > module_ra_rrtmg_swf.f90
rm -f module_ra_rrtmg_swf.G module_ra_rrtmg_swf.bb
time mpif90 -f90=ifort -o module_ra_rrtmg_swf.o -c -O3 -ip -fp-model precise -w -ftz -align all -fno-alias -FR -convert big_endian    -I../dyn_em  -I/glade/derecho/scratch/yates/NEOM_WRF/wrfv4.6.0/external/esmf_time_f90  -I/glade/derecho/scratch/yates/NEOM_WRF/wrfv4.6.0/main -I/glade/derecho/scratch/yates/NEOM_WRF/wrfv4.6.0/external/io_netcdf -I/glade/derecho/scratch/yates/NEOM_WRF/wrfv4.6.0/external/io_int -I/glade/derecho/scratch/yates/NEOM_WRF/wrfv4.6.0/frame -I/glade/derecho/scratch/yates/NEOM_WRF/wrfv4.6.0/share -I/glade/derecho/scratch/yates/NEOM_WRF/wrfv4.6.0/phys -I/glade/derecho/scratch/yates/NEOM_WRF/wrfv4.6.0/wrftladj -I/glade/derecho/scratch/yates/NEOM_WRF/wrfv4.6.0/chem -I/glade/derecho/scratch/yates/NEOM_WRF/wrfv4.6.0/inc -I/glade/u/apps/derecho/23.09/spack/opt/spack/netcdf/4.9.2/oneapi/2023.2.1/yzvj/include  -real-size `expr 8 \* 4` -i4  module_ra_rrtmg_swf.f90

real	0m0.404s
user	0m0.106s
sys	0m0.273s
rm -f module_ra_rrtmg_swk.o
sed -e "s/^\!.*'.*//" -e "s/^ *\!.*'.*//" module_ra_rrtmg_swk.F > module_ra_rrtmg_swk.G
/lib/cpp -P -nostdinc -I/glade/derecho/scratch/yates/NEOM_WRF/wrfv4.6.0/inc -DEM_CORE=1 -DNMM_CORE=0 -DNMM_MAX_DIM=2600 -DDA_CORE=0 -DWRFPLUS=0 -DIWORDSIZE=4 -DDWORDSIZE=8 -DRWORDSIZE=4 -DLWORDSIZE=4 -DNONSTANDARD_SYSTEM_FUNC  -DWRF_USE_CLM -DUSE_NETCDF4_FEATURES -DWRFIO_NCD_LARGE_FILE_SUPPORT  -DDM_PARALLEL -DNETCDF -DLANDREAD_STUB=1 -DUSE_ALLOCATABLES -Dwrfmodel -DGRIB1 -DINTIO -DKEEP_INT_AROUND -DLIMIT_ARGS -DBUILD_RRTMG_FAST=0 -DBUILD_RRTMK=0 -DBUILD_SBM_FAST=1 -DSHOW_ALL_VARS_USED=0 -DCONFIG_BUF_LEN=65536 -DMAX_DOMAINS_F=21 -DMAX_HISTORY=25 -DNMM_NEST=0 -DWRF_CHEM -DBUILD_CHEM=1 -I. -traditional-cpp -DUSE_NETCDF4_FEATURES -DWRFIO_NCD_LARGE_FILE_SUPPORT   module_ra_rrtmg_swk.G  > module_ra_rrtmg_swk.bb
/glade/derecho/scratch/yates/NEOM_WRF/wrfv4.6.0/tools/standard.exe module_ra_rrtmg_swk.bb | /lib/cpp -P -nostdinc -traditional-cpp -DUSE_NETCDF4_FEATURES -DWRFIO_NCD_LARGE_FILE_SUPPORT > module_ra_rrtmg_swk.f90
rm -f module_ra_rrtmg_swk.G module_ra_rrtmg_swk.bb
time mpif90 -f90=ifort -o module_ra_rrtmg_swk.o -c -O3 -ip -fp-model precise -w -ftz -align all -fno-alias -FR -convert big_endian    -I../dyn_em  -I/glade/derecho/scratch/yates/NEOM_WRF/wrfv4.6.0/external/esmf_time_f90  -I/glade/derecho/scratch/yates/NEOM_WRF/wrfv4.6.0/main -I/glade/derecho/scratch/yates/NEOM_WRF/wrfv4.6.0/external/io_netcdf -I/glade/derecho/scratch/yates/NEOM_WRF/wrfv4.6.0/external/io_int -I/glade/derecho/scratch/yates/NEOM_WRF/wrfv4.6.0/frame -I/glade/derecho/scratch/yates/NEOM_WRF/wrfv4.6.0/share -I/glade/derecho/scratch/yates/NEOM_WRF/wrfv4.6.0/phys -I/glade/derecho/scratch/yates/NEOM_WRF/wrfv4.6.0/wrftladj -I/glade/derecho/scratch/yates/NEOM_WRF/wrfv4.6.0/chem -I/glade/derecho/scratch/yates/NEOM_WRF/wrfv4.6.0/inc -I/glade/u/apps/derecho/23.09/spack/opt/spack/netcdf/4.9.2/oneapi/2023.2.1/yzvj/include  -real-size `expr 8 \* 4` -i4  module_ra_rrtmg_swk.f90

real	0m0.405s
user	0m0.116s
sys	0m0.264s
rm -f module_ra_cam_support.o
sed -e "s/^\!.*'.*//" -e "s/^ *\!.*'.*//" module_ra_cam_support.F > module_ra_cam_support.G
/lib/cpp -P -nostdinc -I/glade/derecho/scratch/yates/NEOM_WRF/wrfv4.6.0/inc -DEM_CORE=1 -DNMM_CORE=0 -DNMM_MAX_DIM=2600 -DDA_CORE=0 -DWRFPLUS=0 -DIWORDSIZE=4 -DDWORDSIZE=8 -DRWORDSIZE=4 -DLWORDSIZE=4 -DNONSTANDARD_SYSTEM_FUNC  -DWRF_USE_CLM -DUSE_NETCDF4_FEATURES -DWRFIO_NCD_LARGE_FILE_SUPPORT  -DDM_PARALLEL -DNETCDF -DLANDREAD_STUB=1 -DUSE_ALLOCATABLES -Dwrfmodel -DGRIB1 -DINTIO -DKEEP_INT_AROUND -DLIMIT_ARGS -DBUILD_RRTMG_FAST=0 -DBUILD_RRTMK=0 -DBUILD_SBM_FAST=1 -DSHOW_ALL_VARS_USED=0 -DCONFIG_BUF_LEN=65536 -DMAX_DOMAINS_F=21 -DMAX_HISTORY=25 -DNMM_NEST=0 -DWRF_CHEM -DBUILD_CHEM=1 -I. -traditional-cpp -DUSE_NETCDF4_FEATURES -DWRFIO_NCD_LARGE_FILE_SUPPORT   module_ra_cam_support.G  > module_ra_cam_support.bb
/glade/derecho/scratch/yates/NEOM_WRF/wrfv4.6.0/tools/standard.exe module_ra_cam_support.bb | /lib/cpp -P -nostdinc -traditional-cpp -DUSE_NETCDF4_FEATURES -DWRFIO_NCD_LARGE_FILE_SUPPORT > module_ra_cam_support.f90
rm -f module_ra_cam_support.G module_ra_cam_support.bb
time mpif90 -f90=ifort -o module_ra_cam_support.o -c -O3 -ip -fp-model precise -w -ftz -align all -fno-alias -FR -convert big_endian    -I../dyn_em  -I/glade/derecho/scratch/yates/NEOM_WRF/wrfv4.6.0/external/esmf_time_f90  -I/glade/derecho/scratch/yates/NEOM_WRF/wrfv4.6.0/main -I/glade/derecho/scratch/yates/NEOM_WRF/wrfv4.6.0/external/io_netcdf -I/glade/derecho/scratch/yates/NEOM_WRF/wrfv4.6.0/external/io_int -I/glade/derecho/scratch/yates/NEOM_WRF/wrfv4.6.0/frame -I/glade/derecho/scratch/yates/NEOM_WRF/wrfv4.6.0/share -I/glade/derecho/scratch/yates/NEOM_WRF/wrfv4.6.0/phys -I/glade/derecho/scratch/yates/NEOM_WRF/wrfv4.6.0/wrftladj -I/glade/derecho/scratch/yates/NEOM_WRF/wrfv4.6.0/chem -I/glade/derecho/scratch/yates/NEOM_WRF/wrfv4.6.0/inc -I/glade/u/apps/derecho/23.09/spack/opt/spack/netcdf/4.9.2/oneapi/2023.2.1/yzvj/include  -real-size `expr 8 \* 4` -i4  module_ra_cam_support.f90

real	0m2.868s
user	0m2.457s
sys	0m0.381s
rm -f module_ra_gfdleta.o
sed -e "s/^\!.*'.*//" -e "s/^ *\!.*'.*//" module_ra_gfdleta.F > module_ra_gfdleta.G
/lib/cpp -P -nostdinc -I/glade/derecho/scratch/yates/NEOM_WRF/wrfv4.6.0/inc -DEM_CORE=1 -DNMM_CORE=0 -DNMM_MAX_DIM=2600 -DDA_CORE=0 -DWRFPLUS=0 -DIWORDSIZE=4 -DDWORDSIZE=8 -DRWORDSIZE=4 -DLWORDSIZE=4 -DNONSTANDARD_SYSTEM_FUNC  -DWRF_USE_CLM -DUSE_NETCDF4_FEATURES -DWRFIO_NCD_LARGE_FILE_SUPPORT  -DDM_PARALLEL -DNETCDF -DLANDREAD_STUB=1 -DUSE_ALLOCATABLES -Dwrfmodel -DGRIB1 -DINTIO -DKEEP_INT_AROUND -DLIMIT_ARGS -DBUILD_RRTMG_FAST=0 -DBUILD_RRTMK=0 -DBUILD_SBM_FAST=1 -DSHOW_ALL_VARS_USED=0 -DCONFIG_BUF_LEN=65536 -DMAX_DOMAINS_F=21 -DMAX_HISTORY=25 -DNMM_NEST=0 -DWRF_CHEM -DBUILD_CHEM=1 -I. -traditional-cpp -DUSE_NETCDF4_FEATURES -DWRFIO_NCD_LARGE_FILE_SUPPORT   module_ra_gfdleta.G  > module_ra_gfdleta.bb
/glade/derecho/scratch/yates/NEOM_WRF/wrfv4.6.0/tools/standard.exe module_ra_gfdleta.bb | /lib/cpp -P -nostdinc -traditional-cpp -DUSE_NETCDF4_FEATURES -DWRFIO_NCD_LARGE_FILE_SUPPORT > module_ra_gfdleta.f90
rm -f module_ra_gfdleta.G module_ra_gfdleta.bb
time mpif90 -f90=ifort -o module_ra_gfdleta.o -c -O3 -ip -fp-model precise -w -ftz -align all -fno-alias -FR -convert big_endian    -I../dyn_em  -I/glade/derecho/scratch/yates/NEOM_WRF/wrfv4.6.0/external/esmf_time_f90  -I/glade/derecho/scratch/yates/NEOM_WRF/wrfv4.6.0/main -I/glade/derecho/scratch/yates/NEOM_WRF/wrfv4.6.0/external/io_netcdf -I/glade/derecho/scratch/yates/NEOM_WRF/wrfv4.6.0/external/io_int -I/glade/derecho/scratch/yates/NEOM_WRF/wrfv4.6.0/frame -I/glade/derecho/scratch/yates/NEOM_WRF/wrfv4.6.0/share -I/glade/derecho/scratch/yates/NEOM_WRF/wrfv4.6.0/phys -I/glade/derecho/scratch/yates/NEOM_WRF/wrfv4.6.0/wrftladj -I/glade/derecho/scratch/yates/NEOM_WRF/wrfv4.6.0/chem -I/glade/derecho/scratch/yates/NEOM_WRF/wrfv4.6.0/inc -I/glade/u/apps/derecho/23.09/spack/opt/spack/netcdf/4.9.2/oneapi/2023.2.1/yzvj/include  -real-size `expr 8 \* 4` -i4  module_ra_gfdleta.f90

real	0m36.836s
user	0m35.107s
sys	0m0.689s
rm -f module_mp_thompson.o
sed -e "s/^\!.*'.*//" -e "s/^ *\!.*'.*//" module_mp_thompson.F > module_mp_thompson.G
/lib/cpp -P -nostdinc -I/glade/derecho/scratch/yates/NEOM_WRF/wrfv4.6.0/inc -DEM_CORE=1 -DNMM_CORE=0 -DNMM_MAX_DIM=2600 -DDA_CORE=0 -DWRFPLUS=0 -DIWORDSIZE=4 -DDWORDSIZE=8 -DRWORDSIZE=4 -DLWORDSIZE=4 -DNONSTANDARD_SYSTEM_FUNC  -DWRF_USE_CLM -DUSE_NETCDF4_FEATURES -DWRFIO_NCD_LARGE_FILE_SUPPORT  -DDM_PARALLEL -DNETCDF -DLANDREAD_STUB=1 -DUSE_ALLOCATABLES -Dwrfmodel -DGRIB1 -DINTIO -DKEEP_INT_AROUND -DLIMIT_ARGS -DBUILD_RRTMG_FAST=0 -DBUILD_RRTMK=0 -DBUILD_SBM_FAST=1 -DSHOW_ALL_VARS_USED=0 -DCONFIG_BUF_LEN=65536 -DMAX_DOMAINS_F=21 -DMAX_HISTORY=25 -DNMM_NEST=0 -DWRF_CHEM -DBUILD_CHEM=1 -I. -traditional-cpp -DUSE_NETCDF4_FEATURES -DWRFIO_NCD_LARGE_FILE_SUPPORT   module_mp_thompson.G  > module_mp_thompson.bb
/glade/derecho/scratch/yates/NEOM_WRF/wrfv4.6.0/tools/standard.exe module_mp_thompson.bb | /lib/cpp -P -nostdinc -traditional-cpp -DUSE_NETCDF4_FEATURES -DWRFIO_NCD_LARGE_FILE_SUPPORT > module_mp_thompson.f90
rm -f module_mp_thompson.G module_mp_thompson.bb
time mpif90 -f90=ifort -o module_mp_thompson.o -c -O3 -ip -fp-model precise -w -ftz -align all -fno-alias -FR -convert big_endian    -I../dyn_em  -I/glade/derecho/scratch/yates/NEOM_WRF/wrfv4.6.0/external/esmf_time_f90  -I/glade/derecho/scratch/yates/NEOM_WRF/wrfv4.6.0/main -I/glade/derecho/scratch/yates/NEOM_WRF/wrfv4.6.0/external/io_netcdf -I/glade/derecho/scratch/yates/NEOM_WRF/wrfv4.6.0/external/io_int -I/glade/derecho/scratch/yates/NEOM_WRF/wrfv4.6.0/frame -I/glade/derecho/scratch/yates/NEOM_WRF/wrfv4.6.0/share -I/glade/derecho/scratch/yates/NEOM_WRF/wrfv4.6.0/phys -I/glade/derecho/scratch/yates/NEOM_WRF/wrfv4.6.0/wrftladj -I/glade/derecho/scratch/yates/NEOM_WRF/wrfv4.6.0/chem -I/glade/derecho/scratch/yates/NEOM_WRF/wrfv4.6.0/inc -I/glade/u/apps/derecho/23.09/spack/opt/spack/netcdf/4.9.2/oneapi/2023.2.1/yzvj/include  -real-size `expr 8 \* 4` -i4  module_mp_thompson.f90

real	0m17.453s
user	0m16.879s
sys	0m0.512s
rm -f physics_mmm/mp_wsm6.o
sed -e "s/^\!.*'.*//" -e "s/^ *\!.*'.*//" physics_mmm/mp_wsm6.F90 > physics_mmm/mp_wsm6.G
/lib/cpp -P -nostdinc -I/glade/derecho/scratch/yates/NEOM_WRF/wrfv4.6.0/inc -DEM_CORE=1 -DNMM_CORE=0 -DNMM_MAX_DIM=2600 -DDA_CORE=0 -DWRFPLUS=0 -DIWORDSIZE=4 -DDWORDSIZE=8 -DRWORDSIZE=4 -DLWORDSIZE=4 -DNONSTANDARD_SYSTEM_FUNC  -DWRF_USE_CLM -DUSE_NETCDF4_FEATURES -DWRFIO_NCD_LARGE_FILE_SUPPORT  -DDM_PARALLEL -DNETCDF -DLANDREAD_STUB=1 -DUSE_ALLOCATABLES -Dwrfmodel -DGRIB1 -DINTIO -DKEEP_INT_AROUND -DLIMIT_ARGS -DBUILD_RRTMG_FAST=0 -DBUILD_RRTMK=0 -DBUILD_SBM_FAST=1 -DSHOW_ALL_VARS_USED=0 -DCONFIG_BUF_LEN=65536 -DMAX_DOMAINS_F=21 -DMAX_HISTORY=25 -DNMM_NEST=0 -DWRF_CHEM -DBUILD_CHEM=1 -I. -traditional-cpp -DUSE_NETCDF4_FEATURES -DWRFIO_NCD_LARGE_FILE_SUPPORT   physics_mmm/mp_wsm6.G  > physics_mmm/mp_wsm6.bb
/glade/derecho/scratch/yates/NEOM_WRF/wrfv4.6.0/tools/standard.exe physics_mmm/mp_wsm6.bb | /lib/cpp -P -nostdinc -traditional-cpp -DUSE_NETCDF4_FEATURES -DWRFIO_NCD_LARGE_FILE_SUPPORT > physics_mmm/mp_wsm6.f90
rm -f physics_mmm/mp_wsm6.G physics_mmm/mp_wsm6.bb
time mpif90 -f90=ifort -o physics_mmm/mp_wsm6.o -c -O3 -ip -fp-model precise -w -ftz -align all -fno-alias -FR -convert big_endian    -I../dyn_em  -I/glade/derecho/scratch/yates/NEOM_WRF/wrfv4.6.0/external/esmf_time_f90  -I/glade/derecho/scratch/yates/NEOM_WRF/wrfv4.6.0/main -I/glade/derecho/scratch/yates/NEOM_WRF/wrfv4.6.0/external/io_netcdf -I/glade/derecho/scratch/yates/NEOM_WRF/wrfv4.6.0/external/io_int -I/glade/derecho/scratch/yates/NEOM_WRF/wrfv4.6.0/frame -I/glade/derecho/scratch/yates/NEOM_WRF/wrfv4.6.0/share -I/glade/derecho/scratch/yates/NEOM_WRF/wrfv4.6.0/phys -I/glade/derecho/scratch/yates/NEOM_WRF/wrfv4.6.0/wrftladj -I/glade/derecho/scratch/yates/NEOM_WRF/wrfv4.6.0/chem -I/glade/derecho/scratch/yates/NEOM_WRF/wrfv4.6.0/inc -I/glade/u/apps/derecho/23.09/spack/opt/spack/netcdf/4.9.2/oneapi/2023.2.1/yzvj/include  -real-size `expr 8 \* 4` -i4  physics_mmm/mp_wsm6.f90

real	0m46.498s
user	0m45.774s
sys	0m0.682s
rm -f module_sf_sfclayrev.o
sed -e "s/^\!.*'.*//" -e "s/^ *\!.*'.*//" module_sf_sfclayrev.F > module_sf_sfclayrev.G
/lib/cpp -P -nostdinc -I/glade/derecho/scratch/yates/NEOM_WRF/wrfv4.6.0/inc -DEM_CORE=1 -DNMM_CORE=0 -DNMM_MAX_DIM=2600 -DDA_CORE=0 -DWRFPLUS=0 -DIWORDSIZE=4 -DDWORDSIZE=8 -DRWORDSIZE=4 -DLWORDSIZE=4 -DNONSTANDARD_SYSTEM_FUNC  -DWRF_USE_CLM -DUSE_NETCDF4_FEATURES -DWRFIO_NCD_LARGE_FILE_SUPPORT  -DDM_PARALLEL -DNETCDF -DLANDREAD_STUB=1 -DUSE_ALLOCATABLES -Dwrfmodel -DGRIB1 -DINTIO -DKEEP_INT_AROUND -DLIMIT_ARGS -DBUILD_RRTMG_FAST=0 -DBUILD_RRTMK=0 -DBUILD_SBM_FAST=1 -DSHOW_ALL_VARS_USED=0 -DCONFIG_BUF_LEN=65536 -DMAX_DOMAINS_F=21 -DMAX_HISTORY=25 -DNMM_NEST=0 -DWRF_CHEM -DBUILD_CHEM=1 -I. -traditional-cpp -DUSE_NETCDF4_FEATURES -DWRFIO_NCD_LARGE_FILE_SUPPORT   module_sf_sfclayrev.G  > module_sf_sfclayrev.bb
/glade/derecho/scratch/yates/NEOM_WRF/wrfv4.6.0/tools/standard.exe module_sf_sfclayrev.bb | /lib/cpp -P -nostdinc -traditional-cpp -DUSE_NETCDF4_FEATURES -DWRFIO_NCD_LARGE_FILE_SUPPORT > module_sf_sfclayrev.f90
rm -f module_sf_sfclayrev.G module_sf_sfclayrev.bb
time mpif90 -f90=ifort -o module_sf_sfclayrev.o -c -O3 -ip -fp-model precise -w -ftz -align all -fno-alias -FR -convert big_endian    -I../dyn_em  -I/glade/derecho/scratch/yates/NEOM_WRF/wrfv4.6.0/external/esmf_time_f90  -I/glade/derecho/scratch/yates/NEOM_WRF/wrfv4.6.0/main -I/glade/derecho/scratch/yates/NEOM_WRF/wrfv4.6.0/external/io_netcdf -I/glade/derecho/scratch/yates/NEOM_WRF/wrfv4.6.0/external/io_int -I/glade/derecho/scratch/yates/NEOM_WRF/wrfv4.6.0/frame -I/glade/derecho/scratch/yates/NEOM_WRF/wrfv4.6.0/share -I/glade/derecho/scratch/yates/NEOM_WRF/wrfv4.6.0/phys -I/glade/derecho/scratch/yates/NEOM_WRF/wrfv4.6.0/wrftladj -I/glade/derecho/scratch/yates/NEOM_WRF/wrfv4.6.0/chem -I/glade/derecho/scratch/yates/NEOM_WRF/wrfv4.6.0/inc -I/glade/u/apps/derecho/23.09/spack/opt/spack/netcdf/4.9.2/oneapi/2023.2.1/yzvj/include  -real-size `expr 8 \* 4` -i4  module_sf_sfclayrev.f90

real	0m5.707s
user	0m5.308s
sys	0m0.371s
rm -f module_sf_gfs.o
sed -e "s/^\!.*'.*//" -e "s/^ *\!.*'.*//" module_sf_gfs.F > module_sf_gfs.G
/lib/cpp -P -nostdinc -I/glade/derecho/scratch/yates/NEOM_WRF/wrfv4.6.0/inc -DEM_CORE=1 -DNMM_CORE=0 -DNMM_MAX_DIM=2600 -DDA_CORE=0 -DWRFPLUS=0 -DIWORDSIZE=4 -DDWORDSIZE=8 -DRWORDSIZE=4 -DLWORDSIZE=4 -DNONSTANDARD_SYSTEM_FUNC  -DWRF_USE_CLM -DUSE_NETCDF4_FEATURES -DWRFIO_NCD_LARGE_FILE_SUPPORT  -DDM_PARALLEL -DNETCDF -DLANDREAD_STUB=1 -DUSE_ALLOCATABLES -Dwrfmodel -DGRIB1 -DINTIO -DKEEP_INT_AROUND -DLIMIT_ARGS -DBUILD_RRTMG_FAST=0 -DBUILD_RRTMK=0 -DBUILD_SBM_FAST=1 -DSHOW_ALL_VARS_USED=0 -DCONFIG_BUF_LEN=65536 -DMAX_DOMAINS_F=21 -DMAX_HISTORY=25 -DNMM_NEST=0 -DWRF_CHEM -DBUILD_CHEM=1 -I. -traditional-cpp -DUSE_NETCDF4_FEATURES -DWRFIO_NCD_LARGE_FILE_SUPPORT   module_sf_gfs.G  > module_sf_gfs.bb
/glade/derecho/scratch/yates/NEOM_WRF/wrfv4.6.0/tools/standard.exe module_sf_gfs.bb | /lib/cpp -P -nostdinc -traditional-cpp -DUSE_NETCDF4_FEATURES -DWRFIO_NCD_LARGE_FILE_SUPPORT > module_sf_gfs.f90
rm -f module_sf_gfs.G module_sf_gfs.bb
time mpif90 -f90=ifort -o module_sf_gfs.o -c -O3 -ip -fp-model precise -w -ftz -align all -fno-alias -FR -convert big_endian    -I../dyn_em  -I/glade/derecho/scratch/yates/NEOM_WRF/wrfv4.6.0/external/esmf_time_f90  -I/glade/derecho/scratch/yates/NEOM_WRF/wrfv4.6.0/main -I/glade/derecho/scratch/yates/NEOM_WRF/wrfv4.6.0/external/io_netcdf -I/glade/derecho/scratch/yates/NEOM_WRF/wrfv4.6.0/external/io_int -I/glade/derecho/scratch/yates/NEOM_WRF/wrfv4.6.0/frame -I/glade/derecho/scratch/yates/NEOM_WRF/wrfv4.6.0/share -I/glade/derecho/scratch/yates/NEOM_WRF/wrfv4.6.0/phys -I/glade/derecho/scratch/yates/NEOM_WRF/wrfv4.6.0/wrftladj -I/glade/derecho/scratch/yates/NEOM_WRF/wrfv4.6.0/chem -I/glade/derecho/scratch/yates/NEOM_WRF/wrfv4.6.0/inc -I/glade/u/apps/derecho/23.09/spack/opt/spack/netcdf/4.9.2/oneapi/2023.2.1/yzvj/include  -real-size `expr 8 \* 4` -i4  module_sf_gfs.f90

real	0m2.377s
user	0m1.100s
sys	0m0.309s
rm -f module_sf_gfdl.o
sed -e "s/^\!.*'.*//" -e "s/^ *\!.*'.*//" module_sf_gfdl.F > module_sf_gfdl.G
/lib/cpp -P -nostdinc -I/glade/derecho/scratch/yates/NEOM_WRF/wrfv4.6.0/inc -DEM_CORE=1 -DNMM_CORE=0 -DNMM_MAX_DIM=2600 -DDA_CORE=0 -DWRFPLUS=0 -DIWORDSIZE=4 -DDWORDSIZE=8 -DRWORDSIZE=4 -DLWORDSIZE=4 -DNONSTANDARD_SYSTEM_FUNC  -DWRF_USE_CLM -DUSE_NETCDF4_FEATURES -DWRFIO_NCD_LARGE_FILE_SUPPORT  -DDM_PARALLEL -DNETCDF -DLANDREAD_STUB=1 -DUSE_ALLOCATABLES -Dwrfmodel -DGRIB1 -DINTIO -DKEEP_INT_AROUND -DLIMIT_ARGS -DBUILD_RRTMG_FAST=0 -DBUILD_RRTMK=0 -DBUILD_SBM_FAST=1 -DSHOW_ALL_VARS_USED=0 -DCONFIG_BUF_LEN=65536 -DMAX_DOMAINS_F=21 -DMAX_HISTORY=25 -DNMM_NEST=0 -DWRF_CHEM -DBUILD_CHEM=1 -I. -traditional-cpp -DUSE_NETCDF4_FEATURES -DWRFIO_NCD_LARGE_FILE_SUPPORT   module_sf_gfdl.G  > module_sf_gfdl.bb
/glade/derecho/scratch/yates/NEOM_WRF/wrfv4.6.0/tools/standard.exe module_sf_gfdl.bb | /lib/cpp -P -nostdinc -traditional-cpp -DUSE_NETCDF4_FEATURES -DWRFIO_NCD_LARGE_FILE_SUPPORT > module_sf_gfdl.f90
rm -f module_sf_gfdl.G module_sf_gfdl.bb
time mpif90 -f90=ifort -o module_sf_gfdl.o -c -O3 -ip -fp-model precise -w -ftz -align all -fno-alias -FR -convert big_endian    -I../dyn_em  -I/glade/derecho/scratch/yates/NEOM_WRF/wrfv4.6.0/external/esmf_time_f90  -I/glade/derecho/scratch/yates/NEOM_WRF/wrfv4.6.0/main -I/glade/derecho/scratch/yates/NEOM_WRF/wrfv4.6.0/external/io_netcdf -I/glade/derecho/scratch/yates/NEOM_WRF/wrfv4.6.0/external/io_int -I/glade/derecho/scratch/yates/NEOM_WRF/wrfv4.6.0/frame -I/glade/derecho/scratch/yates/NEOM_WRF/wrfv4.6.0/share -I/glade/derecho/scratch/yates/NEOM_WRF/wrfv4.6.0/phys -I/glade/derecho/scratch/yates/NEOM_WRF/wrfv4.6.0/wrftladj -I/glade/derecho/scratch/yates/NEOM_WRF/wrfv4.6.0/chem -I/glade/derecho/scratch/yates/NEOM_WRF/wrfv4.6.0/inc -I/glade/u/apps/derecho/23.09/spack/opt/spack/netcdf/4.9.2/oneapi/2023.2.1/yzvj/include  -real-size `expr 8 \* 4` -i4  module_sf_gfdl.f90

real	0m11.219s
user	0m10.725s
sys	0m0.449s
rm -f module_sf_noahmplsm.o
sed -e "s/^\!.*'.*//" -e "s/^ *\!.*'.*//" module_sf_noahmplsm.F > module_sf_noahmplsm.G
/lib/cpp -P -nostdinc -I/glade/derecho/scratch/yates/NEOM_WRF/wrfv4.6.0/inc -DEM_CORE=1 -DNMM_CORE=0 -DNMM_MAX_DIM=2600 -DDA_CORE=0 -DWRFPLUS=0 -DIWORDSIZE=4 -DDWORDSIZE=8 -DRWORDSIZE=4 -DLWORDSIZE=4 -DNONSTANDARD_SYSTEM_FUNC  -DWRF_USE_CLM -DUSE_NETCDF4_FEATURES -DWRFIO_NCD_LARGE_FILE_SUPPORT  -DDM_PARALLEL -DNETCDF -DLANDREAD_STUB=1 -DUSE_ALLOCATABLES -Dwrfmodel -DGRIB1 -DINTIO -DKEEP_INT_AROUND -DLIMIT_ARGS -DBUILD_RRTMG_FAST=0 -DBUILD_RRTMK=0 -DBUILD_SBM_FAST=1 -DSHOW_ALL_VARS_USED=0 -DCONFIG_BUF_LEN=65536 -DMAX_DOMAINS_F=21 -DMAX_HISTORY=25 -DNMM_NEST=0 -DWRF_CHEM -DBUILD_CHEM=1 -I. -traditional-cpp -DUSE_NETCDF4_FEATURES -DWRFIO_NCD_LARGE_FILE_SUPPORT   module_sf_noahmplsm.G  > module_sf_noahmplsm.bb
/glade/derecho/scratch/yates/NEOM_WRF/wrfv4.6.0/tools/standard.exe module_sf_noahmplsm.bb | /lib/cpp -P -nostdinc -traditional-cpp -DUSE_NETCDF4_FEATURES -DWRFIO_NCD_LARGE_FILE_SUPPORT > module_sf_noahmplsm.f90
rm -f module_sf_noahmplsm.G module_sf_noahmplsm.bb
time mpif90 -f90=ifort -o module_sf_noahmplsm.o -c -O3 -ip -fp-model precise -w -ftz -align all -fno-alias -FR -convert big_endian    -I../dyn_em  -I/glade/derecho/scratch/yates/NEOM_WRF/wrfv4.6.0/external/esmf_time_f90  -I/glade/derecho/scratch/yates/NEOM_WRF/wrfv4.6.0/main -I/glade/derecho/scratch/yates/NEOM_WRF/wrfv4.6.0/external/io_netcdf -I/glade/derecho/scratch/yates/NEOM_WRF/wrfv4.6.0/external/io_int -I/glade/derecho/scratch/yates/NEOM_WRF/wrfv4.6.0/frame -I/glade/derecho/scratch/yates/NEOM_WRF/wrfv4.6.0/share -I/glade/derecho/scratch/yates/NEOM_WRF/wrfv4.6.0/phys -I/glade/derecho/scratch/yates/NEOM_WRF/wrfv4.6.0/wrftladj -I/glade/derecho/scratch/yates/NEOM_WRF/wrfv4.6.0/chem -I/glade/derecho/scratch/yates/NEOM_WRF/wrfv4.6.0/inc -I/glade/u/apps/derecho/23.09/spack/opt/spack/netcdf/4.9.2/oneapi/2023.2.1/yzvj/include  -real-size `expr 8 \* 4` -i4  module_sf_noahmplsm.f90

real	0m2.272s
user	0m1.482s
sys	0m0.320s
rm -f module_sf_bep.o
sed -e "s/^\!.*'.*//" -e "s/^ *\!.*'.*//" module_sf_bep.F > module_sf_bep.G
/lib/cpp -P -nostdinc -I/glade/derecho/scratch/yates/NEOM_WRF/wrfv4.6.0/inc -DEM_CORE=1 -DNMM_CORE=0 -DNMM_MAX_DIM=2600 -DDA_CORE=0 -DWRFPLUS=0 -DIWORDSIZE=4 -DDWORDSIZE=8 -DRWORDSIZE=4 -DLWORDSIZE=4 -DNONSTANDARD_SYSTEM_FUNC  -DWRF_USE_CLM -DUSE_NETCDF4_FEATURES -DWRFIO_NCD_LARGE_FILE_SUPPORT  -DDM_PARALLEL -DNETCDF -DLANDREAD_STUB=1 -DUSE_ALLOCATABLES -Dwrfmodel -DGRIB1 -DINTIO -DKEEP_INT_AROUND -DLIMIT_ARGS -DBUILD_RRTMG_FAST=0 -DBUILD_RRTMK=0 -DBUILD_SBM_FAST=1 -DSHOW_ALL_VARS_USED=0 -DCONFIG_BUF_LEN=65536 -DMAX_DOMAINS_F=21 -DMAX_HISTORY=25 -DNMM_NEST=0 -DWRF_CHEM -DBUILD_CHEM=1 -I. -traditional-cpp -DUSE_NETCDF4_FEATURES -DWRFIO_NCD_LARGE_FILE_SUPPORT   module_sf_bep.G  > module_sf_bep.bb
/glade/derecho/scratch/yates/NEOM_WRF/wrfv4.6.0/tools/standard.exe module_sf_bep.bb | /lib/cpp -P -nostdinc -traditional-cpp -DUSE_NETCDF4_FEATURES -DWRFIO_NCD_LARGE_FILE_SUPPORT > module_sf_bep.f90
rm -f module_sf_bep.G module_sf_bep.bb
time mpif90 -f90=ifort -o module_sf_bep.o -c -O3 -ip -fp-model precise -w -ftz -align all -fno-alias -FR -convert big_endian    -I../dyn_em  -I/glade/derecho/scratch/yates/NEOM_WRF/wrfv4.6.0/external/esmf_time_f90  -I/glade/derecho/scratch/yates/NEOM_WRF/wrfv4.6.0/main -I/glade/derecho/scratch/yates/NEOM_WRF/wrfv4.6.0/external/io_netcdf -I/glade/derecho/scratch/yates/NEOM_WRF/wrfv4.6.0/external/io_int -I/glade/derecho/scratch/yates/NEOM_WRF/wrfv4.6.0/frame -I/glade/derecho/scratch/yates/NEOM_WRF/wrfv4.6.0/share -I/glade/derecho/scratch/yates/NEOM_WRF/wrfv4.6.0/phys -I/glade/derecho/scratch/yates/NEOM_WRF/wrfv4.6.0/wrftladj -I/glade/derecho/scratch/yates/NEOM_WRF/wrfv4.6.0/chem -I/glade/derecho/scratch/yates/NEOM_WRF/wrfv4.6.0/inc -I/glade/u/apps/derecho/23.09/spack/opt/spack/netcdf/4.9.2/oneapi/2023.2.1/yzvj/include  -real-size `expr 8 \* 4` -i4  module_sf_bep.f90

real	0m7.594s
user	0m7.232s
sys	0m0.334s
rm -f module_sf_bep_bem.o
sed -e "s/^\!.*'.*//" -e "s/^ *\!.*'.*//" module_sf_bep_bem.F > module_sf_bep_bem.G
/lib/cpp -P -nostdinc -I/glade/derecho/scratch/yates/NEOM_WRF/wrfv4.6.0/inc -DEM_CORE=1 -DNMM_CORE=0 -DNMM_MAX_DIM=2600 -DDA_CORE=0 -DWRFPLUS=0 -DIWORDSIZE=4 -DDWORDSIZE=8 -DRWORDSIZE=4 -DLWORDSIZE=4 -DNONSTANDARD_SYSTEM_FUNC  -DWRF_USE_CLM -DUSE_NETCDF4_FEATURES -DWRFIO_NCD_LARGE_FILE_SUPPORT  -DDM_PARALLEL -DNETCDF -DLANDREAD_STUB=1 -DUSE_ALLOCATABLES -Dwrfmodel -DGRIB1 -DINTIO -DKEEP_INT_AROUND -DLIMIT_ARGS -DBUILD_RRTMG_FAST=0 -DBUILD_RRTMK=0 -DBUILD_SBM_FAST=1 -DSHOW_ALL_VARS_USED=0 -DCONFIG_BUF_LEN=65536 -DMAX_DOMAINS_F=21 -DMAX_HISTORY=25 -DNMM_NEST=0 -DWRF_CHEM -DBUILD_CHEM=1 -I. -traditional-cpp -DUSE_NETCDF4_FEATURES -DWRFIO_NCD_LARGE_FILE_SUPPORT   module_sf_bep_bem.G  > module_sf_bep_bem.bb
/glade/derecho/scratch/yates/NEOM_WRF/wrfv4.6.0/tools/standard.exe module_sf_bep_bem.bb | /lib/cpp -P -nostdinc -traditional-cpp -DUSE_NETCDF4_FEATURES -DWRFIO_NCD_LARGE_FILE_SUPPORT > module_sf_bep_bem.f90
rm -f module_sf_bep_bem.G module_sf_bep_bem.bb
time mpif90 -f90=ifort -o module_sf_bep_bem.o -c -O3 -ip -fp-model precise -w -ftz -align all -fno-alias -FR -convert big_endian    -I../dyn_em  -I/glade/derecho/scratch/yates/NEOM_WRF/wrfv4.6.0/external/esmf_time_f90  -I/glade/derecho/scratch/yates/NEOM_WRF/wrfv4.6.0/main -I/glade/derecho/scratch/yates/NEOM_WRF/wrfv4.6.0/external/io_netcdf -I/glade/derecho/scratch/yates/NEOM_WRF/wrfv4.6.0/external/io_int -I/glade/derecho/scratch/yates/NEOM_WRF/wrfv4.6.0/frame -I/glade/derecho/scratch/yates/NEOM_WRF/wrfv4.6.0/share -I/glade/derecho/scratch/yates/NEOM_WRF/wrfv4.6.0/phys -I/glade/derecho/scratch/yates/NEOM_WRF/wrfv4.6.0/wrftladj -I/glade/derecho/scratch/yates/NEOM_WRF/wrfv4.6.0/chem -I/glade/derecho/scratch/yates/NEOM_WRF/wrfv4.6.0/inc -I/glade/u/apps/derecho/23.09/spack/opt/spack/netcdf/4.9.2/oneapi/2023.2.1/yzvj/include  -real-size `expr 8 \* 4` -i4  module_sf_bep_bem.f90

real	0m6.351s
user	0m5.902s
sys	0m0.413s
rm -f module_sf_clm.o
sed -e "s/^\!.*'.*//" -e "s/^ *\!.*'.*//" module_sf_clm.F > module_sf_clm.G
/lib/cpp -P -nostdinc -I/glade/derecho/scratch/yates/NEOM_WRF/wrfv4.6.0/inc -DEM_CORE=1 -DNMM_CORE=0 -DNMM_MAX_DIM=2600 -DDA_CORE=0 -DWRFPLUS=0 -DIWORDSIZE=4 -DDWORDSIZE=8 -DRWORDSIZE=4 -DLWORDSIZE=4 -DNONSTANDARD_SYSTEM_FUNC  -DWRF_USE_CLM -DUSE_NETCDF4_FEATURES -DWRFIO_NCD_LARGE_FILE_SUPPORT  -DDM_PARALLEL -DNETCDF -DLANDREAD_STUB=1 -DUSE_ALLOCATABLES -Dwrfmodel -DGRIB1 -DINTIO -DKEEP_INT_AROUND -DLIMIT_ARGS -DBUILD_RRTMG_FAST=0 -DBUILD_RRTMK=0 -DBUILD_SBM_FAST=1 -DSHOW_ALL_VARS_USED=0 -DCONFIG_BUF_LEN=65536 -DMAX_DOMAINS_F=21 -DMAX_HISTORY=25 -DNMM_NEST=0 -DWRF_CHEM -DBUILD_CHEM=1 -I. -traditional-cpp -DUSE_NETCDF4_FEATURES -DWRFIO_NCD_LARGE_FILE_SUPPORT   module_sf_clm.G  > module_sf_clm.bb
/glade/derecho/scratch/yates/NEOM_WRF/wrfv4.6.0/tools/standard.exe module_sf_clm.bb | /lib/cpp -P -nostdinc -traditional-cpp -DUSE_NETCDF4_FEATURES -DWRFIO_NCD_LARGE_FILE_SUPPORT > module_sf_clm.f90
rm -f module_sf_clm.G module_sf_clm.bb
time mpif90 -f90=ifort -o module_sf_clm.o -c -O3 -ip -fp-model precise -w -ftz -align all -fno-alias -FR -convert big_endian    -I../dyn_em  -I/glade/derecho/scratch/yates/NEOM_WRF/wrfv4.6.0/external/esmf_time_f90  -I/glade/derecho/scratch/yates/NEOM_WRF/wrfv4.6.0/main -I/glade/derecho/scratch/yates/NEOM_WRF/wrfv4.6.0/external/io_netcdf -I/glade/derecho/scratch/yates/NEOM_WRF/wrfv4.6.0/external/io_int -I/glade/derecho/scratch/yates/NEOM_WRF/wrfv4.6.0/frame -I/glade/derecho/scratch/yates/NEOM_WRF/wrfv4.6.0/share -I/glade/derecho/scratch/yates/NEOM_WRF/wrfv4.6.0/phys -I/glade/derecho/scratch/yates/NEOM_WRF/wrfv4.6.0/wrftladj -I/glade/derecho/scratch/yates/NEOM_WRF/wrfv4.6.0/chem -I/glade/derecho/scratch/yates/NEOM_WRF/wrfv4.6.0/inc -I/glade/u/apps/derecho/23.09/spack/opt/spack/netcdf/4.9.2/oneapi/2023.2.1/yzvj/include  -real-size `expr 8 \* 4` -i4  module_sf_clm.f90

real	0m39.830s
user	0m38.827s
sys	0m0.827s
rm -f module_sf_noah_seaice_drv.o
sed -e "s/^\!.*'.*//" -e "s/^ *\!.*'.*//" module_sf_noah_seaice_drv.F > module_sf_noah_seaice_drv.G
/lib/cpp -P -nostdinc -I/glade/derecho/scratch/yates/NEOM_WRF/wrfv4.6.0/inc -DEM_CORE=1 -DNMM_CORE=0 -DNMM_MAX_DIM=2600 -DDA_CORE=0 -DWRFPLUS=0 -DIWORDSIZE=4 -DDWORDSIZE=8 -DRWORDSIZE=4 -DLWORDSIZE=4 -DNONSTANDARD_SYSTEM_FUNC  -DWRF_USE_CLM -DUSE_NETCDF4_FEATURES -DWRFIO_NCD_LARGE_FILE_SUPPORT  -DDM_PARALLEL -DNETCDF -DLANDREAD_STUB=1 -DUSE_ALLOCATABLES -Dwrfmodel -DGRIB1 -DINTIO -DKEEP_INT_AROUND -DLIMIT_ARGS -DBUILD_RRTMG_FAST=0 -DBUILD_RRTMK=0 -DBUILD_SBM_FAST=1 -DSHOW_ALL_VARS_USED=0 -DCONFIG_BUF_LEN=65536 -DMAX_DOMAINS_F=21 -DMAX_HISTORY=25 -DNMM_NEST=0 -DWRF_CHEM -DBUILD_CHEM=1 -I. -traditional-cpp -DUSE_NETCDF4_FEATURES -DWRFIO_NCD_LARGE_FILE_SUPPORT   module_sf_noah_seaice_drv.G  > module_sf_noah_seaice_drv.bb
/glade/derecho/scratch/yates/NEOM_WRF/wrfv4.6.0/tools/standard.exe module_sf_noah_seaice_drv.bb | /lib/cpp -P -nostdinc -traditional-cpp -DUSE_NETCDF4_FEATURES -DWRFIO_NCD_LARGE_FILE_SUPPORT > module_sf_noah_seaice_drv.f90
rm -f module_sf_noah_seaice_drv.G module_sf_noah_seaice_drv.bb
time mpif90 -f90=ifort -o module_sf_noah_seaice_drv.o -c -O3 -ip -fp-model precise -w -ftz -align all -fno-alias -FR -convert big_endian    -I../dyn_em  -I/glade/derecho/scratch/yates/NEOM_WRF/wrfv4.6.0/external/esmf_time_f90  -I/glade/derecho/scratch/yates/NEOM_WRF/wrfv4.6.0/main -I/glade/derecho/scratch/yates/NEOM_WRF/wrfv4.6.0/external/io_netcdf -I/glade/derecho/scratch/yates/NEOM_WRF/wrfv4.6.0/external/io_int -I/glade/derecho/scratch/yates/NEOM_WRF/wrfv4.6.0/frame -I/glade/derecho/scratch/yates/NEOM_WRF/wrfv4.6.0/share -I/glade/derecho/scratch/yates/NEOM_WRF/wrfv4.6.0/phys -I/glade/derecho/scratch/yates/NEOM_WRF/wrfv4.6.0/wrftladj -I/glade/derecho/scratch/yates/NEOM_WRF/wrfv4.6.0/chem -I/glade/derecho/scratch/yates/NEOM_WRF/wrfv4.6.0/inc -I/glade/u/apps/derecho/23.09/spack/opt/spack/netcdf/4.9.2/oneapi/2023.2.1/yzvj/include  -real-size `expr 8 \* 4` -i4  module_sf_noah_seaice_drv.f90

real	0m0.624s
user	0m0.232s
sys	0m0.358s
rm -f module_sf_noahmp_groundwater.o
sed -e "s/^\!.*'.*//" -e "s/^ *\!.*'.*//" module_sf_noahmp_groundwater.F > module_sf_noahmp_groundwater.G
/lib/cpp -P -nostdinc -I/glade/derecho/scratch/yates/NEOM_WRF/wrfv4.6.0/inc -DEM_CORE=1 -DNMM_CORE=0 -DNMM_MAX_DIM=2600 -DDA_CORE=0 -DWRFPLUS=0 -DIWORDSIZE=4 -DDWORDSIZE=8 -DRWORDSIZE=4 -DLWORDSIZE=4 -DNONSTANDARD_SYSTEM_FUNC  -DWRF_USE_CLM -DUSE_NETCDF4_FEATURES -DWRFIO_NCD_LARGE_FILE_SUPPORT  -DDM_PARALLEL -DNETCDF -DLANDREAD_STUB=1 -DUSE_ALLOCATABLES -Dwrfmodel -DGRIB1 -DINTIO -DKEEP_INT_AROUND -DLIMIT_ARGS -DBUILD_RRTMG_FAST=0 -DBUILD_RRTMK=0 -DBUILD_SBM_FAST=1 -DSHOW_ALL_VARS_USED=0 -DCONFIG_BUF_LEN=65536 -DMAX_DOMAINS_F=21 -DMAX_HISTORY=25 -DNMM_NEST=0 -DWRF_CHEM -DBUILD_CHEM=1 -I. -traditional-cpp -DUSE_NETCDF4_FEATURES -DWRFIO_NCD_LARGE_FILE_SUPPORT   module_sf_noahmp_groundwater.G  > module_sf_noahmp_groundwater.bb
/glade/derecho/scratch/yates/NEOM_WRF/wrfv4.6.0/tools/standard.exe module_sf_noahmp_groundwater.bb | /lib/cpp -P -nostdinc -traditional-cpp -DUSE_NETCDF4_FEATURES -DWRFIO_NCD_LARGE_FILE_SUPPORT > module_sf_noahmp_groundwater.f90
rm -f module_sf_noahmp_groundwater.G module_sf_noahmp_groundwater.bb
time mpif90 -f90=ifort -o module_sf_noahmp_groundwater.o -c -O3 -ip -fp-model precise -w -ftz -align all -fno-alias -FR -convert big_endian    -I../dyn_em  -I/glade/derecho/scratch/yates/NEOM_WRF/wrfv4.6.0/external/esmf_time_f90  -I/glade/derecho/scratch/yates/NEOM_WRF/wrfv4.6.0/main -I/glade/derecho/scratch/yates/NEOM_WRF/wrfv4.6.0/external/io_netcdf -I/glade/derecho/scratch/yates/NEOM_WRF/wrfv4.6.0/external/io_int -I/glade/derecho/scratch/yates/NEOM_WRF/wrfv4.6.0/frame -I/glade/derecho/scratch/yates/NEOM_WRF/wrfv4.6.0/share -I/glade/derecho/scratch/yates/NEOM_WRF/wrfv4.6.0/phys -I/glade/derecho/scratch/yates/NEOM_WRF/wrfv4.6.0/wrftladj -I/glade/derecho/scratch/yates/NEOM_WRF/wrfv4.6.0/chem -I/glade/derecho/scratch/yates/NEOM_WRF/wrfv4.6.0/inc -I/glade/u/apps/derecho/23.09/spack/opt/spack/netcdf/4.9.2/oneapi/2023.2.1/yzvj/include  -real-size `expr 8 \* 4` -i4  module_sf_noahmp_groundwater.f90

real	0m1.263s
user	0m0.927s
sys	0m0.310s
rm -f module_sf_pxlsm.o
sed -e "s/^\!.*'.*//" -e "s/^ *\!.*'.*//" module_sf_pxlsm.F > module_sf_pxlsm.G
/lib/cpp -P -nostdinc -I/glade/derecho/scratch/yates/NEOM_WRF/wrfv4.6.0/inc -DEM_CORE=1 -DNMM_CORE=0 -DNMM_MAX_DIM=2600 -DDA_CORE=0 -DWRFPLUS=0 -DIWORDSIZE=4 -DDWORDSIZE=8 -DRWORDSIZE=4 -DLWORDSIZE=4 -DNONSTANDARD_SYSTEM_FUNC  -DWRF_USE_CLM -DUSE_NETCDF4_FEATURES -DWRFIO_NCD_LARGE_FILE_SUPPORT  -DDM_PARALLEL -DNETCDF -DLANDREAD_STUB=1 -DUSE_ALLOCATABLES -Dwrfmodel -DGRIB1 -DINTIO -DKEEP_INT_AROUND -DLIMIT_ARGS -DBUILD_RRTMG_FAST=0 -DBUILD_RRTMK=0 -DBUILD_SBM_FAST=1 -DSHOW_ALL_VARS_USED=0 -DCONFIG_BUF_LEN=65536 -DMAX_DOMAINS_F=21 -DMAX_HISTORY=25 -DNMM_NEST=0 -DWRF_CHEM -DBUILD_CHEM=1 -I. -traditional-cpp -DUSE_NETCDF4_FEATURES -DWRFIO_NCD_LARGE_FILE_SUPPORT   module_sf_pxlsm.G  > module_sf_pxlsm.bb
/glade/derecho/scratch/yates/NEOM_WRF/wrfv4.6.0/tools/standard.exe module_sf_pxlsm.bb | /lib/cpp -P -nostdinc -traditional-cpp -DUSE_NETCDF4_FEATURES -DWRFIO_NCD_LARGE_FILE_SUPPORT > module_sf_pxlsm.f90
rm -f module_sf_pxlsm.G module_sf_pxlsm.bb
time mpif90 -f90=ifort -o module_sf_pxlsm.o -c -O3 -ip -fp-model precise -w -ftz -align all -fno-alias -FR -convert big_endian    -I../dyn_em  -I/glade/derecho/scratch/yates/NEOM_WRF/wrfv4.6.0/external/esmf_time_f90  -I/glade/derecho/scratch/yates/NEOM_WRF/wrfv4.6.0/main -I/glade/derecho/scratch/yates/NEOM_WRF/wrfv4.6.0/external/io_netcdf -I/glade/derecho/scratch/yates/NEOM_WRF/wrfv4.6.0/external/io_int -I/glade/derecho/scratch/yates/NEOM_WRF/wrfv4.6.0/frame -I/glade/derecho/scratch/yates/NEOM_WRF/wrfv4.6.0/share -I/glade/derecho/scratch/yates/NEOM_WRF/wrfv4.6.0/phys -I/glade/derecho/scratch/yates/NEOM_WRF/wrfv4.6.0/wrftladj -I/glade/derecho/scratch/yates/NEOM_WRF/wrfv4.6.0/chem -I/glade/derecho/scratch/yates/NEOM_WRF/wrfv4.6.0/inc -I/glade/u/apps/derecho/23.09/spack/opt/spack/netcdf/4.9.2/oneapi/2023.2.1/yzvj/include  -real-size `expr 8 \* 4` -i4  module_sf_pxlsm.f90

real	0m1.756s
user	0m1.349s
sys	0m0.380s
rm -f module_sf_ocean_driver.o
sed -e "s/^\!.*'.*//" -e "s/^ *\!.*'.*//" module_sf_ocean_driver.F > module_sf_ocean_driver.G
/lib/cpp -P -nostdinc -I/glade/derecho/scratch/yates/NEOM_WRF/wrfv4.6.0/inc -DEM_CORE=1 -DNMM_CORE=0 -DNMM_MAX_DIM=2600 -DDA_CORE=0 -DWRFPLUS=0 -DIWORDSIZE=4 -DDWORDSIZE=8 -DRWORDSIZE=4 -DLWORDSIZE=4 -DNONSTANDARD_SYSTEM_FUNC  -DWRF_USE_CLM -DUSE_NETCDF4_FEATURES -DWRFIO_NCD_LARGE_FILE_SUPPORT  -DDM_PARALLEL -DNETCDF -DLANDREAD_STUB=1 -DUSE_ALLOCATABLES -Dwrfmodel -DGRIB1 -DINTIO -DKEEP_INT_AROUND -DLIMIT_ARGS -DBUILD_RRTMG_FAST=0 -DBUILD_RRTMK=0 -DBUILD_SBM_FAST=1 -DSHOW_ALL_VARS_USED=0 -DCONFIG_BUF_LEN=65536 -DMAX_DOMAINS_F=21 -DMAX_HISTORY=25 -DNMM_NEST=0 -DWRF_CHEM -DBUILD_CHEM=1 -I. -traditional-cpp -DUSE_NETCDF4_FEATURES -DWRFIO_NCD_LARGE_FILE_SUPPORT   module_sf_ocean_driver.G  > module_sf_ocean_driver.bb
/glade/derecho/scratch/yates/NEOM_WRF/wrfv4.6.0/tools/standard.exe module_sf_ocean_driver.bb | /lib/cpp -P -nostdinc -traditional-cpp -DUSE_NETCDF4_FEATURES -DWRFIO_NCD_LARGE_FILE_SUPPORT > module_sf_ocean_driver.f90
rm -f module_sf_ocean_driver.G module_sf_ocean_driver.bb
time mpif90 -f90=ifort -o module_sf_ocean_driver.o -c -O3 -ip -fp-model precise -w -ftz -align all -fno-alias -FR -convert big_endian    -I../dyn_em  -I/glade/derecho/scratch/yates/NEOM_WRF/wrfv4.6.0/external/esmf_time_f90  -I/glade/derecho/scratch/yates/NEOM_WRF/wrfv4.6.0/main -I/glade/derecho/scratch/yates/NEOM_WRF/wrfv4.6.0/external/io_netcdf -I/glade/derecho/scratch/yates/NEOM_WRF/wrfv4.6.0/external/io_int -I/glade/derecho/scratch/yates/NEOM_WRF/wrfv4.6.0/frame -I/glade/derecho/scratch/yates/NEOM_WRF/wrfv4.6.0/share -I/glade/derecho/scratch/yates/NEOM_WRF/wrfv4.6.0/phys -I/glade/derecho/scratch/yates/NEOM_WRF/wrfv4.6.0/wrftladj -I/glade/derecho/scratch/yates/NEOM_WRF/wrfv4.6.0/chem -I/glade/derecho/scratch/yates/NEOM_WRF/wrfv4.6.0/inc -I/glade/u/apps/derecho/23.09/spack/opt/spack/netcdf/4.9.2/oneapi/2023.2.1/yzvj/include  -real-size `expr 8 \* 4` -i4  module_sf_ocean_driver.f90

real	0m0.475s
user	0m0.171s
sys	0m0.279s
rm -f module_sf_mynn.o
sed -e "s/^\!.*'.*//" -e "s/^ *\!.*'.*//" module_sf_mynn.F > module_sf_mynn.G
/lib/cpp -P -nostdinc -I/glade/derecho/scratch/yates/NEOM_WRF/wrfv4.6.0/inc -DEM_CORE=1 -DNMM_CORE=0 -DNMM_MAX_DIM=2600 -DDA_CORE=0 -DWRFPLUS=0 -DIWORDSIZE=4 -DDWORDSIZE=8 -DRWORDSIZE=4 -DLWORDSIZE=4 -DNONSTANDARD_SYSTEM_FUNC  -DWRF_USE_CLM -DUSE_NETCDF4_FEATURES -DWRFIO_NCD_LARGE_FILE_SUPPORT  -DDM_PARALLEL -DNETCDF -DLANDREAD_STUB=1 -DUSE_ALLOCATABLES -Dwrfmodel -DGRIB1 -DINTIO -DKEEP_INT_AROUND -DLIMIT_ARGS -DBUILD_RRTMG_FAST=0 -DBUILD_RRTMK=0 -DBUILD_SBM_FAST=1 -DSHOW_ALL_VARS_USED=0 -DCONFIG_BUF_LEN=65536 -DMAX_DOMAINS_F=21 -DMAX_HISTORY=25 -DNMM_NEST=0 -DWRF_CHEM -DBUILD_CHEM=1 -I. -traditional-cpp -DUSE_NETCDF4_FEATURES -DWRFIO_NCD_LARGE_FILE_SUPPORT   module_sf_mynn.G  > module_sf_mynn.bb
/glade/derecho/scratch/yates/NEOM_WRF/wrfv4.6.0/tools/standard.exe module_sf_mynn.bb | /lib/cpp -P -nostdinc -traditional-cpp -DUSE_NETCDF4_FEATURES -DWRFIO_NCD_LARGE_FILE_SUPPORT > module_sf_mynn.f90
rm -f module_sf_mynn.G module_sf_mynn.bb
time mpif90 -f90=ifort -o module_sf_mynn.o -c -O3 -ip -fp-model precise -w -ftz -align all -fno-alias -FR -convert big_endian    -I../dyn_em  -I/glade/derecho/scratch/yates/NEOM_WRF/wrfv4.6.0/external/esmf_time_f90  -I/glade/derecho/scratch/yates/NEOM_WRF/wrfv4.6.0/main -I/glade/derecho/scratch/yates/NEOM_WRF/wrfv4.6.0/external/io_netcdf -I/glade/derecho/scratch/yates/NEOM_WRF/wrfv4.6.0/external/io_int -I/glade/derecho/scratch/yates/NEOM_WRF/wrfv4.6.0/frame -I/glade/derecho/scratch/yates/NEOM_WRF/wrfv4.6.0/share -I/glade/derecho/scratch/yates/NEOM_WRF/wrfv4.6.0/phys -I/glade/derecho/scratch/yates/NEOM_WRF/wrfv4.6.0/wrftladj -I/glade/derecho/scratch/yates/NEOM_WRF/wrfv4.6.0/chem -I/glade/derecho/scratch/yates/NEOM_WRF/wrfv4.6.0/inc -I/glade/u/apps/derecho/23.09/spack/opt/spack/netcdf/4.9.2/oneapi/2023.2.1/yzvj/include  -real-size `expr 8 \* 4` -i4  module_sf_mynn.f90

real	0m1.675s
user	0m1.284s
sys	0m0.365s
rm -f module_lightning_driver.o
sed -e "s/^\!.*'.*//" -e "s/^ *\!.*'.*//" module_lightning_driver.F > module_lightning_driver.G
/lib/cpp -P -nostdinc -I/glade/derecho/scratch/yates/NEOM_WRF/wrfv4.6.0/inc -DEM_CORE=1 -DNMM_CORE=0 -DNMM_MAX_DIM=2600 -DDA_CORE=0 -DWRFPLUS=0 -DIWORDSIZE=4 -DDWORDSIZE=8 -DRWORDSIZE=4 -DLWORDSIZE=4 -DNONSTANDARD_SYSTEM_FUNC  -DWRF_USE_CLM -DUSE_NETCDF4_FEATURES -DWRFIO_NCD_LARGE_FILE_SUPPORT  -DDM_PARALLEL -DNETCDF -DLANDREAD_STUB=1 -DUSE_ALLOCATABLES -Dwrfmodel -DGRIB1 -DINTIO -DKEEP_INT_AROUND -DLIMIT_ARGS -DBUILD_RRTMG_FAST=0 -DBUILD_RRTMK=0 -DBUILD_SBM_FAST=1 -DSHOW_ALL_VARS_USED=0 -DCONFIG_BUF_LEN=65536 -DMAX_DOMAINS_F=21 -DMAX_HISTORY=25 -DNMM_NEST=0 -DWRF_CHEM -DBUILD_CHEM=1 -I. -traditional-cpp -DUSE_NETCDF4_FEATURES -DWRFIO_NCD_LARGE_FILE_SUPPORT   module_lightning_driver.G  > module_lightning_driver.bb
/glade/derecho/scratch/yates/NEOM_WRF/wrfv4.6.0/tools/standard.exe module_lightning_driver.bb | /lib/cpp -P -nostdinc -traditional-cpp -DUSE_NETCDF4_FEATURES -DWRFIO_NCD_LARGE_FILE_SUPPORT > module_lightning_driver.f90
rm -f module_lightning_driver.G module_lightning_driver.bb
time mpif90 -f90=ifort -o module_lightning_driver.o -c -O3 -ip -fp-model precise -w -ftz -align all -fno-alias -FR -convert big_endian    -I../dyn_em  -I/glade/derecho/scratch/yates/NEOM_WRF/wrfv4.6.0/external/esmf_time_f90  -I/glade/derecho/scratch/yates/NEOM_WRF/wrfv4.6.0/main -I/glade/derecho/scratch/yates/NEOM_WRF/wrfv4.6.0/external/io_netcdf -I/glade/derecho/scratch/yates/NEOM_WRF/wrfv4.6.0/external/io_int -I/glade/derecho/scratch/yates/NEOM_WRF/wrfv4.6.0/frame -I/glade/derecho/scratch/yates/NEOM_WRF/wrfv4.6.0/share -I/glade/derecho/scratch/yates/NEOM_WRF/wrfv4.6.0/phys -I/glade/derecho/scratch/yates/NEOM_WRF/wrfv4.6.0/wrftladj -I/glade/derecho/scratch/yates/NEOM_WRF/wrfv4.6.0/chem -I/glade/derecho/scratch/yates/NEOM_WRF/wrfv4.6.0/inc -I/glade/u/apps/derecho/23.09/spack/opt/spack/netcdf/4.9.2/oneapi/2023.2.1/yzvj/include  -real-size `expr 8 \* 4` -i4  module_lightning_driver.f90

real	0m0.785s
user	0m0.360s
sys	0m0.395s
rm -f module_diag_nwp.o
sed -e "s/^\!.*'.*//" -e "s/^ *\!.*'.*//" module_diag_nwp.F > module_diag_nwp.G
/lib/cpp -P -nostdinc -I/glade/derecho/scratch/yates/NEOM_WRF/wrfv4.6.0/inc -DEM_CORE=1 -DNMM_CORE=0 -DNMM_MAX_DIM=2600 -DDA_CORE=0 -DWRFPLUS=0 -DIWORDSIZE=4 -DDWORDSIZE=8 -DRWORDSIZE=4 -DLWORDSIZE=4 -DNONSTANDARD_SYSTEM_FUNC  -DWRF_USE_CLM -DUSE_NETCDF4_FEATURES -DWRFIO_NCD_LARGE_FILE_SUPPORT  -DDM_PARALLEL -DNETCDF -DLANDREAD_STUB=1 -DUSE_ALLOCATABLES -Dwrfmodel -DGRIB1 -DINTIO -DKEEP_INT_AROUND -DLIMIT_ARGS -DBUILD_RRTMG_FAST=0 -DBUILD_RRTMK=0 -DBUILD_SBM_FAST=1 -DSHOW_ALL_VARS_USED=0 -DCONFIG_BUF_LEN=65536 -DMAX_DOMAINS_F=21 -DMAX_HISTORY=25 -DNMM_NEST=0 -DWRF_CHEM -DBUILD_CHEM=1 -I. -traditional-cpp -DUSE_NETCDF4_FEATURES -DWRFIO_NCD_LARGE_FILE_SUPPORT   module_diag_nwp.G  > module_diag_nwp.bb
/glade/derecho/scratch/yates/NEOM_WRF/wrfv4.6.0/tools/standard.exe module_diag_nwp.bb | /lib/cpp -P -nostdinc -traditional-cpp -DUSE_NETCDF4_FEATURES -DWRFIO_NCD_LARGE_FILE_SUPPORT > module_diag_nwp.f90
rm -f module_diag_nwp.G module_diag_nwp.bb
time mpif90 -f90=ifort -o module_diag_nwp.o -c -O3 -ip -fp-model precise -w -ftz -align all -fno-alias -FR -convert big_endian    -I../dyn_em  -I/glade/derecho/scratch/yates/NEOM_WRF/wrfv4.6.0/external/esmf_time_f90  -I/glade/derecho/scratch/yates/NEOM_WRF/wrfv4.6.0/main -I/glade/derecho/scratch/yates/NEOM_WRF/wrfv4.6.0/external/io_netcdf -I/glade/derecho/scratch/yates/NEOM_WRF/wrfv4.6.0/external/io_int -I/glade/derecho/scratch/yates/NEOM_WRF/wrfv4.6.0/frame -I/glade/derecho/scratch/yates/NEOM_WRF/wrfv4.6.0/share -I/glade/derecho/scratch/yates/NEOM_WRF/wrfv4.6.0/phys -I/glade/derecho/scratch/yates/NEOM_WRF/wrfv4.6.0/wrftladj -I/glade/derecho/scratch/yates/NEOM_WRF/wrfv4.6.0/chem -I/glade/derecho/scratch/yates/NEOM_WRF/wrfv4.6.0/inc -I/glade/u/apps/derecho/23.09/spack/opt/spack/netcdf/4.9.2/oneapi/2023.2.1/yzvj/include  -real-size `expr 8 \* 4` -i4  module_diag_nwp.f90

real	0m2.096s
user	0m1.672s
sys	0m0.397s
rm -f module_diag_trad_fields.o
sed -e "s/^\!.*'.*//" -e "s/^ *\!.*'.*//" module_diag_trad_fields.F > module_diag_trad_fields.G
/lib/cpp -P -nostdinc -I/glade/derecho/scratch/yates/NEOM_WRF/wrfv4.6.0/inc -DEM_CORE=1 -DNMM_CORE=0 -DNMM_MAX_DIM=2600 -DDA_CORE=0 -DWRFPLUS=0 -DIWORDSIZE=4 -DDWORDSIZE=8 -DRWORDSIZE=4 -DLWORDSIZE=4 -DNONSTANDARD_SYSTEM_FUNC  -DWRF_USE_CLM -DUSE_NETCDF4_FEATURES -DWRFIO_NCD_LARGE_FILE_SUPPORT  -DDM_PARALLEL -DNETCDF -DLANDREAD_STUB=1 -DUSE_ALLOCATABLES -Dwrfmodel -DGRIB1 -DINTIO -DKEEP_INT_AROUND -DLIMIT_ARGS -DBUILD_RRTMG_FAST=0 -DBUILD_RRTMK=0 -DBUILD_SBM_FAST=1 -DSHOW_ALL_VARS_USED=0 -DCONFIG_BUF_LEN=65536 -DMAX_DOMAINS_F=21 -DMAX_HISTORY=25 -DNMM_NEST=0 -DWRF_CHEM -DBUILD_CHEM=1 -I. -traditional-cpp -DUSE_NETCDF4_FEATURES -DWRFIO_NCD_LARGE_FILE_SUPPORT   module_diag_trad_fields.G  > module_diag_trad_fields.bb
/glade/derecho/scratch/yates/NEOM_WRF/wrfv4.6.0/tools/standard.exe module_diag_trad_fields.bb | /lib/cpp -P -nostdinc -traditional-cpp -DUSE_NETCDF4_FEATURES -DWRFIO_NCD_LARGE_FILE_SUPPORT > module_diag_trad_fields.f90
rm -f module_diag_trad_fields.G module_diag_trad_fields.bb
time mpif90 -f90=ifort -o module_diag_trad_fields.o -c -O3 -ip -fp-model precise -w -ftz -align all -fno-alias -FR -convert big_endian    -I../dyn_em  -I/glade/derecho/scratch/yates/NEOM_WRF/wrfv4.6.0/external/esmf_time_f90  -I/glade/derecho/scratch/yates/NEOM_WRF/wrfv4.6.0/main -I/glade/derecho/scratch/yates/NEOM_WRF/wrfv4.6.0/external/io_netcdf -I/glade/derecho/scratch/yates/NEOM_WRF/wrfv4.6.0/external/io_int -I/glade/derecho/scratch/yates/NEOM_WRF/wrfv4.6.0/frame -I/glade/derecho/scratch/yates/NEOM_WRF/wrfv4.6.0/share -I/glade/derecho/scratch/yates/NEOM_WRF/wrfv4.6.0/phys -I/glade/derecho/scratch/yates/NEOM_WRF/wrfv4.6.0/wrftladj -I/glade/derecho/scratch/yates/NEOM_WRF/wrfv4.6.0/chem -I/glade/derecho/scratch/yates/NEOM_WRF/wrfv4.6.0/inc -I/glade/u/apps/derecho/23.09/spack/opt/spack/netcdf/4.9.2/oneapi/2023.2.1/yzvj/include  -real-size `expr 8 \* 4` -i4  module_diag_trad_fields.f90

real	0m0.616s
user	0m0.279s
sys	0m0.312s
rm -f module_diag_rasm.o
sed -e "s/^\!.*'.*//" -e "s/^ *\!.*'.*//" module_diag_rasm.F > module_diag_rasm.G
/lib/cpp -P -nostdinc -I/glade/derecho/scratch/yates/NEOM_WRF/wrfv4.6.0/inc -DEM_CORE=1 -DNMM_CORE=0 -DNMM_MAX_DIM=2600 -DDA_CORE=0 -DWRFPLUS=0 -DIWORDSIZE=4 -DDWORDSIZE=8 -DRWORDSIZE=4 -DLWORDSIZE=4 -DNONSTANDARD_SYSTEM_FUNC  -DWRF_USE_CLM -DUSE_NETCDF4_FEATURES -DWRFIO_NCD_LARGE_FILE_SUPPORT  -DDM_PARALLEL -DNETCDF -DLANDREAD_STUB=1 -DUSE_ALLOCATABLES -Dwrfmodel -DGRIB1 -DINTIO -DKEEP_INT_AROUND -DLIMIT_ARGS -DBUILD_RRTMG_FAST=0 -DBUILD_RRTMK=0 -DBUILD_SBM_FAST=1 -DSHOW_ALL_VARS_USED=0 -DCONFIG_BUF_LEN=65536 -DMAX_DOMAINS_F=21 -DMAX_HISTORY=25 -DNMM_NEST=0 -DWRF_CHEM -DBUILD_CHEM=1 -I. -traditional-cpp -DUSE_NETCDF4_FEATURES -DWRFIO_NCD_LARGE_FILE_SUPPORT   module_diag_rasm.G  > module_diag_rasm.bb
/glade/derecho/scratch/yates/NEOM_WRF/wrfv4.6.0/tools/standard.exe module_diag_rasm.bb | /lib/cpp -P -nostdinc -traditional-cpp -DUSE_NETCDF4_FEATURES -DWRFIO_NCD_LARGE_FILE_SUPPORT > module_diag_rasm.f90
rm -f module_diag_rasm.G module_diag_rasm.bb
time mpif90 -f90=ifort -o module_diag_rasm.o -c -O3 -ip -fp-model precise -w -ftz -align all -fno-alias -FR -convert big_endian    -I../dyn_em  -I/glade/derecho/scratch/yates/NEOM_WRF/wrfv4.6.0/external/esmf_time_f90  -I/glade/derecho/scratch/yates/NEOM_WRF/wrfv4.6.0/main -I/glade/derecho/scratch/yates/NEOM_WRF/wrfv4.6.0/external/io_netcdf -I/glade/derecho/scratch/yates/NEOM_WRF/wrfv4.6.0/external/io_int -I/glade/derecho/scratch/yates/NEOM_WRF/wrfv4.6.0/frame -I/glade/derecho/scratch/yates/NEOM_WRF/wrfv4.6.0/share -I/glade/derecho/scratch/yates/NEOM_WRF/wrfv4.6.0/phys -I/glade/derecho/scratch/yates/NEOM_WRF/wrfv4.6.0/wrftladj -I/glade/derecho/scratch/yates/NEOM_WRF/wrfv4.6.0/chem -I/glade/derecho/scratch/yates/NEOM_WRF/wrfv4.6.0/inc -I/glade/u/apps/derecho/23.09/spack/opt/spack/netcdf/4.9.2/oneapi/2023.2.1/yzvj/include  -real-size `expr 8 \* 4` -i4  module_diag_rasm.f90

real	0m4.354s
user	0m3.866s
sys	0m0.433s
rm -f module_fr_fire_phys.o
sed -e "s/^\!.*'.*//" -e "s/^ *\!.*'.*//" module_fr_fire_phys.F > module_fr_fire_phys.G
/lib/cpp -P -nostdinc -I/glade/derecho/scratch/yates/NEOM_WRF/wrfv4.6.0/inc -DEM_CORE=1 -DNMM_CORE=0 -DNMM_MAX_DIM=2600 -DDA_CORE=0 -DWRFPLUS=0 -DIWORDSIZE=4 -DDWORDSIZE=8 -DRWORDSIZE=4 -DLWORDSIZE=4 -DNONSTANDARD_SYSTEM_FUNC  -DWRF_USE_CLM -DUSE_NETCDF4_FEATURES -DWRFIO_NCD_LARGE_FILE_SUPPORT  -DDM_PARALLEL -DNETCDF -DLANDREAD_STUB=1 -DUSE_ALLOCATABLES -Dwrfmodel -DGRIB1 -DINTIO -DKEEP_INT_AROUND -DLIMIT_ARGS -DBUILD_RRTMG_FAST=0 -DBUILD_RRTMK=0 -DBUILD_SBM_FAST=1 -DSHOW_ALL_VARS_USED=0 -DCONFIG_BUF_LEN=65536 -DMAX_DOMAINS_F=21 -DMAX_HISTORY=25 -DNMM_NEST=0 -DWRF_CHEM -DBUILD_CHEM=1 -I. -traditional-cpp -DUSE_NETCDF4_FEATURES -DWRFIO_NCD_LARGE_FILE_SUPPORT   module_fr_fire_phys.G  > module_fr_fire_phys.bb
/glade/derecho/scratch/yates/NEOM_WRF/wrfv4.6.0/tools/standard.exe module_fr_fire_phys.bb | /lib/cpp -P -nostdinc -traditional-cpp -DUSE_NETCDF4_FEATURES -DWRFIO_NCD_LARGE_FILE_SUPPORT > module_fr_fire_phys.f90
rm -f module_fr_fire_phys.G module_fr_fire_phys.bb
time mpif90 -f90=ifort -o module_fr_fire_phys.o -c -O3 -ip -fp-model precise -w -ftz -align all -fno-alias -FR -convert big_endian    -I../dyn_em  -I/glade/derecho/scratch/yates/NEOM_WRF/wrfv4.6.0/external/esmf_time_f90  -I/glade/derecho/scratch/yates/NEOM_WRF/wrfv4.6.0/main -I/glade/derecho/scratch/yates/NEOM_WRF/wrfv4.6.0/external/io_netcdf -I/glade/derecho/scratch/yates/NEOM_WRF/wrfv4.6.0/external/io_int -I/glade/derecho/scratch/yates/NEOM_WRF/wrfv4.6.0/frame -I/glade/derecho/scratch/yates/NEOM_WRF/wrfv4.6.0/share -I/glade/derecho/scratch/yates/NEOM_WRF/wrfv4.6.0/phys -I/glade/derecho/scratch/yates/NEOM_WRF/wrfv4.6.0/wrftladj -I/glade/derecho/scratch/yates/NEOM_WRF/wrfv4.6.0/chem -I/glade/derecho/scratch/yates/NEOM_WRF/wrfv4.6.0/inc -I/glade/u/apps/derecho/23.09/spack/opt/spack/netcdf/4.9.2/oneapi/2023.2.1/yzvj/include  -real-size `expr 8 \* 4` -i4  module_fr_fire_phys.f90

real	0m1.745s
user	0m1.353s
sys	0m0.366s
rm -f module_fr_fire_atm.o
sed -e "s/^\!.*'.*//" -e "s/^ *\!.*'.*//" module_fr_fire_atm.F > module_fr_fire_atm.G
/lib/cpp -P -nostdinc -I/glade/derecho/scratch/yates/NEOM_WRF/wrfv4.6.0/inc -DEM_CORE=1 -DNMM_CORE=0 -DNMM_MAX_DIM=2600 -DDA_CORE=0 -DWRFPLUS=0 -DIWORDSIZE=4 -DDWORDSIZE=8 -DRWORDSIZE=4 -DLWORDSIZE=4 -DNONSTANDARD_SYSTEM_FUNC  -DWRF_USE_CLM -DUSE_NETCDF4_FEATURES -DWRFIO_NCD_LARGE_FILE_SUPPORT  -DDM_PARALLEL -DNETCDF -DLANDREAD_STUB=1 -DUSE_ALLOCATABLES -Dwrfmodel -DGRIB1 -DINTIO -DKEEP_INT_AROUND -DLIMIT_ARGS -DBUILD_RRTMG_FAST=0 -DBUILD_RRTMK=0 -DBUILD_SBM_FAST=1 -DSHOW_ALL_VARS_USED=0 -DCONFIG_BUF_LEN=65536 -DMAX_DOMAINS_F=21 -DMAX_HISTORY=25 -DNMM_NEST=0 -DWRF_CHEM -DBUILD_CHEM=1 -I. -traditional-cpp -DUSE_NETCDF4_FEATURES -DWRFIO_NCD_LARGE_FILE_SUPPORT   module_fr_fire_atm.G  > module_fr_fire_atm.bb
/glade/derecho/scratch/yates/NEOM_WRF/wrfv4.6.0/tools/standard.exe module_fr_fire_atm.bb | /lib/cpp -P -nostdinc -traditional-cpp -DUSE_NETCDF4_FEATURES -DWRFIO_NCD_LARGE_FILE_SUPPORT > module_fr_fire_atm.f90
rm -f module_fr_fire_atm.G module_fr_fire_atm.bb
time mpif90 -f90=ifort -o module_fr_fire_atm.o -c -O3 -ip -fp-model precise -w -ftz -align all -fno-alias -FR -convert big_endian    -I../dyn_em  -I/glade/derecho/scratch/yates/NEOM_WRF/wrfv4.6.0/external/esmf_time_f90  -I/glade/derecho/scratch/yates/NEOM_WRF/wrfv4.6.0/main -I/glade/derecho/scratch/yates/NEOM_WRF/wrfv4.6.0/external/io_netcdf -I/glade/derecho/scratch/yates/NEOM_WRF/wrfv4.6.0/external/io_int -I/glade/derecho/scratch/yates/NEOM_WRF/wrfv4.6.0/frame -I/glade/derecho/scratch/yates/NEOM_WRF/wrfv4.6.0/share -I/glade/derecho/scratch/yates/NEOM_WRF/wrfv4.6.0/phys -I/glade/derecho/scratch/yates/NEOM_WRF/wrfv4.6.0/wrftladj -I/glade/derecho/scratch/yates/NEOM_WRF/wrfv4.6.0/chem -I/glade/derecho/scratch/yates/NEOM_WRF/wrfv4.6.0/inc -I/glade/u/apps/derecho/23.09/spack/opt/spack/netcdf/4.9.2/oneapi/2023.2.1/yzvj/include  -real-size `expr 8 \* 4` -i4  module_fr_fire_atm.f90

real	0m1.181s
user	0m0.823s
sys	0m0.327s
rm -f module_firebrand_spotting.o
sed -e "s/^\!.*'.*//" -e "s/^ *\!.*'.*//" module_firebrand_spotting.F > module_firebrand_spotting.G
/lib/cpp -P -nostdinc -I/glade/derecho/scratch/yates/NEOM_WRF/wrfv4.6.0/inc -DEM_CORE=1 -DNMM_CORE=0 -DNMM_MAX_DIM=2600 -DDA_CORE=0 -DWRFPLUS=0 -DIWORDSIZE=4 -DDWORDSIZE=8 -DRWORDSIZE=4 -DLWORDSIZE=4 -DNONSTANDARD_SYSTEM_FUNC  -DWRF_USE_CLM -DUSE_NETCDF4_FEATURES -DWRFIO_NCD_LARGE_FILE_SUPPORT  -DDM_PARALLEL -DNETCDF -DLANDREAD_STUB=1 -DUSE_ALLOCATABLES -Dwrfmodel -DGRIB1 -DINTIO -DKEEP_INT_AROUND -DLIMIT_ARGS -DBUILD_RRTMG_FAST=0 -DBUILD_RRTMK=0 -DBUILD_SBM_FAST=1 -DSHOW_ALL_VARS_USED=0 -DCONFIG_BUF_LEN=65536 -DMAX_DOMAINS_F=21 -DMAX_HISTORY=25 -DNMM_NEST=0 -DWRF_CHEM -DBUILD_CHEM=1 -I. -traditional-cpp -DUSE_NETCDF4_FEATURES -DWRFIO_NCD_LARGE_FILE_SUPPORT   module_firebrand_spotting.G  > module_firebrand_spotting.bb
/glade/derecho/scratch/yates/NEOM_WRF/wrfv4.6.0/tools/standard.exe module_firebrand_spotting.bb | /lib/cpp -P -nostdinc -traditional-cpp -DUSE_NETCDF4_FEATURES -DWRFIO_NCD_LARGE_FILE_SUPPORT > module_firebrand_spotting.f90
rm -f module_firebrand_spotting.G module_firebrand_spotting.bb
time mpif90 -f90=ifort -o module_firebrand_spotting.o -c -O3 -ip -fp-model precise -w -ftz -align all -fno-alias -FR -convert big_endian    -I../dyn_em  -I/glade/derecho/scratch/yates/NEOM_WRF/wrfv4.6.0/external/esmf_time_f90  -I/glade/derecho/scratch/yates/NEOM_WRF/wrfv4.6.0/main -I/glade/derecho/scratch/yates/NEOM_WRF/wrfv4.6.0/external/io_netcdf -I/glade/derecho/scratch/yates/NEOM_WRF/wrfv4.6.0/external/io_int -I/glade/derecho/scratch/yates/NEOM_WRF/wrfv4.6.0/frame -I/glade/derecho/scratch/yates/NEOM_WRF/wrfv4.6.0/share -I/glade/derecho/scratch/yates/NEOM_WRF/wrfv4.6.0/phys -I/glade/derecho/scratch/yates/NEOM_WRF/wrfv4.6.0/wrftladj -I/glade/derecho/scratch/yates/NEOM_WRF/wrfv4.6.0/chem -I/glade/derecho/scratch/yates/NEOM_WRF/wrfv4.6.0/inc -I/glade/u/apps/derecho/23.09/spack/opt/spack/netcdf/4.9.2/oneapi/2023.2.1/yzvj/include  -real-size `expr 8 \* 4` -i4  module_firebrand_spotting.f90

real	0m20.855s
user	0m19.487s
sys	0m0.682s
rm -f module_cam_physconst.o
sed -e "s/^\!.*'.*//" -e "s/^ *\!.*'.*//" module_cam_physconst.F > module_cam_physconst.G
/lib/cpp -P -nostdinc -I/glade/derecho/scratch/yates/NEOM_WRF/wrfv4.6.0/inc -DEM_CORE=1 -DNMM_CORE=0 -DNMM_MAX_DIM=2600 -DDA_CORE=0 -DWRFPLUS=0 -DIWORDSIZE=4 -DDWORDSIZE=8 -DRWORDSIZE=4 -DLWORDSIZE=4 -DNONSTANDARD_SYSTEM_FUNC  -DWRF_USE_CLM -DUSE_NETCDF4_FEATURES -DWRFIO_NCD_LARGE_FILE_SUPPORT  -DDM_PARALLEL -DNETCDF -DLANDREAD_STUB=1 -DUSE_ALLOCATABLES -Dwrfmodel -DGRIB1 -DINTIO -DKEEP_INT_AROUND -DLIMIT_ARGS -DBUILD_RRTMG_FAST=0 -DBUILD_RRTMK=0 -DBUILD_SBM_FAST=1 -DSHOW_ALL_VARS_USED=0 -DCONFIG_BUF_LEN=65536 -DMAX_DOMAINS_F=21 -DMAX_HISTORY=25 -DNMM_NEST=0 -DWRF_CHEM -DBUILD_CHEM=1 -I. -traditional-cpp -DUSE_NETCDF4_FEATURES -DWRFIO_NCD_LARGE_FILE_SUPPORT   module_cam_physconst.G  > module_cam_physconst.bb
/glade/derecho/scratch/yates/NEOM_WRF/wrfv4.6.0/tools/standard.exe module_cam_physconst.bb | /lib/cpp -P -nostdinc -traditional-cpp -DUSE_NETCDF4_FEATURES -DWRFIO_NCD_LARGE_FILE_SUPPORT > module_cam_physconst.f90
rm -f module_cam_physconst.G module_cam_physconst.bb
time mpif90 -f90=ifort -o module_cam_physconst.o -c -O3 -ip -fp-model precise -w -ftz -align all -fno-alias -FR -convert big_endian    -I../dyn_em  -I/glade/derecho/scratch/yates/NEOM_WRF/wrfv4.6.0/external/esmf_time_f90  -I/glade/derecho/scratch/yates/NEOM_WRF/wrfv4.6.0/main -I/glade/derecho/scratch/yates/NEOM_WRF/wrfv4.6.0/external/io_netcdf -I/glade/derecho/scratch/yates/NEOM_WRF/wrfv4.6.0/external/io_int -I/glade/derecho/scratch/yates/NEOM_WRF/wrfv4.6.0/frame -I/glade/derecho/scratch/yates/NEOM_WRF/wrfv4.6.0/share -I/glade/derecho/scratch/yates/NEOM_WRF/wrfv4.6.0/phys -I/glade/derecho/scratch/yates/NEOM_WRF/wrfv4.6.0/wrftladj -I/glade/derecho/scratch/yates/NEOM_WRF/wrfv4.6.0/chem -I/glade/derecho/scratch/yates/NEOM_WRF/wrfv4.6.0/inc -I/glade/u/apps/derecho/23.09/spack/opt/spack/netcdf/4.9.2/oneapi/2023.2.1/yzvj/include  -real-size `expr 8 \* 4` -i4  module_cam_physconst.f90

real	0m0.422s
user	0m0.079s
sys	0m0.317s
rm -f module_cam_bl_eddy_diff.o
sed -e "s/^\!.*'.*//" -e "s/^ *\!.*'.*//" module_cam_bl_eddy_diff.F > module_cam_bl_eddy_diff.G
/lib/cpp -P -nostdinc -I/glade/derecho/scratch/yates/NEOM_WRF/wrfv4.6.0/inc -DEM_CORE=1 -DNMM_CORE=0 -DNMM_MAX_DIM=2600 -DDA_CORE=0 -DWRFPLUS=0 -DIWORDSIZE=4 -DDWORDSIZE=8 -DRWORDSIZE=4 -DLWORDSIZE=4 -DNONSTANDARD_SYSTEM_FUNC  -DWRF_USE_CLM -DUSE_NETCDF4_FEATURES -DWRFIO_NCD_LARGE_FILE_SUPPORT  -DDM_PARALLEL -DNETCDF -DLANDREAD_STUB=1 -DUSE_ALLOCATABLES -Dwrfmodel -DGRIB1 -DINTIO -DKEEP_INT_AROUND -DLIMIT_ARGS -DBUILD_RRTMG_FAST=0 -DBUILD_RRTMK=0 -DBUILD_SBM_FAST=1 -DSHOW_ALL_VARS_USED=0 -DCONFIG_BUF_LEN=65536 -DMAX_DOMAINS_F=21 -DMAX_HISTORY=25 -DNMM_NEST=0 -DWRF_CHEM -DBUILD_CHEM=1 -I. -traditional-cpp -DUSE_NETCDF4_FEATURES -DWRFIO_NCD_LARGE_FILE_SUPPORT   module_cam_bl_eddy_diff.G  > module_cam_bl_eddy_diff.bb
/glade/derecho/scratch/yates/NEOM_WRF/wrfv4.6.0/tools/standard.exe module_cam_bl_eddy_diff.bb | /lib/cpp -P -nostdinc -traditional-cpp -DUSE_NETCDF4_FEATURES -DWRFIO_NCD_LARGE_FILE_SUPPORT > module_cam_bl_eddy_diff.f90
rm -f module_cam_bl_eddy_diff.G module_cam_bl_eddy_diff.bb
time mpif90 -f90=ifort -o module_cam_bl_eddy_diff.o -c -O3 -ip -fp-model precise -w -ftz -align all -fno-alias -FR -convert big_endian    -I../dyn_em  -I/glade/derecho/scratch/yates/NEOM_WRF/wrfv4.6.0/external/esmf_time_f90  -I/glade/derecho/scratch/yates/NEOM_WRF/wrfv4.6.0/main -I/glade/derecho/scratch/yates/NEOM_WRF/wrfv4.6.0/external/io_netcdf -I/glade/derecho/scratch/yates/NEOM_WRF/wrfv4.6.0/external/io_int -I/glade/derecho/scratch/yates/NEOM_WRF/wrfv4.6.0/frame -I/glade/derecho/scratch/yates/NEOM_WRF/wrfv4.6.0/share -I/glade/derecho/scratch/yates/NEOM_WRF/wrfv4.6.0/phys -I/glade/derecho/scratch/yates/NEOM_WRF/wrfv4.6.0/wrftladj -I/glade/derecho/scratch/yates/NEOM_WRF/wrfv4.6.0/chem -I/glade/derecho/scratch/yates/NEOM_WRF/wrfv4.6.0/inc -I/glade/u/apps/derecho/23.09/spack/opt/spack/netcdf/4.9.2/oneapi/2023.2.1/yzvj/include  -real-size `expr 8 \* 4` -i4  module_cam_bl_eddy_diff.f90

real	0m5.689s
user	0m5.256s
sys	0m0.405s
rm -f module_data_cam_mam_aero.o
sed -e "s/^\!.*'.*//" -e "s/^ *\!.*'.*//" module_data_cam_mam_aero.F > module_data_cam_mam_aero.G
/lib/cpp -P -nostdinc -I/glade/derecho/scratch/yates/NEOM_WRF/wrfv4.6.0/inc -DEM_CORE=1 -DNMM_CORE=0 -DNMM_MAX_DIM=2600 -DDA_CORE=0 -DWRFPLUS=0 -DIWORDSIZE=4 -DDWORDSIZE=8 -DRWORDSIZE=4 -DLWORDSIZE=4 -DNONSTANDARD_SYSTEM_FUNC  -DWRF_USE_CLM -DUSE_NETCDF4_FEATURES -DWRFIO_NCD_LARGE_FILE_SUPPORT  -DDM_PARALLEL -DNETCDF -DLANDREAD_STUB=1 -DUSE_ALLOCATABLES -Dwrfmodel -DGRIB1 -DINTIO -DKEEP_INT_AROUND -DLIMIT_ARGS -DBUILD_RRTMG_FAST=0 -DBUILD_RRTMK=0 -DBUILD_SBM_FAST=1 -DSHOW_ALL_VARS_USED=0 -DCONFIG_BUF_LEN=65536 -DMAX_DOMAINS_F=21 -DMAX_HISTORY=25 -DNMM_NEST=0 -DWRF_CHEM -DBUILD_CHEM=1 -I. -traditional-cpp -DUSE_NETCDF4_FEATURES -DWRFIO_NCD_LARGE_FILE_SUPPORT   module_data_cam_mam_aero.G  > module_data_cam_mam_aero.bb
/glade/derecho/scratch/yates/NEOM_WRF/wrfv4.6.0/tools/standard.exe module_data_cam_mam_aero.bb | /lib/cpp -P -nostdinc -traditional-cpp -DUSE_NETCDF4_FEATURES -DWRFIO_NCD_LARGE_FILE_SUPPORT > module_data_cam_mam_aero.f90
rm -f module_data_cam_mam_aero.G module_data_cam_mam_aero.bb
time mpif90 -f90=ifort -o module_data_cam_mam_aero.o -c -O3 -ip -fp-model precise -w -ftz -align all -fno-alias -FR -convert big_endian    -I../dyn_em  -I/glade/derecho/scratch/yates/NEOM_WRF/wrfv4.6.0/external/esmf_time_f90  -I/glade/derecho/scratch/yates/NEOM_WRF/wrfv4.6.0/main -I/glade/derecho/scratch/yates/NEOM_WRF/wrfv4.6.0/external/io_netcdf -I/glade/derecho/scratch/yates/NEOM_WRF/wrfv4.6.0/external/io_int -I/glade/derecho/scratch/yates/NEOM_WRF/wrfv4.6.0/frame -I/glade/derecho/scratch/yates/NEOM_WRF/wrfv4.6.0/share -I/glade/derecho/scratch/yates/NEOM_WRF/wrfv4.6.0/phys -I/glade/derecho/scratch/yates/NEOM_WRF/wrfv4.6.0/wrftladj -I/glade/derecho/scratch/yates/NEOM_WRF/wrfv4.6.0/chem -I/glade/derecho/scratch/yates/NEOM_WRF/wrfv4.6.0/inc -I/glade/u/apps/derecho/23.09/spack/opt/spack/netcdf/4.9.2/oneapi/2023.2.1/yzvj/include  -real-size `expr 8 \* 4` -i4  module_data_cam_mam_aero.f90

real	0m0.426s
user	0m0.086s
sys	0m0.315s
rm -f module_cam_mp_conv_water.o
sed -e "s/^\!.*'.*//" -e "s/^ *\!.*'.*//" module_cam_mp_conv_water.F > module_cam_mp_conv_water.G
/lib/cpp -P -nostdinc -I/glade/derecho/scratch/yates/NEOM_WRF/wrfv4.6.0/inc -DEM_CORE=1 -DNMM_CORE=0 -DNMM_MAX_DIM=2600 -DDA_CORE=0 -DWRFPLUS=0 -DIWORDSIZE=4 -DDWORDSIZE=8 -DRWORDSIZE=4 -DLWORDSIZE=4 -DNONSTANDARD_SYSTEM_FUNC  -DWRF_USE_CLM -DUSE_NETCDF4_FEATURES -DWRFIO_NCD_LARGE_FILE_SUPPORT  -DDM_PARALLEL -DNETCDF -DLANDREAD_STUB=1 -DUSE_ALLOCATABLES -Dwrfmodel -DGRIB1 -DINTIO -DKEEP_INT_AROUND -DLIMIT_ARGS -DBUILD_RRTMG_FAST=0 -DBUILD_RRTMK=0 -DBUILD_SBM_FAST=1 -DSHOW_ALL_VARS_USED=0 -DCONFIG_BUF_LEN=65536 -DMAX_DOMAINS_F=21 -DMAX_HISTORY=25 -DNMM_NEST=0 -DWRF_CHEM -DBUILD_CHEM=1 -I. -traditional-cpp -DUSE_NETCDF4_FEATURES -DWRFIO_NCD_LARGE_FILE_SUPPORT   module_cam_mp_conv_water.G  > module_cam_mp_conv_water.bb
/glade/derecho/scratch/yates/NEOM_WRF/wrfv4.6.0/tools/standard.exe module_cam_mp_conv_water.bb | /lib/cpp -P -nostdinc -traditional-cpp -DUSE_NETCDF4_FEATURES -DWRFIO_NCD_LARGE_FILE_SUPPORT > module_cam_mp_conv_water.f90
rm -f module_cam_mp_conv_water.G module_cam_mp_conv_water.bb
time mpif90 -f90=ifort -o module_cam_mp_conv_water.o -c -O3 -ip -fp-model precise -w -ftz -align all -fno-alias -FR -convert big_endian    -I../dyn_em  -I/glade/derecho/scratch/yates/NEOM_WRF/wrfv4.6.0/external/esmf_time_f90  -I/glade/derecho/scratch/yates/NEOM_WRF/wrfv4.6.0/main -I/glade/derecho/scratch/yates/NEOM_WRF/wrfv4.6.0/external/io_netcdf -I/glade/derecho/scratch/yates/NEOM_WRF/wrfv4.6.0/external/io_int -I/glade/derecho/scratch/yates/NEOM_WRF/wrfv4.6.0/frame -I/glade/derecho/scratch/yates/NEOM_WRF/wrfv4.6.0/share -I/glade/derecho/scratch/yates/NEOM_WRF/wrfv4.6.0/phys -I/glade/derecho/scratch/yates/NEOM_WRF/wrfv4.6.0/wrftladj -I/glade/derecho/scratch/yates/NEOM_WRF/wrfv4.6.0/chem -I/glade/derecho/scratch/yates/NEOM_WRF/wrfv4.6.0/inc -I/glade/u/apps/derecho/23.09/spack/opt/spack/netcdf/4.9.2/oneapi/2023.2.1/yzvj/include  -real-size `expr 8 \* 4` -i4  module_cam_mp_conv_water.f90

real	0m0.476s
user	0m0.113s
sys	0m0.337s
rm -f module_data_cam_mam_asect.o
sed -e "s/^\!.*'.*//" -e "s/^ *\!.*'.*//" module_data_cam_mam_asect.F > module_data_cam_mam_asect.G
/lib/cpp -P -nostdinc -I/glade/derecho/scratch/yates/NEOM_WRF/wrfv4.6.0/inc -DEM_CORE=1 -DNMM_CORE=0 -DNMM_MAX_DIM=2600 -DDA_CORE=0 -DWRFPLUS=0 -DIWORDSIZE=4 -DDWORDSIZE=8 -DRWORDSIZE=4 -DLWORDSIZE=4 -DNONSTANDARD_SYSTEM_FUNC  -DWRF_USE_CLM -DUSE_NETCDF4_FEATURES -DWRFIO_NCD_LARGE_FILE_SUPPORT  -DDM_PARALLEL -DNETCDF -DLANDREAD_STUB=1 -DUSE_ALLOCATABLES -Dwrfmodel -DGRIB1 -DINTIO -DKEEP_INT_AROUND -DLIMIT_ARGS -DBUILD_RRTMG_FAST=0 -DBUILD_RRTMK=0 -DBUILD_SBM_FAST=1 -DSHOW_ALL_VARS_USED=0 -DCONFIG_BUF_LEN=65536 -DMAX_DOMAINS_F=21 -DMAX_HISTORY=25 -DNMM_NEST=0 -DWRF_CHEM -DBUILD_CHEM=1 -I. -traditional-cpp -DUSE_NETCDF4_FEATURES -DWRFIO_NCD_LARGE_FILE_SUPPORT   module_data_cam_mam_asect.G  > module_data_cam_mam_asect.bb
/glade/derecho/scratch/yates/NEOM_WRF/wrfv4.6.0/tools/standard.exe module_data_cam_mam_asect.bb | /lib/cpp -P -nostdinc -traditional-cpp -DUSE_NETCDF4_FEATURES -DWRFIO_NCD_LARGE_FILE_SUPPORT > module_data_cam_mam_asect.f90
rm -f module_data_cam_mam_asect.G module_data_cam_mam_asect.bb
time mpif90 -f90=ifort -o module_data_cam_mam_asect.o -c -O3 -ip -fp-model precise -w -ftz -align all -fno-alias -FR -convert big_endian    -I../dyn_em  -I/glade/derecho/scratch/yates/NEOM_WRF/wrfv4.6.0/external/esmf_time_f90  -I/glade/derecho/scratch/yates/NEOM_WRF/wrfv4.6.0/main -I/glade/derecho/scratch/yates/NEOM_WRF/wrfv4.6.0/external/io_netcdf -I/glade/derecho/scratch/yates/NEOM_WRF/wrfv4.6.0/external/io_int -I/glade/derecho/scratch/yates/NEOM_WRF/wrfv4.6.0/frame -I/glade/derecho/scratch/yates/NEOM_WRF/wrfv4.6.0/share -I/glade/derecho/scratch/yates/NEOM_WRF/wrfv4.6.0/phys -I/glade/derecho/scratch/yates/NEOM_WRF/wrfv4.6.0/wrftladj -I/glade/derecho/scratch/yates/NEOM_WRF/wrfv4.6.0/chem -I/glade/derecho/scratch/yates/NEOM_WRF/wrfv4.6.0/inc -I/glade/u/apps/derecho/23.09/spack/opt/spack/netcdf/4.9.2/oneapi/2023.2.1/yzvj/include  -real-size `expr 8 \* 4` -i4  module_data_cam_mam_asect.f90

real	0m0.421s
user	0m0.079s
sys	0m0.317s
rm -f module_bl_gfs.o
sed -e "s/^\!.*'.*//" -e "s/^ *\!.*'.*//" module_bl_gfs.F > module_bl_gfs.G
/lib/cpp -P -nostdinc -I/glade/derecho/scratch/yates/NEOM_WRF/wrfv4.6.0/inc -DEM_CORE=1 -DNMM_CORE=0 -DNMM_MAX_DIM=2600 -DDA_CORE=0 -DWRFPLUS=0 -DIWORDSIZE=4 -DDWORDSIZE=8 -DRWORDSIZE=4 -DLWORDSIZE=4 -DNONSTANDARD_SYSTEM_FUNC  -DWRF_USE_CLM -DUSE_NETCDF4_FEATURES -DWRFIO_NCD_LARGE_FILE_SUPPORT  -DDM_PARALLEL -DNETCDF -DLANDREAD_STUB=1 -DUSE_ALLOCATABLES -Dwrfmodel -DGRIB1 -DINTIO -DKEEP_INT_AROUND -DLIMIT_ARGS -DBUILD_RRTMG_FAST=0 -DBUILD_RRTMK=0 -DBUILD_SBM_FAST=1 -DSHOW_ALL_VARS_USED=0 -DCONFIG_BUF_LEN=65536 -DMAX_DOMAINS_F=21 -DMAX_HISTORY=25 -DNMM_NEST=0 -DWRF_CHEM -DBUILD_CHEM=1 -I. -traditional-cpp -DUSE_NETCDF4_FEATURES -DWRFIO_NCD_LARGE_FILE_SUPPORT   module_bl_gfs.G  > module_bl_gfs.bb
/glade/derecho/scratch/yates/NEOM_WRF/wrfv4.6.0/tools/standard.exe module_bl_gfs.bb | /lib/cpp -P -nostdinc -traditional-cpp -DUSE_NETCDF4_FEATURES -DWRFIO_NCD_LARGE_FILE_SUPPORT > module_bl_gfs.f90
rm -f module_bl_gfs.G module_bl_gfs.bb
time mpif90 -f90=ifort -o module_bl_gfs.o -c -O3 -ip -fp-model precise -w -ftz -align all -fno-alias -FR -convert big_endian    -I../dyn_em  -I/glade/derecho/scratch/yates/NEOM_WRF/wrfv4.6.0/external/esmf_time_f90  -I/glade/derecho/scratch/yates/NEOM_WRF/wrfv4.6.0/main -I/glade/derecho/scratch/yates/NEOM_WRF/wrfv4.6.0/external/io_netcdf -I/glade/derecho/scratch/yates/NEOM_WRF/wrfv4.6.0/external/io_int -I/glade/derecho/scratch/yates/NEOM_WRF/wrfv4.6.0/frame -I/glade/derecho/scratch/yates/NEOM_WRF/wrfv4.6.0/share -I/glade/derecho/scratch/yates/NEOM_WRF/wrfv4.6.0/phys -I/glade/derecho/scratch/yates/NEOM_WRF/wrfv4.6.0/wrftladj -I/glade/derecho/scratch/yates/NEOM_WRF/wrfv4.6.0/chem -I/glade/derecho/scratch/yates/NEOM_WRF/wrfv4.6.0/inc -I/glade/u/apps/derecho/23.09/spack/opt/spack/netcdf/4.9.2/oneapi/2023.2.1/yzvj/include  -real-size `expr 8 \* 4` -i4  module_bl_gfs.f90

real	0m4.566s
user	0m4.128s
sys	0m0.411s
rm -f module_bl_gfsedmf.o
sed -e "s/^\!.*'.*//" -e "s/^ *\!.*'.*//" module_bl_gfsedmf.F > module_bl_gfsedmf.G
/lib/cpp -P -nostdinc -I/glade/derecho/scratch/yates/NEOM_WRF/wrfv4.6.0/inc -DEM_CORE=1 -DNMM_CORE=0 -DNMM_MAX_DIM=2600 -DDA_CORE=0 -DWRFPLUS=0 -DIWORDSIZE=4 -DDWORDSIZE=8 -DRWORDSIZE=4 -DLWORDSIZE=4 -DNONSTANDARD_SYSTEM_FUNC  -DWRF_USE_CLM -DUSE_NETCDF4_FEATURES -DWRFIO_NCD_LARGE_FILE_SUPPORT  -DDM_PARALLEL -DNETCDF -DLANDREAD_STUB=1 -DUSE_ALLOCATABLES -Dwrfmodel -DGRIB1 -DINTIO -DKEEP_INT_AROUND -DLIMIT_ARGS -DBUILD_RRTMG_FAST=0 -DBUILD_RRTMK=0 -DBUILD_SBM_FAST=1 -DSHOW_ALL_VARS_USED=0 -DCONFIG_BUF_LEN=65536 -DMAX_DOMAINS_F=21 -DMAX_HISTORY=25 -DNMM_NEST=0 -DWRF_CHEM -DBUILD_CHEM=1 -I. -traditional-cpp -DUSE_NETCDF4_FEATURES -DWRFIO_NCD_LARGE_FILE_SUPPORT   module_bl_gfsedmf.G  > module_bl_gfsedmf.bb
/glade/derecho/scratch/yates/NEOM_WRF/wrfv4.6.0/tools/standard.exe module_bl_gfsedmf.bb | /lib/cpp -P -nostdinc -traditional-cpp -DUSE_NETCDF4_FEATURES -DWRFIO_NCD_LARGE_FILE_SUPPORT > module_bl_gfsedmf.f90
rm -f module_bl_gfsedmf.G module_bl_gfsedmf.bb
time mpif90 -f90=ifort -o module_bl_gfsedmf.o -c -O3 -ip -fp-model precise -w -ftz -align all -fno-alias -FR -convert big_endian    -I../dyn_em  -I/glade/derecho/scratch/yates/NEOM_WRF/wrfv4.6.0/external/esmf_time_f90  -I/glade/derecho/scratch/yates/NEOM_WRF/wrfv4.6.0/main -I/glade/derecho/scratch/yates/NEOM_WRF/wrfv4.6.0/external/io_netcdf -I/glade/derecho/scratch/yates/NEOM_WRF/wrfv4.6.0/external/io_int -I/glade/derecho/scratch/yates/NEOM_WRF/wrfv4.6.0/frame -I/glade/derecho/scratch/yates/NEOM_WRF/wrfv4.6.0/share -I/glade/derecho/scratch/yates/NEOM_WRF/wrfv4.6.0/phys -I/glade/derecho/scratch/yates/NEOM_WRF/wrfv4.6.0/wrftladj -I/glade/derecho/scratch/yates/NEOM_WRF/wrfv4.6.0/chem -I/glade/derecho/scratch/yates/NEOM_WRF/wrfv4.6.0/inc -I/glade/u/apps/derecho/23.09/spack/opt/spack/netcdf/4.9.2/oneapi/2023.2.1/yzvj/include  -real-size `expr 8 \* 4` -i4  module_bl_gfsedmf.f90

real	0m0.423s
user	0m0.115s
sys	0m0.282s
rm -f module_bl_mynn_wrapper.o
sed -e "s/^\!.*'.*//" -e "s/^ *\!.*'.*//" module_bl_mynn_wrapper.F > module_bl_mynn_wrapper.G
/lib/cpp -P -nostdinc -I/glade/derecho/scratch/yates/NEOM_WRF/wrfv4.6.0/inc -DEM_CORE=1 -DNMM_CORE=0 -DNMM_MAX_DIM=2600 -DDA_CORE=0 -DWRFPLUS=0 -DIWORDSIZE=4 -DDWORDSIZE=8 -DRWORDSIZE=4 -DLWORDSIZE=4 -DNONSTANDARD_SYSTEM_FUNC  -DWRF_USE_CLM -DUSE_NETCDF4_FEATURES -DWRFIO_NCD_LARGE_FILE_SUPPORT  -DDM_PARALLEL -DNETCDF -DLANDREAD_STUB=1 -DUSE_ALLOCATABLES -Dwrfmodel -DGRIB1 -DINTIO -DKEEP_INT_AROUND -DLIMIT_ARGS -DBUILD_RRTMG_FAST=0 -DBUILD_RRTMK=0 -DBUILD_SBM_FAST=1 -DSHOW_ALL_VARS_USED=0 -DCONFIG_BUF_LEN=65536 -DMAX_DOMAINS_F=21 -DMAX_HISTORY=25 -DNMM_NEST=0 -DWRF_CHEM -DBUILD_CHEM=1 -I. -traditional-cpp -DUSE_NETCDF4_FEATURES -DWRFIO_NCD_LARGE_FILE_SUPPORT   module_bl_mynn_wrapper.G  > module_bl_mynn_wrapper.bb
/glade/derecho/scratch/yates/NEOM_WRF/wrfv4.6.0/tools/standard.exe module_bl_mynn_wrapper.bb | /lib/cpp -P -nostdinc -traditional-cpp -DUSE_NETCDF4_FEATURES -DWRFIO_NCD_LARGE_FILE_SUPPORT > module_bl_mynn_wrapper.f90
rm -f module_bl_mynn_wrapper.G module_bl_mynn_wrapper.bb
time mpif90 -f90=ifort -o module_bl_mynn_wrapper.o -c -O3 -ip -fp-model precise -w -ftz -align all -fno-alias -FR -convert big_endian    -I../dyn_em  -I/glade/derecho/scratch/yates/NEOM_WRF/wrfv4.6.0/external/esmf_time_f90  -I/glade/derecho/scratch/yates/NEOM_WRF/wrfv4.6.0/main -I/glade/derecho/scratch/yates/NEOM_WRF/wrfv4.6.0/external/io_netcdf -I/glade/derecho/scratch/yates/NEOM_WRF/wrfv4.6.0/external/io_int -I/glade/derecho/scratch/yates/NEOM_WRF/wrfv4.6.0/frame -I/glade/derecho/scratch/yates/NEOM_WRF/wrfv4.6.0/share -I/glade/derecho/scratch/yates/NEOM_WRF/wrfv4.6.0/phys -I/glade/derecho/scratch/yates/NEOM_WRF/wrfv4.6.0/wrftladj -I/glade/derecho/scratch/yates/NEOM_WRF/wrfv4.6.0/chem -I/glade/derecho/scratch/yates/NEOM_WRF/wrfv4.6.0/inc -I/glade/u/apps/derecho/23.09/spack/opt/spack/netcdf/4.9.2/oneapi/2023.2.1/yzvj/include  -real-size `expr 8 \* 4` -i4  module_bl_mynn_wrapper.f90

real	0m5.383s
user	0m4.880s
sys	0m0.473s
rm -f module_cu_tiedtke.o
sed -e "s/^\!.*'.*//" -e "s/^ *\!.*'.*//" module_cu_tiedtke.F > module_cu_tiedtke.G
/lib/cpp -P -nostdinc -I/glade/derecho/scratch/yates/NEOM_WRF/wrfv4.6.0/inc -DEM_CORE=1 -DNMM_CORE=0 -DNMM_MAX_DIM=2600 -DDA_CORE=0 -DWRFPLUS=0 -DIWORDSIZE=4 -DDWORDSIZE=8 -DRWORDSIZE=4 -DLWORDSIZE=4 -DNONSTANDARD_SYSTEM_FUNC  -DWRF_USE_CLM -DUSE_NETCDF4_FEATURES -DWRFIO_NCD_LARGE_FILE_SUPPORT  -DDM_PARALLEL -DNETCDF -DLANDREAD_STUB=1 -DUSE_ALLOCATABLES -Dwrfmodel -DGRIB1 -DINTIO -DKEEP_INT_AROUND -DLIMIT_ARGS -DBUILD_RRTMG_FAST=0 -DBUILD_RRTMK=0 -DBUILD_SBM_FAST=1 -DSHOW_ALL_VARS_USED=0 -DCONFIG_BUF_LEN=65536 -DMAX_DOMAINS_F=21 -DMAX_HISTORY=25 -DNMM_NEST=0 -DWRF_CHEM -DBUILD_CHEM=1 -I. -traditional-cpp -DUSE_NETCDF4_FEATURES -DWRFIO_NCD_LARGE_FILE_SUPPORT   module_cu_tiedtke.G  > module_cu_tiedtke.bb
/glade/derecho/scratch/yates/NEOM_WRF/wrfv4.6.0/tools/standard.exe module_cu_tiedtke.bb | /lib/cpp -P -nostdinc -traditional-cpp -DUSE_NETCDF4_FEATURES -DWRFIO_NCD_LARGE_FILE_SUPPORT > module_cu_tiedtke.f90
rm -f module_cu_tiedtke.G module_cu_tiedtke.bb
time mpif90 -f90=ifort -o module_cu_tiedtke.o -c -O3 -ip -fp-model precise -w -ftz -align all -fno-alias -FR -convert big_endian    -I../dyn_em  -I/glade/derecho/scratch/yates/NEOM_WRF/wrfv4.6.0/external/esmf_time_f90  -I/glade/derecho/scratch/yates/NEOM_WRF/wrfv4.6.0/main -I/glade/derecho/scratch/yates/NEOM_WRF/wrfv4.6.0/external/io_netcdf -I/glade/derecho/scratch/yates/NEOM_WRF/wrfv4.6.0/external/io_int -I/glade/derecho/scratch/yates/NEOM_WRF/wrfv4.6.0/frame -I/glade/derecho/scratch/yates/NEOM_WRF/wrfv4.6.0/share -I/glade/derecho/scratch/yates/NEOM_WRF/wrfv4.6.0/phys -I/glade/derecho/scratch/yates/NEOM_WRF/wrfv4.6.0/wrftladj -I/glade/derecho/scratch/yates/NEOM_WRF/wrfv4.6.0/chem -I/glade/derecho/scratch/yates/NEOM_WRF/wrfv4.6.0/inc -I/glade/u/apps/derecho/23.09/spack/opt/spack/netcdf/4.9.2/oneapi/2023.2.1/yzvj/include  -real-size `expr 8 \* 4` -i4  module_cu_tiedtke.f90

real	0m6.972s
user	0m6.547s
sys	0m0.396s
rm -f module_cu_gf_deep.o
sed -e "s/^\!.*'.*//" -e "s/^ *\!.*'.*//" module_cu_gf_deep.F > module_cu_gf_deep.G
/lib/cpp -P -nostdinc -I/glade/derecho/scratch/yates/NEOM_WRF/wrfv4.6.0/inc -DEM_CORE=1 -DNMM_CORE=0 -DNMM_MAX_DIM=2600 -DDA_CORE=0 -DWRFPLUS=0 -DIWORDSIZE=4 -DDWORDSIZE=8 -DRWORDSIZE=4 -DLWORDSIZE=4 -DNONSTANDARD_SYSTEM_FUNC  -DWRF_USE_CLM -DUSE_NETCDF4_FEATURES -DWRFIO_NCD_LARGE_FILE_SUPPORT  -DDM_PARALLEL -DNETCDF -DLANDREAD_STUB=1 -DUSE_ALLOCATABLES -Dwrfmodel -DGRIB1 -DINTIO -DKEEP_INT_AROUND -DLIMIT_ARGS -DBUILD_RRTMG_FAST=0 -DBUILD_RRTMK=0 -DBUILD_SBM_FAST=1 -DSHOW_ALL_VARS_USED=0 -DCONFIG_BUF_LEN=65536 -DMAX_DOMAINS_F=21 -DMAX_HISTORY=25 -DNMM_NEST=0 -DWRF_CHEM -DBUILD_CHEM=1 -I. -traditional-cpp -DUSE_NETCDF4_FEATURES -DWRFIO_NCD_LARGE_FILE_SUPPORT   module_cu_gf_deep.G  > module_cu_gf_deep.bb
/glade/derecho/scratch/yates/NEOM_WRF/wrfv4.6.0/tools/standard.exe module_cu_gf_deep.bb | /lib/cpp -P -nostdinc -traditional-cpp -DUSE_NETCDF4_FEATURES -DWRFIO_NCD_LARGE_FILE_SUPPORT > module_cu_gf_deep.f90
rm -f module_cu_gf_deep.G module_cu_gf_deep.bb
time mpif90 -f90=ifort -o module_cu_gf_deep.o -c -O3 -ip -fp-model precise -w -ftz -align all -fno-alias -FR -convert big_endian    -I../dyn_em  -I/glade/derecho/scratch/yates/NEOM_WRF/wrfv4.6.0/external/esmf_time_f90  -I/glade/derecho/scratch/yates/NEOM_WRF/wrfv4.6.0/main -I/glade/derecho/scratch/yates/NEOM_WRF/wrfv4.6.0/external/io_netcdf -I/glade/derecho/scratch/yates/NEOM_WRF/wrfv4.6.0/external/io_int -I/glade/derecho/scratch/yates/NEOM_WRF/wrfv4.6.0/frame -I/glade/derecho/scratch/yates/NEOM_WRF/wrfv4.6.0/share -I/glade/derecho/scratch/yates/NEOM_WRF/wrfv4.6.0/phys -I/glade/derecho/scratch/yates/NEOM_WRF/wrfv4.6.0/wrftladj -I/glade/derecho/scratch/yates/NEOM_WRF/wrfv4.6.0/chem -I/glade/derecho/scratch/yates/NEOM_WRF/wrfv4.6.0/inc -I/glade/u/apps/derecho/23.09/spack/opt/spack/netcdf/4.9.2/oneapi/2023.2.1/yzvj/include  -real-size `expr 8 \* 4` -i4  module_cu_gf_deep.f90

real	0m12.723s
user	0m12.143s
sys	0m0.551s
rm -f module_ra_rrtmg_sw.o
sed -e "s/^\!.*'.*//" -e "s/^ *\!.*'.*//" module_ra_rrtmg_sw.F > module_ra_rrtmg_sw.G
/lib/cpp -P -nostdinc -I/glade/derecho/scratch/yates/NEOM_WRF/wrfv4.6.0/inc -DEM_CORE=1 -DNMM_CORE=0 -DNMM_MAX_DIM=2600 -DDA_CORE=0 -DWRFPLUS=0 -DIWORDSIZE=4 -DDWORDSIZE=8 -DRWORDSIZE=4 -DLWORDSIZE=4 -DNONSTANDARD_SYSTEM_FUNC  -DWRF_USE_CLM -DUSE_NETCDF4_FEATURES -DWRFIO_NCD_LARGE_FILE_SUPPORT  -DDM_PARALLEL -DNETCDF -DLANDREAD_STUB=1 -DUSE_ALLOCATABLES -Dwrfmodel -DGRIB1 -DINTIO -DKEEP_INT_AROUND -DLIMIT_ARGS -DBUILD_RRTMG_FAST=0 -DBUILD_RRTMK=0 -DBUILD_SBM_FAST=1 -DSHOW_ALL_VARS_USED=0 -DCONFIG_BUF_LEN=65536 -DMAX_DOMAINS_F=21 -DMAX_HISTORY=25 -DNMM_NEST=0 -DWRF_CHEM -DBUILD_CHEM=1 -I. -traditional-cpp -DUSE_NETCDF4_FEATURES -DWRFIO_NCD_LARGE_FILE_SUPPORT   module_ra_rrtmg_sw.G  > module_ra_rrtmg_sw.bb
/glade/derecho/scratch/yates/NEOM_WRF/wrfv4.6.0/tools/standard.exe module_ra_rrtmg_sw.bb | /lib/cpp -P -nostdinc -traditional-cpp -DUSE_NETCDF4_FEATURES -DWRFIO_NCD_LARGE_FILE_SUPPORT > module_ra_rrtmg_sw.f90
rm -f module_ra_rrtmg_sw.G module_ra_rrtmg_sw.bb
time mpif90 -f90=ifort -o module_ra_rrtmg_sw.o -c -O3 -ip -fp-model precise -w -ftz -align all -fno-alias -FR -convert big_endian    -I../dyn_em  -I/glade/derecho/scratch/yates/NEOM_WRF/wrfv4.6.0/external/esmf_time_f90  -I/glade/derecho/scratch/yates/NEOM_WRF/wrfv4.6.0/main -I/glade/derecho/scratch/yates/NEOM_WRF/wrfv4.6.0/external/io_netcdf -I/glade/derecho/scratch/yates/NEOM_WRF/wrfv4.6.0/external/io_int -I/glade/derecho/scratch/yates/NEOM_WRF/wrfv4.6.0/frame -I/glade/derecho/scratch/yates/NEOM_WRF/wrfv4.6.0/share -I/glade/derecho/scratch/yates/NEOM_WRF/wrfv4.6.0/phys -I/glade/derecho/scratch/yates/NEOM_WRF/wrfv4.6.0/wrftladj -I/glade/derecho/scratch/yates/NEOM_WRF/wrfv4.6.0/chem -I/glade/derecho/scratch/yates/NEOM_WRF/wrfv4.6.0/inc -I/glade/u/apps/derecho/23.09/spack/opt/spack/netcdf/4.9.2/oneapi/2023.2.1/yzvj/include  -real-size `expr 8 \* 4` -i4  module_ra_rrtmg_sw.f90

real	1m58.207s
user	1m57.484s
sys	0m0.652s
rm -f module_ra_cam.o
sed -e "s/^\!.*'.*//" -e "s/^ *\!.*'.*//" module_ra_cam.F > module_ra_cam.G
/lib/cpp -P -nostdinc -I/glade/derecho/scratch/yates/NEOM_WRF/wrfv4.6.0/inc -DEM_CORE=1 -DNMM_CORE=0 -DNMM_MAX_DIM=2600 -DDA_CORE=0 -DWRFPLUS=0 -DIWORDSIZE=4 -DDWORDSIZE=8 -DRWORDSIZE=4 -DLWORDSIZE=4 -DNONSTANDARD_SYSTEM_FUNC  -DWRF_USE_CLM -DUSE_NETCDF4_FEATURES -DWRFIO_NCD_LARGE_FILE_SUPPORT  -DDM_PARALLEL -DNETCDF -DLANDREAD_STUB=1 -DUSE_ALLOCATABLES -Dwrfmodel -DGRIB1 -DINTIO -DKEEP_INT_AROUND -DLIMIT_ARGS -DBUILD_RRTMG_FAST=0 -DBUILD_RRTMK=0 -DBUILD_SBM_FAST=1 -DSHOW_ALL_VARS_USED=0 -DCONFIG_BUF_LEN=65536 -DMAX_DOMAINS_F=21 -DMAX_HISTORY=25 -DNMM_NEST=0 -DWRF_CHEM -DBUILD_CHEM=1 -I. -traditional-cpp -DUSE_NETCDF4_FEATURES -DWRFIO_NCD_LARGE_FILE_SUPPORT   module_ra_cam.G  > module_ra_cam.bb
/glade/derecho/scratch/yates/NEOM_WRF/wrfv4.6.0/tools/standard.exe module_ra_cam.bb | /lib/cpp -P -nostdinc -traditional-cpp -DUSE_NETCDF4_FEATURES -DWRFIO_NCD_LARGE_FILE_SUPPORT > module_ra_cam.f90
rm -f module_ra_cam.G module_ra_cam.bb
time mpif90 -f90=ifort -o module_ra_cam.o -c -O3 -ip -fp-model precise -w -ftz -align all -fno-alias -FR -convert big_endian    -I../dyn_em  -I/glade/derecho/scratch/yates/NEOM_WRF/wrfv4.6.0/external/esmf_time_f90  -I/glade/derecho/scratch/yates/NEOM_WRF/wrfv4.6.0/main -I/glade/derecho/scratch/yates/NEOM_WRF/wrfv4.6.0/external/io_netcdf -I/glade/derecho/scratch/yates/NEOM_WRF/wrfv4.6.0/external/io_int -I/glade/derecho/scratch/yates/NEOM_WRF/wrfv4.6.0/frame -I/glade/derecho/scratch/yates/NEOM_WRF/wrfv4.6.0/share -I/glade/derecho/scratch/yates/NEOM_WRF/wrfv4.6.0/phys -I/glade/derecho/scratch/yates/NEOM_WRF/wrfv4.6.0/wrftladj -I/glade/derecho/scratch/yates/NEOM_WRF/wrfv4.6.0/chem -I/glade/derecho/scratch/yates/NEOM_WRF/wrfv4.6.0/inc -I/glade/u/apps/derecho/23.09/spack/opt/spack/netcdf/4.9.2/oneapi/2023.2.1/yzvj/include  -real-size `expr 8 \* 4` -i4  module_ra_cam.f90

real	0m17.029s
user	0m16.511s
sys	0m0.483s
rm -f module_madwrf.o
sed -e "s/^\!.*'.*//" -e "s/^ *\!.*'.*//" module_madwrf.F > module_madwrf.G
/lib/cpp -P -nostdinc -I/glade/derecho/scratch/yates/NEOM_WRF/wrfv4.6.0/inc -DEM_CORE=1 -DNMM_CORE=0 -DNMM_MAX_DIM=2600 -DDA_CORE=0 -DWRFPLUS=0 -DIWORDSIZE=4 -DDWORDSIZE=8 -DRWORDSIZE=4 -DLWORDSIZE=4 -DNONSTANDARD_SYSTEM_FUNC  -DWRF_USE_CLM -DUSE_NETCDF4_FEATURES -DWRFIO_NCD_LARGE_FILE_SUPPORT  -DDM_PARALLEL -DNETCDF -DLANDREAD_STUB=1 -DUSE_ALLOCATABLES -Dwrfmodel -DGRIB1 -DINTIO -DKEEP_INT_AROUND -DLIMIT_ARGS -DBUILD_RRTMG_FAST=0 -DBUILD_RRTMK=0 -DBUILD_SBM_FAST=1 -DSHOW_ALL_VARS_USED=0 -DCONFIG_BUF_LEN=65536 -DMAX_DOMAINS_F=21 -DMAX_HISTORY=25 -DNMM_NEST=0 -DWRF_CHEM -DBUILD_CHEM=1 -I. -traditional-cpp -DUSE_NETCDF4_FEATURES -DWRFIO_NCD_LARGE_FILE_SUPPORT   module_madwrf.G  > module_madwrf.bb
/glade/derecho/scratch/yates/NEOM_WRF/wrfv4.6.0/tools/standard.exe module_madwrf.bb | /lib/cpp -P -nostdinc -traditional-cpp -DUSE_NETCDF4_FEATURES -DWRFIO_NCD_LARGE_FILE_SUPPORT > module_madwrf.f90
rm -f module_madwrf.G module_madwrf.bb
time mpif90 -f90=ifort -o module_madwrf.o -c -O3 -ip -fp-model precise -w -ftz -align all -fno-alias -FR -convert big_endian    -I../dyn_em  -I/glade/derecho/scratch/yates/NEOM_WRF/wrfv4.6.0/external/esmf_time_f90  -I/glade/derecho/scratch/yates/NEOM_WRF/wrfv4.6.0/main -I/glade/derecho/scratch/yates/NEOM_WRF/wrfv4.6.0/external/io_netcdf -I/glade/derecho/scratch/yates/NEOM_WRF/wrfv4.6.0/external/io_int -I/glade/derecho/scratch/yates/NEOM_WRF/wrfv4.6.0/frame -I/glade/derecho/scratch/yates/NEOM_WRF/wrfv4.6.0/share -I/glade/derecho/scratch/yates/NEOM_WRF/wrfv4.6.0/phys -I/glade/derecho/scratch/yates/NEOM_WRF/wrfv4.6.0/wrftladj -I/glade/derecho/scratch/yates/NEOM_WRF/wrfv4.6.0/chem -I/glade/derecho/scratch/yates/NEOM_WRF/wrfv4.6.0/inc -I/glade/u/apps/derecho/23.09/spack/opt/spack/netcdf/4.9.2/oneapi/2023.2.1/yzvj/include  -real-size `expr 8 \* 4` -i4  module_madwrf.f90

real	0m1.801s
user	0m1.418s
sys	0m0.344s
rm -f physics_mmm/mp_wsm6_effectRad.o
sed -e "s/^\!.*'.*//" -e "s/^ *\!.*'.*//" physics_mmm/mp_wsm6_effectRad.F90 > physics_mmm/mp_wsm6_effectRad.G
/lib/cpp -P -nostdinc -I/glade/derecho/scratch/yates/NEOM_WRF/wrfv4.6.0/inc -DEM_CORE=1 -DNMM_CORE=0 -DNMM_MAX_DIM=2600 -DDA_CORE=0 -DWRFPLUS=0 -DIWORDSIZE=4 -DDWORDSIZE=8 -DRWORDSIZE=4 -DLWORDSIZE=4 -DNONSTANDARD_SYSTEM_FUNC  -DWRF_USE_CLM -DUSE_NETCDF4_FEATURES -DWRFIO_NCD_LARGE_FILE_SUPPORT  -DDM_PARALLEL -DNETCDF -DLANDREAD_STUB=1 -DUSE_ALLOCATABLES -Dwrfmodel -DGRIB1 -DINTIO -DKEEP_INT_AROUND -DLIMIT_ARGS -DBUILD_RRTMG_FAST=0 -DBUILD_RRTMK=0 -DBUILD_SBM_FAST=1 -DSHOW_ALL_VARS_USED=0 -DCONFIG_BUF_LEN=65536 -DMAX_DOMAINS_F=21 -DMAX_HISTORY=25 -DNMM_NEST=0 -DWRF_CHEM -DBUILD_CHEM=1 -I. -traditional-cpp -DUSE_NETCDF4_FEATURES -DWRFIO_NCD_LARGE_FILE_SUPPORT   physics_mmm/mp_wsm6_effectRad.G  > physics_mmm/mp_wsm6_effectRad.bb
/glade/derecho/scratch/yates/NEOM_WRF/wrfv4.6.0/tools/standard.exe physics_mmm/mp_wsm6_effectRad.bb | /lib/cpp -P -nostdinc -traditional-cpp -DUSE_NETCDF4_FEATURES -DWRFIO_NCD_LARGE_FILE_SUPPORT > physics_mmm/mp_wsm6_effectRad.f90
rm -f physics_mmm/mp_wsm6_effectRad.G physics_mmm/mp_wsm6_effectRad.bb
time mpif90 -f90=ifort -o physics_mmm/mp_wsm6_effectRad.o -c -O3 -ip -fp-model precise -w -ftz -align all -fno-alias -FR -convert big_endian    -I../dyn_em  -I/glade/derecho/scratch/yates/NEOM_WRF/wrfv4.6.0/external/esmf_time_f90  -I/glade/derecho/scratch/yates/NEOM_WRF/wrfv4.6.0/main -I/glade/derecho/scratch/yates/NEOM_WRF/wrfv4.6.0/external/io_netcdf -I/glade/derecho/scratch/yates/NEOM_WRF/wrfv4.6.0/external/io_int -I/glade/derecho/scratch/yates/NEOM_WRF/wrfv4.6.0/frame -I/glade/derecho/scratch/yates/NEOM_WRF/wrfv4.6.0/share -I/glade/derecho/scratch/yates/NEOM_WRF/wrfv4.6.0/phys -I/glade/derecho/scratch/yates/NEOM_WRF/wrfv4.6.0/wrftladj -I/glade/derecho/scratch/yates/NEOM_WRF/wrfv4.6.0/chem -I/glade/derecho/scratch/yates/NEOM_WRF/wrfv4.6.0/inc -I/glade/u/apps/derecho/23.09/spack/opt/spack/netcdf/4.9.2/oneapi/2023.2.1/yzvj/include  -real-size `expr 8 \* 4` -i4  physics_mmm/mp_wsm6_effectRad.f90

real	0m0.905s
user	0m0.543s
sys	0m0.336s
rm -f module_sf_noahlsm_glacial_only.o
sed -e "s/^\!.*'.*//" -e "s/^ *\!.*'.*//" module_sf_noahlsm_glacial_only.F > module_sf_noahlsm_glacial_only.G
/lib/cpp -P -nostdinc -I/glade/derecho/scratch/yates/NEOM_WRF/wrfv4.6.0/inc -DEM_CORE=1 -DNMM_CORE=0 -DNMM_MAX_DIM=2600 -DDA_CORE=0 -DWRFPLUS=0 -DIWORDSIZE=4 -DDWORDSIZE=8 -DRWORDSIZE=4 -DLWORDSIZE=4 -DNONSTANDARD_SYSTEM_FUNC  -DWRF_USE_CLM -DUSE_NETCDF4_FEATURES -DWRFIO_NCD_LARGE_FILE_SUPPORT  -DDM_PARALLEL -DNETCDF -DLANDREAD_STUB=1 -DUSE_ALLOCATABLES -Dwrfmodel -DGRIB1 -DINTIO -DKEEP_INT_AROUND -DLIMIT_ARGS -DBUILD_RRTMG_FAST=0 -DBUILD_RRTMK=0 -DBUILD_SBM_FAST=1 -DSHOW_ALL_VARS_USED=0 -DCONFIG_BUF_LEN=65536 -DMAX_DOMAINS_F=21 -DMAX_HISTORY=25 -DNMM_NEST=0 -DWRF_CHEM -DBUILD_CHEM=1 -I. -traditional-cpp -DUSE_NETCDF4_FEATURES -DWRFIO_NCD_LARGE_FILE_SUPPORT   module_sf_noahlsm_glacial_only.G  > module_sf_noahlsm_glacial_only.bb
/glade/derecho/scratch/yates/NEOM_WRF/wrfv4.6.0/tools/standard.exe module_sf_noahlsm_glacial_only.bb | /lib/cpp -P -nostdinc -traditional-cpp -DUSE_NETCDF4_FEATURES -DWRFIO_NCD_LARGE_FILE_SUPPORT > module_sf_noahlsm_glacial_only.f90
rm -f module_sf_noahlsm_glacial_only.G module_sf_noahlsm_glacial_only.bb
time mpif90 -f90=ifort -o module_sf_noahlsm_glacial_only.o -c -O3 -ip -fp-model precise -w -ftz -align all -fno-alias -FR -convert big_endian    -I../dyn_em  -I/glade/derecho/scratch/yates/NEOM_WRF/wrfv4.6.0/external/esmf_time_f90  -I/glade/derecho/scratch/yates/NEOM_WRF/wrfv4.6.0/main -I/glade/derecho/scratch/yates/NEOM_WRF/wrfv4.6.0/external/io_netcdf -I/glade/derecho/scratch/yates/NEOM_WRF/wrfv4.6.0/external/io_int -I/glade/derecho/scratch/yates/NEOM_WRF/wrfv4.6.0/frame -I/glade/derecho/scratch/yates/NEOM_WRF/wrfv4.6.0/share -I/glade/derecho/scratch/yates/NEOM_WRF/wrfv4.6.0/phys -I/glade/derecho/scratch/yates/NEOM_WRF/wrfv4.6.0/wrftladj -I/glade/derecho/scratch/yates/NEOM_WRF/wrfv4.6.0/chem -I/glade/derecho/scratch/yates/NEOM_WRF/wrfv4.6.0/inc -I/glade/u/apps/derecho/23.09/spack/opt/spack/netcdf/4.9.2/oneapi/2023.2.1/yzvj/include  -real-size `expr 8 \* 4` -i4  module_sf_noahlsm_glacial_only.f90

real	0m0.879s
user	0m0.520s
sys	0m0.330s
rm -f module_sf_noahmpdrv.o
sed -e "s/^\!.*'.*//" -e "s/^ *\!.*'.*//" module_sf_noahmpdrv.F > module_sf_noahmpdrv.G
/lib/cpp -P -nostdinc -I/glade/derecho/scratch/yates/NEOM_WRF/wrfv4.6.0/inc -DEM_CORE=1 -DNMM_CORE=0 -DNMM_MAX_DIM=2600 -DDA_CORE=0 -DWRFPLUS=0 -DIWORDSIZE=4 -DDWORDSIZE=8 -DRWORDSIZE=4 -DLWORDSIZE=4 -DNONSTANDARD_SYSTEM_FUNC  -DWRF_USE_CLM -DUSE_NETCDF4_FEATURES -DWRFIO_NCD_LARGE_FILE_SUPPORT  -DDM_PARALLEL -DNETCDF -DLANDREAD_STUB=1 -DUSE_ALLOCATABLES -Dwrfmodel -DGRIB1 -DINTIO -DKEEP_INT_AROUND -DLIMIT_ARGS -DBUILD_RRTMG_FAST=0 -DBUILD_RRTMK=0 -DBUILD_SBM_FAST=1 -DSHOW_ALL_VARS_USED=0 -DCONFIG_BUF_LEN=65536 -DMAX_DOMAINS_F=21 -DMAX_HISTORY=25 -DNMM_NEST=0 -DWRF_CHEM -DBUILD_CHEM=1 -I. -traditional-cpp -DUSE_NETCDF4_FEATURES -DWRFIO_NCD_LARGE_FILE_SUPPORT   module_sf_noahmpdrv.G  > module_sf_noahmpdrv.bb
/glade/derecho/scratch/yates/NEOM_WRF/wrfv4.6.0/tools/standard.exe module_sf_noahmpdrv.bb | /lib/cpp -P -nostdinc -traditional-cpp -DUSE_NETCDF4_FEATURES -DWRFIO_NCD_LARGE_FILE_SUPPORT > module_sf_noahmpdrv.f90
rm -f module_sf_noahmpdrv.G module_sf_noahmpdrv.bb
time mpif90 -f90=ifort -o module_sf_noahmpdrv.o -c -O3 -ip -fp-model precise -w -ftz -align all -fno-alias -FR -convert big_endian    -I../dyn_em  -I/glade/derecho/scratch/yates/NEOM_WRF/wrfv4.6.0/external/esmf_time_f90  -I/glade/derecho/scratch/yates/NEOM_WRF/wrfv4.6.0/main -I/glade/derecho/scratch/yates/NEOM_WRF/wrfv4.6.0/external/io_netcdf -I/glade/derecho/scratch/yates/NEOM_WRF/wrfv4.6.0/external/io_int -I/glade/derecho/scratch/yates/NEOM_WRF/wrfv4.6.0/frame -I/glade/derecho/scratch/yates/NEOM_WRF/wrfv4.6.0/share -I/glade/derecho/scratch/yates/NEOM_WRF/wrfv4.6.0/phys -I/glade/derecho/scratch/yates/NEOM_WRF/wrfv4.6.0/wrftladj -I/glade/derecho/scratch/yates/NEOM_WRF/wrfv4.6.0/chem -I/glade/derecho/scratch/yates/NEOM_WRF/wrfv4.6.0/inc -I/glade/u/apps/derecho/23.09/spack/opt/spack/netcdf/4.9.2/oneapi/2023.2.1/yzvj/include  -real-size `expr 8 \* 4` -i4  module_sf_noahmpdrv.f90

real	0m9.675s
user	0m8.335s
sys	0m1.257s
rm -f module_diag_afwa.o
sed -e "s/^\!.*'.*//" -e "s/^ *\!.*'.*//" module_diag_afwa.F > module_diag_afwa.G
/lib/cpp -P -nostdinc -I/glade/derecho/scratch/yates/NEOM_WRF/wrfv4.6.0/inc -DEM_CORE=1 -DNMM_CORE=0 -DNMM_MAX_DIM=2600 -DDA_CORE=0 -DWRFPLUS=0 -DIWORDSIZE=4 -DDWORDSIZE=8 -DRWORDSIZE=4 -DLWORDSIZE=4 -DNONSTANDARD_SYSTEM_FUNC  -DWRF_USE_CLM -DUSE_NETCDF4_FEATURES -DWRFIO_NCD_LARGE_FILE_SUPPORT  -DDM_PARALLEL -DNETCDF -DLANDREAD_STUB=1 -DUSE_ALLOCATABLES -Dwrfmodel -DGRIB1 -DINTIO -DKEEP_INT_AROUND -DLIMIT_ARGS -DBUILD_RRTMG_FAST=0 -DBUILD_RRTMK=0 -DBUILD_SBM_FAST=1 -DSHOW_ALL_VARS_USED=0 -DCONFIG_BUF_LEN=65536 -DMAX_DOMAINS_F=21 -DMAX_HISTORY=25 -DNMM_NEST=0 -DWRF_CHEM -DBUILD_CHEM=1 -I. -traditional-cpp -DUSE_NETCDF4_FEATURES -DWRFIO_NCD_LARGE_FILE_SUPPORT   module_diag_afwa.G  > module_diag_afwa.bb
/glade/derecho/scratch/yates/NEOM_WRF/wrfv4.6.0/tools/standard.exe module_diag_afwa.bb | /lib/cpp -P -nostdinc -traditional-cpp -DUSE_NETCDF4_FEATURES -DWRFIO_NCD_LARGE_FILE_SUPPORT > module_diag_afwa.f90
rm -f module_diag_afwa.G module_diag_afwa.bb
time mpif90 -f90=ifort -o module_diag_afwa.o -c -O3 -ip -fp-model precise -w -ftz -align all -fno-alias -FR -convert big_endian    -I../dyn_em  -I/glade/derecho/scratch/yates/NEOM_WRF/wrfv4.6.0/external/esmf_time_f90  -I/glade/derecho/scratch/yates/NEOM_WRF/wrfv4.6.0/main -I/glade/derecho/scratch/yates/NEOM_WRF/wrfv4.6.0/external/io_netcdf -I/glade/derecho/scratch/yates/NEOM_WRF/wrfv4.6.0/external/io_int -I/glade/derecho/scratch/yates/NEOM_WRF/wrfv4.6.0/frame -I/glade/derecho/scratch/yates/NEOM_WRF/wrfv4.6.0/share -I/glade/derecho/scratch/yates/NEOM_WRF/wrfv4.6.0/phys -I/glade/derecho/scratch/yates/NEOM_WRF/wrfv4.6.0/wrftladj -I/glade/derecho/scratch/yates/NEOM_WRF/wrfv4.6.0/chem -I/glade/derecho/scratch/yates/NEOM_WRF/wrfv4.6.0/inc -I/glade/u/apps/derecho/23.09/spack/opt/spack/netcdf/4.9.2/oneapi/2023.2.1/yzvj/include  -real-size `expr 8 \* 4` -i4  module_diag_afwa.f90

real	0m6.063s
user	0m5.519s
sys	0m0.513s
rm -f module_fr_fire_core.o
sed -e "s/^\!.*'.*//" -e "s/^ *\!.*'.*//" module_fr_fire_core.F > module_fr_fire_core.G
/lib/cpp -P -nostdinc -I/glade/derecho/scratch/yates/NEOM_WRF/wrfv4.6.0/inc -DEM_CORE=1 -DNMM_CORE=0 -DNMM_MAX_DIM=2600 -DDA_CORE=0 -DWRFPLUS=0 -DIWORDSIZE=4 -DDWORDSIZE=8 -DRWORDSIZE=4 -DLWORDSIZE=4 -DNONSTANDARD_SYSTEM_FUNC  -DWRF_USE_CLM -DUSE_NETCDF4_FEATURES -DWRFIO_NCD_LARGE_FILE_SUPPORT  -DDM_PARALLEL -DNETCDF -DLANDREAD_STUB=1 -DUSE_ALLOCATABLES -Dwrfmodel -DGRIB1 -DINTIO -DKEEP_INT_AROUND -DLIMIT_ARGS -DBUILD_RRTMG_FAST=0 -DBUILD_RRTMK=0 -DBUILD_SBM_FAST=1 -DSHOW_ALL_VARS_USED=0 -DCONFIG_BUF_LEN=65536 -DMAX_DOMAINS_F=21 -DMAX_HISTORY=25 -DNMM_NEST=0 -DWRF_CHEM -DBUILD_CHEM=1 -I. -traditional-cpp -DUSE_NETCDF4_FEATURES -DWRFIO_NCD_LARGE_FILE_SUPPORT   module_fr_fire_core.G  > module_fr_fire_core.bb
/glade/derecho/scratch/yates/NEOM_WRF/wrfv4.6.0/tools/standard.exe module_fr_fire_core.bb | /lib/cpp -P -nostdinc -traditional-cpp -DUSE_NETCDF4_FEATURES -DWRFIO_NCD_LARGE_FILE_SUPPORT > module_fr_fire_core.f90
rm -f module_fr_fire_core.G module_fr_fire_core.bb
time mpif90 -f90=ifort -o module_fr_fire_core.o -c -O3 -ip -fp-model precise -w -ftz -align all -fno-alias -FR -convert big_endian    -I../dyn_em  -I/glade/derecho/scratch/yates/NEOM_WRF/wrfv4.6.0/external/esmf_time_f90  -I/glade/derecho/scratch/yates/NEOM_WRF/wrfv4.6.0/main -I/glade/derecho/scratch/yates/NEOM_WRF/wrfv4.6.0/external/io_netcdf -I/glade/derecho/scratch/yates/NEOM_WRF/wrfv4.6.0/external/io_int -I/glade/derecho/scratch/yates/NEOM_WRF/wrfv4.6.0/frame -I/glade/derecho/scratch/yates/NEOM_WRF/wrfv4.6.0/share -I/glade/derecho/scratch/yates/NEOM_WRF/wrfv4.6.0/phys -I/glade/derecho/scratch/yates/NEOM_WRF/wrfv4.6.0/wrftladj -I/glade/derecho/scratch/yates/NEOM_WRF/wrfv4.6.0/chem -I/glade/derecho/scratch/yates/NEOM_WRF/wrfv4.6.0/inc -I/glade/u/apps/derecho/23.09/spack/opt/spack/netcdf/4.9.2/oneapi/2023.2.1/yzvj/include  -real-size `expr 8 \* 4` -i4  module_fr_fire_core.f90

real	0m7.755s
user	0m5.815s
sys	0m1.713s
rm -f module_cam_gffgch.o
sed -e "s/^\!.*'.*//" -e "s/^ *\!.*'.*//" module_cam_gffgch.F > module_cam_gffgch.G
/lib/cpp -P -nostdinc -I/glade/derecho/scratch/yates/NEOM_WRF/wrfv4.6.0/inc -DEM_CORE=1 -DNMM_CORE=0 -DNMM_MAX_DIM=2600 -DDA_CORE=0 -DWRFPLUS=0 -DIWORDSIZE=4 -DDWORDSIZE=8 -DRWORDSIZE=4 -DLWORDSIZE=4 -DNONSTANDARD_SYSTEM_FUNC  -DWRF_USE_CLM -DUSE_NETCDF4_FEATURES -DWRFIO_NCD_LARGE_FILE_SUPPORT  -DDM_PARALLEL -DNETCDF -DLANDREAD_STUB=1 -DUSE_ALLOCATABLES -Dwrfmodel -DGRIB1 -DINTIO -DKEEP_INT_AROUND -DLIMIT_ARGS -DBUILD_RRTMG_FAST=0 -DBUILD_RRTMK=0 -DBUILD_SBM_FAST=1 -DSHOW_ALL_VARS_USED=0 -DCONFIG_BUF_LEN=65536 -DMAX_DOMAINS_F=21 -DMAX_HISTORY=25 -DNMM_NEST=0 -DWRF_CHEM -DBUILD_CHEM=1 -I. -traditional-cpp -DUSE_NETCDF4_FEATURES -DWRFIO_NCD_LARGE_FILE_SUPPORT   module_cam_gffgch.G  > module_cam_gffgch.bb
/glade/derecho/scratch/yates/NEOM_WRF/wrfv4.6.0/tools/standard.exe module_cam_gffgch.bb | /lib/cpp -P -nostdinc -traditional-cpp -DUSE_NETCDF4_FEATURES -DWRFIO_NCD_LARGE_FILE_SUPPORT > module_cam_gffgch.f90
rm -f module_cam_gffgch.G module_cam_gffgch.bb
time mpif90 -f90=ifort -o module_cam_gffgch.o -c -O3 -ip -fp-model precise -w -ftz -align all -fno-alias -FR -convert big_endian    -I../dyn_em  -I/glade/derecho/scratch/yates/NEOM_WRF/wrfv4.6.0/external/esmf_time_f90  -I/glade/derecho/scratch/yates/NEOM_WRF/wrfv4.6.0/main -I/glade/derecho/scratch/yates/NEOM_WRF/wrfv4.6.0/external/io_netcdf -I/glade/derecho/scratch/yates/NEOM_WRF/wrfv4.6.0/external/io_int -I/glade/derecho/scratch/yates/NEOM_WRF/wrfv4.6.0/frame -I/glade/derecho/scratch/yates/NEOM_WRF/wrfv4.6.0/share -I/glade/derecho/scratch/yates/NEOM_WRF/wrfv4.6.0/phys -I/glade/derecho/scratch/yates/NEOM_WRF/wrfv4.6.0/wrftladj -I/glade/derecho/scratch/yates/NEOM_WRF/wrfv4.6.0/chem -I/glade/derecho/scratch/yates/NEOM_WRF/wrfv4.6.0/inc -I/glade/u/apps/derecho/23.09/spack/opt/spack/netcdf/4.9.2/oneapi/2023.2.1/yzvj/include  -real-size `expr 8 \* 4` -i4  module_cam_gffgch.f90

real	0m0.432s
user	0m0.071s
sys	0m0.334s
rm -f module_cam_constituents.o
sed -e "s/^\!.*'.*//" -e "s/^ *\!.*'.*//" module_cam_constituents.F > module_cam_constituents.G
/lib/cpp -P -nostdinc -I/glade/derecho/scratch/yates/NEOM_WRF/wrfv4.6.0/inc -DEM_CORE=1 -DNMM_CORE=0 -DNMM_MAX_DIM=2600 -DDA_CORE=0 -DWRFPLUS=0 -DIWORDSIZE=4 -DDWORDSIZE=8 -DRWORDSIZE=4 -DLWORDSIZE=4 -DNONSTANDARD_SYSTEM_FUNC  -DWRF_USE_CLM -DUSE_NETCDF4_FEATURES -DWRFIO_NCD_LARGE_FILE_SUPPORT  -DDM_PARALLEL -DNETCDF -DLANDREAD_STUB=1 -DUSE_ALLOCATABLES -Dwrfmodel -DGRIB1 -DINTIO -DKEEP_INT_AROUND -DLIMIT_ARGS -DBUILD_RRTMG_FAST=0 -DBUILD_RRTMK=0 -DBUILD_SBM_FAST=1 -DSHOW_ALL_VARS_USED=0 -DCONFIG_BUF_LEN=65536 -DMAX_DOMAINS_F=21 -DMAX_HISTORY=25 -DNMM_NEST=0 -DWRF_CHEM -DBUILD_CHEM=1 -I. -traditional-cpp -DUSE_NETCDF4_FEATURES -DWRFIO_NCD_LARGE_FILE_SUPPORT   module_cam_constituents.G  > module_cam_constituents.bb
/glade/derecho/scratch/yates/NEOM_WRF/wrfv4.6.0/tools/standard.exe module_cam_constituents.bb | /lib/cpp -P -nostdinc -traditional-cpp -DUSE_NETCDF4_FEATURES -DWRFIO_NCD_LARGE_FILE_SUPPORT > module_cam_constituents.f90
rm -f module_cam_constituents.G module_cam_constituents.bb
time mpif90 -f90=ifort -o module_cam_constituents.o -c -O3 -ip -fp-model precise -w -ftz -align all -fno-alias -FR -convert big_endian    -I../dyn_em  -I/glade/derecho/scratch/yates/NEOM_WRF/wrfv4.6.0/external/esmf_time_f90  -I/glade/derecho/scratch/yates/NEOM_WRF/wrfv4.6.0/main -I/glade/derecho/scratch/yates/NEOM_WRF/wrfv4.6.0/external/io_netcdf -I/glade/derecho/scratch/yates/NEOM_WRF/wrfv4.6.0/external/io_int -I/glade/derecho/scratch/yates/NEOM_WRF/wrfv4.6.0/frame -I/glade/derecho/scratch/yates/NEOM_WRF/wrfv4.6.0/share -I/glade/derecho/scratch/yates/NEOM_WRF/wrfv4.6.0/phys -I/glade/derecho/scratch/yates/NEOM_WRF/wrfv4.6.0/wrftladj -I/glade/derecho/scratch/yates/NEOM_WRF/wrfv4.6.0/chem -I/glade/derecho/scratch/yates/NEOM_WRF/wrfv4.6.0/inc -I/glade/u/apps/derecho/23.09/spack/opt/spack/netcdf/4.9.2/oneapi/2023.2.1/yzvj/include  -real-size `expr 8 \* 4` -i4  module_cam_constituents.f90

real	0m0.656s
user	0m0.179s
sys	0m0.317s
rm -f module_cam_mp_modal_aero_initialize_data_phys.o
sed -e "s/^\!.*'.*//" -e "s/^ *\!.*'.*//" module_cam_mp_modal_aero_initialize_data_phys.F > module_cam_mp_modal_aero_initialize_data_phys.G
/lib/cpp -P -nostdinc -I/glade/derecho/scratch/yates/NEOM_WRF/wrfv4.6.0/inc -DEM_CORE=1 -DNMM_CORE=0 -DNMM_MAX_DIM=2600 -DDA_CORE=0 -DWRFPLUS=0 -DIWORDSIZE=4 -DDWORDSIZE=8 -DRWORDSIZE=4 -DLWORDSIZE=4 -DNONSTANDARD_SYSTEM_FUNC  -DWRF_USE_CLM -DUSE_NETCDF4_FEATURES -DWRFIO_NCD_LARGE_FILE_SUPPORT  -DDM_PARALLEL -DNETCDF -DLANDREAD_STUB=1 -DUSE_ALLOCATABLES -Dwrfmodel -DGRIB1 -DINTIO -DKEEP_INT_AROUND -DLIMIT_ARGS -DBUILD_RRTMG_FAST=0 -DBUILD_RRTMK=0 -DBUILD_SBM_FAST=1 -DSHOW_ALL_VARS_USED=0 -DCONFIG_BUF_LEN=65536 -DMAX_DOMAINS_F=21 -DMAX_HISTORY=25 -DNMM_NEST=0 -DWRF_CHEM -DBUILD_CHEM=1 -I. -traditional-cpp -DUSE_NETCDF4_FEATURES -DWRFIO_NCD_LARGE_FILE_SUPPORT   module_cam_mp_modal_aero_initialize_data_phys.G  > module_cam_mp_modal_aero_initialize_data_phys.bb
/glade/derecho/scratch/yates/NEOM_WRF/wrfv4.6.0/tools/standard.exe module_cam_mp_modal_aero_initialize_data_phys.bb | /lib/cpp -P -nostdinc -traditional-cpp -DUSE_NETCDF4_FEATURES -DWRFIO_NCD_LARGE_FILE_SUPPORT > module_cam_mp_modal_aero_initialize_data_phys.f90
rm -f module_cam_mp_modal_aero_initialize_data_phys.G module_cam_mp_modal_aero_initialize_data_phys.bb
time mpif90 -f90=ifort -o module_cam_mp_modal_aero_initialize_data_phys.o -c -O3 -ip -fp-model precise -w -ftz -align all -fno-alias -FR -convert big_endian    -I../dyn_em  -I/glade/derecho/scratch/yates/NEOM_WRF/wrfv4.6.0/external/esmf_time_f90  -I/glade/derecho/scratch/yates/NEOM_WRF/wrfv4.6.0/main -I/glade/derecho/scratch/yates/NEOM_WRF/wrfv4.6.0/external/io_netcdf -I/glade/derecho/scratch/yates/NEOM_WRF/wrfv4.6.0/external/io_int -I/glade/derecho/scratch/yates/NEOM_WRF/wrfv4.6.0/frame -I/glade/derecho/scratch/yates/NEOM_WRF/wrfv4.6.0/share -I/glade/derecho/scratch/yates/NEOM_WRF/wrfv4.6.0/phys -I/glade/derecho/scratch/yates/NEOM_WRF/wrfv4.6.0/wrftladj -I/glade/derecho/scratch/yates/NEOM_WRF/wrfv4.6.0/chem -I/glade/derecho/scratch/yates/NEOM_WRF/wrfv4.6.0/inc -I/glade/u/apps/derecho/23.09/spack/opt/spack/netcdf/4.9.2/oneapi/2023.2.1/yzvj/include  -real-size `expr 8 \* 4` -i4  module_cam_mp_modal_aero_initialize_data_phys.f90

real	0m0.638s
user	0m0.155s
sys	0m0.296s
rm -f module_cu_gf_sh.o
sed -e "s/^\!.*'.*//" -e "s/^ *\!.*'.*//" module_cu_gf_sh.F > module_cu_gf_sh.G
/lib/cpp -P -nostdinc -I/glade/derecho/scratch/yates/NEOM_WRF/wrfv4.6.0/inc -DEM_CORE=1 -DNMM_CORE=0 -DNMM_MAX_DIM=2600 -DDA_CORE=0 -DWRFPLUS=0 -DIWORDSIZE=4 -DDWORDSIZE=8 -DRWORDSIZE=4 -DLWORDSIZE=4 -DNONSTANDARD_SYSTEM_FUNC  -DWRF_USE_CLM -DUSE_NETCDF4_FEATURES -DWRFIO_NCD_LARGE_FILE_SUPPORT  -DDM_PARALLEL -DNETCDF -DLANDREAD_STUB=1 -DUSE_ALLOCATABLES -Dwrfmodel -DGRIB1 -DINTIO -DKEEP_INT_AROUND -DLIMIT_ARGS -DBUILD_RRTMG_FAST=0 -DBUILD_RRTMK=0 -DBUILD_SBM_FAST=1 -DSHOW_ALL_VARS_USED=0 -DCONFIG_BUF_LEN=65536 -DMAX_DOMAINS_F=21 -DMAX_HISTORY=25 -DNMM_NEST=0 -DWRF_CHEM -DBUILD_CHEM=1 -I. -traditional-cpp -DUSE_NETCDF4_FEATURES -DWRFIO_NCD_LARGE_FILE_SUPPORT   module_cu_gf_sh.G  > module_cu_gf_sh.bb
/glade/derecho/scratch/yates/NEOM_WRF/wrfv4.6.0/tools/standard.exe module_cu_gf_sh.bb | /lib/cpp -P -nostdinc -traditional-cpp -DUSE_NETCDF4_FEATURES -DWRFIO_NCD_LARGE_FILE_SUPPORT > module_cu_gf_sh.f90
rm -f module_cu_gf_sh.G module_cu_gf_sh.bb
time mpif90 -f90=ifort -o module_cu_gf_sh.o -c -O3 -ip -fp-model precise -w -ftz -align all -fno-alias -FR -convert big_endian    -I../dyn_em  -I/glade/derecho/scratch/yates/NEOM_WRF/wrfv4.6.0/external/esmf_time_f90  -I/glade/derecho/scratch/yates/NEOM_WRF/wrfv4.6.0/main -I/glade/derecho/scratch/yates/NEOM_WRF/wrfv4.6.0/external/io_netcdf -I/glade/derecho/scratch/yates/NEOM_WRF/wrfv4.6.0/external/io_int -I/glade/derecho/scratch/yates/NEOM_WRF/wrfv4.6.0/frame -I/glade/derecho/scratch/yates/NEOM_WRF/wrfv4.6.0/share -I/glade/derecho/scratch/yates/NEOM_WRF/wrfv4.6.0/phys -I/glade/derecho/scratch/yates/NEOM_WRF/wrfv4.6.0/wrftladj -I/glade/derecho/scratch/yates/NEOM_WRF/wrfv4.6.0/chem -I/glade/derecho/scratch/yates/NEOM_WRF/wrfv4.6.0/inc -I/glade/u/apps/derecho/23.09/spack/opt/spack/netcdf/4.9.2/oneapi/2023.2.1/yzvj/include  -real-size `expr 8 \* 4` -i4  module_cu_gf_sh.f90

real	0m2.955s
user	0m2.047s
sys	0m0.375s
rm -f module_radiation_driver.o
sed -e "s/^\!.*'.*//" -e "s/^ *\!.*'.*//" module_radiation_driver.F > module_radiation_driver.G
/lib/cpp -P -nostdinc -I/glade/derecho/scratch/yates/NEOM_WRF/wrfv4.6.0/inc -DEM_CORE=1 -DNMM_CORE=0 -DNMM_MAX_DIM=2600 -DDA_CORE=0 -DWRFPLUS=0 -DIWORDSIZE=4 -DDWORDSIZE=8 -DRWORDSIZE=4 -DLWORDSIZE=4 -DNONSTANDARD_SYSTEM_FUNC  -DWRF_USE_CLM -DUSE_NETCDF4_FEATURES -DWRFIO_NCD_LARGE_FILE_SUPPORT  -DDM_PARALLEL -DNETCDF -DLANDREAD_STUB=1 -DUSE_ALLOCATABLES -Dwrfmodel -DGRIB1 -DINTIO -DKEEP_INT_AROUND -DLIMIT_ARGS -DBUILD_RRTMG_FAST=0 -DBUILD_RRTMK=0 -DBUILD_SBM_FAST=1 -DSHOW_ALL_VARS_USED=0 -DCONFIG_BUF_LEN=65536 -DMAX_DOMAINS_F=21 -DMAX_HISTORY=25 -DNMM_NEST=0 -DWRF_CHEM -DBUILD_CHEM=1 -I. -traditional-cpp -DUSE_NETCDF4_FEATURES -DWRFIO_NCD_LARGE_FILE_SUPPORT   module_radiation_driver.G  > module_radiation_driver.bb
/glade/derecho/scratch/yates/NEOM_WRF/wrfv4.6.0/tools/standard.exe module_radiation_driver.bb | /lib/cpp -P -nostdinc -traditional-cpp -DUSE_NETCDF4_FEATURES -DWRFIO_NCD_LARGE_FILE_SUPPORT > module_radiation_driver.f90
rm -f module_radiation_driver.G module_radiation_driver.bb
time mpif90 -f90=ifort -o module_radiation_driver.o -c -O3 -ip -fp-model precise -w -ftz -align all -fno-alias -FR -convert big_endian    -I../dyn_em  -I/glade/derecho/scratch/yates/NEOM_WRF/wrfv4.6.0/external/esmf_time_f90  -I/glade/derecho/scratch/yates/NEOM_WRF/wrfv4.6.0/main -I/glade/derecho/scratch/yates/NEOM_WRF/wrfv4.6.0/external/io_netcdf -I/glade/derecho/scratch/yates/NEOM_WRF/wrfv4.6.0/external/io_int -I/glade/derecho/scratch/yates/NEOM_WRF/wrfv4.6.0/frame -I/glade/derecho/scratch/yates/NEOM_WRF/wrfv4.6.0/share -I/glade/derecho/scratch/yates/NEOM_WRF/wrfv4.6.0/phys -I/glade/derecho/scratch/yates/NEOM_WRF/wrfv4.6.0/wrftladj -I/glade/derecho/scratch/yates/NEOM_WRF/wrfv4.6.0/chem -I/glade/derecho/scratch/yates/NEOM_WRF/wrfv4.6.0/inc -I/glade/u/apps/derecho/23.09/spack/opt/spack/netcdf/4.9.2/oneapi/2023.2.1/yzvj/include  -real-size `expr 8 \* 4` -i4  module_radiation_driver.f90

real	0m21.340s
user	0m19.542s
sys	0m1.427s
rm -f module_mp_wsm6.o
sed -e "s/^\!.*'.*//" -e "s/^ *\!.*'.*//" module_mp_wsm6.F > module_mp_wsm6.G
/lib/cpp -P -nostdinc -I/glade/derecho/scratch/yates/NEOM_WRF/wrfv4.6.0/inc -DEM_CORE=1 -DNMM_CORE=0 -DNMM_MAX_DIM=2600 -DDA_CORE=0 -DWRFPLUS=0 -DIWORDSIZE=4 -DDWORDSIZE=8 -DRWORDSIZE=4 -DLWORDSIZE=4 -DNONSTANDARD_SYSTEM_FUNC  -DWRF_USE_CLM -DUSE_NETCDF4_FEATURES -DWRFIO_NCD_LARGE_FILE_SUPPORT  -DDM_PARALLEL -DNETCDF -DLANDREAD_STUB=1 -DUSE_ALLOCATABLES -Dwrfmodel -DGRIB1 -DINTIO -DKEEP_INT_AROUND -DLIMIT_ARGS -DBUILD_RRTMG_FAST=0 -DBUILD_RRTMK=0 -DBUILD_SBM_FAST=1 -DSHOW_ALL_VARS_USED=0 -DCONFIG_BUF_LEN=65536 -DMAX_DOMAINS_F=21 -DMAX_HISTORY=25 -DNMM_NEST=0 -DWRF_CHEM -DBUILD_CHEM=1 -I. -traditional-cpp -DUSE_NETCDF4_FEATURES -DWRFIO_NCD_LARGE_FILE_SUPPORT   module_mp_wsm6.G  > module_mp_wsm6.bb
/glade/derecho/scratch/yates/NEOM_WRF/wrfv4.6.0/tools/standard.exe module_mp_wsm6.bb | /lib/cpp -P -nostdinc -traditional-cpp -DUSE_NETCDF4_FEATURES -DWRFIO_NCD_LARGE_FILE_SUPPORT > module_mp_wsm6.f90
rm -f module_mp_wsm6.G module_mp_wsm6.bb
time mpif90 -f90=ifort -o module_mp_wsm6.o -c -O3 -ip -fp-model precise -w -ftz -align all -fno-alias -FR -convert big_endian    -I../dyn_em  -I/glade/derecho/scratch/yates/NEOM_WRF/wrfv4.6.0/external/esmf_time_f90  -I/glade/derecho/scratch/yates/NEOM_WRF/wrfv4.6.0/main -I/glade/derecho/scratch/yates/NEOM_WRF/wrfv4.6.0/external/io_netcdf -I/glade/derecho/scratch/yates/NEOM_WRF/wrfv4.6.0/external/io_int -I/glade/derecho/scratch/yates/NEOM_WRF/wrfv4.6.0/frame -I/glade/derecho/scratch/yates/NEOM_WRF/wrfv4.6.0/share -I/glade/derecho/scratch/yates/NEOM_WRF/wrfv4.6.0/phys -I/glade/derecho/scratch/yates/NEOM_WRF/wrfv4.6.0/wrftladj -I/glade/derecho/scratch/yates/NEOM_WRF/wrfv4.6.0/chem -I/glade/derecho/scratch/yates/NEOM_WRF/wrfv4.6.0/inc -I/glade/u/apps/derecho/23.09/spack/opt/spack/netcdf/4.9.2/oneapi/2023.2.1/yzvj/include  -real-size `expr 8 \* 4` -i4  module_mp_wsm6.f90

real	0m1.441s
user	0m1.094s
sys	0m0.303s
rm -f module_sf_noahdrv.o
sed -e "s/^\!.*'.*//" -e "s/^ *\!.*'.*//" module_sf_noahdrv.F > module_sf_noahdrv.G
/lib/cpp -P -nostdinc -I/glade/derecho/scratch/yates/NEOM_WRF/wrfv4.6.0/inc -DEM_CORE=1 -DNMM_CORE=0 -DNMM_MAX_DIM=2600 -DDA_CORE=0 -DWRFPLUS=0 -DIWORDSIZE=4 -DDWORDSIZE=8 -DRWORDSIZE=4 -DLWORDSIZE=4 -DNONSTANDARD_SYSTEM_FUNC  -DWRF_USE_CLM -DUSE_NETCDF4_FEATURES -DWRFIO_NCD_LARGE_FILE_SUPPORT  -DDM_PARALLEL -DNETCDF -DLANDREAD_STUB=1 -DUSE_ALLOCATABLES -Dwrfmodel -DGRIB1 -DINTIO -DKEEP_INT_AROUND -DLIMIT_ARGS -DBUILD_RRTMG_FAST=0 -DBUILD_RRTMK=0 -DBUILD_SBM_FAST=1 -DSHOW_ALL_VARS_USED=0 -DCONFIG_BUF_LEN=65536 -DMAX_DOMAINS_F=21 -DMAX_HISTORY=25 -DNMM_NEST=0 -DWRF_CHEM -DBUILD_CHEM=1 -I. -traditional-cpp -DUSE_NETCDF4_FEATURES -DWRFIO_NCD_LARGE_FILE_SUPPORT   module_sf_noahdrv.G  > module_sf_noahdrv.bb
/glade/derecho/scratch/yates/NEOM_WRF/wrfv4.6.0/tools/standard.exe module_sf_noahdrv.bb | /lib/cpp -P -nostdinc -traditional-cpp -DUSE_NETCDF4_FEATURES -DWRFIO_NCD_LARGE_FILE_SUPPORT > module_sf_noahdrv.f90
rm -f module_sf_noahdrv.G module_sf_noahdrv.bb
time mpif90 -f90=ifort -o module_sf_noahdrv.o -c -O3 -ip -fp-model precise -w -ftz -align all -fno-alias -FR -convert big_endian    -I../dyn_em  -I/glade/derecho/scratch/yates/NEOM_WRF/wrfv4.6.0/external/esmf_time_f90  -I/glade/derecho/scratch/yates/NEOM_WRF/wrfv4.6.0/main -I/glade/derecho/scratch/yates/NEOM_WRF/wrfv4.6.0/external/io_netcdf -I/glade/derecho/scratch/yates/NEOM_WRF/wrfv4.6.0/external/io_int -I/glade/derecho/scratch/yates/NEOM_WRF/wrfv4.6.0/frame -I/glade/derecho/scratch/yates/NEOM_WRF/wrfv4.6.0/share -I/glade/derecho/scratch/yates/NEOM_WRF/wrfv4.6.0/phys -I/glade/derecho/scratch/yates/NEOM_WRF/wrfv4.6.0/wrftladj -I/glade/derecho/scratch/yates/NEOM_WRF/wrfv4.6.0/chem -I/glade/derecho/scratch/yates/NEOM_WRF/wrfv4.6.0/inc -I/glade/u/apps/derecho/23.09/spack/opt/spack/netcdf/4.9.2/oneapi/2023.2.1/yzvj/include  -real-size `expr 8 \* 4` -i4  module_sf_noahdrv.f90

real	0m7.035s
user	0m6.554s
sys	0m0.428s
rm -f module_diagnostics_driver.o
sed -e "s/^\!.*'.*//" -e "s/^ *\!.*'.*//" module_diagnostics_driver.F > module_diagnostics_driver.G
/lib/cpp -P -nostdinc -I/glade/derecho/scratch/yates/NEOM_WRF/wrfv4.6.0/inc -DEM_CORE=1 -DNMM_CORE=0 -DNMM_MAX_DIM=2600 -DDA_CORE=0 -DWRFPLUS=0 -DIWORDSIZE=4 -DDWORDSIZE=8 -DRWORDSIZE=4 -DLWORDSIZE=4 -DNONSTANDARD_SYSTEM_FUNC  -DWRF_USE_CLM -DUSE_NETCDF4_FEATURES -DWRFIO_NCD_LARGE_FILE_SUPPORT  -DDM_PARALLEL -DNETCDF -DLANDREAD_STUB=1 -DUSE_ALLOCATABLES -Dwrfmodel -DGRIB1 -DINTIO -DKEEP_INT_AROUND -DLIMIT_ARGS -DBUILD_RRTMG_FAST=0 -DBUILD_RRTMK=0 -DBUILD_SBM_FAST=1 -DSHOW_ALL_VARS_USED=0 -DCONFIG_BUF_LEN=65536 -DMAX_DOMAINS_F=21 -DMAX_HISTORY=25 -DNMM_NEST=0 -DWRF_CHEM -DBUILD_CHEM=1 -I. -traditional-cpp -DUSE_NETCDF4_FEATURES -DWRFIO_NCD_LARGE_FILE_SUPPORT   module_diagnostics_driver.G  > module_diagnostics_driver.bb
/glade/derecho/scratch/yates/NEOM_WRF/wrfv4.6.0/tools/standard.exe module_diagnostics_driver.bb | /lib/cpp -P -nostdinc -traditional-cpp -DUSE_NETCDF4_FEATURES -DWRFIO_NCD_LARGE_FILE_SUPPORT > module_diagnostics_driver.f90
rm -f module_diagnostics_driver.G module_diagnostics_driver.bb
time mpif90 -f90=ifort -o module_diagnostics_driver.o -c -O3 -ip -fp-model precise -w -ftz -align all -fno-alias -FR -convert big_endian    -I../dyn_em  -I/glade/derecho/scratch/yates/NEOM_WRF/wrfv4.6.0/external/esmf_time_f90  -I/glade/derecho/scratch/yates/NEOM_WRF/wrfv4.6.0/main -I/glade/derecho/scratch/yates/NEOM_WRF/wrfv4.6.0/external/io_netcdf -I/glade/derecho/scratch/yates/NEOM_WRF/wrfv4.6.0/external/io_int -I/glade/derecho/scratch/yates/NEOM_WRF/wrfv4.6.0/frame -I/glade/derecho/scratch/yates/NEOM_WRF/wrfv4.6.0/share -I/glade/derecho/scratch/yates/NEOM_WRF/wrfv4.6.0/phys -I/glade/derecho/scratch/yates/NEOM_WRF/wrfv4.6.0/wrftladj -I/glade/derecho/scratch/yates/NEOM_WRF/wrfv4.6.0/chem -I/glade/derecho/scratch/yates/NEOM_WRF/wrfv4.6.0/inc -I/glade/u/apps/derecho/23.09/spack/opt/spack/netcdf/4.9.2/oneapi/2023.2.1/yzvj/include  -real-size `expr 8 \* 4` -i4  module_diagnostics_driver.f90

real	0m8.234s
user	0m6.776s
sys	0m0.478s
rm -f module_fr_fire_model.o
sed -e "s/^\!.*'.*//" -e "s/^ *\!.*'.*//" module_fr_fire_model.F > module_fr_fire_model.G
/lib/cpp -P -nostdinc -I/glade/derecho/scratch/yates/NEOM_WRF/wrfv4.6.0/inc -DEM_CORE=1 -DNMM_CORE=0 -DNMM_MAX_DIM=2600 -DDA_CORE=0 -DWRFPLUS=0 -DIWORDSIZE=4 -DDWORDSIZE=8 -DRWORDSIZE=4 -DLWORDSIZE=4 -DNONSTANDARD_SYSTEM_FUNC  -DWRF_USE_CLM -DUSE_NETCDF4_FEATURES -DWRFIO_NCD_LARGE_FILE_SUPPORT  -DDM_PARALLEL -DNETCDF -DLANDREAD_STUB=1 -DUSE_ALLOCATABLES -Dwrfmodel -DGRIB1 -DINTIO -DKEEP_INT_AROUND -DLIMIT_ARGS -DBUILD_RRTMG_FAST=0 -DBUILD_RRTMK=0 -DBUILD_SBM_FAST=1 -DSHOW_ALL_VARS_USED=0 -DCONFIG_BUF_LEN=65536 -DMAX_DOMAINS_F=21 -DMAX_HISTORY=25 -DNMM_NEST=0 -DWRF_CHEM -DBUILD_CHEM=1 -I. -traditional-cpp -DUSE_NETCDF4_FEATURES -DWRFIO_NCD_LARGE_FILE_SUPPORT   module_fr_fire_model.G  > module_fr_fire_model.bb
/glade/derecho/scratch/yates/NEOM_WRF/wrfv4.6.0/tools/standard.exe module_fr_fire_model.bb | /lib/cpp -P -nostdinc -traditional-cpp -DUSE_NETCDF4_FEATURES -DWRFIO_NCD_LARGE_FILE_SUPPORT > module_fr_fire_model.f90
rm -f module_fr_fire_model.G module_fr_fire_model.bb
time mpif90 -f90=ifort -o module_fr_fire_model.o -c -O3 -ip -fp-model precise -w -ftz -align all -fno-alias -FR -convert big_endian    -I../dyn_em  -I/glade/derecho/scratch/yates/NEOM_WRF/wrfv4.6.0/external/esmf_time_f90  -I/glade/derecho/scratch/yates/NEOM_WRF/wrfv4.6.0/main -I/glade/derecho/scratch/yates/NEOM_WRF/wrfv4.6.0/external/io_netcdf -I/glade/derecho/scratch/yates/NEOM_WRF/wrfv4.6.0/external/io_int -I/glade/derecho/scratch/yates/NEOM_WRF/wrfv4.6.0/frame -I/glade/derecho/scratch/yates/NEOM_WRF/wrfv4.6.0/share -I/glade/derecho/scratch/yates/NEOM_WRF/wrfv4.6.0/phys -I/glade/derecho/scratch/yates/NEOM_WRF/wrfv4.6.0/wrftladj -I/glade/derecho/scratch/yates/NEOM_WRF/wrfv4.6.0/chem -I/glade/derecho/scratch/yates/NEOM_WRF/wrfv4.6.0/inc -I/glade/u/apps/derecho/23.09/spack/opt/spack/netcdf/4.9.2/oneapi/2023.2.1/yzvj/include  -real-size `expr 8 \* 4` -i4  module_fr_fire_model.f90

real	0m4.354s
user	0m3.116s
sys	0m1.163s
rm -f module_cam_wv_saturation.o
sed -e "s/^\!.*'.*//" -e "s/^ *\!.*'.*//" module_cam_wv_saturation.F > module_cam_wv_saturation.G
/lib/cpp -P -nostdinc -I/glade/derecho/scratch/yates/NEOM_WRF/wrfv4.6.0/inc -DEM_CORE=1 -DNMM_CORE=0 -DNMM_MAX_DIM=2600 -DDA_CORE=0 -DWRFPLUS=0 -DIWORDSIZE=4 -DDWORDSIZE=8 -DRWORDSIZE=4 -DLWORDSIZE=4 -DNONSTANDARD_SYSTEM_FUNC  -DWRF_USE_CLM -DUSE_NETCDF4_FEATURES -DWRFIO_NCD_LARGE_FILE_SUPPORT  -DDM_PARALLEL -DNETCDF -DLANDREAD_STUB=1 -DUSE_ALLOCATABLES -Dwrfmodel -DGRIB1 -DINTIO -DKEEP_INT_AROUND -DLIMIT_ARGS -DBUILD_RRTMG_FAST=0 -DBUILD_RRTMK=0 -DBUILD_SBM_FAST=1 -DSHOW_ALL_VARS_USED=0 -DCONFIG_BUF_LEN=65536 -DMAX_DOMAINS_F=21 -DMAX_HISTORY=25 -DNMM_NEST=0 -DWRF_CHEM -DBUILD_CHEM=1 -I. -traditional-cpp -DUSE_NETCDF4_FEATURES -DWRFIO_NCD_LARGE_FILE_SUPPORT   module_cam_wv_saturation.G  > module_cam_wv_saturation.bb
/glade/derecho/scratch/yates/NEOM_WRF/wrfv4.6.0/tools/standard.exe module_cam_wv_saturation.bb | /lib/cpp -P -nostdinc -traditional-cpp -DUSE_NETCDF4_FEATURES -DWRFIO_NCD_LARGE_FILE_SUPPORT > module_cam_wv_saturation.f90
rm -f module_cam_wv_saturation.G module_cam_wv_saturation.bb
time mpif90 -f90=ifort -o module_cam_wv_saturation.o -c -O3 -ip -fp-model precise -w -ftz -align all -fno-alias -FR -convert big_endian    -I../dyn_em  -I/glade/derecho/scratch/yates/NEOM_WRF/wrfv4.6.0/external/esmf_time_f90  -I/glade/derecho/scratch/yates/NEOM_WRF/wrfv4.6.0/main -I/glade/derecho/scratch/yates/NEOM_WRF/wrfv4.6.0/external/io_netcdf -I/glade/derecho/scratch/yates/NEOM_WRF/wrfv4.6.0/external/io_int -I/glade/derecho/scratch/yates/NEOM_WRF/wrfv4.6.0/frame -I/glade/derecho/scratch/yates/NEOM_WRF/wrfv4.6.0/share -I/glade/derecho/scratch/yates/NEOM_WRF/wrfv4.6.0/phys -I/glade/derecho/scratch/yates/NEOM_WRF/wrfv4.6.0/wrftladj -I/glade/derecho/scratch/yates/NEOM_WRF/wrfv4.6.0/chem -I/glade/derecho/scratch/yates/NEOM_WRF/wrfv4.6.0/inc -I/glade/u/apps/derecho/23.09/spack/opt/spack/netcdf/4.9.2/oneapi/2023.2.1/yzvj/include  -real-size `expr 8 \* 4` -i4  module_cam_wv_saturation.f90

real	0m0.814s
user	0m0.460s
sys	0m0.327s
rm -f module_cam_molec_diff.o
sed -e "s/^\!.*'.*//" -e "s/^ *\!.*'.*//" module_cam_molec_diff.F > module_cam_molec_diff.G
/lib/cpp -P -nostdinc -I/glade/derecho/scratch/yates/NEOM_WRF/wrfv4.6.0/inc -DEM_CORE=1 -DNMM_CORE=0 -DNMM_MAX_DIM=2600 -DDA_CORE=0 -DWRFPLUS=0 -DIWORDSIZE=4 -DDWORDSIZE=8 -DRWORDSIZE=4 -DLWORDSIZE=4 -DNONSTANDARD_SYSTEM_FUNC  -DWRF_USE_CLM -DUSE_NETCDF4_FEATURES -DWRFIO_NCD_LARGE_FILE_SUPPORT  -DDM_PARALLEL -DNETCDF -DLANDREAD_STUB=1 -DUSE_ALLOCATABLES -Dwrfmodel -DGRIB1 -DINTIO -DKEEP_INT_AROUND -DLIMIT_ARGS -DBUILD_RRTMG_FAST=0 -DBUILD_RRTMK=0 -DBUILD_SBM_FAST=1 -DSHOW_ALL_VARS_USED=0 -DCONFIG_BUF_LEN=65536 -DMAX_DOMAINS_F=21 -DMAX_HISTORY=25 -DNMM_NEST=0 -DWRF_CHEM -DBUILD_CHEM=1 -I. -traditional-cpp -DUSE_NETCDF4_FEATURES -DWRFIO_NCD_LARGE_FILE_SUPPORT   module_cam_molec_diff.G  > module_cam_molec_diff.bb
/glade/derecho/scratch/yates/NEOM_WRF/wrfv4.6.0/tools/standard.exe module_cam_molec_diff.bb | /lib/cpp -P -nostdinc -traditional-cpp -DUSE_NETCDF4_FEATURES -DWRFIO_NCD_LARGE_FILE_SUPPORT > module_cam_molec_diff.f90
rm -f module_cam_molec_diff.G module_cam_molec_diff.bb
time mpif90 -f90=ifort -o module_cam_molec_diff.o -c -O3 -ip -fp-model precise -w -ftz -align all -fno-alias -FR -convert big_endian    -I../dyn_em  -I/glade/derecho/scratch/yates/NEOM_WRF/wrfv4.6.0/external/esmf_time_f90  -I/glade/derecho/scratch/yates/NEOM_WRF/wrfv4.6.0/main -I/glade/derecho/scratch/yates/NEOM_WRF/wrfv4.6.0/external/io_netcdf -I/glade/derecho/scratch/yates/NEOM_WRF/wrfv4.6.0/external/io_int -I/glade/derecho/scratch/yates/NEOM_WRF/wrfv4.6.0/frame -I/glade/derecho/scratch/yates/NEOM_WRF/wrfv4.6.0/share -I/glade/derecho/scratch/yates/NEOM_WRF/wrfv4.6.0/phys -I/glade/derecho/scratch/yates/NEOM_WRF/wrfv4.6.0/wrftladj -I/glade/derecho/scratch/yates/NEOM_WRF/wrfv4.6.0/chem -I/glade/derecho/scratch/yates/NEOM_WRF/wrfv4.6.0/inc -I/glade/u/apps/derecho/23.09/spack/opt/spack/netcdf/4.9.2/oneapi/2023.2.1/yzvj/include  -real-size `expr 8 \* 4` -i4  module_cam_molec_diff.f90

real	0m1.018s
user	0m0.646s
sys	0m0.346s
rm -f module_cam_mp_ndrop.o
sed -e "s/^\!.*'.*//" -e "s/^ *\!.*'.*//" module_cam_mp_ndrop.F > module_cam_mp_ndrop.G
/lib/cpp -P -nostdinc -I/glade/derecho/scratch/yates/NEOM_WRF/wrfv4.6.0/inc -DEM_CORE=1 -DNMM_CORE=0 -DNMM_MAX_DIM=2600 -DDA_CORE=0 -DWRFPLUS=0 -DIWORDSIZE=4 -DDWORDSIZE=8 -DRWORDSIZE=4 -DLWORDSIZE=4 -DNONSTANDARD_SYSTEM_FUNC  -DWRF_USE_CLM -DUSE_NETCDF4_FEATURES -DWRFIO_NCD_LARGE_FILE_SUPPORT  -DDM_PARALLEL -DNETCDF -DLANDREAD_STUB=1 -DUSE_ALLOCATABLES -Dwrfmodel -DGRIB1 -DINTIO -DKEEP_INT_AROUND -DLIMIT_ARGS -DBUILD_RRTMG_FAST=0 -DBUILD_RRTMK=0 -DBUILD_SBM_FAST=1 -DSHOW_ALL_VARS_USED=0 -DCONFIG_BUF_LEN=65536 -DMAX_DOMAINS_F=21 -DMAX_HISTORY=25 -DNMM_NEST=0 -DWRF_CHEM -DBUILD_CHEM=1 -I. -traditional-cpp -DUSE_NETCDF4_FEATURES -DWRFIO_NCD_LARGE_FILE_SUPPORT   module_cam_mp_ndrop.G  > module_cam_mp_ndrop.bb
/glade/derecho/scratch/yates/NEOM_WRF/wrfv4.6.0/tools/standard.exe module_cam_mp_ndrop.bb | /lib/cpp -P -nostdinc -traditional-cpp -DUSE_NETCDF4_FEATURES -DWRFIO_NCD_LARGE_FILE_SUPPORT > module_cam_mp_ndrop.f90
rm -f module_cam_mp_ndrop.G module_cam_mp_ndrop.bb
time mpif90 -f90=ifort -o module_cam_mp_ndrop.o -c -O3 -ip -fp-model precise -w -ftz -align all -fno-alias -FR -convert big_endian    -I../dyn_em  -I/glade/derecho/scratch/yates/NEOM_WRF/wrfv4.6.0/external/esmf_time_f90  -I/glade/derecho/scratch/yates/NEOM_WRF/wrfv4.6.0/main -I/glade/derecho/scratch/yates/NEOM_WRF/wrfv4.6.0/external/io_netcdf -I/glade/derecho/scratch/yates/NEOM_WRF/wrfv4.6.0/external/io_int -I/glade/derecho/scratch/yates/NEOM_WRF/wrfv4.6.0/frame -I/glade/derecho/scratch/yates/NEOM_WRF/wrfv4.6.0/share -I/glade/derecho/scratch/yates/NEOM_WRF/wrfv4.6.0/phys -I/glade/derecho/scratch/yates/NEOM_WRF/wrfv4.6.0/wrftladj -I/glade/derecho/scratch/yates/NEOM_WRF/wrfv4.6.0/chem -I/glade/derecho/scratch/yates/NEOM_WRF/wrfv4.6.0/inc -I/glade/u/apps/derecho/23.09/spack/opt/spack/netcdf/4.9.2/oneapi/2023.2.1/yzvj/include  -real-size `expr 8 \* 4` -i4  module_cam_mp_ndrop.f90

real	0m5.080s
user	0m4.629s
sys	0m0.406s
rm -f module_cam_mp_cldwat2m_micro.o
sed -e "s/^\!.*'.*//" -e "s/^ *\!.*'.*//" module_cam_mp_cldwat2m_micro.F > module_cam_mp_cldwat2m_micro.G
/lib/cpp -P -nostdinc -I/glade/derecho/scratch/yates/NEOM_WRF/wrfv4.6.0/inc -DEM_CORE=1 -DNMM_CORE=0 -DNMM_MAX_DIM=2600 -DDA_CORE=0 -DWRFPLUS=0 -DIWORDSIZE=4 -DDWORDSIZE=8 -DRWORDSIZE=4 -DLWORDSIZE=4 -DNONSTANDARD_SYSTEM_FUNC  -DWRF_USE_CLM -DUSE_NETCDF4_FEATURES -DWRFIO_NCD_LARGE_FILE_SUPPORT  -DDM_PARALLEL -DNETCDF -DLANDREAD_STUB=1 -DUSE_ALLOCATABLES -Dwrfmodel -DGRIB1 -DINTIO -DKEEP_INT_AROUND -DLIMIT_ARGS -DBUILD_RRTMG_FAST=0 -DBUILD_RRTMK=0 -DBUILD_SBM_FAST=1 -DSHOW_ALL_VARS_USED=0 -DCONFIG_BUF_LEN=65536 -DMAX_DOMAINS_F=21 -DMAX_HISTORY=25 -DNMM_NEST=0 -DWRF_CHEM -DBUILD_CHEM=1 -I. -traditional-cpp -DUSE_NETCDF4_FEATURES -DWRFIO_NCD_LARGE_FILE_SUPPORT   module_cam_mp_cldwat2m_micro.G  > module_cam_mp_cldwat2m_micro.bb
/glade/derecho/scratch/yates/NEOM_WRF/wrfv4.6.0/tools/standard.exe module_cam_mp_cldwat2m_micro.bb | /lib/cpp -P -nostdinc -traditional-cpp -DUSE_NETCDF4_FEATURES -DWRFIO_NCD_LARGE_FILE_SUPPORT > module_cam_mp_cldwat2m_micro.f90
rm -f module_cam_mp_cldwat2m_micro.G module_cam_mp_cldwat2m_micro.bb
time mpif90 -f90=ifort -o module_cam_mp_cldwat2m_micro.o -c -O3 -ip -fp-model precise -w -ftz -align all -fno-alias -FR -convert big_endian    -I../dyn_em  -I/glade/derecho/scratch/yates/NEOM_WRF/wrfv4.6.0/external/esmf_time_f90  -I/glade/derecho/scratch/yates/NEOM_WRF/wrfv4.6.0/main -I/glade/derecho/scratch/yates/NEOM_WRF/wrfv4.6.0/external/io_netcdf -I/glade/derecho/scratch/yates/NEOM_WRF/wrfv4.6.0/external/io_int -I/glade/derecho/scratch/yates/NEOM_WRF/wrfv4.6.0/frame -I/glade/derecho/scratch/yates/NEOM_WRF/wrfv4.6.0/share -I/glade/derecho/scratch/yates/NEOM_WRF/wrfv4.6.0/phys -I/glade/derecho/scratch/yates/NEOM_WRF/wrfv4.6.0/wrftladj -I/glade/derecho/scratch/yates/NEOM_WRF/wrfv4.6.0/chem -I/glade/derecho/scratch/yates/NEOM_WRF/wrfv4.6.0/inc -I/glade/u/apps/derecho/23.09/spack/opt/spack/netcdf/4.9.2/oneapi/2023.2.1/yzvj/include  -real-size `expr 8 \* 4` -i4  module_cam_mp_cldwat2m_micro.f90

real	0m8.947s
user	0m8.393s
sys	0m0.527s
rm -f module_cu_gf_wrfdrv.o
sed -e "s/^\!.*'.*//" -e "s/^ *\!.*'.*//" module_cu_gf_wrfdrv.F > module_cu_gf_wrfdrv.G
/lib/cpp -P -nostdinc -I/glade/derecho/scratch/yates/NEOM_WRF/wrfv4.6.0/inc -DEM_CORE=1 -DNMM_CORE=0 -DNMM_MAX_DIM=2600 -DDA_CORE=0 -DWRFPLUS=0 -DIWORDSIZE=4 -DDWORDSIZE=8 -DRWORDSIZE=4 -DLWORDSIZE=4 -DNONSTANDARD_SYSTEM_FUNC  -DWRF_USE_CLM -DUSE_NETCDF4_FEATURES -DWRFIO_NCD_LARGE_FILE_SUPPORT  -DDM_PARALLEL -DNETCDF -DLANDREAD_STUB=1 -DUSE_ALLOCATABLES -Dwrfmodel -DGRIB1 -DINTIO -DKEEP_INT_AROUND -DLIMIT_ARGS -DBUILD_RRTMG_FAST=0 -DBUILD_RRTMK=0 -DBUILD_SBM_FAST=1 -DSHOW_ALL_VARS_USED=0 -DCONFIG_BUF_LEN=65536 -DMAX_DOMAINS_F=21 -DMAX_HISTORY=25 -DNMM_NEST=0 -DWRF_CHEM -DBUILD_CHEM=1 -I. -traditional-cpp -DUSE_NETCDF4_FEATURES -DWRFIO_NCD_LARGE_FILE_SUPPORT   module_cu_gf_wrfdrv.G  > module_cu_gf_wrfdrv.bb
/glade/derecho/scratch/yates/NEOM_WRF/wrfv4.6.0/tools/standard.exe module_cu_gf_wrfdrv.bb | /lib/cpp -P -nostdinc -traditional-cpp -DUSE_NETCDF4_FEATURES -DWRFIO_NCD_LARGE_FILE_SUPPORT > module_cu_gf_wrfdrv.f90
rm -f module_cu_gf_wrfdrv.G module_cu_gf_wrfdrv.bb
time mpif90 -f90=ifort -o module_cu_gf_wrfdrv.o -c -O3 -ip -fp-model precise -w -ftz -align all -fno-alias -FR -convert big_endian    -I../dyn_em  -I/glade/derecho/scratch/yates/NEOM_WRF/wrfv4.6.0/external/esmf_time_f90  -I/glade/derecho/scratch/yates/NEOM_WRF/wrfv4.6.0/main -I/glade/derecho/scratch/yates/NEOM_WRF/wrfv4.6.0/external/io_netcdf -I/glade/derecho/scratch/yates/NEOM_WRF/wrfv4.6.0/external/io_int -I/glade/derecho/scratch/yates/NEOM_WRF/wrfv4.6.0/frame -I/glade/derecho/scratch/yates/NEOM_WRF/wrfv4.6.0/share -I/glade/derecho/scratch/yates/NEOM_WRF/wrfv4.6.0/phys -I/glade/derecho/scratch/yates/NEOM_WRF/wrfv4.6.0/wrftladj -I/glade/derecho/scratch/yates/NEOM_WRF/wrfv4.6.0/chem -I/glade/derecho/scratch/yates/NEOM_WRF/wrfv4.6.0/inc -I/glade/u/apps/derecho/23.09/spack/opt/spack/netcdf/4.9.2/oneapi/2023.2.1/yzvj/include  -real-size `expr 8 \* 4` -i4  module_cu_gf_wrfdrv.f90

real	0m6.958s
user	0m6.520s
sys	0m0.413s
rm -f module_mixactivate.o
sed -e "s/^\!.*'.*//" -e "s/^ *\!.*'.*//" module_mixactivate.F > module_mixactivate.G
/lib/cpp -P -nostdinc -I/glade/derecho/scratch/yates/NEOM_WRF/wrfv4.6.0/inc -DEM_CORE=1 -DNMM_CORE=0 -DNMM_MAX_DIM=2600 -DDA_CORE=0 -DWRFPLUS=0 -DIWORDSIZE=4 -DDWORDSIZE=8 -DRWORDSIZE=4 -DLWORDSIZE=4 -DNONSTANDARD_SYSTEM_FUNC  -DWRF_USE_CLM -DUSE_NETCDF4_FEATURES -DWRFIO_NCD_LARGE_FILE_SUPPORT  -DDM_PARALLEL -DNETCDF -DLANDREAD_STUB=1 -DUSE_ALLOCATABLES -Dwrfmodel -DGRIB1 -DINTIO -DKEEP_INT_AROUND -DLIMIT_ARGS -DBUILD_RRTMG_FAST=0 -DBUILD_RRTMK=0 -DBUILD_SBM_FAST=1 -DSHOW_ALL_VARS_USED=0 -DCONFIG_BUF_LEN=65536 -DMAX_DOMAINS_F=21 -DMAX_HISTORY=25 -DNMM_NEST=0 -DWRF_CHEM -DBUILD_CHEM=1 -I. -traditional-cpp -DUSE_NETCDF4_FEATURES -DWRFIO_NCD_LARGE_FILE_SUPPORT   module_mixactivate.G  > module_mixactivate.bb
/glade/derecho/scratch/yates/NEOM_WRF/wrfv4.6.0/tools/standard.exe module_mixactivate.bb | /lib/cpp -P -nostdinc -traditional-cpp -DUSE_NETCDF4_FEATURES -DWRFIO_NCD_LARGE_FILE_SUPPORT > module_mixactivate.f90
rm -f module_mixactivate.G module_mixactivate.bb
time mpif90 -f90=ifort -o module_mixactivate.o -c -O3 -ip -fp-model precise -w -ftz -align all -fno-alias -FR -convert big_endian    -I../dyn_em  -I/glade/derecho/scratch/yates/NEOM_WRF/wrfv4.6.0/external/esmf_time_f90  -I/glade/derecho/scratch/yates/NEOM_WRF/wrfv4.6.0/main -I/glade/derecho/scratch/yates/NEOM_WRF/wrfv4.6.0/external/io_netcdf -I/glade/derecho/scratch/yates/NEOM_WRF/wrfv4.6.0/external/io_int -I/glade/derecho/scratch/yates/NEOM_WRF/wrfv4.6.0/frame -I/glade/derecho/scratch/yates/NEOM_WRF/wrfv4.6.0/share -I/glade/derecho/scratch/yates/NEOM_WRF/wrfv4.6.0/phys -I/glade/derecho/scratch/yates/NEOM_WRF/wrfv4.6.0/wrftladj -I/glade/derecho/scratch/yates/NEOM_WRF/wrfv4.6.0/chem -I/glade/derecho/scratch/yates/NEOM_WRF/wrfv4.6.0/inc -I/glade/u/apps/derecho/23.09/spack/opt/spack/netcdf/4.9.2/oneapi/2023.2.1/yzvj/include  -real-size `expr 8 \* 4` -i4  module_mixactivate.f90

real	0m6.472s
user	0m6.015s
sys	0m0.430s
rm -f module_fr_fire_driver.o
sed -e "s/^\!.*'.*//" -e "s/^ *\!.*'.*//" module_fr_fire_driver.F > module_fr_fire_driver.G
/lib/cpp -P -nostdinc -I/glade/derecho/scratch/yates/NEOM_WRF/wrfv4.6.0/inc -DEM_CORE=1 -DNMM_CORE=0 -DNMM_MAX_DIM=2600 -DDA_CORE=0 -DWRFPLUS=0 -DIWORDSIZE=4 -DDWORDSIZE=8 -DRWORDSIZE=4 -DLWORDSIZE=4 -DNONSTANDARD_SYSTEM_FUNC  -DWRF_USE_CLM -DUSE_NETCDF4_FEATURES -DWRFIO_NCD_LARGE_FILE_SUPPORT  -DDM_PARALLEL -DNETCDF -DLANDREAD_STUB=1 -DUSE_ALLOCATABLES -Dwrfmodel -DGRIB1 -DINTIO -DKEEP_INT_AROUND -DLIMIT_ARGS -DBUILD_RRTMG_FAST=0 -DBUILD_RRTMK=0 -DBUILD_SBM_FAST=1 -DSHOW_ALL_VARS_USED=0 -DCONFIG_BUF_LEN=65536 -DMAX_DOMAINS_F=21 -DMAX_HISTORY=25 -DNMM_NEST=0 -DWRF_CHEM -DBUILD_CHEM=1 -I. -traditional-cpp -DUSE_NETCDF4_FEATURES -DWRFIO_NCD_LARGE_FILE_SUPPORT   module_fr_fire_driver.G  > module_fr_fire_driver.bb
/glade/derecho/scratch/yates/NEOM_WRF/wrfv4.6.0/tools/standard.exe module_fr_fire_driver.bb | /lib/cpp -P -nostdinc -traditional-cpp -DUSE_NETCDF4_FEATURES -DWRFIO_NCD_LARGE_FILE_SUPPORT > module_fr_fire_driver.f90
rm -f module_fr_fire_driver.G module_fr_fire_driver.bb
time mpif90 -f90=ifort -o module_fr_fire_driver.o -c -O3 -ip -fp-model precise -w -ftz -align all -fno-alias -FR -convert big_endian    -I../dyn_em  -I/glade/derecho/scratch/yates/NEOM_WRF/wrfv4.6.0/external/esmf_time_f90  -I/glade/derecho/scratch/yates/NEOM_WRF/wrfv4.6.0/main -I/glade/derecho/scratch/yates/NEOM_WRF/wrfv4.6.0/external/io_netcdf -I/glade/derecho/scratch/yates/NEOM_WRF/wrfv4.6.0/external/io_int -I/glade/derecho/scratch/yates/NEOM_WRF/wrfv4.6.0/frame -I/glade/derecho/scratch/yates/NEOM_WRF/wrfv4.6.0/share -I/glade/derecho/scratch/yates/NEOM_WRF/wrfv4.6.0/phys -I/glade/derecho/scratch/yates/NEOM_WRF/wrfv4.6.0/wrftladj -I/glade/derecho/scratch/yates/NEOM_WRF/wrfv4.6.0/chem -I/glade/derecho/scratch/yates/NEOM_WRF/wrfv4.6.0/inc -I/glade/u/apps/derecho/23.09/spack/opt/spack/netcdf/4.9.2/oneapi/2023.2.1/yzvj/include  -real-size `expr 8 \* 4` -i4  module_fr_fire_driver.f90

real	0m9.233s
user	0m7.892s
sys	0m1.239s
rm -f module_cam_cldwat.o
sed -e "s/^\!.*'.*//" -e "s/^ *\!.*'.*//" module_cam_cldwat.F > module_cam_cldwat.G
/lib/cpp -P -nostdinc -I/glade/derecho/scratch/yates/NEOM_WRF/wrfv4.6.0/inc -DEM_CORE=1 -DNMM_CORE=0 -DNMM_MAX_DIM=2600 -DDA_CORE=0 -DWRFPLUS=0 -DIWORDSIZE=4 -DDWORDSIZE=8 -DRWORDSIZE=4 -DLWORDSIZE=4 -DNONSTANDARD_SYSTEM_FUNC  -DWRF_USE_CLM -DUSE_NETCDF4_FEATURES -DWRFIO_NCD_LARGE_FILE_SUPPORT  -DDM_PARALLEL -DNETCDF -DLANDREAD_STUB=1 -DUSE_ALLOCATABLES -Dwrfmodel -DGRIB1 -DINTIO -DKEEP_INT_AROUND -DLIMIT_ARGS -DBUILD_RRTMG_FAST=0 -DBUILD_RRTMK=0 -DBUILD_SBM_FAST=1 -DSHOW_ALL_VARS_USED=0 -DCONFIG_BUF_LEN=65536 -DMAX_DOMAINS_F=21 -DMAX_HISTORY=25 -DNMM_NEST=0 -DWRF_CHEM -DBUILD_CHEM=1 -I. -traditional-cpp -DUSE_NETCDF4_FEATURES -DWRFIO_NCD_LARGE_FILE_SUPPORT   module_cam_cldwat.G  > module_cam_cldwat.bb
/glade/derecho/scratch/yates/NEOM_WRF/wrfv4.6.0/tools/standard.exe module_cam_cldwat.bb | /lib/cpp -P -nostdinc -traditional-cpp -DUSE_NETCDF4_FEATURES -DWRFIO_NCD_LARGE_FILE_SUPPORT > module_cam_cldwat.f90
rm -f module_cam_cldwat.G module_cam_cldwat.bb
time mpif90 -f90=ifort -o module_cam_cldwat.o -c -O3 -ip -fp-model precise -w -ftz -align all -fno-alias -FR -convert big_endian    -I../dyn_em  -I/glade/derecho/scratch/yates/NEOM_WRF/wrfv4.6.0/external/esmf_time_f90  -I/glade/derecho/scratch/yates/NEOM_WRF/wrfv4.6.0/main -I/glade/derecho/scratch/yates/NEOM_WRF/wrfv4.6.0/external/io_netcdf -I/glade/derecho/scratch/yates/NEOM_WRF/wrfv4.6.0/external/io_int -I/glade/derecho/scratch/yates/NEOM_WRF/wrfv4.6.0/frame -I/glade/derecho/scratch/yates/NEOM_WRF/wrfv4.6.0/share -I/glade/derecho/scratch/yates/NEOM_WRF/wrfv4.6.0/phys -I/glade/derecho/scratch/yates/NEOM_WRF/wrfv4.6.0/wrftladj -I/glade/derecho/scratch/yates/NEOM_WRF/wrfv4.6.0/chem -I/glade/derecho/scratch/yates/NEOM_WRF/wrfv4.6.0/inc -I/glade/u/apps/derecho/23.09/spack/opt/spack/netcdf/4.9.2/oneapi/2023.2.1/yzvj/include  -real-size `expr 8 \* 4` -i4  module_cam_cldwat.f90

real	0m1.092s
user	0m0.119s
sys	0m0.275s
rm -f module_cam_esinti.o
sed -e "s/^\!.*'.*//" -e "s/^ *\!.*'.*//" module_cam_esinti.F > module_cam_esinti.G
/lib/cpp -P -nostdinc -I/glade/derecho/scratch/yates/NEOM_WRF/wrfv4.6.0/inc -DEM_CORE=1 -DNMM_CORE=0 -DNMM_MAX_DIM=2600 -DDA_CORE=0 -DWRFPLUS=0 -DIWORDSIZE=4 -DDWORDSIZE=8 -DRWORDSIZE=4 -DLWORDSIZE=4 -DNONSTANDARD_SYSTEM_FUNC  -DWRF_USE_CLM -DUSE_NETCDF4_FEATURES -DWRFIO_NCD_LARGE_FILE_SUPPORT  -DDM_PARALLEL -DNETCDF -DLANDREAD_STUB=1 -DUSE_ALLOCATABLES -Dwrfmodel -DGRIB1 -DINTIO -DKEEP_INT_AROUND -DLIMIT_ARGS -DBUILD_RRTMG_FAST=0 -DBUILD_RRTMK=0 -DBUILD_SBM_FAST=1 -DSHOW_ALL_VARS_USED=0 -DCONFIG_BUF_LEN=65536 -DMAX_DOMAINS_F=21 -DMAX_HISTORY=25 -DNMM_NEST=0 -DWRF_CHEM -DBUILD_CHEM=1 -I. -traditional-cpp -DUSE_NETCDF4_FEATURES -DWRFIO_NCD_LARGE_FILE_SUPPORT   module_cam_esinti.G  > module_cam_esinti.bb
/glade/derecho/scratch/yates/NEOM_WRF/wrfv4.6.0/tools/standard.exe module_cam_esinti.bb | /lib/cpp -P -nostdinc -traditional-cpp -DUSE_NETCDF4_FEATURES -DWRFIO_NCD_LARGE_FILE_SUPPORT > module_cam_esinti.f90
rm -f module_cam_esinti.G module_cam_esinti.bb
time mpif90 -f90=ifort -o module_cam_esinti.o -c -O3 -ip -fp-model precise -w -ftz -align all -fno-alias -FR -convert big_endian    -I../dyn_em  -I/glade/derecho/scratch/yates/NEOM_WRF/wrfv4.6.0/external/esmf_time_f90  -I/glade/derecho/scratch/yates/NEOM_WRF/wrfv4.6.0/main -I/glade/derecho/scratch/yates/NEOM_WRF/wrfv4.6.0/external/io_netcdf -I/glade/derecho/scratch/yates/NEOM_WRF/wrfv4.6.0/external/io_int -I/glade/derecho/scratch/yates/NEOM_WRF/wrfv4.6.0/frame -I/glade/derecho/scratch/yates/NEOM_WRF/wrfv4.6.0/share -I/glade/derecho/scratch/yates/NEOM_WRF/wrfv4.6.0/phys -I/glade/derecho/scratch/yates/NEOM_WRF/wrfv4.6.0/wrftladj -I/glade/derecho/scratch/yates/NEOM_WRF/wrfv4.6.0/chem -I/glade/derecho/scratch/yates/NEOM_WRF/wrfv4.6.0/inc -I/glade/u/apps/derecho/23.09/spack/opt/spack/netcdf/4.9.2/oneapi/2023.2.1/yzvj/include  -real-size `expr 8 \* 4` -i4  module_cam_esinti.f90

real	0m0.412s
user	0m0.091s
sys	0m0.286s
rm -f module_cam_mp_microp_aero.o
sed -e "s/^\!.*'.*//" -e "s/^ *\!.*'.*//" module_cam_mp_microp_aero.F > module_cam_mp_microp_aero.G
/lib/cpp -P -nostdinc -I/glade/derecho/scratch/yates/NEOM_WRF/wrfv4.6.0/inc -DEM_CORE=1 -DNMM_CORE=0 -DNMM_MAX_DIM=2600 -DDA_CORE=0 -DWRFPLUS=0 -DIWORDSIZE=4 -DDWORDSIZE=8 -DRWORDSIZE=4 -DLWORDSIZE=4 -DNONSTANDARD_SYSTEM_FUNC  -DWRF_USE_CLM -DUSE_NETCDF4_FEATURES -DWRFIO_NCD_LARGE_FILE_SUPPORT  -DDM_PARALLEL -DNETCDF -DLANDREAD_STUB=1 -DUSE_ALLOCATABLES -Dwrfmodel -DGRIB1 -DINTIO -DKEEP_INT_AROUND -DLIMIT_ARGS -DBUILD_RRTMG_FAST=0 -DBUILD_RRTMK=0 -DBUILD_SBM_FAST=1 -DSHOW_ALL_VARS_USED=0 -DCONFIG_BUF_LEN=65536 -DMAX_DOMAINS_F=21 -DMAX_HISTORY=25 -DNMM_NEST=0 -DWRF_CHEM -DBUILD_CHEM=1 -I. -traditional-cpp -DUSE_NETCDF4_FEATURES -DWRFIO_NCD_LARGE_FILE_SUPPORT   module_cam_mp_microp_aero.G  > module_cam_mp_microp_aero.bb
/glade/derecho/scratch/yates/NEOM_WRF/wrfv4.6.0/tools/standard.exe module_cam_mp_microp_aero.bb | /lib/cpp -P -nostdinc -traditional-cpp -DUSE_NETCDF4_FEATURES -DWRFIO_NCD_LARGE_FILE_SUPPORT > module_cam_mp_microp_aero.f90
rm -f module_cam_mp_microp_aero.G module_cam_mp_microp_aero.bb
time mpif90 -f90=ifort -o module_cam_mp_microp_aero.o -c -O3 -ip -fp-model precise -w -ftz -align all -fno-alias -FR -convert big_endian    -I../dyn_em  -I/glade/derecho/scratch/yates/NEOM_WRF/wrfv4.6.0/external/esmf_time_f90  -I/glade/derecho/scratch/yates/NEOM_WRF/wrfv4.6.0/main -I/glade/derecho/scratch/yates/NEOM_WRF/wrfv4.6.0/external/io_netcdf -I/glade/derecho/scratch/yates/NEOM_WRF/wrfv4.6.0/external/io_int -I/glade/derecho/scratch/yates/NEOM_WRF/wrfv4.6.0/frame -I/glade/derecho/scratch/yates/NEOM_WRF/wrfv4.6.0/share -I/glade/derecho/scratch/yates/NEOM_WRF/wrfv4.6.0/phys -I/glade/derecho/scratch/yates/NEOM_WRF/wrfv4.6.0/wrftladj -I/glade/derecho/scratch/yates/NEOM_WRF/wrfv4.6.0/chem -I/glade/derecho/scratch/yates/NEOM_WRF/wrfv4.6.0/inc -I/glade/u/apps/derecho/23.09/spack/opt/spack/netcdf/4.9.2/oneapi/2023.2.1/yzvj/include  -real-size `expr 8 \* 4` -i4  module_cam_mp_microp_aero.f90

real	0m1.350s
user	0m0.990s
sys	0m0.337s
rm -f module_bl_camuwpbl_driver.o
sed -e "s/^\!.*'.*//" -e "s/^ *\!.*'.*//" module_bl_camuwpbl_driver.F > module_bl_camuwpbl_driver.G
/lib/cpp -P -nostdinc -I/glade/derecho/scratch/yates/NEOM_WRF/wrfv4.6.0/inc -DEM_CORE=1 -DNMM_CORE=0 -DNMM_MAX_DIM=2600 -DDA_CORE=0 -DWRFPLUS=0 -DIWORDSIZE=4 -DDWORDSIZE=8 -DRWORDSIZE=4 -DLWORDSIZE=4 -DNONSTANDARD_SYSTEM_FUNC  -DWRF_USE_CLM -DUSE_NETCDF4_FEATURES -DWRFIO_NCD_LARGE_FILE_SUPPORT  -DDM_PARALLEL -DNETCDF -DLANDREAD_STUB=1 -DUSE_ALLOCATABLES -Dwrfmodel -DGRIB1 -DINTIO -DKEEP_INT_AROUND -DLIMIT_ARGS -DBUILD_RRTMG_FAST=0 -DBUILD_RRTMK=0 -DBUILD_SBM_FAST=1 -DSHOW_ALL_VARS_USED=0 -DCONFIG_BUF_LEN=65536 -DMAX_DOMAINS_F=21 -DMAX_HISTORY=25 -DNMM_NEST=0 -DWRF_CHEM -DBUILD_CHEM=1 -I. -traditional-cpp -DUSE_NETCDF4_FEATURES -DWRFIO_NCD_LARGE_FILE_SUPPORT   module_bl_camuwpbl_driver.G  > module_bl_camuwpbl_driver.bb
/glade/derecho/scratch/yates/NEOM_WRF/wrfv4.6.0/tools/standard.exe module_bl_camuwpbl_driver.bb | /lib/cpp -P -nostdinc -traditional-cpp -DUSE_NETCDF4_FEATURES -DWRFIO_NCD_LARGE_FILE_SUPPORT > module_bl_camuwpbl_driver.f90
rm -f module_bl_camuwpbl_driver.G module_bl_camuwpbl_driver.bb
time mpif90 -f90=ifort -o module_bl_camuwpbl_driver.o -c -O3 -ip -fp-model precise -w -ftz -align all -fno-alias -FR -convert big_endian    -I../dyn_em  -I/glade/derecho/scratch/yates/NEOM_WRF/wrfv4.6.0/external/esmf_time_f90  -I/glade/derecho/scratch/yates/NEOM_WRF/wrfv4.6.0/main -I/glade/derecho/scratch/yates/NEOM_WRF/wrfv4.6.0/external/io_netcdf -I/glade/derecho/scratch/yates/NEOM_WRF/wrfv4.6.0/external/io_int -I/glade/derecho/scratch/yates/NEOM_WRF/wrfv4.6.0/frame -I/glade/derecho/scratch/yates/NEOM_WRF/wrfv4.6.0/share -I/glade/derecho/scratch/yates/NEOM_WRF/wrfv4.6.0/phys -I/glade/derecho/scratch/yates/NEOM_WRF/wrfv4.6.0/wrftladj -I/glade/derecho/scratch/yates/NEOM_WRF/wrfv4.6.0/chem -I/glade/derecho/scratch/yates/NEOM_WRF/wrfv4.6.0/inc -I/glade/u/apps/derecho/23.09/spack/opt/spack/netcdf/4.9.2/oneapi/2023.2.1/yzvj/include  -real-size `expr 8 \* 4` -i4  module_bl_camuwpbl_driver.f90

real	0m4.525s
user	0m4.075s
sys	0m0.423s
rm -f module_mp_cammgmp_driver.o
sed -e "s/^\!.*'.*//" -e "s/^ *\!.*'.*//" module_mp_cammgmp_driver.F > module_mp_cammgmp_driver.G
/lib/cpp -P -nostdinc -I/glade/derecho/scratch/yates/NEOM_WRF/wrfv4.6.0/inc -DEM_CORE=1 -DNMM_CORE=0 -DNMM_MAX_DIM=2600 -DDA_CORE=0 -DWRFPLUS=0 -DIWORDSIZE=4 -DDWORDSIZE=8 -DRWORDSIZE=4 -DLWORDSIZE=4 -DNONSTANDARD_SYSTEM_FUNC  -DWRF_USE_CLM -DUSE_NETCDF4_FEATURES -DWRFIO_NCD_LARGE_FILE_SUPPORT  -DDM_PARALLEL -DNETCDF -DLANDREAD_STUB=1 -DUSE_ALLOCATABLES -Dwrfmodel -DGRIB1 -DINTIO -DKEEP_INT_AROUND -DLIMIT_ARGS -DBUILD_RRTMG_FAST=0 -DBUILD_RRTMK=0 -DBUILD_SBM_FAST=1 -DSHOW_ALL_VARS_USED=0 -DCONFIG_BUF_LEN=65536 -DMAX_DOMAINS_F=21 -DMAX_HISTORY=25 -DNMM_NEST=0 -DWRF_CHEM -DBUILD_CHEM=1 -I. -traditional-cpp -DUSE_NETCDF4_FEATURES -DWRFIO_NCD_LARGE_FILE_SUPPORT   module_mp_cammgmp_driver.G  > module_mp_cammgmp_driver.bb
/glade/derecho/scratch/yates/NEOM_WRF/wrfv4.6.0/tools/standard.exe module_mp_cammgmp_driver.bb | /lib/cpp -P -nostdinc -traditional-cpp -DUSE_NETCDF4_FEATURES -DWRFIO_NCD_LARGE_FILE_SUPPORT > module_mp_cammgmp_driver.f90
rm -f module_mp_cammgmp_driver.G module_mp_cammgmp_driver.bb
time mpif90 -f90=ifort -o module_mp_cammgmp_driver.o -c -O3 -ip -fp-model precise -w -ftz -align all -fno-alias -FR -convert big_endian    -I../dyn_em  -I/glade/derecho/scratch/yates/NEOM_WRF/wrfv4.6.0/external/esmf_time_f90  -I/glade/derecho/scratch/yates/NEOM_WRF/wrfv4.6.0/main -I/glade/derecho/scratch/yates/NEOM_WRF/wrfv4.6.0/external/io_netcdf -I/glade/derecho/scratch/yates/NEOM_WRF/wrfv4.6.0/external/io_int -I/glade/derecho/scratch/yates/NEOM_WRF/wrfv4.6.0/frame -I/glade/derecho/scratch/yates/NEOM_WRF/wrfv4.6.0/share -I/glade/derecho/scratch/yates/NEOM_WRF/wrfv4.6.0/phys -I/glade/derecho/scratch/yates/NEOM_WRF/wrfv4.6.0/wrftladj -I/glade/derecho/scratch/yates/NEOM_WRF/wrfv4.6.0/chem -I/glade/derecho/scratch/yates/NEOM_WRF/wrfv4.6.0/inc -I/glade/u/apps/derecho/23.09/spack/opt/spack/netcdf/4.9.2/oneapi/2023.2.1/yzvj/include  -real-size `expr 8 \* 4` -i4  module_mp_cammgmp_driver.f90

real	0m5.632s
user	0m5.124s
sys	0m0.476s
rm -f module_shcu_camuwshcu.o
sed -e "s/^\!.*'.*//" -e "s/^ *\!.*'.*//" module_shcu_camuwshcu.F > module_shcu_camuwshcu.G
/lib/cpp -P -nostdinc -I/glade/derecho/scratch/yates/NEOM_WRF/wrfv4.6.0/inc -DEM_CORE=1 -DNMM_CORE=0 -DNMM_MAX_DIM=2600 -DDA_CORE=0 -DWRFPLUS=0 -DIWORDSIZE=4 -DDWORDSIZE=8 -DRWORDSIZE=4 -DLWORDSIZE=4 -DNONSTANDARD_SYSTEM_FUNC  -DWRF_USE_CLM -DUSE_NETCDF4_FEATURES -DWRFIO_NCD_LARGE_FILE_SUPPORT  -DDM_PARALLEL -DNETCDF -DLANDREAD_STUB=1 -DUSE_ALLOCATABLES -Dwrfmodel -DGRIB1 -DINTIO -DKEEP_INT_AROUND -DLIMIT_ARGS -DBUILD_RRTMG_FAST=0 -DBUILD_RRTMK=0 -DBUILD_SBM_FAST=1 -DSHOW_ALL_VARS_USED=0 -DCONFIG_BUF_LEN=65536 -DMAX_DOMAINS_F=21 -DMAX_HISTORY=25 -DNMM_NEST=0 -DWRF_CHEM -DBUILD_CHEM=1 -I. -traditional-cpp -DUSE_NETCDF4_FEATURES -DWRFIO_NCD_LARGE_FILE_SUPPORT   module_shcu_camuwshcu.G  > module_shcu_camuwshcu.bb
/glade/derecho/scratch/yates/NEOM_WRF/wrfv4.6.0/tools/standard.exe module_shcu_camuwshcu.bb | /lib/cpp -P -nostdinc -traditional-cpp -DUSE_NETCDF4_FEATURES -DWRFIO_NCD_LARGE_FILE_SUPPORT > module_shcu_camuwshcu.f90
rm -f module_shcu_camuwshcu.G module_shcu_camuwshcu.bb
time mpif90 -f90=ifort -o module_shcu_camuwshcu.o -c -O3 -ip -fp-model precise -w -ftz -align all -fno-alias -FR -convert big_endian    -I../dyn_em  -I/glade/derecho/scratch/yates/NEOM_WRF/wrfv4.6.0/external/esmf_time_f90  -I/glade/derecho/scratch/yates/NEOM_WRF/wrfv4.6.0/main -I/glade/derecho/scratch/yates/NEOM_WRF/wrfv4.6.0/external/io_netcdf -I/glade/derecho/scratch/yates/NEOM_WRF/wrfv4.6.0/external/io_int -I/glade/derecho/scratch/yates/NEOM_WRF/wrfv4.6.0/frame -I/glade/derecho/scratch/yates/NEOM_WRF/wrfv4.6.0/share -I/glade/derecho/scratch/yates/NEOM_WRF/wrfv4.6.0/phys -I/glade/derecho/scratch/yates/NEOM_WRF/wrfv4.6.0/wrftladj -I/glade/derecho/scratch/yates/NEOM_WRF/wrfv4.6.0/chem -I/glade/derecho/scratch/yates/NEOM_WRF/wrfv4.6.0/inc -I/glade/u/apps/derecho/23.09/spack/opt/spack/netcdf/4.9.2/oneapi/2023.2.1/yzvj/include  -real-size `expr 8 \* 4` -i4  module_shcu_camuwshcu.f90

real	0m12.569s
user	0m11.978s
sys	0m0.564s
rm -f module_cu_camzm.o
sed -e "s/^\!.*'.*//" -e "s/^ *\!.*'.*//" module_cu_camzm.F > module_cu_camzm.G
/lib/cpp -P -nostdinc -I/glade/derecho/scratch/yates/NEOM_WRF/wrfv4.6.0/inc -DEM_CORE=1 -DNMM_CORE=0 -DNMM_MAX_DIM=2600 -DDA_CORE=0 -DWRFPLUS=0 -DIWORDSIZE=4 -DDWORDSIZE=8 -DRWORDSIZE=4 -DLWORDSIZE=4 -DNONSTANDARD_SYSTEM_FUNC  -DWRF_USE_CLM -DUSE_NETCDF4_FEATURES -DWRFIO_NCD_LARGE_FILE_SUPPORT  -DDM_PARALLEL -DNETCDF -DLANDREAD_STUB=1 -DUSE_ALLOCATABLES -Dwrfmodel -DGRIB1 -DINTIO -DKEEP_INT_AROUND -DLIMIT_ARGS -DBUILD_RRTMG_FAST=0 -DBUILD_RRTMK=0 -DBUILD_SBM_FAST=1 -DSHOW_ALL_VARS_USED=0 -DCONFIG_BUF_LEN=65536 -DMAX_DOMAINS_F=21 -DMAX_HISTORY=25 -DNMM_NEST=0 -DWRF_CHEM -DBUILD_CHEM=1 -I. -traditional-cpp -DUSE_NETCDF4_FEATURES -DWRFIO_NCD_LARGE_FILE_SUPPORT   module_cu_camzm.G  > module_cu_camzm.bb
/glade/derecho/scratch/yates/NEOM_WRF/wrfv4.6.0/tools/standard.exe module_cu_camzm.bb | /lib/cpp -P -nostdinc -traditional-cpp -DUSE_NETCDF4_FEATURES -DWRFIO_NCD_LARGE_FILE_SUPPORT > module_cu_camzm.f90
rm -f module_cu_camzm.G module_cu_camzm.bb
time mpif90 -f90=ifort -o module_cu_camzm.o -c -O3 -ip -fp-model precise -w -ftz -align all -fno-alias -FR -convert big_endian    -I../dyn_em  -I/glade/derecho/scratch/yates/NEOM_WRF/wrfv4.6.0/external/esmf_time_f90  -I/glade/derecho/scratch/yates/NEOM_WRF/wrfv4.6.0/main -I/glade/derecho/scratch/yates/NEOM_WRF/wrfv4.6.0/external/io_netcdf -I/glade/derecho/scratch/yates/NEOM_WRF/wrfv4.6.0/external/io_int -I/glade/derecho/scratch/yates/NEOM_WRF/wrfv4.6.0/frame -I/glade/derecho/scratch/yates/NEOM_WRF/wrfv4.6.0/share -I/glade/derecho/scratch/yates/NEOM_WRF/wrfv4.6.0/phys -I/glade/derecho/scratch/yates/NEOM_WRF/wrfv4.6.0/wrftladj -I/glade/derecho/scratch/yates/NEOM_WRF/wrfv4.6.0/chem -I/glade/derecho/scratch/yates/NEOM_WRF/wrfv4.6.0/inc -I/glade/u/apps/derecho/23.09/spack/opt/spack/netcdf/4.9.2/oneapi/2023.2.1/yzvj/include  -real-size `expr 8 \* 4` -i4  module_cu_camzm.f90

real	0m5.923s
user	0m5.512s
sys	0m0.386s
rm -f module_cu_kfcup.o
sed -e "s/^\!.*'.*//" -e "s/^ *\!.*'.*//" module_cu_kfcup.F > module_cu_kfcup.G
/lib/cpp -P -nostdinc -I/glade/derecho/scratch/yates/NEOM_WRF/wrfv4.6.0/inc -DEM_CORE=1 -DNMM_CORE=0 -DNMM_MAX_DIM=2600 -DDA_CORE=0 -DWRFPLUS=0 -DIWORDSIZE=4 -DDWORDSIZE=8 -DRWORDSIZE=4 -DLWORDSIZE=4 -DNONSTANDARD_SYSTEM_FUNC  -DWRF_USE_CLM -DUSE_NETCDF4_FEATURES -DWRFIO_NCD_LARGE_FILE_SUPPORT  -DDM_PARALLEL -DNETCDF -DLANDREAD_STUB=1 -DUSE_ALLOCATABLES -Dwrfmodel -DGRIB1 -DINTIO -DKEEP_INT_AROUND -DLIMIT_ARGS -DBUILD_RRTMG_FAST=0 -DBUILD_RRTMK=0 -DBUILD_SBM_FAST=1 -DSHOW_ALL_VARS_USED=0 -DCONFIG_BUF_LEN=65536 -DMAX_DOMAINS_F=21 -DMAX_HISTORY=25 -DNMM_NEST=0 -DWRF_CHEM -DBUILD_CHEM=1 -I. -traditional-cpp -DUSE_NETCDF4_FEATURES -DWRFIO_NCD_LARGE_FILE_SUPPORT   module_cu_kfcup.G  > module_cu_kfcup.bb
/glade/derecho/scratch/yates/NEOM_WRF/wrfv4.6.0/tools/standard.exe module_cu_kfcup.bb | /lib/cpp -P -nostdinc -traditional-cpp -DUSE_NETCDF4_FEATURES -DWRFIO_NCD_LARGE_FILE_SUPPORT > module_cu_kfcup.f90
rm -f module_cu_kfcup.G module_cu_kfcup.bb
time mpif90 -f90=ifort -o module_cu_kfcup.o -c -O3 -ip -fp-model precise -w -ftz -align all -fno-alias -FR -convert big_endian    -I../dyn_em  -I/glade/derecho/scratch/yates/NEOM_WRF/wrfv4.6.0/external/esmf_time_f90  -I/glade/derecho/scratch/yates/NEOM_WRF/wrfv4.6.0/main -I/glade/derecho/scratch/yates/NEOM_WRF/wrfv4.6.0/external/io_netcdf -I/glade/derecho/scratch/yates/NEOM_WRF/wrfv4.6.0/external/io_int -I/glade/derecho/scratch/yates/NEOM_WRF/wrfv4.6.0/frame -I/glade/derecho/scratch/yates/NEOM_WRF/wrfv4.6.0/share -I/glade/derecho/scratch/yates/NEOM_WRF/wrfv4.6.0/phys -I/glade/derecho/scratch/yates/NEOM_WRF/wrfv4.6.0/wrftladj -I/glade/derecho/scratch/yates/NEOM_WRF/wrfv4.6.0/chem -I/glade/derecho/scratch/yates/NEOM_WRF/wrfv4.6.0/inc -I/glade/u/apps/derecho/23.09/spack/opt/spack/netcdf/4.9.2/oneapi/2023.2.1/yzvj/include  -real-size `expr 8 \* 4` -i4  module_cu_kfcup.f90

real	0m18.447s
user	0m17.824s
sys	0m0.559s
rm -f module_pbl_driver.o
sed -e "s/^\!.*'.*//" -e "s/^ *\!.*'.*//" module_pbl_driver.F > module_pbl_driver.G
/lib/cpp -P -nostdinc -I/glade/derecho/scratch/yates/NEOM_WRF/wrfv4.6.0/inc -DEM_CORE=1 -DNMM_CORE=0 -DNMM_MAX_DIM=2600 -DDA_CORE=0 -DWRFPLUS=0 -DIWORDSIZE=4 -DDWORDSIZE=8 -DRWORDSIZE=4 -DLWORDSIZE=4 -DNONSTANDARD_SYSTEM_FUNC  -DWRF_USE_CLM -DUSE_NETCDF4_FEATURES -DWRFIO_NCD_LARGE_FILE_SUPPORT  -DDM_PARALLEL -DNETCDF -DLANDREAD_STUB=1 -DUSE_ALLOCATABLES -Dwrfmodel -DGRIB1 -DINTIO -DKEEP_INT_AROUND -DLIMIT_ARGS -DBUILD_RRTMG_FAST=0 -DBUILD_RRTMK=0 -DBUILD_SBM_FAST=1 -DSHOW_ALL_VARS_USED=0 -DCONFIG_BUF_LEN=65536 -DMAX_DOMAINS_F=21 -DMAX_HISTORY=25 -DNMM_NEST=0 -DWRF_CHEM -DBUILD_CHEM=1 -I. -traditional-cpp -DUSE_NETCDF4_FEATURES -DWRFIO_NCD_LARGE_FILE_SUPPORT   module_pbl_driver.G  > module_pbl_driver.bb
/glade/derecho/scratch/yates/NEOM_WRF/wrfv4.6.0/tools/standard.exe module_pbl_driver.bb | /lib/cpp -P -nostdinc -traditional-cpp -DUSE_NETCDF4_FEATURES -DWRFIO_NCD_LARGE_FILE_SUPPORT > module_pbl_driver.f90
rm -f module_pbl_driver.G module_pbl_driver.bb
time mpif90 -f90=ifort -o module_pbl_driver.o -c -O3 -ip -fp-model precise -w -ftz -align all -fno-alias -FR -convert big_endian    -I../dyn_em  -I/glade/derecho/scratch/yates/NEOM_WRF/wrfv4.6.0/external/esmf_time_f90  -I/glade/derecho/scratch/yates/NEOM_WRF/wrfv4.6.0/main -I/glade/derecho/scratch/yates/NEOM_WRF/wrfv4.6.0/external/io_netcdf -I/glade/derecho/scratch/yates/NEOM_WRF/wrfv4.6.0/external/io_int -I/glade/derecho/scratch/yates/NEOM_WRF/wrfv4.6.0/frame -I/glade/derecho/scratch/yates/NEOM_WRF/wrfv4.6.0/share -I/glade/derecho/scratch/yates/NEOM_WRF/wrfv4.6.0/phys -I/glade/derecho/scratch/yates/NEOM_WRF/wrfv4.6.0/wrftladj -I/glade/derecho/scratch/yates/NEOM_WRF/wrfv4.6.0/chem -I/glade/derecho/scratch/yates/NEOM_WRF/wrfv4.6.0/inc -I/glade/u/apps/derecho/23.09/spack/opt/spack/netcdf/4.9.2/oneapi/2023.2.1/yzvj/include  -real-size `expr 8 \* 4` -i4  module_pbl_driver.f90

real	0m6.083s
user	0m5.083s
sys	0m0.457s
rm -f module_microphysics_driver.o
sed -e "s/^\!.*'.*//" -e "s/^ *\!.*'.*//" module_microphysics_driver.F > module_microphysics_driver.G
/lib/cpp -P -nostdinc -I/glade/derecho/scratch/yates/NEOM_WRF/wrfv4.6.0/inc -DEM_CORE=1 -DNMM_CORE=0 -DNMM_MAX_DIM=2600 -DDA_CORE=0 -DWRFPLUS=0 -DIWORDSIZE=4 -DDWORDSIZE=8 -DRWORDSIZE=4 -DLWORDSIZE=4 -DNONSTANDARD_SYSTEM_FUNC  -DWRF_USE_CLM -DUSE_NETCDF4_FEATURES -DWRFIO_NCD_LARGE_FILE_SUPPORT  -DDM_PARALLEL -DNETCDF -DLANDREAD_STUB=1 -DUSE_ALLOCATABLES -Dwrfmodel -DGRIB1 -DINTIO -DKEEP_INT_AROUND -DLIMIT_ARGS -DBUILD_RRTMG_FAST=0 -DBUILD_RRTMK=0 -DBUILD_SBM_FAST=1 -DSHOW_ALL_VARS_USED=0 -DCONFIG_BUF_LEN=65536 -DMAX_DOMAINS_F=21 -DMAX_HISTORY=25 -DNMM_NEST=0 -DWRF_CHEM -DBUILD_CHEM=1 -I. -traditional-cpp -DUSE_NETCDF4_FEATURES -DWRFIO_NCD_LARGE_FILE_SUPPORT   module_microphysics_driver.G  > module_microphysics_driver.bb
/glade/derecho/scratch/yates/NEOM_WRF/wrfv4.6.0/tools/standard.exe module_microphysics_driver.bb | /lib/cpp -P -nostdinc -traditional-cpp -DUSE_NETCDF4_FEATURES -DWRFIO_NCD_LARGE_FILE_SUPPORT > module_microphysics_driver.f90
rm -f module_microphysics_driver.G module_microphysics_driver.bb
time mpif90 -f90=ifort -o module_microphysics_driver.o -c -O3 -ip -fp-model precise -w -ftz -align all -fno-alias -FR -convert big_endian    -I../dyn_em  -I/glade/derecho/scratch/yates/NEOM_WRF/wrfv4.6.0/external/esmf_time_f90  -I/glade/derecho/scratch/yates/NEOM_WRF/wrfv4.6.0/main -I/glade/derecho/scratch/yates/NEOM_WRF/wrfv4.6.0/external/io_netcdf -I/glade/derecho/scratch/yates/NEOM_WRF/wrfv4.6.0/external/io_int -I/glade/derecho/scratch/yates/NEOM_WRF/wrfv4.6.0/frame -I/glade/derecho/scratch/yates/NEOM_WRF/wrfv4.6.0/share -I/glade/derecho/scratch/yates/NEOM_WRF/wrfv4.6.0/phys -I/glade/derecho/scratch/yates/NEOM_WRF/wrfv4.6.0/wrftladj -I/glade/derecho/scratch/yates/NEOM_WRF/wrfv4.6.0/chem -I/glade/derecho/scratch/yates/NEOM_WRF/wrfv4.6.0/inc -I/glade/u/apps/derecho/23.09/spack/opt/spack/netcdf/4.9.2/oneapi/2023.2.1/yzvj/include  -real-size `expr 8 \* 4` -i4  module_microphysics_driver.f90

real	0m4.165s
user	0m3.665s
sys	0m0.466s
rm -f module_fr_fire_driver_wrf.o
sed -e "s/^\!.*'.*//" -e "s/^ *\!.*'.*//" module_fr_fire_driver_wrf.F > module_fr_fire_driver_wrf.G
/lib/cpp -P -nostdinc -I/glade/derecho/scratch/yates/NEOM_WRF/wrfv4.6.0/inc -DEM_CORE=1 -DNMM_CORE=0 -DNMM_MAX_DIM=2600 -DDA_CORE=0 -DWRFPLUS=0 -DIWORDSIZE=4 -DDWORDSIZE=8 -DRWORDSIZE=4 -DLWORDSIZE=4 -DNONSTANDARD_SYSTEM_FUNC  -DWRF_USE_CLM -DUSE_NETCDF4_FEATURES -DWRFIO_NCD_LARGE_FILE_SUPPORT  -DDM_PARALLEL -DNETCDF -DLANDREAD_STUB=1 -DUSE_ALLOCATABLES -Dwrfmodel -DGRIB1 -DINTIO -DKEEP_INT_AROUND -DLIMIT_ARGS -DBUILD_RRTMG_FAST=0 -DBUILD_RRTMK=0 -DBUILD_SBM_FAST=1 -DSHOW_ALL_VARS_USED=0 -DCONFIG_BUF_LEN=65536 -DMAX_DOMAINS_F=21 -DMAX_HISTORY=25 -DNMM_NEST=0 -DWRF_CHEM -DBUILD_CHEM=1 -I. -traditional-cpp -DUSE_NETCDF4_FEATURES -DWRFIO_NCD_LARGE_FILE_SUPPORT   module_fr_fire_driver_wrf.G  > module_fr_fire_driver_wrf.bb
/glade/derecho/scratch/yates/NEOM_WRF/wrfv4.6.0/tools/standard.exe module_fr_fire_driver_wrf.bb | /lib/cpp -P -nostdinc -traditional-cpp -DUSE_NETCDF4_FEATURES -DWRFIO_NCD_LARGE_FILE_SUPPORT > module_fr_fire_driver_wrf.f90
rm -f module_fr_fire_driver_wrf.G module_fr_fire_driver_wrf.bb
time mpif90 -f90=ifort -o module_fr_fire_driver_wrf.o -c -O3 -ip -fp-model precise -w -ftz -align all -fno-alias -FR -convert big_endian    -I../dyn_em  -I/glade/derecho/scratch/yates/NEOM_WRF/wrfv4.6.0/external/esmf_time_f90  -I/glade/derecho/scratch/yates/NEOM_WRF/wrfv4.6.0/main -I/glade/derecho/scratch/yates/NEOM_WRF/wrfv4.6.0/external/io_netcdf -I/glade/derecho/scratch/yates/NEOM_WRF/wrfv4.6.0/external/io_int -I/glade/derecho/scratch/yates/NEOM_WRF/wrfv4.6.0/frame -I/glade/derecho/scratch/yates/NEOM_WRF/wrfv4.6.0/share -I/glade/derecho/scratch/yates/NEOM_WRF/wrfv4.6.0/phys -I/glade/derecho/scratch/yates/NEOM_WRF/wrfv4.6.0/wrftladj -I/glade/derecho/scratch/yates/NEOM_WRF/wrfv4.6.0/chem -I/glade/derecho/scratch/yates/NEOM_WRF/wrfv4.6.0/inc -I/glade/u/apps/derecho/23.09/spack/opt/spack/netcdf/4.9.2/oneapi/2023.2.1/yzvj/include  -real-size `expr 8 \* 4` -i4  module_fr_fire_driver_wrf.f90

real	0m3.229s
user	0m2.763s
sys	0m0.409s
rm -f module_shcu_camuwshcu_driver.o
sed -e "s/^\!.*'.*//" -e "s/^ *\!.*'.*//" module_shcu_camuwshcu_driver.F > module_shcu_camuwshcu_driver.G
/lib/cpp -P -nostdinc -I/glade/derecho/scratch/yates/NEOM_WRF/wrfv4.6.0/inc -DEM_CORE=1 -DNMM_CORE=0 -DNMM_MAX_DIM=2600 -DDA_CORE=0 -DWRFPLUS=0 -DIWORDSIZE=4 -DDWORDSIZE=8 -DRWORDSIZE=4 -DLWORDSIZE=4 -DNONSTANDARD_SYSTEM_FUNC  -DWRF_USE_CLM -DUSE_NETCDF4_FEATURES -DWRFIO_NCD_LARGE_FILE_SUPPORT  -DDM_PARALLEL -DNETCDF -DLANDREAD_STUB=1 -DUSE_ALLOCATABLES -Dwrfmodel -DGRIB1 -DINTIO -DKEEP_INT_AROUND -DLIMIT_ARGS -DBUILD_RRTMG_FAST=0 -DBUILD_RRTMK=0 -DBUILD_SBM_FAST=1 -DSHOW_ALL_VARS_USED=0 -DCONFIG_BUF_LEN=65536 -DMAX_DOMAINS_F=21 -DMAX_HISTORY=25 -DNMM_NEST=0 -DWRF_CHEM -DBUILD_CHEM=1 -I. -traditional-cpp -DUSE_NETCDF4_FEATURES -DWRFIO_NCD_LARGE_FILE_SUPPORT   module_shcu_camuwshcu_driver.G  > module_shcu_camuwshcu_driver.bb
/glade/derecho/scratch/yates/NEOM_WRF/wrfv4.6.0/tools/standard.exe module_shcu_camuwshcu_driver.bb | /lib/cpp -P -nostdinc -traditional-cpp -DUSE_NETCDF4_FEATURES -DWRFIO_NCD_LARGE_FILE_SUPPORT > module_shcu_camuwshcu_driver.f90
rm -f module_shcu_camuwshcu_driver.G module_shcu_camuwshcu_driver.bb
time mpif90 -f90=ifort -o module_shcu_camuwshcu_driver.o -c -O3 -ip -fp-model precise -w -ftz -align all -fno-alias -FR -convert big_endian    -I../dyn_em  -I/glade/derecho/scratch/yates/NEOM_WRF/wrfv4.6.0/external/esmf_time_f90  -I/glade/derecho/scratch/yates/NEOM_WRF/wrfv4.6.0/main -I/glade/derecho/scratch/yates/NEOM_WRF/wrfv4.6.0/external/io_netcdf -I/glade/derecho/scratch/yates/NEOM_WRF/wrfv4.6.0/external/io_int -I/glade/derecho/scratch/yates/NEOM_WRF/wrfv4.6.0/frame -I/glade/derecho/scratch/yates/NEOM_WRF/wrfv4.6.0/share -I/glade/derecho/scratch/yates/NEOM_WRF/wrfv4.6.0/phys -I/glade/derecho/scratch/yates/NEOM_WRF/wrfv4.6.0/wrftladj -I/glade/derecho/scratch/yates/NEOM_WRF/wrfv4.6.0/chem -I/glade/derecho/scratch/yates/NEOM_WRF/wrfv4.6.0/inc -I/glade/u/apps/derecho/23.09/spack/opt/spack/netcdf/4.9.2/oneapi/2023.2.1/yzvj/include  -real-size `expr 8 \* 4` -i4  module_shcu_camuwshcu_driver.f90

real	0m4.747s
user	0m4.284s
sys	0m0.399s
rm -f module_cu_camzm_driver.o
sed -e "s/^\!.*'.*//" -e "s/^ *\!.*'.*//" module_cu_camzm_driver.F > module_cu_camzm_driver.G
/lib/cpp -P -nostdinc -I/glade/derecho/scratch/yates/NEOM_WRF/wrfv4.6.0/inc -DEM_CORE=1 -DNMM_CORE=0 -DNMM_MAX_DIM=2600 -DDA_CORE=0 -DWRFPLUS=0 -DIWORDSIZE=4 -DDWORDSIZE=8 -DRWORDSIZE=4 -DLWORDSIZE=4 -DNONSTANDARD_SYSTEM_FUNC  -DWRF_USE_CLM -DUSE_NETCDF4_FEATURES -DWRFIO_NCD_LARGE_FILE_SUPPORT  -DDM_PARALLEL -DNETCDF -DLANDREAD_STUB=1 -DUSE_ALLOCATABLES -Dwrfmodel -DGRIB1 -DINTIO -DKEEP_INT_AROUND -DLIMIT_ARGS -DBUILD_RRTMG_FAST=0 -DBUILD_RRTMK=0 -DBUILD_SBM_FAST=1 -DSHOW_ALL_VARS_USED=0 -DCONFIG_BUF_LEN=65536 -DMAX_DOMAINS_F=21 -DMAX_HISTORY=25 -DNMM_NEST=0 -DWRF_CHEM -DBUILD_CHEM=1 -I. -traditional-cpp -DUSE_NETCDF4_FEATURES -DWRFIO_NCD_LARGE_FILE_SUPPORT   module_cu_camzm_driver.G  > module_cu_camzm_driver.bb
/glade/derecho/scratch/yates/NEOM_WRF/wrfv4.6.0/tools/standard.exe module_cu_camzm_driver.bb | /lib/cpp -P -nostdinc -traditional-cpp -DUSE_NETCDF4_FEATURES -DWRFIO_NCD_LARGE_FILE_SUPPORT > module_cu_camzm_driver.f90
rm -f module_cu_camzm_driver.G module_cu_camzm_driver.bb
time mpif90 -f90=ifort -o module_cu_camzm_driver.o -c -O3 -ip -fp-model precise -w -ftz -align all -fno-alias -FR -convert big_endian    -I../dyn_em  -I/glade/derecho/scratch/yates/NEOM_WRF/wrfv4.6.0/external/esmf_time_f90  -I/glade/derecho/scratch/yates/NEOM_WRF/wrfv4.6.0/main -I/glade/derecho/scratch/yates/NEOM_WRF/wrfv4.6.0/external/io_netcdf -I/glade/derecho/scratch/yates/NEOM_WRF/wrfv4.6.0/external/io_int -I/glade/derecho/scratch/yates/NEOM_WRF/wrfv4.6.0/frame -I/glade/derecho/scratch/yates/NEOM_WRF/wrfv4.6.0/share -I/glade/derecho/scratch/yates/NEOM_WRF/wrfv4.6.0/phys -I/glade/derecho/scratch/yates/NEOM_WRF/wrfv4.6.0/wrftladj -I/glade/derecho/scratch/yates/NEOM_WRF/wrfv4.6.0/chem -I/glade/derecho/scratch/yates/NEOM_WRF/wrfv4.6.0/inc -I/glade/u/apps/derecho/23.09/spack/opt/spack/netcdf/4.9.2/oneapi/2023.2.1/yzvj/include  -real-size `expr 8 \* 4` -i4  module_cu_camzm_driver.f90

real	0m10.516s
user	0m10.086s
sys	0m0.406s
rm -f module_shallowcu_driver.o
sed -e "s/^\!.*'.*//" -e "s/^ *\!.*'.*//" module_shallowcu_driver.F > module_shallowcu_driver.G
/lib/cpp -P -nostdinc -I/glade/derecho/scratch/yates/NEOM_WRF/wrfv4.6.0/inc -DEM_CORE=1 -DNMM_CORE=0 -DNMM_MAX_DIM=2600 -DDA_CORE=0 -DWRFPLUS=0 -DIWORDSIZE=4 -DDWORDSIZE=8 -DRWORDSIZE=4 -DLWORDSIZE=4 -DNONSTANDARD_SYSTEM_FUNC  -DWRF_USE_CLM -DUSE_NETCDF4_FEATURES -DWRFIO_NCD_LARGE_FILE_SUPPORT  -DDM_PARALLEL -DNETCDF -DLANDREAD_STUB=1 -DUSE_ALLOCATABLES -Dwrfmodel -DGRIB1 -DINTIO -DKEEP_INT_AROUND -DLIMIT_ARGS -DBUILD_RRTMG_FAST=0 -DBUILD_RRTMK=0 -DBUILD_SBM_FAST=1 -DSHOW_ALL_VARS_USED=0 -DCONFIG_BUF_LEN=65536 -DMAX_DOMAINS_F=21 -DMAX_HISTORY=25 -DNMM_NEST=0 -DWRF_CHEM -DBUILD_CHEM=1 -I. -traditional-cpp -DUSE_NETCDF4_FEATURES -DWRFIO_NCD_LARGE_FILE_SUPPORT   module_shallowcu_driver.G  > module_shallowcu_driver.bb
/glade/derecho/scratch/yates/NEOM_WRF/wrfv4.6.0/tools/standard.exe module_shallowcu_driver.bb | /lib/cpp -P -nostdinc -traditional-cpp -DUSE_NETCDF4_FEATURES -DWRFIO_NCD_LARGE_FILE_SUPPORT > module_shallowcu_driver.f90
rm -f module_shallowcu_driver.G module_shallowcu_driver.bb
time mpif90 -f90=ifort -o module_shallowcu_driver.o -c -O3 -ip -fp-model precise -w -ftz -align all -fno-alias -FR -convert big_endian    -I../dyn_em  -I/glade/derecho/scratch/yates/NEOM_WRF/wrfv4.6.0/external/esmf_time_f90  -I/glade/derecho/scratch/yates/NEOM_WRF/wrfv4.6.0/main -I/glade/derecho/scratch/yates/NEOM_WRF/wrfv4.6.0/external/io_netcdf -I/glade/derecho/scratch/yates/NEOM_WRF/wrfv4.6.0/external/io_int -I/glade/derecho/scratch/yates/NEOM_WRF/wrfv4.6.0/frame -I/glade/derecho/scratch/yates/NEOM_WRF/wrfv4.6.0/share -I/glade/derecho/scratch/yates/NEOM_WRF/wrfv4.6.0/phys -I/glade/derecho/scratch/yates/NEOM_WRF/wrfv4.6.0/wrftladj -I/glade/derecho/scratch/yates/NEOM_WRF/wrfv4.6.0/chem -I/glade/derecho/scratch/yates/NEOM_WRF/wrfv4.6.0/inc -I/glade/u/apps/derecho/23.09/spack/opt/spack/netcdf/4.9.2/oneapi/2023.2.1/yzvj/include  -real-size `expr 8 \* 4` -i4  module_shallowcu_driver.f90

real	0m1.471s
user	0m1.081s
sys	0m0.360s
rm -f module_cumulus_driver.o
sed -e "s/^\!.*'.*//" -e "s/^ *\!.*'.*//" module_cumulus_driver.F > module_cumulus_driver.G
/lib/cpp -P -nostdinc -I/glade/derecho/scratch/yates/NEOM_WRF/wrfv4.6.0/inc -DEM_CORE=1 -DNMM_CORE=0 -DNMM_MAX_DIM=2600 -DDA_CORE=0 -DWRFPLUS=0 -DIWORDSIZE=4 -DDWORDSIZE=8 -DRWORDSIZE=4 -DLWORDSIZE=4 -DNONSTANDARD_SYSTEM_FUNC  -DWRF_USE_CLM -DUSE_NETCDF4_FEATURES -DWRFIO_NCD_LARGE_FILE_SUPPORT  -DDM_PARALLEL -DNETCDF -DLANDREAD_STUB=1 -DUSE_ALLOCATABLES -Dwrfmodel -DGRIB1 -DINTIO -DKEEP_INT_AROUND -DLIMIT_ARGS -DBUILD_RRTMG_FAST=0 -DBUILD_RRTMK=0 -DBUILD_SBM_FAST=1 -DSHOW_ALL_VARS_USED=0 -DCONFIG_BUF_LEN=65536 -DMAX_DOMAINS_F=21 -DMAX_HISTORY=25 -DNMM_NEST=0 -DWRF_CHEM -DBUILD_CHEM=1 -I. -traditional-cpp -DUSE_NETCDF4_FEATURES -DWRFIO_NCD_LARGE_FILE_SUPPORT   module_cumulus_driver.G  > module_cumulus_driver.bb
/glade/derecho/scratch/yates/NEOM_WRF/wrfv4.6.0/tools/standard.exe module_cumulus_driver.bb | /lib/cpp -P -nostdinc -traditional-cpp -DUSE_NETCDF4_FEATURES -DWRFIO_NCD_LARGE_FILE_SUPPORT > module_cumulus_driver.f90
rm -f module_cumulus_driver.G module_cumulus_driver.bb
time mpif90 -f90=ifort -o module_cumulus_driver.o -c -O3 -ip -fp-model precise -w -ftz -align all -fno-alias -FR -convert big_endian    -I../dyn_em  -I/glade/derecho/scratch/yates/NEOM_WRF/wrfv4.6.0/external/esmf_time_f90  -I/glade/derecho/scratch/yates/NEOM_WRF/wrfv4.6.0/main -I/glade/derecho/scratch/yates/NEOM_WRF/wrfv4.6.0/external/io_netcdf -I/glade/derecho/scratch/yates/NEOM_WRF/wrfv4.6.0/external/io_int -I/glade/derecho/scratch/yates/NEOM_WRF/wrfv4.6.0/frame -I/glade/derecho/scratch/yates/NEOM_WRF/wrfv4.6.0/share -I/glade/derecho/scratch/yates/NEOM_WRF/wrfv4.6.0/phys -I/glade/derecho/scratch/yates/NEOM_WRF/wrfv4.6.0/wrftladj -I/glade/derecho/scratch/yates/NEOM_WRF/wrfv4.6.0/chem -I/glade/derecho/scratch/yates/NEOM_WRF/wrfv4.6.0/inc -I/glade/u/apps/derecho/23.09/spack/opt/spack/netcdf/4.9.2/oneapi/2023.2.1/yzvj/include  -real-size `expr 8 \* 4` -i4  module_cumulus_driver.f90

real	0m4.374s
user	0m3.288s
sys	0m1.048s

real	8m34.821s
user	8m31.120s
sys	0m2.592s
rm -f module_physics_init.o
rm -f module_surface_driver.o
/lib/cpp -P -nostdinc -I/glade/derecho/scratch/yates/NEOM_WRF/wrfv4.6.0/inc -DEM_CORE=1 -DNMM_CORE=0 -DNMM_MAX_DIM=2600 -DDA_CORE=0 -DWRFPLUS=0 -DIWORDSIZE=4 -DDWORDSIZE=8 -DRWORDSIZE=4 -DLWORDSIZE=4 -DNONSTANDARD_SYSTEM_FUNC  -DWRF_USE_CLM -DUSE_NETCDF4_FEATURES -DWRFIO_NCD_LARGE_FILE_SUPPORT  -DDM_PARALLEL -DNETCDF -DLANDREAD_STUB=1 -DUSE_ALLOCATABLES -Dwrfmodel -DGRIB1 -DINTIO -DKEEP_INT_AROUND -DLIMIT_ARGS -DBUILD_RRTMG_FAST=0 -DBUILD_RRTMK=0 -DBUILD_SBM_FAST=1 -DSHOW_ALL_VARS_USED=0 -DCONFIG_BUF_LEN=65536 -DMAX_DOMAINS_F=21 -DMAX_HISTORY=25 -DNMM_NEST=0 -DWRF_CHEM -DBUILD_CHEM=1 -I. -traditional-cpp -DUSE_NETCDF4_FEATURES -DWRFIO_NCD_LARGE_FILE_SUPPORT   module_physics_init.F  > module_physics_init.bb
sed -e "s/^\!.*'.*//" -e "s/^ *\!.*'.*//" module_surface_driver.F > module_surface_driver.G
/lib/cpp -P -nostdinc -I/glade/derecho/scratch/yates/NEOM_WRF/wrfv4.6.0/inc -DEM_CORE=1 -DNMM_CORE=0 -DNMM_MAX_DIM=2600 -DDA_CORE=0 -DWRFPLUS=0 -DIWORDSIZE=4 -DDWORDSIZE=8 -DRWORDSIZE=4 -DLWORDSIZE=4 -DNONSTANDARD_SYSTEM_FUNC  -DWRF_USE_CLM -DUSE_NETCDF4_FEATURES -DWRFIO_NCD_LARGE_FILE_SUPPORT  -DDM_PARALLEL -DNETCDF -DLANDREAD_STUB=1 -DUSE_ALLOCATABLES -Dwrfmodel -DGRIB1 -DINTIO -DKEEP_INT_AROUND -DLIMIT_ARGS -DBUILD_RRTMG_FAST=0 -DBUILD_RRTMK=0 -DBUILD_SBM_FAST=1 -DSHOW_ALL_VARS_USED=0 -DCONFIG_BUF_LEN=65536 -DMAX_DOMAINS_F=21 -DMAX_HISTORY=25 -DNMM_NEST=0 -DWRF_CHEM -DBUILD_CHEM=1 -I. -traditional-cpp -DUSE_NETCDF4_FEATURES -DWRFIO_NCD_LARGE_FILE_SUPPORT   module_surface_driver.G  > module_surface_driver.bb
/glade/derecho/scratch/yates/NEOM_WRF/wrfv4.6.0/tools/standard.exe module_physics_init.bb | /lib/cpp -P -nostdinc -traditional-cpp -DUSE_NETCDF4_FEATURES -DWRFIO_NCD_LARGE_FILE_SUPPORT > module_physics_init.f90
/glade/derecho/scratch/yates/NEOM_WRF/wrfv4.6.0/tools/standard.exe module_surface_driver.bb | /lib/cpp -P -nostdinc -traditional-cpp -DUSE_NETCDF4_FEATURES -DWRFIO_NCD_LARGE_FILE_SUPPORT > module_surface_driver.f90
rm -f module_physics_init.b module_physics_init.bb
time mpif90 -f90=ifort -c -real-size `expr 8 \* 4` -i4  -O0 -fno-inline -no-ip -ip -fp-model precise -w -ftz -align all -fno-alias -FR -convert big_endian   -I../dyn_em  -I/glade/derecho/scratch/yates/NEOM_WRF/wrfv4.6.0/external/esmf_time_f90  -I/glade/derecho/scratch/yates/NEOM_WRF/wrfv4.6.0/main -I/glade/derecho/scratch/yates/NEOM_WRF/wrfv4.6.0/external/io_netcdf -I/glade/derecho/scratch/yates/NEOM_WRF/wrfv4.6.0/external/io_int -I/glade/derecho/scratch/yates/NEOM_WRF/wrfv4.6.0/frame -I/glade/derecho/scratch/yates/NEOM_WRF/wrfv4.6.0/share -I/glade/derecho/scratch/yates/NEOM_WRF/wrfv4.6.0/phys -I/glade/derecho/scratch/yates/NEOM_WRF/wrfv4.6.0/wrftladj -I/glade/derecho/scratch/yates/NEOM_WRF/wrfv4.6.0/chem -I/glade/derecho/scratch/yates/NEOM_WRF/wrfv4.6.0/inc -I/glade/u/apps/derecho/23.09/spack/opt/spack/netcdf/4.9.2/oneapi/2023.2.1/yzvj/include   module_physics_init.f90
rm -f module_surface_driver.G module_surface_driver.bb
time mpif90 -f90=ifort -o module_surface_driver.o -c -O3 -ip -fp-model precise -w -ftz -align all -fno-alias -FR -convert big_endian    -I../dyn_em  -I/glade/derecho/scratch/yates/NEOM_WRF/wrfv4.6.0/external/esmf_time_f90  -I/glade/derecho/scratch/yates/NEOM_WRF/wrfv4.6.0/main -I/glade/derecho/scratch/yates/NEOM_WRF/wrfv4.6.0/external/io_netcdf -I/glade/derecho/scratch/yates/NEOM_WRF/wrfv4.6.0/external/io_int -I/glade/derecho/scratch/yates/NEOM_WRF/wrfv4.6.0/frame -I/glade/derecho/scratch/yates/NEOM_WRF/wrfv4.6.0/share -I/glade/derecho/scratch/yates/NEOM_WRF/wrfv4.6.0/phys -I/glade/derecho/scratch/yates/NEOM_WRF/wrfv4.6.0/wrftladj -I/glade/derecho/scratch/yates/NEOM_WRF/wrfv4.6.0/chem -I/glade/derecho/scratch/yates/NEOM_WRF/wrfv4.6.0/inc -I/glade/u/apps/derecho/23.09/spack/opt/spack/netcdf/4.9.2/oneapi/2023.2.1/yzvj/include  -real-size `expr 8 \* 4` -i4  module_surface_driver.f90

real	0m2.329s
user	0m1.733s
sys	0m0.537s

real	0m18.271s
user	0m17.689s
sys	0m0.544s
make[3]: Leaving directory '/glade/derecho/scratch/yates/NEOM_WRF/wrfv4.6.0/phys'
make[2]: Leaving directory '/glade/derecho/scratch/yates/NEOM_WRF/wrfv4.6.0/phys'
make[1]: Leaving directory '/glade/derecho/scratch/yates/NEOM_WRF/wrfv4.6.0'
------------------------------------------------------------------------------
NoahMP submodule files populating WRF directories
------------------------------------------------------------------------------
if [ 1  -eq 1 ]    ; then make -i -r MODULE_DIRS="-I../dyn_em  -I/glade/derecho/scratch/yates/NEOM_WRF/wrfv4.6.0/external/esmf_time_f90  -I/glade/derecho/scratch/yates/NEOM_WRF/wrfv4.6.0/main -I/glade/derecho/scratch/yates/NEOM_WRF/wrfv4.6.0/external/io_netcdf -I/glade/derecho/scratch/yates/NEOM_WRF/wrfv4.6.0/external/io_int -I/glade/derecho/scratch/yates/NEOM_WRF/wrfv4.6.0/frame -I/glade/derecho/scratch/yates/NEOM_WRF/wrfv4.6.0/share -I/glade/derecho/scratch/yates/NEOM_WRF/wrfv4.6.0/phys -I/glade/derecho/scratch/yates/NEOM_WRF/wrfv4.6.0/wrftladj -I/glade/derecho/scratch/yates/NEOM_WRF/wrfv4.6.0/chem -I/glade/derecho/scratch/yates/NEOM_WRF/wrfv4.6.0/inc -I/glade/u/apps/derecho/23.09/spack/opt/spack/netcdf/4.9.2/oneapi/2023.2.1/yzvj/include " chemics ; fi
make[1]: Entering directory '/glade/derecho/scratch/yates/NEOM_WRF/wrfv4.6.0'
--------------------------------------
if [ 0 -eq 1 ] ; then ( cd chem ; make -i -r ) ; fi
if [ 0 -eq 0 ] ; then \
  if  [ "`echo -j 2 | sed -e 's/-j//g' -e 's/ \+//g'`" -gt "16" ] ; then \
    ( cd chem ; make -i -r -j 16 ) ;  \
  else \
    ( cd chem ; make -i -r -j 2 ) ; \
  fi \
fi
make[2]: Entering directory '/glade/derecho/scratch/yates/NEOM_WRF/wrfv4.6.0/chem'
rm -f module_data_isrpia_data.o
rm -f module_data_isrpia_asrc.o
sed -e "s/^\!.*'.*//" -e "s/^ *\!.*'.*//" module_data_isrpia_data.F > module_data_isrpia_data.G
sed -e "s/^\!.*'.*//" -e "s/^ *\!.*'.*//" module_data_isrpia_asrc.F > module_data_isrpia_asrc.G
/lib/cpp -P -nostdinc -I/glade/derecho/scratch/yates/NEOM_WRF/wrfv4.6.0/inc -DEM_CORE=1 -DNMM_CORE=0 -DNMM_MAX_DIM=2600 -DDA_CORE=0 -DWRFPLUS=0 -DIWORDSIZE=4 -DDWORDSIZE=8 -DRWORDSIZE=4 -DLWORDSIZE=4 -DNONSTANDARD_SYSTEM_FUNC  -DWRF_USE_CLM -DUSE_NETCDF4_FEATURES -DWRFIO_NCD_LARGE_FILE_SUPPORT  -DDM_PARALLEL -DNETCDF -DLANDREAD_STUB=1 -DUSE_ALLOCATABLES -Dwrfmodel -DGRIB1 -DINTIO -DKEEP_INT_AROUND -DLIMIT_ARGS -DBUILD_RRTMG_FAST=0 -DBUILD_RRTMK=0 -DBUILD_SBM_FAST=1 -DSHOW_ALL_VARS_USED=0 -DCONFIG_BUF_LEN=65536 -DMAX_DOMAINS_F=21 -DMAX_HISTORY=25 -DNMM_NEST=0 -DWRF_CHEM -DBUILD_CHEM=1 -I. -traditional-cpp -DUSE_NETCDF4_FEATURES -DWRFIO_NCD_LARGE_FILE_SUPPORT   module_data_isrpia_asrc.G  > module_data_isrpia_asrc.bb
/glade/derecho/scratch/yates/NEOM_WRF/wrfv4.6.0/tools/standard.exe module_data_isrpia_asrc.bb | /lib/cpp -P -nostdinc -traditional-cpp -DUSE_NETCDF4_FEATURES -DWRFIO_NCD_LARGE_FILE_SUPPORT > module_data_isrpia_asrc.f90
/lib/cpp -P -nostdinc -I/glade/derecho/scratch/yates/NEOM_WRF/wrfv4.6.0/inc -DEM_CORE=1 -DNMM_CORE=0 -DNMM_MAX_DIM=2600 -DDA_CORE=0 -DWRFPLUS=0 -DIWORDSIZE=4 -DDWORDSIZE=8 -DRWORDSIZE=4 -DLWORDSIZE=4 -DNONSTANDARD_SYSTEM_FUNC  -DWRF_USE_CLM -DUSE_NETCDF4_FEATURES -DWRFIO_NCD_LARGE_FILE_SUPPORT  -DDM_PARALLEL -DNETCDF -DLANDREAD_STUB=1 -DUSE_ALLOCATABLES -Dwrfmodel -DGRIB1 -DINTIO -DKEEP_INT_AROUND -DLIMIT_ARGS -DBUILD_RRTMG_FAST=0 -DBUILD_RRTMK=0 -DBUILD_SBM_FAST=1 -DSHOW_ALL_VARS_USED=0 -DCONFIG_BUF_LEN=65536 -DMAX_DOMAINS_F=21 -DMAX_HISTORY=25 -DNMM_NEST=0 -DWRF_CHEM -DBUILD_CHEM=1 -I. -traditional-cpp -DUSE_NETCDF4_FEATURES -DWRFIO_NCD_LARGE_FILE_SUPPORT   module_data_isrpia_data.G  > module_data_isrpia_data.bb
rm -f module_data_isrpia_asrc.G module_data_isrpia_asrc.bb
/glade/derecho/scratch/yates/NEOM_WRF/wrfv4.6.0/tools/standard.exe module_data_isrpia_data.bb | /lib/cpp -P -nostdinc -traditional-cpp -DUSE_NETCDF4_FEATURES -DWRFIO_NCD_LARGE_FILE_SUPPORT > module_data_isrpia_data.f90
time mpif90 -f90=ifort -o module_data_isrpia_asrc.o -c -O3 -ip -fp-model precise -w -ftz -align all -fno-alias -FR -convert big_endian    -I../dyn_em  -I/glade/derecho/scratch/yates/NEOM_WRF/wrfv4.6.0/external/esmf_time_f90  -I/glade/derecho/scratch/yates/NEOM_WRF/wrfv4.6.0/main -I/glade/derecho/scratch/yates/NEOM_WRF/wrfv4.6.0/external/io_netcdf -I/glade/derecho/scratch/yates/NEOM_WRF/wrfv4.6.0/external/io_int -I/glade/derecho/scratch/yates/NEOM_WRF/wrfv4.6.0/frame -I/glade/derecho/scratch/yates/NEOM_WRF/wrfv4.6.0/share -I/glade/derecho/scratch/yates/NEOM_WRF/wrfv4.6.0/phys -I/glade/derecho/scratch/yates/NEOM_WRF/wrfv4.6.0/wrftladj -I/glade/derecho/scratch/yates/NEOM_WRF/wrfv4.6.0/chem -I/glade/derecho/scratch/yates/NEOM_WRF/wrfv4.6.0/inc -I/glade/u/apps/derecho/23.09/spack/opt/spack/netcdf/4.9.2/oneapi/2023.2.1/yzvj/include  -real-size `expr 8 \* 4` -i4  module_data_isrpia_asrc.f90
rm -f module_data_isrpia_data.G module_data_isrpia_data.bb
time mpif90 -f90=ifort -o module_data_isrpia_data.o -c -O3 -ip -fp-model precise -w -ftz -align all -fno-alias -FR -convert big_endian    -I../dyn_em  -I/glade/derecho/scratch/yates/NEOM_WRF/wrfv4.6.0/external/esmf_time_f90  -I/glade/derecho/scratch/yates/NEOM_WRF/wrfv4.6.0/main -I/glade/derecho/scratch/yates/NEOM_WRF/wrfv4.6.0/external/io_netcdf -I/glade/derecho/scratch/yates/NEOM_WRF/wrfv4.6.0/external/io_int -I/glade/derecho/scratch/yates/NEOM_WRF/wrfv4.6.0/frame -I/glade/derecho/scratch/yates/NEOM_WRF/wrfv4.6.0/share -I/glade/derecho/scratch/yates/NEOM_WRF/wrfv4.6.0/phys -I/glade/derecho/scratch/yates/NEOM_WRF/wrfv4.6.0/wrftladj -I/glade/derecho/scratch/yates/NEOM_WRF/wrfv4.6.0/chem -I/glade/derecho/scratch/yates/NEOM_WRF/wrfv4.6.0/inc -I/glade/u/apps/derecho/23.09/spack/opt/spack/netcdf/4.9.2/oneapi/2023.2.1/yzvj/include  -real-size `expr 8 \* 4` -i4  module_data_isrpia_data.f90

real	0m0.375s
user	0m0.063s
sys	0m0.287s
rm -f module_data_isrpia_solut.o
sed -e "s/^\!.*'.*//" -e "s/^ *\!.*'.*//" module_data_isrpia_solut.F > module_data_isrpia_solut.G
/lib/cpp -P -nostdinc -I/glade/derecho/scratch/yates/NEOM_WRF/wrfv4.6.0/inc -DEM_CORE=1 -DNMM_CORE=0 -DNMM_MAX_DIM=2600 -DDA_CORE=0 -DWRFPLUS=0 -DIWORDSIZE=4 -DDWORDSIZE=8 -DRWORDSIZE=4 -DLWORDSIZE=4 -DNONSTANDARD_SYSTEM_FUNC  -DWRF_USE_CLM -DUSE_NETCDF4_FEATURES -DWRFIO_NCD_LARGE_FILE_SUPPORT  -DDM_PARALLEL -DNETCDF -DLANDREAD_STUB=1 -DUSE_ALLOCATABLES -Dwrfmodel -DGRIB1 -DINTIO -DKEEP_INT_AROUND -DLIMIT_ARGS -DBUILD_RRTMG_FAST=0 -DBUILD_RRTMK=0 -DBUILD_SBM_FAST=1 -DSHOW_ALL_VARS_USED=0 -DCONFIG_BUF_LEN=65536 -DMAX_DOMAINS_F=21 -DMAX_HISTORY=25 -DNMM_NEST=0 -DWRF_CHEM -DBUILD_CHEM=1 -I. -traditional-cpp -DUSE_NETCDF4_FEATURES -DWRFIO_NCD_LARGE_FILE_SUPPORT   module_data_isrpia_solut.G  > module_data_isrpia_solut.bb

real	0m0.366s
user	0m0.073s
sys	0m0.268s
rm -f module_data_isrpia_kmc198.o
/glade/derecho/scratch/yates/NEOM_WRF/wrfv4.6.0/tools/standard.exe module_data_isrpia_solut.bb | /lib/cpp -P -nostdinc -traditional-cpp -DUSE_NETCDF4_FEATURES -DWRFIO_NCD_LARGE_FILE_SUPPORT > module_data_isrpia_solut.f90
sed -e "s/^\!.*'.*//" -e "s/^ *\!.*'.*//" module_data_isrpia_kmc198.F > module_data_isrpia_kmc198.G
rm -f module_data_isrpia_solut.G module_data_isrpia_solut.bb
time mpif90 -f90=ifort -o module_data_isrpia_solut.o -c -O3 -ip -fp-model precise -w -ftz -align all -fno-alias -FR -convert big_endian    -I../dyn_em  -I/glade/derecho/scratch/yates/NEOM_WRF/wrfv4.6.0/external/esmf_time_f90  -I/glade/derecho/scratch/yates/NEOM_WRF/wrfv4.6.0/main -I/glade/derecho/scratch/yates/NEOM_WRF/wrfv4.6.0/external/io_netcdf -I/glade/derecho/scratch/yates/NEOM_WRF/wrfv4.6.0/external/io_int -I/glade/derecho/scratch/yates/NEOM_WRF/wrfv4.6.0/frame -I/glade/derecho/scratch/yates/NEOM_WRF/wrfv4.6.0/share -I/glade/derecho/scratch/yates/NEOM_WRF/wrfv4.6.0/phys -I/glade/derecho/scratch/yates/NEOM_WRF/wrfv4.6.0/wrftladj -I/glade/derecho/scratch/yates/NEOM_WRF/wrfv4.6.0/chem -I/glade/derecho/scratch/yates/NEOM_WRF/wrfv4.6.0/inc -I/glade/u/apps/derecho/23.09/spack/opt/spack/netcdf/4.9.2/oneapi/2023.2.1/yzvj/include  -real-size `expr 8 \* 4` -i4  module_data_isrpia_solut.f90
/lib/cpp -P -nostdinc -I/glade/derecho/scratch/yates/NEOM_WRF/wrfv4.6.0/inc -DEM_CORE=1 -DNMM_CORE=0 -DNMM_MAX_DIM=2600 -DDA_CORE=0 -DWRFPLUS=0 -DIWORDSIZE=4 -DDWORDSIZE=8 -DRWORDSIZE=4 -DLWORDSIZE=4 -DNONSTANDARD_SYSTEM_FUNC  -DWRF_USE_CLM -DUSE_NETCDF4_FEATURES -DWRFIO_NCD_LARGE_FILE_SUPPORT  -DDM_PARALLEL -DNETCDF -DLANDREAD_STUB=1 -DUSE_ALLOCATABLES -Dwrfmodel -DGRIB1 -DINTIO -DKEEP_INT_AROUND -DLIMIT_ARGS -DBUILD_RRTMG_FAST=0 -DBUILD_RRTMK=0 -DBUILD_SBM_FAST=1 -DSHOW_ALL_VARS_USED=0 -DCONFIG_BUF_LEN=65536 -DMAX_DOMAINS_F=21 -DMAX_HISTORY=25 -DNMM_NEST=0 -DWRF_CHEM -DBUILD_CHEM=1 -I. -traditional-cpp -DUSE_NETCDF4_FEATURES -DWRFIO_NCD_LARGE_FILE_SUPPORT   module_data_isrpia_kmc198.G  > module_data_isrpia_kmc198.bb
/glade/derecho/scratch/yates/NEOM_WRF/wrfv4.6.0/tools/standard.exe module_data_isrpia_kmc198.bb | /lib/cpp -P -nostdinc -traditional-cpp -DUSE_NETCDF4_FEATURES -DWRFIO_NCD_LARGE_FILE_SUPPORT > module_data_isrpia_kmc198.f90
rm -f module_data_isrpia_kmc198.G module_data_isrpia_kmc198.bb
time mpif90 -f90=ifort -o module_data_isrpia_kmc198.o -c -O3 -ip -fp-model precise -w -ftz -align all -fno-alias -FR -convert big_endian    -I../dyn_em  -I/glade/derecho/scratch/yates/NEOM_WRF/wrfv4.6.0/external/esmf_time_f90  -I/glade/derecho/scratch/yates/NEOM_WRF/wrfv4.6.0/main -I/glade/derecho/scratch/yates/NEOM_WRF/wrfv4.6.0/external/io_netcdf -I/glade/derecho/scratch/yates/NEOM_WRF/wrfv4.6.0/external/io_int -I/glade/derecho/scratch/yates/NEOM_WRF/wrfv4.6.0/frame -I/glade/derecho/scratch/yates/NEOM_WRF/wrfv4.6.0/share -I/glade/derecho/scratch/yates/NEOM_WRF/wrfv4.6.0/phys -I/glade/derecho/scratch/yates/NEOM_WRF/wrfv4.6.0/wrftladj -I/glade/derecho/scratch/yates/NEOM_WRF/wrfv4.6.0/chem -I/glade/derecho/scratch/yates/NEOM_WRF/wrfv4.6.0/inc -I/glade/u/apps/derecho/23.09/spack/opt/spack/netcdf/4.9.2/oneapi/2023.2.1/yzvj/include  -real-size `expr 8 \* 4` -i4  module_data_isrpia_kmc198.f90

real	0m0.379s
user	0m0.105s
sys	0m0.248s
rm -f module_data_isrpia_kmc223.o
sed -e "s/^\!.*'.*//" -e "s/^ *\!.*'.*//" module_data_isrpia_kmc223.F > module_data_isrpia_kmc223.G
/lib/cpp -P -nostdinc -I/glade/derecho/scratch/yates/NEOM_WRF/wrfv4.6.0/inc -DEM_CORE=1 -DNMM_CORE=0 -DNMM_MAX_DIM=2600 -DDA_CORE=0 -DWRFPLUS=0 -DIWORDSIZE=4 -DDWORDSIZE=8 -DRWORDSIZE=4 -DLWORDSIZE=4 -DNONSTANDARD_SYSTEM_FUNC  -DWRF_USE_CLM -DUSE_NETCDF4_FEATURES -DWRFIO_NCD_LARGE_FILE_SUPPORT  -DDM_PARALLEL -DNETCDF -DLANDREAD_STUB=1 -DUSE_ALLOCATABLES -Dwrfmodel -DGRIB1 -DINTIO -DKEEP_INT_AROUND -DLIMIT_ARGS -DBUILD_RRTMG_FAST=0 -DBUILD_RRTMK=0 -DBUILD_SBM_FAST=1 -DSHOW_ALL_VARS_USED=0 -DCONFIG_BUF_LEN=65536 -DMAX_DOMAINS_F=21 -DMAX_HISTORY=25 -DNMM_NEST=0 -DWRF_CHEM -DBUILD_CHEM=1 -I. -traditional-cpp -DUSE_NETCDF4_FEATURES -DWRFIO_NCD_LARGE_FILE_SUPPORT   module_data_isrpia_kmc223.G  > module_data_isrpia_kmc223.bb
/glade/derecho/scratch/yates/NEOM_WRF/wrfv4.6.0/tools/standard.exe module_data_isrpia_kmc223.bb | /lib/cpp -P -nostdinc -traditional-cpp -DUSE_NETCDF4_FEATURES -DWRFIO_NCD_LARGE_FILE_SUPPORT > module_data_isrpia_kmc223.f90
rm -f module_data_isrpia_kmc223.G module_data_isrpia_kmc223.bb

real	0m0.419s
user	0m0.122s
sys	0m0.258s
rm -f module_data_isrpia_kmc248.o
sed -e "s/^\!.*'.*//" -e "s/^ *\!.*'.*//" module_data_isrpia_kmc248.F > module_data_isrpia_kmc248.G
time mpif90 -f90=ifort -o module_data_isrpia_kmc223.o -c -O3 -ip -fp-model precise -w -ftz -align all -fno-alias -FR -convert big_endian    -I../dyn_em  -I/glade/derecho/scratch/yates/NEOM_WRF/wrfv4.6.0/external/esmf_time_f90  -I/glade/derecho/scratch/yates/NEOM_WRF/wrfv4.6.0/main -I/glade/derecho/scratch/yates/NEOM_WRF/wrfv4.6.0/external/io_netcdf -I/glade/derecho/scratch/yates/NEOM_WRF/wrfv4.6.0/external/io_int -I/glade/derecho/scratch/yates/NEOM_WRF/wrfv4.6.0/frame -I/glade/derecho/scratch/yates/NEOM_WRF/wrfv4.6.0/share -I/glade/derecho/scratch/yates/NEOM_WRF/wrfv4.6.0/phys -I/glade/derecho/scratch/yates/NEOM_WRF/wrfv4.6.0/wrftladj -I/glade/derecho/scratch/yates/NEOM_WRF/wrfv4.6.0/chem -I/glade/derecho/scratch/yates/NEOM_WRF/wrfv4.6.0/inc -I/glade/u/apps/derecho/23.09/spack/opt/spack/netcdf/4.9.2/oneapi/2023.2.1/yzvj/include  -real-size `expr 8 \* 4` -i4  module_data_isrpia_kmc223.f90
/lib/cpp -P -nostdinc -I/glade/derecho/scratch/yates/NEOM_WRF/wrfv4.6.0/inc -DEM_CORE=1 -DNMM_CORE=0 -DNMM_MAX_DIM=2600 -DDA_CORE=0 -DWRFPLUS=0 -DIWORDSIZE=4 -DDWORDSIZE=8 -DRWORDSIZE=4 -DLWORDSIZE=4 -DNONSTANDARD_SYSTEM_FUNC  -DWRF_USE_CLM -DUSE_NETCDF4_FEATURES -DWRFIO_NCD_LARGE_FILE_SUPPORT  -DDM_PARALLEL -DNETCDF -DLANDREAD_STUB=1 -DUSE_ALLOCATABLES -Dwrfmodel -DGRIB1 -DINTIO -DKEEP_INT_AROUND -DLIMIT_ARGS -DBUILD_RRTMG_FAST=0 -DBUILD_RRTMK=0 -DBUILD_SBM_FAST=1 -DSHOW_ALL_VARS_USED=0 -DCONFIG_BUF_LEN=65536 -DMAX_DOMAINS_F=21 -DMAX_HISTORY=25 -DNMM_NEST=0 -DWRF_CHEM -DBUILD_CHEM=1 -I. -traditional-cpp -DUSE_NETCDF4_FEATURES -DWRFIO_NCD_LARGE_FILE_SUPPORT   module_data_isrpia_kmc248.G  > module_data_isrpia_kmc248.bb
/glade/derecho/scratch/yates/NEOM_WRF/wrfv4.6.0/tools/standard.exe module_data_isrpia_kmc248.bb | /lib/cpp -P -nostdinc -traditional-cpp -DUSE_NETCDF4_FEATURES -DWRFIO_NCD_LARGE_FILE_SUPPORT > module_data_isrpia_kmc248.f90
rm -f module_data_isrpia_kmc248.G module_data_isrpia_kmc248.bb
time mpif90 -f90=ifort -o module_data_isrpia_kmc248.o -c -O3 -ip -fp-model precise -w -ftz -align all -fno-alias -FR -convert big_endian    -I../dyn_em  -I/glade/derecho/scratch/yates/NEOM_WRF/wrfv4.6.0/external/esmf_time_f90  -I/glade/derecho/scratch/yates/NEOM_WRF/wrfv4.6.0/main -I/glade/derecho/scratch/yates/NEOM_WRF/wrfv4.6.0/external/io_netcdf -I/glade/derecho/scratch/yates/NEOM_WRF/wrfv4.6.0/external/io_int -I/glade/derecho/scratch/yates/NEOM_WRF/wrfv4.6.0/frame -I/glade/derecho/scratch/yates/NEOM_WRF/wrfv4.6.0/share -I/glade/derecho/scratch/yates/NEOM_WRF/wrfv4.6.0/phys -I/glade/derecho/scratch/yates/NEOM_WRF/wrfv4.6.0/wrftladj -I/glade/derecho/scratch/yates/NEOM_WRF/wrfv4.6.0/chem -I/glade/derecho/scratch/yates/NEOM_WRF/wrfv4.6.0/inc -I/glade/u/apps/derecho/23.09/spack/opt/spack/netcdf/4.9.2/oneapi/2023.2.1/yzvj/include  -real-size `expr 8 \* 4` -i4  module_data_isrpia_kmc248.f90

real	0m0.415s
user	0m0.104s
sys	0m0.284s
rm -f module_data_isrpia_kmc273.o
sed -e "s/^\!.*'.*//" -e "s/^ *\!.*'.*//" module_data_isrpia_kmc273.F > module_data_isrpia_kmc273.G
/lib/cpp -P -nostdinc -I/glade/derecho/scratch/yates/NEOM_WRF/wrfv4.6.0/inc -DEM_CORE=1 -DNMM_CORE=0 -DNMM_MAX_DIM=2600 -DDA_CORE=0 -DWRFPLUS=0 -DIWORDSIZE=4 -DDWORDSIZE=8 -DRWORDSIZE=4 -DLWORDSIZE=4 -DNONSTANDARD_SYSTEM_FUNC  -DWRF_USE_CLM -DUSE_NETCDF4_FEATURES -DWRFIO_NCD_LARGE_FILE_SUPPORT  -DDM_PARALLEL -DNETCDF -DLANDREAD_STUB=1 -DUSE_ALLOCATABLES -Dwrfmodel -DGRIB1 -DINTIO -DKEEP_INT_AROUND -DLIMIT_ARGS -DBUILD_RRTMG_FAST=0 -DBUILD_RRTMK=0 -DBUILD_SBM_FAST=1 -DSHOW_ALL_VARS_USED=0 -DCONFIG_BUF_LEN=65536 -DMAX_DOMAINS_F=21 -DMAX_HISTORY=25 -DNMM_NEST=0 -DWRF_CHEM -DBUILD_CHEM=1 -I. -traditional-cpp -DUSE_NETCDF4_FEATURES -DWRFIO_NCD_LARGE_FILE_SUPPORT   module_data_isrpia_kmc273.G  > module_data_isrpia_kmc273.bb
/glade/derecho/scratch/yates/NEOM_WRF/wrfv4.6.0/tools/standard.exe module_data_isrpia_kmc273.bb | /lib/cpp -P -nostdinc -traditional-cpp -DUSE_NETCDF4_FEATURES -DWRFIO_NCD_LARGE_FILE_SUPPORT > module_data_isrpia_kmc273.f90
rm -f module_data_isrpia_kmc273.G module_data_isrpia_kmc273.bb
time mpif90 -f90=ifort -o module_data_isrpia_kmc273.o -c -O3 -ip -fp-model precise -w -ftz -align all -fno-alias -FR -convert big_endian    -I../dyn_em  -I/glade/derecho/scratch/yates/NEOM_WRF/wrfv4.6.0/external/esmf_time_f90  -I/glade/derecho/scratch/yates/NEOM_WRF/wrfv4.6.0/main -I/glade/derecho/scratch/yates/NEOM_WRF/wrfv4.6.0/external/io_netcdf -I/glade/derecho/scratch/yates/NEOM_WRF/wrfv4.6.0/external/io_int -I/glade/derecho/scratch/yates/NEOM_WRF/wrfv4.6.0/frame -I/glade/derecho/scratch/yates/NEOM_WRF/wrfv4.6.0/share -I/glade/derecho/scratch/yates/NEOM_WRF/wrfv4.6.0/phys -I/glade/derecho/scratch/yates/NEOM_WRF/wrfv4.6.0/wrftladj -I/glade/derecho/scratch/yates/NEOM_WRF/wrfv4.6.0/chem -I/glade/derecho/scratch/yates/NEOM_WRF/wrfv4.6.0/inc -I/glade/u/apps/derecho/23.09/spack/opt/spack/netcdf/4.9.2/oneapi/2023.2.1/yzvj/include  -real-size `expr 8 \* 4` -i4  module_data_isrpia_kmc273.f90

real	0m0.411s
user	0m0.107s
sys	0m0.276s
rm -f module_data_isrpia_kmc298.o
sed -e "s/^\!.*'.*//" -e "s/^ *\!.*'.*//" module_data_isrpia_kmc298.F > module_data_isrpia_kmc298.G
/lib/cpp -P -nostdinc -I/glade/derecho/scratch/yates/NEOM_WRF/wrfv4.6.0/inc -DEM_CORE=1 -DNMM_CORE=0 -DNMM_MAX_DIM=2600 -DDA_CORE=0 -DWRFPLUS=0 -DIWORDSIZE=4 -DDWORDSIZE=8 -DRWORDSIZE=4 -DLWORDSIZE=4 -DNONSTANDARD_SYSTEM_FUNC  -DWRF_USE_CLM -DUSE_NETCDF4_FEATURES -DWRFIO_NCD_LARGE_FILE_SUPPORT  -DDM_PARALLEL -DNETCDF -DLANDREAD_STUB=1 -DUSE_ALLOCATABLES -Dwrfmodel -DGRIB1 -DINTIO -DKEEP_INT_AROUND -DLIMIT_ARGS -DBUILD_RRTMG_FAST=0 -DBUILD_RRTMK=0 -DBUILD_SBM_FAST=1 -DSHOW_ALL_VARS_USED=0 -DCONFIG_BUF_LEN=65536 -DMAX_DOMAINS_F=21 -DMAX_HISTORY=25 -DNMM_NEST=0 -DWRF_CHEM -DBUILD_CHEM=1 -I. -traditional-cpp -DUSE_NETCDF4_FEATURES -DWRFIO_NCD_LARGE_FILE_SUPPORT   module_data_isrpia_kmc298.G  > module_data_isrpia_kmc298.bb
/glade/derecho/scratch/yates/NEOM_WRF/wrfv4.6.0/tools/standard.exe module_data_isrpia_kmc298.bb | /lib/cpp -P -nostdinc -traditional-cpp -DUSE_NETCDF4_FEATURES -DWRFIO_NCD_LARGE_FILE_SUPPORT > module_data_isrpia_kmc298.f90
rm -f module_data_isrpia_kmc298.G module_data_isrpia_kmc298.bb
time mpif90 -f90=ifort -o module_data_isrpia_kmc298.o -c -O3 -ip -fp-model precise -w -ftz -align all -fno-alias -FR -convert big_endian    -I../dyn_em  -I/glade/derecho/scratch/yates/NEOM_WRF/wrfv4.6.0/external/esmf_time_f90  -I/glade/derecho/scratch/yates/NEOM_WRF/wrfv4.6.0/main -I/glade/derecho/scratch/yates/NEOM_WRF/wrfv4.6.0/external/io_netcdf -I/glade/derecho/scratch/yates/NEOM_WRF/wrfv4.6.0/external/io_int -I/glade/derecho/scratch/yates/NEOM_WRF/wrfv4.6.0/frame -I/glade/derecho/scratch/yates/NEOM_WRF/wrfv4.6.0/share -I/glade/derecho/scratch/yates/NEOM_WRF/wrfv4.6.0/phys -I/glade/derecho/scratch/yates/NEOM_WRF/wrfv4.6.0/wrftladj -I/glade/derecho/scratch/yates/NEOM_WRF/wrfv4.6.0/chem -I/glade/derecho/scratch/yates/NEOM_WRF/wrfv4.6.0/inc -I/glade/u/apps/derecho/23.09/spack/opt/spack/netcdf/4.9.2/oneapi/2023.2.1/yzvj/include  -real-size `expr 8 \* 4` -i4  module_data_isrpia_kmc298.f90

real	0m0.413s
user	0m0.123s
sys	0m0.263s
rm -f module_data_isrpia_kmc323.o
sed -e "s/^\!.*'.*//" -e "s/^ *\!.*'.*//" module_data_isrpia_kmc323.F > module_data_isrpia_kmc323.G
/lib/cpp -P -nostdinc -I/glade/derecho/scratch/yates/NEOM_WRF/wrfv4.6.0/inc -DEM_CORE=1 -DNMM_CORE=0 -DNMM_MAX_DIM=2600 -DDA_CORE=0 -DWRFPLUS=0 -DIWORDSIZE=4 -DDWORDSIZE=8 -DRWORDSIZE=4 -DLWORDSIZE=4 -DNONSTANDARD_SYSTEM_FUNC  -DWRF_USE_CLM -DUSE_NETCDF4_FEATURES -DWRFIO_NCD_LARGE_FILE_SUPPORT  -DDM_PARALLEL -DNETCDF -DLANDREAD_STUB=1 -DUSE_ALLOCATABLES -Dwrfmodel -DGRIB1 -DINTIO -DKEEP_INT_AROUND -DLIMIT_ARGS -DBUILD_RRTMG_FAST=0 -DBUILD_RRTMK=0 -DBUILD_SBM_FAST=1 -DSHOW_ALL_VARS_USED=0 -DCONFIG_BUF_LEN=65536 -DMAX_DOMAINS_F=21 -DMAX_HISTORY=25 -DNMM_NEST=0 -DWRF_CHEM -DBUILD_CHEM=1 -I. -traditional-cpp -DUSE_NETCDF4_FEATURES -DWRFIO_NCD_LARGE_FILE_SUPPORT   module_data_isrpia_kmc323.G  > module_data_isrpia_kmc323.bb
/glade/derecho/scratch/yates/NEOM_WRF/wrfv4.6.0/tools/standard.exe module_data_isrpia_kmc323.bb | /lib/cpp -P -nostdinc -traditional-cpp -DUSE_NETCDF4_FEATURES -DWRFIO_NCD_LARGE_FILE_SUPPORT > module_data_isrpia_kmc323.f90

real	0m0.400s
user	0m0.120s
sys	0m0.251s
rm -f module_data_isrpia_expnc.o
sed -e "s/^\!.*'.*//" -e "s/^ *\!.*'.*//" module_data_isrpia_expnc.F > module_data_isrpia_expnc.G
rm -f module_data_isrpia_kmc323.G module_data_isrpia_kmc323.bb
time mpif90 -f90=ifort -o module_data_isrpia_kmc323.o -c -O3 -ip -fp-model precise -w -ftz -align all -fno-alias -FR -convert big_endian    -I../dyn_em  -I/glade/derecho/scratch/yates/NEOM_WRF/wrfv4.6.0/external/esmf_time_f90  -I/glade/derecho/scratch/yates/NEOM_WRF/wrfv4.6.0/main -I/glade/derecho/scratch/yates/NEOM_WRF/wrfv4.6.0/external/io_netcdf -I/glade/derecho/scratch/yates/NEOM_WRF/wrfv4.6.0/external/io_int -I/glade/derecho/scratch/yates/NEOM_WRF/wrfv4.6.0/frame -I/glade/derecho/scratch/yates/NEOM_WRF/wrfv4.6.0/share -I/glade/derecho/scratch/yates/NEOM_WRF/wrfv4.6.0/phys -I/glade/derecho/scratch/yates/NEOM_WRF/wrfv4.6.0/wrftladj -I/glade/derecho/scratch/yates/NEOM_WRF/wrfv4.6.0/chem -I/glade/derecho/scratch/yates/NEOM_WRF/wrfv4.6.0/inc -I/glade/u/apps/derecho/23.09/spack/opt/spack/netcdf/4.9.2/oneapi/2023.2.1/yzvj/include  -real-size `expr 8 \* 4` -i4  module_data_isrpia_kmc323.f90
/lib/cpp -P -nostdinc -I/glade/derecho/scratch/yates/NEOM_WRF/wrfv4.6.0/inc -DEM_CORE=1 -DNMM_CORE=0 -DNMM_MAX_DIM=2600 -DDA_CORE=0 -DWRFPLUS=0 -DIWORDSIZE=4 -DDWORDSIZE=8 -DRWORDSIZE=4 -DLWORDSIZE=4 -DNONSTANDARD_SYSTEM_FUNC  -DWRF_USE_CLM -DUSE_NETCDF4_FEATURES -DWRFIO_NCD_LARGE_FILE_SUPPORT  -DDM_PARALLEL -DNETCDF -DLANDREAD_STUB=1 -DUSE_ALLOCATABLES -Dwrfmodel -DGRIB1 -DINTIO -DKEEP_INT_AROUND -DLIMIT_ARGS -DBUILD_RRTMG_FAST=0 -DBUILD_RRTMK=0 -DBUILD_SBM_FAST=1 -DSHOW_ALL_VARS_USED=0 -DCONFIG_BUF_LEN=65536 -DMAX_DOMAINS_F=21 -DMAX_HISTORY=25 -DNMM_NEST=0 -DWRF_CHEM -DBUILD_CHEM=1 -I. -traditional-cpp -DUSE_NETCDF4_FEATURES -DWRFIO_NCD_LARGE_FILE_SUPPORT   module_data_isrpia_expnc.G  > module_data_isrpia_expnc.bb
/glade/derecho/scratch/yates/NEOM_WRF/wrfv4.6.0/tools/standard.exe module_data_isrpia_expnc.bb | /lib/cpp -P -nostdinc -traditional-cpp -DUSE_NETCDF4_FEATURES -DWRFIO_NCD_LARGE_FILE_SUPPORT > module_data_isrpia_expnc.f90
rm -f module_data_isrpia_expnc.G module_data_isrpia_expnc.bb
time mpif90 -f90=ifort -o module_data_isrpia_expnc.o -c -O3 -ip -fp-model precise -w -ftz -align all -fno-alias -FR -convert big_endian    -I../dyn_em  -I/glade/derecho/scratch/yates/NEOM_WRF/wrfv4.6.0/external/esmf_time_f90  -I/glade/derecho/scratch/yates/NEOM_WRF/wrfv4.6.0/main -I/glade/derecho/scratch/yates/NEOM_WRF/wrfv4.6.0/external/io_netcdf -I/glade/derecho/scratch/yates/NEOM_WRF/wrfv4.6.0/external/io_int -I/glade/derecho/scratch/yates/NEOM_WRF/wrfv4.6.0/frame -I/glade/derecho/scratch/yates/NEOM_WRF/wrfv4.6.0/share -I/glade/derecho/scratch/yates/NEOM_WRF/wrfv4.6.0/phys -I/glade/derecho/scratch/yates/NEOM_WRF/wrfv4.6.0/wrftladj -I/glade/derecho/scratch/yates/NEOM_WRF/wrfv4.6.0/chem -I/glade/derecho/scratch/yates/NEOM_WRF/wrfv4.6.0/inc -I/glade/u/apps/derecho/23.09/spack/opt/spack/netcdf/4.9.2/oneapi/2023.2.1/yzvj/include  -real-size `expr 8 \* 4` -i4  module_data_isrpia_expnc.f90

real	0m0.412s
user	0m0.117s
sys	0m0.268s
rm -f module_data_isrpia_caseg.o
sed -e "s/^\!.*'.*//" -e "s/^ *\!.*'.*//" module_data_isrpia_caseg.F > module_data_isrpia_caseg.G
/lib/cpp -P -nostdinc -I/glade/derecho/scratch/yates/NEOM_WRF/wrfv4.6.0/inc -DEM_CORE=1 -DNMM_CORE=0 -DNMM_MAX_DIM=2600 -DDA_CORE=0 -DWRFPLUS=0 -DIWORDSIZE=4 -DDWORDSIZE=8 -DRWORDSIZE=4 -DLWORDSIZE=4 -DNONSTANDARD_SYSTEM_FUNC  -DWRF_USE_CLM -DUSE_NETCDF4_FEATURES -DWRFIO_NCD_LARGE_FILE_SUPPORT  -DDM_PARALLEL -DNETCDF -DLANDREAD_STUB=1 -DUSE_ALLOCATABLES -Dwrfmodel -DGRIB1 -DINTIO -DKEEP_INT_AROUND -DLIMIT_ARGS -DBUILD_RRTMG_FAST=0 -DBUILD_RRTMK=0 -DBUILD_SBM_FAST=1 -DSHOW_ALL_VARS_USED=0 -DCONFIG_BUF_LEN=65536 -DMAX_DOMAINS_F=21 -DMAX_HISTORY=25 -DNMM_NEST=0 -DWRF_CHEM -DBUILD_CHEM=1 -I. -traditional-cpp -DUSE_NETCDF4_FEATURES -DWRFIO_NCD_LARGE_FILE_SUPPORT   module_data_isrpia_caseg.G  > module_data_isrpia_caseg.bb

real	0m0.357s
user	0m0.076s
sys	0m0.260s
rm -f module_data_isrpia_casej.o
sed -e "s/^\!.*'.*//" -e "s/^ *\!.*'.*//" module_data_isrpia_casej.F > module_data_isrpia_casej.G
/glade/derecho/scratch/yates/NEOM_WRF/wrfv4.6.0/tools/standard.exe module_data_isrpia_caseg.bb | /lib/cpp -P -nostdinc -traditional-cpp -DUSE_NETCDF4_FEATURES -DWRFIO_NCD_LARGE_FILE_SUPPORT > module_data_isrpia_caseg.f90
/lib/cpp -P -nostdinc -I/glade/derecho/scratch/yates/NEOM_WRF/wrfv4.6.0/inc -DEM_CORE=1 -DNMM_CORE=0 -DNMM_MAX_DIM=2600 -DDA_CORE=0 -DWRFPLUS=0 -DIWORDSIZE=4 -DDWORDSIZE=8 -DRWORDSIZE=4 -DLWORDSIZE=4 -DNONSTANDARD_SYSTEM_FUNC  -DWRF_USE_CLM -DUSE_NETCDF4_FEATURES -DWRFIO_NCD_LARGE_FILE_SUPPORT  -DDM_PARALLEL -DNETCDF -DLANDREAD_STUB=1 -DUSE_ALLOCATABLES -Dwrfmodel -DGRIB1 -DINTIO -DKEEP_INT_AROUND -DLIMIT_ARGS -DBUILD_RRTMG_FAST=0 -DBUILD_RRTMK=0 -DBUILD_SBM_FAST=1 -DSHOW_ALL_VARS_USED=0 -DCONFIG_BUF_LEN=65536 -DMAX_DOMAINS_F=21 -DMAX_HISTORY=25 -DNMM_NEST=0 -DWRF_CHEM -DBUILD_CHEM=1 -I. -traditional-cpp -DUSE_NETCDF4_FEATURES -DWRFIO_NCD_LARGE_FILE_SUPPORT   module_data_isrpia_casej.G  > module_data_isrpia_casej.bb
/glade/derecho/scratch/yates/NEOM_WRF/wrfv4.6.0/tools/standard.exe module_data_isrpia_casej.bb | /lib/cpp -P -nostdinc -traditional-cpp -DUSE_NETCDF4_FEATURES -DWRFIO_NCD_LARGE_FILE_SUPPORT > module_data_isrpia_casej.f90
rm -f module_data_isrpia_caseg.G module_data_isrpia_caseg.bb
rm -f module_data_isrpia_casej.G module_data_isrpia_casej.bb
time mpif90 -f90=ifort -o module_data_isrpia_caseg.o -c -O3 -ip -fp-model precise -w -ftz -align all -fno-alias -FR -convert big_endian    -I../dyn_em  -I/glade/derecho/scratch/yates/NEOM_WRF/wrfv4.6.0/external/esmf_time_f90  -I/glade/derecho/scratch/yates/NEOM_WRF/wrfv4.6.0/main -I/glade/derecho/scratch/yates/NEOM_WRF/wrfv4.6.0/external/io_netcdf -I/glade/derecho/scratch/yates/NEOM_WRF/wrfv4.6.0/external/io_int -I/glade/derecho/scratch/yates/NEOM_WRF/wrfv4.6.0/frame -I/glade/derecho/scratch/yates/NEOM_WRF/wrfv4.6.0/share -I/glade/derecho/scratch/yates/NEOM_WRF/wrfv4.6.0/phys -I/glade/derecho/scratch/yates/NEOM_WRF/wrfv4.6.0/wrftladj -I/glade/derecho/scratch/yates/NEOM_WRF/wrfv4.6.0/chem -I/glade/derecho/scratch/yates/NEOM_WRF/wrfv4.6.0/inc -I/glade/u/apps/derecho/23.09/spack/opt/spack/netcdf/4.9.2/oneapi/2023.2.1/yzvj/include  -real-size `expr 8 \* 4` -i4  module_data_isrpia_caseg.f90
time mpif90 -f90=ifort -o module_data_isrpia_casej.o -c -O3 -ip -fp-model precise -w -ftz -align all -fno-alias -FR -convert big_endian    -I../dyn_em  -I/glade/derecho/scratch/yates/NEOM_WRF/wrfv4.6.0/external/esmf_time_f90  -I/glade/derecho/scratch/yates/NEOM_WRF/wrfv4.6.0/main -I/glade/derecho/scratch/yates/NEOM_WRF/wrfv4.6.0/external/io_netcdf -I/glade/derecho/scratch/yates/NEOM_WRF/wrfv4.6.0/external/io_int -I/glade/derecho/scratch/yates/NEOM_WRF/wrfv4.6.0/frame -I/glade/derecho/scratch/yates/NEOM_WRF/wrfv4.6.0/share -I/glade/derecho/scratch/yates/NEOM_WRF/wrfv4.6.0/phys -I/glade/derecho/scratch/yates/NEOM_WRF/wrfv4.6.0/wrftladj -I/glade/derecho/scratch/yates/NEOM_WRF/wrfv4.6.0/chem -I/glade/derecho/scratch/yates/NEOM_WRF/wrfv4.6.0/inc -I/glade/u/apps/derecho/23.09/spack/opt/spack/netcdf/4.9.2/oneapi/2023.2.1/yzvj/include  -real-size `expr 8 \* 4` -i4  module_data_isrpia_casej.f90

real	0m0.362s
user	0m0.079s

sys	0m0.257s
real	0m0.380s
user	0m0.059s
sys	0m0.292s
rm -f moduleHETDATA.o
rm -f moduleAERODATA.o
sed -e "s/^\!.*'.*//" -e "s/^ *\!.*'.*//" moduleHETDATA.F > moduleHETDATA.G
sed -e "s/^\!.*'.*//" -e "s/^ *\!.*'.*//" moduleAERODATA.F > moduleAERODATA.G
/lib/cpp -P -nostdinc -I/glade/derecho/scratch/yates/NEOM_WRF/wrfv4.6.0/inc -DEM_CORE=1 -DNMM_CORE=0 -DNMM_MAX_DIM=2600 -DDA_CORE=0 -DWRFPLUS=0 -DIWORDSIZE=4 -DDWORDSIZE=8 -DRWORDSIZE=4 -DLWORDSIZE=4 -DNONSTANDARD_SYSTEM_FUNC  -DWRF_USE_CLM -DUSE_NETCDF4_FEATURES -DWRFIO_NCD_LARGE_FILE_SUPPORT  -DDM_PARALLEL -DNETCDF -DLANDREAD_STUB=1 -DUSE_ALLOCATABLES -Dwrfmodel -DGRIB1 -DINTIO -DKEEP_INT_AROUND -DLIMIT_ARGS -DBUILD_RRTMG_FAST=0 -DBUILD_RRTMK=0 -DBUILD_SBM_FAST=1 -DSHOW_ALL_VARS_USED=0 -DCONFIG_BUF_LEN=65536 -DMAX_DOMAINS_F=21 -DMAX_HISTORY=25 -DNMM_NEST=0 -DWRF_CHEM -DBUILD_CHEM=1 -I. -traditional-cpp -DUSE_NETCDF4_FEATURES -DWRFIO_NCD_LARGE_FILE_SUPPORT   moduleAERODATA.G  > moduleAERODATA.bb
/glade/derecho/scratch/yates/NEOM_WRF/wrfv4.6.0/tools/standard.exe moduleAERODATA.bb | /lib/cpp -P -nostdinc -traditional-cpp -DUSE_NETCDF4_FEATURES -DWRFIO_NCD_LARGE_FILE_SUPPORT > moduleAERODATA.f90
/lib/cpp -P -nostdinc -I/glade/derecho/scratch/yates/NEOM_WRF/wrfv4.6.0/inc -DEM_CORE=1 -DNMM_CORE=0 -DNMM_MAX_DIM=2600 -DDA_CORE=0 -DWRFPLUS=0 -DIWORDSIZE=4 -DDWORDSIZE=8 -DRWORDSIZE=4 -DLWORDSIZE=4 -DNONSTANDARD_SYSTEM_FUNC  -DWRF_USE_CLM -DUSE_NETCDF4_FEATURES -DWRFIO_NCD_LARGE_FILE_SUPPORT  -DDM_PARALLEL -DNETCDF -DLANDREAD_STUB=1 -DUSE_ALLOCATABLES -Dwrfmodel -DGRIB1 -DINTIO -DKEEP_INT_AROUND -DLIMIT_ARGS -DBUILD_RRTMG_FAST=0 -DBUILD_RRTMK=0 -DBUILD_SBM_FAST=1 -DSHOW_ALL_VARS_USED=0 -DCONFIG_BUF_LEN=65536 -DMAX_DOMAINS_F=21 -DMAX_HISTORY=25 -DNMM_NEST=0 -DWRF_CHEM -DBUILD_CHEM=1 -I. -traditional-cpp -DUSE_NETCDF4_FEATURES -DWRFIO_NCD_LARGE_FILE_SUPPORT   moduleHETDATA.G  > moduleHETDATA.bb
rm -f moduleAERODATA.G moduleAERODATA.bb
/glade/derecho/scratch/yates/NEOM_WRF/wrfv4.6.0/tools/standard.exe moduleHETDATA.bb | /lib/cpp -P -nostdinc -traditional-cpp -DUSE_NETCDF4_FEATURES -DWRFIO_NCD_LARGE_FILE_SUPPORT > moduleHETDATA.f90
time mpif90 -f90=ifort -o moduleAERODATA.o -c -O3 -ip -fp-model precise -w -ftz -align all -fno-alias -FR -convert big_endian    -I../dyn_em  -I/glade/derecho/scratch/yates/NEOM_WRF/wrfv4.6.0/external/esmf_time_f90  -I/glade/derecho/scratch/yates/NEOM_WRF/wrfv4.6.0/main -I/glade/derecho/scratch/yates/NEOM_WRF/wrfv4.6.0/external/io_netcdf -I/glade/derecho/scratch/yates/NEOM_WRF/wrfv4.6.0/external/io_int -I/glade/derecho/scratch/yates/NEOM_WRF/wrfv4.6.0/frame -I/glade/derecho/scratch/yates/NEOM_WRF/wrfv4.6.0/share -I/glade/derecho/scratch/yates/NEOM_WRF/wrfv4.6.0/phys -I/glade/derecho/scratch/yates/NEOM_WRF/wrfv4.6.0/wrftladj -I/glade/derecho/scratch/yates/NEOM_WRF/wrfv4.6.0/chem -I/glade/derecho/scratch/yates/NEOM_WRF/wrfv4.6.0/inc -I/glade/u/apps/derecho/23.09/spack/opt/spack/netcdf/4.9.2/oneapi/2023.2.1/yzvj/include  -real-size `expr 8 \* 4` -i4  moduleAERODATA.f90
rm -f moduleHETDATA.G moduleHETDATA.bb
time mpif90 -f90=ifort -o moduleHETDATA.o -c -O3 -ip -fp-model precise -w -ftz -align all -fno-alias -FR -convert big_endian    -I../dyn_em  -I/glade/derecho/scratch/yates/NEOM_WRF/wrfv4.6.0/external/esmf_time_f90  -I/glade/derecho/scratch/yates/NEOM_WRF/wrfv4.6.0/main -I/glade/derecho/scratch/yates/NEOM_WRF/wrfv4.6.0/external/io_netcdf -I/glade/derecho/scratch/yates/NEOM_WRF/wrfv4.6.0/external/io_int -I/glade/derecho/scratch/yates/NEOM_WRF/wrfv4.6.0/frame -I/glade/derecho/scratch/yates/NEOM_WRF/wrfv4.6.0/share -I/glade/derecho/scratch/yates/NEOM_WRF/wrfv4.6.0/phys -I/glade/derecho/scratch/yates/NEOM_WRF/wrfv4.6.0/wrftladj -I/glade/derecho/scratch/yates/NEOM_WRF/wrfv4.6.0/chem -I/glade/derecho/scratch/yates/NEOM_WRF/wrfv4.6.0/inc -I/glade/u/apps/derecho/23.09/spack/opt/spack/netcdf/4.9.2/oneapi/2023.2.1/yzvj/include  -real-size `expr 8 \* 4` -i4  moduleHETDATA.f90

real	0m0.373s
user	0m0.058s
sys	0m0.291s
rm -f module_aer_opt_out.o
sed -e "s/^\!.*'.*//" -e "s/^ *\!.*'.*//" module_aer_opt_out.F > module_aer_opt_out.G

real	0m0.362s
user	0m0.057s
sys	0m0.280s
rm -f module_add_emiss_burn.o
/lib/cpp -P -nostdinc -I/glade/derecho/scratch/yates/NEOM_WRF/wrfv4.6.0/inc -DEM_CORE=1 -DNMM_CORE=0 -DNMM_MAX_DIM=2600 -DDA_CORE=0 -DWRFPLUS=0 -DIWORDSIZE=4 -DDWORDSIZE=8 -DRWORDSIZE=4 -DLWORDSIZE=4 -DNONSTANDARD_SYSTEM_FUNC  -DWRF_USE_CLM -DUSE_NETCDF4_FEATURES -DWRFIO_NCD_LARGE_FILE_SUPPORT  -DDM_PARALLEL -DNETCDF -DLANDREAD_STUB=1 -DUSE_ALLOCATABLES -Dwrfmodel -DGRIB1 -DINTIO -DKEEP_INT_AROUND -DLIMIT_ARGS -DBUILD_RRTMG_FAST=0 -DBUILD_RRTMK=0 -DBUILD_SBM_FAST=1 -DSHOW_ALL_VARS_USED=0 -DCONFIG_BUF_LEN=65536 -DMAX_DOMAINS_F=21 -DMAX_HISTORY=25 -DNMM_NEST=0 -DWRF_CHEM -DBUILD_CHEM=1 -I. -traditional-cpp -DUSE_NETCDF4_FEATURES -DWRFIO_NCD_LARGE_FILE_SUPPORT   module_aer_opt_out.G  > module_aer_opt_out.bb
sed -e "s/^\!.*'.*//" -e "s/^ *\!.*'.*//" module_add_emiss_burn.F > module_add_emiss_burn.G
/glade/derecho/scratch/yates/NEOM_WRF/wrfv4.6.0/tools/standard.exe module_aer_opt_out.bb | /lib/cpp -P -nostdinc -traditional-cpp -DUSE_NETCDF4_FEATURES -DWRFIO_NCD_LARGE_FILE_SUPPORT > module_aer_opt_out.f90
/lib/cpp -P -nostdinc -I/glade/derecho/scratch/yates/NEOM_WRF/wrfv4.6.0/inc -DEM_CORE=1 -DNMM_CORE=0 -DNMM_MAX_DIM=2600 -DDA_CORE=0 -DWRFPLUS=0 -DIWORDSIZE=4 -DDWORDSIZE=8 -DRWORDSIZE=4 -DLWORDSIZE=4 -DNONSTANDARD_SYSTEM_FUNC  -DWRF_USE_CLM -DUSE_NETCDF4_FEATURES -DWRFIO_NCD_LARGE_FILE_SUPPORT  -DDM_PARALLEL -DNETCDF -DLANDREAD_STUB=1 -DUSE_ALLOCATABLES -Dwrfmodel -DGRIB1 -DINTIO -DKEEP_INT_AROUND -DLIMIT_ARGS -DBUILD_RRTMG_FAST=0 -DBUILD_RRTMK=0 -DBUILD_SBM_FAST=1 -DSHOW_ALL_VARS_USED=0 -DCONFIG_BUF_LEN=65536 -DMAX_DOMAINS_F=21 -DMAX_HISTORY=25 -DNMM_NEST=0 -DWRF_CHEM -DBUILD_CHEM=1 -I. -traditional-cpp -DUSE_NETCDF4_FEATURES -DWRFIO_NCD_LARGE_FILE_SUPPORT   module_add_emiss_burn.G  > module_add_emiss_burn.bb
/glade/derecho/scratch/yates/NEOM_WRF/wrfv4.6.0/tools/standard.exe module_add_emiss_burn.bb | /lib/cpp -P -nostdinc -traditional-cpp -DUSE_NETCDF4_FEATURES -DWRFIO_NCD_LARGE_FILE_SUPPORT > module_add_emiss_burn.f90
rm -f module_aer_opt_out.G module_aer_opt_out.bb
rm -f module_add_emiss_burn.G module_add_emiss_burn.bb
time mpif90 -f90=ifort -o module_aer_opt_out.o -c -O3 -ip -fp-model precise -w -ftz -align all -fno-alias -FR -convert big_endian    -I../dyn_em  -I/glade/derecho/scratch/yates/NEOM_WRF/wrfv4.6.0/external/esmf_time_f90  -I/glade/derecho/scratch/yates/NEOM_WRF/wrfv4.6.0/main -I/glade/derecho/scratch/yates/NEOM_WRF/wrfv4.6.0/external/io_netcdf -I/glade/derecho/scratch/yates/NEOM_WRF/wrfv4.6.0/external/io_int -I/glade/derecho/scratch/yates/NEOM_WRF/wrfv4.6.0/frame -I/glade/derecho/scratch/yates/NEOM_WRF/wrfv4.6.0/share -I/glade/derecho/scratch/yates/NEOM_WRF/wrfv4.6.0/phys -I/glade/derecho/scratch/yates/NEOM_WRF/wrfv4.6.0/wrftladj -I/glade/derecho/scratch/yates/NEOM_WRF/wrfv4.6.0/chem -I/glade/derecho/scratch/yates/NEOM_WRF/wrfv4.6.0/inc -I/glade/u/apps/derecho/23.09/spack/opt/spack/netcdf/4.9.2/oneapi/2023.2.1/yzvj/include  -real-size `expr 8 \* 4` -i4  module_aer_opt_out.f90
time mpif90 -f90=ifort -o module_add_emiss_burn.o -c -O3 -ip -fp-model precise -w -ftz -align all -fno-alias -FR -convert big_endian    -I../dyn_em  -I/glade/derecho/scratch/yates/NEOM_WRF/wrfv4.6.0/external/esmf_time_f90  -I/glade/derecho/scratch/yates/NEOM_WRF/wrfv4.6.0/main -I/glade/derecho/scratch/yates/NEOM_WRF/wrfv4.6.0/external/io_netcdf -I/glade/derecho/scratch/yates/NEOM_WRF/wrfv4.6.0/external/io_int -I/glade/derecho/scratch/yates/NEOM_WRF/wrfv4.6.0/frame -I/glade/derecho/scratch/yates/NEOM_WRF/wrfv4.6.0/share -I/glade/derecho/scratch/yates/NEOM_WRF/wrfv4.6.0/phys -I/glade/derecho/scratch/yates/NEOM_WRF/wrfv4.6.0/wrftladj -I/glade/derecho/scratch/yates/NEOM_WRF/wrfv4.6.0/chem -I/glade/derecho/scratch/yates/NEOM_WRF/wrfv4.6.0/inc -I/glade/u/apps/derecho/23.09/spack/opt/spack/netcdf/4.9.2/oneapi/2023.2.1/yzvj/include  -real-size `expr 8 \* 4` -i4  module_add_emiss_burn.f90

real	0m0.495s
user	0m0.188s
sys	0m0.276s
rm -f module_add_emis_cptec.o
sed -e "s/^\!.*'.*//" -e "s/^ *\!.*'.*//" module_add_emis_cptec.F > module_add_emis_cptec.G
/lib/cpp -P -nostdinc -I/glade/derecho/scratch/yates/NEOM_WRF/wrfv4.6.0/inc -DEM_CORE=1 -DNMM_CORE=0 -DNMM_MAX_DIM=2600 -DDA_CORE=0 -DWRFPLUS=0 -DIWORDSIZE=4 -DDWORDSIZE=8 -DRWORDSIZE=4 -DLWORDSIZE=4 -DNONSTANDARD_SYSTEM_FUNC  -DWRF_USE_CLM -DUSE_NETCDF4_FEATURES -DWRFIO_NCD_LARGE_FILE_SUPPORT  -DDM_PARALLEL -DNETCDF -DLANDREAD_STUB=1 -DUSE_ALLOCATABLES -Dwrfmodel -DGRIB1 -DINTIO -DKEEP_INT_AROUND -DLIMIT_ARGS -DBUILD_RRTMG_FAST=0 -DBUILD_RRTMK=0 -DBUILD_SBM_FAST=1 -DSHOW_ALL_VARS_USED=0 -DCONFIG_BUF_LEN=65536 -DMAX_DOMAINS_F=21 -DMAX_HISTORY=25 -DNMM_NEST=0 -DWRF_CHEM -DBUILD_CHEM=1 -I. -traditional-cpp -DUSE_NETCDF4_FEATURES -DWRFIO_NCD_LARGE_FILE_SUPPORT   module_add_emis_cptec.G  > module_add_emis_cptec.bb
/glade/derecho/scratch/yates/NEOM_WRF/wrfv4.6.0/tools/standard.exe module_add_emis_cptec.bb | /lib/cpp -P -nostdinc -traditional-cpp -DUSE_NETCDF4_FEATURES -DWRFIO_NCD_LARGE_FILE_SUPPORT > module_add_emis_cptec.f90
rm -f module_add_emis_cptec.G module_add_emis_cptec.bb
time mpif90 -f90=ifort -o module_add_emis_cptec.o -c -O3 -ip -fp-model precise -w -ftz -align all -fno-alias -FR -convert big_endian    -I../dyn_em  -I/glade/derecho/scratch/yates/NEOM_WRF/wrfv4.6.0/external/esmf_time_f90  -I/glade/derecho/scratch/yates/NEOM_WRF/wrfv4.6.0/main -I/glade/derecho/scratch/yates/NEOM_WRF/wrfv4.6.0/external/io_netcdf -I/glade/derecho/scratch/yates/NEOM_WRF/wrfv4.6.0/external/io_int -I/glade/derecho/scratch/yates/NEOM_WRF/wrfv4.6.0/frame -I/glade/derecho/scratch/yates/NEOM_WRF/wrfv4.6.0/share -I/glade/derecho/scratch/yates/NEOM_WRF/wrfv4.6.0/phys -I/glade/derecho/scratch/yates/NEOM_WRF/wrfv4.6.0/wrftladj -I/glade/derecho/scratch/yates/NEOM_WRF/wrfv4.6.0/chem -I/glade/derecho/scratch/yates/NEOM_WRF/wrfv4.6.0/inc -I/glade/u/apps/derecho/23.09/spack/opt/spack/netcdf/4.9.2/oneapi/2023.2.1/yzvj/include  -real-size `expr 8 \* 4` -i4  module_add_emis_cptec.f90

real	0m3.375s
user	0m2.976s
sys	0m0.372s
rm -f module_bioemi_beis314.o
sed -e "s/^\!.*'.*//" -e "s/^ *\!.*'.*//" module_bioemi_beis314.F > module_bioemi_beis314.G
/lib/cpp -P -nostdinc -I/glade/derecho/scratch/yates/NEOM_WRF/wrfv4.6.0/inc -DEM_CORE=1 -DNMM_CORE=0 -DNMM_MAX_DIM=2600 -DDA_CORE=0 -DWRFPLUS=0 -DIWORDSIZE=4 -DDWORDSIZE=8 -DRWORDSIZE=4 -DLWORDSIZE=4 -DNONSTANDARD_SYSTEM_FUNC  -DWRF_USE_CLM -DUSE_NETCDF4_FEATURES -DWRFIO_NCD_LARGE_FILE_SUPPORT  -DDM_PARALLEL -DNETCDF -DLANDREAD_STUB=1 -DUSE_ALLOCATABLES -Dwrfmodel -DGRIB1 -DINTIO -DKEEP_INT_AROUND -DLIMIT_ARGS -DBUILD_RRTMG_FAST=0 -DBUILD_RRTMK=0 -DBUILD_SBM_FAST=1 -DSHOW_ALL_VARS_USED=0 -DCONFIG_BUF_LEN=65536 -DMAX_DOMAINS_F=21 -DMAX_HISTORY=25 -DNMM_NEST=0 -DWRF_CHEM -DBUILD_CHEM=1 -I. -traditional-cpp -DUSE_NETCDF4_FEATURES -DWRFIO_NCD_LARGE_FILE_SUPPORT   module_bioemi_beis314.G  > module_bioemi_beis314.bb
/glade/derecho/scratch/yates/NEOM_WRF/wrfv4.6.0/tools/standard.exe module_bioemi_beis314.bb | /lib/cpp -P -nostdinc -traditional-cpp -DUSE_NETCDF4_FEATURES -DWRFIO_NCD_LARGE_FILE_SUPPORT > module_bioemi_beis314.f90
rm -f module_bioemi_beis314.G module_bioemi_beis314.bb
time mpif90 -f90=ifort -o module_bioemi_beis314.o -c -O3 -ip -fp-model precise -w -ftz -align all -fno-alias -FR -convert big_endian    -I../dyn_em  -I/glade/derecho/scratch/yates/NEOM_WRF/wrfv4.6.0/external/esmf_time_f90  -I/glade/derecho/scratch/yates/NEOM_WRF/wrfv4.6.0/main -I/glade/derecho/scratch/yates/NEOM_WRF/wrfv4.6.0/external/io_netcdf -I/glade/derecho/scratch/yates/NEOM_WRF/wrfv4.6.0/external/io_int -I/glade/derecho/scratch/yates/NEOM_WRF/wrfv4.6.0/frame -I/glade/derecho/scratch/yates/NEOM_WRF/wrfv4.6.0/share -I/glade/derecho/scratch/yates/NEOM_WRF/wrfv4.6.0/phys -I/glade/derecho/scratch/yates/NEOM_WRF/wrfv4.6.0/wrftladj -I/glade/derecho/scratch/yates/NEOM_WRF/wrfv4.6.0/chem -I/glade/derecho/scratch/yates/NEOM_WRF/wrfv4.6.0/inc -I/glade/u/apps/derecho/23.09/spack/opt/spack/netcdf/4.9.2/oneapi/2023.2.1/yzvj/include  -real-size `expr 8 \* 4` -i4  module_bioemi_beis314.f90

real	0m0.699s
user	0m0.325s
sys	0m0.347s
rm -f module_cmu_dvode_solver.o
sed -e "s/^\!.*'.*//" -e "s/^ *\!.*'.*//" module_cmu_dvode_solver.F > module_cmu_dvode_solver.G
/lib/cpp -P -nostdinc -I/glade/derecho/scratch/yates/NEOM_WRF/wrfv4.6.0/inc -DEM_CORE=1 -DNMM_CORE=0 -DNMM_MAX_DIM=2600 -DDA_CORE=0 -DWRFPLUS=0 -DIWORDSIZE=4 -DDWORDSIZE=8 -DRWORDSIZE=4 -DLWORDSIZE=4 -DNONSTANDARD_SYSTEM_FUNC  -DWRF_USE_CLM -DUSE_NETCDF4_FEATURES -DWRFIO_NCD_LARGE_FILE_SUPPORT  -DDM_PARALLEL -DNETCDF -DLANDREAD_STUB=1 -DUSE_ALLOCATABLES -Dwrfmodel -DGRIB1 -DINTIO -DKEEP_INT_AROUND -DLIMIT_ARGS -DBUILD_RRTMG_FAST=0 -DBUILD_RRTMK=0 -DBUILD_SBM_FAST=1 -DSHOW_ALL_VARS_USED=0 -DCONFIG_BUF_LEN=65536 -DMAX_DOMAINS_F=21 -DMAX_HISTORY=25 -DNMM_NEST=0 -DWRF_CHEM -DBUILD_CHEM=1 -I. -traditional-cpp -DUSE_NETCDF4_FEATURES -DWRFIO_NCD_LARGE_FILE_SUPPORT   module_cmu_dvode_solver.G  > module_cmu_dvode_solver.bb
/glade/derecho/scratch/yates/NEOM_WRF/wrfv4.6.0/tools/standard.exe module_cmu_dvode_solver.bb | /lib/cpp -P -nostdinc -traditional-cpp -DUSE_NETCDF4_FEATURES -DWRFIO_NCD_LARGE_FILE_SUPPORT > module_cmu_dvode_solver.f90
rm -f module_cmu_dvode_solver.G module_cmu_dvode_solver.bb
time mpif90 -f90=ifort -o module_cmu_dvode_solver.o -c -O3 -ip -fp-model precise -w -ftz -align all -fno-alias -FR -convert big_endian    -I../dyn_em  -I/glade/derecho/scratch/yates/NEOM_WRF/wrfv4.6.0/external/esmf_time_f90  -I/glade/derecho/scratch/yates/NEOM_WRF/wrfv4.6.0/main -I/glade/derecho/scratch/yates/NEOM_WRF/wrfv4.6.0/external/io_netcdf -I/glade/derecho/scratch/yates/NEOM_WRF/wrfv4.6.0/external/io_int -I/glade/derecho/scratch/yates/NEOM_WRF/wrfv4.6.0/frame -I/glade/derecho/scratch/yates/NEOM_WRF/wrfv4.6.0/share -I/glade/derecho/scratch/yates/NEOM_WRF/wrfv4.6.0/phys -I/glade/derecho/scratch/yates/NEOM_WRF/wrfv4.6.0/wrftladj -I/glade/derecho/scratch/yates/NEOM_WRF/wrfv4.6.0/chem -I/glade/derecho/scratch/yates/NEOM_WRF/wrfv4.6.0/inc -I/glade/u/apps/derecho/23.09/spack/opt/spack/netcdf/4.9.2/oneapi/2023.2.1/yzvj/include  -real-size `expr 8 \* 4` -i4  module_cmu_dvode_solver.f90

real	0m5.725s
user	0m5.287s
sys	0m0.389s
rm -f module_peg_util.o
sed -e "s/^\!.*'.*//" -e "s/^ *\!.*'.*//" module_peg_util.F > module_peg_util.G
/lib/cpp -P -nostdinc -I/glade/derecho/scratch/yates/NEOM_WRF/wrfv4.6.0/inc -DEM_CORE=1 -DNMM_CORE=0 -DNMM_MAX_DIM=2600 -DDA_CORE=0 -DWRFPLUS=0 -DIWORDSIZE=4 -DDWORDSIZE=8 -DRWORDSIZE=4 -DLWORDSIZE=4 -DNONSTANDARD_SYSTEM_FUNC  -DWRF_USE_CLM -DUSE_NETCDF4_FEATURES -DWRFIO_NCD_LARGE_FILE_SUPPORT  -DDM_PARALLEL -DNETCDF -DLANDREAD_STUB=1 -DUSE_ALLOCATABLES -Dwrfmodel -DGRIB1 -DINTIO -DKEEP_INT_AROUND -DLIMIT_ARGS -DBUILD_RRTMG_FAST=0 -DBUILD_RRTMK=0 -DBUILD_SBM_FAST=1 -DSHOW_ALL_VARS_USED=0 -DCONFIG_BUF_LEN=65536 -DMAX_DOMAINS_F=21 -DMAX_HISTORY=25 -DNMM_NEST=0 -DWRF_CHEM -DBUILD_CHEM=1 -I. -traditional-cpp -DUSE_NETCDF4_FEATURES -DWRFIO_NCD_LARGE_FILE_SUPPORT   module_peg_util.G  > module_peg_util.bb
/glade/derecho/scratch/yates/NEOM_WRF/wrfv4.6.0/tools/standard.exe module_peg_util.bb | /lib/cpp -P -nostdinc -traditional-cpp -DUSE_NETCDF4_FEATURES -DWRFIO_NCD_LARGE_FILE_SUPPORT > module_peg_util.f90
rm -f module_peg_util.G module_peg_util.bb
time mpif90 -f90=ifort -o module_peg_util.o -c -O3 -ip -fp-model precise -w -ftz -align all -fno-alias -FR -convert big_endian    -I../dyn_em  -I/glade/derecho/scratch/yates/NEOM_WRF/wrfv4.6.0/external/esmf_time_f90  -I/glade/derecho/scratch/yates/NEOM_WRF/wrfv4.6.0/main -I/glade/derecho/scratch/yates/NEOM_WRF/wrfv4.6.0/external/io_netcdf -I/glade/derecho/scratch/yates/NEOM_WRF/wrfv4.6.0/external/io_int -I/glade/derecho/scratch/yates/NEOM_WRF/wrfv4.6.0/frame -I/glade/derecho/scratch/yates/NEOM_WRF/wrfv4.6.0/share -I/glade/derecho/scratch/yates/NEOM_WRF/wrfv4.6.0/phys -I/glade/derecho/scratch/yates/NEOM_WRF/wrfv4.6.0/wrftladj -I/glade/derecho/scratch/yates/NEOM_WRF/wrfv4.6.0/chem -I/glade/derecho/scratch/yates/NEOM_WRF/wrfv4.6.0/inc -I/glade/u/apps/derecho/23.09/spack/opt/spack/netcdf/4.9.2/oneapi/2023.2.1/yzvj/include  -real-size `expr 8 \* 4` -i4  module_peg_util.f90

real	0m0.412s
user	0m0.101s
sys	0m0.284s
rm -f module_data_cmu_bulkaqchem.o
sed -e "s/^\!.*'.*//" -e "s/^ *\!.*'.*//" module_data_cmu_bulkaqchem.F > module_data_cmu_bulkaqchem.G
/lib/cpp -P -nostdinc -I/glade/derecho/scratch/yates/NEOM_WRF/wrfv4.6.0/inc -DEM_CORE=1 -DNMM_CORE=0 -DNMM_MAX_DIM=2600 -DDA_CORE=0 -DWRFPLUS=0 -DIWORDSIZE=4 -DDWORDSIZE=8 -DRWORDSIZE=4 -DLWORDSIZE=4 -DNONSTANDARD_SYSTEM_FUNC  -DWRF_USE_CLM -DUSE_NETCDF4_FEATURES -DWRFIO_NCD_LARGE_FILE_SUPPORT  -DDM_PARALLEL -DNETCDF -DLANDREAD_STUB=1 -DUSE_ALLOCATABLES -Dwrfmodel -DGRIB1 -DINTIO -DKEEP_INT_AROUND -DLIMIT_ARGS -DBUILD_RRTMG_FAST=0 -DBUILD_RRTMK=0 -DBUILD_SBM_FAST=1 -DSHOW_ALL_VARS_USED=0 -DCONFIG_BUF_LEN=65536 -DMAX_DOMAINS_F=21 -DMAX_HISTORY=25 -DNMM_NEST=0 -DWRF_CHEM -DBUILD_CHEM=1 -I. -traditional-cpp -DUSE_NETCDF4_FEATURES -DWRFIO_NCD_LARGE_FILE_SUPPORT   module_data_cmu_bulkaqchem.G  > module_data_cmu_bulkaqchem.bb
/glade/derecho/scratch/yates/NEOM_WRF/wrfv4.6.0/tools/standard.exe module_data_cmu_bulkaqchem.bb | /lib/cpp -P -nostdinc -traditional-cpp -DUSE_NETCDF4_FEATURES -DWRFIO_NCD_LARGE_FILE_SUPPORT > module_data_cmu_bulkaqchem.f90
rm -f module_data_cmu_bulkaqchem.G module_data_cmu_bulkaqchem.bb
time mpif90 -f90=ifort -o module_data_cmu_bulkaqchem.o -c -O3 -ip -fp-model precise -w -ftz -align all -fno-alias -FR -convert big_endian    -I../dyn_em  -I/glade/derecho/scratch/yates/NEOM_WRF/wrfv4.6.0/external/esmf_time_f90  -I/glade/derecho/scratch/yates/NEOM_WRF/wrfv4.6.0/main -I/glade/derecho/scratch/yates/NEOM_WRF/wrfv4.6.0/external/io_netcdf -I/glade/derecho/scratch/yates/NEOM_WRF/wrfv4.6.0/external/io_int -I/glade/derecho/scratch/yates/NEOM_WRF/wrfv4.6.0/frame -I/glade/derecho/scratch/yates/NEOM_WRF/wrfv4.6.0/share -I/glade/derecho/scratch/yates/NEOM_WRF/wrfv4.6.0/phys -I/glade/derecho/scratch/yates/NEOM_WRF/wrfv4.6.0/wrftladj -I/glade/derecho/scratch/yates/NEOM_WRF/wrfv4.6.0/chem -I/glade/derecho/scratch/yates/NEOM_WRF/wrfv4.6.0/inc -I/glade/u/apps/derecho/23.09/spack/opt/spack/netcdf/4.9.2/oneapi/2023.2.1/yzvj/include  -real-size `expr 8 \* 4` -i4  module_data_cmu_bulkaqchem.f90

real	0m0.399s
user	0m0.080s
sys	0m0.294s
rm -f module_data_gocartchem.o
sed -e "s/^\!.*'.*//" -e "s/^ *\!.*'.*//" module_data_gocartchem.F > module_data_gocartchem.G
/lib/cpp -P -nostdinc -I/glade/derecho/scratch/yates/NEOM_WRF/wrfv4.6.0/inc -DEM_CORE=1 -DNMM_CORE=0 -DNMM_MAX_DIM=2600 -DDA_CORE=0 -DWRFPLUS=0 -DIWORDSIZE=4 -DDWORDSIZE=8 -DRWORDSIZE=4 -DLWORDSIZE=4 -DNONSTANDARD_SYSTEM_FUNC  -DWRF_USE_CLM -DUSE_NETCDF4_FEATURES -DWRFIO_NCD_LARGE_FILE_SUPPORT  -DDM_PARALLEL -DNETCDF -DLANDREAD_STUB=1 -DUSE_ALLOCATABLES -Dwrfmodel -DGRIB1 -DINTIO -DKEEP_INT_AROUND -DLIMIT_ARGS -DBUILD_RRTMG_FAST=0 -DBUILD_RRTMK=0 -DBUILD_SBM_FAST=1 -DSHOW_ALL_VARS_USED=0 -DCONFIG_BUF_LEN=65536 -DMAX_DOMAINS_F=21 -DMAX_HISTORY=25 -DNMM_NEST=0 -DWRF_CHEM -DBUILD_CHEM=1 -I. -traditional-cpp -DUSE_NETCDF4_FEATURES -DWRFIO_NCD_LARGE_FILE_SUPPORT   module_data_gocartchem.G  > module_data_gocartchem.bb
/glade/derecho/scratch/yates/NEOM_WRF/wrfv4.6.0/tools/standard.exe module_data_gocartchem.bb | /lib/cpp -P -nostdinc -traditional-cpp -DUSE_NETCDF4_FEATURES -DWRFIO_NCD_LARGE_FILE_SUPPORT > module_data_gocartchem.f90
rm -f module_data_gocartchem.G module_data_gocartchem.bb
time mpif90 -f90=ifort -o module_data_gocartchem.o -c -O3 -ip -fp-model precise -w -ftz -align all -fno-alias -FR -convert big_endian    -I../dyn_em  -I/glade/derecho/scratch/yates/NEOM_WRF/wrfv4.6.0/external/esmf_time_f90  -I/glade/derecho/scratch/yates/NEOM_WRF/wrfv4.6.0/main -I/glade/derecho/scratch/yates/NEOM_WRF/wrfv4.6.0/external/io_netcdf -I/glade/derecho/scratch/yates/NEOM_WRF/wrfv4.6.0/external/io_int -I/glade/derecho/scratch/yates/NEOM_WRF/wrfv4.6.0/frame -I/glade/derecho/scratch/yates/NEOM_WRF/wrfv4.6.0/share -I/glade/derecho/scratch/yates/NEOM_WRF/wrfv4.6.0/phys -I/glade/derecho/scratch/yates/NEOM_WRF/wrfv4.6.0/wrftladj -I/glade/derecho/scratch/yates/NEOM_WRF/wrfv4.6.0/chem -I/glade/derecho/scratch/yates/NEOM_WRF/wrfv4.6.0/inc -I/glade/u/apps/derecho/23.09/spack/opt/spack/netcdf/4.9.2/oneapi/2023.2.1/yzvj/include  -real-size `expr 8 \* 4` -i4  module_data_gocartchem.f90

real	0m0.396s
user	0m0.091s
sys	0m0.281s
rm -f module_data_gocart_seas.o
sed -e "s/^\!.*'.*//" -e "s/^ *\!.*'.*//" module_data_gocart_seas.F > module_data_gocart_seas.G
/lib/cpp -P -nostdinc -I/glade/derecho/scratch/yates/NEOM_WRF/wrfv4.6.0/inc -DEM_CORE=1 -DNMM_CORE=0 -DNMM_MAX_DIM=2600 -DDA_CORE=0 -DWRFPLUS=0 -DIWORDSIZE=4 -DDWORDSIZE=8 -DRWORDSIZE=4 -DLWORDSIZE=4 -DNONSTANDARD_SYSTEM_FUNC  -DWRF_USE_CLM -DUSE_NETCDF4_FEATURES -DWRFIO_NCD_LARGE_FILE_SUPPORT  -DDM_PARALLEL -DNETCDF -DLANDREAD_STUB=1 -DUSE_ALLOCATABLES -Dwrfmodel -DGRIB1 -DINTIO -DKEEP_INT_AROUND -DLIMIT_ARGS -DBUILD_RRTMG_FAST=0 -DBUILD_RRTMK=0 -DBUILD_SBM_FAST=1 -DSHOW_ALL_VARS_USED=0 -DCONFIG_BUF_LEN=65536 -DMAX_DOMAINS_F=21 -DMAX_HISTORY=25 -DNMM_NEST=0 -DWRF_CHEM -DBUILD_CHEM=1 -I. -traditional-cpp -DUSE_NETCDF4_FEATURES -DWRFIO_NCD_LARGE_FILE_SUPPORT   module_data_gocart_seas.G  > module_data_gocart_seas.bb
/glade/derecho/scratch/yates/NEOM_WRF/wrfv4.6.0/tools/standard.exe module_data_gocart_seas.bb | /lib/cpp -P -nostdinc -traditional-cpp -DUSE_NETCDF4_FEATURES -DWRFIO_NCD_LARGE_FILE_SUPPORT > module_data_gocart_seas.f90
rm -f module_data_gocart_seas.G module_data_gocart_seas.bb
time mpif90 -f90=ifort -o module_data_gocart_seas.o -c -O3 -ip -fp-model precise -w -ftz -align all -fno-alias -FR -convert big_endian    -I../dyn_em  -I/glade/derecho/scratch/yates/NEOM_WRF/wrfv4.6.0/external/esmf_time_f90  -I/glade/derecho/scratch/yates/NEOM_WRF/wrfv4.6.0/main -I/glade/derecho/scratch/yates/NEOM_WRF/wrfv4.6.0/external/io_netcdf -I/glade/derecho/scratch/yates/NEOM_WRF/wrfv4.6.0/external/io_int -I/glade/derecho/scratch/yates/NEOM_WRF/wrfv4.6.0/frame -I/glade/derecho/scratch/yates/NEOM_WRF/wrfv4.6.0/share -I/glade/derecho/scratch/yates/NEOM_WRF/wrfv4.6.0/phys -I/glade/derecho/scratch/yates/NEOM_WRF/wrfv4.6.0/wrftladj -I/glade/derecho/scratch/yates/NEOM_WRF/wrfv4.6.0/chem -I/glade/derecho/scratch/yates/NEOM_WRF/wrfv4.6.0/inc -I/glade/u/apps/derecho/23.09/spack/opt/spack/netcdf/4.9.2/oneapi/2023.2.1/yzvj/include  -real-size `expr 8 \* 4` -i4  module_data_gocart_seas.f90

real	0m0.400s
user	0m0.077s
sys	0m0.299s
rm -f module_data_mosaic_kind.o
sed -e "s/^\!.*'.*//" -e "s/^ *\!.*'.*//" module_data_mosaic_kind.F > module_data_mosaic_kind.G
/lib/cpp -P -nostdinc -I/glade/derecho/scratch/yates/NEOM_WRF/wrfv4.6.0/inc -DEM_CORE=1 -DNMM_CORE=0 -DNMM_MAX_DIM=2600 -DDA_CORE=0 -DWRFPLUS=0 -DIWORDSIZE=4 -DDWORDSIZE=8 -DRWORDSIZE=4 -DLWORDSIZE=4 -DNONSTANDARD_SYSTEM_FUNC  -DWRF_USE_CLM -DUSE_NETCDF4_FEATURES -DWRFIO_NCD_LARGE_FILE_SUPPORT  -DDM_PARALLEL -DNETCDF -DLANDREAD_STUB=1 -DUSE_ALLOCATABLES -Dwrfmodel -DGRIB1 -DINTIO -DKEEP_INT_AROUND -DLIMIT_ARGS -DBUILD_RRTMG_FAST=0 -DBUILD_RRTMK=0 -DBUILD_SBM_FAST=1 -DSHOW_ALL_VARS_USED=0 -DCONFIG_BUF_LEN=65536 -DMAX_DOMAINS_F=21 -DMAX_HISTORY=25 -DNMM_NEST=0 -DWRF_CHEM -DBUILD_CHEM=1 -I. -traditional-cpp -DUSE_NETCDF4_FEATURES -DWRFIO_NCD_LARGE_FILE_SUPPORT   module_data_mosaic_kind.G  > module_data_mosaic_kind.bb
/glade/derecho/scratch/yates/NEOM_WRF/wrfv4.6.0/tools/standard.exe module_data_mosaic_kind.bb | /lib/cpp -P -nostdinc -traditional-cpp -DUSE_NETCDF4_FEATURES -DWRFIO_NCD_LARGE_FILE_SUPPORT > module_data_mosaic_kind.f90
rm -f module_data_mosaic_kind.G module_data_mosaic_kind.bb
time mpif90 -f90=ifort -o module_data_mosaic_kind.o -c -O3 -ip -fp-model precise -w -ftz -align all -fno-alias -FR -convert big_endian    -I../dyn_em  -I/glade/derecho/scratch/yates/NEOM_WRF/wrfv4.6.0/external/esmf_time_f90  -I/glade/derecho/scratch/yates/NEOM_WRF/wrfv4.6.0/main -I/glade/derecho/scratch/yates/NEOM_WRF/wrfv4.6.0/external/io_netcdf -I/glade/derecho/scratch/yates/NEOM_WRF/wrfv4.6.0/external/io_int -I/glade/derecho/scratch/yates/NEOM_WRF/wrfv4.6.0/frame -I/glade/derecho/scratch/yates/NEOM_WRF/wrfv4.6.0/share -I/glade/derecho/scratch/yates/NEOM_WRF/wrfv4.6.0/phys -I/glade/derecho/scratch/yates/NEOM_WRF/wrfv4.6.0/wrftladj -I/glade/derecho/scratch/yates/NEOM_WRF/wrfv4.6.0/chem -I/glade/derecho/scratch/yates/NEOM_WRF/wrfv4.6.0/inc -I/glade/u/apps/derecho/23.09/spack/opt/spack/netcdf/4.9.2/oneapi/2023.2.1/yzvj/include  -real-size `expr 8 \* 4` -i4  module_data_mosaic_kind.f90

real	0m0.399s
user	0m0.096s
sys	0m0.277s
rm -f module_data_mosaic_other.o
sed -e "s/^\!.*'.*//" -e "s/^ *\!.*'.*//" module_data_mosaic_other.F > module_data_mosaic_other.G
/lib/cpp -P -nostdinc -I/glade/derecho/scratch/yates/NEOM_WRF/wrfv4.6.0/inc -DEM_CORE=1 -DNMM_CORE=0 -DNMM_MAX_DIM=2600 -DDA_CORE=0 -DWRFPLUS=0 -DIWORDSIZE=4 -DDWORDSIZE=8 -DRWORDSIZE=4 -DLWORDSIZE=4 -DNONSTANDARD_SYSTEM_FUNC  -DWRF_USE_CLM -DUSE_NETCDF4_FEATURES -DWRFIO_NCD_LARGE_FILE_SUPPORT  -DDM_PARALLEL -DNETCDF -DLANDREAD_STUB=1 -DUSE_ALLOCATABLES -Dwrfmodel -DGRIB1 -DINTIO -DKEEP_INT_AROUND -DLIMIT_ARGS -DBUILD_RRTMG_FAST=0 -DBUILD_RRTMK=0 -DBUILD_SBM_FAST=1 -DSHOW_ALL_VARS_USED=0 -DCONFIG_BUF_LEN=65536 -DMAX_DOMAINS_F=21 -DMAX_HISTORY=25 -DNMM_NEST=0 -DWRF_CHEM -DBUILD_CHEM=1 -I. -traditional-cpp -DUSE_NETCDF4_FEATURES -DWRFIO_NCD_LARGE_FILE_SUPPORT   module_data_mosaic_other.G  > module_data_mosaic_other.bb
/glade/derecho/scratch/yates/NEOM_WRF/wrfv4.6.0/tools/standard.exe module_data_mosaic_other.bb | /lib/cpp -P -nostdinc -traditional-cpp -DUSE_NETCDF4_FEATURES -DWRFIO_NCD_LARGE_FILE_SUPPORT > module_data_mosaic_other.f90
rm -f module_data_mosaic_other.G module_data_mosaic_other.bb
time mpif90 -f90=ifort -o module_data_mosaic_other.o -c -O3 -ip -fp-model precise -w -ftz -align all -fno-alias -FR -convert big_endian    -I../dyn_em  -I/glade/derecho/scratch/yates/NEOM_WRF/wrfv4.6.0/external/esmf_time_f90  -I/glade/derecho/scratch/yates/NEOM_WRF/wrfv4.6.0/main -I/glade/derecho/scratch/yates/NEOM_WRF/wrfv4.6.0/external/io_netcdf -I/glade/derecho/scratch/yates/NEOM_WRF/wrfv4.6.0/external/io_int -I/glade/derecho/scratch/yates/NEOM_WRF/wrfv4.6.0/frame -I/glade/derecho/scratch/yates/NEOM_WRF/wrfv4.6.0/share -I/glade/derecho/scratch/yates/NEOM_WRF/wrfv4.6.0/phys -I/glade/derecho/scratch/yates/NEOM_WRF/wrfv4.6.0/wrftladj -I/glade/derecho/scratch/yates/NEOM_WRF/wrfv4.6.0/chem -I/glade/derecho/scratch/yates/NEOM_WRF/wrfv4.6.0/inc -I/glade/u/apps/derecho/23.09/spack/opt/spack/netcdf/4.9.2/oneapi/2023.2.1/yzvj/include  -real-size `expr 8 \* 4` -i4  module_data_mosaic_other.f90

real	0m3.764s
user	0m3.340s
sys	0m0.359s
rm -f module_data_radm2.o
sed -e "s/^\!.*'.*//" -e "s/^ *\!.*'.*//" module_data_radm2.F > module_data_radm2.G
/lib/cpp -P -nostdinc -I/glade/derecho/scratch/yates/NEOM_WRF/wrfv4.6.0/inc -DEM_CORE=1 -DNMM_CORE=0 -DNMM_MAX_DIM=2600 -DDA_CORE=0 -DWRFPLUS=0 -DIWORDSIZE=4 -DDWORDSIZE=8 -DRWORDSIZE=4 -DLWORDSIZE=4 -DNONSTANDARD_SYSTEM_FUNC  -DWRF_USE_CLM -DUSE_NETCDF4_FEATURES -DWRFIO_NCD_LARGE_FILE_SUPPORT  -DDM_PARALLEL -DNETCDF -DLANDREAD_STUB=1 -DUSE_ALLOCATABLES -Dwrfmodel -DGRIB1 -DINTIO -DKEEP_INT_AROUND -DLIMIT_ARGS -DBUILD_RRTMG_FAST=0 -DBUILD_RRTMK=0 -DBUILD_SBM_FAST=1 -DSHOW_ALL_VARS_USED=0 -DCONFIG_BUF_LEN=65536 -DMAX_DOMAINS_F=21 -DMAX_HISTORY=25 -DNMM_NEST=0 -DWRF_CHEM -DBUILD_CHEM=1 -I. -traditional-cpp -DUSE_NETCDF4_FEATURES -DWRFIO_NCD_LARGE_FILE_SUPPORT   module_data_radm2.G  > module_data_radm2.bb
/glade/derecho/scratch/yates/NEOM_WRF/wrfv4.6.0/tools/standard.exe module_data_radm2.bb | /lib/cpp -P -nostdinc -traditional-cpp -DUSE_NETCDF4_FEATURES -DWRFIO_NCD_LARGE_FILE_SUPPORT > module_data_radm2.f90
rm -f module_data_radm2.G module_data_radm2.bb
time mpif90 -f90=ifort -o module_data_radm2.o -c -O3 -ip -fp-model precise -w -ftz -align all -fno-alias -FR -convert big_endian    -I../dyn_em  -I/glade/derecho/scratch/yates/NEOM_WRF/wrfv4.6.0/external/esmf_time_f90  -I/glade/derecho/scratch/yates/NEOM_WRF/wrfv4.6.0/main -I/glade/derecho/scratch/yates/NEOM_WRF/wrfv4.6.0/external/io_netcdf -I/glade/derecho/scratch/yates/NEOM_WRF/wrfv4.6.0/external/io_int -I/glade/derecho/scratch/yates/NEOM_WRF/wrfv4.6.0/frame -I/glade/derecho/scratch/yates/NEOM_WRF/wrfv4.6.0/share -I/glade/derecho/scratch/yates/NEOM_WRF/wrfv4.6.0/phys -I/glade/derecho/scratch/yates/NEOM_WRF/wrfv4.6.0/wrftladj -I/glade/derecho/scratch/yates/NEOM_WRF/wrfv4.6.0/chem -I/glade/derecho/scratch/yates/NEOM_WRF/wrfv4.6.0/inc -I/glade/u/apps/derecho/23.09/spack/opt/spack/netcdf/4.9.2/oneapi/2023.2.1/yzvj/include  -real-size `expr 8 \* 4` -i4  module_data_radm2.f90

real	0m0.404s
user	0m0.083s
sys	0m0.290s
rm -f module_data_rrtmgaeropt.o
sed -e "s/^\!.*'.*//" -e "s/^ *\!.*'.*//" module_data_rrtmgaeropt.F > module_data_rrtmgaeropt.G
/lib/cpp -P -nostdinc -I/glade/derecho/scratch/yates/NEOM_WRF/wrfv4.6.0/inc -DEM_CORE=1 -DNMM_CORE=0 -DNMM_MAX_DIM=2600 -DDA_CORE=0 -DWRFPLUS=0 -DIWORDSIZE=4 -DDWORDSIZE=8 -DRWORDSIZE=4 -DLWORDSIZE=4 -DNONSTANDARD_SYSTEM_FUNC  -DWRF_USE_CLM -DUSE_NETCDF4_FEATURES -DWRFIO_NCD_LARGE_FILE_SUPPORT  -DDM_PARALLEL -DNETCDF -DLANDREAD_STUB=1 -DUSE_ALLOCATABLES -Dwrfmodel -DGRIB1 -DINTIO -DKEEP_INT_AROUND -DLIMIT_ARGS -DBUILD_RRTMG_FAST=0 -DBUILD_RRTMK=0 -DBUILD_SBM_FAST=1 -DSHOW_ALL_VARS_USED=0 -DCONFIG_BUF_LEN=65536 -DMAX_DOMAINS_F=21 -DMAX_HISTORY=25 -DNMM_NEST=0 -DWRF_CHEM -DBUILD_CHEM=1 -I. -traditional-cpp -DUSE_NETCDF4_FEATURES -DWRFIO_NCD_LARGE_FILE_SUPPORT   module_data_rrtmgaeropt.G  > module_data_rrtmgaeropt.bb
/glade/derecho/scratch/yates/NEOM_WRF/wrfv4.6.0/tools/standard.exe module_data_rrtmgaeropt.bb | /lib/cpp -P -nostdinc -traditional-cpp -DUSE_NETCDF4_FEATURES -DWRFIO_NCD_LARGE_FILE_SUPPORT > module_data_rrtmgaeropt.f90
rm -f module_data_rrtmgaeropt.G module_data_rrtmgaeropt.bb
time mpif90 -f90=ifort -o module_data_rrtmgaeropt.o -c -O3 -ip -fp-model precise -w -ftz -align all -fno-alias -FR -convert big_endian    -I../dyn_em  -I/glade/derecho/scratch/yates/NEOM_WRF/wrfv4.6.0/external/esmf_time_f90  -I/glade/derecho/scratch/yates/NEOM_WRF/wrfv4.6.0/main -I/glade/derecho/scratch/yates/NEOM_WRF/wrfv4.6.0/external/io_netcdf -I/glade/derecho/scratch/yates/NEOM_WRF/wrfv4.6.0/external/io_int -I/glade/derecho/scratch/yates/NEOM_WRF/wrfv4.6.0/frame -I/glade/derecho/scratch/yates/NEOM_WRF/wrfv4.6.0/share -I/glade/derecho/scratch/yates/NEOM_WRF/wrfv4.6.0/phys -I/glade/derecho/scratch/yates/NEOM_WRF/wrfv4.6.0/wrftladj -I/glade/derecho/scratch/yates/NEOM_WRF/wrfv4.6.0/chem -I/glade/derecho/scratch/yates/NEOM_WRF/wrfv4.6.0/inc -I/glade/u/apps/derecho/23.09/spack/opt/spack/netcdf/4.9.2/oneapi/2023.2.1/yzvj/include  -real-size `expr 8 \* 4` -i4  module_data_rrtmgaeropt.f90

real	0m0.389s
user	0m0.070s
sys	0m0.285s
rm -f module_data_megan2.o
sed -e "s/^\!.*'.*//" -e "s/^ *\!.*'.*//" module_data_megan2.F > module_data_megan2.G
/lib/cpp -P -nostdinc -I/glade/derecho/scratch/yates/NEOM_WRF/wrfv4.6.0/inc -DEM_CORE=1 -DNMM_CORE=0 -DNMM_MAX_DIM=2600 -DDA_CORE=0 -DWRFPLUS=0 -DIWORDSIZE=4 -DDWORDSIZE=8 -DRWORDSIZE=4 -DLWORDSIZE=4 -DNONSTANDARD_SYSTEM_FUNC  -DWRF_USE_CLM -DUSE_NETCDF4_FEATURES -DWRFIO_NCD_LARGE_FILE_SUPPORT  -DDM_PARALLEL -DNETCDF -DLANDREAD_STUB=1 -DUSE_ALLOCATABLES -Dwrfmodel -DGRIB1 -DINTIO -DKEEP_INT_AROUND -DLIMIT_ARGS -DBUILD_RRTMG_FAST=0 -DBUILD_RRTMK=0 -DBUILD_SBM_FAST=1 -DSHOW_ALL_VARS_USED=0 -DCONFIG_BUF_LEN=65536 -DMAX_DOMAINS_F=21 -DMAX_HISTORY=25 -DNMM_NEST=0 -DWRF_CHEM -DBUILD_CHEM=1 -I. -traditional-cpp -DUSE_NETCDF4_FEATURES -DWRFIO_NCD_LARGE_FILE_SUPPORT   module_data_megan2.G  > module_data_megan2.bb
/glade/derecho/scratch/yates/NEOM_WRF/wrfv4.6.0/tools/standard.exe module_data_megan2.bb | /lib/cpp -P -nostdinc -traditional-cpp -DUSE_NETCDF4_FEATURES -DWRFIO_NCD_LARGE_FILE_SUPPORT > module_data_megan2.f90
rm -f module_data_megan2.G module_data_megan2.bb
time mpif90 -f90=ifort -o module_data_megan2.o -c -O3 -ip -fp-model precise -w -ftz -align all -fno-alias -FR -convert big_endian    -I../dyn_em  -I/glade/derecho/scratch/yates/NEOM_WRF/wrfv4.6.0/external/esmf_time_f90  -I/glade/derecho/scratch/yates/NEOM_WRF/wrfv4.6.0/main -I/glade/derecho/scratch/yates/NEOM_WRF/wrfv4.6.0/external/io_netcdf -I/glade/derecho/scratch/yates/NEOM_WRF/wrfv4.6.0/external/io_int -I/glade/derecho/scratch/yates/NEOM_WRF/wrfv4.6.0/frame -I/glade/derecho/scratch/yates/NEOM_WRF/wrfv4.6.0/share -I/glade/derecho/scratch/yates/NEOM_WRF/wrfv4.6.0/phys -I/glade/derecho/scratch/yates/NEOM_WRF/wrfv4.6.0/wrftladj -I/glade/derecho/scratch/yates/NEOM_WRF/wrfv4.6.0/chem -I/glade/derecho/scratch/yates/NEOM_WRF/wrfv4.6.0/inc -I/glade/u/apps/derecho/23.09/spack/opt/spack/netcdf/4.9.2/oneapi/2023.2.1/yzvj/include  -real-size `expr 8 \* 4` -i4  module_data_megan2.f90

real	0m0.381s
user	0m0.087s
sys	0m0.257s
rm -f module_data_soa_vbs.o
sed -e "s/^\!.*'.*//" -e "s/^ *\!.*'.*//" module_data_soa_vbs.F > module_data_soa_vbs.G
/lib/cpp -P -nostdinc -I/glade/derecho/scratch/yates/NEOM_WRF/wrfv4.6.0/inc -DEM_CORE=1 -DNMM_CORE=0 -DNMM_MAX_DIM=2600 -DDA_CORE=0 -DWRFPLUS=0 -DIWORDSIZE=4 -DDWORDSIZE=8 -DRWORDSIZE=4 -DLWORDSIZE=4 -DNONSTANDARD_SYSTEM_FUNC  -DWRF_USE_CLM -DUSE_NETCDF4_FEATURES -DWRFIO_NCD_LARGE_FILE_SUPPORT  -DDM_PARALLEL -DNETCDF -DLANDREAD_STUB=1 -DUSE_ALLOCATABLES -Dwrfmodel -DGRIB1 -DINTIO -DKEEP_INT_AROUND -DLIMIT_ARGS -DBUILD_RRTMG_FAST=0 -DBUILD_RRTMK=0 -DBUILD_SBM_FAST=1 -DSHOW_ALL_VARS_USED=0 -DCONFIG_BUF_LEN=65536 -DMAX_DOMAINS_F=21 -DMAX_HISTORY=25 -DNMM_NEST=0 -DWRF_CHEM -DBUILD_CHEM=1 -I. -traditional-cpp -DUSE_NETCDF4_FEATURES -DWRFIO_NCD_LARGE_FILE_SUPPORT   module_data_soa_vbs.G  > module_data_soa_vbs.bb
/glade/derecho/scratch/yates/NEOM_WRF/wrfv4.6.0/tools/standard.exe module_data_soa_vbs.bb | /lib/cpp -P -nostdinc -traditional-cpp -DUSE_NETCDF4_FEATURES -DWRFIO_NCD_LARGE_FILE_SUPPORT > module_data_soa_vbs.f90
rm -f module_data_soa_vbs.G module_data_soa_vbs.bb
time mpif90 -f90=ifort -o module_data_soa_vbs.o -c -O3 -ip -fp-model precise -w -ftz -align all -fno-alias -FR -convert big_endian    -I../dyn_em  -I/glade/derecho/scratch/yates/NEOM_WRF/wrfv4.6.0/external/esmf_time_f90  -I/glade/derecho/scratch/yates/NEOM_WRF/wrfv4.6.0/main -I/glade/derecho/scratch/yates/NEOM_WRF/wrfv4.6.0/external/io_netcdf -I/glade/derecho/scratch/yates/NEOM_WRF/wrfv4.6.0/external/io_int -I/glade/derecho/scratch/yates/NEOM_WRF/wrfv4.6.0/frame -I/glade/derecho/scratch/yates/NEOM_WRF/wrfv4.6.0/share -I/glade/derecho/scratch/yates/NEOM_WRF/wrfv4.6.0/phys -I/glade/derecho/scratch/yates/NEOM_WRF/wrfv4.6.0/wrftladj -I/glade/derecho/scratch/yates/NEOM_WRF/wrfv4.6.0/chem -I/glade/derecho/scratch/yates/NEOM_WRF/wrfv4.6.0/inc -I/glade/u/apps/derecho/23.09/spack/opt/spack/netcdf/4.9.2/oneapi/2023.2.1/yzvj/include  -real-size `expr 8 \* 4` -i4  module_data_soa_vbs.f90

real	0m0.402s
user	0m0.087s
sys	0m0.285s
rm -f module_data_soa_vbs_het.o
sed -e "s/^\!.*'.*//" -e "s/^ *\!.*'.*//" module_data_soa_vbs_het.F > module_data_soa_vbs_het.G
/lib/cpp -P -nostdinc -I/glade/derecho/scratch/yates/NEOM_WRF/wrfv4.6.0/inc -DEM_CORE=1 -DNMM_CORE=0 -DNMM_MAX_DIM=2600 -DDA_CORE=0 -DWRFPLUS=0 -DIWORDSIZE=4 -DDWORDSIZE=8 -DRWORDSIZE=4 -DLWORDSIZE=4 -DNONSTANDARD_SYSTEM_FUNC  -DWRF_USE_CLM -DUSE_NETCDF4_FEATURES -DWRFIO_NCD_LARGE_FILE_SUPPORT  -DDM_PARALLEL -DNETCDF -DLANDREAD_STUB=1 -DUSE_ALLOCATABLES -Dwrfmodel -DGRIB1 -DINTIO -DKEEP_INT_AROUND -DLIMIT_ARGS -DBUILD_RRTMG_FAST=0 -DBUILD_RRTMK=0 -DBUILD_SBM_FAST=1 -DSHOW_ALL_VARS_USED=0 -DCONFIG_BUF_LEN=65536 -DMAX_DOMAINS_F=21 -DMAX_HISTORY=25 -DNMM_NEST=0 -DWRF_CHEM -DBUILD_CHEM=1 -I. -traditional-cpp -DUSE_NETCDF4_FEATURES -DWRFIO_NCD_LARGE_FILE_SUPPORT   module_data_soa_vbs_het.G  > module_data_soa_vbs_het.bb
/glade/derecho/scratch/yates/NEOM_WRF/wrfv4.6.0/tools/standard.exe module_data_soa_vbs_het.bb | /lib/cpp -P -nostdinc -traditional-cpp -DUSE_NETCDF4_FEATURES -DWRFIO_NCD_LARGE_FILE_SUPPORT > module_data_soa_vbs_het.f90
rm -f module_data_soa_vbs_het.G module_data_soa_vbs_het.bb
time mpif90 -f90=ifort -o module_data_soa_vbs_het.o -c -O3 -ip -fp-model precise -w -ftz -align all -fno-alias -FR -convert big_endian    -I../dyn_em  -I/glade/derecho/scratch/yates/NEOM_WRF/wrfv4.6.0/external/esmf_time_f90  -I/glade/derecho/scratch/yates/NEOM_WRF/wrfv4.6.0/main -I/glade/derecho/scratch/yates/NEOM_WRF/wrfv4.6.0/external/io_netcdf -I/glade/derecho/scratch/yates/NEOM_WRF/wrfv4.6.0/external/io_int -I/glade/derecho/scratch/yates/NEOM_WRF/wrfv4.6.0/frame -I/glade/derecho/scratch/yates/NEOM_WRF/wrfv4.6.0/share -I/glade/derecho/scratch/yates/NEOM_WRF/wrfv4.6.0/phys -I/glade/derecho/scratch/yates/NEOM_WRF/wrfv4.6.0/wrftladj -I/glade/derecho/scratch/yates/NEOM_WRF/wrfv4.6.0/chem -I/glade/derecho/scratch/yates/NEOM_WRF/wrfv4.6.0/inc -I/glade/u/apps/derecho/23.09/spack/opt/spack/netcdf/4.9.2/oneapi/2023.2.1/yzvj/include  -real-size `expr 8 \* 4` -i4  module_data_soa_vbs_het.f90

real	0m0.389s
user	0m0.102s
sys	0m0.257s
rm -f module_data_sorgam.o
sed -e "s/^\!.*'.*//" -e "s/^ *\!.*'.*//" module_data_sorgam.F > module_data_sorgam.G
/lib/cpp -P -nostdinc -I/glade/derecho/scratch/yates/NEOM_WRF/wrfv4.6.0/inc -DEM_CORE=1 -DNMM_CORE=0 -DNMM_MAX_DIM=2600 -DDA_CORE=0 -DWRFPLUS=0 -DIWORDSIZE=4 -DDWORDSIZE=8 -DRWORDSIZE=4 -DLWORDSIZE=4 -DNONSTANDARD_SYSTEM_FUNC  -DWRF_USE_CLM -DUSE_NETCDF4_FEATURES -DWRFIO_NCD_LARGE_FILE_SUPPORT  -DDM_PARALLEL -DNETCDF -DLANDREAD_STUB=1 -DUSE_ALLOCATABLES -Dwrfmodel -DGRIB1 -DINTIO -DKEEP_INT_AROUND -DLIMIT_ARGS -DBUILD_RRTMG_FAST=0 -DBUILD_RRTMK=0 -DBUILD_SBM_FAST=1 -DSHOW_ALL_VARS_USED=0 -DCONFIG_BUF_LEN=65536 -DMAX_DOMAINS_F=21 -DMAX_HISTORY=25 -DNMM_NEST=0 -DWRF_CHEM -DBUILD_CHEM=1 -I. -traditional-cpp -DUSE_NETCDF4_FEATURES -DWRFIO_NCD_LARGE_FILE_SUPPORT   module_data_sorgam.G  > module_data_sorgam.bb
/glade/derecho/scratch/yates/NEOM_WRF/wrfv4.6.0/tools/standard.exe module_data_sorgam.bb | /lib/cpp -P -nostdinc -traditional-cpp -DUSE_NETCDF4_FEATURES -DWRFIO_NCD_LARGE_FILE_SUPPORT > module_data_sorgam.f90
rm -f module_data_sorgam.G module_data_sorgam.bb
time mpif90 -f90=ifort -o module_data_sorgam.o -c -O3 -ip -fp-model precise -w -ftz -align all -fno-alias -FR -convert big_endian    -I../dyn_em  -I/glade/derecho/scratch/yates/NEOM_WRF/wrfv4.6.0/external/esmf_time_f90  -I/glade/derecho/scratch/yates/NEOM_WRF/wrfv4.6.0/main -I/glade/derecho/scratch/yates/NEOM_WRF/wrfv4.6.0/external/io_netcdf -I/glade/derecho/scratch/yates/NEOM_WRF/wrfv4.6.0/external/io_int -I/glade/derecho/scratch/yates/NEOM_WRF/wrfv4.6.0/frame -I/glade/derecho/scratch/yates/NEOM_WRF/wrfv4.6.0/share -I/glade/derecho/scratch/yates/NEOM_WRF/wrfv4.6.0/phys -I/glade/derecho/scratch/yates/NEOM_WRF/wrfv4.6.0/wrftladj -I/glade/derecho/scratch/yates/NEOM_WRF/wrfv4.6.0/chem -I/glade/derecho/scratch/yates/NEOM_WRF/wrfv4.6.0/inc -I/glade/u/apps/derecho/23.09/spack/opt/spack/netcdf/4.9.2/oneapi/2023.2.1/yzvj/include  -real-size `expr 8 \* 4` -i4  module_data_sorgam.f90

real	0m0.397s
user	0m0.091s
sys	0m0.276s
rm -f module_data_sorgam_vbs.o
sed -e "s/^\!.*'.*//" -e "s/^ *\!.*'.*//" module_data_sorgam_vbs.F > module_data_sorgam_vbs.G
/lib/cpp -P -nostdinc -I/glade/derecho/scratch/yates/NEOM_WRF/wrfv4.6.0/inc -DEM_CORE=1 -DNMM_CORE=0 -DNMM_MAX_DIM=2600 -DDA_CORE=0 -DWRFPLUS=0 -DIWORDSIZE=4 -DDWORDSIZE=8 -DRWORDSIZE=4 -DLWORDSIZE=4 -DNONSTANDARD_SYSTEM_FUNC  -DWRF_USE_CLM -DUSE_NETCDF4_FEATURES -DWRFIO_NCD_LARGE_FILE_SUPPORT  -DDM_PARALLEL -DNETCDF -DLANDREAD_STUB=1 -DUSE_ALLOCATABLES -Dwrfmodel -DGRIB1 -DINTIO -DKEEP_INT_AROUND -DLIMIT_ARGS -DBUILD_RRTMG_FAST=0 -DBUILD_RRTMK=0 -DBUILD_SBM_FAST=1 -DSHOW_ALL_VARS_USED=0 -DCONFIG_BUF_LEN=65536 -DMAX_DOMAINS_F=21 -DMAX_HISTORY=25 -DNMM_NEST=0 -DWRF_CHEM -DBUILD_CHEM=1 -I. -traditional-cpp -DUSE_NETCDF4_FEATURES -DWRFIO_NCD_LARGE_FILE_SUPPORT   module_data_sorgam_vbs.G  > module_data_sorgam_vbs.bb
/glade/derecho/scratch/yates/NEOM_WRF/wrfv4.6.0/tools/standard.exe module_data_sorgam_vbs.bb | /lib/cpp -P -nostdinc -traditional-cpp -DUSE_NETCDF4_FEATURES -DWRFIO_NCD_LARGE_FILE_SUPPORT > module_data_sorgam_vbs.f90
rm -f module_data_sorgam_vbs.G module_data_sorgam_vbs.bb
time mpif90 -f90=ifort -o module_data_sorgam_vbs.o -c -O3 -ip -fp-model precise -w -ftz -align all -fno-alias -FR -convert big_endian    -I../dyn_em  -I/glade/derecho/scratch/yates/NEOM_WRF/wrfv4.6.0/external/esmf_time_f90  -I/glade/derecho/scratch/yates/NEOM_WRF/wrfv4.6.0/main -I/glade/derecho/scratch/yates/NEOM_WRF/wrfv4.6.0/external/io_netcdf -I/glade/derecho/scratch/yates/NEOM_WRF/wrfv4.6.0/external/io_int -I/glade/derecho/scratch/yates/NEOM_WRF/wrfv4.6.0/frame -I/glade/derecho/scratch/yates/NEOM_WRF/wrfv4.6.0/share -I/glade/derecho/scratch/yates/NEOM_WRF/wrfv4.6.0/phys -I/glade/derecho/scratch/yates/NEOM_WRF/wrfv4.6.0/wrftladj -I/glade/derecho/scratch/yates/NEOM_WRF/wrfv4.6.0/chem -I/glade/derecho/scratch/yates/NEOM_WRF/wrfv4.6.0/inc -I/glade/u/apps/derecho/23.09/spack/opt/spack/netcdf/4.9.2/oneapi/2023.2.1/yzvj/include  -real-size `expr 8 \* 4` -i4  module_data_sorgam_vbs.f90

real	0m0.391s
user	0m0.093s
sys	0m0.265s
rm -f module_wave_data.o
sed -e "s/^\!.*'.*//" -e "s/^ *\!.*'.*//" module_wave_data.F > module_wave_data.G
/lib/cpp -P -nostdinc -I/glade/derecho/scratch/yates/NEOM_WRF/wrfv4.6.0/inc -DEM_CORE=1 -DNMM_CORE=0 -DNMM_MAX_DIM=2600 -DDA_CORE=0 -DWRFPLUS=0 -DIWORDSIZE=4 -DDWORDSIZE=8 -DRWORDSIZE=4 -DLWORDSIZE=4 -DNONSTANDARD_SYSTEM_FUNC  -DWRF_USE_CLM -DUSE_NETCDF4_FEATURES -DWRFIO_NCD_LARGE_FILE_SUPPORT  -DDM_PARALLEL -DNETCDF -DLANDREAD_STUB=1 -DUSE_ALLOCATABLES -Dwrfmodel -DGRIB1 -DINTIO -DKEEP_INT_AROUND -DLIMIT_ARGS -DBUILD_RRTMG_FAST=0 -DBUILD_RRTMK=0 -DBUILD_SBM_FAST=1 -DSHOW_ALL_VARS_USED=0 -DCONFIG_BUF_LEN=65536 -DMAX_DOMAINS_F=21 -DMAX_HISTORY=25 -DNMM_NEST=0 -DWRF_CHEM -DBUILD_CHEM=1 -I. -traditional-cpp -DUSE_NETCDF4_FEATURES -DWRFIO_NCD_LARGE_FILE_SUPPORT   module_wave_data.G  > module_wave_data.bb
/glade/derecho/scratch/yates/NEOM_WRF/wrfv4.6.0/tools/standard.exe module_wave_data.bb | /lib/cpp -P -nostdinc -traditional-cpp -DUSE_NETCDF4_FEATURES -DWRFIO_NCD_LARGE_FILE_SUPPORT > module_wave_data.f90
rm -f module_wave_data.G module_wave_data.bb
time mpif90 -f90=ifort -o module_wave_data.o -c -O3 -ip -fp-model precise -w -ftz -align all -fno-alias -FR -convert big_endian    -I../dyn_em  -I/glade/derecho/scratch/yates/NEOM_WRF/wrfv4.6.0/external/esmf_time_f90  -I/glade/derecho/scratch/yates/NEOM_WRF/wrfv4.6.0/main -I/glade/derecho/scratch/yates/NEOM_WRF/wrfv4.6.0/external/io_netcdf -I/glade/derecho/scratch/yates/NEOM_WRF/wrfv4.6.0/external/io_int -I/glade/derecho/scratch/yates/NEOM_WRF/wrfv4.6.0/frame -I/glade/derecho/scratch/yates/NEOM_WRF/wrfv4.6.0/share -I/glade/derecho/scratch/yates/NEOM_WRF/wrfv4.6.0/phys -I/glade/derecho/scratch/yates/NEOM_WRF/wrfv4.6.0/wrftladj -I/glade/derecho/scratch/yates/NEOM_WRF/wrfv4.6.0/chem -I/glade/derecho/scratch/yates/NEOM_WRF/wrfv4.6.0/inc -I/glade/u/apps/derecho/23.09/spack/opt/spack/netcdf/4.9.2/oneapi/2023.2.1/yzvj/include  -real-size `expr 8 \* 4` -i4  module_wave_data.f90

real	0m0.389s
user	0m0.116s
sys	0m0.248s
rm -f module_ghg_fluxes.o
sed -e "s/^\!.*'.*//" -e "s/^ *\!.*'.*//" module_ghg_fluxes.F > module_ghg_fluxes.G
/lib/cpp -P -nostdinc -I/glade/derecho/scratch/yates/NEOM_WRF/wrfv4.6.0/inc -DEM_CORE=1 -DNMM_CORE=0 -DNMM_MAX_DIM=2600 -DDA_CORE=0 -DWRFPLUS=0 -DIWORDSIZE=4 -DDWORDSIZE=8 -DRWORDSIZE=4 -DLWORDSIZE=4 -DNONSTANDARD_SYSTEM_FUNC  -DWRF_USE_CLM -DUSE_NETCDF4_FEATURES -DWRFIO_NCD_LARGE_FILE_SUPPORT  -DDM_PARALLEL -DNETCDF -DLANDREAD_STUB=1 -DUSE_ALLOCATABLES -Dwrfmodel -DGRIB1 -DINTIO -DKEEP_INT_AROUND -DLIMIT_ARGS -DBUILD_RRTMG_FAST=0 -DBUILD_RRTMK=0 -DBUILD_SBM_FAST=1 -DSHOW_ALL_VARS_USED=0 -DCONFIG_BUF_LEN=65536 -DMAX_DOMAINS_F=21 -DMAX_HISTORY=25 -DNMM_NEST=0 -DWRF_CHEM -DBUILD_CHEM=1 -I. -traditional-cpp -DUSE_NETCDF4_FEATURES -DWRFIO_NCD_LARGE_FILE_SUPPORT   module_ghg_fluxes.G  > module_ghg_fluxes.bb
/glade/derecho/scratch/yates/NEOM_WRF/wrfv4.6.0/tools/standard.exe module_ghg_fluxes.bb | /lib/cpp -P -nostdinc -traditional-cpp -DUSE_NETCDF4_FEATURES -DWRFIO_NCD_LARGE_FILE_SUPPORT > module_ghg_fluxes.f90
rm -f module_ghg_fluxes.G module_ghg_fluxes.bb
time mpif90 -f90=ifort -o module_ghg_fluxes.o -c -O3 -ip -fp-model precise -w -ftz -align all -fno-alias -FR -convert big_endian    -I../dyn_em  -I/glade/derecho/scratch/yates/NEOM_WRF/wrfv4.6.0/external/esmf_time_f90  -I/glade/derecho/scratch/yates/NEOM_WRF/wrfv4.6.0/main -I/glade/derecho/scratch/yates/NEOM_WRF/wrfv4.6.0/external/io_netcdf -I/glade/derecho/scratch/yates/NEOM_WRF/wrfv4.6.0/external/io_int -I/glade/derecho/scratch/yates/NEOM_WRF/wrfv4.6.0/frame -I/glade/derecho/scratch/yates/NEOM_WRF/wrfv4.6.0/share -I/glade/derecho/scratch/yates/NEOM_WRF/wrfv4.6.0/phys -I/glade/derecho/scratch/yates/NEOM_WRF/wrfv4.6.0/wrftladj -I/glade/derecho/scratch/yates/NEOM_WRF/wrfv4.6.0/chem -I/glade/derecho/scratch/yates/NEOM_WRF/wrfv4.6.0/inc -I/glade/u/apps/derecho/23.09/spack/opt/spack/netcdf/4.9.2/oneapi/2023.2.1/yzvj/include  -real-size `expr 8 \* 4` -i4  module_ghg_fluxes.f90

real	0m0.739s
user	0m0.442s
sys	0m0.271s
rm -f module_gocart_drydep.o
sed -e "s/^\!.*'.*//" -e "s/^ *\!.*'.*//" module_gocart_drydep.F > module_gocart_drydep.G
/lib/cpp -P -nostdinc -I/glade/derecho/scratch/yates/NEOM_WRF/wrfv4.6.0/inc -DEM_CORE=1 -DNMM_CORE=0 -DNMM_MAX_DIM=2600 -DDA_CORE=0 -DWRFPLUS=0 -DIWORDSIZE=4 -DDWORDSIZE=8 -DRWORDSIZE=4 -DLWORDSIZE=4 -DNONSTANDARD_SYSTEM_FUNC  -DWRF_USE_CLM -DUSE_NETCDF4_FEATURES -DWRFIO_NCD_LARGE_FILE_SUPPORT  -DDM_PARALLEL -DNETCDF -DLANDREAD_STUB=1 -DUSE_ALLOCATABLES -Dwrfmodel -DGRIB1 -DINTIO -DKEEP_INT_AROUND -DLIMIT_ARGS -DBUILD_RRTMG_FAST=0 -DBUILD_RRTMK=0 -DBUILD_SBM_FAST=1 -DSHOW_ALL_VARS_USED=0 -DCONFIG_BUF_LEN=65536 -DMAX_DOMAINS_F=21 -DMAX_HISTORY=25 -DNMM_NEST=0 -DWRF_CHEM -DBUILD_CHEM=1 -I. -traditional-cpp -DUSE_NETCDF4_FEATURES -DWRFIO_NCD_LARGE_FILE_SUPPORT   module_gocart_drydep.G  > module_gocart_drydep.bb
/glade/derecho/scratch/yates/NEOM_WRF/wrfv4.6.0/tools/standard.exe module_gocart_drydep.bb | /lib/cpp -P -nostdinc -traditional-cpp -DUSE_NETCDF4_FEATURES -DWRFIO_NCD_LARGE_FILE_SUPPORT > module_gocart_drydep.f90
rm -f module_gocart_drydep.G module_gocart_drydep.bb
time mpif90 -f90=ifort -o module_gocart_drydep.o -c -O3 -ip -fp-model precise -w -ftz -align all -fno-alias -FR -convert big_endian    -I../dyn_em  -I/glade/derecho/scratch/yates/NEOM_WRF/wrfv4.6.0/external/esmf_time_f90  -I/glade/derecho/scratch/yates/NEOM_WRF/wrfv4.6.0/main -I/glade/derecho/scratch/yates/NEOM_WRF/wrfv4.6.0/external/io_netcdf -I/glade/derecho/scratch/yates/NEOM_WRF/wrfv4.6.0/external/io_int -I/glade/derecho/scratch/yates/NEOM_WRF/wrfv4.6.0/frame -I/glade/derecho/scratch/yates/NEOM_WRF/wrfv4.6.0/share -I/glade/derecho/scratch/yates/NEOM_WRF/wrfv4.6.0/phys -I/glade/derecho/scratch/yates/NEOM_WRF/wrfv4.6.0/wrftladj -I/glade/derecho/scratch/yates/NEOM_WRF/wrfv4.6.0/chem -I/glade/derecho/scratch/yates/NEOM_WRF/wrfv4.6.0/inc -I/glade/u/apps/derecho/23.09/spack/opt/spack/netcdf/4.9.2/oneapi/2023.2.1/yzvj/include  -real-size `expr 8 \* 4` -i4  module_gocart_drydep.f90

real	0m0.723s
user	0m0.368s
sys	0m0.328s
rm -f module_gocart_settling.o
sed -e "s/^\!.*'.*//" -e "s/^ *\!.*'.*//" module_gocart_settling.F > module_gocart_settling.G
/lib/cpp -P -nostdinc -I/glade/derecho/scratch/yates/NEOM_WRF/wrfv4.6.0/inc -DEM_CORE=1 -DNMM_CORE=0 -DNMM_MAX_DIM=2600 -DDA_CORE=0 -DWRFPLUS=0 -DIWORDSIZE=4 -DDWORDSIZE=8 -DRWORDSIZE=4 -DLWORDSIZE=4 -DNONSTANDARD_SYSTEM_FUNC  -DWRF_USE_CLM -DUSE_NETCDF4_FEATURES -DWRFIO_NCD_LARGE_FILE_SUPPORT  -DDM_PARALLEL -DNETCDF -DLANDREAD_STUB=1 -DUSE_ALLOCATABLES -Dwrfmodel -DGRIB1 -DINTIO -DKEEP_INT_AROUND -DLIMIT_ARGS -DBUILD_RRTMG_FAST=0 -DBUILD_RRTMK=0 -DBUILD_SBM_FAST=1 -DSHOW_ALL_VARS_USED=0 -DCONFIG_BUF_LEN=65536 -DMAX_DOMAINS_F=21 -DMAX_HISTORY=25 -DNMM_NEST=0 -DWRF_CHEM -DBUILD_CHEM=1 -I. -traditional-cpp -DUSE_NETCDF4_FEATURES -DWRFIO_NCD_LARGE_FILE_SUPPORT   module_gocart_settling.G  > module_gocart_settling.bb

real	0m1.293s
user	0m0.908s
sys	0m0.352s
rm -f module_gocart_so2so4.o
sed -e "s/^\!.*'.*//" -e "s/^ *\!.*'.*//" module_gocart_so2so4.F > module_gocart_so2so4.G
/glade/derecho/scratch/yates/NEOM_WRF/wrfv4.6.0/tools/standard.exe module_gocart_settling.bb | /lib/cpp -P -nostdinc -traditional-cpp -DUSE_NETCDF4_FEATURES -DWRFIO_NCD_LARGE_FILE_SUPPORT > module_gocart_settling.f90
/lib/cpp -P -nostdinc -I/glade/derecho/scratch/yates/NEOM_WRF/wrfv4.6.0/inc -DEM_CORE=1 -DNMM_CORE=0 -DNMM_MAX_DIM=2600 -DDA_CORE=0 -DWRFPLUS=0 -DIWORDSIZE=4 -DDWORDSIZE=8 -DRWORDSIZE=4 -DLWORDSIZE=4 -DNONSTANDARD_SYSTEM_FUNC  -DWRF_USE_CLM -DUSE_NETCDF4_FEATURES -DWRFIO_NCD_LARGE_FILE_SUPPORT  -DDM_PARALLEL -DNETCDF -DLANDREAD_STUB=1 -DUSE_ALLOCATABLES -Dwrfmodel -DGRIB1 -DINTIO -DKEEP_INT_AROUND -DLIMIT_ARGS -DBUILD_RRTMG_FAST=0 -DBUILD_RRTMK=0 -DBUILD_SBM_FAST=1 -DSHOW_ALL_VARS_USED=0 -DCONFIG_BUF_LEN=65536 -DMAX_DOMAINS_F=21 -DMAX_HISTORY=25 -DNMM_NEST=0 -DWRF_CHEM -DBUILD_CHEM=1 -I. -traditional-cpp -DUSE_NETCDF4_FEATURES -DWRFIO_NCD_LARGE_FILE_SUPPORT   module_gocart_so2so4.G  > module_gocart_so2so4.bb
rm -f module_gocart_settling.G module_gocart_settling.bb
/glade/derecho/scratch/yates/NEOM_WRF/wrfv4.6.0/tools/standard.exe module_gocart_so2so4.bb | /lib/cpp -P -nostdinc -traditional-cpp -DUSE_NETCDF4_FEATURES -DWRFIO_NCD_LARGE_FILE_SUPPORT > module_gocart_so2so4.f90
time mpif90 -f90=ifort -o module_gocart_settling.o -c -O3 -ip -fp-model precise -w -ftz -align all -fno-alias -FR -convert big_endian    -I../dyn_em  -I/glade/derecho/scratch/yates/NEOM_WRF/wrfv4.6.0/external/esmf_time_f90  -I/glade/derecho/scratch/yates/NEOM_WRF/wrfv4.6.0/main -I/glade/derecho/scratch/yates/NEOM_WRF/wrfv4.6.0/external/io_netcdf -I/glade/derecho/scratch/yates/NEOM_WRF/wrfv4.6.0/external/io_int -I/glade/derecho/scratch/yates/NEOM_WRF/wrfv4.6.0/frame -I/glade/derecho/scratch/yates/NEOM_WRF/wrfv4.6.0/share -I/glade/derecho/scratch/yates/NEOM_WRF/wrfv4.6.0/phys -I/glade/derecho/scratch/yates/NEOM_WRF/wrfv4.6.0/wrftladj -I/glade/derecho/scratch/yates/NEOM_WRF/wrfv4.6.0/chem -I/glade/derecho/scratch/yates/NEOM_WRF/wrfv4.6.0/inc -I/glade/u/apps/derecho/23.09/spack/opt/spack/netcdf/4.9.2/oneapi/2023.2.1/yzvj/include  -real-size `expr 8 \* 4` -i4  module_gocart_settling.f90
rm -f module_gocart_so2so4.G module_gocart_so2so4.bb
time mpif90 -f90=ifort -o module_gocart_so2so4.o -c -O3 -ip -fp-model precise -w -ftz -align all -fno-alias -FR -convert big_endian    -I../dyn_em  -I/glade/derecho/scratch/yates/NEOM_WRF/wrfv4.6.0/external/esmf_time_f90  -I/glade/derecho/scratch/yates/NEOM_WRF/wrfv4.6.0/main -I/glade/derecho/scratch/yates/NEOM_WRF/wrfv4.6.0/external/io_netcdf -I/glade/derecho/scratch/yates/NEOM_WRF/wrfv4.6.0/external/io_int -I/glade/derecho/scratch/yates/NEOM_WRF/wrfv4.6.0/frame -I/glade/derecho/scratch/yates/NEOM_WRF/wrfv4.6.0/share -I/glade/derecho/scratch/yates/NEOM_WRF/wrfv4.6.0/phys -I/glade/derecho/scratch/yates/NEOM_WRF/wrfv4.6.0/wrftladj -I/glade/derecho/scratch/yates/NEOM_WRF/wrfv4.6.0/chem -I/glade/derecho/scratch/yates/NEOM_WRF/wrfv4.6.0/inc -I/glade/u/apps/derecho/23.09/spack/opt/spack/netcdf/4.9.2/oneapi/2023.2.1/yzvj/include  -real-size `expr 8 \* 4` -i4  module_gocart_so2so4.f90

real	0m0.455s
user	0m0.179s
sys	0m0.251s
rm -f module_input_tracer_data.o
sed -e "s/^\!.*'.*//" -e "s/^ *\!.*'.*//" module_input_tracer_data.F > module_input_tracer_data.G
/lib/cpp -P -nostdinc -I/glade/derecho/scratch/yates/NEOM_WRF/wrfv4.6.0/inc -DEM_CORE=1 -DNMM_CORE=0 -DNMM_MAX_DIM=2600 -DDA_CORE=0 -DWRFPLUS=0 -DIWORDSIZE=4 -DDWORDSIZE=8 -DRWORDSIZE=4 -DLWORDSIZE=4 -DNONSTANDARD_SYSTEM_FUNC  -DWRF_USE_CLM -DUSE_NETCDF4_FEATURES -DWRFIO_NCD_LARGE_FILE_SUPPORT  -DDM_PARALLEL -DNETCDF -DLANDREAD_STUB=1 -DUSE_ALLOCATABLES -Dwrfmodel -DGRIB1 -DINTIO -DKEEP_INT_AROUND -DLIMIT_ARGS -DBUILD_RRTMG_FAST=0 -DBUILD_RRTMK=0 -DBUILD_SBM_FAST=1 -DSHOW_ALL_VARS_USED=0 -DCONFIG_BUF_LEN=65536 -DMAX_DOMAINS_F=21 -DMAX_HISTORY=25 -DNMM_NEST=0 -DWRF_CHEM -DBUILD_CHEM=1 -I. -traditional-cpp -DUSE_NETCDF4_FEATURES -DWRFIO_NCD_LARGE_FILE_SUPPORT   module_input_tracer_data.G  > module_input_tracer_data.bb
/glade/derecho/scratch/yates/NEOM_WRF/wrfv4.6.0/tools/standard.exe module_input_tracer_data.bb | /lib/cpp -P -nostdinc -traditional-cpp -DUSE_NETCDF4_FEATURES -DWRFIO_NCD_LARGE_FILE_SUPPORT > module_input_tracer_data.f90
rm -f module_input_tracer_data.G module_input_tracer_data.bb
time mpif90 -f90=ifort -o module_input_tracer_data.o -c -O3 -ip -fp-model precise -w -ftz -align all -fno-alias -FR -convert big_endian    -I../dyn_em  -I/glade/derecho/scratch/yates/NEOM_WRF/wrfv4.6.0/external/esmf_time_f90  -I/glade/derecho/scratch/yates/NEOM_WRF/wrfv4.6.0/main -I/glade/derecho/scratch/yates/NEOM_WRF/wrfv4.6.0/external/io_netcdf -I/glade/derecho/scratch/yates/NEOM_WRF/wrfv4.6.0/external/io_int -I/glade/derecho/scratch/yates/NEOM_WRF/wrfv4.6.0/frame -I/glade/derecho/scratch/yates/NEOM_WRF/wrfv4.6.0/share -I/glade/derecho/scratch/yates/NEOM_WRF/wrfv4.6.0/phys -I/glade/derecho/scratch/yates/NEOM_WRF/wrfv4.6.0/wrftladj -I/glade/derecho/scratch/yates/NEOM_WRF/wrfv4.6.0/chem -I/glade/derecho/scratch/yates/NEOM_WRF/wrfv4.6.0/inc -I/glade/u/apps/derecho/23.09/spack/opt/spack/netcdf/4.9.2/oneapi/2023.2.1/yzvj/include  -real-size `expr 8 \* 4` -i4  module_input_tracer_data.f90

real	0m0.390s
user	0m0.103s
sys	0m0.262s
rm -f module_interpolate.o
sed -e "s/^\!.*'.*//" -e "s/^ *\!.*'.*//" module_interpolate.F > module_interpolate.G
/lib/cpp -P -nostdinc -I/glade/derecho/scratch/yates/NEOM_WRF/wrfv4.6.0/inc -DEM_CORE=1 -DNMM_CORE=0 -DNMM_MAX_DIM=2600 -DDA_CORE=0 -DWRFPLUS=0 -DIWORDSIZE=4 -DDWORDSIZE=8 -DRWORDSIZE=4 -DLWORDSIZE=4 -DNONSTANDARD_SYSTEM_FUNC  -DWRF_USE_CLM -DUSE_NETCDF4_FEATURES -DWRFIO_NCD_LARGE_FILE_SUPPORT  -DDM_PARALLEL -DNETCDF -DLANDREAD_STUB=1 -DUSE_ALLOCATABLES -Dwrfmodel -DGRIB1 -DINTIO -DKEEP_INT_AROUND -DLIMIT_ARGS -DBUILD_RRTMG_FAST=0 -DBUILD_RRTMK=0 -DBUILD_SBM_FAST=1 -DSHOW_ALL_VARS_USED=0 -DCONFIG_BUF_LEN=65536 -DMAX_DOMAINS_F=21 -DMAX_HISTORY=25 -DNMM_NEST=0 -DWRF_CHEM -DBUILD_CHEM=1 -I. -traditional-cpp -DUSE_NETCDF4_FEATURES -DWRFIO_NCD_LARGE_FILE_SUPPORT   module_interpolate.G  > module_interpolate.bb
/glade/derecho/scratch/yates/NEOM_WRF/wrfv4.6.0/tools/standard.exe module_interpolate.bb | /lib/cpp -P -nostdinc -traditional-cpp -DUSE_NETCDF4_FEATURES -DWRFIO_NCD_LARGE_FILE_SUPPORT > module_interpolate.f90
rm -f module_interpolate.G module_interpolate.bb
time mpif90 -f90=ifort -o module_interpolate.o -c -O3 -ip -fp-model precise -w -ftz -align all -fno-alias -FR -convert big_endian    -I../dyn_em  -I/glade/derecho/scratch/yates/NEOM_WRF/wrfv4.6.0/external/esmf_time_f90  -I/glade/derecho/scratch/yates/NEOM_WRF/wrfv4.6.0/main -I/glade/derecho/scratch/yates/NEOM_WRF/wrfv4.6.0/external/io_netcdf -I/glade/derecho/scratch/yates/NEOM_WRF/wrfv4.6.0/external/io_int -I/glade/derecho/scratch/yates/NEOM_WRF/wrfv4.6.0/frame -I/glade/derecho/scratch/yates/NEOM_WRF/wrfv4.6.0/share -I/glade/derecho/scratch/yates/NEOM_WRF/wrfv4.6.0/phys -I/glade/derecho/scratch/yates/NEOM_WRF/wrfv4.6.0/wrftladj -I/glade/derecho/scratch/yates/NEOM_WRF/wrfv4.6.0/chem -I/glade/derecho/scratch/yates/NEOM_WRF/wrfv4.6.0/inc -I/glade/u/apps/derecho/23.09/spack/opt/spack/netcdf/4.9.2/oneapi/2023.2.1/yzvj/include  -real-size `expr 8 \* 4` -i4  module_interpolate.f90

real	0m1.326s
user	0m0.971s
sys	0m0.312s
rm -f module_mosaic_csuesat.o
sed -e "s/^\!.*'.*//" -e "s/^ *\!.*'.*//" module_mosaic_csuesat.F > module_mosaic_csuesat.G
/lib/cpp -P -nostdinc -I/glade/derecho/scratch/yates/NEOM_WRF/wrfv4.6.0/inc -DEM_CORE=1 -DNMM_CORE=0 -DNMM_MAX_DIM=2600 -DDA_CORE=0 -DWRFPLUS=0 -DIWORDSIZE=4 -DDWORDSIZE=8 -DRWORDSIZE=4 -DLWORDSIZE=4 -DNONSTANDARD_SYSTEM_FUNC  -DWRF_USE_CLM -DUSE_NETCDF4_FEATURES -DWRFIO_NCD_LARGE_FILE_SUPPORT  -DDM_PARALLEL -DNETCDF -DLANDREAD_STUB=1 -DUSE_ALLOCATABLES -Dwrfmodel -DGRIB1 -DINTIO -DKEEP_INT_AROUND -DLIMIT_ARGS -DBUILD_RRTMG_FAST=0 -DBUILD_RRTMK=0 -DBUILD_SBM_FAST=1 -DSHOW_ALL_VARS_USED=0 -DCONFIG_BUF_LEN=65536 -DMAX_DOMAINS_F=21 -DMAX_HISTORY=25 -DNMM_NEST=0 -DWRF_CHEM -DBUILD_CHEM=1 -I. -traditional-cpp -DUSE_NETCDF4_FEATURES -DWRFIO_NCD_LARGE_FILE_SUPPORT   module_mosaic_csuesat.G  > module_mosaic_csuesat.bb
/glade/derecho/scratch/yates/NEOM_WRF/wrfv4.6.0/tools/standard.exe module_mosaic_csuesat.bb | /lib/cpp -P -nostdinc -traditional-cpp -DUSE_NETCDF4_FEATURES -DWRFIO_NCD_LARGE_FILE_SUPPORT > module_mosaic_csuesat.f90
rm -f module_mosaic_csuesat.G module_mosaic_csuesat.bb
time mpif90 -f90=ifort -o module_mosaic_csuesat.o -c -O3 -ip -fp-model precise -w -ftz -align all -fno-alias -FR -convert big_endian    -I../dyn_em  -I/glade/derecho/scratch/yates/NEOM_WRF/wrfv4.6.0/external/esmf_time_f90  -I/glade/derecho/scratch/yates/NEOM_WRF/wrfv4.6.0/main -I/glade/derecho/scratch/yates/NEOM_WRF/wrfv4.6.0/external/io_netcdf -I/glade/derecho/scratch/yates/NEOM_WRF/wrfv4.6.0/external/io_int -I/glade/derecho/scratch/yates/NEOM_WRF/wrfv4.6.0/frame -I/glade/derecho/scratch/yates/NEOM_WRF/wrfv4.6.0/share -I/glade/derecho/scratch/yates/NEOM_WRF/wrfv4.6.0/phys -I/glade/derecho/scratch/yates/NEOM_WRF/wrfv4.6.0/wrftladj -I/glade/derecho/scratch/yates/NEOM_WRF/wrfv4.6.0/chem -I/glade/derecho/scratch/yates/NEOM_WRF/wrfv4.6.0/inc -I/glade/u/apps/derecho/23.09/spack/opt/spack/netcdf/4.9.2/oneapi/2023.2.1/yzvj/include  -real-size `expr 8 \* 4` -i4  module_mosaic_csuesat.f90

real	0m0.431s
user	0m0.083s
sys	0m0.321s
rm -f module_mozcart_wetscav.o
sed -e "s/^\!.*'.*//" -e "s/^ *\!.*'.*//" module_mozcart_wetscav.F > module_mozcart_wetscav.G
/lib/cpp -P -nostdinc -I/glade/derecho/scratch/yates/NEOM_WRF/wrfv4.6.0/inc -DEM_CORE=1 -DNMM_CORE=0 -DNMM_MAX_DIM=2600 -DDA_CORE=0 -DWRFPLUS=0 -DIWORDSIZE=4 -DDWORDSIZE=8 -DRWORDSIZE=4 -DLWORDSIZE=4 -DNONSTANDARD_SYSTEM_FUNC  -DWRF_USE_CLM -DUSE_NETCDF4_FEATURES -DWRFIO_NCD_LARGE_FILE_SUPPORT  -DDM_PARALLEL -DNETCDF -DLANDREAD_STUB=1 -DUSE_ALLOCATABLES -Dwrfmodel -DGRIB1 -DINTIO -DKEEP_INT_AROUND -DLIMIT_ARGS -DBUILD_RRTMG_FAST=0 -DBUILD_RRTMK=0 -DBUILD_SBM_FAST=1 -DSHOW_ALL_VARS_USED=0 -DCONFIG_BUF_LEN=65536 -DMAX_DOMAINS_F=21 -DMAX_HISTORY=25 -DNMM_NEST=0 -DWRF_CHEM -DBUILD_CHEM=1 -I. -traditional-cpp -DUSE_NETCDF4_FEATURES -DWRFIO_NCD_LARGE_FILE_SUPPORT   module_mozcart_wetscav.G  > module_mozcart_wetscav.bb
/glade/derecho/scratch/yates/NEOM_WRF/wrfv4.6.0/tools/standard.exe module_mozcart_wetscav.bb | /lib/cpp -P -nostdinc -traditional-cpp -DUSE_NETCDF4_FEATURES -DWRFIO_NCD_LARGE_FILE_SUPPORT > module_mozcart_wetscav.f90
rm -f module_mozcart_wetscav.G module_mozcart_wetscav.bb
time mpif90 -f90=ifort -o module_mozcart_wetscav.o -c -O3 -ip -fp-model precise -w -ftz -align all -fno-alias -FR -convert big_endian    -I../dyn_em  -I/glade/derecho/scratch/yates/NEOM_WRF/wrfv4.6.0/external/esmf_time_f90  -I/glade/derecho/scratch/yates/NEOM_WRF/wrfv4.6.0/main -I/glade/derecho/scratch/yates/NEOM_WRF/wrfv4.6.0/external/io_netcdf -I/glade/derecho/scratch/yates/NEOM_WRF/wrfv4.6.0/external/io_int -I/glade/derecho/scratch/yates/NEOM_WRF/wrfv4.6.0/frame -I/glade/derecho/scratch/yates/NEOM_WRF/wrfv4.6.0/share -I/glade/derecho/scratch/yates/NEOM_WRF/wrfv4.6.0/phys -I/glade/derecho/scratch/yates/NEOM_WRF/wrfv4.6.0/wrftladj -I/glade/derecho/scratch/yates/NEOM_WRF/wrfv4.6.0/chem -I/glade/derecho/scratch/yates/NEOM_WRF/wrfv4.6.0/inc -I/glade/u/apps/derecho/23.09/spack/opt/spack/netcdf/4.9.2/oneapi/2023.2.1/yzvj/include  -real-size `expr 8 \* 4` -i4  module_mozcart_wetscav.f90

real	0m1.253s
user	0m0.887s
sys	0m0.325s
rm -f module_vertmx_wrf.o
sed -e "s/^\!.*'.*//" -e "s/^ *\!.*'.*//" module_vertmx_wrf.F > module_vertmx_wrf.G
/lib/cpp -P -nostdinc -I/glade/derecho/scratch/yates/NEOM_WRF/wrfv4.6.0/inc -DEM_CORE=1 -DNMM_CORE=0 -DNMM_MAX_DIM=2600 -DDA_CORE=0 -DWRFPLUS=0 -DIWORDSIZE=4 -DDWORDSIZE=8 -DRWORDSIZE=4 -DLWORDSIZE=4 -DNONSTANDARD_SYSTEM_FUNC  -DWRF_USE_CLM -DUSE_NETCDF4_FEATURES -DWRFIO_NCD_LARGE_FILE_SUPPORT  -DDM_PARALLEL -DNETCDF -DLANDREAD_STUB=1 -DUSE_ALLOCATABLES -Dwrfmodel -DGRIB1 -DINTIO -DKEEP_INT_AROUND -DLIMIT_ARGS -DBUILD_RRTMG_FAST=0 -DBUILD_RRTMK=0 -DBUILD_SBM_FAST=1 -DSHOW_ALL_VARS_USED=0 -DCONFIG_BUF_LEN=65536 -DMAX_DOMAINS_F=21 -DMAX_HISTORY=25 -DNMM_NEST=0 -DWRF_CHEM -DBUILD_CHEM=1 -I. -traditional-cpp -DUSE_NETCDF4_FEATURES -DWRFIO_NCD_LARGE_FILE_SUPPORT   module_vertmx_wrf.G  > module_vertmx_wrf.bb
/glade/derecho/scratch/yates/NEOM_WRF/wrfv4.6.0/tools/standard.exe module_vertmx_wrf.bb | /lib/cpp -P -nostdinc -traditional-cpp -DUSE_NETCDF4_FEATURES -DWRFIO_NCD_LARGE_FILE_SUPPORT > module_vertmx_wrf.f90
rm -f module_vertmx_wrf.G module_vertmx_wrf.bb
time mpif90 -f90=ifort -o module_vertmx_wrf.o -c -O3 -ip -fp-model precise -w -ftz -align all -fno-alias -FR -convert big_endian    -I../dyn_em  -I/glade/derecho/scratch/yates/NEOM_WRF/wrfv4.6.0/external/esmf_time_f90  -I/glade/derecho/scratch/yates/NEOM_WRF/wrfv4.6.0/main -I/glade/derecho/scratch/yates/NEOM_WRF/wrfv4.6.0/external/io_netcdf -I/glade/derecho/scratch/yates/NEOM_WRF/wrfv4.6.0/external/io_int -I/glade/derecho/scratch/yates/NEOM_WRF/wrfv4.6.0/frame -I/glade/derecho/scratch/yates/NEOM_WRF/wrfv4.6.0/share -I/glade/derecho/scratch/yates/NEOM_WRF/wrfv4.6.0/phys -I/glade/derecho/scratch/yates/NEOM_WRF/wrfv4.6.0/wrftladj -I/glade/derecho/scratch/yates/NEOM_WRF/wrfv4.6.0/chem -I/glade/derecho/scratch/yates/NEOM_WRF/wrfv4.6.0/inc -I/glade/u/apps/derecho/23.09/spack/opt/spack/netcdf/4.9.2/oneapi/2023.2.1/yzvj/include  -real-size `expr 8 \* 4` -i4  module_vertmx_wrf.f90

real	0m0.568s
user	0m0.230s
sys	0m0.312s
rm -f module_wetdep_ls.o
sed -e "s/^\!.*'.*//" -e "s/^ *\!.*'.*//" module_wetdep_ls.F > module_wetdep_ls.G
/lib/cpp -P -nostdinc -I/glade/derecho/scratch/yates/NEOM_WRF/wrfv4.6.0/inc -DEM_CORE=1 -DNMM_CORE=0 -DNMM_MAX_DIM=2600 -DDA_CORE=0 -DWRFPLUS=0 -DIWORDSIZE=4 -DDWORDSIZE=8 -DRWORDSIZE=4 -DLWORDSIZE=4 -DNONSTANDARD_SYSTEM_FUNC  -DWRF_USE_CLM -DUSE_NETCDF4_FEATURES -DWRFIO_NCD_LARGE_FILE_SUPPORT  -DDM_PARALLEL -DNETCDF -DLANDREAD_STUB=1 -DUSE_ALLOCATABLES -Dwrfmodel -DGRIB1 -DINTIO -DKEEP_INT_AROUND -DLIMIT_ARGS -DBUILD_RRTMG_FAST=0 -DBUILD_RRTMK=0 -DBUILD_SBM_FAST=1 -DSHOW_ALL_VARS_USED=0 -DCONFIG_BUF_LEN=65536 -DMAX_DOMAINS_F=21 -DMAX_HISTORY=25 -DNMM_NEST=0 -DWRF_CHEM -DBUILD_CHEM=1 -I. -traditional-cpp -DUSE_NETCDF4_FEATURES -DWRFIO_NCD_LARGE_FILE_SUPPORT   module_wetdep_ls.G  > module_wetdep_ls.bb
/glade/derecho/scratch/yates/NEOM_WRF/wrfv4.6.0/tools/standard.exe module_wetdep_ls.bb | /lib/cpp -P -nostdinc -traditional-cpp -DUSE_NETCDF4_FEATURES -DWRFIO_NCD_LARGE_FILE_SUPPORT > module_wetdep_ls.f90
rm -f module_wetdep_ls.G module_wetdep_ls.bb
time mpif90 -f90=ifort -o module_wetdep_ls.o -c -O3 -ip -fp-model precise -w -ftz -align all -fno-alias -FR -convert big_endian    -I../dyn_em  -I/glade/derecho/scratch/yates/NEOM_WRF/wrfv4.6.0/external/esmf_time_f90  -I/glade/derecho/scratch/yates/NEOM_WRF/wrfv4.6.0/main -I/glade/derecho/scratch/yates/NEOM_WRF/wrfv4.6.0/external/io_netcdf -I/glade/derecho/scratch/yates/NEOM_WRF/wrfv4.6.0/external/io_int -I/glade/derecho/scratch/yates/NEOM_WRF/wrfv4.6.0/frame -I/glade/derecho/scratch/yates/NEOM_WRF/wrfv4.6.0/share -I/glade/derecho/scratch/yates/NEOM_WRF/wrfv4.6.0/phys -I/glade/derecho/scratch/yates/NEOM_WRF/wrfv4.6.0/wrftladj -I/glade/derecho/scratch/yates/NEOM_WRF/wrfv4.6.0/chem -I/glade/derecho/scratch/yates/NEOM_WRF/wrfv4.6.0/inc -I/glade/u/apps/derecho/23.09/spack/opt/spack/netcdf/4.9.2/oneapi/2023.2.1/yzvj/include  -real-size `expr 8 \* 4` -i4  module_wetdep_ls.f90

real	0m0.633s
user	0m0.303s
sys	0m0.304s
rm -f module_zero_plumegen_coms.o
sed -e "s/^\!.*'.*//" -e "s/^ *\!.*'.*//" module_zero_plumegen_coms.F > module_zero_plumegen_coms.G
/lib/cpp -P -nostdinc -I/glade/derecho/scratch/yates/NEOM_WRF/wrfv4.6.0/inc -DEM_CORE=1 -DNMM_CORE=0 -DNMM_MAX_DIM=2600 -DDA_CORE=0 -DWRFPLUS=0 -DIWORDSIZE=4 -DDWORDSIZE=8 -DRWORDSIZE=4 -DLWORDSIZE=4 -DNONSTANDARD_SYSTEM_FUNC  -DWRF_USE_CLM -DUSE_NETCDF4_FEATURES -DWRFIO_NCD_LARGE_FILE_SUPPORT  -DDM_PARALLEL -DNETCDF -DLANDREAD_STUB=1 -DUSE_ALLOCATABLES -Dwrfmodel -DGRIB1 -DINTIO -DKEEP_INT_AROUND -DLIMIT_ARGS -DBUILD_RRTMG_FAST=0 -DBUILD_RRTMK=0 -DBUILD_SBM_FAST=1 -DSHOW_ALL_VARS_USED=0 -DCONFIG_BUF_LEN=65536 -DMAX_DOMAINS_F=21 -DMAX_HISTORY=25 -DNMM_NEST=0 -DWRF_CHEM -DBUILD_CHEM=1 -I. -traditional-cpp -DUSE_NETCDF4_FEATURES -DWRFIO_NCD_LARGE_FILE_SUPPORT   module_zero_plumegen_coms.G  > module_zero_plumegen_coms.bb
/glade/derecho/scratch/yates/NEOM_WRF/wrfv4.6.0/tools/standard.exe module_zero_plumegen_coms.bb | /lib/cpp -P -nostdinc -traditional-cpp -DUSE_NETCDF4_FEATURES -DWRFIO_NCD_LARGE_FILE_SUPPORT > module_zero_plumegen_coms.f90
rm -f module_zero_plumegen_coms.G module_zero_plumegen_coms.bb
time mpif90 -f90=ifort -o module_zero_plumegen_coms.o -c -O3 -ip -fp-model precise -w -ftz -align all -fno-alias -FR -convert big_endian    -I../dyn_em  -I/glade/derecho/scratch/yates/NEOM_WRF/wrfv4.6.0/external/esmf_time_f90  -I/glade/derecho/scratch/yates/NEOM_WRF/wrfv4.6.0/main -I/glade/derecho/scratch/yates/NEOM_WRF/wrfv4.6.0/external/io_netcdf -I/glade/derecho/scratch/yates/NEOM_WRF/wrfv4.6.0/external/io_int -I/glade/derecho/scratch/yates/NEOM_WRF/wrfv4.6.0/frame -I/glade/derecho/scratch/yates/NEOM_WRF/wrfv4.6.0/share -I/glade/derecho/scratch/yates/NEOM_WRF/wrfv4.6.0/phys -I/glade/derecho/scratch/yates/NEOM_WRF/wrfv4.6.0/wrftladj -I/glade/derecho/scratch/yates/NEOM_WRF/wrfv4.6.0/chem -I/glade/derecho/scratch/yates/NEOM_WRF/wrfv4.6.0/inc -I/glade/u/apps/derecho/23.09/spack/opt/spack/netcdf/4.9.2/oneapi/2023.2.1/yzvj/include  -real-size `expr 8 \* 4` -i4  module_zero_plumegen_coms.f90

real	0m2.184s
user	0m1.718s
sys	0m0.425s
rm -f module_vash_settling.o
sed -e "s/^\!.*'.*//" -e "s/^ *\!.*'.*//" module_vash_settling.F > module_vash_settling.G
/lib/cpp -P -nostdinc -I/glade/derecho/scratch/yates/NEOM_WRF/wrfv4.6.0/inc -DEM_CORE=1 -DNMM_CORE=0 -DNMM_MAX_DIM=2600 -DDA_CORE=0 -DWRFPLUS=0 -DIWORDSIZE=4 -DDWORDSIZE=8 -DRWORDSIZE=4 -DLWORDSIZE=4 -DNONSTANDARD_SYSTEM_FUNC  -DWRF_USE_CLM -DUSE_NETCDF4_FEATURES -DWRFIO_NCD_LARGE_FILE_SUPPORT  -DDM_PARALLEL -DNETCDF -DLANDREAD_STUB=1 -DUSE_ALLOCATABLES -Dwrfmodel -DGRIB1 -DINTIO -DKEEP_INT_AROUND -DLIMIT_ARGS -DBUILD_RRTMG_FAST=0 -DBUILD_RRTMK=0 -DBUILD_SBM_FAST=1 -DSHOW_ALL_VARS_USED=0 -DCONFIG_BUF_LEN=65536 -DMAX_DOMAINS_F=21 -DMAX_HISTORY=25 -DNMM_NEST=0 -DWRF_CHEM -DBUILD_CHEM=1 -I. -traditional-cpp -DUSE_NETCDF4_FEATURES -DWRFIO_NCD_LARGE_FILE_SUPPORT   module_vash_settling.G  > module_vash_settling.bb
/glade/derecho/scratch/yates/NEOM_WRF/wrfv4.6.0/tools/standard.exe module_vash_settling.bb | /lib/cpp -P -nostdinc -traditional-cpp -DUSE_NETCDF4_FEATURES -DWRFIO_NCD_LARGE_FILE_SUPPORT > module_vash_settling.f90
rm -f module_vash_settling.G module_vash_settling.bb
time mpif90 -f90=ifort -o module_vash_settling.o -c -O3 -ip -fp-model precise -w -ftz -align all -fno-alias -FR -convert big_endian    -I../dyn_em  -I/glade/derecho/scratch/yates/NEOM_WRF/wrfv4.6.0/external/esmf_time_f90  -I/glade/derecho/scratch/yates/NEOM_WRF/wrfv4.6.0/main -I/glade/derecho/scratch/yates/NEOM_WRF/wrfv4.6.0/external/io_netcdf -I/glade/derecho/scratch/yates/NEOM_WRF/wrfv4.6.0/external/io_int -I/glade/derecho/scratch/yates/NEOM_WRF/wrfv4.6.0/frame -I/glade/derecho/scratch/yates/NEOM_WRF/wrfv4.6.0/share -I/glade/derecho/scratch/yates/NEOM_WRF/wrfv4.6.0/phys -I/glade/derecho/scratch/yates/NEOM_WRF/wrfv4.6.0/wrftladj -I/glade/derecho/scratch/yates/NEOM_WRF/wrfv4.6.0/chem -I/glade/derecho/scratch/yates/NEOM_WRF/wrfv4.6.0/inc -I/glade/u/apps/derecho/23.09/spack/opt/spack/netcdf/4.9.2/oneapi/2023.2.1/yzvj/include  -real-size `expr 8 \* 4` -i4  module_vash_settling.f90

real	0m0.463s
user	0m0.117s
sys	0m0.312s
rm -f module_radm.o
sed -e "s/^\!.*'.*//" -e "s/^ *\!.*'.*//" module_radm.F > module_radm.G
/lib/cpp -P -nostdinc -I/glade/derecho/scratch/yates/NEOM_WRF/wrfv4.6.0/inc -DEM_CORE=1 -DNMM_CORE=0 -DNMM_MAX_DIM=2600 -DDA_CORE=0 -DWRFPLUS=0 -DIWORDSIZE=4 -DDWORDSIZE=8 -DRWORDSIZE=4 -DLWORDSIZE=4 -DNONSTANDARD_SYSTEM_FUNC  -DWRF_USE_CLM -DUSE_NETCDF4_FEATURES -DWRFIO_NCD_LARGE_FILE_SUPPORT  -DDM_PARALLEL -DNETCDF -DLANDREAD_STUB=1 -DUSE_ALLOCATABLES -Dwrfmodel -DGRIB1 -DINTIO -DKEEP_INT_AROUND -DLIMIT_ARGS -DBUILD_RRTMG_FAST=0 -DBUILD_RRTMK=0 -DBUILD_SBM_FAST=1 -DSHOW_ALL_VARS_USED=0 -DCONFIG_BUF_LEN=65536 -DMAX_DOMAINS_F=21 -DMAX_HISTORY=25 -DNMM_NEST=0 -DWRF_CHEM -DBUILD_CHEM=1 -I. -traditional-cpp -DUSE_NETCDF4_FEATURES -DWRFIO_NCD_LARGE_FILE_SUPPORT   module_radm.G  > module_radm.bb
/glade/derecho/scratch/yates/NEOM_WRF/wrfv4.6.0/tools/standard.exe module_radm.bb | /lib/cpp -P -nostdinc -traditional-cpp -DUSE_NETCDF4_FEATURES -DWRFIO_NCD_LARGE_FILE_SUPPORT > module_radm.f90
rm -f module_radm.G module_radm.bb
time mpif90 -f90=ifort -o module_radm.o -c -O3 -ip -fp-model precise -w -ftz -align all -fno-alias -FR -convert big_endian    -I../dyn_em  -I/glade/derecho/scratch/yates/NEOM_WRF/wrfv4.6.0/external/esmf_time_f90  -I/glade/derecho/scratch/yates/NEOM_WRF/wrfv4.6.0/main -I/glade/derecho/scratch/yates/NEOM_WRF/wrfv4.6.0/external/io_netcdf -I/glade/derecho/scratch/yates/NEOM_WRF/wrfv4.6.0/external/io_int -I/glade/derecho/scratch/yates/NEOM_WRF/wrfv4.6.0/frame -I/glade/derecho/scratch/yates/NEOM_WRF/wrfv4.6.0/share -I/glade/derecho/scratch/yates/NEOM_WRF/wrfv4.6.0/phys -I/glade/derecho/scratch/yates/NEOM_WRF/wrfv4.6.0/wrftladj -I/glade/derecho/scratch/yates/NEOM_WRF/wrfv4.6.0/chem -I/glade/derecho/scratch/yates/NEOM_WRF/wrfv4.6.0/inc -I/glade/u/apps/derecho/23.09/spack/opt/spack/netcdf/4.9.2/oneapi/2023.2.1/yzvj/include  -real-size `expr 8 \* 4` -i4  module_radm.f90

real	0m1.536s
user	0m1.180s
sys	0m0.328s
rm -f module_gocart_dust.o
sed -e "s/^\!.*'.*//" -e "s/^ *\!.*'.*//" module_gocart_dust.F > module_gocart_dust.G
/lib/cpp -P -nostdinc -I/glade/derecho/scratch/yates/NEOM_WRF/wrfv4.6.0/inc -DEM_CORE=1 -DNMM_CORE=0 -DNMM_MAX_DIM=2600 -DDA_CORE=0 -DWRFPLUS=0 -DIWORDSIZE=4 -DDWORDSIZE=8 -DRWORDSIZE=4 -DLWORDSIZE=4 -DNONSTANDARD_SYSTEM_FUNC  -DWRF_USE_CLM -DUSE_NETCDF4_FEATURES -DWRFIO_NCD_LARGE_FILE_SUPPORT  -DDM_PARALLEL -DNETCDF -DLANDREAD_STUB=1 -DUSE_ALLOCATABLES -Dwrfmodel -DGRIB1 -DINTIO -DKEEP_INT_AROUND -DLIMIT_ARGS -DBUILD_RRTMG_FAST=0 -DBUILD_RRTMK=0 -DBUILD_SBM_FAST=1 -DSHOW_ALL_VARS_USED=0 -DCONFIG_BUF_LEN=65536 -DMAX_DOMAINS_F=21 -DMAX_HISTORY=25 -DNMM_NEST=0 -DWRF_CHEM -DBUILD_CHEM=1 -I. -traditional-cpp -DUSE_NETCDF4_FEATURES -DWRFIO_NCD_LARGE_FILE_SUPPORT   module_gocart_dust.G  > module_gocart_dust.bb
/glade/derecho/scratch/yates/NEOM_WRF/wrfv4.6.0/tools/standard.exe module_gocart_dust.bb | /lib/cpp -P -nostdinc -traditional-cpp -DUSE_NETCDF4_FEATURES -DWRFIO_NCD_LARGE_FILE_SUPPORT > module_gocart_dust.f90
rm -f module_gocart_dust.G module_gocart_dust.bb
time mpif90 -f90=ifort -o module_gocart_dust.o -c -O3 -ip -fp-model precise -w -ftz -align all -fno-alias -FR -convert big_endian    -I../dyn_em  -I/glade/derecho/scratch/yates/NEOM_WRF/wrfv4.6.0/external/esmf_time_f90  -I/glade/derecho/scratch/yates/NEOM_WRF/wrfv4.6.0/main -I/glade/derecho/scratch/yates/NEOM_WRF/wrfv4.6.0/external/io_netcdf -I/glade/derecho/scratch/yates/NEOM_WRF/wrfv4.6.0/external/io_int -I/glade/derecho/scratch/yates/NEOM_WRF/wrfv4.6.0/frame -I/glade/derecho/scratch/yates/NEOM_WRF/wrfv4.6.0/share -I/glade/derecho/scratch/yates/NEOM_WRF/wrfv4.6.0/phys -I/glade/derecho/scratch/yates/NEOM_WRF/wrfv4.6.0/wrftladj -I/glade/derecho/scratch/yates/NEOM_WRF/wrfv4.6.0/chem -I/glade/derecho/scratch/yates/NEOM_WRF/wrfv4.6.0/inc -I/glade/u/apps/derecho/23.09/spack/opt/spack/netcdf/4.9.2/oneapi/2023.2.1/yzvj/include  -real-size `expr 8 \* 4` -i4  module_gocart_dust.f90

real	0m0.672s
user	0m0.319s
sys	0m0.326s
rm -f module_isofwd.o
sed -e "s/^\!.*'.*//" -e "s/^ *\!.*'.*//" module_isofwd.F > module_isofwd.G
/lib/cpp -P -nostdinc -I/glade/derecho/scratch/yates/NEOM_WRF/wrfv4.6.0/inc -DEM_CORE=1 -DNMM_CORE=0 -DNMM_MAX_DIM=2600 -DDA_CORE=0 -DWRFPLUS=0 -DIWORDSIZE=4 -DDWORDSIZE=8 -DRWORDSIZE=4 -DLWORDSIZE=4 -DNONSTANDARD_SYSTEM_FUNC  -DWRF_USE_CLM -DUSE_NETCDF4_FEATURES -DWRFIO_NCD_LARGE_FILE_SUPPORT  -DDM_PARALLEL -DNETCDF -DLANDREAD_STUB=1 -DUSE_ALLOCATABLES -Dwrfmodel -DGRIB1 -DINTIO -DKEEP_INT_AROUND -DLIMIT_ARGS -DBUILD_RRTMG_FAST=0 -DBUILD_RRTMK=0 -DBUILD_SBM_FAST=1 -DSHOW_ALL_VARS_USED=0 -DCONFIG_BUF_LEN=65536 -DMAX_DOMAINS_F=21 -DMAX_HISTORY=25 -DNMM_NEST=0 -DWRF_CHEM -DBUILD_CHEM=1 -I. -traditional-cpp -DUSE_NETCDF4_FEATURES -DWRFIO_NCD_LARGE_FILE_SUPPORT   module_isofwd.G  > module_isofwd.bb
/glade/derecho/scratch/yates/NEOM_WRF/wrfv4.6.0/tools/standard.exe module_isofwd.bb | /lib/cpp -P -nostdinc -traditional-cpp -DUSE_NETCDF4_FEATURES -DWRFIO_NCD_LARGE_FILE_SUPPORT > module_isofwd.f90
rm -f module_isofwd.G module_isofwd.bb
time mpif90 -f90=ifort -o module_isofwd.o -c -O3 -ip -fp-model precise -w -ftz -align all -fno-alias -FR -convert big_endian    -I../dyn_em  -I/glade/derecho/scratch/yates/NEOM_WRF/wrfv4.6.0/external/esmf_time_f90  -I/glade/derecho/scratch/yates/NEOM_WRF/wrfv4.6.0/main -I/glade/derecho/scratch/yates/NEOM_WRF/wrfv4.6.0/external/io_netcdf -I/glade/derecho/scratch/yates/NEOM_WRF/wrfv4.6.0/external/io_int -I/glade/derecho/scratch/yates/NEOM_WRF/wrfv4.6.0/frame -I/glade/derecho/scratch/yates/NEOM_WRF/wrfv4.6.0/share -I/glade/derecho/scratch/yates/NEOM_WRF/wrfv4.6.0/phys -I/glade/derecho/scratch/yates/NEOM_WRF/wrfv4.6.0/wrftladj -I/glade/derecho/scratch/yates/NEOM_WRF/wrfv4.6.0/chem -I/glade/derecho/scratch/yates/NEOM_WRF/wrfv4.6.0/inc -I/glade/u/apps/derecho/23.09/spack/opt/spack/netcdf/4.9.2/oneapi/2023.2.1/yzvj/include  -real-size `expr 8 \* 4` -i4  module_isofwd.f90

real	0m8.274s
user	0m7.654s
sys	0m0.542s
rm -f module_isorev.o
sed -e "s/^\!.*'.*//" -e "s/^ *\!.*'.*//" module_isorev.F > module_isorev.G
/lib/cpp -P -nostdinc -I/glade/derecho/scratch/yates/NEOM_WRF/wrfv4.6.0/inc -DEM_CORE=1 -DNMM_CORE=0 -DNMM_MAX_DIM=2600 -DDA_CORE=0 -DWRFPLUS=0 -DIWORDSIZE=4 -DDWORDSIZE=8 -DRWORDSIZE=4 -DLWORDSIZE=4 -DNONSTANDARD_SYSTEM_FUNC  -DWRF_USE_CLM -DUSE_NETCDF4_FEATURES -DWRFIO_NCD_LARGE_FILE_SUPPORT  -DDM_PARALLEL -DNETCDF -DLANDREAD_STUB=1 -DUSE_ALLOCATABLES -Dwrfmodel -DGRIB1 -DINTIO -DKEEP_INT_AROUND -DLIMIT_ARGS -DBUILD_RRTMG_FAST=0 -DBUILD_RRTMK=0 -DBUILD_SBM_FAST=1 -DSHOW_ALL_VARS_USED=0 -DCONFIG_BUF_LEN=65536 -DMAX_DOMAINS_F=21 -DMAX_HISTORY=25 -DNMM_NEST=0 -DWRF_CHEM -DBUILD_CHEM=1 -I. -traditional-cpp -DUSE_NETCDF4_FEATURES -DWRFIO_NCD_LARGE_FILE_SUPPORT   module_isorev.G  > module_isorev.bb
/glade/derecho/scratch/yates/NEOM_WRF/wrfv4.6.0/tools/standard.exe module_isorev.bb | /lib/cpp -P -nostdinc -traditional-cpp -DUSE_NETCDF4_FEATURES -DWRFIO_NCD_LARGE_FILE_SUPPORT > module_isorev.f90
rm -f module_isorev.G module_isorev.bb
time mpif90 -f90=ifort -o module_isorev.o -c -O3 -ip -fp-model precise -w -ftz -align all -fno-alias -FR -convert big_endian    -I../dyn_em  -I/glade/derecho/scratch/yates/NEOM_WRF/wrfv4.6.0/external/esmf_time_f90  -I/glade/derecho/scratch/yates/NEOM_WRF/wrfv4.6.0/main -I/glade/derecho/scratch/yates/NEOM_WRF/wrfv4.6.0/external/io_netcdf -I/glade/derecho/scratch/yates/NEOM_WRF/wrfv4.6.0/external/io_int -I/glade/derecho/scratch/yates/NEOM_WRF/wrfv4.6.0/frame -I/glade/derecho/scratch/yates/NEOM_WRF/wrfv4.6.0/share -I/glade/derecho/scratch/yates/NEOM_WRF/wrfv4.6.0/phys -I/glade/derecho/scratch/yates/NEOM_WRF/wrfv4.6.0/wrftladj -I/glade/derecho/scratch/yates/NEOM_WRF/wrfv4.6.0/chem -I/glade/derecho/scratch/yates/NEOM_WRF/wrfv4.6.0/inc -I/glade/u/apps/derecho/23.09/spack/opt/spack/netcdf/4.9.2/oneapi/2023.2.1/yzvj/include  -real-size `expr 8 \* 4` -i4  module_isorev.f90

real	0m5.028s
user	0m4.509s
sys	0m0.495s
rm -f module_gocart_dmsemis.o
sed -e "s/^\!.*'.*//" -e "s/^ *\!.*'.*//" module_gocart_dmsemis.F > module_gocart_dmsemis.G
/lib/cpp -P -nostdinc -I/glade/derecho/scratch/yates/NEOM_WRF/wrfv4.6.0/inc -DEM_CORE=1 -DNMM_CORE=0 -DNMM_MAX_DIM=2600 -DDA_CORE=0 -DWRFPLUS=0 -DIWORDSIZE=4 -DDWORDSIZE=8 -DRWORDSIZE=4 -DLWORDSIZE=4 -DNONSTANDARD_SYSTEM_FUNC  -DWRF_USE_CLM -DUSE_NETCDF4_FEATURES -DWRFIO_NCD_LARGE_FILE_SUPPORT  -DDM_PARALLEL -DNETCDF -DLANDREAD_STUB=1 -DUSE_ALLOCATABLES -Dwrfmodel -DGRIB1 -DINTIO -DKEEP_INT_AROUND -DLIMIT_ARGS -DBUILD_RRTMG_FAST=0 -DBUILD_RRTMK=0 -DBUILD_SBM_FAST=1 -DSHOW_ALL_VARS_USED=0 -DCONFIG_BUF_LEN=65536 -DMAX_DOMAINS_F=21 -DMAX_HISTORY=25 -DNMM_NEST=0 -DWRF_CHEM -DBUILD_CHEM=1 -I. -traditional-cpp -DUSE_NETCDF4_FEATURES -DWRFIO_NCD_LARGE_FILE_SUPPORT   module_gocart_dmsemis.G  > module_gocart_dmsemis.bb
/glade/derecho/scratch/yates/NEOM_WRF/wrfv4.6.0/tools/standard.exe module_gocart_dmsemis.bb | /lib/cpp -P -nostdinc -traditional-cpp -DUSE_NETCDF4_FEATURES -DWRFIO_NCD_LARGE_FILE_SUPPORT > module_gocart_dmsemis.f90
rm -f module_gocart_dmsemis.G module_gocart_dmsemis.bb
time mpif90 -f90=ifort -o module_gocart_dmsemis.o -c -O3 -ip -fp-model precise -w -ftz -align all -fno-alias -FR -convert big_endian    -I../dyn_em  -I/glade/derecho/scratch/yates/NEOM_WRF/wrfv4.6.0/external/esmf_time_f90  -I/glade/derecho/scratch/yates/NEOM_WRF/wrfv4.6.0/main -I/glade/derecho/scratch/yates/NEOM_WRF/wrfv4.6.0/external/io_netcdf -I/glade/derecho/scratch/yates/NEOM_WRF/wrfv4.6.0/external/io_int -I/glade/derecho/scratch/yates/NEOM_WRF/wrfv4.6.0/frame -I/glade/derecho/scratch/yates/NEOM_WRF/wrfv4.6.0/share -I/glade/derecho/scratch/yates/NEOM_WRF/wrfv4.6.0/phys -I/glade/derecho/scratch/yates/NEOM_WRF/wrfv4.6.0/wrftladj -I/glade/derecho/scratch/yates/NEOM_WRF/wrfv4.6.0/chem -I/glade/derecho/scratch/yates/NEOM_WRF/wrfv4.6.0/inc -I/glade/u/apps/derecho/23.09/spack/opt/spack/netcdf/4.9.2/oneapi/2023.2.1/yzvj/include  -real-size `expr 8 \* 4` -i4  module_gocart_dmsemis.f90

real	0m0.549s
user	0m0.217s
sys	0m0.305s
rm -f module_gocart_aerosols.o
sed -e "s/^\!.*'.*//" -e "s/^ *\!.*'.*//" module_gocart_aerosols.F > module_gocart_aerosols.G
/lib/cpp -P -nostdinc -I/glade/derecho/scratch/yates/NEOM_WRF/wrfv4.6.0/inc -DEM_CORE=1 -DNMM_CORE=0 -DNMM_MAX_DIM=2600 -DDA_CORE=0 -DWRFPLUS=0 -DIWORDSIZE=4 -DDWORDSIZE=8 -DRWORDSIZE=4 -DLWORDSIZE=4 -DNONSTANDARD_SYSTEM_FUNC  -DWRF_USE_CLM -DUSE_NETCDF4_FEATURES -DWRFIO_NCD_LARGE_FILE_SUPPORT  -DDM_PARALLEL -DNETCDF -DLANDREAD_STUB=1 -DUSE_ALLOCATABLES -Dwrfmodel -DGRIB1 -DINTIO -DKEEP_INT_AROUND -DLIMIT_ARGS -DBUILD_RRTMG_FAST=0 -DBUILD_RRTMK=0 -DBUILD_SBM_FAST=1 -DSHOW_ALL_VARS_USED=0 -DCONFIG_BUF_LEN=65536 -DMAX_DOMAINS_F=21 -DMAX_HISTORY=25 -DNMM_NEST=0 -DWRF_CHEM -DBUILD_CHEM=1 -I. -traditional-cpp -DUSE_NETCDF4_FEATURES -DWRFIO_NCD_LARGE_FILE_SUPPORT   module_gocart_aerosols.G  > module_gocart_aerosols.bb
/glade/derecho/scratch/yates/NEOM_WRF/wrfv4.6.0/tools/standard.exe module_gocart_aerosols.bb | /lib/cpp -P -nostdinc -traditional-cpp -DUSE_NETCDF4_FEATURES -DWRFIO_NCD_LARGE_FILE_SUPPORT > module_gocart_aerosols.f90
rm -f module_gocart_aerosols.G module_gocart_aerosols.bb
time mpif90 -f90=ifort -o module_gocart_aerosols.o -c -O3 -ip -fp-model precise -w -ftz -align all -fno-alias -FR -convert big_endian    -I../dyn_em  -I/glade/derecho/scratch/yates/NEOM_WRF/wrfv4.6.0/external/esmf_time_f90  -I/glade/derecho/scratch/yates/NEOM_WRF/wrfv4.6.0/main -I/glade/derecho/scratch/yates/NEOM_WRF/wrfv4.6.0/external/io_netcdf -I/glade/derecho/scratch/yates/NEOM_WRF/wrfv4.6.0/external/io_int -I/glade/derecho/scratch/yates/NEOM_WRF/wrfv4.6.0/frame -I/glade/derecho/scratch/yates/NEOM_WRF/wrfv4.6.0/share -I/glade/derecho/scratch/yates/NEOM_WRF/wrfv4.6.0/phys -I/glade/derecho/scratch/yates/NEOM_WRF/wrfv4.6.0/wrftladj -I/glade/derecho/scratch/yates/NEOM_WRF/wrfv4.6.0/chem -I/glade/derecho/scratch/yates/NEOM_WRF/wrfv4.6.0/inc -I/glade/u/apps/derecho/23.09/spack/opt/spack/netcdf/4.9.2/oneapi/2023.2.1/yzvj/include  -real-size `expr 8 \* 4` -i4  module_gocart_aerosols.f90

real	0m0.924s
user	0m0.571s
sys	0m0.323s
rm -f module_gocart_dust_afwa.o
sed -e "s/^\!.*'.*//" -e "s/^ *\!.*'.*//" module_gocart_dust_afwa.F > module_gocart_dust_afwa.G
/lib/cpp -P -nostdinc -I/glade/derecho/scratch/yates/NEOM_WRF/wrfv4.6.0/inc -DEM_CORE=1 -DNMM_CORE=0 -DNMM_MAX_DIM=2600 -DDA_CORE=0 -DWRFPLUS=0 -DIWORDSIZE=4 -DDWORDSIZE=8 -DRWORDSIZE=4 -DLWORDSIZE=4 -DNONSTANDARD_SYSTEM_FUNC  -DWRF_USE_CLM -DUSE_NETCDF4_FEATURES -DWRFIO_NCD_LARGE_FILE_SUPPORT  -DDM_PARALLEL -DNETCDF -DLANDREAD_STUB=1 -DUSE_ALLOCATABLES -Dwrfmodel -DGRIB1 -DINTIO -DKEEP_INT_AROUND -DLIMIT_ARGS -DBUILD_RRTMG_FAST=0 -DBUILD_RRTMK=0 -DBUILD_SBM_FAST=1 -DSHOW_ALL_VARS_USED=0 -DCONFIG_BUF_LEN=65536 -DMAX_DOMAINS_F=21 -DMAX_HISTORY=25 -DNMM_NEST=0 -DWRF_CHEM -DBUILD_CHEM=1 -I. -traditional-cpp -DUSE_NETCDF4_FEATURES -DWRFIO_NCD_LARGE_FILE_SUPPORT   module_gocart_dust_afwa.G  > module_gocart_dust_afwa.bb
/glade/derecho/scratch/yates/NEOM_WRF/wrfv4.6.0/tools/standard.exe module_gocart_dust_afwa.bb | /lib/cpp -P -nostdinc -traditional-cpp -DUSE_NETCDF4_FEATURES -DWRFIO_NCD_LARGE_FILE_SUPPORT > module_gocart_dust_afwa.f90
rm -f module_gocart_dust_afwa.G module_gocart_dust_afwa.bb
time mpif90 -f90=ifort -o module_gocart_dust_afwa.o -c -O3 -ip -fp-model precise -w -ftz -align all -fno-alias -FR -convert big_endian    -I../dyn_em  -I/glade/derecho/scratch/yates/NEOM_WRF/wrfv4.6.0/external/esmf_time_f90  -I/glade/derecho/scratch/yates/NEOM_WRF/wrfv4.6.0/main -I/glade/derecho/scratch/yates/NEOM_WRF/wrfv4.6.0/external/io_netcdf -I/glade/derecho/scratch/yates/NEOM_WRF/wrfv4.6.0/external/io_int -I/glade/derecho/scratch/yates/NEOM_WRF/wrfv4.6.0/frame -I/glade/derecho/scratch/yates/NEOM_WRF/wrfv4.6.0/share -I/glade/derecho/scratch/yates/NEOM_WRF/wrfv4.6.0/phys -I/glade/derecho/scratch/yates/NEOM_WRF/wrfv4.6.0/wrftladj -I/glade/derecho/scratch/yates/NEOM_WRF/wrfv4.6.0/chem -I/glade/derecho/scratch/yates/NEOM_WRF/wrfv4.6.0/inc -I/glade/u/apps/derecho/23.09/spack/opt/spack/netcdf/4.9.2/oneapi/2023.2.1/yzvj/include  -real-size `expr 8 \* 4` -i4  module_gocart_dust_afwa.f90

real	0m2.099s
user	0m0.545s
sys	0m0.329s
rm -f module_gocart_seasalt.o
sed -e "s/^\!.*'.*//" -e "s/^ *\!.*'.*//" module_gocart_seasalt.F > module_gocart_seasalt.G
/lib/cpp -P -nostdinc -I/glade/derecho/scratch/yates/NEOM_WRF/wrfv4.6.0/inc -DEM_CORE=1 -DNMM_CORE=0 -DNMM_MAX_DIM=2600 -DDA_CORE=0 -DWRFPLUS=0 -DIWORDSIZE=4 -DDWORDSIZE=8 -DRWORDSIZE=4 -DLWORDSIZE=4 -DNONSTANDARD_SYSTEM_FUNC  -DWRF_USE_CLM -DUSE_NETCDF4_FEATURES -DWRFIO_NCD_LARGE_FILE_SUPPORT  -DDM_PARALLEL -DNETCDF -DLANDREAD_STUB=1 -DUSE_ALLOCATABLES -Dwrfmodel -DGRIB1 -DINTIO -DKEEP_INT_AROUND -DLIMIT_ARGS -DBUILD_RRTMG_FAST=0 -DBUILD_RRTMK=0 -DBUILD_SBM_FAST=1 -DSHOW_ALL_VARS_USED=0 -DCONFIG_BUF_LEN=65536 -DMAX_DOMAINS_F=21 -DMAX_HISTORY=25 -DNMM_NEST=0 -DWRF_CHEM -DBUILD_CHEM=1 -I. -traditional-cpp -DUSE_NETCDF4_FEATURES -DWRFIO_NCD_LARGE_FILE_SUPPORT   module_gocart_seasalt.G  > module_gocart_seasalt.bb
/glade/derecho/scratch/yates/NEOM_WRF/wrfv4.6.0/tools/standard.exe module_gocart_seasalt.bb | /lib/cpp -P -nostdinc -traditional-cpp -DUSE_NETCDF4_FEATURES -DWRFIO_NCD_LARGE_FILE_SUPPORT > module_gocart_seasalt.f90
rm -f module_gocart_seasalt.G module_gocart_seasalt.bb
time mpif90 -f90=ifort -o module_gocart_seasalt.o -c -O3 -ip -fp-model precise -w -ftz -align all -fno-alias -FR -convert big_endian    -I../dyn_em  -I/glade/derecho/scratch/yates/NEOM_WRF/wrfv4.6.0/external/esmf_time_f90  -I/glade/derecho/scratch/yates/NEOM_WRF/wrfv4.6.0/main -I/glade/derecho/scratch/yates/NEOM_WRF/wrfv4.6.0/external/io_netcdf -I/glade/derecho/scratch/yates/NEOM_WRF/wrfv4.6.0/external/io_int -I/glade/derecho/scratch/yates/NEOM_WRF/wrfv4.6.0/frame -I/glade/derecho/scratch/yates/NEOM_WRF/wrfv4.6.0/share -I/glade/derecho/scratch/yates/NEOM_WRF/wrfv4.6.0/phys -I/glade/derecho/scratch/yates/NEOM_WRF/wrfv4.6.0/wrftladj -I/glade/derecho/scratch/yates/NEOM_WRF/wrfv4.6.0/chem -I/glade/derecho/scratch/yates/NEOM_WRF/wrfv4.6.0/inc -I/glade/u/apps/derecho/23.09/spack/opt/spack/netcdf/4.9.2/oneapi/2023.2.1/yzvj/include  -real-size `expr 8 \* 4` -i4  module_gocart_seasalt.f90

real	0m20.706s
user	0m20.039s
sys	0m0.526s
rm -f module_qf03.o
sed -e "s/^\!.*'.*//" -e "s/^ *\!.*'.*//" module_qf03.F > module_qf03.G
/lib/cpp -P -nostdinc -I/glade/derecho/scratch/yates/NEOM_WRF/wrfv4.6.0/inc -DEM_CORE=1 -DNMM_CORE=0 -DNMM_MAX_DIM=2600 -DDA_CORE=0 -DWRFPLUS=0 -DIWORDSIZE=4 -DDWORDSIZE=8 -DRWORDSIZE=4 -DLWORDSIZE=4 -DNONSTANDARD_SYSTEM_FUNC  -DWRF_USE_CLM -DUSE_NETCDF4_FEATURES -DWRFIO_NCD_LARGE_FILE_SUPPORT  -DDM_PARALLEL -DNETCDF -DLANDREAD_STUB=1 -DUSE_ALLOCATABLES -Dwrfmodel -DGRIB1 -DINTIO -DKEEP_INT_AROUND -DLIMIT_ARGS -DBUILD_RRTMG_FAST=0 -DBUILD_RRTMK=0 -DBUILD_SBM_FAST=1 -DSHOW_ALL_VARS_USED=0 -DCONFIG_BUF_LEN=65536 -DMAX_DOMAINS_F=21 -DMAX_HISTORY=25 -DNMM_NEST=0 -DWRF_CHEM -DBUILD_CHEM=1 -I. -traditional-cpp -DUSE_NETCDF4_FEATURES -DWRFIO_NCD_LARGE_FILE_SUPPORT   module_qf03.G  > module_qf03.bb
/glade/derecho/scratch/yates/NEOM_WRF/wrfv4.6.0/tools/standard.exe module_qf03.bb | /lib/cpp -P -nostdinc -traditional-cpp -DUSE_NETCDF4_FEATURES -DWRFIO_NCD_LARGE_FILE_SUPPORT > module_qf03.f90
rm -f module_qf03.G module_qf03.bb

real	0m1.301s
user	0m0.243s
sys	0m0.221s
rm -f module_soilpsd.o
time mpif90 -f90=ifort -o module_qf03.o -c -O3 -ip -fp-model precise -w -ftz -align all -fno-alias -FR -convert big_endian    -I../dyn_em  -I/glade/derecho/scratch/yates/NEOM_WRF/wrfv4.6.0/external/esmf_time_f90  -I/glade/derecho/scratch/yates/NEOM_WRF/wrfv4.6.0/main -I/glade/derecho/scratch/yates/NEOM_WRF/wrfv4.6.0/external/io_netcdf -I/glade/derecho/scratch/yates/NEOM_WRF/wrfv4.6.0/external/io_int -I/glade/derecho/scratch/yates/NEOM_WRF/wrfv4.6.0/frame -I/glade/derecho/scratch/yates/NEOM_WRF/wrfv4.6.0/share -I/glade/derecho/scratch/yates/NEOM_WRF/wrfv4.6.0/phys -I/glade/derecho/scratch/yates/NEOM_WRF/wrfv4.6.0/wrftladj -I/glade/derecho/scratch/yates/NEOM_WRF/wrfv4.6.0/chem -I/glade/derecho/scratch/yates/NEOM_WRF/wrfv4.6.0/inc -I/glade/u/apps/derecho/23.09/spack/opt/spack/netcdf/4.9.2/oneapi/2023.2.1/yzvj/include  -real-size `expr 8 \* 4` -i4  module_qf03.f90
sed -e "s/^\!.*'.*//" -e "s/^ *\!.*'.*//" module_soilpsd.F > module_soilpsd.G
/lib/cpp -P -nostdinc -I/glade/derecho/scratch/yates/NEOM_WRF/wrfv4.6.0/inc -DEM_CORE=1 -DNMM_CORE=0 -DNMM_MAX_DIM=2600 -DDA_CORE=0 -DWRFPLUS=0 -DIWORDSIZE=4 -DDWORDSIZE=8 -DRWORDSIZE=4 -DLWORDSIZE=4 -DNONSTANDARD_SYSTEM_FUNC  -DWRF_USE_CLM -DUSE_NETCDF4_FEATURES -DWRFIO_NCD_LARGE_FILE_SUPPORT  -DDM_PARALLEL -DNETCDF -DLANDREAD_STUB=1 -DUSE_ALLOCATABLES -Dwrfmodel -DGRIB1 -DINTIO -DKEEP_INT_AROUND -DLIMIT_ARGS -DBUILD_RRTMG_FAST=0 -DBUILD_RRTMK=0 -DBUILD_SBM_FAST=1 -DSHOW_ALL_VARS_USED=0 -DCONFIG_BUF_LEN=65536 -DMAX_DOMAINS_F=21 -DMAX_HISTORY=25 -DNMM_NEST=0 -DWRF_CHEM -DBUILD_CHEM=1 -I. -traditional-cpp -DUSE_NETCDF4_FEATURES -DWRFIO_NCD_LARGE_FILE_SUPPORT   module_soilpsd.G  > module_soilpsd.bb
/glade/derecho/scratch/yates/NEOM_WRF/wrfv4.6.0/tools/standard.exe module_soilpsd.bb | /lib/cpp -P -nostdinc -traditional-cpp -DUSE_NETCDF4_FEATURES -DWRFIO_NCD_LARGE_FILE_SUPPORT > module_soilpsd.f90
rm -f module_soilpsd.G module_soilpsd.bb
time mpif90 -f90=ifort -o module_soilpsd.o -c -O3 -ip -fp-model precise -w -ftz -align all -fno-alias -FR -convert big_endian    -I../dyn_em  -I/glade/derecho/scratch/yates/NEOM_WRF/wrfv4.6.0/external/esmf_time_f90  -I/glade/derecho/scratch/yates/NEOM_WRF/wrfv4.6.0/main -I/glade/derecho/scratch/yates/NEOM_WRF/wrfv4.6.0/external/io_netcdf -I/glade/derecho/scratch/yates/NEOM_WRF/wrfv4.6.0/external/io_int -I/glade/derecho/scratch/yates/NEOM_WRF/wrfv4.6.0/frame -I/glade/derecho/scratch/yates/NEOM_WRF/wrfv4.6.0/share -I/glade/derecho/scratch/yates/NEOM_WRF/wrfv4.6.0/phys -I/glade/derecho/scratch/yates/NEOM_WRF/wrfv4.6.0/wrftladj -I/glade/derecho/scratch/yates/NEOM_WRF/wrfv4.6.0/chem -I/glade/derecho/scratch/yates/NEOM_WRF/wrfv4.6.0/inc -I/glade/u/apps/derecho/23.09/spack/opt/spack/netcdf/4.9.2/oneapi/2023.2.1/yzvj/include  -real-size `expr 8 \* 4` -i4  module_soilpsd.f90

real	0m0.354s
user	0m0.053s
sys	0m0.221s
rm -f module_dust_load.o
sed -e "s/^\!.*'.*//" -e "s/^ *\!.*'.*//" module_dust_load.F > module_dust_load.G
/lib/cpp -P -nostdinc -I/glade/derecho/scratch/yates/NEOM_WRF/wrfv4.6.0/inc -DEM_CORE=1 -DNMM_CORE=0 -DNMM_MAX_DIM=2600 -DDA_CORE=0 -DWRFPLUS=0 -DIWORDSIZE=4 -DDWORDSIZE=8 -DRWORDSIZE=4 -DLWORDSIZE=4 -DNONSTANDARD_SYSTEM_FUNC  -DWRF_USE_CLM -DUSE_NETCDF4_FEATURES -DWRFIO_NCD_LARGE_FILE_SUPPORT  -DDM_PARALLEL -DNETCDF -DLANDREAD_STUB=1 -DUSE_ALLOCATABLES -Dwrfmodel -DGRIB1 -DINTIO -DKEEP_INT_AROUND -DLIMIT_ARGS -DBUILD_RRTMG_FAST=0 -DBUILD_RRTMK=0 -DBUILD_SBM_FAST=1 -DSHOW_ALL_VARS_USED=0 -DCONFIG_BUF_LEN=65536 -DMAX_DOMAINS_F=21 -DMAX_HISTORY=25 -DNMM_NEST=0 -DWRF_CHEM -DBUILD_CHEM=1 -I. -traditional-cpp -DUSE_NETCDF4_FEATURES -DWRFIO_NCD_LARGE_FILE_SUPPORT   module_dust_load.G  > module_dust_load.bb
/glade/derecho/scratch/yates/NEOM_WRF/wrfv4.6.0/tools/standard.exe module_dust_load.bb | /lib/cpp -P -nostdinc -traditional-cpp -DUSE_NETCDF4_FEATURES -DWRFIO_NCD_LARGE_FILE_SUPPORT > module_dust_load.f90
rm -f module_dust_load.G module_dust_load.bb
time mpif90 -f90=ifort -o module_dust_load.o -c -O3 -ip -fp-model precise -w -ftz -align all -fno-alias -FR -convert big_endian    -I../dyn_em  -I/glade/derecho/scratch/yates/NEOM_WRF/wrfv4.6.0/external/esmf_time_f90  -I/glade/derecho/scratch/yates/NEOM_WRF/wrfv4.6.0/main -I/glade/derecho/scratch/yates/NEOM_WRF/wrfv4.6.0/external/io_netcdf -I/glade/derecho/scratch/yates/NEOM_WRF/wrfv4.6.0/external/io_int -I/glade/derecho/scratch/yates/NEOM_WRF/wrfv4.6.0/frame -I/glade/derecho/scratch/yates/NEOM_WRF/wrfv4.6.0/share -I/glade/derecho/scratch/yates/NEOM_WRF/wrfv4.6.0/phys -I/glade/derecho/scratch/yates/NEOM_WRF/wrfv4.6.0/wrftladj -I/glade/derecho/scratch/yates/NEOM_WRF/wrfv4.6.0/chem -I/glade/derecho/scratch/yates/NEOM_WRF/wrfv4.6.0/inc -I/glade/u/apps/derecho/23.09/spack/opt/spack/netcdf/4.9.2/oneapi/2023.2.1/yzvj/include  -real-size `expr 8 \* 4` -i4  module_dust_load.f90

real	0m0.913s
user	0m0.320s
sys	0m0.266s
rm -f module_data_uoc_wd.o
sed -e "s/^\!.*'.*//" -e "s/^ *\!.*'.*//" module_data_uoc_wd.F > module_data_uoc_wd.G
/lib/cpp -P -nostdinc -I/glade/derecho/scratch/yates/NEOM_WRF/wrfv4.6.0/inc -DEM_CORE=1 -DNMM_CORE=0 -DNMM_MAX_DIM=2600 -DDA_CORE=0 -DWRFPLUS=0 -DIWORDSIZE=4 -DDWORDSIZE=8 -DRWORDSIZE=4 -DLWORDSIZE=4 -DNONSTANDARD_SYSTEM_FUNC  -DWRF_USE_CLM -DUSE_NETCDF4_FEATURES -DWRFIO_NCD_LARGE_FILE_SUPPORT  -DDM_PARALLEL -DNETCDF -DLANDREAD_STUB=1 -DUSE_ALLOCATABLES -Dwrfmodel -DGRIB1 -DINTIO -DKEEP_INT_AROUND -DLIMIT_ARGS -DBUILD_RRTMG_FAST=0 -DBUILD_RRTMK=0 -DBUILD_SBM_FAST=1 -DSHOW_ALL_VARS_USED=0 -DCONFIG_BUF_LEN=65536 -DMAX_DOMAINS_F=21 -DMAX_HISTORY=25 -DNMM_NEST=0 -DWRF_CHEM -DBUILD_CHEM=1 -I. -traditional-cpp -DUSE_NETCDF4_FEATURES -DWRFIO_NCD_LARGE_FILE_SUPPORT   module_data_uoc_wd.G  > module_data_uoc_wd.bb
/glade/derecho/scratch/yates/NEOM_WRF/wrfv4.6.0/tools/standard.exe module_data_uoc_wd.bb | /lib/cpp -P -nostdinc -traditional-cpp -DUSE_NETCDF4_FEATURES -DWRFIO_NCD_LARGE_FILE_SUPPORT > module_data_uoc_wd.f90
rm -f module_data_uoc_wd.G module_data_uoc_wd.bb
time mpif90 -f90=ifort -o module_data_uoc_wd.o -c -O3 -ip -fp-model precise -w -ftz -align all -fno-alias -FR -convert big_endian    -I../dyn_em  -I/glade/derecho/scratch/yates/NEOM_WRF/wrfv4.6.0/external/esmf_time_f90  -I/glade/derecho/scratch/yates/NEOM_WRF/wrfv4.6.0/main -I/glade/derecho/scratch/yates/NEOM_WRF/wrfv4.6.0/external/io_netcdf -I/glade/derecho/scratch/yates/NEOM_WRF/wrfv4.6.0/external/io_int -I/glade/derecho/scratch/yates/NEOM_WRF/wrfv4.6.0/frame -I/glade/derecho/scratch/yates/NEOM_WRF/wrfv4.6.0/share -I/glade/derecho/scratch/yates/NEOM_WRF/wrfv4.6.0/phys -I/glade/derecho/scratch/yates/NEOM_WRF/wrfv4.6.0/wrftladj -I/glade/derecho/scratch/yates/NEOM_WRF/wrfv4.6.0/chem -I/glade/derecho/scratch/yates/NEOM_WRF/wrfv4.6.0/inc -I/glade/u/apps/derecho/23.09/spack/opt/spack/netcdf/4.9.2/oneapi/2023.2.1/yzvj/include  -real-size `expr 8 \* 4` -i4  module_data_uoc_wd.f90

real	0m0.436s
user	0m0.066s
sys	0m0.221s
rm -f module_mosaic_initmixrats.o
sed -e "s/^\!.*'.*//" -e "s/^ *\!.*'.*//" module_mosaic_initmixrats.F > module_mosaic_initmixrats.G
/lib/cpp -P -nostdinc -I/glade/derecho/scratch/yates/NEOM_WRF/wrfv4.6.0/inc -DEM_CORE=1 -DNMM_CORE=0 -DNMM_MAX_DIM=2600 -DDA_CORE=0 -DWRFPLUS=0 -DIWORDSIZE=4 -DDWORDSIZE=8 -DRWORDSIZE=4 -DLWORDSIZE=4 -DNONSTANDARD_SYSTEM_FUNC  -DWRF_USE_CLM -DUSE_NETCDF4_FEATURES -DWRFIO_NCD_LARGE_FILE_SUPPORT  -DDM_PARALLEL -DNETCDF -DLANDREAD_STUB=1 -DUSE_ALLOCATABLES -Dwrfmodel -DGRIB1 -DINTIO -DKEEP_INT_AROUND -DLIMIT_ARGS -DBUILD_RRTMG_FAST=0 -DBUILD_RRTMK=0 -DBUILD_SBM_FAST=1 -DSHOW_ALL_VARS_USED=0 -DCONFIG_BUF_LEN=65536 -DMAX_DOMAINS_F=21 -DMAX_HISTORY=25 -DNMM_NEST=0 -DWRF_CHEM -DBUILD_CHEM=1 -I. -traditional-cpp -DUSE_NETCDF4_FEATURES -DWRFIO_NCD_LARGE_FILE_SUPPORT   module_mosaic_initmixrats.G  > module_mosaic_initmixrats.bb
/glade/derecho/scratch/yates/NEOM_WRF/wrfv4.6.0/tools/standard.exe module_mosaic_initmixrats.bb | /lib/cpp -P -nostdinc -traditional-cpp -DUSE_NETCDF4_FEATURES -DWRFIO_NCD_LARGE_FILE_SUPPORT > module_mosaic_initmixrats.f90
rm -f module_mosaic_initmixrats.G module_mosaic_initmixrats.bb
time mpif90 -f90=ifort -o module_mosaic_initmixrats.o -c -O3 -ip -fp-model precise -w -ftz -align all -fno-alias -FR -convert big_endian    -I../dyn_em  -I/glade/derecho/scratch/yates/NEOM_WRF/wrfv4.6.0/external/esmf_time_f90  -I/glade/derecho/scratch/yates/NEOM_WRF/wrfv4.6.0/main -I/glade/derecho/scratch/yates/NEOM_WRF/wrfv4.6.0/external/io_netcdf -I/glade/derecho/scratch/yates/NEOM_WRF/wrfv4.6.0/external/io_int -I/glade/derecho/scratch/yates/NEOM_WRF/wrfv4.6.0/frame -I/glade/derecho/scratch/yates/NEOM_WRF/wrfv4.6.0/share -I/glade/derecho/scratch/yates/NEOM_WRF/wrfv4.6.0/phys -I/glade/derecho/scratch/yates/NEOM_WRF/wrfv4.6.0/wrftladj -I/glade/derecho/scratch/yates/NEOM_WRF/wrfv4.6.0/chem -I/glade/derecho/scratch/yates/NEOM_WRF/wrfv4.6.0/inc -I/glade/u/apps/derecho/23.09/spack/opt/spack/netcdf/4.9.2/oneapi/2023.2.1/yzvj/include  -real-size `expr 8 \* 4` -i4  module_mosaic_initmixrats.f90

real	0m0.893s
user	0m0.207s
sys	0m0.298s
rm -f module_mosaic_movesect.o
sed -e "s/^\!.*'.*//" -e "s/^ *\!.*'.*//" module_mosaic_movesect.F > module_mosaic_movesect.G
/lib/cpp -P -nostdinc -I/glade/derecho/scratch/yates/NEOM_WRF/wrfv4.6.0/inc -DEM_CORE=1 -DNMM_CORE=0 -DNMM_MAX_DIM=2600 -DDA_CORE=0 -DWRFPLUS=0 -DIWORDSIZE=4 -DDWORDSIZE=8 -DRWORDSIZE=4 -DLWORDSIZE=4 -DNONSTANDARD_SYSTEM_FUNC  -DWRF_USE_CLM -DUSE_NETCDF4_FEATURES -DWRFIO_NCD_LARGE_FILE_SUPPORT  -DDM_PARALLEL -DNETCDF -DLANDREAD_STUB=1 -DUSE_ALLOCATABLES -Dwrfmodel -DGRIB1 -DINTIO -DKEEP_INT_AROUND -DLIMIT_ARGS -DBUILD_RRTMG_FAST=0 -DBUILD_RRTMK=0 -DBUILD_SBM_FAST=1 -DSHOW_ALL_VARS_USED=0 -DCONFIG_BUF_LEN=65536 -DMAX_DOMAINS_F=21 -DMAX_HISTORY=25 -DNMM_NEST=0 -DWRF_CHEM -DBUILD_CHEM=1 -I. -traditional-cpp -DUSE_NETCDF4_FEATURES -DWRFIO_NCD_LARGE_FILE_SUPPORT   module_mosaic_movesect.G  > module_mosaic_movesect.bb
/glade/derecho/scratch/yates/NEOM_WRF/wrfv4.6.0/tools/standard.exe module_mosaic_movesect.bb | /lib/cpp -P -nostdinc -traditional-cpp -DUSE_NETCDF4_FEATURES -DWRFIO_NCD_LARGE_FILE_SUPPORT > module_mosaic_movesect.f90
rm -f module_mosaic_movesect.G module_mosaic_movesect.bb
time mpif90 -f90=ifort -o module_mosaic_movesect.o -c -O3 -ip -fp-model precise -w -ftz -align all -fno-alias -FR -convert big_endian    -I../dyn_em  -I/glade/derecho/scratch/yates/NEOM_WRF/wrfv4.6.0/external/esmf_time_f90  -I/glade/derecho/scratch/yates/NEOM_WRF/wrfv4.6.0/main -I/glade/derecho/scratch/yates/NEOM_WRF/wrfv4.6.0/external/io_netcdf -I/glade/derecho/scratch/yates/NEOM_WRF/wrfv4.6.0/external/io_int -I/glade/derecho/scratch/yates/NEOM_WRF/wrfv4.6.0/frame -I/glade/derecho/scratch/yates/NEOM_WRF/wrfv4.6.0/share -I/glade/derecho/scratch/yates/NEOM_WRF/wrfv4.6.0/phys -I/glade/derecho/scratch/yates/NEOM_WRF/wrfv4.6.0/wrftladj -I/glade/derecho/scratch/yates/NEOM_WRF/wrfv4.6.0/chem -I/glade/derecho/scratch/yates/NEOM_WRF/wrfv4.6.0/inc -I/glade/u/apps/derecho/23.09/spack/opt/spack/netcdf/4.9.2/oneapi/2023.2.1/yzvj/include  -real-size `expr 8 \* 4` -i4  module_mosaic_movesect.f90

real	0m1.178s
user	0m0.810s
sys	0m0.326s
rm -f module_cbmz_lsodes_solver.o
sed -e "s/^\!.*'.*//" -e "s/^ *\!.*'.*//" module_cbmz_lsodes_solver.F > module_cbmz_lsodes_solver.G
/lib/cpp -P -nostdinc -I/glade/derecho/scratch/yates/NEOM_WRF/wrfv4.6.0/inc -DEM_CORE=1 -DNMM_CORE=0 -DNMM_MAX_DIM=2600 -DDA_CORE=0 -DWRFPLUS=0 -DIWORDSIZE=4 -DDWORDSIZE=8 -DRWORDSIZE=4 -DLWORDSIZE=4 -DNONSTANDARD_SYSTEM_FUNC  -DWRF_USE_CLM -DUSE_NETCDF4_FEATURES -DWRFIO_NCD_LARGE_FILE_SUPPORT  -DDM_PARALLEL -DNETCDF -DLANDREAD_STUB=1 -DUSE_ALLOCATABLES -Dwrfmodel -DGRIB1 -DINTIO -DKEEP_INT_AROUND -DLIMIT_ARGS -DBUILD_RRTMG_FAST=0 -DBUILD_RRTMK=0 -DBUILD_SBM_FAST=1 -DSHOW_ALL_VARS_USED=0 -DCONFIG_BUF_LEN=65536 -DMAX_DOMAINS_F=21 -DMAX_HISTORY=25 -DNMM_NEST=0 -DWRF_CHEM -DBUILD_CHEM=1 -I. -traditional-cpp -DUSE_NETCDF4_FEATURES -DWRFIO_NCD_LARGE_FILE_SUPPORT   module_cbmz_lsodes_solver.G  > module_cbmz_lsodes_solver.bb
/glade/derecho/scratch/yates/NEOM_WRF/wrfv4.6.0/tools/standard.exe module_cbmz_lsodes_solver.bb | /lib/cpp -P -nostdinc -traditional-cpp -DUSE_NETCDF4_FEATURES -DWRFIO_NCD_LARGE_FILE_SUPPORT > module_cbmz_lsodes_solver.f90
rm -f module_cbmz_lsodes_solver.G module_cbmz_lsodes_solver.bb
time mpif90 -f90=ifort -o module_cbmz_lsodes_solver.o -c -O3 -ip -fp-model precise -w -ftz -align all -fno-alias -FR -convert big_endian    -I../dyn_em  -I/glade/derecho/scratch/yates/NEOM_WRF/wrfv4.6.0/external/esmf_time_f90  -I/glade/derecho/scratch/yates/NEOM_WRF/wrfv4.6.0/main -I/glade/derecho/scratch/yates/NEOM_WRF/wrfv4.6.0/external/io_netcdf -I/glade/derecho/scratch/yates/NEOM_WRF/wrfv4.6.0/external/io_int -I/glade/derecho/scratch/yates/NEOM_WRF/wrfv4.6.0/frame -I/glade/derecho/scratch/yates/NEOM_WRF/wrfv4.6.0/share -I/glade/derecho/scratch/yates/NEOM_WRF/wrfv4.6.0/phys -I/glade/derecho/scratch/yates/NEOM_WRF/wrfv4.6.0/wrftladj -I/glade/derecho/scratch/yates/NEOM_WRF/wrfv4.6.0/chem -I/glade/derecho/scratch/yates/NEOM_WRF/wrfv4.6.0/inc -I/glade/u/apps/derecho/23.09/spack/opt/spack/netcdf/4.9.2/oneapi/2023.2.1/yzvj/include  -real-size `expr 8 \* 4` -i4  module_cbmz_lsodes_solver.f90

real	0m1.523s
user	0m1.136s
sys	0m0.355s
rm -f module_cbmz_rodas3_solver.o
sed -e "s/^\!.*'.*//" -e "s/^ *\!.*'.*//" module_cbmz_rodas3_solver.F > module_cbmz_rodas3_solver.G
/lib/cpp -P -nostdinc -I/glade/derecho/scratch/yates/NEOM_WRF/wrfv4.6.0/inc -DEM_CORE=1 -DNMM_CORE=0 -DNMM_MAX_DIM=2600 -DDA_CORE=0 -DWRFPLUS=0 -DIWORDSIZE=4 -DDWORDSIZE=8 -DRWORDSIZE=4 -DLWORDSIZE=4 -DNONSTANDARD_SYSTEM_FUNC  -DWRF_USE_CLM -DUSE_NETCDF4_FEATURES -DWRFIO_NCD_LARGE_FILE_SUPPORT  -DDM_PARALLEL -DNETCDF -DLANDREAD_STUB=1 -DUSE_ALLOCATABLES -Dwrfmodel -DGRIB1 -DINTIO -DKEEP_INT_AROUND -DLIMIT_ARGS -DBUILD_RRTMG_FAST=0 -DBUILD_RRTMK=0 -DBUILD_SBM_FAST=1 -DSHOW_ALL_VARS_USED=0 -DCONFIG_BUF_LEN=65536 -DMAX_DOMAINS_F=21 -DMAX_HISTORY=25 -DNMM_NEST=0 -DWRF_CHEM -DBUILD_CHEM=1 -I. -traditional-cpp -DUSE_NETCDF4_FEATURES -DWRFIO_NCD_LARGE_FILE_SUPPORT   module_cbmz_rodas3_solver.G  > module_cbmz_rodas3_solver.bb
/glade/derecho/scratch/yates/NEOM_WRF/wrfv4.6.0/tools/standard.exe module_cbmz_rodas3_solver.bb | /lib/cpp -P -nostdinc -traditional-cpp -DUSE_NETCDF4_FEATURES -DWRFIO_NCD_LARGE_FILE_SUPPORT > module_cbmz_rodas3_solver.f90
rm -f module_cbmz_rodas3_solver.G module_cbmz_rodas3_solver.bb
time mpif90 -f90=ifort -o module_cbmz_rodas3_solver.o -c -O3 -ip -fp-model precise -w -ftz -align all -fno-alias -FR -convert big_endian    -I../dyn_em  -I/glade/derecho/scratch/yates/NEOM_WRF/wrfv4.6.0/external/esmf_time_f90  -I/glade/derecho/scratch/yates/NEOM_WRF/wrfv4.6.0/main -I/glade/derecho/scratch/yates/NEOM_WRF/wrfv4.6.0/external/io_netcdf -I/glade/derecho/scratch/yates/NEOM_WRF/wrfv4.6.0/external/io_int -I/glade/derecho/scratch/yates/NEOM_WRF/wrfv4.6.0/frame -I/glade/derecho/scratch/yates/NEOM_WRF/wrfv4.6.0/share -I/glade/derecho/scratch/yates/NEOM_WRF/wrfv4.6.0/phys -I/glade/derecho/scratch/yates/NEOM_WRF/wrfv4.6.0/wrftladj -I/glade/derecho/scratch/yates/NEOM_WRF/wrfv4.6.0/chem -I/glade/derecho/scratch/yates/NEOM_WRF/wrfv4.6.0/inc -I/glade/u/apps/derecho/23.09/spack/opt/spack/netcdf/4.9.2/oneapi/2023.2.1/yzvj/include  -real-size `expr 8 \* 4` -i4  module_cbmz_rodas3_solver.f90

real	0m1.063s
user	0m0.188s
sys	0m0.311s
rm -f module_cmu_bulkaqchem.o
sed -e "s/^\!.*'.*//" -e "s/^ *\!.*'.*//" module_cmu_bulkaqchem.F > module_cmu_bulkaqchem.G
/lib/cpp -P -nostdinc -I/glade/derecho/scratch/yates/NEOM_WRF/wrfv4.6.0/inc -DEM_CORE=1 -DNMM_CORE=0 -DNMM_MAX_DIM=2600 -DDA_CORE=0 -DWRFPLUS=0 -DIWORDSIZE=4 -DDWORDSIZE=8 -DRWORDSIZE=4 -DLWORDSIZE=4 -DNONSTANDARD_SYSTEM_FUNC  -DWRF_USE_CLM -DUSE_NETCDF4_FEATURES -DWRFIO_NCD_LARGE_FILE_SUPPORT  -DDM_PARALLEL -DNETCDF -DLANDREAD_STUB=1 -DUSE_ALLOCATABLES -Dwrfmodel -DGRIB1 -DINTIO -DKEEP_INT_AROUND -DLIMIT_ARGS -DBUILD_RRTMG_FAST=0 -DBUILD_RRTMK=0 -DBUILD_SBM_FAST=1 -DSHOW_ALL_VARS_USED=0 -DCONFIG_BUF_LEN=65536 -DMAX_DOMAINS_F=21 -DMAX_HISTORY=25 -DNMM_NEST=0 -DWRF_CHEM -DBUILD_CHEM=1 -I. -traditional-cpp -DUSE_NETCDF4_FEATURES -DWRFIO_NCD_LARGE_FILE_SUPPORT   module_cmu_bulkaqchem.G  > module_cmu_bulkaqchem.bb
/glade/derecho/scratch/yates/NEOM_WRF/wrfv4.6.0/tools/standard.exe module_cmu_bulkaqchem.bb | /lib/cpp -P -nostdinc -traditional-cpp -DUSE_NETCDF4_FEATURES -DWRFIO_NCD_LARGE_FILE_SUPPORT > module_cmu_bulkaqchem.f90
rm -f module_cmu_bulkaqchem.G module_cmu_bulkaqchem.bb
time mpif90 -f90=ifort -o module_cmu_bulkaqchem.o -c -O3 -ip -fp-model precise -w -ftz -align all -fno-alias -FR -convert big_endian    -I../dyn_em  -I/glade/derecho/scratch/yates/NEOM_WRF/wrfv4.6.0/external/esmf_time_f90  -I/glade/derecho/scratch/yates/NEOM_WRF/wrfv4.6.0/main -I/glade/derecho/scratch/yates/NEOM_WRF/wrfv4.6.0/external/io_netcdf -I/glade/derecho/scratch/yates/NEOM_WRF/wrfv4.6.0/external/io_int -I/glade/derecho/scratch/yates/NEOM_WRF/wrfv4.6.0/frame -I/glade/derecho/scratch/yates/NEOM_WRF/wrfv4.6.0/share -I/glade/derecho/scratch/yates/NEOM_WRF/wrfv4.6.0/phys -I/glade/derecho/scratch/yates/NEOM_WRF/wrfv4.6.0/wrftladj -I/glade/derecho/scratch/yates/NEOM_WRF/wrfv4.6.0/chem -I/glade/derecho/scratch/yates/NEOM_WRF/wrfv4.6.0/inc -I/glade/u/apps/derecho/23.09/spack/opt/spack/netcdf/4.9.2/oneapi/2023.2.1/yzvj/include  -real-size `expr 8 \* 4` -i4  module_cmu_bulkaqchem.f90

real	0m3.152s
user	0m2.764s
sys	0m0.349s
rm -f module_data_mgn2mech.o
sed -e "s/^\!.*'.*//" -e "s/^ *\!.*'.*//" module_data_mgn2mech.F > module_data_mgn2mech.G
/lib/cpp -P -nostdinc -I/glade/derecho/scratch/yates/NEOM_WRF/wrfv4.6.0/inc -DEM_CORE=1 -DNMM_CORE=0 -DNMM_MAX_DIM=2600 -DDA_CORE=0 -DWRFPLUS=0 -DIWORDSIZE=4 -DDWORDSIZE=8 -DRWORDSIZE=4 -DLWORDSIZE=4 -DNONSTANDARD_SYSTEM_FUNC  -DWRF_USE_CLM -DUSE_NETCDF4_FEATURES -DWRFIO_NCD_LARGE_FILE_SUPPORT  -DDM_PARALLEL -DNETCDF -DLANDREAD_STUB=1 -DUSE_ALLOCATABLES -Dwrfmodel -DGRIB1 -DINTIO -DKEEP_INT_AROUND -DLIMIT_ARGS -DBUILD_RRTMG_FAST=0 -DBUILD_RRTMK=0 -DBUILD_SBM_FAST=1 -DSHOW_ALL_VARS_USED=0 -DCONFIG_BUF_LEN=65536 -DMAX_DOMAINS_F=21 -DMAX_HISTORY=25 -DNMM_NEST=0 -DWRF_CHEM -DBUILD_CHEM=1 -I. -traditional-cpp -DUSE_NETCDF4_FEATURES -DWRFIO_NCD_LARGE_FILE_SUPPORT   module_data_mgn2mech.G  > module_data_mgn2mech.bb
/glade/derecho/scratch/yates/NEOM_WRF/wrfv4.6.0/tools/standard.exe module_data_mgn2mech.bb | /lib/cpp -P -nostdinc -traditional-cpp -DUSE_NETCDF4_FEATURES -DWRFIO_NCD_LARGE_FILE_SUPPORT > module_data_mgn2mech.f90
rm -f module_data_mgn2mech.G module_data_mgn2mech.bb
time mpif90 -f90=ifort -o module_data_mgn2mech.o -c -O3 -ip -fp-model precise -w -ftz -align all -fno-alias -FR -convert big_endian    -I../dyn_em  -I/glade/derecho/scratch/yates/NEOM_WRF/wrfv4.6.0/external/esmf_time_f90  -I/glade/derecho/scratch/yates/NEOM_WRF/wrfv4.6.0/main -I/glade/derecho/scratch/yates/NEOM_WRF/wrfv4.6.0/external/io_netcdf -I/glade/derecho/scratch/yates/NEOM_WRF/wrfv4.6.0/external/io_int -I/glade/derecho/scratch/yates/NEOM_WRF/wrfv4.6.0/frame -I/glade/derecho/scratch/yates/NEOM_WRF/wrfv4.6.0/share -I/glade/derecho/scratch/yates/NEOM_WRF/wrfv4.6.0/phys -I/glade/derecho/scratch/yates/NEOM_WRF/wrfv4.6.0/wrftladj -I/glade/derecho/scratch/yates/NEOM_WRF/wrfv4.6.0/chem -I/glade/derecho/scratch/yates/NEOM_WRF/wrfv4.6.0/inc -I/glade/u/apps/derecho/23.09/spack/opt/spack/netcdf/4.9.2/oneapi/2023.2.1/yzvj/include  -real-size `expr 8 \* 4` -i4  module_data_mgn2mech.f90

real	0m1.929s
user	0m1.011s
sys	0m0.347s
rm -f module_fastj_data.o
sed -e "s/^\!.*'.*//" -e "s/^ *\!.*'.*//" module_fastj_data.F > module_fastj_data.G
/lib/cpp -P -nostdinc -I/glade/derecho/scratch/yates/NEOM_WRF/wrfv4.6.0/inc -DEM_CORE=1 -DNMM_CORE=0 -DNMM_MAX_DIM=2600 -DDA_CORE=0 -DWRFPLUS=0 -DIWORDSIZE=4 -DDWORDSIZE=8 -DRWORDSIZE=4 -DLWORDSIZE=4 -DNONSTANDARD_SYSTEM_FUNC  -DWRF_USE_CLM -DUSE_NETCDF4_FEATURES -DWRFIO_NCD_LARGE_FILE_SUPPORT  -DDM_PARALLEL -DNETCDF -DLANDREAD_STUB=1 -DUSE_ALLOCATABLES -Dwrfmodel -DGRIB1 -DINTIO -DKEEP_INT_AROUND -DLIMIT_ARGS -DBUILD_RRTMG_FAST=0 -DBUILD_RRTMK=0 -DBUILD_SBM_FAST=1 -DSHOW_ALL_VARS_USED=0 -DCONFIG_BUF_LEN=65536 -DMAX_DOMAINS_F=21 -DMAX_HISTORY=25 -DNMM_NEST=0 -DWRF_CHEM -DBUILD_CHEM=1 -I. -traditional-cpp -DUSE_NETCDF4_FEATURES -DWRFIO_NCD_LARGE_FILE_SUPPORT   module_fastj_data.G  > module_fastj_data.bb
/glade/derecho/scratch/yates/NEOM_WRF/wrfv4.6.0/tools/standard.exe module_fastj_data.bb | /lib/cpp -P -nostdinc -traditional-cpp -DUSE_NETCDF4_FEATURES -DWRFIO_NCD_LARGE_FILE_SUPPORT > module_fastj_data.f90
rm -f module_fastj_data.G module_fastj_data.bb
time mpif90 -f90=ifort -o module_fastj_data.o -c -O3 -ip -fp-model precise -w -ftz -align all -fno-alias -FR -convert big_endian    -I../dyn_em  -I/glade/derecho/scratch/yates/NEOM_WRF/wrfv4.6.0/external/esmf_time_f90  -I/glade/derecho/scratch/yates/NEOM_WRF/wrfv4.6.0/main -I/glade/derecho/scratch/yates/NEOM_WRF/wrfv4.6.0/external/io_netcdf -I/glade/derecho/scratch/yates/NEOM_WRF/wrfv4.6.0/external/io_int -I/glade/derecho/scratch/yates/NEOM_WRF/wrfv4.6.0/frame -I/glade/derecho/scratch/yates/NEOM_WRF/wrfv4.6.0/share -I/glade/derecho/scratch/yates/NEOM_WRF/wrfv4.6.0/phys -I/glade/derecho/scratch/yates/NEOM_WRF/wrfv4.6.0/wrftladj -I/glade/derecho/scratch/yates/NEOM_WRF/wrfv4.6.0/chem -I/glade/derecho/scratch/yates/NEOM_WRF/wrfv4.6.0/inc -I/glade/u/apps/derecho/23.09/spack/opt/spack/netcdf/4.9.2/oneapi/2023.2.1/yzvj/include  -real-size `expr 8 \* 4` -i4  module_fastj_data.f90

real	0m0.482s
user	0m0.108s
sys	0m0.353s
rm -f module_cam_mam_rename.o
sed -e "s/^\!.*'.*//" -e "s/^ *\!.*'.*//" module_cam_mam_rename.F > module_cam_mam_rename.G
/lib/cpp -P -nostdinc -I/glade/derecho/scratch/yates/NEOM_WRF/wrfv4.6.0/inc -DEM_CORE=1 -DNMM_CORE=0 -DNMM_MAX_DIM=2600 -DDA_CORE=0 -DWRFPLUS=0 -DIWORDSIZE=4 -DDWORDSIZE=8 -DRWORDSIZE=4 -DLWORDSIZE=4 -DNONSTANDARD_SYSTEM_FUNC  -DWRF_USE_CLM -DUSE_NETCDF4_FEATURES -DWRFIO_NCD_LARGE_FILE_SUPPORT  -DDM_PARALLEL -DNETCDF -DLANDREAD_STUB=1 -DUSE_ALLOCATABLES -Dwrfmodel -DGRIB1 -DINTIO -DKEEP_INT_AROUND -DLIMIT_ARGS -DBUILD_RRTMG_FAST=0 -DBUILD_RRTMK=0 -DBUILD_SBM_FAST=1 -DSHOW_ALL_VARS_USED=0 -DCONFIG_BUF_LEN=65536 -DMAX_DOMAINS_F=21 -DMAX_HISTORY=25 -DNMM_NEST=0 -DWRF_CHEM -DBUILD_CHEM=1 -I. -traditional-cpp -DUSE_NETCDF4_FEATURES -DWRFIO_NCD_LARGE_FILE_SUPPORT   module_cam_mam_rename.G  > module_cam_mam_rename.bb
/glade/derecho/scratch/yates/NEOM_WRF/wrfv4.6.0/tools/standard.exe module_cam_mam_rename.bb | /lib/cpp -P -nostdinc -traditional-cpp -DUSE_NETCDF4_FEATURES -DWRFIO_NCD_LARGE_FILE_SUPPORT > module_cam_mam_rename.f90
rm -f module_cam_mam_rename.G module_cam_mam_rename.bb
time mpif90 -f90=ifort -o module_cam_mam_rename.o -c -O3 -ip -fp-model precise -w -ftz -align all -fno-alias -FR -convert big_endian    -I../dyn_em  -I/glade/derecho/scratch/yates/NEOM_WRF/wrfv4.6.0/external/esmf_time_f90  -I/glade/derecho/scratch/yates/NEOM_WRF/wrfv4.6.0/main -I/glade/derecho/scratch/yates/NEOM_WRF/wrfv4.6.0/external/io_netcdf -I/glade/derecho/scratch/yates/NEOM_WRF/wrfv4.6.0/external/io_int -I/glade/derecho/scratch/yates/NEOM_WRF/wrfv4.6.0/frame -I/glade/derecho/scratch/yates/NEOM_WRF/wrfv4.6.0/share -I/glade/derecho/scratch/yates/NEOM_WRF/wrfv4.6.0/phys -I/glade/derecho/scratch/yates/NEOM_WRF/wrfv4.6.0/wrftladj -I/glade/derecho/scratch/yates/NEOM_WRF/wrfv4.6.0/chem -I/glade/derecho/scratch/yates/NEOM_WRF/wrfv4.6.0/inc -I/glade/u/apps/derecho/23.09/spack/opt/spack/netcdf/4.9.2/oneapi/2023.2.1/yzvj/include  -real-size `expr 8 \* 4` -i4  module_cam_mam_rename.f90

real	0m0.754s

user	0m0.416s
real	0m1.789s
sys	0m0.283s
user	0m1.353s
sys	0m0.304s
rm -f module_cam_mam_wetdep.o
rm -f module_cam_mam_mo_chem_utls.o
sed -e "s/^\!.*'.*//" -e "s/^ *\!.*'.*//" module_cam_mam_wetdep.F > module_cam_mam_wetdep.G
sed -e "s/^\!.*'.*//" -e "s/^ *\!.*'.*//" module_cam_mam_mo_chem_utls.F > module_cam_mam_mo_chem_utls.G
/lib/cpp -P -nostdinc -I/glade/derecho/scratch/yates/NEOM_WRF/wrfv4.6.0/inc -DEM_CORE=1 -DNMM_CORE=0 -DNMM_MAX_DIM=2600 -DDA_CORE=0 -DWRFPLUS=0 -DIWORDSIZE=4 -DDWORDSIZE=8 -DRWORDSIZE=4 -DLWORDSIZE=4 -DNONSTANDARD_SYSTEM_FUNC  -DWRF_USE_CLM -DUSE_NETCDF4_FEATURES -DWRFIO_NCD_LARGE_FILE_SUPPORT  -DDM_PARALLEL -DNETCDF -DLANDREAD_STUB=1 -DUSE_ALLOCATABLES -Dwrfmodel -DGRIB1 -DINTIO -DKEEP_INT_AROUND -DLIMIT_ARGS -DBUILD_RRTMG_FAST=0 -DBUILD_RRTMK=0 -DBUILD_SBM_FAST=1 -DSHOW_ALL_VARS_USED=0 -DCONFIG_BUF_LEN=65536 -DMAX_DOMAINS_F=21 -DMAX_HISTORY=25 -DNMM_NEST=0 -DWRF_CHEM -DBUILD_CHEM=1 -I. -traditional-cpp -DUSE_NETCDF4_FEATURES -DWRFIO_NCD_LARGE_FILE_SUPPORT   module_cam_mam_wetdep.G  > module_cam_mam_wetdep.bb
/lib/cpp -P -nostdinc -I/glade/derecho/scratch/yates/NEOM_WRF/wrfv4.6.0/inc -DEM_CORE=1 -DNMM_CORE=0 -DNMM_MAX_DIM=2600 -DDA_CORE=0 -DWRFPLUS=0 -DIWORDSIZE=4 -DDWORDSIZE=8 -DRWORDSIZE=4 -DLWORDSIZE=4 -DNONSTANDARD_SYSTEM_FUNC  -DWRF_USE_CLM -DUSE_NETCDF4_FEATURES -DWRFIO_NCD_LARGE_FILE_SUPPORT  -DDM_PARALLEL -DNETCDF -DLANDREAD_STUB=1 -DUSE_ALLOCATABLES -Dwrfmodel -DGRIB1 -DINTIO -DKEEP_INT_AROUND -DLIMIT_ARGS -DBUILD_RRTMG_FAST=0 -DBUILD_RRTMK=0 -DBUILD_SBM_FAST=1 -DSHOW_ALL_VARS_USED=0 -DCONFIG_BUF_LEN=65536 -DMAX_DOMAINS_F=21 -DMAX_HISTORY=25 -DNMM_NEST=0 -DWRF_CHEM -DBUILD_CHEM=1 -I. -traditional-cpp -DUSE_NETCDF4_FEATURES -DWRFIO_NCD_LARGE_FILE_SUPPORT   module_cam_mam_mo_chem_utls.G  > module_cam_mam_mo_chem_utls.bb
/glade/derecho/scratch/yates/NEOM_WRF/wrfv4.6.0/tools/standard.exe module_cam_mam_wetdep.bb | /lib/cpp -P -nostdinc -traditional-cpp -DUSE_NETCDF4_FEATURES -DWRFIO_NCD_LARGE_FILE_SUPPORT > module_cam_mam_wetdep.f90
/glade/derecho/scratch/yates/NEOM_WRF/wrfv4.6.0/tools/standard.exe module_cam_mam_mo_chem_utls.bb | /lib/cpp -P -nostdinc -traditional-cpp -DUSE_NETCDF4_FEATURES -DWRFIO_NCD_LARGE_FILE_SUPPORT > module_cam_mam_mo_chem_utls.f90
rm -f module_cam_mam_wetdep.G module_cam_mam_wetdep.bb
rm -f module_cam_mam_mo_chem_utls.G module_cam_mam_mo_chem_utls.bb
time mpif90 -f90=ifort -o module_cam_mam_wetdep.o -c -O3 -ip -fp-model precise -w -ftz -align all -fno-alias -FR -convert big_endian    -I../dyn_em  -I/glade/derecho/scratch/yates/NEOM_WRF/wrfv4.6.0/external/esmf_time_f90  -I/glade/derecho/scratch/yates/NEOM_WRF/wrfv4.6.0/main -I/glade/derecho/scratch/yates/NEOM_WRF/wrfv4.6.0/external/io_netcdf -I/glade/derecho/scratch/yates/NEOM_WRF/wrfv4.6.0/external/io_int -I/glade/derecho/scratch/yates/NEOM_WRF/wrfv4.6.0/frame -I/glade/derecho/scratch/yates/NEOM_WRF/wrfv4.6.0/share -I/glade/derecho/scratch/yates/NEOM_WRF/wrfv4.6.0/phys -I/glade/derecho/scratch/yates/NEOM_WRF/wrfv4.6.0/wrftladj -I/glade/derecho/scratch/yates/NEOM_WRF/wrfv4.6.0/chem -I/glade/derecho/scratch/yates/NEOM_WRF/wrfv4.6.0/inc -I/glade/u/apps/derecho/23.09/spack/opt/spack/netcdf/4.9.2/oneapi/2023.2.1/yzvj/include  -real-size `expr 8 \* 4` -i4  module_cam_mam_wetdep.f90
time mpif90 -f90=ifort -o module_cam_mam_mo_chem_utls.o -c -O3 -ip -fp-model precise -w -ftz -align all -fno-alias -FR -convert big_endian    -I../dyn_em  -I/glade/derecho/scratch/yates/NEOM_WRF/wrfv4.6.0/external/esmf_time_f90  -I/glade/derecho/scratch/yates/NEOM_WRF/wrfv4.6.0/main -I/glade/derecho/scratch/yates/NEOM_WRF/wrfv4.6.0/external/io_netcdf -I/glade/derecho/scratch/yates/NEOM_WRF/wrfv4.6.0/external/io_int -I/glade/derecho/scratch/yates/NEOM_WRF/wrfv4.6.0/frame -I/glade/derecho/scratch/yates/NEOM_WRF/wrfv4.6.0/share -I/glade/derecho/scratch/yates/NEOM_WRF/wrfv4.6.0/phys -I/glade/derecho/scratch/yates/NEOM_WRF/wrfv4.6.0/wrftladj -I/glade/derecho/scratch/yates/NEOM_WRF/wrfv4.6.0/chem -I/glade/derecho/scratch/yates/NEOM_WRF/wrfv4.6.0/inc -I/glade/u/apps/derecho/23.09/spack/opt/spack/netcdf/4.9.2/oneapi/2023.2.1/yzvj/include  -real-size `expr 8 \* 4` -i4  module_cam_mam_mo_chem_utls.f90

real	0m0.376s
user	0m0.089s
sys	0m0.262s
rm -f module_mosaic_coag.o
sed -e "s/^\!.*'.*//" -e "s/^ *\!.*'.*//" module_mosaic_coag.F > module_mosaic_coag.G
/lib/cpp -P -nostdinc -I/glade/derecho/scratch/yates/NEOM_WRF/wrfv4.6.0/inc -DEM_CORE=1 -DNMM_CORE=0 -DNMM_MAX_DIM=2600 -DDA_CORE=0 -DWRFPLUS=0 -DIWORDSIZE=4 -DDWORDSIZE=8 -DRWORDSIZE=4 -DLWORDSIZE=4 -DNONSTANDARD_SYSTEM_FUNC  -DWRF_USE_CLM -DUSE_NETCDF4_FEATURES -DWRFIO_NCD_LARGE_FILE_SUPPORT  -DDM_PARALLEL -DNETCDF -DLANDREAD_STUB=1 -DUSE_ALLOCATABLES -Dwrfmodel -DGRIB1 -DINTIO -DKEEP_INT_AROUND -DLIMIT_ARGS -DBUILD_RRTMG_FAST=0 -DBUILD_RRTMK=0 -DBUILD_SBM_FAST=1 -DSHOW_ALL_VARS_USED=0 -DCONFIG_BUF_LEN=65536 -DMAX_DOMAINS_F=21 -DMAX_HISTORY=25 -DNMM_NEST=0 -DWRF_CHEM -DBUILD_CHEM=1 -I. -traditional-cpp -DUSE_NETCDF4_FEATURES -DWRFIO_NCD_LARGE_FILE_SUPPORT   module_mosaic_coag.G  > module_mosaic_coag.bb
/glade/derecho/scratch/yates/NEOM_WRF/wrfv4.6.0/tools/standard.exe module_mosaic_coag.bb | /lib/cpp -P -nostdinc -traditional-cpp -DUSE_NETCDF4_FEATURES -DWRFIO_NCD_LARGE_FILE_SUPPORT > module_mosaic_coag.f90
rm -f module_mosaic_coag.G module_mosaic_coag.bb
time mpif90 -f90=ifort -o module_mosaic_coag.o -c -O3 -ip -fp-model precise -w -ftz -align all -fno-alias -FR -convert big_endian    -I../dyn_em  -I/glade/derecho/scratch/yates/NEOM_WRF/wrfv4.6.0/external/esmf_time_f90  -I/glade/derecho/scratch/yates/NEOM_WRF/wrfv4.6.0/main -I/glade/derecho/scratch/yates/NEOM_WRF/wrfv4.6.0/external/io_netcdf -I/glade/derecho/scratch/yates/NEOM_WRF/wrfv4.6.0/external/io_int -I/glade/derecho/scratch/yates/NEOM_WRF/wrfv4.6.0/frame -I/glade/derecho/scratch/yates/NEOM_WRF/wrfv4.6.0/share -I/glade/derecho/scratch/yates/NEOM_WRF/wrfv4.6.0/phys -I/glade/derecho/scratch/yates/NEOM_WRF/wrfv4.6.0/wrftladj -I/glade/derecho/scratch/yates/NEOM_WRF/wrfv4.6.0/chem -I/glade/derecho/scratch/yates/NEOM_WRF/wrfv4.6.0/inc -I/glade/u/apps/derecho/23.09/spack/opt/spack/netcdf/4.9.2/oneapi/2023.2.1/yzvj/include  -real-size `expr 8 \* 4` -i4  module_mosaic_coag.f90

real	0m1.066s
user	0m0.717s
sys	0m0.321s
rm -f module_phot_mad.o
sed -e "s/^\!.*'.*//" -e "s/^ *\!.*'.*//" module_phot_mad.F > module_phot_mad.G
/lib/cpp -P -nostdinc -I/glade/derecho/scratch/yates/NEOM_WRF/wrfv4.6.0/inc -DEM_CORE=1 -DNMM_CORE=0 -DNMM_MAX_DIM=2600 -DDA_CORE=0 -DWRFPLUS=0 -DIWORDSIZE=4 -DDWORDSIZE=8 -DRWORDSIZE=4 -DLWORDSIZE=4 -DNONSTANDARD_SYSTEM_FUNC  -DWRF_USE_CLM -DUSE_NETCDF4_FEATURES -DWRFIO_NCD_LARGE_FILE_SUPPORT  -DDM_PARALLEL -DNETCDF -DLANDREAD_STUB=1 -DUSE_ALLOCATABLES -Dwrfmodel -DGRIB1 -DINTIO -DKEEP_INT_AROUND -DLIMIT_ARGS -DBUILD_RRTMG_FAST=0 -DBUILD_RRTMK=0 -DBUILD_SBM_FAST=1 -DSHOW_ALL_VARS_USED=0 -DCONFIG_BUF_LEN=65536 -DMAX_DOMAINS_F=21 -DMAX_HISTORY=25 -DNMM_NEST=0 -DWRF_CHEM -DBUILD_CHEM=1 -I. -traditional-cpp -DUSE_NETCDF4_FEATURES -DWRFIO_NCD_LARGE_FILE_SUPPORT   module_phot_mad.G  > module_phot_mad.bb
/glade/derecho/scratch/yates/NEOM_WRF/wrfv4.6.0/tools/standard.exe module_phot_mad.bb | /lib/cpp -P -nostdinc -traditional-cpp -DUSE_NETCDF4_FEATURES -DWRFIO_NCD_LARGE_FILE_SUPPORT > module_phot_mad.f90
rm -f module_phot_mad.G module_phot_mad.bb
time mpif90 -f90=ifort -o module_phot_mad.o -c -O3 -ip -fp-model precise -w -ftz -align all -fno-alias -FR -convert big_endian    -I../dyn_em  -I/glade/derecho/scratch/yates/NEOM_WRF/wrfv4.6.0/external/esmf_time_f90  -I/glade/derecho/scratch/yates/NEOM_WRF/wrfv4.6.0/main -I/glade/derecho/scratch/yates/NEOM_WRF/wrfv4.6.0/external/io_netcdf -I/glade/derecho/scratch/yates/NEOM_WRF/wrfv4.6.0/external/io_int -I/glade/derecho/scratch/yates/NEOM_WRF/wrfv4.6.0/frame -I/glade/derecho/scratch/yates/NEOM_WRF/wrfv4.6.0/share -I/glade/derecho/scratch/yates/NEOM_WRF/wrfv4.6.0/phys -I/glade/derecho/scratch/yates/NEOM_WRF/wrfv4.6.0/wrftladj -I/glade/derecho/scratch/yates/NEOM_WRF/wrfv4.6.0/chem -I/glade/derecho/scratch/yates/NEOM_WRF/wrfv4.6.0/inc -I/glade/u/apps/derecho/23.09/spack/opt/spack/netcdf/4.9.2/oneapi/2023.2.1/yzvj/include  -real-size `expr 8 \* 4` -i4  module_phot_mad.f90

real	0m1.269s
user	0m0.875s
sys	0m0.360s
rm -f params.mod.o
sed -e "s/^\!.*'.*//" -e "s/^ *\!.*'.*//" params.mod.F > params.mod.G
/lib/cpp -P -nostdinc -I/glade/derecho/scratch/yates/NEOM_WRF/wrfv4.6.0/inc -DEM_CORE=1 -DNMM_CORE=0 -DNMM_MAX_DIM=2600 -DDA_CORE=0 -DWRFPLUS=0 -DIWORDSIZE=4 -DDWORDSIZE=8 -DRWORDSIZE=4 -DLWORDSIZE=4 -DNONSTANDARD_SYSTEM_FUNC  -DWRF_USE_CLM -DUSE_NETCDF4_FEATURES -DWRFIO_NCD_LARGE_FILE_SUPPORT  -DDM_PARALLEL -DNETCDF -DLANDREAD_STUB=1 -DUSE_ALLOCATABLES -Dwrfmodel -DGRIB1 -DINTIO -DKEEP_INT_AROUND -DLIMIT_ARGS -DBUILD_RRTMG_FAST=0 -DBUILD_RRTMK=0 -DBUILD_SBM_FAST=1 -DSHOW_ALL_VARS_USED=0 -DCONFIG_BUF_LEN=65536 -DMAX_DOMAINS_F=21 -DMAX_HISTORY=25 -DNMM_NEST=0 -DWRF_CHEM -DBUILD_CHEM=1 -I. -traditional-cpp -DUSE_NETCDF4_FEATURES -DWRFIO_NCD_LARGE_FILE_SUPPORT   params.mod.G  > params.mod.bb
/glade/derecho/scratch/yates/NEOM_WRF/wrfv4.6.0/tools/standard.exe params.mod.bb | /lib/cpp -P -nostdinc -traditional-cpp -DUSE_NETCDF4_FEATURES -DWRFIO_NCD_LARGE_FILE_SUPPORT > params.mod.f90
rm -f params.mod.G params.mod.bb
time mpif90 -f90=ifort -o params.mod.o -c -O3 -ip -fp-model precise -w -ftz -align all -fno-alias -FR -convert big_endian    -I../dyn_em  -I/glade/derecho/scratch/yates/NEOM_WRF/wrfv4.6.0/external/esmf_time_f90  -I/glade/derecho/scratch/yates/NEOM_WRF/wrfv4.6.0/main -I/glade/derecho/scratch/yates/NEOM_WRF/wrfv4.6.0/external/io_netcdf -I/glade/derecho/scratch/yates/NEOM_WRF/wrfv4.6.0/external/io_int -I/glade/derecho/scratch/yates/NEOM_WRF/wrfv4.6.0/frame -I/glade/derecho/scratch/yates/NEOM_WRF/wrfv4.6.0/share -I/glade/derecho/scratch/yates/NEOM_WRF/wrfv4.6.0/phys -I/glade/derecho/scratch/yates/NEOM_WRF/wrfv4.6.0/wrftladj -I/glade/derecho/scratch/yates/NEOM_WRF/wrfv4.6.0/chem -I/glade/derecho/scratch/yates/NEOM_WRF/wrfv4.6.0/inc -I/glade/u/apps/derecho/23.09/spack/opt/spack/netcdf/4.9.2/oneapi/2023.2.1/yzvj/include  -real-size `expr 8 \* 4` -i4  params.mod.f90

real	0m0.390s
user	0m0.076s
sys	0m0.288s
rm -f numer.o
sed -e "s/^\!.*'.*//" -e "s/^ *\!.*'.*//" numer.F > numer.G
/lib/cpp -P -nostdinc -I/glade/derecho/scratch/yates/NEOM_WRF/wrfv4.6.0/inc -DEM_CORE=1 -DNMM_CORE=0 -DNMM_MAX_DIM=2600 -DDA_CORE=0 -DWRFPLUS=0 -DIWORDSIZE=4 -DDWORDSIZE=8 -DRWORDSIZE=4 -DLWORDSIZE=4 -DNONSTANDARD_SYSTEM_FUNC  -DWRF_USE_CLM -DUSE_NETCDF4_FEATURES -DWRFIO_NCD_LARGE_FILE_SUPPORT  -DDM_PARALLEL -DNETCDF -DLANDREAD_STUB=1 -DUSE_ALLOCATABLES -Dwrfmodel -DGRIB1 -DINTIO -DKEEP_INT_AROUND -DLIMIT_ARGS -DBUILD_RRTMG_FAST=0 -DBUILD_RRTMK=0 -DBUILD_SBM_FAST=1 -DSHOW_ALL_VARS_USED=0 -DCONFIG_BUF_LEN=65536 -DMAX_DOMAINS_F=21 -DMAX_HISTORY=25 -DNMM_NEST=0 -DWRF_CHEM -DBUILD_CHEM=1 -I. -traditional-cpp -DUSE_NETCDF4_FEATURES -DWRFIO_NCD_LARGE_FILE_SUPPORT   numer.G  > numer.bb
/glade/derecho/scratch/yates/NEOM_WRF/wrfv4.6.0/tools/standard.exe numer.bb | /lib/cpp -P -nostdinc -traditional-cpp -DUSE_NETCDF4_FEATURES -DWRFIO_NCD_LARGE_FILE_SUPPORT > numer.f90
rm -f numer.G numer.bb
time mpif90 -f90=ifort -o numer.o -c -O3 -ip -fp-model precise -w -ftz -align all -fno-alias -FR -convert big_endian    -I../dyn_em  -I/glade/derecho/scratch/yates/NEOM_WRF/wrfv4.6.0/external/esmf_time_f90  -I/glade/derecho/scratch/yates/NEOM_WRF/wrfv4.6.0/main -I/glade/derecho/scratch/yates/NEOM_WRF/wrfv4.6.0/external/io_netcdf -I/glade/derecho/scratch/yates/NEOM_WRF/wrfv4.6.0/external/io_int -I/glade/derecho/scratch/yates/NEOM_WRF/wrfv4.6.0/frame -I/glade/derecho/scratch/yates/NEOM_WRF/wrfv4.6.0/share -I/glade/derecho/scratch/yates/NEOM_WRF/wrfv4.6.0/phys -I/glade/derecho/scratch/yates/NEOM_WRF/wrfv4.6.0/wrftladj -I/glade/derecho/scratch/yates/NEOM_WRF/wrfv4.6.0/chem -I/glade/derecho/scratch/yates/NEOM_WRF/wrfv4.6.0/inc -I/glade/u/apps/derecho/23.09/spack/opt/spack/netcdf/4.9.2/oneapi/2023.2.1/yzvj/include  -real-size `expr 8 \* 4` -i4  numer.f90

real	0m0.496s
user	0m0.171s
sys	0m0.301s
rm -f params_mod.o
sed -e "s/^\!.*'.*//" -e "s/^ *\!.*'.*//" params_mod.F > params_mod.G
/lib/cpp -P -nostdinc -I/glade/derecho/scratch/yates/NEOM_WRF/wrfv4.6.0/inc -DEM_CORE=1 -DNMM_CORE=0 -DNMM_MAX_DIM=2600 -DDA_CORE=0 -DWRFPLUS=0 -DIWORDSIZE=4 -DDWORDSIZE=8 -DRWORDSIZE=4 -DLWORDSIZE=4 -DNONSTANDARD_SYSTEM_FUNC  -DWRF_USE_CLM -DUSE_NETCDF4_FEATURES -DWRFIO_NCD_LARGE_FILE_SUPPORT  -DDM_PARALLEL -DNETCDF -DLANDREAD_STUB=1 -DUSE_ALLOCATABLES -Dwrfmodel -DGRIB1 -DINTIO -DKEEP_INT_AROUND -DLIMIT_ARGS -DBUILD_RRTMG_FAST=0 -DBUILD_RRTMK=0 -DBUILD_SBM_FAST=1 -DSHOW_ALL_VARS_USED=0 -DCONFIG_BUF_LEN=65536 -DMAX_DOMAINS_F=21 -DMAX_HISTORY=25 -DNMM_NEST=0 -DWRF_CHEM -DBUILD_CHEM=1 -I. -traditional-cpp -DUSE_NETCDF4_FEATURES -DWRFIO_NCD_LARGE_FILE_SUPPORT   params_mod.G  > params_mod.bb
/glade/derecho/scratch/yates/NEOM_WRF/wrfv4.6.0/tools/standard.exe params_mod.bb | /lib/cpp -P -nostdinc -traditional-cpp -DUSE_NETCDF4_FEATURES -DWRFIO_NCD_LARGE_FILE_SUPPORT > params_mod.f90
rm -f params_mod.G params_mod.bb
time mpif90 -f90=ifort -o params_mod.o -c -O3 -ip -fp-model precise -w -ftz -align all -fno-alias -FR -convert big_endian    -I../dyn_em  -I/glade/derecho/scratch/yates/NEOM_WRF/wrfv4.6.0/external/esmf_time_f90  -I/glade/derecho/scratch/yates/NEOM_WRF/wrfv4.6.0/main -I/glade/derecho/scratch/yates/NEOM_WRF/wrfv4.6.0/external/io_netcdf -I/glade/derecho/scratch/yates/NEOM_WRF/wrfv4.6.0/external/io_int -I/glade/derecho/scratch/yates/NEOM_WRF/wrfv4.6.0/frame -I/glade/derecho/scratch/yates/NEOM_WRF/wrfv4.6.0/share -I/glade/derecho/scratch/yates/NEOM_WRF/wrfv4.6.0/phys -I/glade/derecho/scratch/yates/NEOM_WRF/wrfv4.6.0/wrftladj -I/glade/derecho/scratch/yates/NEOM_WRF/wrfv4.6.0/chem -I/glade/derecho/scratch/yates/NEOM_WRF/wrfv4.6.0/inc -I/glade/u/apps/derecho/23.09/spack/opt/spack/netcdf/4.9.2/oneapi/2023.2.1/yzvj/include  -real-size `expr 8 \* 4` -i4  params_mod.f90

real	0m0.396s
user	0m0.086s
sys	0m0.284s
rm -f module_sorgam_aqchem.o
sed -e "s/^\!.*'.*//" -e "s/^ *\!.*'.*//" module_sorgam_aqchem.F > module_sorgam_aqchem.G
/lib/cpp -P -nostdinc -I/glade/derecho/scratch/yates/NEOM_WRF/wrfv4.6.0/inc -DEM_CORE=1 -DNMM_CORE=0 -DNMM_MAX_DIM=2600 -DDA_CORE=0 -DWRFPLUS=0 -DIWORDSIZE=4 -DDWORDSIZE=8 -DRWORDSIZE=4 -DLWORDSIZE=4 -DNONSTANDARD_SYSTEM_FUNC  -DWRF_USE_CLM -DUSE_NETCDF4_FEATURES -DWRFIO_NCD_LARGE_FILE_SUPPORT  -DDM_PARALLEL -DNETCDF -DLANDREAD_STUB=1 -DUSE_ALLOCATABLES -Dwrfmodel -DGRIB1 -DINTIO -DKEEP_INT_AROUND -DLIMIT_ARGS -DBUILD_RRTMG_FAST=0 -DBUILD_RRTMK=0 -DBUILD_SBM_FAST=1 -DSHOW_ALL_VARS_USED=0 -DCONFIG_BUF_LEN=65536 -DMAX_DOMAINS_F=21 -DMAX_HISTORY=25 -DNMM_NEST=0 -DWRF_CHEM -DBUILD_CHEM=1 -I. -traditional-cpp -DUSE_NETCDF4_FEATURES -DWRFIO_NCD_LARGE_FILE_SUPPORT   module_sorgam_aqchem.G  > module_sorgam_aqchem.bb
/glade/derecho/scratch/yates/NEOM_WRF/wrfv4.6.0/tools/standard.exe module_sorgam_aqchem.bb | /lib/cpp -P -nostdinc -traditional-cpp -DUSE_NETCDF4_FEATURES -DWRFIO_NCD_LARGE_FILE_SUPPORT > module_sorgam_aqchem.f90
rm -f module_sorgam_aqchem.G module_sorgam_aqchem.bb
time mpif90 -f90=ifort -o module_sorgam_aqchem.o -c -O3 -ip -fp-model precise -w -ftz -align all -fno-alias -FR -convert big_endian    -I../dyn_em  -I/glade/derecho/scratch/yates/NEOM_WRF/wrfv4.6.0/external/esmf_time_f90  -I/glade/derecho/scratch/yates/NEOM_WRF/wrfv4.6.0/main -I/glade/derecho/scratch/yates/NEOM_WRF/wrfv4.6.0/external/io_netcdf -I/glade/derecho/scratch/yates/NEOM_WRF/wrfv4.6.0/external/io_int -I/glade/derecho/scratch/yates/NEOM_WRF/wrfv4.6.0/frame -I/glade/derecho/scratch/yates/NEOM_WRF/wrfv4.6.0/share -I/glade/derecho/scratch/yates/NEOM_WRF/wrfv4.6.0/phys -I/glade/derecho/scratch/yates/NEOM_WRF/wrfv4.6.0/wrftladj -I/glade/derecho/scratch/yates/NEOM_WRF/wrfv4.6.0/chem -I/glade/derecho/scratch/yates/NEOM_WRF/wrfv4.6.0/inc -I/glade/u/apps/derecho/23.09/spack/opt/spack/netcdf/4.9.2/oneapi/2023.2.1/yzvj/include  -real-size `expr 8 \* 4` -i4  module_sorgam_aqchem.f90

real	0m3.078s
user	0m2.646s
sys	0m0.384s
rm -f module_sorgam_vbs_aqchem.o
sed -e "s/^\!.*'.*//" -e "s/^ *\!.*'.*//" module_sorgam_vbs_aqchem.F > module_sorgam_vbs_aqchem.G
/lib/cpp -P -nostdinc -I/glade/derecho/scratch/yates/NEOM_WRF/wrfv4.6.0/inc -DEM_CORE=1 -DNMM_CORE=0 -DNMM_MAX_DIM=2600 -DDA_CORE=0 -DWRFPLUS=0 -DIWORDSIZE=4 -DDWORDSIZE=8 -DRWORDSIZE=4 -DLWORDSIZE=4 -DNONSTANDARD_SYSTEM_FUNC  -DWRF_USE_CLM -DUSE_NETCDF4_FEATURES -DWRFIO_NCD_LARGE_FILE_SUPPORT  -DDM_PARALLEL -DNETCDF -DLANDREAD_STUB=1 -DUSE_ALLOCATABLES -Dwrfmodel -DGRIB1 -DINTIO -DKEEP_INT_AROUND -DLIMIT_ARGS -DBUILD_RRTMG_FAST=0 -DBUILD_RRTMK=0 -DBUILD_SBM_FAST=1 -DSHOW_ALL_VARS_USED=0 -DCONFIG_BUF_LEN=65536 -DMAX_DOMAINS_F=21 -DMAX_HISTORY=25 -DNMM_NEST=0 -DWRF_CHEM -DBUILD_CHEM=1 -I. -traditional-cpp -DUSE_NETCDF4_FEATURES -DWRFIO_NCD_LARGE_FILE_SUPPORT   module_sorgam_vbs_aqchem.G  > module_sorgam_vbs_aqchem.bb
/glade/derecho/scratch/yates/NEOM_WRF/wrfv4.6.0/tools/standard.exe module_sorgam_vbs_aqchem.bb | /lib/cpp -P -nostdinc -traditional-cpp -DUSE_NETCDF4_FEATURES -DWRFIO_NCD_LARGE_FILE_SUPPORT > module_sorgam_vbs_aqchem.f90
rm -f module_sorgam_vbs_aqchem.G module_sorgam_vbs_aqchem.bb
time mpif90 -f90=ifort -o module_sorgam_vbs_aqchem.o -c -O3 -ip -fp-model precise -w -ftz -align all -fno-alias -FR -convert big_endian    -I../dyn_em  -I/glade/derecho/scratch/yates/NEOM_WRF/wrfv4.6.0/external/esmf_time_f90  -I/glade/derecho/scratch/yates/NEOM_WRF/wrfv4.6.0/main -I/glade/derecho/scratch/yates/NEOM_WRF/wrfv4.6.0/external/io_netcdf -I/glade/derecho/scratch/yates/NEOM_WRF/wrfv4.6.0/external/io_int -I/glade/derecho/scratch/yates/NEOM_WRF/wrfv4.6.0/frame -I/glade/derecho/scratch/yates/NEOM_WRF/wrfv4.6.0/share -I/glade/derecho/scratch/yates/NEOM_WRF/wrfv4.6.0/phys -I/glade/derecho/scratch/yates/NEOM_WRF/wrfv4.6.0/wrftladj -I/glade/derecho/scratch/yates/NEOM_WRF/wrfv4.6.0/chem -I/glade/derecho/scratch/yates/NEOM_WRF/wrfv4.6.0/inc -I/glade/u/apps/derecho/23.09/spack/opt/spack/netcdf/4.9.2/oneapi/2023.2.1/yzvj/include  -real-size `expr 8 \* 4` -i4  module_sorgam_vbs_aqchem.f90

real	0m0.930s
user	0m0.536s
sys	0m0.360s
rm -f module_bioemi_megan2.o
sed -e "s/^\!.*'.*//" -e "s/^ *\!.*'.*//" module_bioemi_megan2.F > module_bioemi_megan2.G
/lib/cpp -P -nostdinc -I/glade/derecho/scratch/yates/NEOM_WRF/wrfv4.6.0/inc -DEM_CORE=1 -DNMM_CORE=0 -DNMM_MAX_DIM=2600 -DDA_CORE=0 -DWRFPLUS=0 -DIWORDSIZE=4 -DDWORDSIZE=8 -DRWORDSIZE=4 -DLWORDSIZE=4 -DNONSTANDARD_SYSTEM_FUNC  -DWRF_USE_CLM -DUSE_NETCDF4_FEATURES -DWRFIO_NCD_LARGE_FILE_SUPPORT  -DDM_PARALLEL -DNETCDF -DLANDREAD_STUB=1 -DUSE_ALLOCATABLES -Dwrfmodel -DGRIB1 -DINTIO -DKEEP_INT_AROUND -DLIMIT_ARGS -DBUILD_RRTMG_FAST=0 -DBUILD_RRTMK=0 -DBUILD_SBM_FAST=1 -DSHOW_ALL_VARS_USED=0 -DCONFIG_BUF_LEN=65536 -DMAX_DOMAINS_F=21 -DMAX_HISTORY=25 -DNMM_NEST=0 -DWRF_CHEM -DBUILD_CHEM=1 -I. -traditional-cpp -DUSE_NETCDF4_FEATURES -DWRFIO_NCD_LARGE_FILE_SUPPORT   module_bioemi_megan2.G  > module_bioemi_megan2.bb
/glade/derecho/scratch/yates/NEOM_WRF/wrfv4.6.0/tools/standard.exe module_bioemi_megan2.bb | /lib/cpp -P -nostdinc -traditional-cpp -DUSE_NETCDF4_FEATURES -DWRFIO_NCD_LARGE_FILE_SUPPORT > module_bioemi_megan2.f90
rm -f module_bioemi_megan2.G module_bioemi_megan2.bb
time mpif90 -f90=ifort -o module_bioemi_megan2.o -c -O3 -ip -fp-model precise -w -ftz -align all -fno-alias -FR -convert big_endian    -I../dyn_em  -I/glade/derecho/scratch/yates/NEOM_WRF/wrfv4.6.0/external/esmf_time_f90  -I/glade/derecho/scratch/yates/NEOM_WRF/wrfv4.6.0/main -I/glade/derecho/scratch/yates/NEOM_WRF/wrfv4.6.0/external/io_netcdf -I/glade/derecho/scratch/yates/NEOM_WRF/wrfv4.6.0/external/io_int -I/glade/derecho/scratch/yates/NEOM_WRF/wrfv4.6.0/frame -I/glade/derecho/scratch/yates/NEOM_WRF/wrfv4.6.0/share -I/glade/derecho/scratch/yates/NEOM_WRF/wrfv4.6.0/phys -I/glade/derecho/scratch/yates/NEOM_WRF/wrfv4.6.0/wrftladj -I/glade/derecho/scratch/yates/NEOM_WRF/wrfv4.6.0/chem -I/glade/derecho/scratch/yates/NEOM_WRF/wrfv4.6.0/inc -I/glade/u/apps/derecho/23.09/spack/opt/spack/netcdf/4.9.2/oneapi/2023.2.1/yzvj/include  -real-size `expr 8 \* 4` -i4  module_bioemi_megan2.f90

real	0m0.710s
user	0m0.380s
sys	0m0.299s
rm -f module_bioemi_simple.o
sed -e "s/^\!.*'.*//" -e "s/^ *\!.*'.*//" module_bioemi_simple.F > module_bioemi_simple.G
/lib/cpp -P -nostdinc -I/glade/derecho/scratch/yates/NEOM_WRF/wrfv4.6.0/inc -DEM_CORE=1 -DNMM_CORE=0 -DNMM_MAX_DIM=2600 -DDA_CORE=0 -DWRFPLUS=0 -DIWORDSIZE=4 -DDWORDSIZE=8 -DRWORDSIZE=4 -DLWORDSIZE=4 -DNONSTANDARD_SYSTEM_FUNC  -DWRF_USE_CLM -DUSE_NETCDF4_FEATURES -DWRFIO_NCD_LARGE_FILE_SUPPORT  -DDM_PARALLEL -DNETCDF -DLANDREAD_STUB=1 -DUSE_ALLOCATABLES -Dwrfmodel -DGRIB1 -DINTIO -DKEEP_INT_AROUND -DLIMIT_ARGS -DBUILD_RRTMG_FAST=0 -DBUILD_RRTMK=0 -DBUILD_SBM_FAST=1 -DSHOW_ALL_VARS_USED=0 -DCONFIG_BUF_LEN=65536 -DMAX_DOMAINS_F=21 -DMAX_HISTORY=25 -DNMM_NEST=0 -DWRF_CHEM -DBUILD_CHEM=1 -I. -traditional-cpp -DUSE_NETCDF4_FEATURES -DWRFIO_NCD_LARGE_FILE_SUPPORT   module_bioemi_simple.G  > module_bioemi_simple.bb
/glade/derecho/scratch/yates/NEOM_WRF/wrfv4.6.0/tools/standard.exe module_bioemi_simple.bb | /lib/cpp -P -nostdinc -traditional-cpp -DUSE_NETCDF4_FEATURES -DWRFIO_NCD_LARGE_FILE_SUPPORT > module_bioemi_simple.f90
rm -f module_bioemi_simple.G module_bioemi_simple.bb
time mpif90 -f90=ifort -o module_bioemi_simple.o -c -O3 -ip -fp-model precise -w -ftz -align all -fno-alias -FR -convert big_endian    -I../dyn_em  -I/glade/derecho/scratch/yates/NEOM_WRF/wrfv4.6.0/external/esmf_time_f90  -I/glade/derecho/scratch/yates/NEOM_WRF/wrfv4.6.0/main -I/glade/derecho/scratch/yates/NEOM_WRF/wrfv4.6.0/external/io_netcdf -I/glade/derecho/scratch/yates/NEOM_WRF/wrfv4.6.0/external/io_int -I/glade/derecho/scratch/yates/NEOM_WRF/wrfv4.6.0/frame -I/glade/derecho/scratch/yates/NEOM_WRF/wrfv4.6.0/share -I/glade/derecho/scratch/yates/NEOM_WRF/wrfv4.6.0/phys -I/glade/derecho/scratch/yates/NEOM_WRF/wrfv4.6.0/wrftladj -I/glade/derecho/scratch/yates/NEOM_WRF/wrfv4.6.0/chem -I/glade/derecho/scratch/yates/NEOM_WRF/wrfv4.6.0/inc -I/glade/u/apps/derecho/23.09/spack/opt/spack/netcdf/4.9.2/oneapi/2023.2.1/yzvj/include  -real-size `expr 8 \* 4` -i4  module_bioemi_simple.f90

real	0m0.981s
user	0m0.570s
sys	0m0.383s
rm -f module_gocart_chem.o
sed -e "s/^\!.*'.*//" -e "s/^ *\!.*'.*//" module_gocart_chem.F > module_gocart_chem.G
/lib/cpp -P -nostdinc -I/glade/derecho/scratch/yates/NEOM_WRF/wrfv4.6.0/inc -DEM_CORE=1 -DNMM_CORE=0 -DNMM_MAX_DIM=2600 -DDA_CORE=0 -DWRFPLUS=0 -DIWORDSIZE=4 -DDWORDSIZE=8 -DRWORDSIZE=4 -DLWORDSIZE=4 -DNONSTANDARD_SYSTEM_FUNC  -DWRF_USE_CLM -DUSE_NETCDF4_FEATURES -DWRFIO_NCD_LARGE_FILE_SUPPORT  -DDM_PARALLEL -DNETCDF -DLANDREAD_STUB=1 -DUSE_ALLOCATABLES -Dwrfmodel -DGRIB1 -DINTIO -DKEEP_INT_AROUND -DLIMIT_ARGS -DBUILD_RRTMG_FAST=0 -DBUILD_RRTMK=0 -DBUILD_SBM_FAST=1 -DSHOW_ALL_VARS_USED=0 -DCONFIG_BUF_LEN=65536 -DMAX_DOMAINS_F=21 -DMAX_HISTORY=25 -DNMM_NEST=0 -DWRF_CHEM -DBUILD_CHEM=1 -I. -traditional-cpp -DUSE_NETCDF4_FEATURES -DWRFIO_NCD_LARGE_FILE_SUPPORT   module_gocart_chem.G  > module_gocart_chem.bb
/glade/derecho/scratch/yates/NEOM_WRF/wrfv4.6.0/tools/standard.exe module_gocart_chem.bb | /lib/cpp -P -nostdinc -traditional-cpp -DUSE_NETCDF4_FEATURES -DWRFIO_NCD_LARGE_FILE_SUPPORT > module_gocart_chem.f90
rm -f module_gocart_chem.G module_gocart_chem.bb
time mpif90 -f90=ifort -o module_gocart_chem.o -c -O3 -ip -fp-model precise -w -ftz -align all -fno-alias -FR -convert big_endian    -I../dyn_em  -I/glade/derecho/scratch/yates/NEOM_WRF/wrfv4.6.0/external/esmf_time_f90  -I/glade/derecho/scratch/yates/NEOM_WRF/wrfv4.6.0/main -I/glade/derecho/scratch/yates/NEOM_WRF/wrfv4.6.0/external/io_netcdf -I/glade/derecho/scratch/yates/NEOM_WRF/wrfv4.6.0/external/io_int -I/glade/derecho/scratch/yates/NEOM_WRF/wrfv4.6.0/frame -I/glade/derecho/scratch/yates/NEOM_WRF/wrfv4.6.0/share -I/glade/derecho/scratch/yates/NEOM_WRF/wrfv4.6.0/phys -I/glade/derecho/scratch/yates/NEOM_WRF/wrfv4.6.0/wrftladj -I/glade/derecho/scratch/yates/NEOM_WRF/wrfv4.6.0/chem -I/glade/derecho/scratch/yates/NEOM_WRF/wrfv4.6.0/inc -I/glade/u/apps/derecho/23.09/spack/opt/spack/netcdf/4.9.2/oneapi/2023.2.1/yzvj/include  -real-size `expr 8 \* 4` -i4  module_gocart_chem.f90

real	0m0.927s
user	0m0.575s
sys	0m0.322s
rm -f module_lightning_nox_ott.o
sed -e "s/^\!.*'.*//" -e "s/^ *\!.*'.*//" module_lightning_nox_ott.F > module_lightning_nox_ott.G
/lib/cpp -P -nostdinc -I/glade/derecho/scratch/yates/NEOM_WRF/wrfv4.6.0/inc -DEM_CORE=1 -DNMM_CORE=0 -DNMM_MAX_DIM=2600 -DDA_CORE=0 -DWRFPLUS=0 -DIWORDSIZE=4 -DDWORDSIZE=8 -DRWORDSIZE=4 -DLWORDSIZE=4 -DNONSTANDARD_SYSTEM_FUNC  -DWRF_USE_CLM -DUSE_NETCDF4_FEATURES -DWRFIO_NCD_LARGE_FILE_SUPPORT  -DDM_PARALLEL -DNETCDF -DLANDREAD_STUB=1 -DUSE_ALLOCATABLES -Dwrfmodel -DGRIB1 -DINTIO -DKEEP_INT_AROUND -DLIMIT_ARGS -DBUILD_RRTMG_FAST=0 -DBUILD_RRTMK=0 -DBUILD_SBM_FAST=1 -DSHOW_ALL_VARS_USED=0 -DCONFIG_BUF_LEN=65536 -DMAX_DOMAINS_F=21 -DMAX_HISTORY=25 -DNMM_NEST=0 -DWRF_CHEM -DBUILD_CHEM=1 -I. -traditional-cpp -DUSE_NETCDF4_FEATURES -DWRFIO_NCD_LARGE_FILE_SUPPORT   module_lightning_nox_ott.G  > module_lightning_nox_ott.bb
/glade/derecho/scratch/yates/NEOM_WRF/wrfv4.6.0/tools/standard.exe module_lightning_nox_ott.bb | /lib/cpp -P -nostdinc -traditional-cpp -DUSE_NETCDF4_FEATURES -DWRFIO_NCD_LARGE_FILE_SUPPORT > module_lightning_nox_ott.f90
rm -f module_lightning_nox_ott.G module_lightning_nox_ott.bb
time mpif90 -f90=ifort -o module_lightning_nox_ott.o -c -O3 -ip -fp-model precise -w -ftz -align all -fno-alias -FR -convert big_endian    -I../dyn_em  -I/glade/derecho/scratch/yates/NEOM_WRF/wrfv4.6.0/external/esmf_time_f90  -I/glade/derecho/scratch/yates/NEOM_WRF/wrfv4.6.0/main -I/glade/derecho/scratch/yates/NEOM_WRF/wrfv4.6.0/external/io_netcdf -I/glade/derecho/scratch/yates/NEOM_WRF/wrfv4.6.0/external/io_int -I/glade/derecho/scratch/yates/NEOM_WRF/wrfv4.6.0/frame -I/glade/derecho/scratch/yates/NEOM_WRF/wrfv4.6.0/share -I/glade/derecho/scratch/yates/NEOM_WRF/wrfv4.6.0/phys -I/glade/derecho/scratch/yates/NEOM_WRF/wrfv4.6.0/wrftladj -I/glade/derecho/scratch/yates/NEOM_WRF/wrfv4.6.0/chem -I/glade/derecho/scratch/yates/NEOM_WRF/wrfv4.6.0/inc -I/glade/u/apps/derecho/23.09/spack/opt/spack/netcdf/4.9.2/oneapi/2023.2.1/yzvj/include  -real-size `expr 8 \* 4` -i4  module_lightning_nox_ott.f90

real	0m0.485s
user	0m0.146s
sys	0m0.312s
rm -f module_lightning_nox_decaria.o
sed -e "s/^\!.*'.*//" -e "s/^ *\!.*'.*//" module_lightning_nox_decaria.F > module_lightning_nox_decaria.G
/lib/cpp -P -nostdinc -I/glade/derecho/scratch/yates/NEOM_WRF/wrfv4.6.0/inc -DEM_CORE=1 -DNMM_CORE=0 -DNMM_MAX_DIM=2600 -DDA_CORE=0 -DWRFPLUS=0 -DIWORDSIZE=4 -DDWORDSIZE=8 -DRWORDSIZE=4 -DLWORDSIZE=4 -DNONSTANDARD_SYSTEM_FUNC  -DWRF_USE_CLM -DUSE_NETCDF4_FEATURES -DWRFIO_NCD_LARGE_FILE_SUPPORT  -DDM_PARALLEL -DNETCDF -DLANDREAD_STUB=1 -DUSE_ALLOCATABLES -Dwrfmodel -DGRIB1 -DINTIO -DKEEP_INT_AROUND -DLIMIT_ARGS -DBUILD_RRTMG_FAST=0 -DBUILD_RRTMK=0 -DBUILD_SBM_FAST=1 -DSHOW_ALL_VARS_USED=0 -DCONFIG_BUF_LEN=65536 -DMAX_DOMAINS_F=21 -DMAX_HISTORY=25 -DNMM_NEST=0 -DWRF_CHEM -DBUILD_CHEM=1 -I. -traditional-cpp -DUSE_NETCDF4_FEATURES -DWRFIO_NCD_LARGE_FILE_SUPPORT   module_lightning_nox_decaria.G  > module_lightning_nox_decaria.bb
/glade/derecho/scratch/yates/NEOM_WRF/wrfv4.6.0/tools/standard.exe module_lightning_nox_decaria.bb | /lib/cpp -P -nostdinc -traditional-cpp -DUSE_NETCDF4_FEATURES -DWRFIO_NCD_LARGE_FILE_SUPPORT > module_lightning_nox_decaria.f90
rm -f module_lightning_nox_decaria.G module_lightning_nox_decaria.bb
time mpif90 -f90=ifort -o module_lightning_nox_decaria.o -c -O3 -ip -fp-model precise -w -ftz -align all -fno-alias -FR -convert big_endian    -I../dyn_em  -I/glade/derecho/scratch/yates/NEOM_WRF/wrfv4.6.0/external/esmf_time_f90  -I/glade/derecho/scratch/yates/NEOM_WRF/wrfv4.6.0/main -I/glade/derecho/scratch/yates/NEOM_WRF/wrfv4.6.0/external/io_netcdf -I/glade/derecho/scratch/yates/NEOM_WRF/wrfv4.6.0/external/io_int -I/glade/derecho/scratch/yates/NEOM_WRF/wrfv4.6.0/frame -I/glade/derecho/scratch/yates/NEOM_WRF/wrfv4.6.0/share -I/glade/derecho/scratch/yates/NEOM_WRF/wrfv4.6.0/phys -I/glade/derecho/scratch/yates/NEOM_WRF/wrfv4.6.0/wrftladj -I/glade/derecho/scratch/yates/NEOM_WRF/wrfv4.6.0/chem -I/glade/derecho/scratch/yates/NEOM_WRF/wrfv4.6.0/inc -I/glade/u/apps/derecho/23.09/spack/opt/spack/netcdf/4.9.2/oneapi/2023.2.1/yzvj/include  -real-size `expr 8 \* 4` -i4  module_lightning_nox_decaria.f90

real	0m1.142s
user	0m0.754s
sys	0m0.355s
rm -f module_mixactivate_wrappers.o
sed -e "s/^\!.*'.*//" -e "s/^ *\!.*'.*//" module_mixactivate_wrappers.F > module_mixactivate_wrappers.G
/lib/cpp -P -nostdinc -I/glade/derecho/scratch/yates/NEOM_WRF/wrfv4.6.0/inc -DEM_CORE=1 -DNMM_CORE=0 -DNMM_MAX_DIM=2600 -DDA_CORE=0 -DWRFPLUS=0 -DIWORDSIZE=4 -DDWORDSIZE=8 -DRWORDSIZE=4 -DLWORDSIZE=4 -DNONSTANDARD_SYSTEM_FUNC  -DWRF_USE_CLM -DUSE_NETCDF4_FEATURES -DWRFIO_NCD_LARGE_FILE_SUPPORT  -DDM_PARALLEL -DNETCDF -DLANDREAD_STUB=1 -DUSE_ALLOCATABLES -Dwrfmodel -DGRIB1 -DINTIO -DKEEP_INT_AROUND -DLIMIT_ARGS -DBUILD_RRTMG_FAST=0 -DBUILD_RRTMK=0 -DBUILD_SBM_FAST=1 -DSHOW_ALL_VARS_USED=0 -DCONFIG_BUF_LEN=65536 -DMAX_DOMAINS_F=21 -DMAX_HISTORY=25 -DNMM_NEST=0 -DWRF_CHEM -DBUILD_CHEM=1 -I. -traditional-cpp -DUSE_NETCDF4_FEATURES -DWRFIO_NCD_LARGE_FILE_SUPPORT   module_mixactivate_wrappers.G  > module_mixactivate_wrappers.bb
/glade/derecho/scratch/yates/NEOM_WRF/wrfv4.6.0/tools/standard.exe module_mixactivate_wrappers.bb | /lib/cpp -P -nostdinc -traditional-cpp -DUSE_NETCDF4_FEATURES -DWRFIO_NCD_LARGE_FILE_SUPPORT > module_mixactivate_wrappers.f90
rm -f module_mixactivate_wrappers.G module_mixactivate_wrappers.bb
time mpif90 -f90=ifort -o module_mixactivate_wrappers.o -c -O3 -ip -fp-model precise -w -ftz -align all -fno-alias -FR -convert big_endian    -I../dyn_em  -I/glade/derecho/scratch/yates/NEOM_WRF/wrfv4.6.0/external/esmf_time_f90  -I/glade/derecho/scratch/yates/NEOM_WRF/wrfv4.6.0/main -I/glade/derecho/scratch/yates/NEOM_WRF/wrfv4.6.0/external/io_netcdf -I/glade/derecho/scratch/yates/NEOM_WRF/wrfv4.6.0/external/io_int -I/glade/derecho/scratch/yates/NEOM_WRF/wrfv4.6.0/frame -I/glade/derecho/scratch/yates/NEOM_WRF/wrfv4.6.0/share -I/glade/derecho/scratch/yates/NEOM_WRF/wrfv4.6.0/phys -I/glade/derecho/scratch/yates/NEOM_WRF/wrfv4.6.0/wrftladj -I/glade/derecho/scratch/yates/NEOM_WRF/wrfv4.6.0/chem -I/glade/derecho/scratch/yates/NEOM_WRF/wrfv4.6.0/inc -I/glade/u/apps/derecho/23.09/spack/opt/spack/netcdf/4.9.2/oneapi/2023.2.1/yzvj/include  -real-size `expr 8 \* 4` -i4  module_mixactivate_wrappers.f90

real	0m5.442s
user	0m4.969s
sys	0m0.417s
rm -f module_mosaic_sumpm.o
sed -e "s/^\!.*'.*//" -e "s/^ *\!.*'.*//" module_mosaic_sumpm.F > module_mosaic_sumpm.G
/lib/cpp -P -nostdinc -I/glade/derecho/scratch/yates/NEOM_WRF/wrfv4.6.0/inc -DEM_CORE=1 -DNMM_CORE=0 -DNMM_MAX_DIM=2600 -DDA_CORE=0 -DWRFPLUS=0 -DIWORDSIZE=4 -DDWORDSIZE=8 -DRWORDSIZE=4 -DLWORDSIZE=4 -DNONSTANDARD_SYSTEM_FUNC  -DWRF_USE_CLM -DUSE_NETCDF4_FEATURES -DWRFIO_NCD_LARGE_FILE_SUPPORT  -DDM_PARALLEL -DNETCDF -DLANDREAD_STUB=1 -DUSE_ALLOCATABLES -Dwrfmodel -DGRIB1 -DINTIO -DKEEP_INT_AROUND -DLIMIT_ARGS -DBUILD_RRTMG_FAST=0 -DBUILD_RRTMK=0 -DBUILD_SBM_FAST=1 -DSHOW_ALL_VARS_USED=0 -DCONFIG_BUF_LEN=65536 -DMAX_DOMAINS_F=21 -DMAX_HISTORY=25 -DNMM_NEST=0 -DWRF_CHEM -DBUILD_CHEM=1 -I. -traditional-cpp -DUSE_NETCDF4_FEATURES -DWRFIO_NCD_LARGE_FILE_SUPPORT   module_mosaic_sumpm.G  > module_mosaic_sumpm.bb
/glade/derecho/scratch/yates/NEOM_WRF/wrfv4.6.0/tools/standard.exe module_mosaic_sumpm.bb | /lib/cpp -P -nostdinc -traditional-cpp -DUSE_NETCDF4_FEATURES -DWRFIO_NCD_LARGE_FILE_SUPPORT > module_mosaic_sumpm.f90
rm -f module_mosaic_sumpm.G module_mosaic_sumpm.bb
time mpif90 -f90=ifort -o module_mosaic_sumpm.o -c -O3 -ip -fp-model precise -w -ftz -align all -fno-alias -FR -convert big_endian    -I../dyn_em  -I/glade/derecho/scratch/yates/NEOM_WRF/wrfv4.6.0/external/esmf_time_f90  -I/glade/derecho/scratch/yates/NEOM_WRF/wrfv4.6.0/main -I/glade/derecho/scratch/yates/NEOM_WRF/wrfv4.6.0/external/io_netcdf -I/glade/derecho/scratch/yates/NEOM_WRF/wrfv4.6.0/external/io_int -I/glade/derecho/scratch/yates/NEOM_WRF/wrfv4.6.0/frame -I/glade/derecho/scratch/yates/NEOM_WRF/wrfv4.6.0/share -I/glade/derecho/scratch/yates/NEOM_WRF/wrfv4.6.0/phys -I/glade/derecho/scratch/yates/NEOM_WRF/wrfv4.6.0/wrftladj -I/glade/derecho/scratch/yates/NEOM_WRF/wrfv4.6.0/chem -I/glade/derecho/scratch/yates/NEOM_WRF/wrfv4.6.0/inc -I/glade/u/apps/derecho/23.09/spack/opt/spack/netcdf/4.9.2/oneapi/2023.2.1/yzvj/include  -real-size `expr 8 \* 4` -i4  module_mosaic_sumpm.f90

real	0m1.383s
user	0m0.957s
sys	0m0.390s
rm -f module_cam_mam_wateruptake.o
sed -e "s/^\!.*'.*//" -e "s/^ *\!.*'.*//" module_cam_mam_wateruptake.F > module_cam_mam_wateruptake.G
/lib/cpp -P -nostdinc -I/glade/derecho/scratch/yates/NEOM_WRF/wrfv4.6.0/inc -DEM_CORE=1 -DNMM_CORE=0 -DNMM_MAX_DIM=2600 -DDA_CORE=0 -DWRFPLUS=0 -DIWORDSIZE=4 -DDWORDSIZE=8 -DRWORDSIZE=4 -DLWORDSIZE=4 -DNONSTANDARD_SYSTEM_FUNC  -DWRF_USE_CLM -DUSE_NETCDF4_FEATURES -DWRFIO_NCD_LARGE_FILE_SUPPORT  -DDM_PARALLEL -DNETCDF -DLANDREAD_STUB=1 -DUSE_ALLOCATABLES -Dwrfmodel -DGRIB1 -DINTIO -DKEEP_INT_AROUND -DLIMIT_ARGS -DBUILD_RRTMG_FAST=0 -DBUILD_RRTMK=0 -DBUILD_SBM_FAST=1 -DSHOW_ALL_VARS_USED=0 -DCONFIG_BUF_LEN=65536 -DMAX_DOMAINS_F=21 -DMAX_HISTORY=25 -DNMM_NEST=0 -DWRF_CHEM -DBUILD_CHEM=1 -I. -traditional-cpp -DUSE_NETCDF4_FEATURES -DWRFIO_NCD_LARGE_FILE_SUPPORT   module_cam_mam_wateruptake.G  > module_cam_mam_wateruptake.bb
/glade/derecho/scratch/yates/NEOM_WRF/wrfv4.6.0/tools/standard.exe module_cam_mam_wateruptake.bb | /lib/cpp -P -nostdinc -traditional-cpp -DUSE_NETCDF4_FEATURES -DWRFIO_NCD_LARGE_FILE_SUPPORT > module_cam_mam_wateruptake.f90
rm -f module_cam_mam_wateruptake.G module_cam_mam_wateruptake.bb
time mpif90 -f90=ifort -o module_cam_mam_wateruptake.o -c -O3 -ip -fp-model precise -w -ftz -align all -fno-alias -FR -convert big_endian    -I../dyn_em  -I/glade/derecho/scratch/yates/NEOM_WRF/wrfv4.6.0/external/esmf_time_f90  -I/glade/derecho/scratch/yates/NEOM_WRF/wrfv4.6.0/main -I/glade/derecho/scratch/yates/NEOM_WRF/wrfv4.6.0/external/io_netcdf -I/glade/derecho/scratch/yates/NEOM_WRF/wrfv4.6.0/external/io_int -I/glade/derecho/scratch/yates/NEOM_WRF/wrfv4.6.0/frame -I/glade/derecho/scratch/yates/NEOM_WRF/wrfv4.6.0/share -I/glade/derecho/scratch/yates/NEOM_WRF/wrfv4.6.0/phys -I/glade/derecho/scratch/yates/NEOM_WRF/wrfv4.6.0/wrftladj -I/glade/derecho/scratch/yates/NEOM_WRF/wrfv4.6.0/chem -I/glade/derecho/scratch/yates/NEOM_WRF/wrfv4.6.0/inc -I/glade/u/apps/derecho/23.09/spack/opt/spack/netcdf/4.9.2/oneapi/2023.2.1/yzvj/include  -real-size `expr 8 \* 4` -i4  module_cam_mam_wateruptake.f90

real	0m0.817s
user	0m0.478s
sys	0m0.311s
rm -f module_cam_mam_dust_sediment.o
sed -e "s/^\!.*'.*//" -e "s/^ *\!.*'.*//" module_cam_mam_dust_sediment.F > module_cam_mam_dust_sediment.G
/lib/cpp -P -nostdinc -I/glade/derecho/scratch/yates/NEOM_WRF/wrfv4.6.0/inc -DEM_CORE=1 -DNMM_CORE=0 -DNMM_MAX_DIM=2600 -DDA_CORE=0 -DWRFPLUS=0 -DIWORDSIZE=4 -DDWORDSIZE=8 -DRWORDSIZE=4 -DLWORDSIZE=4 -DNONSTANDARD_SYSTEM_FUNC  -DWRF_USE_CLM -DUSE_NETCDF4_FEATURES -DWRFIO_NCD_LARGE_FILE_SUPPORT  -DDM_PARALLEL -DNETCDF -DLANDREAD_STUB=1 -DUSE_ALLOCATABLES -Dwrfmodel -DGRIB1 -DINTIO -DKEEP_INT_AROUND -DLIMIT_ARGS -DBUILD_RRTMG_FAST=0 -DBUILD_RRTMK=0 -DBUILD_SBM_FAST=1 -DSHOW_ALL_VARS_USED=0 -DCONFIG_BUF_LEN=65536 -DMAX_DOMAINS_F=21 -DMAX_HISTORY=25 -DNMM_NEST=0 -DWRF_CHEM -DBUILD_CHEM=1 -I. -traditional-cpp -DUSE_NETCDF4_FEATURES -DWRFIO_NCD_LARGE_FILE_SUPPORT   module_cam_mam_dust_sediment.G  > module_cam_mam_dust_sediment.bb
/glade/derecho/scratch/yates/NEOM_WRF/wrfv4.6.0/tools/standard.exe module_cam_mam_dust_sediment.bb | /lib/cpp -P -nostdinc -traditional-cpp -DUSE_NETCDF4_FEATURES -DWRFIO_NCD_LARGE_FILE_SUPPORT > module_cam_mam_dust_sediment.f90
rm -f module_cam_mam_dust_sediment.G module_cam_mam_dust_sediment.bb
time mpif90 -f90=ifort -o module_cam_mam_dust_sediment.o -c -O3 -ip -fp-model precise -w -ftz -align all -fno-alias -FR -convert big_endian    -I../dyn_em  -I/glade/derecho/scratch/yates/NEOM_WRF/wrfv4.6.0/external/esmf_time_f90  -I/glade/derecho/scratch/yates/NEOM_WRF/wrfv4.6.0/main -I/glade/derecho/scratch/yates/NEOM_WRF/wrfv4.6.0/external/io_netcdf -I/glade/derecho/scratch/yates/NEOM_WRF/wrfv4.6.0/external/io_int -I/glade/derecho/scratch/yates/NEOM_WRF/wrfv4.6.0/frame -I/glade/derecho/scratch/yates/NEOM_WRF/wrfv4.6.0/share -I/glade/derecho/scratch/yates/NEOM_WRF/wrfv4.6.0/phys -I/glade/derecho/scratch/yates/NEOM_WRF/wrfv4.6.0/wrftladj -I/glade/derecho/scratch/yates/NEOM_WRF/wrfv4.6.0/chem -I/glade/derecho/scratch/yates/NEOM_WRF/wrfv4.6.0/inc -I/glade/u/apps/derecho/23.09/spack/opt/spack/netcdf/4.9.2/oneapi/2023.2.1/yzvj/include  -real-size `expr 8 \* 4` -i4  module_cam_mam_dust_sediment.f90

real	0m0.392s
user	0m0.094s
sys	0m0.271s
rm -f module_cam_mam_drydep.o
sed -e "s/^\!.*'.*//" -e "s/^ *\!.*'.*//" module_cam_mam_drydep.F > module_cam_mam_drydep.G
/lib/cpp -P -nostdinc -I/glade/derecho/scratch/yates/NEOM_WRF/wrfv4.6.0/inc -DEM_CORE=1 -DNMM_CORE=0 -DNMM_MAX_DIM=2600 -DDA_CORE=0 -DWRFPLUS=0 -DIWORDSIZE=4 -DDWORDSIZE=8 -DRWORDSIZE=4 -DLWORDSIZE=4 -DNONSTANDARD_SYSTEM_FUNC  -DWRF_USE_CLM -DUSE_NETCDF4_FEATURES -DWRFIO_NCD_LARGE_FILE_SUPPORT  -DDM_PARALLEL -DNETCDF -DLANDREAD_STUB=1 -DUSE_ALLOCATABLES -Dwrfmodel -DGRIB1 -DINTIO -DKEEP_INT_AROUND -DLIMIT_ARGS -DBUILD_RRTMG_FAST=0 -DBUILD_RRTMK=0 -DBUILD_SBM_FAST=1 -DSHOW_ALL_VARS_USED=0 -DCONFIG_BUF_LEN=65536 -DMAX_DOMAINS_F=21 -DMAX_HISTORY=25 -DNMM_NEST=0 -DWRF_CHEM -DBUILD_CHEM=1 -I. -traditional-cpp -DUSE_NETCDF4_FEATURES -DWRFIO_NCD_LARGE_FILE_SUPPORT   module_cam_mam_drydep.G  > module_cam_mam_drydep.bb
/glade/derecho/scratch/yates/NEOM_WRF/wrfv4.6.0/tools/standard.exe module_cam_mam_drydep.bb | /lib/cpp -P -nostdinc -traditional-cpp -DUSE_NETCDF4_FEATURES -DWRFIO_NCD_LARGE_FILE_SUPPORT > module_cam_mam_drydep.f90
rm -f module_cam_mam_drydep.G module_cam_mam_drydep.bb
time mpif90 -f90=ifort -o module_cam_mam_drydep.o -c -O3 -ip -fp-model precise -w -ftz -align all -fno-alias -FR -convert big_endian    -I../dyn_em  -I/glade/derecho/scratch/yates/NEOM_WRF/wrfv4.6.0/external/esmf_time_f90  -I/glade/derecho/scratch/yates/NEOM_WRF/wrfv4.6.0/main -I/glade/derecho/scratch/yates/NEOM_WRF/wrfv4.6.0/external/io_netcdf -I/glade/derecho/scratch/yates/NEOM_WRF/wrfv4.6.0/external/io_int -I/glade/derecho/scratch/yates/NEOM_WRF/wrfv4.6.0/frame -I/glade/derecho/scratch/yates/NEOM_WRF/wrfv4.6.0/share -I/glade/derecho/scratch/yates/NEOM_WRF/wrfv4.6.0/phys -I/glade/derecho/scratch/yates/NEOM_WRF/wrfv4.6.0/wrftladj -I/glade/derecho/scratch/yates/NEOM_WRF/wrfv4.6.0/chem -I/glade/derecho/scratch/yates/NEOM_WRF/wrfv4.6.0/inc -I/glade/u/apps/derecho/23.09/spack/opt/spack/netcdf/4.9.2/oneapi/2023.2.1/yzvj/include  -real-size `expr 8 \* 4` -i4  module_cam_mam_drydep.f90

real	0m0.500s
user	0m0.119s
sys	0m0.354s
rm -f ../dyn_em/module_convtrans_prep.o
sed -e "s/^\!.*'.*//" -e "s/^ *\!.*'.*//" ../dyn_em/module_convtrans_prep.F > ../dyn_em/module_convtrans_prep.G
/lib/cpp -P -nostdinc -I/glade/derecho/scratch/yates/NEOM_WRF/wrfv4.6.0/inc -DEM_CORE=1 -DNMM_CORE=0 -DNMM_MAX_DIM=2600 -DDA_CORE=0 -DWRFPLUS=0 -DIWORDSIZE=4 -DDWORDSIZE=8 -DRWORDSIZE=4 -DLWORDSIZE=4 -DNONSTANDARD_SYSTEM_FUNC  -DWRF_USE_CLM -DUSE_NETCDF4_FEATURES -DWRFIO_NCD_LARGE_FILE_SUPPORT  -DDM_PARALLEL -DNETCDF -DLANDREAD_STUB=1 -DUSE_ALLOCATABLES -Dwrfmodel -DGRIB1 -DINTIO -DKEEP_INT_AROUND -DLIMIT_ARGS -DBUILD_RRTMG_FAST=0 -DBUILD_RRTMK=0 -DBUILD_SBM_FAST=1 -DSHOW_ALL_VARS_USED=0 -DCONFIG_BUF_LEN=65536 -DMAX_DOMAINS_F=21 -DMAX_HISTORY=25 -DNMM_NEST=0 -DWRF_CHEM -DBUILD_CHEM=1 -I. -traditional-cpp -DUSE_NETCDF4_FEATURES -DWRFIO_NCD_LARGE_FILE_SUPPORT   ../dyn_em/module_convtrans_prep.G  > ../dyn_em/module_convtrans_prep.bb
/glade/derecho/scratch/yates/NEOM_WRF/wrfv4.6.0/tools/standard.exe ../dyn_em/module_convtrans_prep.bb | /lib/cpp -P -nostdinc -traditional-cpp -DUSE_NETCDF4_FEATURES -DWRFIO_NCD_LARGE_FILE_SUPPORT > ../dyn_em/module_convtrans_prep.f90
rm -f ../dyn_em/module_convtrans_prep.G ../dyn_em/module_convtrans_prep.bb
time mpif90 -f90=ifort -o ../dyn_em/module_convtrans_prep.o -c -O3 -ip -fp-model precise -w -ftz -align all -fno-alias -FR -convert big_endian    -I../dyn_em  -I/glade/derecho/scratch/yates/NEOM_WRF/wrfv4.6.0/external/esmf_time_f90  -I/glade/derecho/scratch/yates/NEOM_WRF/wrfv4.6.0/main -I/glade/derecho/scratch/yates/NEOM_WRF/wrfv4.6.0/external/io_netcdf -I/glade/derecho/scratch/yates/NEOM_WRF/wrfv4.6.0/external/io_int -I/glade/derecho/scratch/yates/NEOM_WRF/wrfv4.6.0/frame -I/glade/derecho/scratch/yates/NEOM_WRF/wrfv4.6.0/share -I/glade/derecho/scratch/yates/NEOM_WRF/wrfv4.6.0/phys -I/glade/derecho/scratch/yates/NEOM_WRF/wrfv4.6.0/wrftladj -I/glade/derecho/scratch/yates/NEOM_WRF/wrfv4.6.0/chem -I/glade/derecho/scratch/yates/NEOM_WRF/wrfv4.6.0/inc -I/glade/u/apps/derecho/23.09/spack/opt/spack/netcdf/4.9.2/oneapi/2023.2.1/yzvj/include  -real-size `expr 8 \* 4` -i4  ../dyn_em/module_convtrans_prep.f90

real	0m0.820s
user	0m0.489s
sys	0m0.302s
rm -f module_data_ISRPIA.o
sed -e "s/^\!.*'.*//" -e "s/^ *\!.*'.*//" module_data_ISRPIA.F > module_data_ISRPIA.G
/lib/cpp -P -nostdinc -I/glade/derecho/scratch/yates/NEOM_WRF/wrfv4.6.0/inc -DEM_CORE=1 -DNMM_CORE=0 -DNMM_MAX_DIM=2600 -DDA_CORE=0 -DWRFPLUS=0 -DIWORDSIZE=4 -DDWORDSIZE=8 -DRWORDSIZE=4 -DLWORDSIZE=4 -DNONSTANDARD_SYSTEM_FUNC  -DWRF_USE_CLM -DUSE_NETCDF4_FEATURES -DWRFIO_NCD_LARGE_FILE_SUPPORT  -DDM_PARALLEL -DNETCDF -DLANDREAD_STUB=1 -DUSE_ALLOCATABLES -Dwrfmodel -DGRIB1 -DINTIO -DKEEP_INT_AROUND -DLIMIT_ARGS -DBUILD_RRTMG_FAST=0 -DBUILD_RRTMK=0 -DBUILD_SBM_FAST=1 -DSHOW_ALL_VARS_USED=0 -DCONFIG_BUF_LEN=65536 -DMAX_DOMAINS_F=21 -DMAX_HISTORY=25 -DNMM_NEST=0 -DWRF_CHEM -DBUILD_CHEM=1 -I. -traditional-cpp -DUSE_NETCDF4_FEATURES -DWRFIO_NCD_LARGE_FILE_SUPPORT   module_data_ISRPIA.G  > module_data_ISRPIA.bb
/glade/derecho/scratch/yates/NEOM_WRF/wrfv4.6.0/tools/standard.exe module_data_ISRPIA.bb | /lib/cpp -P -nostdinc -traditional-cpp -DUSE_NETCDF4_FEATURES -DWRFIO_NCD_LARGE_FILE_SUPPORT > module_data_ISRPIA.f90
rm -f module_data_ISRPIA.G module_data_ISRPIA.bb
time mpif90 -f90=ifort -o module_data_ISRPIA.o -c -O3 -ip -fp-model precise -w -ftz -align all -fno-alias -FR -convert big_endian    -I../dyn_em  -I/glade/derecho/scratch/yates/NEOM_WRF/wrfv4.6.0/external/esmf_time_f90  -I/glade/derecho/scratch/yates/NEOM_WRF/wrfv4.6.0/main -I/glade/derecho/scratch/yates/NEOM_WRF/wrfv4.6.0/external/io_netcdf -I/glade/derecho/scratch/yates/NEOM_WRF/wrfv4.6.0/external/io_int -I/glade/derecho/scratch/yates/NEOM_WRF/wrfv4.6.0/frame -I/glade/derecho/scratch/yates/NEOM_WRF/wrfv4.6.0/share -I/glade/derecho/scratch/yates/NEOM_WRF/wrfv4.6.0/phys -I/glade/derecho/scratch/yates/NEOM_WRF/wrfv4.6.0/wrftladj -I/glade/derecho/scratch/yates/NEOM_WRF/wrfv4.6.0/chem -I/glade/derecho/scratch/yates/NEOM_WRF/wrfv4.6.0/inc -I/glade/u/apps/derecho/23.09/spack/opt/spack/netcdf/4.9.2/oneapi/2023.2.1/yzvj/include  -real-size `expr 8 \* 4` -i4  module_data_ISRPIA.f90

real	0m0.421s
user	0m0.074s
sys	0m0.316s
rm -f moduleHETAERO.o
sed -e "s/^\!.*'.*//" -e "s/^ *\!.*'.*//" moduleHETAERO.F > moduleHETAERO.G
/lib/cpp -P -nostdinc -I/glade/derecho/scratch/yates/NEOM_WRF/wrfv4.6.0/inc -DEM_CORE=1 -DNMM_CORE=0 -DNMM_MAX_DIM=2600 -DDA_CORE=0 -DWRFPLUS=0 -DIWORDSIZE=4 -DDWORDSIZE=8 -DRWORDSIZE=4 -DLWORDSIZE=4 -DNONSTANDARD_SYSTEM_FUNC  -DWRF_USE_CLM -DUSE_NETCDF4_FEATURES -DWRFIO_NCD_LARGE_FILE_SUPPORT  -DDM_PARALLEL -DNETCDF -DLANDREAD_STUB=1 -DUSE_ALLOCATABLES -Dwrfmodel -DGRIB1 -DINTIO -DKEEP_INT_AROUND -DLIMIT_ARGS -DBUILD_RRTMG_FAST=0 -DBUILD_RRTMK=0 -DBUILD_SBM_FAST=1 -DSHOW_ALL_VARS_USED=0 -DCONFIG_BUF_LEN=65536 -DMAX_DOMAINS_F=21 -DMAX_HISTORY=25 -DNMM_NEST=0 -DWRF_CHEM -DBUILD_CHEM=1 -I. -traditional-cpp -DUSE_NETCDF4_FEATURES -DWRFIO_NCD_LARGE_FILE_SUPPORT   moduleHETAERO.G  > moduleHETAERO.bb
/glade/derecho/scratch/yates/NEOM_WRF/wrfv4.6.0/tools/standard.exe moduleHETAERO.bb | /lib/cpp -P -nostdinc -traditional-cpp -DUSE_NETCDF4_FEATURES -DWRFIO_NCD_LARGE_FILE_SUPPORT > moduleHETAERO.f90
rm -f moduleHETAERO.G moduleHETAERO.bb
time mpif90 -f90=ifort -o moduleHETAERO.o -c -O3 -ip -fp-model precise -w -ftz -align all -fno-alias -FR -convert big_endian    -I../dyn_em  -I/glade/derecho/scratch/yates/NEOM_WRF/wrfv4.6.0/external/esmf_time_f90  -I/glade/derecho/scratch/yates/NEOM_WRF/wrfv4.6.0/main -I/glade/derecho/scratch/yates/NEOM_WRF/wrfv4.6.0/external/io_netcdf -I/glade/derecho/scratch/yates/NEOM_WRF/wrfv4.6.0/external/io_int -I/glade/derecho/scratch/yates/NEOM_WRF/wrfv4.6.0/frame -I/glade/derecho/scratch/yates/NEOM_WRF/wrfv4.6.0/share -I/glade/derecho/scratch/yates/NEOM_WRF/wrfv4.6.0/phys -I/glade/derecho/scratch/yates/NEOM_WRF/wrfv4.6.0/wrftladj -I/glade/derecho/scratch/yates/NEOM_WRF/wrfv4.6.0/chem -I/glade/derecho/scratch/yates/NEOM_WRF/wrfv4.6.0/inc -I/glade/u/apps/derecho/23.09/spack/opt/spack/netcdf/4.9.2/oneapi/2023.2.1/yzvj/include  -real-size `expr 8 \* 4` -i4  moduleHETAERO.f90

real	0m0.491s
user	0m0.112s
sys	0m0.269s
rm -f module_data_cbmz.o
sed -e "s/^\!.*'.*//" -e "s/^ *\!.*'.*//" module_data_cbmz.F > module_data_cbmz.G
/lib/cpp -P -nostdinc -I/glade/derecho/scratch/yates/NEOM_WRF/wrfv4.6.0/inc -DEM_CORE=1 -DNMM_CORE=0 -DNMM_MAX_DIM=2600 -DDA_CORE=0 -DWRFPLUS=0 -DIWORDSIZE=4 -DDWORDSIZE=8 -DRWORDSIZE=4 -DLWORDSIZE=4 -DNONSTANDARD_SYSTEM_FUNC  -DWRF_USE_CLM -DUSE_NETCDF4_FEATURES -DWRFIO_NCD_LARGE_FILE_SUPPORT  -DDM_PARALLEL -DNETCDF -DLANDREAD_STUB=1 -DUSE_ALLOCATABLES -Dwrfmodel -DGRIB1 -DINTIO -DKEEP_INT_AROUND -DLIMIT_ARGS -DBUILD_RRTMG_FAST=0 -DBUILD_RRTMK=0 -DBUILD_SBM_FAST=1 -DSHOW_ALL_VARS_USED=0 -DCONFIG_BUF_LEN=65536 -DMAX_DOMAINS_F=21 -DMAX_HISTORY=25 -DNMM_NEST=0 -DWRF_CHEM -DBUILD_CHEM=1 -I. -traditional-cpp -DUSE_NETCDF4_FEATURES -DWRFIO_NCD_LARGE_FILE_SUPPORT   module_data_cbmz.G  > module_data_cbmz.bb
/glade/derecho/scratch/yates/NEOM_WRF/wrfv4.6.0/tools/standard.exe module_data_cbmz.bb | /lib/cpp -P -nostdinc -traditional-cpp -DUSE_NETCDF4_FEATURES -DWRFIO_NCD_LARGE_FILE_SUPPORT > module_data_cbmz.f90
rm -f module_data_cbmz.G module_data_cbmz.bb
time mpif90 -f90=ifort -o module_data_cbmz.o -c -O3 -ip -fp-model precise -w -ftz -align all -fno-alias -FR -convert big_endian    -I../dyn_em  -I/glade/derecho/scratch/yates/NEOM_WRF/wrfv4.6.0/external/esmf_time_f90  -I/glade/derecho/scratch/yates/NEOM_WRF/wrfv4.6.0/main -I/glade/derecho/scratch/yates/NEOM_WRF/wrfv4.6.0/external/io_netcdf -I/glade/derecho/scratch/yates/NEOM_WRF/wrfv4.6.0/external/io_int -I/glade/derecho/scratch/yates/NEOM_WRF/wrfv4.6.0/frame -I/glade/derecho/scratch/yates/NEOM_WRF/wrfv4.6.0/share -I/glade/derecho/scratch/yates/NEOM_WRF/wrfv4.6.0/phys -I/glade/derecho/scratch/yates/NEOM_WRF/wrfv4.6.0/wrftladj -I/glade/derecho/scratch/yates/NEOM_WRF/wrfv4.6.0/chem -I/glade/derecho/scratch/yates/NEOM_WRF/wrfv4.6.0/inc -I/glade/u/apps/derecho/23.09/spack/opt/spack/netcdf/4.9.2/oneapi/2023.2.1/yzvj/include  -real-size `expr 8 \* 4` -i4  module_data_cbmz.f90

real	0m0.462s
user	0m0.120s
sys	0m0.272s
rm -f module_data_mosaic_constants.o
sed -e "s/^\!.*'.*//" -e "s/^ *\!.*'.*//" module_data_mosaic_constants.F > module_data_mosaic_constants.G
/lib/cpp -P -nostdinc -I/glade/derecho/scratch/yates/NEOM_WRF/wrfv4.6.0/inc -DEM_CORE=1 -DNMM_CORE=0 -DNMM_MAX_DIM=2600 -DDA_CORE=0 -DWRFPLUS=0 -DIWORDSIZE=4 -DDWORDSIZE=8 -DRWORDSIZE=4 -DLWORDSIZE=4 -DNONSTANDARD_SYSTEM_FUNC  -DWRF_USE_CLM -DUSE_NETCDF4_FEATURES -DWRFIO_NCD_LARGE_FILE_SUPPORT  -DDM_PARALLEL -DNETCDF -DLANDREAD_STUB=1 -DUSE_ALLOCATABLES -Dwrfmodel -DGRIB1 -DINTIO -DKEEP_INT_AROUND -DLIMIT_ARGS -DBUILD_RRTMG_FAST=0 -DBUILD_RRTMK=0 -DBUILD_SBM_FAST=1 -DSHOW_ALL_VARS_USED=0 -DCONFIG_BUF_LEN=65536 -DMAX_DOMAINS_F=21 -DMAX_HISTORY=25 -DNMM_NEST=0 -DWRF_CHEM -DBUILD_CHEM=1 -I. -traditional-cpp -DUSE_NETCDF4_FEATURES -DWRFIO_NCD_LARGE_FILE_SUPPORT   module_data_mosaic_constants.G  > module_data_mosaic_constants.bb
/glade/derecho/scratch/yates/NEOM_WRF/wrfv4.6.0/tools/standard.exe module_data_mosaic_constants.bb | /lib/cpp -P -nostdinc -traditional-cpp -DUSE_NETCDF4_FEATURES -DWRFIO_NCD_LARGE_FILE_SUPPORT > module_data_mosaic_constants.f90
rm -f module_data_mosaic_constants.G module_data_mosaic_constants.bb
time mpif90 -f90=ifort -o module_data_mosaic_constants.o -c -O3 -ip -fp-model precise -w -ftz -align all -fno-alias -FR -convert big_endian    -I../dyn_em  -I/glade/derecho/scratch/yates/NEOM_WRF/wrfv4.6.0/external/esmf_time_f90  -I/glade/derecho/scratch/yates/NEOM_WRF/wrfv4.6.0/main -I/glade/derecho/scratch/yates/NEOM_WRF/wrfv4.6.0/external/io_netcdf -I/glade/derecho/scratch/yates/NEOM_WRF/wrfv4.6.0/external/io_int -I/glade/derecho/scratch/yates/NEOM_WRF/wrfv4.6.0/frame -I/glade/derecho/scratch/yates/NEOM_WRF/wrfv4.6.0/share -I/glade/derecho/scratch/yates/NEOM_WRF/wrfv4.6.0/phys -I/glade/derecho/scratch/yates/NEOM_WRF/wrfv4.6.0/wrftladj -I/glade/derecho/scratch/yates/NEOM_WRF/wrfv4.6.0/chem -I/glade/derecho/scratch/yates/NEOM_WRF/wrfv4.6.0/inc -I/glade/u/apps/derecho/23.09/spack/opt/spack/netcdf/4.9.2/oneapi/2023.2.1/yzvj/include  -real-size `expr 8 \* 4` -i4  module_data_mosaic_constants.f90

real	0m0.410s
user	0m0.091s
sys	0m0.293s
rm -f module_data_mosaic_aero.o
sed -e "s/^\!.*'.*//" -e "s/^ *\!.*'.*//" module_data_mosaic_aero.F > module_data_mosaic_aero.G
/lib/cpp -P -nostdinc -I/glade/derecho/scratch/yates/NEOM_WRF/wrfv4.6.0/inc -DEM_CORE=1 -DNMM_CORE=0 -DNMM_MAX_DIM=2600 -DDA_CORE=0 -DWRFPLUS=0 -DIWORDSIZE=4 -DDWORDSIZE=8 -DRWORDSIZE=4 -DLWORDSIZE=4 -DNONSTANDARD_SYSTEM_FUNC  -DWRF_USE_CLM -DUSE_NETCDF4_FEATURES -DWRFIO_NCD_LARGE_FILE_SUPPORT  -DDM_PARALLEL -DNETCDF -DLANDREAD_STUB=1 -DUSE_ALLOCATABLES -Dwrfmodel -DGRIB1 -DINTIO -DKEEP_INT_AROUND -DLIMIT_ARGS -DBUILD_RRTMG_FAST=0 -DBUILD_RRTMK=0 -DBUILD_SBM_FAST=1 -DSHOW_ALL_VARS_USED=0 -DCONFIG_BUF_LEN=65536 -DMAX_DOMAINS_F=21 -DMAX_HISTORY=25 -DNMM_NEST=0 -DWRF_CHEM -DBUILD_CHEM=1 -I. -traditional-cpp -DUSE_NETCDF4_FEATURES -DWRFIO_NCD_LARGE_FILE_SUPPORT   module_data_mosaic_aero.G  > module_data_mosaic_aero.bb
/glade/derecho/scratch/yates/NEOM_WRF/wrfv4.6.0/tools/standard.exe module_data_mosaic_aero.bb | /lib/cpp -P -nostdinc -traditional-cpp -DUSE_NETCDF4_FEATURES -DWRFIO_NCD_LARGE_FILE_SUPPORT > module_data_mosaic_aero.f90
rm -f module_data_mosaic_aero.G module_data_mosaic_aero.bb
time mpif90 -f90=ifort -o module_data_mosaic_aero.o -c -O3 -ip -fp-model precise -w -ftz -align all -fno-alias -FR -convert big_endian    -I../dyn_em  -I/glade/derecho/scratch/yates/NEOM_WRF/wrfv4.6.0/external/esmf_time_f90  -I/glade/derecho/scratch/yates/NEOM_WRF/wrfv4.6.0/main -I/glade/derecho/scratch/yates/NEOM_WRF/wrfv4.6.0/external/io_netcdf -I/glade/derecho/scratch/yates/NEOM_WRF/wrfv4.6.0/external/io_int -I/glade/derecho/scratch/yates/NEOM_WRF/wrfv4.6.0/frame -I/glade/derecho/scratch/yates/NEOM_WRF/wrfv4.6.0/share -I/glade/derecho/scratch/yates/NEOM_WRF/wrfv4.6.0/phys -I/glade/derecho/scratch/yates/NEOM_WRF/wrfv4.6.0/wrftladj -I/glade/derecho/scratch/yates/NEOM_WRF/wrfv4.6.0/chem -I/glade/derecho/scratch/yates/NEOM_WRF/wrfv4.6.0/inc -I/glade/u/apps/derecho/23.09/spack/opt/spack/netcdf/4.9.2/oneapi/2023.2.1/yzvj/include  -real-size `expr 8 \* 4` -i4  module_data_mosaic_aero.f90

real	0m0.412s
user	0m0.119s
sys	0m0.266s
rm -f module_data_mosaic_main.o
sed -e "s/^\!.*'.*//" -e "s/^ *\!.*'.*//" module_data_mosaic_main.F > module_data_mosaic_main.G
/lib/cpp -P -nostdinc -I/glade/derecho/scratch/yates/NEOM_WRF/wrfv4.6.0/inc -DEM_CORE=1 -DNMM_CORE=0 -DNMM_MAX_DIM=2600 -DDA_CORE=0 -DWRFPLUS=0 -DIWORDSIZE=4 -DDWORDSIZE=8 -DRWORDSIZE=4 -DLWORDSIZE=4 -DNONSTANDARD_SYSTEM_FUNC  -DWRF_USE_CLM -DUSE_NETCDF4_FEATURES -DWRFIO_NCD_LARGE_FILE_SUPPORT  -DDM_PARALLEL -DNETCDF -DLANDREAD_STUB=1 -DUSE_ALLOCATABLES -Dwrfmodel -DGRIB1 -DINTIO -DKEEP_INT_AROUND -DLIMIT_ARGS -DBUILD_RRTMG_FAST=0 -DBUILD_RRTMK=0 -DBUILD_SBM_FAST=1 -DSHOW_ALL_VARS_USED=0 -DCONFIG_BUF_LEN=65536 -DMAX_DOMAINS_F=21 -DMAX_HISTORY=25 -DNMM_NEST=0 -DWRF_CHEM -DBUILD_CHEM=1 -I. -traditional-cpp -DUSE_NETCDF4_FEATURES -DWRFIO_NCD_LARGE_FILE_SUPPORT   module_data_mosaic_main.G  > module_data_mosaic_main.bb
/glade/derecho/scratch/yates/NEOM_WRF/wrfv4.6.0/tools/standard.exe module_data_mosaic_main.bb | /lib/cpp -P -nostdinc -traditional-cpp -DUSE_NETCDF4_FEATURES -DWRFIO_NCD_LARGE_FILE_SUPPORT > module_data_mosaic_main.f90
rm -f module_data_mosaic_main.G module_data_mosaic_main.bb
time mpif90 -f90=ifort -o module_data_mosaic_main.o -c -O3 -ip -fp-model precise -w -ftz -align all -fno-alias -FR -convert big_endian    -I../dyn_em  -I/glade/derecho/scratch/yates/NEOM_WRF/wrfv4.6.0/external/esmf_time_f90  -I/glade/derecho/scratch/yates/NEOM_WRF/wrfv4.6.0/main -I/glade/derecho/scratch/yates/NEOM_WRF/wrfv4.6.0/external/io_netcdf -I/glade/derecho/scratch/yates/NEOM_WRF/wrfv4.6.0/external/io_int -I/glade/derecho/scratch/yates/NEOM_WRF/wrfv4.6.0/frame -I/glade/derecho/scratch/yates/NEOM_WRF/wrfv4.6.0/share -I/glade/derecho/scratch/yates/NEOM_WRF/wrfv4.6.0/phys -I/glade/derecho/scratch/yates/NEOM_WRF/wrfv4.6.0/wrftladj -I/glade/derecho/scratch/yates/NEOM_WRF/wrfv4.6.0/chem -I/glade/derecho/scratch/yates/NEOM_WRF/wrfv4.6.0/inc -I/glade/u/apps/derecho/23.09/spack/opt/spack/netcdf/4.9.2/oneapi/2023.2.1/yzvj/include  -real-size `expr 8 \* 4` -i4  module_data_mosaic_main.f90

real	0m0.422s
user	0m0.117s
sys	0m0.281s
rm -f module_data_mosaic_asecthp.o
sed -e "s/^\!.*'.*//" -e "s/^ *\!.*'.*//" module_data_mosaic_asecthp.F > module_data_mosaic_asecthp.G
/lib/cpp -P -nostdinc -I/glade/derecho/scratch/yates/NEOM_WRF/wrfv4.6.0/inc -DEM_CORE=1 -DNMM_CORE=0 -DNMM_MAX_DIM=2600 -DDA_CORE=0 -DWRFPLUS=0 -DIWORDSIZE=4 -DDWORDSIZE=8 -DRWORDSIZE=4 -DLWORDSIZE=4 -DNONSTANDARD_SYSTEM_FUNC  -DWRF_USE_CLM -DUSE_NETCDF4_FEATURES -DWRFIO_NCD_LARGE_FILE_SUPPORT  -DDM_PARALLEL -DNETCDF -DLANDREAD_STUB=1 -DUSE_ALLOCATABLES -Dwrfmodel -DGRIB1 -DINTIO -DKEEP_INT_AROUND -DLIMIT_ARGS -DBUILD_RRTMG_FAST=0 -DBUILD_RRTMK=0 -DBUILD_SBM_FAST=1 -DSHOW_ALL_VARS_USED=0 -DCONFIG_BUF_LEN=65536 -DMAX_DOMAINS_F=21 -DMAX_HISTORY=25 -DNMM_NEST=0 -DWRF_CHEM -DBUILD_CHEM=1 -I. -traditional-cpp -DUSE_NETCDF4_FEATURES -DWRFIO_NCD_LARGE_FILE_SUPPORT   module_data_mosaic_asecthp.G  > module_data_mosaic_asecthp.bb
/glade/derecho/scratch/yates/NEOM_WRF/wrfv4.6.0/tools/standard.exe module_data_mosaic_asecthp.bb | /lib/cpp -P -nostdinc -traditional-cpp -DUSE_NETCDF4_FEATURES -DWRFIO_NCD_LARGE_FILE_SUPPORT > module_data_mosaic_asecthp.f90
rm -f module_data_mosaic_asecthp.G module_data_mosaic_asecthp.bb
time mpif90 -f90=ifort -o module_data_mosaic_asecthp.o -c -O3 -ip -fp-model precise -w -ftz -align all -fno-alias -FR -convert big_endian    -I../dyn_em  -I/glade/derecho/scratch/yates/NEOM_WRF/wrfv4.6.0/external/esmf_time_f90  -I/glade/derecho/scratch/yates/NEOM_WRF/wrfv4.6.0/main -I/glade/derecho/scratch/yates/NEOM_WRF/wrfv4.6.0/external/io_netcdf -I/glade/derecho/scratch/yates/NEOM_WRF/wrfv4.6.0/external/io_int -I/glade/derecho/scratch/yates/NEOM_WRF/wrfv4.6.0/frame -I/glade/derecho/scratch/yates/NEOM_WRF/wrfv4.6.0/share -I/glade/derecho/scratch/yates/NEOM_WRF/wrfv4.6.0/phys -I/glade/derecho/scratch/yates/NEOM_WRF/wrfv4.6.0/wrftladj -I/glade/derecho/scratch/yates/NEOM_WRF/wrfv4.6.0/chem -I/glade/derecho/scratch/yates/NEOM_WRF/wrfv4.6.0/inc -I/glade/u/apps/derecho/23.09/spack/opt/spack/netcdf/4.9.2/oneapi/2023.2.1/yzvj/include  -real-size `expr 8 \* 4` -i4  module_data_mosaic_asecthp.f90

real	0m0.401s
user	0m0.079s
sys	0m0.298s
rm -f module_data_mosaic_boxmod.o
sed -e "s/^\!.*'.*//" -e "s/^ *\!.*'.*//" module_data_mosaic_boxmod.F > module_data_mosaic_boxmod.G
/lib/cpp -P -nostdinc -I/glade/derecho/scratch/yates/NEOM_WRF/wrfv4.6.0/inc -DEM_CORE=1 -DNMM_CORE=0 -DNMM_MAX_DIM=2600 -DDA_CORE=0 -DWRFPLUS=0 -DIWORDSIZE=4 -DDWORDSIZE=8 -DRWORDSIZE=4 -DLWORDSIZE=4 -DNONSTANDARD_SYSTEM_FUNC  -DWRF_USE_CLM -DUSE_NETCDF4_FEATURES -DWRFIO_NCD_LARGE_FILE_SUPPORT  -DDM_PARALLEL -DNETCDF -DLANDREAD_STUB=1 -DUSE_ALLOCATABLES -Dwrfmodel -DGRIB1 -DINTIO -DKEEP_INT_AROUND -DLIMIT_ARGS -DBUILD_RRTMG_FAST=0 -DBUILD_RRTMK=0 -DBUILD_SBM_FAST=1 -DSHOW_ALL_VARS_USED=0 -DCONFIG_BUF_LEN=65536 -DMAX_DOMAINS_F=21 -DMAX_HISTORY=25 -DNMM_NEST=0 -DWRF_CHEM -DBUILD_CHEM=1 -I. -traditional-cpp -DUSE_NETCDF4_FEATURES -DWRFIO_NCD_LARGE_FILE_SUPPORT   module_data_mosaic_boxmod.G  > module_data_mosaic_boxmod.bb
/glade/derecho/scratch/yates/NEOM_WRF/wrfv4.6.0/tools/standard.exe module_data_mosaic_boxmod.bb | /lib/cpp -P -nostdinc -traditional-cpp -DUSE_NETCDF4_FEATURES -DWRFIO_NCD_LARGE_FILE_SUPPORT > module_data_mosaic_boxmod.f90
rm -f module_data_mosaic_boxmod.G module_data_mosaic_boxmod.bb
time mpif90 -f90=ifort -o module_data_mosaic_boxmod.o -c -O3 -ip -fp-model precise -w -ftz -align all -fno-alias -FR -convert big_endian    -I../dyn_em  -I/glade/derecho/scratch/yates/NEOM_WRF/wrfv4.6.0/external/esmf_time_f90  -I/glade/derecho/scratch/yates/NEOM_WRF/wrfv4.6.0/main -I/glade/derecho/scratch/yates/NEOM_WRF/wrfv4.6.0/external/io_netcdf -I/glade/derecho/scratch/yates/NEOM_WRF/wrfv4.6.0/external/io_int -I/glade/derecho/scratch/yates/NEOM_WRF/wrfv4.6.0/frame -I/glade/derecho/scratch/yates/NEOM_WRF/wrfv4.6.0/share -I/glade/derecho/scratch/yates/NEOM_WRF/wrfv4.6.0/phys -I/glade/derecho/scratch/yates/NEOM_WRF/wrfv4.6.0/wrftladj -I/glade/derecho/scratch/yates/NEOM_WRF/wrfv4.6.0/chem -I/glade/derecho/scratch/yates/NEOM_WRF/wrfv4.6.0/inc -I/glade/u/apps/derecho/23.09/spack/opt/spack/netcdf/4.9.2/oneapi/2023.2.1/yzvj/include  -real-size `expr 8 \* 4` -i4  module_data_mosaic_boxmod.f90

real	0m0.374s
user	0m0.069s
sys	0m0.279s
rm -f module_data_mosaic_therm.o
sed -e "s/^\!.*'.*//" -e "s/^ *\!.*'.*//" module_data_mosaic_therm.F > module_data_mosaic_therm.G
/lib/cpp -P -nostdinc -I/glade/derecho/scratch/yates/NEOM_WRF/wrfv4.6.0/inc -DEM_CORE=1 -DNMM_CORE=0 -DNMM_MAX_DIM=2600 -DDA_CORE=0 -DWRFPLUS=0 -DIWORDSIZE=4 -DDWORDSIZE=8 -DRWORDSIZE=4 -DLWORDSIZE=4 -DNONSTANDARD_SYSTEM_FUNC  -DWRF_USE_CLM -DUSE_NETCDF4_FEATURES -DWRFIO_NCD_LARGE_FILE_SUPPORT  -DDM_PARALLEL -DNETCDF -DLANDREAD_STUB=1 -DUSE_ALLOCATABLES -Dwrfmodel -DGRIB1 -DINTIO -DKEEP_INT_AROUND -DLIMIT_ARGS -DBUILD_RRTMG_FAST=0 -DBUILD_RRTMK=0 -DBUILD_SBM_FAST=1 -DSHOW_ALL_VARS_USED=0 -DCONFIG_BUF_LEN=65536 -DMAX_DOMAINS_F=21 -DMAX_HISTORY=25 -DNMM_NEST=0 -DWRF_CHEM -DBUILD_CHEM=1 -I. -traditional-cpp -DUSE_NETCDF4_FEATURES -DWRFIO_NCD_LARGE_FILE_SUPPORT   module_data_mosaic_therm.G  > module_data_mosaic_therm.bb
/glade/derecho/scratch/yates/NEOM_WRF/wrfv4.6.0/tools/standard.exe module_data_mosaic_therm.bb | /lib/cpp -P -nostdinc -traditional-cpp -DUSE_NETCDF4_FEATURES -DWRFIO_NCD_LARGE_FILE_SUPPORT > module_data_mosaic_therm.f90
rm -f module_data_mosaic_therm.G module_data_mosaic_therm.bb
time mpif90 -f90=ifort -o module_data_mosaic_therm.o -c -O3 -ip -fp-model precise -w -ftz -align all -fno-alias -FR -convert big_endian    -I../dyn_em  -I/glade/derecho/scratch/yates/NEOM_WRF/wrfv4.6.0/external/esmf_time_f90  -I/glade/derecho/scratch/yates/NEOM_WRF/wrfv4.6.0/main -I/glade/derecho/scratch/yates/NEOM_WRF/wrfv4.6.0/external/io_netcdf -I/glade/derecho/scratch/yates/NEOM_WRF/wrfv4.6.0/external/io_int -I/glade/derecho/scratch/yates/NEOM_WRF/wrfv4.6.0/frame -I/glade/derecho/scratch/yates/NEOM_WRF/wrfv4.6.0/share -I/glade/derecho/scratch/yates/NEOM_WRF/wrfv4.6.0/phys -I/glade/derecho/scratch/yates/NEOM_WRF/wrfv4.6.0/wrftladj -I/glade/derecho/scratch/yates/NEOM_WRF/wrfv4.6.0/chem -I/glade/derecho/scratch/yates/NEOM_WRF/wrfv4.6.0/inc -I/glade/u/apps/derecho/23.09/spack/opt/spack/netcdf/4.9.2/oneapi/2023.2.1/yzvj/include  -real-size `expr 8 \* 4` -i4  module_data_mosaic_therm.f90

real	0m0.392s
user	0m0.112s
sys	0m0.254s
rm -f module_ftuv_subs.o
sed -e "s/^\!.*'.*//" -e "s/^ *\!.*'.*//" module_ftuv_subs.F > module_ftuv_subs.G
/lib/cpp -P -nostdinc -I/glade/derecho/scratch/yates/NEOM_WRF/wrfv4.6.0/inc -DEM_CORE=1 -DNMM_CORE=0 -DNMM_MAX_DIM=2600 -DDA_CORE=0 -DWRFPLUS=0 -DIWORDSIZE=4 -DDWORDSIZE=8 -DRWORDSIZE=4 -DLWORDSIZE=4 -DNONSTANDARD_SYSTEM_FUNC  -DWRF_USE_CLM -DUSE_NETCDF4_FEATURES -DWRFIO_NCD_LARGE_FILE_SUPPORT  -DDM_PARALLEL -DNETCDF -DLANDREAD_STUB=1 -DUSE_ALLOCATABLES -Dwrfmodel -DGRIB1 -DINTIO -DKEEP_INT_AROUND -DLIMIT_ARGS -DBUILD_RRTMG_FAST=0 -DBUILD_RRTMK=0 -DBUILD_SBM_FAST=1 -DSHOW_ALL_VARS_USED=0 -DCONFIG_BUF_LEN=65536 -DMAX_DOMAINS_F=21 -DMAX_HISTORY=25 -DNMM_NEST=0 -DWRF_CHEM -DBUILD_CHEM=1 -I. -traditional-cpp -DUSE_NETCDF4_FEATURES -DWRFIO_NCD_LARGE_FILE_SUPPORT   module_ftuv_subs.G  > module_ftuv_subs.bb
/glade/derecho/scratch/yates/NEOM_WRF/wrfv4.6.0/tools/standard.exe module_ftuv_subs.bb | /lib/cpp -P -nostdinc -traditional-cpp -DUSE_NETCDF4_FEATURES -DWRFIO_NCD_LARGE_FILE_SUPPORT > module_ftuv_subs.f90
rm -f module_ftuv_subs.G module_ftuv_subs.bb
time mpif90 -f90=ifort -o module_ftuv_subs.o -c -O3 -ip -fp-model precise -w -ftz -align all -fno-alias -FR -convert big_endian    -I../dyn_em  -I/glade/derecho/scratch/yates/NEOM_WRF/wrfv4.6.0/external/esmf_time_f90  -I/glade/derecho/scratch/yates/NEOM_WRF/wrfv4.6.0/main -I/glade/derecho/scratch/yates/NEOM_WRF/wrfv4.6.0/external/io_netcdf -I/glade/derecho/scratch/yates/NEOM_WRF/wrfv4.6.0/external/io_int -I/glade/derecho/scratch/yates/NEOM_WRF/wrfv4.6.0/frame -I/glade/derecho/scratch/yates/NEOM_WRF/wrfv4.6.0/share -I/glade/derecho/scratch/yates/NEOM_WRF/wrfv4.6.0/phys -I/glade/derecho/scratch/yates/NEOM_WRF/wrfv4.6.0/wrftladj -I/glade/derecho/scratch/yates/NEOM_WRF/wrfv4.6.0/chem -I/glade/derecho/scratch/yates/NEOM_WRF/wrfv4.6.0/inc -I/glade/u/apps/derecho/23.09/spack/opt/spack/netcdf/4.9.2/oneapi/2023.2.1/yzvj/include  -real-size `expr 8 \* 4` -i4  module_ftuv_subs.f90

real	0m4.099s
user	0m3.739s
sys	0m0.333s
rm -f module_tropopause.o
sed -e "s/^\!.*'.*//" -e "s/^ *\!.*'.*//" module_tropopause.F > module_tropopause.G
/lib/cpp -P -nostdinc -I/glade/derecho/scratch/yates/NEOM_WRF/wrfv4.6.0/inc -DEM_CORE=1 -DNMM_CORE=0 -DNMM_MAX_DIM=2600 -DDA_CORE=0 -DWRFPLUS=0 -DIWORDSIZE=4 -DDWORDSIZE=8 -DRWORDSIZE=4 -DLWORDSIZE=4 -DNONSTANDARD_SYSTEM_FUNC  -DWRF_USE_CLM -DUSE_NETCDF4_FEATURES -DWRFIO_NCD_LARGE_FILE_SUPPORT  -DDM_PARALLEL -DNETCDF -DLANDREAD_STUB=1 -DUSE_ALLOCATABLES -Dwrfmodel -DGRIB1 -DINTIO -DKEEP_INT_AROUND -DLIMIT_ARGS -DBUILD_RRTMG_FAST=0 -DBUILD_RRTMK=0 -DBUILD_SBM_FAST=1 -DSHOW_ALL_VARS_USED=0 -DCONFIG_BUF_LEN=65536 -DMAX_DOMAINS_F=21 -DMAX_HISTORY=25 -DNMM_NEST=0 -DWRF_CHEM -DBUILD_CHEM=1 -I. -traditional-cpp -DUSE_NETCDF4_FEATURES -DWRFIO_NCD_LARGE_FILE_SUPPORT   module_tropopause.G  > module_tropopause.bb
/glade/derecho/scratch/yates/NEOM_WRF/wrfv4.6.0/tools/standard.exe module_tropopause.bb | /lib/cpp -P -nostdinc -traditional-cpp -DUSE_NETCDF4_FEATURES -DWRFIO_NCD_LARGE_FILE_SUPPORT > module_tropopause.f90
rm -f module_tropopause.G module_tropopause.bb
time mpif90 -f90=ifort -o module_tropopause.o -c -O3 -ip -fp-model precise -w -ftz -align all -fno-alias -FR -convert big_endian    -I../dyn_em  -I/glade/derecho/scratch/yates/NEOM_WRF/wrfv4.6.0/external/esmf_time_f90  -I/glade/derecho/scratch/yates/NEOM_WRF/wrfv4.6.0/main -I/glade/derecho/scratch/yates/NEOM_WRF/wrfv4.6.0/external/io_netcdf -I/glade/derecho/scratch/yates/NEOM_WRF/wrfv4.6.0/external/io_int -I/glade/derecho/scratch/yates/NEOM_WRF/wrfv4.6.0/frame -I/glade/derecho/scratch/yates/NEOM_WRF/wrfv4.6.0/share -I/glade/derecho/scratch/yates/NEOM_WRF/wrfv4.6.0/phys -I/glade/derecho/scratch/yates/NEOM_WRF/wrfv4.6.0/wrftladj -I/glade/derecho/scratch/yates/NEOM_WRF/wrfv4.6.0/chem -I/glade/derecho/scratch/yates/NEOM_WRF/wrfv4.6.0/inc -I/glade/u/apps/derecho/23.09/spack/opt/spack/netcdf/4.9.2/oneapi/2023.2.1/yzvj/include  -real-size `expr 8 \* 4` -i4  module_tropopause.f90

real	0m1.093s
user	0m0.698s
sys	0m0.363s
rm -f module_chem_plumerise_scalar.o
sed -e "s/^\!.*'.*//" -e "s/^ *\!.*'.*//" module_chem_plumerise_scalar.F > module_chem_plumerise_scalar.G
/lib/cpp -P -nostdinc -I/glade/derecho/scratch/yates/NEOM_WRF/wrfv4.6.0/inc -DEM_CORE=1 -DNMM_CORE=0 -DNMM_MAX_DIM=2600 -DDA_CORE=0 -DWRFPLUS=0 -DIWORDSIZE=4 -DDWORDSIZE=8 -DRWORDSIZE=4 -DLWORDSIZE=4 -DNONSTANDARD_SYSTEM_FUNC  -DWRF_USE_CLM -DUSE_NETCDF4_FEATURES -DWRFIO_NCD_LARGE_FILE_SUPPORT  -DDM_PARALLEL -DNETCDF -DLANDREAD_STUB=1 -DUSE_ALLOCATABLES -Dwrfmodel -DGRIB1 -DINTIO -DKEEP_INT_AROUND -DLIMIT_ARGS -DBUILD_RRTMG_FAST=0 -DBUILD_RRTMK=0 -DBUILD_SBM_FAST=1 -DSHOW_ALL_VARS_USED=0 -DCONFIG_BUF_LEN=65536 -DMAX_DOMAINS_F=21 -DMAX_HISTORY=25 -DNMM_NEST=0 -DWRF_CHEM -DBUILD_CHEM=1 -I. -traditional-cpp -DUSE_NETCDF4_FEATURES -DWRFIO_NCD_LARGE_FILE_SUPPORT   module_chem_plumerise_scalar.G  > module_chem_plumerise_scalar.bb
/glade/derecho/scratch/yates/NEOM_WRF/wrfv4.6.0/tools/standard.exe module_chem_plumerise_scalar.bb | /lib/cpp -P -nostdinc -traditional-cpp -DUSE_NETCDF4_FEATURES -DWRFIO_NCD_LARGE_FILE_SUPPORT > module_chem_plumerise_scalar.f90
rm -f module_chem_plumerise_scalar.G module_chem_plumerise_scalar.bb
time mpif90 -f90=ifort -o module_chem_plumerise_scalar.o -c -O3 -ip -fp-model precise -w -ftz -align all -fno-alias -FR -convert big_endian    -I../dyn_em  -I/glade/derecho/scratch/yates/NEOM_WRF/wrfv4.6.0/external/esmf_time_f90  -I/glade/derecho/scratch/yates/NEOM_WRF/wrfv4.6.0/main -I/glade/derecho/scratch/yates/NEOM_WRF/wrfv4.6.0/external/io_netcdf -I/glade/derecho/scratch/yates/NEOM_WRF/wrfv4.6.0/external/io_int -I/glade/derecho/scratch/yates/NEOM_WRF/wrfv4.6.0/frame -I/glade/derecho/scratch/yates/NEOM_WRF/wrfv4.6.0/share -I/glade/derecho/scratch/yates/NEOM_WRF/wrfv4.6.0/phys -I/glade/derecho/scratch/yates/NEOM_WRF/wrfv4.6.0/wrftladj -I/glade/derecho/scratch/yates/NEOM_WRF/wrfv4.6.0/chem -I/glade/derecho/scratch/yates/NEOM_WRF/wrfv4.6.0/inc -I/glade/u/apps/derecho/23.09/spack/opt/spack/netcdf/4.9.2/oneapi/2023.2.1/yzvj/include  -real-size `expr 8 \* 4` -i4  module_chem_plumerise_scalar.f90

real	0m2.220s
user	0m1.841s
sys	0m0.325s
rm -f module_mosaic_addemiss.o
sed -e "s/^\!.*'.*//" -e "s/^ *\!.*'.*//" module_mosaic_addemiss.F > module_mosaic_addemiss.G
/lib/cpp -P -nostdinc -I/glade/derecho/scratch/yates/NEOM_WRF/wrfv4.6.0/inc -DEM_CORE=1 -DNMM_CORE=0 -DNMM_MAX_DIM=2600 -DDA_CORE=0 -DWRFPLUS=0 -DIWORDSIZE=4 -DDWORDSIZE=8 -DRWORDSIZE=4 -DLWORDSIZE=4 -DNONSTANDARD_SYSTEM_FUNC  -DWRF_USE_CLM -DUSE_NETCDF4_FEATURES -DWRFIO_NCD_LARGE_FILE_SUPPORT  -DDM_PARALLEL -DNETCDF -DLANDREAD_STUB=1 -DUSE_ALLOCATABLES -Dwrfmodel -DGRIB1 -DINTIO -DKEEP_INT_AROUND -DLIMIT_ARGS -DBUILD_RRTMG_FAST=0 -DBUILD_RRTMK=0 -DBUILD_SBM_FAST=1 -DSHOW_ALL_VARS_USED=0 -DCONFIG_BUF_LEN=65536 -DMAX_DOMAINS_F=21 -DMAX_HISTORY=25 -DNMM_NEST=0 -DWRF_CHEM -DBUILD_CHEM=1 -I. -traditional-cpp -DUSE_NETCDF4_FEATURES -DWRFIO_NCD_LARGE_FILE_SUPPORT   module_mosaic_addemiss.G  > module_mosaic_addemiss.bb
/glade/derecho/scratch/yates/NEOM_WRF/wrfv4.6.0/tools/standard.exe module_mosaic_addemiss.bb | /lib/cpp -P -nostdinc -traditional-cpp -DUSE_NETCDF4_FEATURES -DWRFIO_NCD_LARGE_FILE_SUPPORT > module_mosaic_addemiss.f90
rm -f module_mosaic_addemiss.G module_mosaic_addemiss.bb
time mpif90 -f90=ifort -o module_mosaic_addemiss.o -c -O3 -ip -fp-model precise -w -ftz -align all -fno-alias -FR -convert big_endian    -I../dyn_em  -I/glade/derecho/scratch/yates/NEOM_WRF/wrfv4.6.0/external/esmf_time_f90  -I/glade/derecho/scratch/yates/NEOM_WRF/wrfv4.6.0/main -I/glade/derecho/scratch/yates/NEOM_WRF/wrfv4.6.0/external/io_netcdf -I/glade/derecho/scratch/yates/NEOM_WRF/wrfv4.6.0/external/io_int -I/glade/derecho/scratch/yates/NEOM_WRF/wrfv4.6.0/frame -I/glade/derecho/scratch/yates/NEOM_WRF/wrfv4.6.0/share -I/glade/derecho/scratch/yates/NEOM_WRF/wrfv4.6.0/phys -I/glade/derecho/scratch/yates/NEOM_WRF/wrfv4.6.0/wrftladj -I/glade/derecho/scratch/yates/NEOM_WRF/wrfv4.6.0/chem -I/glade/derecho/scratch/yates/NEOM_WRF/wrfv4.6.0/inc -I/glade/u/apps/derecho/23.09/spack/opt/spack/netcdf/4.9.2/oneapi/2023.2.1/yzvj/include  -real-size `expr 8 \* 4` -i4  module_mosaic_addemiss.f90

real	0m2.735s
user	0m2.294s
sys	0m0.407s
rm -f module_isocom.o
sed -e "s/^\!.*'.*//" -e "s/^ *\!.*'.*//" module_isocom.F > module_isocom.G
/lib/cpp -P -nostdinc -I/glade/derecho/scratch/yates/NEOM_WRF/wrfv4.6.0/inc -DEM_CORE=1 -DNMM_CORE=0 -DNMM_MAX_DIM=2600 -DDA_CORE=0 -DWRFPLUS=0 -DIWORDSIZE=4 -DDWORDSIZE=8 -DRWORDSIZE=4 -DLWORDSIZE=4 -DNONSTANDARD_SYSTEM_FUNC  -DWRF_USE_CLM -DUSE_NETCDF4_FEATURES -DWRFIO_NCD_LARGE_FILE_SUPPORT  -DDM_PARALLEL -DNETCDF -DLANDREAD_STUB=1 -DUSE_ALLOCATABLES -Dwrfmodel -DGRIB1 -DINTIO -DKEEP_INT_AROUND -DLIMIT_ARGS -DBUILD_RRTMG_FAST=0 -DBUILD_RRTMK=0 -DBUILD_SBM_FAST=1 -DSHOW_ALL_VARS_USED=0 -DCONFIG_BUF_LEN=65536 -DMAX_DOMAINS_F=21 -DMAX_HISTORY=25 -DNMM_NEST=0 -DWRF_CHEM -DBUILD_CHEM=1 -I. -traditional-cpp -DUSE_NETCDF4_FEATURES -DWRFIO_NCD_LARGE_FILE_SUPPORT   module_isocom.G  > module_isocom.bb
/glade/derecho/scratch/yates/NEOM_WRF/wrfv4.6.0/tools/standard.exe module_isocom.bb | /lib/cpp -P -nostdinc -traditional-cpp -DUSE_NETCDF4_FEATURES -DWRFIO_NCD_LARGE_FILE_SUPPORT > module_isocom.f90
rm -f module_isocom.G module_isocom.bb
time mpif90 -f90=ifort -o module_isocom.o -c -O3 -ip -fp-model precise -w -ftz -align all -fno-alias -FR -convert big_endian    -I../dyn_em  -I/glade/derecho/scratch/yates/NEOM_WRF/wrfv4.6.0/external/esmf_time_f90  -I/glade/derecho/scratch/yates/NEOM_WRF/wrfv4.6.0/main -I/glade/derecho/scratch/yates/NEOM_WRF/wrfv4.6.0/external/io_netcdf -I/glade/derecho/scratch/yates/NEOM_WRF/wrfv4.6.0/external/io_int -I/glade/derecho/scratch/yates/NEOM_WRF/wrfv4.6.0/frame -I/glade/derecho/scratch/yates/NEOM_WRF/wrfv4.6.0/share -I/glade/derecho/scratch/yates/NEOM_WRF/wrfv4.6.0/phys -I/glade/derecho/scratch/yates/NEOM_WRF/wrfv4.6.0/wrftladj -I/glade/derecho/scratch/yates/NEOM_WRF/wrfv4.6.0/chem -I/glade/derecho/scratch/yates/NEOM_WRF/wrfv4.6.0/inc -I/glade/u/apps/derecho/23.09/spack/opt/spack/netcdf/4.9.2/oneapi/2023.2.1/yzvj/include  -real-size `expr 8 \* 4` -i4  module_isocom.f90

real	0m2.190s
user	0m1.735s
sys	0m0.428s
rm -f module_uoc_dust.o
sed -e "s/^\!.*'.*//" -e "s/^ *\!.*'.*//" module_uoc_dust.F > module_uoc_dust.G
/lib/cpp -P -nostdinc -I/glade/derecho/scratch/yates/NEOM_WRF/wrfv4.6.0/inc -DEM_CORE=1 -DNMM_CORE=0 -DNMM_MAX_DIM=2600 -DDA_CORE=0 -DWRFPLUS=0 -DIWORDSIZE=4 -DDWORDSIZE=8 -DRWORDSIZE=4 -DLWORDSIZE=4 -DNONSTANDARD_SYSTEM_FUNC  -DWRF_USE_CLM -DUSE_NETCDF4_FEATURES -DWRFIO_NCD_LARGE_FILE_SUPPORT  -DDM_PARALLEL -DNETCDF -DLANDREAD_STUB=1 -DUSE_ALLOCATABLES -Dwrfmodel -DGRIB1 -DINTIO -DKEEP_INT_AROUND -DLIMIT_ARGS -DBUILD_RRTMG_FAST=0 -DBUILD_RRTMK=0 -DBUILD_SBM_FAST=1 -DSHOW_ALL_VARS_USED=0 -DCONFIG_BUF_LEN=65536 -DMAX_DOMAINS_F=21 -DMAX_HISTORY=25 -DNMM_NEST=0 -DWRF_CHEM -DBUILD_CHEM=1 -I. -traditional-cpp -DUSE_NETCDF4_FEATURES -DWRFIO_NCD_LARGE_FILE_SUPPORT   module_uoc_dust.G  > module_uoc_dust.bb
/glade/derecho/scratch/yates/NEOM_WRF/wrfv4.6.0/tools/standard.exe module_uoc_dust.bb | /lib/cpp -P -nostdinc -traditional-cpp -DUSE_NETCDF4_FEATURES -DWRFIO_NCD_LARGE_FILE_SUPPORT > module_uoc_dust.f90
rm -f module_uoc_dust.G module_uoc_dust.bb
time mpif90 -f90=ifort -o module_uoc_dust.o -c -O3 -ip -fp-model precise -w -ftz -align all -fno-alias -FR -convert big_endian    -I../dyn_em  -I/glade/derecho/scratch/yates/NEOM_WRF/wrfv4.6.0/external/esmf_time_f90  -I/glade/derecho/scratch/yates/NEOM_WRF/wrfv4.6.0/main -I/glade/derecho/scratch/yates/NEOM_WRF/wrfv4.6.0/external/io_netcdf -I/glade/derecho/scratch/yates/NEOM_WRF/wrfv4.6.0/external/io_int -I/glade/derecho/scratch/yates/NEOM_WRF/wrfv4.6.0/frame -I/glade/derecho/scratch/yates/NEOM_WRF/wrfv4.6.0/share -I/glade/derecho/scratch/yates/NEOM_WRF/wrfv4.6.0/phys -I/glade/derecho/scratch/yates/NEOM_WRF/wrfv4.6.0/wrftladj -I/glade/derecho/scratch/yates/NEOM_WRF/wrfv4.6.0/chem -I/glade/derecho/scratch/yates/NEOM_WRF/wrfv4.6.0/inc -I/glade/u/apps/derecho/23.09/spack/opt/spack/netcdf/4.9.2/oneapi/2023.2.1/yzvj/include  -real-size `expr 8 \* 4` -i4  module_uoc_dust.f90

real	0m0.811s
user	0m0.474s
sys	0m0.308s
rm -f module_uoc_dustwd.o
sed -e "s/^\!.*'.*//" -e "s/^ *\!.*'.*//" module_uoc_dustwd.F > module_uoc_dustwd.G
/lib/cpp -P -nostdinc -I/glade/derecho/scratch/yates/NEOM_WRF/wrfv4.6.0/inc -DEM_CORE=1 -DNMM_CORE=0 -DNMM_MAX_DIM=2600 -DDA_CORE=0 -DWRFPLUS=0 -DIWORDSIZE=4 -DDWORDSIZE=8 -DRWORDSIZE=4 -DLWORDSIZE=4 -DNONSTANDARD_SYSTEM_FUNC  -DWRF_USE_CLM -DUSE_NETCDF4_FEATURES -DWRFIO_NCD_LARGE_FILE_SUPPORT  -DDM_PARALLEL -DNETCDF -DLANDREAD_STUB=1 -DUSE_ALLOCATABLES -Dwrfmodel -DGRIB1 -DINTIO -DKEEP_INT_AROUND -DLIMIT_ARGS -DBUILD_RRTMG_FAST=0 -DBUILD_RRTMK=0 -DBUILD_SBM_FAST=1 -DSHOW_ALL_VARS_USED=0 -DCONFIG_BUF_LEN=65536 -DMAX_DOMAINS_F=21 -DMAX_HISTORY=25 -DNMM_NEST=0 -DWRF_CHEM -DBUILD_CHEM=1 -I. -traditional-cpp -DUSE_NETCDF4_FEATURES -DWRFIO_NCD_LARGE_FILE_SUPPORT   module_uoc_dustwd.G  > module_uoc_dustwd.bb
/glade/derecho/scratch/yates/NEOM_WRF/wrfv4.6.0/tools/standard.exe module_uoc_dustwd.bb | /lib/cpp -P -nostdinc -traditional-cpp -DUSE_NETCDF4_FEATURES -DWRFIO_NCD_LARGE_FILE_SUPPORT > module_uoc_dustwd.f90
rm -f module_uoc_dustwd.G module_uoc_dustwd.bb
time mpif90 -f90=ifort -o module_uoc_dustwd.o -c -O3 -ip -fp-model precise -w -ftz -align all -fno-alias -FR -convert big_endian    -I../dyn_em  -I/glade/derecho/scratch/yates/NEOM_WRF/wrfv4.6.0/external/esmf_time_f90  -I/glade/derecho/scratch/yates/NEOM_WRF/wrfv4.6.0/main -I/glade/derecho/scratch/yates/NEOM_WRF/wrfv4.6.0/external/io_netcdf -I/glade/derecho/scratch/yates/NEOM_WRF/wrfv4.6.0/external/io_int -I/glade/derecho/scratch/yates/NEOM_WRF/wrfv4.6.0/frame -I/glade/derecho/scratch/yates/NEOM_WRF/wrfv4.6.0/share -I/glade/derecho/scratch/yates/NEOM_WRF/wrfv4.6.0/phys -I/glade/derecho/scratch/yates/NEOM_WRF/wrfv4.6.0/wrftladj -I/glade/derecho/scratch/yates/NEOM_WRF/wrfv4.6.0/chem -I/glade/derecho/scratch/yates/NEOM_WRF/wrfv4.6.0/inc -I/glade/u/apps/derecho/23.09/spack/opt/spack/netcdf/4.9.2/oneapi/2023.2.1/yzvj/include  -real-size `expr 8 \* 4` -i4  module_uoc_dustwd.f90

real	0m1.831s
user	0m1.427s
sys	0m0.377s
rm -f module_mosaic_support.o
sed -e "s/^\!.*'.*//" -e "s/^ *\!.*'.*//" module_mosaic_support.F > module_mosaic_support.G
/lib/cpp -P -nostdinc -I/glade/derecho/scratch/yates/NEOM_WRF/wrfv4.6.0/inc -DEM_CORE=1 -DNMM_CORE=0 -DNMM_MAX_DIM=2600 -DDA_CORE=0 -DWRFPLUS=0 -DIWORDSIZE=4 -DDWORDSIZE=8 -DRWORDSIZE=4 -DLWORDSIZE=4 -DNONSTANDARD_SYSTEM_FUNC  -DWRF_USE_CLM -DUSE_NETCDF4_FEATURES -DWRFIO_NCD_LARGE_FILE_SUPPORT  -DDM_PARALLEL -DNETCDF -DLANDREAD_STUB=1 -DUSE_ALLOCATABLES -Dwrfmodel -DGRIB1 -DINTIO -DKEEP_INT_AROUND -DLIMIT_ARGS -DBUILD_RRTMG_FAST=0 -DBUILD_RRTMK=0 -DBUILD_SBM_FAST=1 -DSHOW_ALL_VARS_USED=0 -DCONFIG_BUF_LEN=65536 -DMAX_DOMAINS_F=21 -DMAX_HISTORY=25 -DNMM_NEST=0 -DWRF_CHEM -DBUILD_CHEM=1 -I. -traditional-cpp -DUSE_NETCDF4_FEATURES -DWRFIO_NCD_LARGE_FILE_SUPPORT   module_mosaic_support.G  > module_mosaic_support.bb
/glade/derecho/scratch/yates/NEOM_WRF/wrfv4.6.0/tools/standard.exe module_mosaic_support.bb | /lib/cpp -P -nostdinc -traditional-cpp -DUSE_NETCDF4_FEATURES -DWRFIO_NCD_LARGE_FILE_SUPPORT > module_mosaic_support.f90
rm -f module_mosaic_support.G module_mosaic_support.bb
time mpif90 -f90=ifort -o module_mosaic_support.o -c -O3 -ip -fp-model precise -w -ftz -align all -fno-alias -FR -convert big_endian    -I../dyn_em  -I/glade/derecho/scratch/yates/NEOM_WRF/wrfv4.6.0/external/esmf_time_f90  -I/glade/derecho/scratch/yates/NEOM_WRF/wrfv4.6.0/main -I/glade/derecho/scratch/yates/NEOM_WRF/wrfv4.6.0/external/io_netcdf -I/glade/derecho/scratch/yates/NEOM_WRF/wrfv4.6.0/external/io_int -I/glade/derecho/scratch/yates/NEOM_WRF/wrfv4.6.0/frame -I/glade/derecho/scratch/yates/NEOM_WRF/wrfv4.6.0/share -I/glade/derecho/scratch/yates/NEOM_WRF/wrfv4.6.0/phys -I/glade/derecho/scratch/yates/NEOM_WRF/wrfv4.6.0/wrftladj -I/glade/derecho/scratch/yates/NEOM_WRF/wrfv4.6.0/chem -I/glade/derecho/scratch/yates/NEOM_WRF/wrfv4.6.0/inc -I/glade/u/apps/derecho/23.09/spack/opt/spack/netcdf/4.9.2/oneapi/2023.2.1/yzvj/include  -real-size `expr 8 \* 4` -i4  module_mosaic_support.f90

real	0m0.385s
user	0m0.077s
sys	0m0.286s
rm -f module_mosaic_soa_vbs.o
sed -e "s/^\!.*'.*//" -e "s/^ *\!.*'.*//" module_mosaic_soa_vbs.F > module_mosaic_soa_vbs.G
/lib/cpp -P -nostdinc -I/glade/derecho/scratch/yates/NEOM_WRF/wrfv4.6.0/inc -DEM_CORE=1 -DNMM_CORE=0 -DNMM_MAX_DIM=2600 -DDA_CORE=0 -DWRFPLUS=0 -DIWORDSIZE=4 -DDWORDSIZE=8 -DRWORDSIZE=4 -DLWORDSIZE=4 -DNONSTANDARD_SYSTEM_FUNC  -DWRF_USE_CLM -DUSE_NETCDF4_FEATURES -DWRFIO_NCD_LARGE_FILE_SUPPORT  -DDM_PARALLEL -DNETCDF -DLANDREAD_STUB=1 -DUSE_ALLOCATABLES -Dwrfmodel -DGRIB1 -DINTIO -DKEEP_INT_AROUND -DLIMIT_ARGS -DBUILD_RRTMG_FAST=0 -DBUILD_RRTMK=0 -DBUILD_SBM_FAST=1 -DSHOW_ALL_VARS_USED=0 -DCONFIG_BUF_LEN=65536 -DMAX_DOMAINS_F=21 -DMAX_HISTORY=25 -DNMM_NEST=0 -DWRF_CHEM -DBUILD_CHEM=1 -I. -traditional-cpp -DUSE_NETCDF4_FEATURES -DWRFIO_NCD_LARGE_FILE_SUPPORT   module_mosaic_soa_vbs.G  > module_mosaic_soa_vbs.bb
/glade/derecho/scratch/yates/NEOM_WRF/wrfv4.6.0/tools/standard.exe module_mosaic_soa_vbs.bb | /lib/cpp -P -nostdinc -traditional-cpp -DUSE_NETCDF4_FEATURES -DWRFIO_NCD_LARGE_FILE_SUPPORT > module_mosaic_soa_vbs.f90
rm -f module_mosaic_soa_vbs.G module_mosaic_soa_vbs.bb
time mpif90 -f90=ifort -o module_mosaic_soa_vbs.o -c -O3 -ip -fp-model precise -w -ftz -align all -fno-alias -FR -convert big_endian    -I../dyn_em  -I/glade/derecho/scratch/yates/NEOM_WRF/wrfv4.6.0/external/esmf_time_f90  -I/glade/derecho/scratch/yates/NEOM_WRF/wrfv4.6.0/main -I/glade/derecho/scratch/yates/NEOM_WRF/wrfv4.6.0/external/io_netcdf -I/glade/derecho/scratch/yates/NEOM_WRF/wrfv4.6.0/external/io_int -I/glade/derecho/scratch/yates/NEOM_WRF/wrfv4.6.0/frame -I/glade/derecho/scratch/yates/NEOM_WRF/wrfv4.6.0/share -I/glade/derecho/scratch/yates/NEOM_WRF/wrfv4.6.0/phys -I/glade/derecho/scratch/yates/NEOM_WRF/wrfv4.6.0/wrftladj -I/glade/derecho/scratch/yates/NEOM_WRF/wrfv4.6.0/chem -I/glade/derecho/scratch/yates/NEOM_WRF/wrfv4.6.0/inc -I/glade/u/apps/derecho/23.09/spack/opt/spack/netcdf/4.9.2/oneapi/2023.2.1/yzvj/include  -real-size `expr 8 \* 4` -i4  module_mosaic_soa_vbs.f90

real	0m9.601s
user	0m9.145s
sys	0m0.417s
rm -f module_mosaic_coag1d.o
sed -e "s/^\!.*'.*//" -e "s/^ *\!.*'.*//" module_mosaic_coag1d.F > module_mosaic_coag1d.G
/lib/cpp -P -nostdinc -I/glade/derecho/scratch/yates/NEOM_WRF/wrfv4.6.0/inc -DEM_CORE=1 -DNMM_CORE=0 -DNMM_MAX_DIM=2600 -DDA_CORE=0 -DWRFPLUS=0 -DIWORDSIZE=4 -DDWORDSIZE=8 -DRWORDSIZE=4 -DLWORDSIZE=4 -DNONSTANDARD_SYSTEM_FUNC  -DWRF_USE_CLM -DUSE_NETCDF4_FEATURES -DWRFIO_NCD_LARGE_FILE_SUPPORT  -DDM_PARALLEL -DNETCDF -DLANDREAD_STUB=1 -DUSE_ALLOCATABLES -Dwrfmodel -DGRIB1 -DINTIO -DKEEP_INT_AROUND -DLIMIT_ARGS -DBUILD_RRTMG_FAST=0 -DBUILD_RRTMK=0 -DBUILD_SBM_FAST=1 -DSHOW_ALL_VARS_USED=0 -DCONFIG_BUF_LEN=65536 -DMAX_DOMAINS_F=21 -DMAX_HISTORY=25 -DNMM_NEST=0 -DWRF_CHEM -DBUILD_CHEM=1 -I. -traditional-cpp -DUSE_NETCDF4_FEATURES -DWRFIO_NCD_LARGE_FILE_SUPPORT   module_mosaic_coag1d.G  > module_mosaic_coag1d.bb
/glade/derecho/scratch/yates/NEOM_WRF/wrfv4.6.0/tools/standard.exe module_mosaic_coag1d.bb | /lib/cpp -P -nostdinc -traditional-cpp -DUSE_NETCDF4_FEATURES -DWRFIO_NCD_LARGE_FILE_SUPPORT > module_mosaic_coag1d.f90
rm -f module_mosaic_coag1d.G module_mosaic_coag1d.bb
time mpif90 -f90=ifort -o module_mosaic_coag1d.o -c -O3 -ip -fp-model precise -w -ftz -align all -fno-alias -FR -convert big_endian    -I../dyn_em  -I/glade/derecho/scratch/yates/NEOM_WRF/wrfv4.6.0/external/esmf_time_f90  -I/glade/derecho/scratch/yates/NEOM_WRF/wrfv4.6.0/main -I/glade/derecho/scratch/yates/NEOM_WRF/wrfv4.6.0/external/io_netcdf -I/glade/derecho/scratch/yates/NEOM_WRF/wrfv4.6.0/external/io_int -I/glade/derecho/scratch/yates/NEOM_WRF/wrfv4.6.0/frame -I/glade/derecho/scratch/yates/NEOM_WRF/wrfv4.6.0/share -I/glade/derecho/scratch/yates/NEOM_WRF/wrfv4.6.0/phys -I/glade/derecho/scratch/yates/NEOM_WRF/wrfv4.6.0/wrftladj -I/glade/derecho/scratch/yates/NEOM_WRF/wrfv4.6.0/chem -I/glade/derecho/scratch/yates/NEOM_WRF/wrfv4.6.0/inc -I/glade/u/apps/derecho/23.09/spack/opt/spack/netcdf/4.9.2/oneapi/2023.2.1/yzvj/include  -real-size `expr 8 \* 4` -i4  module_mosaic_coag1d.f90

real	0m2.441s
user	0m2.033s
sys	0m0.379s
rm -f module_mosaic_coag3d.o
sed -e "s/^\!.*'.*//" -e "s/^ *\!.*'.*//" module_mosaic_coag3d.F > module_mosaic_coag3d.G
/lib/cpp -P -nostdinc -I/glade/derecho/scratch/yates/NEOM_WRF/wrfv4.6.0/inc -DEM_CORE=1 -DNMM_CORE=0 -DNMM_MAX_DIM=2600 -DDA_CORE=0 -DWRFPLUS=0 -DIWORDSIZE=4 -DDWORDSIZE=8 -DRWORDSIZE=4 -DLWORDSIZE=4 -DNONSTANDARD_SYSTEM_FUNC  -DWRF_USE_CLM -DUSE_NETCDF4_FEATURES -DWRFIO_NCD_LARGE_FILE_SUPPORT  -DDM_PARALLEL -DNETCDF -DLANDREAD_STUB=1 -DUSE_ALLOCATABLES -Dwrfmodel -DGRIB1 -DINTIO -DKEEP_INT_AROUND -DLIMIT_ARGS -DBUILD_RRTMG_FAST=0 -DBUILD_RRTMK=0 -DBUILD_SBM_FAST=1 -DSHOW_ALL_VARS_USED=0 -DCONFIG_BUF_LEN=65536 -DMAX_DOMAINS_F=21 -DMAX_HISTORY=25 -DNMM_NEST=0 -DWRF_CHEM -DBUILD_CHEM=1 -I. -traditional-cpp -DUSE_NETCDF4_FEATURES -DWRFIO_NCD_LARGE_FILE_SUPPORT   module_mosaic_coag3d.G  > module_mosaic_coag3d.bb
/glade/derecho/scratch/yates/NEOM_WRF/wrfv4.6.0/tools/standard.exe module_mosaic_coag3d.bb | /lib/cpp -P -nostdinc -traditional-cpp -DUSE_NETCDF4_FEATURES -DWRFIO_NCD_LARGE_FILE_SUPPORT > module_mosaic_coag3d.f90
rm -f module_mosaic_coag3d.G module_mosaic_coag3d.bb
time mpif90 -f90=ifort -o module_mosaic_coag3d.o -c -O3 -ip -fp-model precise -w -ftz -align all -fno-alias -FR -convert big_endian    -I../dyn_em  -I/glade/derecho/scratch/yates/NEOM_WRF/wrfv4.6.0/external/esmf_time_f90  -I/glade/derecho/scratch/yates/NEOM_WRF/wrfv4.6.0/main -I/glade/derecho/scratch/yates/NEOM_WRF/wrfv4.6.0/external/io_netcdf -I/glade/derecho/scratch/yates/NEOM_WRF/wrfv4.6.0/external/io_int -I/glade/derecho/scratch/yates/NEOM_WRF/wrfv4.6.0/frame -I/glade/derecho/scratch/yates/NEOM_WRF/wrfv4.6.0/share -I/glade/derecho/scratch/yates/NEOM_WRF/wrfv4.6.0/phys -I/glade/derecho/scratch/yates/NEOM_WRF/wrfv4.6.0/wrftladj -I/glade/derecho/scratch/yates/NEOM_WRF/wrfv4.6.0/chem -I/glade/derecho/scratch/yates/NEOM_WRF/wrfv4.6.0/inc -I/glade/u/apps/derecho/23.09/spack/opt/spack/netcdf/4.9.2/oneapi/2023.2.1/yzvj/include  -real-size `expr 8 \* 4` -i4  module_mosaic_coag3d.f90

real	0m1.409s
user	0m1.036s
sys	0m0.346s
rm -f module_mosaic_movesect1d.o
sed -e "s/^\!.*'.*//" -e "s/^ *\!.*'.*//" module_mosaic_movesect1d.F > module_mosaic_movesect1d.G
/lib/cpp -P -nostdinc -I/glade/derecho/scratch/yates/NEOM_WRF/wrfv4.6.0/inc -DEM_CORE=1 -DNMM_CORE=0 -DNMM_MAX_DIM=2600 -DDA_CORE=0 -DWRFPLUS=0 -DIWORDSIZE=4 -DDWORDSIZE=8 -DRWORDSIZE=4 -DLWORDSIZE=4 -DNONSTANDARD_SYSTEM_FUNC  -DWRF_USE_CLM -DUSE_NETCDF4_FEATURES -DWRFIO_NCD_LARGE_FILE_SUPPORT  -DDM_PARALLEL -DNETCDF -DLANDREAD_STUB=1 -DUSE_ALLOCATABLES -Dwrfmodel -DGRIB1 -DINTIO -DKEEP_INT_AROUND -DLIMIT_ARGS -DBUILD_RRTMG_FAST=0 -DBUILD_RRTMK=0 -DBUILD_SBM_FAST=1 -DSHOW_ALL_VARS_USED=0 -DCONFIG_BUF_LEN=65536 -DMAX_DOMAINS_F=21 -DMAX_HISTORY=25 -DNMM_NEST=0 -DWRF_CHEM -DBUILD_CHEM=1 -I. -traditional-cpp -DUSE_NETCDF4_FEATURES -DWRFIO_NCD_LARGE_FILE_SUPPORT   module_mosaic_movesect1d.G  > module_mosaic_movesect1d.bb
/glade/derecho/scratch/yates/NEOM_WRF/wrfv4.6.0/tools/standard.exe module_mosaic_movesect1d.bb | /lib/cpp -P -nostdinc -traditional-cpp -DUSE_NETCDF4_FEATURES -DWRFIO_NCD_LARGE_FILE_SUPPORT > module_mosaic_movesect1d.f90
rm -f module_mosaic_movesect1d.G module_mosaic_movesect1d.bb
time mpif90 -f90=ifort -o module_mosaic_movesect1d.o -c -O3 -ip -fp-model precise -w -ftz -align all -fno-alias -FR -convert big_endian    -I../dyn_em  -I/glade/derecho/scratch/yates/NEOM_WRF/wrfv4.6.0/external/esmf_time_f90  -I/glade/derecho/scratch/yates/NEOM_WRF/wrfv4.6.0/main -I/glade/derecho/scratch/yates/NEOM_WRF/wrfv4.6.0/external/io_netcdf -I/glade/derecho/scratch/yates/NEOM_WRF/wrfv4.6.0/external/io_int -I/glade/derecho/scratch/yates/NEOM_WRF/wrfv4.6.0/frame -I/glade/derecho/scratch/yates/NEOM_WRF/wrfv4.6.0/share -I/glade/derecho/scratch/yates/NEOM_WRF/wrfv4.6.0/phys -I/glade/derecho/scratch/yates/NEOM_WRF/wrfv4.6.0/wrftladj -I/glade/derecho/scratch/yates/NEOM_WRF/wrfv4.6.0/chem -I/glade/derecho/scratch/yates/NEOM_WRF/wrfv4.6.0/inc -I/glade/u/apps/derecho/23.09/spack/opt/spack/netcdf/4.9.2/oneapi/2023.2.1/yzvj/include  -real-size `expr 8 \* 4` -i4  module_mosaic_movesect1d.f90

real	0m2.384s
user	0m2.017s
sys	0m0.341s
rm -f module_mosaic_movesect3d.o
sed -e "s/^\!.*'.*//" -e "s/^ *\!.*'.*//" module_mosaic_movesect3d.F > module_mosaic_movesect3d.G
/lib/cpp -P -nostdinc -I/glade/derecho/scratch/yates/NEOM_WRF/wrfv4.6.0/inc -DEM_CORE=1 -DNMM_CORE=0 -DNMM_MAX_DIM=2600 -DDA_CORE=0 -DWRFPLUS=0 -DIWORDSIZE=4 -DDWORDSIZE=8 -DRWORDSIZE=4 -DLWORDSIZE=4 -DNONSTANDARD_SYSTEM_FUNC  -DWRF_USE_CLM -DUSE_NETCDF4_FEATURES -DWRFIO_NCD_LARGE_FILE_SUPPORT  -DDM_PARALLEL -DNETCDF -DLANDREAD_STUB=1 -DUSE_ALLOCATABLES -Dwrfmodel -DGRIB1 -DINTIO -DKEEP_INT_AROUND -DLIMIT_ARGS -DBUILD_RRTMG_FAST=0 -DBUILD_RRTMK=0 -DBUILD_SBM_FAST=1 -DSHOW_ALL_VARS_USED=0 -DCONFIG_BUF_LEN=65536 -DMAX_DOMAINS_F=21 -DMAX_HISTORY=25 -DNMM_NEST=0 -DWRF_CHEM -DBUILD_CHEM=1 -I. -traditional-cpp -DUSE_NETCDF4_FEATURES -DWRFIO_NCD_LARGE_FILE_SUPPORT   module_mosaic_movesect3d.G  > module_mosaic_movesect3d.bb
/glade/derecho/scratch/yates/NEOM_WRF/wrfv4.6.0/tools/standard.exe module_mosaic_movesect3d.bb | /lib/cpp -P -nostdinc -traditional-cpp -DUSE_NETCDF4_FEATURES -DWRFIO_NCD_LARGE_FILE_SUPPORT > module_mosaic_movesect3d.f90
rm -f module_mosaic_movesect3d.G module_mosaic_movesect3d.bb
time mpif90 -f90=ifort -o module_mosaic_movesect3d.o -c -O3 -ip -fp-model precise -w -ftz -align all -fno-alias -FR -convert big_endian    -I../dyn_em  -I/glade/derecho/scratch/yates/NEOM_WRF/wrfv4.6.0/external/esmf_time_f90  -I/glade/derecho/scratch/yates/NEOM_WRF/wrfv4.6.0/main -I/glade/derecho/scratch/yates/NEOM_WRF/wrfv4.6.0/external/io_netcdf -I/glade/derecho/scratch/yates/NEOM_WRF/wrfv4.6.0/external/io_int -I/glade/derecho/scratch/yates/NEOM_WRF/wrfv4.6.0/frame -I/glade/derecho/scratch/yates/NEOM_WRF/wrfv4.6.0/share -I/glade/derecho/scratch/yates/NEOM_WRF/wrfv4.6.0/phys -I/glade/derecho/scratch/yates/NEOM_WRF/wrfv4.6.0/wrftladj -I/glade/derecho/scratch/yates/NEOM_WRF/wrfv4.6.0/chem -I/glade/derecho/scratch/yates/NEOM_WRF/wrfv4.6.0/inc -I/glade/u/apps/derecho/23.09/spack/opt/spack/netcdf/4.9.2/oneapi/2023.2.1/yzvj/include  -real-size `expr 8 \* 4` -i4  module_mosaic_movesect3d.f90

real	0m1.782s
user	0m1.412s
sys	0m0.341s
rm -f module_mosaic_newnucb.o
sed -e "s/^\!.*'.*//" -e "s/^ *\!.*'.*//" module_mosaic_newnucb.F > module_mosaic_newnucb.G
/lib/cpp -P -nostdinc -I/glade/derecho/scratch/yates/NEOM_WRF/wrfv4.6.0/inc -DEM_CORE=1 -DNMM_CORE=0 -DNMM_MAX_DIM=2600 -DDA_CORE=0 -DWRFPLUS=0 -DIWORDSIZE=4 -DDWORDSIZE=8 -DRWORDSIZE=4 -DLWORDSIZE=4 -DNONSTANDARD_SYSTEM_FUNC  -DWRF_USE_CLM -DUSE_NETCDF4_FEATURES -DWRFIO_NCD_LARGE_FILE_SUPPORT  -DDM_PARALLEL -DNETCDF -DLANDREAD_STUB=1 -DUSE_ALLOCATABLES -Dwrfmodel -DGRIB1 -DINTIO -DKEEP_INT_AROUND -DLIMIT_ARGS -DBUILD_RRTMG_FAST=0 -DBUILD_RRTMK=0 -DBUILD_SBM_FAST=1 -DSHOW_ALL_VARS_USED=0 -DCONFIG_BUF_LEN=65536 -DMAX_DOMAINS_F=21 -DMAX_HISTORY=25 -DNMM_NEST=0 -DWRF_CHEM -DBUILD_CHEM=1 -I. -traditional-cpp -DUSE_NETCDF4_FEATURES -DWRFIO_NCD_LARGE_FILE_SUPPORT   module_mosaic_newnucb.G  > module_mosaic_newnucb.bb
/glade/derecho/scratch/yates/NEOM_WRF/wrfv4.6.0/tools/standard.exe module_mosaic_newnucb.bb | /lib/cpp -P -nostdinc -traditional-cpp -DUSE_NETCDF4_FEATURES -DWRFIO_NCD_LARGE_FILE_SUPPORT > module_mosaic_newnucb.f90
rm -f module_mosaic_newnucb.G module_mosaic_newnucb.bb
time mpif90 -f90=ifort -o module_mosaic_newnucb.o -c -O3 -ip -fp-model precise -w -ftz -align all -fno-alias -FR -convert big_endian    -I../dyn_em  -I/glade/derecho/scratch/yates/NEOM_WRF/wrfv4.6.0/external/esmf_time_f90  -I/glade/derecho/scratch/yates/NEOM_WRF/wrfv4.6.0/main -I/glade/derecho/scratch/yates/NEOM_WRF/wrfv4.6.0/external/io_netcdf -I/glade/derecho/scratch/yates/NEOM_WRF/wrfv4.6.0/external/io_int -I/glade/derecho/scratch/yates/NEOM_WRF/wrfv4.6.0/frame -I/glade/derecho/scratch/yates/NEOM_WRF/wrfv4.6.0/share -I/glade/derecho/scratch/yates/NEOM_WRF/wrfv4.6.0/phys -I/glade/derecho/scratch/yates/NEOM_WRF/wrfv4.6.0/wrftladj -I/glade/derecho/scratch/yates/NEOM_WRF/wrfv4.6.0/chem -I/glade/derecho/scratch/yates/NEOM_WRF/wrfv4.6.0/inc -I/glade/u/apps/derecho/23.09/spack/opt/spack/netcdf/4.9.2/oneapi/2023.2.1/yzvj/include  -real-size `expr 8 \* 4` -i4  module_mosaic_newnucb.f90

real	0m0.921s
user	0m0.588s
sys	0m0.304s
rm -f module_mosaic_newnuc.o
sed -e "s/^\!.*'.*//" -e "s/^ *\!.*'.*//" module_mosaic_newnuc.F > module_mosaic_newnuc.G
/lib/cpp -P -nostdinc -I/glade/derecho/scratch/yates/NEOM_WRF/wrfv4.6.0/inc -DEM_CORE=1 -DNMM_CORE=0 -DNMM_MAX_DIM=2600 -DDA_CORE=0 -DWRFPLUS=0 -DIWORDSIZE=4 -DDWORDSIZE=8 -DRWORDSIZE=4 -DLWORDSIZE=4 -DNONSTANDARD_SYSTEM_FUNC  -DWRF_USE_CLM -DUSE_NETCDF4_FEATURES -DWRFIO_NCD_LARGE_FILE_SUPPORT  -DDM_PARALLEL -DNETCDF -DLANDREAD_STUB=1 -DUSE_ALLOCATABLES -Dwrfmodel -DGRIB1 -DINTIO -DKEEP_INT_AROUND -DLIMIT_ARGS -DBUILD_RRTMG_FAST=0 -DBUILD_RRTMK=0 -DBUILD_SBM_FAST=1 -DSHOW_ALL_VARS_USED=0 -DCONFIG_BUF_LEN=65536 -DMAX_DOMAINS_F=21 -DMAX_HISTORY=25 -DNMM_NEST=0 -DWRF_CHEM -DBUILD_CHEM=1 -I. -traditional-cpp -DUSE_NETCDF4_FEATURES -DWRFIO_NCD_LARGE_FILE_SUPPORT   module_mosaic_newnuc.G  > module_mosaic_newnuc.bb
/glade/derecho/scratch/yates/NEOM_WRF/wrfv4.6.0/tools/standard.exe module_mosaic_newnuc.bb | /lib/cpp -P -nostdinc -traditional-cpp -DUSE_NETCDF4_FEATURES -DWRFIO_NCD_LARGE_FILE_SUPPORT > module_mosaic_newnuc.f90
rm -f module_mosaic_newnuc.G module_mosaic_newnuc.bb
time mpif90 -f90=ifort -o module_mosaic_newnuc.o -c -O3 -ip -fp-model precise -w -ftz -align all -fno-alias -FR -convert big_endian    -I../dyn_em  -I/glade/derecho/scratch/yates/NEOM_WRF/wrfv4.6.0/external/esmf_time_f90  -I/glade/derecho/scratch/yates/NEOM_WRF/wrfv4.6.0/main -I/glade/derecho/scratch/yates/NEOM_WRF/wrfv4.6.0/external/io_netcdf -I/glade/derecho/scratch/yates/NEOM_WRF/wrfv4.6.0/external/io_int -I/glade/derecho/scratch/yates/NEOM_WRF/wrfv4.6.0/frame -I/glade/derecho/scratch/yates/NEOM_WRF/wrfv4.6.0/share -I/glade/derecho/scratch/yates/NEOM_WRF/wrfv4.6.0/phys -I/glade/derecho/scratch/yates/NEOM_WRF/wrfv4.6.0/wrftladj -I/glade/derecho/scratch/yates/NEOM_WRF/wrfv4.6.0/chem -I/glade/derecho/scratch/yates/NEOM_WRF/wrfv4.6.0/inc -I/glade/u/apps/derecho/23.09/spack/opt/spack/netcdf/4.9.2/oneapi/2023.2.1/yzvj/include  -real-size `expr 8 \* 4` -i4  module_mosaic_newnuc.f90

real	0m0.599s
user	0m0.257s
sys	0m0.317s
rm -f module_ftuv_driver.o
sed -e "s/^\!.*'.*//" -e "s/^ *\!.*'.*//" module_ftuv_driver.F > module_ftuv_driver.G
/lib/cpp -P -nostdinc -I/glade/derecho/scratch/yates/NEOM_WRF/wrfv4.6.0/inc -DEM_CORE=1 -DNMM_CORE=0 -DNMM_MAX_DIM=2600 -DDA_CORE=0 -DWRFPLUS=0 -DIWORDSIZE=4 -DDWORDSIZE=8 -DRWORDSIZE=4 -DLWORDSIZE=4 -DNONSTANDARD_SYSTEM_FUNC  -DWRF_USE_CLM -DUSE_NETCDF4_FEATURES -DWRFIO_NCD_LARGE_FILE_SUPPORT  -DDM_PARALLEL -DNETCDF -DLANDREAD_STUB=1 -DUSE_ALLOCATABLES -Dwrfmodel -DGRIB1 -DINTIO -DKEEP_INT_AROUND -DLIMIT_ARGS -DBUILD_RRTMG_FAST=0 -DBUILD_RRTMK=0 -DBUILD_SBM_FAST=1 -DSHOW_ALL_VARS_USED=0 -DCONFIG_BUF_LEN=65536 -DMAX_DOMAINS_F=21 -DMAX_HISTORY=25 -DNMM_NEST=0 -DWRF_CHEM -DBUILD_CHEM=1 -I. -traditional-cpp -DUSE_NETCDF4_FEATURES -DWRFIO_NCD_LARGE_FILE_SUPPORT   module_ftuv_driver.G  > module_ftuv_driver.bb
/glade/derecho/scratch/yates/NEOM_WRF/wrfv4.6.0/tools/standard.exe module_ftuv_driver.bb | /lib/cpp -P -nostdinc -traditional-cpp -DUSE_NETCDF4_FEATURES -DWRFIO_NCD_LARGE_FILE_SUPPORT > module_ftuv_driver.f90
rm -f module_ftuv_driver.G module_ftuv_driver.bb
time mpif90 -f90=ifort -o module_ftuv_driver.o -c -O3 -ip -fp-model precise -w -ftz -align all -fno-alias -FR -convert big_endian    -I../dyn_em  -I/glade/derecho/scratch/yates/NEOM_WRF/wrfv4.6.0/external/esmf_time_f90  -I/glade/derecho/scratch/yates/NEOM_WRF/wrfv4.6.0/main -I/glade/derecho/scratch/yates/NEOM_WRF/wrfv4.6.0/external/io_netcdf -I/glade/derecho/scratch/yates/NEOM_WRF/wrfv4.6.0/external/io_int -I/glade/derecho/scratch/yates/NEOM_WRF/wrfv4.6.0/frame -I/glade/derecho/scratch/yates/NEOM_WRF/wrfv4.6.0/share -I/glade/derecho/scratch/yates/NEOM_WRF/wrfv4.6.0/phys -I/glade/derecho/scratch/yates/NEOM_WRF/wrfv4.6.0/wrftladj -I/glade/derecho/scratch/yates/NEOM_WRF/wrfv4.6.0/chem -I/glade/derecho/scratch/yates/NEOM_WRF/wrfv4.6.0/inc -I/glade/u/apps/derecho/23.09/spack/opt/spack/netcdf/4.9.2/oneapi/2023.2.1/yzvj/include  -real-size `expr 8 \* 4` -i4  module_ftuv_driver.f90

real	0m4.576s
user	0m4.129s
sys	0m0.414s
rm -f module_fastj_mie.o
sed -e "s/^\!.*'.*//" -e "s/^ *\!.*'.*//" module_fastj_mie.F > module_fastj_mie.G
/lib/cpp -P -nostdinc -I/glade/derecho/scratch/yates/NEOM_WRF/wrfv4.6.0/inc -DEM_CORE=1 -DNMM_CORE=0 -DNMM_MAX_DIM=2600 -DDA_CORE=0 -DWRFPLUS=0 -DIWORDSIZE=4 -DDWORDSIZE=8 -DRWORDSIZE=4 -DLWORDSIZE=4 -DNONSTANDARD_SYSTEM_FUNC  -DWRF_USE_CLM -DUSE_NETCDF4_FEATURES -DWRFIO_NCD_LARGE_FILE_SUPPORT  -DDM_PARALLEL -DNETCDF -DLANDREAD_STUB=1 -DUSE_ALLOCATABLES -Dwrfmodel -DGRIB1 -DINTIO -DKEEP_INT_AROUND -DLIMIT_ARGS -DBUILD_RRTMG_FAST=0 -DBUILD_RRTMK=0 -DBUILD_SBM_FAST=1 -DSHOW_ALL_VARS_USED=0 -DCONFIG_BUF_LEN=65536 -DMAX_DOMAINS_F=21 -DMAX_HISTORY=25 -DNMM_NEST=0 -DWRF_CHEM -DBUILD_CHEM=1 -I. -traditional-cpp -DUSE_NETCDF4_FEATURES -DWRFIO_NCD_LARGE_FILE_SUPPORT   module_fastj_mie.G  > module_fastj_mie.bb
/glade/derecho/scratch/yates/NEOM_WRF/wrfv4.6.0/tools/standard.exe module_fastj_mie.bb | /lib/cpp -P -nostdinc -traditional-cpp -DUSE_NETCDF4_FEATURES -DWRFIO_NCD_LARGE_FILE_SUPPORT > module_fastj_mie.f90
rm -f module_fastj_mie.G module_fastj_mie.bb
time mpif90 -f90=ifort -o module_fastj_mie.o -c -O3 -ip -fp-model precise -w -ftz -align all -fno-alias -FR -convert big_endian    -I../dyn_em  -I/glade/derecho/scratch/yates/NEOM_WRF/wrfv4.6.0/external/esmf_time_f90  -I/glade/derecho/scratch/yates/NEOM_WRF/wrfv4.6.0/main -I/glade/derecho/scratch/yates/NEOM_WRF/wrfv4.6.0/external/io_netcdf -I/glade/derecho/scratch/yates/NEOM_WRF/wrfv4.6.0/external/io_int -I/glade/derecho/scratch/yates/NEOM_WRF/wrfv4.6.0/frame -I/glade/derecho/scratch/yates/NEOM_WRF/wrfv4.6.0/share -I/glade/derecho/scratch/yates/NEOM_WRF/wrfv4.6.0/phys -I/glade/derecho/scratch/yates/NEOM_WRF/wrfv4.6.0/wrftladj -I/glade/derecho/scratch/yates/NEOM_WRF/wrfv4.6.0/chem -I/glade/derecho/scratch/yates/NEOM_WRF/wrfv4.6.0/inc -I/glade/u/apps/derecho/23.09/spack/opt/spack/netcdf/4.9.2/oneapi/2023.2.1/yzvj/include  -real-size `expr 8 \* 4` -i4  module_fastj_mie.f90

real	0m3.252s
user	0m2.886s
sys	0m0.338s
rm -f module_cam_mam_calcsize.o
sed -e "s/^\!.*'.*//" -e "s/^ *\!.*'.*//" module_cam_mam_calcsize.F > module_cam_mam_calcsize.G
/lib/cpp -P -nostdinc -I/glade/derecho/scratch/yates/NEOM_WRF/wrfv4.6.0/inc -DEM_CORE=1 -DNMM_CORE=0 -DNMM_MAX_DIM=2600 -DDA_CORE=0 -DWRFPLUS=0 -DIWORDSIZE=4 -DDWORDSIZE=8 -DRWORDSIZE=4 -DLWORDSIZE=4 -DNONSTANDARD_SYSTEM_FUNC  -DWRF_USE_CLM -DUSE_NETCDF4_FEATURES -DWRFIO_NCD_LARGE_FILE_SUPPORT  -DDM_PARALLEL -DNETCDF -DLANDREAD_STUB=1 -DUSE_ALLOCATABLES -Dwrfmodel -DGRIB1 -DINTIO -DKEEP_INT_AROUND -DLIMIT_ARGS -DBUILD_RRTMG_FAST=0 -DBUILD_RRTMK=0 -DBUILD_SBM_FAST=1 -DSHOW_ALL_VARS_USED=0 -DCONFIG_BUF_LEN=65536 -DMAX_DOMAINS_F=21 -DMAX_HISTORY=25 -DNMM_NEST=0 -DWRF_CHEM -DBUILD_CHEM=1 -I. -traditional-cpp -DUSE_NETCDF4_FEATURES -DWRFIO_NCD_LARGE_FILE_SUPPORT   module_cam_mam_calcsize.G  > module_cam_mam_calcsize.bb
/glade/derecho/scratch/yates/NEOM_WRF/wrfv4.6.0/tools/standard.exe module_cam_mam_calcsize.bb | /lib/cpp -P -nostdinc -traditional-cpp -DUSE_NETCDF4_FEATURES -DWRFIO_NCD_LARGE_FILE_SUPPORT > module_cam_mam_calcsize.f90
rm -f module_cam_mam_calcsize.G module_cam_mam_calcsize.bb
time mpif90 -f90=ifort -o module_cam_mam_calcsize.o -c -O3 -ip -fp-model precise -w -ftz -align all -fno-alias -FR -convert big_endian    -I../dyn_em  -I/glade/derecho/scratch/yates/NEOM_WRF/wrfv4.6.0/external/esmf_time_f90  -I/glade/derecho/scratch/yates/NEOM_WRF/wrfv4.6.0/main -I/glade/derecho/scratch/yates/NEOM_WRF/wrfv4.6.0/external/io_netcdf -I/glade/derecho/scratch/yates/NEOM_WRF/wrfv4.6.0/external/io_int -I/glade/derecho/scratch/yates/NEOM_WRF/wrfv4.6.0/frame -I/glade/derecho/scratch/yates/NEOM_WRF/wrfv4.6.0/share -I/glade/derecho/scratch/yates/NEOM_WRF/wrfv4.6.0/phys -I/glade/derecho/scratch/yates/NEOM_WRF/wrfv4.6.0/wrftladj -I/glade/derecho/scratch/yates/NEOM_WRF/wrfv4.6.0/chem -I/glade/derecho/scratch/yates/NEOM_WRF/wrfv4.6.0/inc -I/glade/u/apps/derecho/23.09/spack/opt/spack/netcdf/4.9.2/oneapi/2023.2.1/yzvj/include  -real-size `expr 8 \* 4` -i4  module_cam_mam_calcsize.f90

real	0m1.073s
user	0m0.764s
sys	0m0.281s
rm -f module_cam_mam_gasaerexch.o
sed -e "s/^\!.*'.*//" -e "s/^ *\!.*'.*//" module_cam_mam_gasaerexch.F > module_cam_mam_gasaerexch.G
/lib/cpp -P -nostdinc -I/glade/derecho/scratch/yates/NEOM_WRF/wrfv4.6.0/inc -DEM_CORE=1 -DNMM_CORE=0 -DNMM_MAX_DIM=2600 -DDA_CORE=0 -DWRFPLUS=0 -DIWORDSIZE=4 -DDWORDSIZE=8 -DRWORDSIZE=4 -DLWORDSIZE=4 -DNONSTANDARD_SYSTEM_FUNC  -DWRF_USE_CLM -DUSE_NETCDF4_FEATURES -DWRFIO_NCD_LARGE_FILE_SUPPORT  -DDM_PARALLEL -DNETCDF -DLANDREAD_STUB=1 -DUSE_ALLOCATABLES -Dwrfmodel -DGRIB1 -DINTIO -DKEEP_INT_AROUND -DLIMIT_ARGS -DBUILD_RRTMG_FAST=0 -DBUILD_RRTMK=0 -DBUILD_SBM_FAST=1 -DSHOW_ALL_VARS_USED=0 -DCONFIG_BUF_LEN=65536 -DMAX_DOMAINS_F=21 -DMAX_HISTORY=25 -DNMM_NEST=0 -DWRF_CHEM -DBUILD_CHEM=1 -I. -traditional-cpp -DUSE_NETCDF4_FEATURES -DWRFIO_NCD_LARGE_FILE_SUPPORT   module_cam_mam_gasaerexch.G  > module_cam_mam_gasaerexch.bb
/glade/derecho/scratch/yates/NEOM_WRF/wrfv4.6.0/tools/standard.exe module_cam_mam_gasaerexch.bb | /lib/cpp -P -nostdinc -traditional-cpp -DUSE_NETCDF4_FEATURES -DWRFIO_NCD_LARGE_FILE_SUPPORT > module_cam_mam_gasaerexch.f90
rm -f module_cam_mam_gasaerexch.G module_cam_mam_gasaerexch.bb
time mpif90 -f90=ifort -o module_cam_mam_gasaerexch.o -c -O3 -ip -fp-model precise -w -ftz -align all -fno-alias -FR -convert big_endian    -I../dyn_em  -I/glade/derecho/scratch/yates/NEOM_WRF/wrfv4.6.0/external/esmf_time_f90  -I/glade/derecho/scratch/yates/NEOM_WRF/wrfv4.6.0/main -I/glade/derecho/scratch/yates/NEOM_WRF/wrfv4.6.0/external/io_netcdf -I/glade/derecho/scratch/yates/NEOM_WRF/wrfv4.6.0/external/io_int -I/glade/derecho/scratch/yates/NEOM_WRF/wrfv4.6.0/frame -I/glade/derecho/scratch/yates/NEOM_WRF/wrfv4.6.0/share -I/glade/derecho/scratch/yates/NEOM_WRF/wrfv4.6.0/phys -I/glade/derecho/scratch/yates/NEOM_WRF/wrfv4.6.0/wrftladj -I/glade/derecho/scratch/yates/NEOM_WRF/wrfv4.6.0/chem -I/glade/derecho/scratch/yates/NEOM_WRF/wrfv4.6.0/inc -I/glade/u/apps/derecho/23.09/spack/opt/spack/netcdf/4.9.2/oneapi/2023.2.1/yzvj/include  -real-size `expr 8 \* 4` -i4  module_cam_mam_gasaerexch.f90

real	0m1.322s
user	0m0.960s
sys	0m0.330s
rm -f module_cam_mam_newnuc.o
sed -e "s/^\!.*'.*//" -e "s/^ *\!.*'.*//" module_cam_mam_newnuc.F > module_cam_mam_newnuc.G
/lib/cpp -P -nostdinc -I/glade/derecho/scratch/yates/NEOM_WRF/wrfv4.6.0/inc -DEM_CORE=1 -DNMM_CORE=0 -DNMM_MAX_DIM=2600 -DDA_CORE=0 -DWRFPLUS=0 -DIWORDSIZE=4 -DDWORDSIZE=8 -DRWORDSIZE=4 -DLWORDSIZE=4 -DNONSTANDARD_SYSTEM_FUNC  -DWRF_USE_CLM -DUSE_NETCDF4_FEATURES -DWRFIO_NCD_LARGE_FILE_SUPPORT  -DDM_PARALLEL -DNETCDF -DLANDREAD_STUB=1 -DUSE_ALLOCATABLES -Dwrfmodel -DGRIB1 -DINTIO -DKEEP_INT_AROUND -DLIMIT_ARGS -DBUILD_RRTMG_FAST=0 -DBUILD_RRTMK=0 -DBUILD_SBM_FAST=1 -DSHOW_ALL_VARS_USED=0 -DCONFIG_BUF_LEN=65536 -DMAX_DOMAINS_F=21 -DMAX_HISTORY=25 -DNMM_NEST=0 -DWRF_CHEM -DBUILD_CHEM=1 -I. -traditional-cpp -DUSE_NETCDF4_FEATURES -DWRFIO_NCD_LARGE_FILE_SUPPORT   module_cam_mam_newnuc.G  > module_cam_mam_newnuc.bb
module_cam_mam_newnuc.G:1750:0: warning: extra tokens at end of #endif directive [-Wendif-labels]
 #endif ! (defined MODAL_AERO)
 
/glade/derecho/scratch/yates/NEOM_WRF/wrfv4.6.0/tools/standard.exe module_cam_mam_newnuc.bb | /lib/cpp -P -nostdinc -traditional-cpp -DUSE_NETCDF4_FEATURES -DWRFIO_NCD_LARGE_FILE_SUPPORT > module_cam_mam_newnuc.f90
rm -f module_cam_mam_newnuc.G module_cam_mam_newnuc.bb
time mpif90 -f90=ifort -o module_cam_mam_newnuc.o -c -O3 -ip -fp-model precise -w -ftz -align all -fno-alias -FR -convert big_endian    -I../dyn_em  -I/glade/derecho/scratch/yates/NEOM_WRF/wrfv4.6.0/external/esmf_time_f90  -I/glade/derecho/scratch/yates/NEOM_WRF/wrfv4.6.0/main -I/glade/derecho/scratch/yates/NEOM_WRF/wrfv4.6.0/external/io_netcdf -I/glade/derecho/scratch/yates/NEOM_WRF/wrfv4.6.0/external/io_int -I/glade/derecho/scratch/yates/NEOM_WRF/wrfv4.6.0/frame -I/glade/derecho/scratch/yates/NEOM_WRF/wrfv4.6.0/share -I/glade/derecho/scratch/yates/NEOM_WRF/wrfv4.6.0/phys -I/glade/derecho/scratch/yates/NEOM_WRF/wrfv4.6.0/wrftladj -I/glade/derecho/scratch/yates/NEOM_WRF/wrfv4.6.0/chem -I/glade/derecho/scratch/yates/NEOM_WRF/wrfv4.6.0/inc -I/glade/u/apps/derecho/23.09/spack/opt/spack/netcdf/4.9.2/oneapi/2023.2.1/yzvj/include  -real-size `expr 8 \* 4` -i4  module_cam_mam_newnuc.f90

real	0m0.951s
user	0m0.604s
sys	0m0.318s
rm -f module_cam_mam_mz_aerosols_intr.o
sed -e "s/^\!.*'.*//" -e "s/^ *\!.*'.*//" module_cam_mam_mz_aerosols_intr.F > module_cam_mam_mz_aerosols_intr.G
/lib/cpp -P -nostdinc -I/glade/derecho/scratch/yates/NEOM_WRF/wrfv4.6.0/inc -DEM_CORE=1 -DNMM_CORE=0 -DNMM_MAX_DIM=2600 -DDA_CORE=0 -DWRFPLUS=0 -DIWORDSIZE=4 -DDWORDSIZE=8 -DRWORDSIZE=4 -DLWORDSIZE=4 -DNONSTANDARD_SYSTEM_FUNC  -DWRF_USE_CLM -DUSE_NETCDF4_FEATURES -DWRFIO_NCD_LARGE_FILE_SUPPORT  -DDM_PARALLEL -DNETCDF -DLANDREAD_STUB=1 -DUSE_ALLOCATABLES -Dwrfmodel -DGRIB1 -DINTIO -DKEEP_INT_AROUND -DLIMIT_ARGS -DBUILD_RRTMG_FAST=0 -DBUILD_RRTMK=0 -DBUILD_SBM_FAST=1 -DSHOW_ALL_VARS_USED=0 -DCONFIG_BUF_LEN=65536 -DMAX_DOMAINS_F=21 -DMAX_HISTORY=25 -DNMM_NEST=0 -DWRF_CHEM -DBUILD_CHEM=1 -I. -traditional-cpp -DUSE_NETCDF4_FEATURES -DWRFIO_NCD_LARGE_FILE_SUPPORT   module_cam_mam_mz_aerosols_intr.G  > module_cam_mam_mz_aerosols_intr.bb
/glade/derecho/scratch/yates/NEOM_WRF/wrfv4.6.0/tools/standard.exe module_cam_mam_mz_aerosols_intr.bb | /lib/cpp -P -nostdinc -traditional-cpp -DUSE_NETCDF4_FEATURES -DWRFIO_NCD_LARGE_FILE_SUPPORT > module_cam_mam_mz_aerosols_intr.f90
rm -f module_cam_mam_mz_aerosols_intr.G module_cam_mam_mz_aerosols_intr.bb
time mpif90 -f90=ifort -o module_cam_mam_mz_aerosols_intr.o -c -O3 -ip -fp-model precise -w -ftz -align all -fno-alias -FR -convert big_endian    -I../dyn_em  -I/glade/derecho/scratch/yates/NEOM_WRF/wrfv4.6.0/external/esmf_time_f90  -I/glade/derecho/scratch/yates/NEOM_WRF/wrfv4.6.0/main -I/glade/derecho/scratch/yates/NEOM_WRF/wrfv4.6.0/external/io_netcdf -I/glade/derecho/scratch/yates/NEOM_WRF/wrfv4.6.0/external/io_int -I/glade/derecho/scratch/yates/NEOM_WRF/wrfv4.6.0/frame -I/glade/derecho/scratch/yates/NEOM_WRF/wrfv4.6.0/share -I/glade/derecho/scratch/yates/NEOM_WRF/wrfv4.6.0/phys -I/glade/derecho/scratch/yates/NEOM_WRF/wrfv4.6.0/wrftladj -I/glade/derecho/scratch/yates/NEOM_WRF/wrfv4.6.0/chem -I/glade/derecho/scratch/yates/NEOM_WRF/wrfv4.6.0/inc -I/glade/u/apps/derecho/23.09/spack/opt/spack/netcdf/4.9.2/oneapi/2023.2.1/yzvj/include  -real-size `expr 8 \* 4` -i4  module_cam_mam_mz_aerosols_intr.f90

real	0m1.393s
user	0m1.032s
sys	0m0.329s
rm -f module_cam_mam_setsox.o
sed -e "s/^\!.*'.*//" -e "s/^ *\!.*'.*//" module_cam_mam_setsox.F > module_cam_mam_setsox.G
/lib/cpp -P -nostdinc -I/glade/derecho/scratch/yates/NEOM_WRF/wrfv4.6.0/inc -DEM_CORE=1 -DNMM_CORE=0 -DNMM_MAX_DIM=2600 -DDA_CORE=0 -DWRFPLUS=0 -DIWORDSIZE=4 -DDWORDSIZE=8 -DRWORDSIZE=4 -DLWORDSIZE=4 -DNONSTANDARD_SYSTEM_FUNC  -DWRF_USE_CLM -DUSE_NETCDF4_FEATURES -DWRFIO_NCD_LARGE_FILE_SUPPORT  -DDM_PARALLEL -DNETCDF -DLANDREAD_STUB=1 -DUSE_ALLOCATABLES -Dwrfmodel -DGRIB1 -DINTIO -DKEEP_INT_AROUND -DLIMIT_ARGS -DBUILD_RRTMG_FAST=0 -DBUILD_RRTMK=0 -DBUILD_SBM_FAST=1 -DSHOW_ALL_VARS_USED=0 -DCONFIG_BUF_LEN=65536 -DMAX_DOMAINS_F=21 -DMAX_HISTORY=25 -DNMM_NEST=0 -DWRF_CHEM -DBUILD_CHEM=1 -I. -traditional-cpp -DUSE_NETCDF4_FEATURES -DWRFIO_NCD_LARGE_FILE_SUPPORT   module_cam_mam_setsox.G  > module_cam_mam_setsox.bb
/glade/derecho/scratch/yates/NEOM_WRF/wrfv4.6.0/tools/standard.exe module_cam_mam_setsox.bb | /lib/cpp -P -nostdinc -traditional-cpp -DUSE_NETCDF4_FEATURES -DWRFIO_NCD_LARGE_FILE_SUPPORT > module_cam_mam_setsox.f90
rm -f module_cam_mam_setsox.G module_cam_mam_setsox.bb
time mpif90 -f90=ifort -o module_cam_mam_setsox.o -c -O3 -ip -fp-model precise -w -ftz -align all -fno-alias -FR -convert big_endian    -I../dyn_em  -I/glade/derecho/scratch/yates/NEOM_WRF/wrfv4.6.0/external/esmf_time_f90  -I/glade/derecho/scratch/yates/NEOM_WRF/wrfv4.6.0/main -I/glade/derecho/scratch/yates/NEOM_WRF/wrfv4.6.0/external/io_netcdf -I/glade/derecho/scratch/yates/NEOM_WRF/wrfv4.6.0/external/io_int -I/glade/derecho/scratch/yates/NEOM_WRF/wrfv4.6.0/frame -I/glade/derecho/scratch/yates/NEOM_WRF/wrfv4.6.0/share -I/glade/derecho/scratch/yates/NEOM_WRF/wrfv4.6.0/phys -I/glade/derecho/scratch/yates/NEOM_WRF/wrfv4.6.0/wrftladj -I/glade/derecho/scratch/yates/NEOM_WRF/wrfv4.6.0/chem -I/glade/derecho/scratch/yates/NEOM_WRF/wrfv4.6.0/inc -I/glade/u/apps/derecho/23.09/spack/opt/spack/netcdf/4.9.2/oneapi/2023.2.1/yzvj/include  -real-size `expr 8 \* 4` -i4  module_cam_mam_setsox.f90

real	0m1.532s
user	0m1.164s
sys	0m0.339s
rm -f module_cam_mam_mo_sethet.o
sed -e "s/^\!.*'.*//" -e "s/^ *\!.*'.*//" module_cam_mam_mo_sethet.F > module_cam_mam_mo_sethet.G
/lib/cpp -P -nostdinc -I/glade/derecho/scratch/yates/NEOM_WRF/wrfv4.6.0/inc -DEM_CORE=1 -DNMM_CORE=0 -DNMM_MAX_DIM=2600 -DDA_CORE=0 -DWRFPLUS=0 -DIWORDSIZE=4 -DDWORDSIZE=8 -DRWORDSIZE=4 -DLWORDSIZE=4 -DNONSTANDARD_SYSTEM_FUNC  -DWRF_USE_CLM -DUSE_NETCDF4_FEATURES -DWRFIO_NCD_LARGE_FILE_SUPPORT  -DDM_PARALLEL -DNETCDF -DLANDREAD_STUB=1 -DUSE_ALLOCATABLES -Dwrfmodel -DGRIB1 -DINTIO -DKEEP_INT_AROUND -DLIMIT_ARGS -DBUILD_RRTMG_FAST=0 -DBUILD_RRTMK=0 -DBUILD_SBM_FAST=1 -DSHOW_ALL_VARS_USED=0 -DCONFIG_BUF_LEN=65536 -DMAX_DOMAINS_F=21 -DMAX_HISTORY=25 -DNMM_NEST=0 -DWRF_CHEM -DBUILD_CHEM=1 -I. -traditional-cpp -DUSE_NETCDF4_FEATURES -DWRFIO_NCD_LARGE_FILE_SUPPORT   module_cam_mam_mo_sethet.G  > module_cam_mam_mo_sethet.bb
/glade/derecho/scratch/yates/NEOM_WRF/wrfv4.6.0/tools/standard.exe module_cam_mam_mo_sethet.bb | /lib/cpp -P -nostdinc -traditional-cpp -DUSE_NETCDF4_FEATURES -DWRFIO_NCD_LARGE_FILE_SUPPORT > module_cam_mam_mo_sethet.f90
rm -f module_cam_mam_mo_sethet.G module_cam_mam_mo_sethet.bb
time mpif90 -f90=ifort -o module_cam_mam_mo_sethet.o -c -O3 -ip -fp-model precise -w -ftz -align all -fno-alias -FR -convert big_endian    -I../dyn_em  -I/glade/derecho/scratch/yates/NEOM_WRF/wrfv4.6.0/external/esmf_time_f90  -I/glade/derecho/scratch/yates/NEOM_WRF/wrfv4.6.0/main -I/glade/derecho/scratch/yates/NEOM_WRF/wrfv4.6.0/external/io_netcdf -I/glade/derecho/scratch/yates/NEOM_WRF/wrfv4.6.0/external/io_int -I/glade/derecho/scratch/yates/NEOM_WRF/wrfv4.6.0/frame -I/glade/derecho/scratch/yates/NEOM_WRF/wrfv4.6.0/share -I/glade/derecho/scratch/yates/NEOM_WRF/wrfv4.6.0/phys -I/glade/derecho/scratch/yates/NEOM_WRF/wrfv4.6.0/wrftladj -I/glade/derecho/scratch/yates/NEOM_WRF/wrfv4.6.0/chem -I/glade/derecho/scratch/yates/NEOM_WRF/wrfv4.6.0/inc -I/glade/u/apps/derecho/23.09/spack/opt/spack/netcdf/4.9.2/oneapi/2023.2.1/yzvj/include  -real-size `expr 8 \* 4` -i4  module_cam_mam_mo_sethet.f90

real	0m1.731s
user	0m1.330s
sys	0m0.371s
rm -f module_mosaic_gly.o
sed -e "s/^\!.*'.*//" -e "s/^ *\!.*'.*//" module_mosaic_gly.F > module_mosaic_gly.G
/lib/cpp -P -nostdinc -I/glade/derecho/scratch/yates/NEOM_WRF/wrfv4.6.0/inc -DEM_CORE=1 -DNMM_CORE=0 -DNMM_MAX_DIM=2600 -DDA_CORE=0 -DWRFPLUS=0 -DIWORDSIZE=4 -DDWORDSIZE=8 -DRWORDSIZE=4 -DLWORDSIZE=4 -DNONSTANDARD_SYSTEM_FUNC  -DWRF_USE_CLM -DUSE_NETCDF4_FEATURES -DWRFIO_NCD_LARGE_FILE_SUPPORT  -DDM_PARALLEL -DNETCDF -DLANDREAD_STUB=1 -DUSE_ALLOCATABLES -Dwrfmodel -DGRIB1 -DINTIO -DKEEP_INT_AROUND -DLIMIT_ARGS -DBUILD_RRTMG_FAST=0 -DBUILD_RRTMK=0 -DBUILD_SBM_FAST=1 -DSHOW_ALL_VARS_USED=0 -DCONFIG_BUF_LEN=65536 -DMAX_DOMAINS_F=21 -DMAX_HISTORY=25 -DNMM_NEST=0 -DWRF_CHEM -DBUILD_CHEM=1 -I. -traditional-cpp -DUSE_NETCDF4_FEATURES -DWRFIO_NCD_LARGE_FILE_SUPPORT   module_mosaic_gly.G  > module_mosaic_gly.bb
/glade/derecho/scratch/yates/NEOM_WRF/wrfv4.6.0/tools/standard.exe module_mosaic_gly.bb | /lib/cpp -P -nostdinc -traditional-cpp -DUSE_NETCDF4_FEATURES -DWRFIO_NCD_LARGE_FILE_SUPPORT > module_mosaic_gly.f90
rm -f module_mosaic_gly.G module_mosaic_gly.bb
time mpif90 -f90=ifort -o module_mosaic_gly.o -c -O3 -ip -fp-model precise -w -ftz -align all -fno-alias -FR -convert big_endian    -I../dyn_em  -I/glade/derecho/scratch/yates/NEOM_WRF/wrfv4.6.0/external/esmf_time_f90  -I/glade/derecho/scratch/yates/NEOM_WRF/wrfv4.6.0/main -I/glade/derecho/scratch/yates/NEOM_WRF/wrfv4.6.0/external/io_netcdf -I/glade/derecho/scratch/yates/NEOM_WRF/wrfv4.6.0/external/io_int -I/glade/derecho/scratch/yates/NEOM_WRF/wrfv4.6.0/frame -I/glade/derecho/scratch/yates/NEOM_WRF/wrfv4.6.0/share -I/glade/derecho/scratch/yates/NEOM_WRF/wrfv4.6.0/phys -I/glade/derecho/scratch/yates/NEOM_WRF/wrfv4.6.0/wrftladj -I/glade/derecho/scratch/yates/NEOM_WRF/wrfv4.6.0/chem -I/glade/derecho/scratch/yates/NEOM_WRF/wrfv4.6.0/inc -I/glade/u/apps/derecho/23.09/spack/opt/spack/netcdf/4.9.2/oneapi/2023.2.1/yzvj/include  -real-size `expr 8 \* 4` -i4  module_mosaic_gly.f90

real	0m0.611s
user	0m0.269s
sys	0m0.315s
rm -f rdxs.o
sed -e "s/^\!.*'.*//" -e "s/^ *\!.*'.*//" rdxs.F > rdxs.G
/lib/cpp -P -nostdinc -I/glade/derecho/scratch/yates/NEOM_WRF/wrfv4.6.0/inc -DEM_CORE=1 -DNMM_CORE=0 -DNMM_MAX_DIM=2600 -DDA_CORE=0 -DWRFPLUS=0 -DIWORDSIZE=4 -DDWORDSIZE=8 -DRWORDSIZE=4 -DLWORDSIZE=4 -DNONSTANDARD_SYSTEM_FUNC  -DWRF_USE_CLM -DUSE_NETCDF4_FEATURES -DWRFIO_NCD_LARGE_FILE_SUPPORT  -DDM_PARALLEL -DNETCDF -DLANDREAD_STUB=1 -DUSE_ALLOCATABLES -Dwrfmodel -DGRIB1 -DINTIO -DKEEP_INT_AROUND -DLIMIT_ARGS -DBUILD_RRTMG_FAST=0 -DBUILD_RRTMK=0 -DBUILD_SBM_FAST=1 -DSHOW_ALL_VARS_USED=0 -DCONFIG_BUF_LEN=65536 -DMAX_DOMAINS_F=21 -DMAX_HISTORY=25 -DNMM_NEST=0 -DWRF_CHEM -DBUILD_CHEM=1 -I. -traditional-cpp -DUSE_NETCDF4_FEATURES -DWRFIO_NCD_LARGE_FILE_SUPPORT   rdxs.G  > rdxs.bb
/glade/derecho/scratch/yates/NEOM_WRF/wrfv4.6.0/tools/standard.exe rdxs.bb | /lib/cpp -P -nostdinc -traditional-cpp -DUSE_NETCDF4_FEATURES -DWRFIO_NCD_LARGE_FILE_SUPPORT > rdxs.f90
rm -f rdxs.G rdxs.bb
time mpif90 -f90=ifort -o rdxs.o -c -O3 -ip -fp-model precise -w -ftz -align all -fno-alias -FR -convert big_endian    -I../dyn_em  -I/glade/derecho/scratch/yates/NEOM_WRF/wrfv4.6.0/external/esmf_time_f90  -I/glade/derecho/scratch/yates/NEOM_WRF/wrfv4.6.0/main -I/glade/derecho/scratch/yates/NEOM_WRF/wrfv4.6.0/external/io_netcdf -I/glade/derecho/scratch/yates/NEOM_WRF/wrfv4.6.0/external/io_int -I/glade/derecho/scratch/yates/NEOM_WRF/wrfv4.6.0/frame -I/glade/derecho/scratch/yates/NEOM_WRF/wrfv4.6.0/share -I/glade/derecho/scratch/yates/NEOM_WRF/wrfv4.6.0/phys -I/glade/derecho/scratch/yates/NEOM_WRF/wrfv4.6.0/wrftladj -I/glade/derecho/scratch/yates/NEOM_WRF/wrfv4.6.0/chem -I/glade/derecho/scratch/yates/NEOM_WRF/wrfv4.6.0/inc -I/glade/u/apps/derecho/23.09/spack/opt/spack/netcdf/4.9.2/oneapi/2023.2.1/yzvj/include  -real-size `expr 8 \* 4` -i4  rdxs.f90

real	0m1.517s
user	0m1.170s
sys	0m0.320s
rm -f la_srb.o
sed -e "s/^\!.*'.*//" -e "s/^ *\!.*'.*//" la_srb.F > la_srb.G
/lib/cpp -P -nostdinc -I/glade/derecho/scratch/yates/NEOM_WRF/wrfv4.6.0/inc -DEM_CORE=1 -DNMM_CORE=0 -DNMM_MAX_DIM=2600 -DDA_CORE=0 -DWRFPLUS=0 -DIWORDSIZE=4 -DDWORDSIZE=8 -DRWORDSIZE=4 -DLWORDSIZE=4 -DNONSTANDARD_SYSTEM_FUNC  -DWRF_USE_CLM -DUSE_NETCDF4_FEATURES -DWRFIO_NCD_LARGE_FILE_SUPPORT  -DDM_PARALLEL -DNETCDF -DLANDREAD_STUB=1 -DUSE_ALLOCATABLES -Dwrfmodel -DGRIB1 -DINTIO -DKEEP_INT_AROUND -DLIMIT_ARGS -DBUILD_RRTMG_FAST=0 -DBUILD_RRTMK=0 -DBUILD_SBM_FAST=1 -DSHOW_ALL_VARS_USED=0 -DCONFIG_BUF_LEN=65536 -DMAX_DOMAINS_F=21 -DMAX_HISTORY=25 -DNMM_NEST=0 -DWRF_CHEM -DBUILD_CHEM=1 -I. -traditional-cpp -DUSE_NETCDF4_FEATURES -DWRFIO_NCD_LARGE_FILE_SUPPORT   la_srb.G  > la_srb.bb
/glade/derecho/scratch/yates/NEOM_WRF/wrfv4.6.0/tools/standard.exe la_srb.bb | /lib/cpp -P -nostdinc -traditional-cpp -DUSE_NETCDF4_FEATURES -DWRFIO_NCD_LARGE_FILE_SUPPORT > la_srb.f90
rm -f la_srb.G la_srb.bb
time mpif90 -f90=ifort -o la_srb.o -c -O3 -ip -fp-model precise -w -ftz -align all -fno-alias -FR -convert big_endian    -I../dyn_em  -I/glade/derecho/scratch/yates/NEOM_WRF/wrfv4.6.0/external/esmf_time_f90  -I/glade/derecho/scratch/yates/NEOM_WRF/wrfv4.6.0/main -I/glade/derecho/scratch/yates/NEOM_WRF/wrfv4.6.0/external/io_netcdf -I/glade/derecho/scratch/yates/NEOM_WRF/wrfv4.6.0/external/io_int -I/glade/derecho/scratch/yates/NEOM_WRF/wrfv4.6.0/frame -I/glade/derecho/scratch/yates/NEOM_WRF/wrfv4.6.0/share -I/glade/derecho/scratch/yates/NEOM_WRF/wrfv4.6.0/phys -I/glade/derecho/scratch/yates/NEOM_WRF/wrfv4.6.0/wrftladj -I/glade/derecho/scratch/yates/NEOM_WRF/wrfv4.6.0/chem -I/glade/derecho/scratch/yates/NEOM_WRF/wrfv4.6.0/inc -I/glade/u/apps/derecho/23.09/spack/opt/spack/netcdf/4.9.2/oneapi/2023.2.1/yzvj/include  -real-size `expr 8 \* 4` -i4  la_srb.f90

real	0m1.141s
user	0m0.793s
sys	0m0.322s
rm -f rtrans.o
sed -e "s/^\!.*'.*//" -e "s/^ *\!.*'.*//" rtrans.F > rtrans.G
/lib/cpp -P -nostdinc -I/glade/derecho/scratch/yates/NEOM_WRF/wrfv4.6.0/inc -DEM_CORE=1 -DNMM_CORE=0 -DNMM_MAX_DIM=2600 -DDA_CORE=0 -DWRFPLUS=0 -DIWORDSIZE=4 -DDWORDSIZE=8 -DRWORDSIZE=4 -DLWORDSIZE=4 -DNONSTANDARD_SYSTEM_FUNC  -DWRF_USE_CLM -DUSE_NETCDF4_FEATURES -DWRFIO_NCD_LARGE_FILE_SUPPORT  -DDM_PARALLEL -DNETCDF -DLANDREAD_STUB=1 -DUSE_ALLOCATABLES -Dwrfmodel -DGRIB1 -DINTIO -DKEEP_INT_AROUND -DLIMIT_ARGS -DBUILD_RRTMG_FAST=0 -DBUILD_RRTMK=0 -DBUILD_SBM_FAST=1 -DSHOW_ALL_VARS_USED=0 -DCONFIG_BUF_LEN=65536 -DMAX_DOMAINS_F=21 -DMAX_HISTORY=25 -DNMM_NEST=0 -DWRF_CHEM -DBUILD_CHEM=1 -I. -traditional-cpp -DUSE_NETCDF4_FEATURES -DWRFIO_NCD_LARGE_FILE_SUPPORT   rtrans.G  > rtrans.bb
/glade/derecho/scratch/yates/NEOM_WRF/wrfv4.6.0/tools/standard.exe rtrans.bb | /lib/cpp -P -nostdinc -traditional-cpp -DUSE_NETCDF4_FEATURES -DWRFIO_NCD_LARGE_FILE_SUPPORT > rtrans.f90
rm -f rtrans.G rtrans.bb
time mpif90 -f90=ifort -o rtrans.o -c -O3 -ip -fp-model precise -w -ftz -align all -fno-alias -FR -convert big_endian    -I../dyn_em  -I/glade/derecho/scratch/yates/NEOM_WRF/wrfv4.6.0/external/esmf_time_f90  -I/glade/derecho/scratch/yates/NEOM_WRF/wrfv4.6.0/main -I/glade/derecho/scratch/yates/NEOM_WRF/wrfv4.6.0/external/io_netcdf -I/glade/derecho/scratch/yates/NEOM_WRF/wrfv4.6.0/external/io_int -I/glade/derecho/scratch/yates/NEOM_WRF/wrfv4.6.0/frame -I/glade/derecho/scratch/yates/NEOM_WRF/wrfv4.6.0/share -I/glade/derecho/scratch/yates/NEOM_WRF/wrfv4.6.0/phys -I/glade/derecho/scratch/yates/NEOM_WRF/wrfv4.6.0/wrftladj -I/glade/derecho/scratch/yates/NEOM_WRF/wrfv4.6.0/chem -I/glade/derecho/scratch/yates/NEOM_WRF/wrfv4.6.0/inc -I/glade/u/apps/derecho/23.09/spack/opt/spack/netcdf/4.9.2/oneapi/2023.2.1/yzvj/include  -real-size `expr 8 \* 4` -i4  rtrans.f90

real	0m1.164s
user	0m0.846s
sys	0m0.286s
rm -f module_cbmz_rodas_prep.o
sed -e "s/^\!.*'.*//" -e "s/^ *\!.*'.*//" module_cbmz_rodas_prep.F > module_cbmz_rodas_prep.G
/lib/cpp -P -nostdinc -I/glade/derecho/scratch/yates/NEOM_WRF/wrfv4.6.0/inc -DEM_CORE=1 -DNMM_CORE=0 -DNMM_MAX_DIM=2600 -DDA_CORE=0 -DWRFPLUS=0 -DIWORDSIZE=4 -DDWORDSIZE=8 -DRWORDSIZE=4 -DLWORDSIZE=4 -DNONSTANDARD_SYSTEM_FUNC  -DWRF_USE_CLM -DUSE_NETCDF4_FEATURES -DWRFIO_NCD_LARGE_FILE_SUPPORT  -DDM_PARALLEL -DNETCDF -DLANDREAD_STUB=1 -DUSE_ALLOCATABLES -Dwrfmodel -DGRIB1 -DINTIO -DKEEP_INT_AROUND -DLIMIT_ARGS -DBUILD_RRTMG_FAST=0 -DBUILD_RRTMK=0 -DBUILD_SBM_FAST=1 -DSHOW_ALL_VARS_USED=0 -DCONFIG_BUF_LEN=65536 -DMAX_DOMAINS_F=21 -DMAX_HISTORY=25 -DNMM_NEST=0 -DWRF_CHEM -DBUILD_CHEM=1 -I. -traditional-cpp -DUSE_NETCDF4_FEATURES -DWRFIO_NCD_LARGE_FILE_SUPPORT   module_cbmz_rodas_prep.G  > module_cbmz_rodas_prep.bb
/glade/derecho/scratch/yates/NEOM_WRF/wrfv4.6.0/tools/standard.exe module_cbmz_rodas_prep.bb | /lib/cpp -P -nostdinc -traditional-cpp -DUSE_NETCDF4_FEATURES -DWRFIO_NCD_LARGE_FILE_SUPPORT > module_cbmz_rodas_prep.f90
rm -f module_cbmz_rodas_prep.G module_cbmz_rodas_prep.bb
time mpif90 -f90=ifort -o module_cbmz_rodas_prep.o -c -O3 -ip -fp-model precise -w -ftz -align all -fno-alias -FR -convert big_endian    -I../dyn_em  -I/glade/derecho/scratch/yates/NEOM_WRF/wrfv4.6.0/external/esmf_time_f90  -I/glade/derecho/scratch/yates/NEOM_WRF/wrfv4.6.0/main -I/glade/derecho/scratch/yates/NEOM_WRF/wrfv4.6.0/external/io_netcdf -I/glade/derecho/scratch/yates/NEOM_WRF/wrfv4.6.0/external/io_int -I/glade/derecho/scratch/yates/NEOM_WRF/wrfv4.6.0/frame -I/glade/derecho/scratch/yates/NEOM_WRF/wrfv4.6.0/share -I/glade/derecho/scratch/yates/NEOM_WRF/wrfv4.6.0/phys -I/glade/derecho/scratch/yates/NEOM_WRF/wrfv4.6.0/wrftladj -I/glade/derecho/scratch/yates/NEOM_WRF/wrfv4.6.0/chem -I/glade/derecho/scratch/yates/NEOM_WRF/wrfv4.6.0/inc -I/glade/u/apps/derecho/23.09/spack/opt/spack/netcdf/4.9.2/oneapi/2023.2.1/yzvj/include  -real-size `expr 8 \* 4` -i4  module_cbmz_rodas_prep.f90

real	0m8.677s
user	0m8.184s
sys	0m0.464s
rm -f module_lightning_nox_driver.o
sed -e "s/^\!.*'.*//" -e "s/^ *\!.*'.*//" module_lightning_nox_driver.F > module_lightning_nox_driver.G
/lib/cpp -P -nostdinc -I/glade/derecho/scratch/yates/NEOM_WRF/wrfv4.6.0/inc -DEM_CORE=1 -DNMM_CORE=0 -DNMM_MAX_DIM=2600 -DDA_CORE=0 -DWRFPLUS=0 -DIWORDSIZE=4 -DDWORDSIZE=8 -DRWORDSIZE=4 -DLWORDSIZE=4 -DNONSTANDARD_SYSTEM_FUNC  -DWRF_USE_CLM -DUSE_NETCDF4_FEATURES -DWRFIO_NCD_LARGE_FILE_SUPPORT  -DDM_PARALLEL -DNETCDF -DLANDREAD_STUB=1 -DUSE_ALLOCATABLES -Dwrfmodel -DGRIB1 -DINTIO -DKEEP_INT_AROUND -DLIMIT_ARGS -DBUILD_RRTMG_FAST=0 -DBUILD_RRTMK=0 -DBUILD_SBM_FAST=1 -DSHOW_ALL_VARS_USED=0 -DCONFIG_BUF_LEN=65536 -DMAX_DOMAINS_F=21 -DMAX_HISTORY=25 -DNMM_NEST=0 -DWRF_CHEM -DBUILD_CHEM=1 -I. -traditional-cpp -DUSE_NETCDF4_FEATURES -DWRFIO_NCD_LARGE_FILE_SUPPORT   module_lightning_nox_driver.G  > module_lightning_nox_driver.bb
/glade/derecho/scratch/yates/NEOM_WRF/wrfv4.6.0/tools/standard.exe module_lightning_nox_driver.bb | /lib/cpp -P -nostdinc -traditional-cpp -DUSE_NETCDF4_FEATURES -DWRFIO_NCD_LARGE_FILE_SUPPORT > module_lightning_nox_driver.f90
rm -f module_lightning_nox_driver.G module_lightning_nox_driver.bb
time mpif90 -f90=ifort -o module_lightning_nox_driver.o -c -O3 -ip -fp-model precise -w -ftz -align all -fno-alias -FR -convert big_endian    -I../dyn_em  -I/glade/derecho/scratch/yates/NEOM_WRF/wrfv4.6.0/external/esmf_time_f90  -I/glade/derecho/scratch/yates/NEOM_WRF/wrfv4.6.0/main -I/glade/derecho/scratch/yates/NEOM_WRF/wrfv4.6.0/external/io_netcdf -I/glade/derecho/scratch/yates/NEOM_WRF/wrfv4.6.0/external/io_int -I/glade/derecho/scratch/yates/NEOM_WRF/wrfv4.6.0/frame -I/glade/derecho/scratch/yates/NEOM_WRF/wrfv4.6.0/share -I/glade/derecho/scratch/yates/NEOM_WRF/wrfv4.6.0/phys -I/glade/derecho/scratch/yates/NEOM_WRF/wrfv4.6.0/wrftladj -I/glade/derecho/scratch/yates/NEOM_WRF/wrfv4.6.0/chem -I/glade/derecho/scratch/yates/NEOM_WRF/wrfv4.6.0/inc -I/glade/u/apps/derecho/23.09/spack/opt/spack/netcdf/4.9.2/oneapi/2023.2.1/yzvj/include  -real-size `expr 8 \* 4` -i4  module_lightning_nox_driver.f90

real	0m0.642s
user	0m0.308s
sys	0m0.308s
rm -f module_optical_averaging.o
sed -e "s/^\!.*'.*//" -e "s/^ *\!.*'.*//" module_optical_averaging.F > module_optical_averaging.G
/lib/cpp -P -nostdinc -I/glade/derecho/scratch/yates/NEOM_WRF/wrfv4.6.0/inc -DEM_CORE=1 -DNMM_CORE=0 -DNMM_MAX_DIM=2600 -DDA_CORE=0 -DWRFPLUS=0 -DIWORDSIZE=4 -DDWORDSIZE=8 -DRWORDSIZE=4 -DLWORDSIZE=4 -DNONSTANDARD_SYSTEM_FUNC  -DWRF_USE_CLM -DUSE_NETCDF4_FEATURES -DWRFIO_NCD_LARGE_FILE_SUPPORT  -DDM_PARALLEL -DNETCDF -DLANDREAD_STUB=1 -DUSE_ALLOCATABLES -Dwrfmodel -DGRIB1 -DINTIO -DKEEP_INT_AROUND -DLIMIT_ARGS -DBUILD_RRTMG_FAST=0 -DBUILD_RRTMK=0 -DBUILD_SBM_FAST=1 -DSHOW_ALL_VARS_USED=0 -DCONFIG_BUF_LEN=65536 -DMAX_DOMAINS_F=21 -DMAX_HISTORY=25 -DNMM_NEST=0 -DWRF_CHEM -DBUILD_CHEM=1 -I. -traditional-cpp -DUSE_NETCDF4_FEATURES -DWRFIO_NCD_LARGE_FILE_SUPPORT   module_optical_averaging.G  > module_optical_averaging.bb
/glade/derecho/scratch/yates/NEOM_WRF/wrfv4.6.0/tools/standard.exe module_optical_averaging.bb | /lib/cpp -P -nostdinc -traditional-cpp -DUSE_NETCDF4_FEATURES -DWRFIO_NCD_LARGE_FILE_SUPPORT > module_optical_averaging.f90
rm -f module_optical_averaging.G module_optical_averaging.bb
time mpif90 -f90=ifort -o module_optical_averaging.o -c -O3 -ip -fp-model precise -w -ftz -align all -fno-alias -FR -convert big_endian    -I../dyn_em  -I/glade/derecho/scratch/yates/NEOM_WRF/wrfv4.6.0/external/esmf_time_f90  -I/glade/derecho/scratch/yates/NEOM_WRF/wrfv4.6.0/main -I/glade/derecho/scratch/yates/NEOM_WRF/wrfv4.6.0/external/io_netcdf -I/glade/derecho/scratch/yates/NEOM_WRF/wrfv4.6.0/external/io_int -I/glade/derecho/scratch/yates/NEOM_WRF/wrfv4.6.0/frame -I/glade/derecho/scratch/yates/NEOM_WRF/wrfv4.6.0/share -I/glade/derecho/scratch/yates/NEOM_WRF/wrfv4.6.0/phys -I/glade/derecho/scratch/yates/NEOM_WRF/wrfv4.6.0/wrftladj -I/glade/derecho/scratch/yates/NEOM_WRF/wrfv4.6.0/chem -I/glade/derecho/scratch/yates/NEOM_WRF/wrfv4.6.0/inc -I/glade/u/apps/derecho/23.09/spack/opt/spack/netcdf/4.9.2/oneapi/2023.2.1/yzvj/include  -real-size `expr 8 \* 4` -i4  module_optical_averaging.f90

real	0m9.046s
user	0m8.483s
sys	0m0.482s
rm -f module_plumerise1.o
sed -e "s/^\!.*'.*//" -e "s/^ *\!.*'.*//" module_plumerise1.F > module_plumerise1.G
/lib/cpp -P -nostdinc -I/glade/derecho/scratch/yates/NEOM_WRF/wrfv4.6.0/inc -DEM_CORE=1 -DNMM_CORE=0 -DNMM_MAX_DIM=2600 -DDA_CORE=0 -DWRFPLUS=0 -DIWORDSIZE=4 -DDWORDSIZE=8 -DRWORDSIZE=4 -DLWORDSIZE=4 -DNONSTANDARD_SYSTEM_FUNC  -DWRF_USE_CLM -DUSE_NETCDF4_FEATURES -DWRFIO_NCD_LARGE_FILE_SUPPORT  -DDM_PARALLEL -DNETCDF -DLANDREAD_STUB=1 -DUSE_ALLOCATABLES -Dwrfmodel -DGRIB1 -DINTIO -DKEEP_INT_AROUND -DLIMIT_ARGS -DBUILD_RRTMG_FAST=0 -DBUILD_RRTMK=0 -DBUILD_SBM_FAST=1 -DSHOW_ALL_VARS_USED=0 -DCONFIG_BUF_LEN=65536 -DMAX_DOMAINS_F=21 -DMAX_HISTORY=25 -DNMM_NEST=0 -DWRF_CHEM -DBUILD_CHEM=1 -I. -traditional-cpp -DUSE_NETCDF4_FEATURES -DWRFIO_NCD_LARGE_FILE_SUPPORT   module_plumerise1.G  > module_plumerise1.bb
/glade/derecho/scratch/yates/NEOM_WRF/wrfv4.6.0/tools/standard.exe module_plumerise1.bb | /lib/cpp -P -nostdinc -traditional-cpp -DUSE_NETCDF4_FEATURES -DWRFIO_NCD_LARGE_FILE_SUPPORT > module_plumerise1.f90
rm -f module_plumerise1.G module_plumerise1.bb
time mpif90 -f90=ifort -o module_plumerise1.o -c -O3 -ip -fp-model precise -w -ftz -align all -fno-alias -FR -convert big_endian    -I../dyn_em  -I/glade/derecho/scratch/yates/NEOM_WRF/wrfv4.6.0/external/esmf_time_f90  -I/glade/derecho/scratch/yates/NEOM_WRF/wrfv4.6.0/main -I/glade/derecho/scratch/yates/NEOM_WRF/wrfv4.6.0/external/io_netcdf -I/glade/derecho/scratch/yates/NEOM_WRF/wrfv4.6.0/external/io_int -I/glade/derecho/scratch/yates/NEOM_WRF/wrfv4.6.0/frame -I/glade/derecho/scratch/yates/NEOM_WRF/wrfv4.6.0/share -I/glade/derecho/scratch/yates/NEOM_WRF/wrfv4.6.0/phys -I/glade/derecho/scratch/yates/NEOM_WRF/wrfv4.6.0/wrftladj -I/glade/derecho/scratch/yates/NEOM_WRF/wrfv4.6.0/chem -I/glade/derecho/scratch/yates/NEOM_WRF/wrfv4.6.0/inc -I/glade/u/apps/derecho/23.09/spack/opt/spack/netcdf/4.9.2/oneapi/2023.2.1/yzvj/include  -real-size `expr 8 \* 4` -i4  module_plumerise1.f90

real	0m2.962s
user	0m2.496s
sys	0m0.299s
rm -f module_cam_mam_wetscav.o
sed -e "s/^\!.*'.*//" -e "s/^ *\!.*'.*//" module_cam_mam_wetscav.F > module_cam_mam_wetscav.G
/lib/cpp -P -nostdinc -I/glade/derecho/scratch/yates/NEOM_WRF/wrfv4.6.0/inc -DEM_CORE=1 -DNMM_CORE=0 -DNMM_MAX_DIM=2600 -DDA_CORE=0 -DWRFPLUS=0 -DIWORDSIZE=4 -DDWORDSIZE=8 -DRWORDSIZE=4 -DLWORDSIZE=4 -DNONSTANDARD_SYSTEM_FUNC  -DWRF_USE_CLM -DUSE_NETCDF4_FEATURES -DWRFIO_NCD_LARGE_FILE_SUPPORT  -DDM_PARALLEL -DNETCDF -DLANDREAD_STUB=1 -DUSE_ALLOCATABLES -Dwrfmodel -DGRIB1 -DINTIO -DKEEP_INT_AROUND -DLIMIT_ARGS -DBUILD_RRTMG_FAST=0 -DBUILD_RRTMK=0 -DBUILD_SBM_FAST=1 -DSHOW_ALL_VARS_USED=0 -DCONFIG_BUF_LEN=65536 -DMAX_DOMAINS_F=21 -DMAX_HISTORY=25 -DNMM_NEST=0 -DWRF_CHEM -DBUILD_CHEM=1 -I. -traditional-cpp -DUSE_NETCDF4_FEATURES -DWRFIO_NCD_LARGE_FILE_SUPPORT   module_cam_mam_wetscav.G  > module_cam_mam_wetscav.bb
/glade/derecho/scratch/yates/NEOM_WRF/wrfv4.6.0/tools/standard.exe module_cam_mam_wetscav.bb | /lib/cpp -P -nostdinc -traditional-cpp -DUSE_NETCDF4_FEATURES -DWRFIO_NCD_LARGE_FILE_SUPPORT > module_cam_mam_wetscav.f90
rm -f module_cam_mam_wetscav.G module_cam_mam_wetscav.bb
time mpif90 -f90=ifort -o module_cam_mam_wetscav.o -c -O3 -ip -fp-model precise -w -ftz -align all -fno-alias -FR -convert big_endian    -I../dyn_em  -I/glade/derecho/scratch/yates/NEOM_WRF/wrfv4.6.0/external/esmf_time_f90  -I/glade/derecho/scratch/yates/NEOM_WRF/wrfv4.6.0/main -I/glade/derecho/scratch/yates/NEOM_WRF/wrfv4.6.0/external/io_netcdf -I/glade/derecho/scratch/yates/NEOM_WRF/wrfv4.6.0/external/io_int -I/glade/derecho/scratch/yates/NEOM_WRF/wrfv4.6.0/frame -I/glade/derecho/scratch/yates/NEOM_WRF/wrfv4.6.0/share -I/glade/derecho/scratch/yates/NEOM_WRF/wrfv4.6.0/phys -I/glade/derecho/scratch/yates/NEOM_WRF/wrfv4.6.0/wrftladj -I/glade/derecho/scratch/yates/NEOM_WRF/wrfv4.6.0/chem -I/glade/derecho/scratch/yates/NEOM_WRF/wrfv4.6.0/inc -I/glade/u/apps/derecho/23.09/spack/opt/spack/netcdf/4.9.2/oneapi/2023.2.1/yzvj/include  -real-size `expr 8 \* 4` -i4  module_cam_mam_wetscav.f90

real	0m1.090s
user	0m0.723s
sys	0m0.336s
rm -f optical_driver.o
sed -e "s/^\!.*'.*//" -e "s/^ *\!.*'.*//" optical_driver.F > optical_driver.G
/lib/cpp -P -nostdinc -I/glade/derecho/scratch/yates/NEOM_WRF/wrfv4.6.0/inc -DEM_CORE=1 -DNMM_CORE=0 -DNMM_MAX_DIM=2600 -DDA_CORE=0 -DWRFPLUS=0 -DIWORDSIZE=4 -DDWORDSIZE=8 -DRWORDSIZE=4 -DLWORDSIZE=4 -DNONSTANDARD_SYSTEM_FUNC  -DWRF_USE_CLM -DUSE_NETCDF4_FEATURES -DWRFIO_NCD_LARGE_FILE_SUPPORT  -DDM_PARALLEL -DNETCDF -DLANDREAD_STUB=1 -DUSE_ALLOCATABLES -Dwrfmodel -DGRIB1 -DINTIO -DKEEP_INT_AROUND -DLIMIT_ARGS -DBUILD_RRTMG_FAST=0 -DBUILD_RRTMK=0 -DBUILD_SBM_FAST=1 -DSHOW_ALL_VARS_USED=0 -DCONFIG_BUF_LEN=65536 -DMAX_DOMAINS_F=21 -DMAX_HISTORY=25 -DNMM_NEST=0 -DWRF_CHEM -DBUILD_CHEM=1 -I. -traditional-cpp -DUSE_NETCDF4_FEATURES -DWRFIO_NCD_LARGE_FILE_SUPPORT   optical_driver.G  > optical_driver.bb
/glade/derecho/scratch/yates/NEOM_WRF/wrfv4.6.0/tools/standard.exe optical_driver.bb | /lib/cpp -P -nostdinc -traditional-cpp -DUSE_NETCDF4_FEATURES -DWRFIO_NCD_LARGE_FILE_SUPPORT > optical_driver.f90
rm -f optical_driver.G optical_driver.bb
time mpif90 -f90=ifort -o optical_driver.o -c -O3 -ip -fp-model precise -w -ftz -align all -fno-alias -FR -convert big_endian    -I../dyn_em  -I/glade/derecho/scratch/yates/NEOM_WRF/wrfv4.6.0/external/esmf_time_f90  -I/glade/derecho/scratch/yates/NEOM_WRF/wrfv4.6.0/main -I/glade/derecho/scratch/yates/NEOM_WRF/wrfv4.6.0/external/io_netcdf -I/glade/derecho/scratch/yates/NEOM_WRF/wrfv4.6.0/external/io_int -I/glade/derecho/scratch/yates/NEOM_WRF/wrfv4.6.0/frame -I/glade/derecho/scratch/yates/NEOM_WRF/wrfv4.6.0/share -I/glade/derecho/scratch/yates/NEOM_WRF/wrfv4.6.0/phys -I/glade/derecho/scratch/yates/NEOM_WRF/wrfv4.6.0/wrftladj -I/glade/derecho/scratch/yates/NEOM_WRF/wrfv4.6.0/chem -I/glade/derecho/scratch/yates/NEOM_WRF/wrfv4.6.0/inc -I/glade/u/apps/derecho/23.09/spack/opt/spack/netcdf/4.9.2/oneapi/2023.2.1/yzvj/include  -real-size `expr 8 \* 4` -i4  optical_driver.f90

real	0m2.179s
user	0m1.790s
sys	0m0.359s
rm -f isofwd.o
sed -e "s/^\!.*'.*//" -e "s/^ *\!.*'.*//" isofwd.F > isofwd.G
/lib/cpp -P -nostdinc -I/glade/derecho/scratch/yates/NEOM_WRF/wrfv4.6.0/inc -DEM_CORE=1 -DNMM_CORE=0 -DNMM_MAX_DIM=2600 -DDA_CORE=0 -DWRFPLUS=0 -DIWORDSIZE=4 -DDWORDSIZE=8 -DRWORDSIZE=4 -DLWORDSIZE=4 -DNONSTANDARD_SYSTEM_FUNC  -DWRF_USE_CLM -DUSE_NETCDF4_FEATURES -DWRFIO_NCD_LARGE_FILE_SUPPORT  -DDM_PARALLEL -DNETCDF -DLANDREAD_STUB=1 -DUSE_ALLOCATABLES -Dwrfmodel -DGRIB1 -DINTIO -DKEEP_INT_AROUND -DLIMIT_ARGS -DBUILD_RRTMG_FAST=0 -DBUILD_RRTMK=0 -DBUILD_SBM_FAST=1 -DSHOW_ALL_VARS_USED=0 -DCONFIG_BUF_LEN=65536 -DMAX_DOMAINS_F=21 -DMAX_HISTORY=25 -DNMM_NEST=0 -DWRF_CHEM -DBUILD_CHEM=1 -I. -traditional-cpp -DUSE_NETCDF4_FEATURES -DWRFIO_NCD_LARGE_FILE_SUPPORT   isofwd.G  > isofwd.bb
/glade/derecho/scratch/yates/NEOM_WRF/wrfv4.6.0/tools/standard.exe isofwd.bb | /lib/cpp -P -nostdinc -traditional-cpp -DUSE_NETCDF4_FEATURES -DWRFIO_NCD_LARGE_FILE_SUPPORT > isofwd.f90
rm -f isofwd.G isofwd.bb
time mpif90 -f90=ifort -o isofwd.o -c -O3 -ip -fp-model precise -w -ftz -align all -fno-alias -FR -convert big_endian    -I../dyn_em  -I/glade/derecho/scratch/yates/NEOM_WRF/wrfv4.6.0/external/esmf_time_f90  -I/glade/derecho/scratch/yates/NEOM_WRF/wrfv4.6.0/main -I/glade/derecho/scratch/yates/NEOM_WRF/wrfv4.6.0/external/io_netcdf -I/glade/derecho/scratch/yates/NEOM_WRF/wrfv4.6.0/external/io_int -I/glade/derecho/scratch/yates/NEOM_WRF/wrfv4.6.0/frame -I/glade/derecho/scratch/yates/NEOM_WRF/wrfv4.6.0/share -I/glade/derecho/scratch/yates/NEOM_WRF/wrfv4.6.0/phys -I/glade/derecho/scratch/yates/NEOM_WRF/wrfv4.6.0/wrftladj -I/glade/derecho/scratch/yates/NEOM_WRF/wrfv4.6.0/chem -I/glade/derecho/scratch/yates/NEOM_WRF/wrfv4.6.0/inc -I/glade/u/apps/derecho/23.09/spack/opt/spack/netcdf/4.9.2/oneapi/2023.2.1/yzvj/include  -real-size `expr 8 \* 4` -i4  isofwd.f90

real	0m3.657s
user	0m3.307s
sys	0m0.322s
rm -f isorev.o
sed -e "s/^\!.*'.*//" -e "s/^ *\!.*'.*//" isorev.F > isorev.G
/lib/cpp -P -nostdinc -I/glade/derecho/scratch/yates/NEOM_WRF/wrfv4.6.0/inc -DEM_CORE=1 -DNMM_CORE=0 -DNMM_MAX_DIM=2600 -DDA_CORE=0 -DWRFPLUS=0 -DIWORDSIZE=4 -DDWORDSIZE=8 -DRWORDSIZE=4 -DLWORDSIZE=4 -DNONSTANDARD_SYSTEM_FUNC  -DWRF_USE_CLM -DUSE_NETCDF4_FEATURES -DWRFIO_NCD_LARGE_FILE_SUPPORT  -DDM_PARALLEL -DNETCDF -DLANDREAD_STUB=1 -DUSE_ALLOCATABLES -Dwrfmodel -DGRIB1 -DINTIO -DKEEP_INT_AROUND -DLIMIT_ARGS -DBUILD_RRTMG_FAST=0 -DBUILD_RRTMK=0 -DBUILD_SBM_FAST=1 -DSHOW_ALL_VARS_USED=0 -DCONFIG_BUF_LEN=65536 -DMAX_DOMAINS_F=21 -DMAX_HISTORY=25 -DNMM_NEST=0 -DWRF_CHEM -DBUILD_CHEM=1 -I. -traditional-cpp -DUSE_NETCDF4_FEATURES -DWRFIO_NCD_LARGE_FILE_SUPPORT   isorev.G  > isorev.bb
/glade/derecho/scratch/yates/NEOM_WRF/wrfv4.6.0/tools/standard.exe isorev.bb | /lib/cpp -P -nostdinc -traditional-cpp -DUSE_NETCDF4_FEATURES -DWRFIO_NCD_LARGE_FILE_SUPPORT > isorev.f90
rm -f isorev.G isorev.bb
time mpif90 -f90=ifort -o isorev.o -c -O3 -ip -fp-model precise -w -ftz -align all -fno-alias -FR -convert big_endian    -I../dyn_em  -I/glade/derecho/scratch/yates/NEOM_WRF/wrfv4.6.0/external/esmf_time_f90  -I/glade/derecho/scratch/yates/NEOM_WRF/wrfv4.6.0/main -I/glade/derecho/scratch/yates/NEOM_WRF/wrfv4.6.0/external/io_netcdf -I/glade/derecho/scratch/yates/NEOM_WRF/wrfv4.6.0/external/io_int -I/glade/derecho/scratch/yates/NEOM_WRF/wrfv4.6.0/frame -I/glade/derecho/scratch/yates/NEOM_WRF/wrfv4.6.0/share -I/glade/derecho/scratch/yates/NEOM_WRF/wrfv4.6.0/phys -I/glade/derecho/scratch/yates/NEOM_WRF/wrfv4.6.0/wrftladj -I/glade/derecho/scratch/yates/NEOM_WRF/wrfv4.6.0/chem -I/glade/derecho/scratch/yates/NEOM_WRF/wrfv4.6.0/inc -I/glade/u/apps/derecho/23.09/spack/opt/spack/netcdf/4.9.2/oneapi/2023.2.1/yzvj/include  -real-size `expr 8 \* 4` -i4  isorev.f90

real	1m37.441s
user	1m36.602s
sys	0m0.588s
rm -f aerorate_so2.o
sed -e "s/^\!.*'.*//" -e "s/^ *\!.*'.*//" aerorate_so2.F > aerorate_so2.G
/lib/cpp -P -nostdinc -I/glade/derecho/scratch/yates/NEOM_WRF/wrfv4.6.0/inc -DEM_CORE=1 -DNMM_CORE=0 -DNMM_MAX_DIM=2600 -DDA_CORE=0 -DWRFPLUS=0 -DIWORDSIZE=4 -DDWORDSIZE=8 -DRWORDSIZE=4 -DLWORDSIZE=4 -DNONSTANDARD_SYSTEM_FUNC  -DWRF_USE_CLM -DUSE_NETCDF4_FEATURES -DWRFIO_NCD_LARGE_FILE_SUPPORT  -DDM_PARALLEL -DNETCDF -DLANDREAD_STUB=1 -DUSE_ALLOCATABLES -Dwrfmodel -DGRIB1 -DINTIO -DKEEP_INT_AROUND -DLIMIT_ARGS -DBUILD_RRTMG_FAST=0 -DBUILD_RRTMK=0 -DBUILD_SBM_FAST=1 -DSHOW_ALL_VARS_USED=0 -DCONFIG_BUF_LEN=65536 -DMAX_DOMAINS_F=21 -DMAX_HISTORY=25 -DNMM_NEST=0 -DWRF_CHEM -DBUILD_CHEM=1 -I. -traditional-cpp -DUSE_NETCDF4_FEATURES -DWRFIO_NCD_LARGE_FILE_SUPPORT   aerorate_so2.G  > aerorate_so2.bb
/glade/derecho/scratch/yates/NEOM_WRF/wrfv4.6.0/tools/standard.exe aerorate_so2.bb | /lib/cpp -P -nostdinc -traditional-cpp -DUSE_NETCDF4_FEATURES -DWRFIO_NCD_LARGE_FILE_SUPPORT > aerorate_so2.f90
rm -f aerorate_so2.G aerorate_so2.bb
time mpif90 -f90=ifort -o aerorate_so2.o -c -O3 -ip -fp-model precise -w -ftz -align all -fno-alias -FR -convert big_endian    -I../dyn_em  -I/glade/derecho/scratch/yates/NEOM_WRF/wrfv4.6.0/external/esmf_time_f90  -I/glade/derecho/scratch/yates/NEOM_WRF/wrfv4.6.0/main -I/glade/derecho/scratch/yates/NEOM_WRF/wrfv4.6.0/external/io_netcdf -I/glade/derecho/scratch/yates/NEOM_WRF/wrfv4.6.0/external/io_int -I/glade/derecho/scratch/yates/NEOM_WRF/wrfv4.6.0/frame -I/glade/derecho/scratch/yates/NEOM_WRF/wrfv4.6.0/share -I/glade/derecho/scratch/yates/NEOM_WRF/wrfv4.6.0/phys -I/glade/derecho/scratch/yates/NEOM_WRF/wrfv4.6.0/wrftladj -I/glade/derecho/scratch/yates/NEOM_WRF/wrfv4.6.0/chem -I/glade/derecho/scratch/yates/NEOM_WRF/wrfv4.6.0/inc -I/glade/u/apps/derecho/23.09/spack/opt/spack/netcdf/4.9.2/oneapi/2023.2.1/yzvj/include  -real-size `expr 8 \* 4` -i4  aerorate_so2.f90

real	0m0.417s
user	0m0.119s
sys	0m0.271s
rm -f module_upper_bc_driver.o
sed -e "s/^\!.*'.*//" -e "s/^ *\!.*'.*//" module_upper_bc_driver.F > module_upper_bc_driver.G
/lib/cpp -P -nostdinc -I/glade/derecho/scratch/yates/NEOM_WRF/wrfv4.6.0/inc -DEM_CORE=1 -DNMM_CORE=0 -DNMM_MAX_DIM=2600 -DDA_CORE=0 -DWRFPLUS=0 -DIWORDSIZE=4 -DDWORDSIZE=8 -DRWORDSIZE=4 -DLWORDSIZE=4 -DNONSTANDARD_SYSTEM_FUNC  -DWRF_USE_CLM -DUSE_NETCDF4_FEATURES -DWRFIO_NCD_LARGE_FILE_SUPPORT  -DDM_PARALLEL -DNETCDF -DLANDREAD_STUB=1 -DUSE_ALLOCATABLES -Dwrfmodel -DGRIB1 -DINTIO -DKEEP_INT_AROUND -DLIMIT_ARGS -DBUILD_RRTMG_FAST=0 -DBUILD_RRTMK=0 -DBUILD_SBM_FAST=1 -DSHOW_ALL_VARS_USED=0 -DCONFIG_BUF_LEN=65536 -DMAX_DOMAINS_F=21 -DMAX_HISTORY=25 -DNMM_NEST=0 -DWRF_CHEM -DBUILD_CHEM=1 -I. -traditional-cpp -DUSE_NETCDF4_FEATURES -DWRFIO_NCD_LARGE_FILE_SUPPORT   module_upper_bc_driver.G  > module_upper_bc_driver.bb
/glade/derecho/scratch/yates/NEOM_WRF/wrfv4.6.0/tools/standard.exe module_upper_bc_driver.bb | /lib/cpp -P -nostdinc -traditional-cpp -DUSE_NETCDF4_FEATURES -DWRFIO_NCD_LARGE_FILE_SUPPORT > module_upper_bc_driver.f90
rm -f module_upper_bc_driver.G module_upper_bc_driver.bb
time mpif90 -f90=ifort -o module_upper_bc_driver.o -c -O3 -ip -fp-model precise -w -ftz -align all -fno-alias -FR -convert big_endian    -I../dyn_em  -I/glade/derecho/scratch/yates/NEOM_WRF/wrfv4.6.0/external/esmf_time_f90  -I/glade/derecho/scratch/yates/NEOM_WRF/wrfv4.6.0/main -I/glade/derecho/scratch/yates/NEOM_WRF/wrfv4.6.0/external/io_netcdf -I/glade/derecho/scratch/yates/NEOM_WRF/wrfv4.6.0/external/io_int -I/glade/derecho/scratch/yates/NEOM_WRF/wrfv4.6.0/frame -I/glade/derecho/scratch/yates/NEOM_WRF/wrfv4.6.0/share -I/glade/derecho/scratch/yates/NEOM_WRF/wrfv4.6.0/phys -I/glade/derecho/scratch/yates/NEOM_WRF/wrfv4.6.0/wrftladj -I/glade/derecho/scratch/yates/NEOM_WRF/wrfv4.6.0/chem -I/glade/derecho/scratch/yates/NEOM_WRF/wrfv4.6.0/inc -I/glade/u/apps/derecho/23.09/spack/opt/spack/netcdf/4.9.2/oneapi/2023.2.1/yzvj/include  -real-size `expr 8 \* 4` -i4  module_upper_bc_driver.f90

real	0m2.079s
user	0m1.724s
sys	0m0.319s
rm -f module_aerosols_soa_vbs.o
sed -e "s/^\!.*'.*//" -e "s/^ *\!.*'.*//" module_aerosols_soa_vbs.F > module_aerosols_soa_vbs.G
/lib/cpp -P -nostdinc -I/glade/derecho/scratch/yates/NEOM_WRF/wrfv4.6.0/inc -DEM_CORE=1 -DNMM_CORE=0 -DNMM_MAX_DIM=2600 -DDA_CORE=0 -DWRFPLUS=0 -DIWORDSIZE=4 -DDWORDSIZE=8 -DRWORDSIZE=4 -DLWORDSIZE=4 -DNONSTANDARD_SYSTEM_FUNC  -DWRF_USE_CLM -DUSE_NETCDF4_FEATURES -DWRFIO_NCD_LARGE_FILE_SUPPORT  -DDM_PARALLEL -DNETCDF -DLANDREAD_STUB=1 -DUSE_ALLOCATABLES -Dwrfmodel -DGRIB1 -DINTIO -DKEEP_INT_AROUND -DLIMIT_ARGS -DBUILD_RRTMG_FAST=0 -DBUILD_RRTMK=0 -DBUILD_SBM_FAST=1 -DSHOW_ALL_VARS_USED=0 -DCONFIG_BUF_LEN=65536 -DMAX_DOMAINS_F=21 -DMAX_HISTORY=25 -DNMM_NEST=0 -DWRF_CHEM -DBUILD_CHEM=1 -I. -traditional-cpp -DUSE_NETCDF4_FEATURES -DWRFIO_NCD_LARGE_FILE_SUPPORT   module_aerosols_soa_vbs.G  > module_aerosols_soa_vbs.bb
/glade/derecho/scratch/yates/NEOM_WRF/wrfv4.6.0/tools/standard.exe module_aerosols_soa_vbs.bb | /lib/cpp -P -nostdinc -traditional-cpp -DUSE_NETCDF4_FEATURES -DWRFIO_NCD_LARGE_FILE_SUPPORT > module_aerosols_soa_vbs.f90
rm -f module_aerosols_soa_vbs.G module_aerosols_soa_vbs.bb
time mpif90 -f90=ifort -o module_aerosols_soa_vbs.o -c -O3 -ip -fp-model precise -w -ftz -align all -fno-alias -FR -convert big_endian    -I../dyn_em  -I/glade/derecho/scratch/yates/NEOM_WRF/wrfv4.6.0/external/esmf_time_f90  -I/glade/derecho/scratch/yates/NEOM_WRF/wrfv4.6.0/main -I/glade/derecho/scratch/yates/NEOM_WRF/wrfv4.6.0/external/io_netcdf -I/glade/derecho/scratch/yates/NEOM_WRF/wrfv4.6.0/external/io_int -I/glade/derecho/scratch/yates/NEOM_WRF/wrfv4.6.0/frame -I/glade/derecho/scratch/yates/NEOM_WRF/wrfv4.6.0/share -I/glade/derecho/scratch/yates/NEOM_WRF/wrfv4.6.0/phys -I/glade/derecho/scratch/yates/NEOM_WRF/wrfv4.6.0/wrftladj -I/glade/derecho/scratch/yates/NEOM_WRF/wrfv4.6.0/chem -I/glade/derecho/scratch/yates/NEOM_WRF/wrfv4.6.0/inc -I/glade/u/apps/derecho/23.09/spack/opt/spack/netcdf/4.9.2/oneapi/2023.2.1/yzvj/include  -real-size `expr 8 \* 4` -i4  module_aerosols_soa_vbs.f90

real	0m2.371s
user	0m1.939s
sys	0m0.387s
rm -f module_aerosols_soa_vbs_het.o
sed -e "s/^\!.*'.*//" -e "s/^ *\!.*'.*//" module_aerosols_soa_vbs_het.F > module_aerosols_soa_vbs_het.G
/lib/cpp -P -nostdinc -I/glade/derecho/scratch/yates/NEOM_WRF/wrfv4.6.0/inc -DEM_CORE=1 -DNMM_CORE=0 -DNMM_MAX_DIM=2600 -DDA_CORE=0 -DWRFPLUS=0 -DIWORDSIZE=4 -DDWORDSIZE=8 -DRWORDSIZE=4 -DLWORDSIZE=4 -DNONSTANDARD_SYSTEM_FUNC  -DWRF_USE_CLM -DUSE_NETCDF4_FEATURES -DWRFIO_NCD_LARGE_FILE_SUPPORT  -DDM_PARALLEL -DNETCDF -DLANDREAD_STUB=1 -DUSE_ALLOCATABLES -Dwrfmodel -DGRIB1 -DINTIO -DKEEP_INT_AROUND -DLIMIT_ARGS -DBUILD_RRTMG_FAST=0 -DBUILD_RRTMK=0 -DBUILD_SBM_FAST=1 -DSHOW_ALL_VARS_USED=0 -DCONFIG_BUF_LEN=65536 -DMAX_DOMAINS_F=21 -DMAX_HISTORY=25 -DNMM_NEST=0 -DWRF_CHEM -DBUILD_CHEM=1 -I. -traditional-cpp -DUSE_NETCDF4_FEATURES -DWRFIO_NCD_LARGE_FILE_SUPPORT   module_aerosols_soa_vbs_het.G  > module_aerosols_soa_vbs_het.bb
/glade/derecho/scratch/yates/NEOM_WRF/wrfv4.6.0/tools/standard.exe module_aerosols_soa_vbs_het.bb | /lib/cpp -P -nostdinc -traditional-cpp -DUSE_NETCDF4_FEATURES -DWRFIO_NCD_LARGE_FILE_SUPPORT > module_aerosols_soa_vbs_het.f90
rm -f module_aerosols_soa_vbs_het.G module_aerosols_soa_vbs_het.bb
time mpif90 -f90=ifort -o module_aerosols_soa_vbs_het.o -c -O3 -ip -fp-model precise -w -ftz -align all -fno-alias -FR -convert big_endian    -I../dyn_em  -I/glade/derecho/scratch/yates/NEOM_WRF/wrfv4.6.0/external/esmf_time_f90  -I/glade/derecho/scratch/yates/NEOM_WRF/wrfv4.6.0/main -I/glade/derecho/scratch/yates/NEOM_WRF/wrfv4.6.0/external/io_netcdf -I/glade/derecho/scratch/yates/NEOM_WRF/wrfv4.6.0/external/io_int -I/glade/derecho/scratch/yates/NEOM_WRF/wrfv4.6.0/frame -I/glade/derecho/scratch/yates/NEOM_WRF/wrfv4.6.0/share -I/glade/derecho/scratch/yates/NEOM_WRF/wrfv4.6.0/phys -I/glade/derecho/scratch/yates/NEOM_WRF/wrfv4.6.0/wrftladj -I/glade/derecho/scratch/yates/NEOM_WRF/wrfv4.6.0/chem -I/glade/derecho/scratch/yates/NEOM_WRF/wrfv4.6.0/inc -I/glade/u/apps/derecho/23.09/spack/opt/spack/netcdf/4.9.2/oneapi/2023.2.1/yzvj/include  -real-size `expr 8 \* 4` -i4  module_aerosols_soa_vbs_het.f90

real	0m8.051s
user	0m7.555s
sys	0m0.452s
rm -f module_mosaic_init_aerpar.o
sed -e "s/^\!.*'.*//" -e "s/^ *\!.*'.*//" module_mosaic_init_aerpar.F > module_mosaic_init_aerpar.G
/lib/cpp -P -nostdinc -I/glade/derecho/scratch/yates/NEOM_WRF/wrfv4.6.0/inc -DEM_CORE=1 -DNMM_CORE=0 -DNMM_MAX_DIM=2600 -DDA_CORE=0 -DWRFPLUS=0 -DIWORDSIZE=4 -DDWORDSIZE=8 -DRWORDSIZE=4 -DLWORDSIZE=4 -DNONSTANDARD_SYSTEM_FUNC  -DWRF_USE_CLM -DUSE_NETCDF4_FEATURES -DWRFIO_NCD_LARGE_FILE_SUPPORT  -DDM_PARALLEL -DNETCDF -DLANDREAD_STUB=1 -DUSE_ALLOCATABLES -Dwrfmodel -DGRIB1 -DINTIO -DKEEP_INT_AROUND -DLIMIT_ARGS -DBUILD_RRTMG_FAST=0 -DBUILD_RRTMK=0 -DBUILD_SBM_FAST=1 -DSHOW_ALL_VARS_USED=0 -DCONFIG_BUF_LEN=65536 -DMAX_DOMAINS_F=21 -DMAX_HISTORY=25 -DNMM_NEST=0 -DWRF_CHEM -DBUILD_CHEM=1 -I. -traditional-cpp -DUSE_NETCDF4_FEATURES -DWRFIO_NCD_LARGE_FILE_SUPPORT   module_mosaic_init_aerpar.G  > module_mosaic_init_aerpar.bb
/glade/derecho/scratch/yates/NEOM_WRF/wrfv4.6.0/tools/standard.exe module_mosaic_init_aerpar.bb | /lib/cpp -P -nostdinc -traditional-cpp -DUSE_NETCDF4_FEATURES -DWRFIO_NCD_LARGE_FILE_SUPPORT > module_mosaic_init_aerpar.f90
rm -f module_mosaic_init_aerpar.G module_mosaic_init_aerpar.bb
time mpif90 -f90=ifort -o module_mosaic_init_aerpar.o -c -O3 -ip -fp-model precise -w -ftz -align all -fno-alias -FR -convert big_endian    -I../dyn_em  -I/glade/derecho/scratch/yates/NEOM_WRF/wrfv4.6.0/external/esmf_time_f90  -I/glade/derecho/scratch/yates/NEOM_WRF/wrfv4.6.0/main -I/glade/derecho/scratch/yates/NEOM_WRF/wrfv4.6.0/external/io_netcdf -I/glade/derecho/scratch/yates/NEOM_WRF/wrfv4.6.0/external/io_int -I/glade/derecho/scratch/yates/NEOM_WRF/wrfv4.6.0/frame -I/glade/derecho/scratch/yates/NEOM_WRF/wrfv4.6.0/share -I/glade/derecho/scratch/yates/NEOM_WRF/wrfv4.6.0/phys -I/glade/derecho/scratch/yates/NEOM_WRF/wrfv4.6.0/wrftladj -I/glade/derecho/scratch/yates/NEOM_WRF/wrfv4.6.0/chem -I/glade/derecho/scratch/yates/NEOM_WRF/wrfv4.6.0/inc -I/glade/u/apps/derecho/23.09/spack/opt/spack/netcdf/4.9.2/oneapi/2023.2.1/yzvj/include  -real-size `expr 8 \* 4` -i4  module_mosaic_init_aerpar.f90

real	0m8.779s
user	0m8.220s
sys	0m0.510s
rm -f module_mosaic_sect_intr.o
sed -e "s/^\!.*'.*//" -e "s/^ *\!.*'.*//" module_mosaic_sect_intr.F > module_mosaic_sect_intr.G
/lib/cpp -P -nostdinc -I/glade/derecho/scratch/yates/NEOM_WRF/wrfv4.6.0/inc -DEM_CORE=1 -DNMM_CORE=0 -DNMM_MAX_DIM=2600 -DDA_CORE=0 -DWRFPLUS=0 -DIWORDSIZE=4 -DDWORDSIZE=8 -DRWORDSIZE=4 -DLWORDSIZE=4 -DNONSTANDARD_SYSTEM_FUNC  -DWRF_USE_CLM -DUSE_NETCDF4_FEATURES -DWRFIO_NCD_LARGE_FILE_SUPPORT  -DDM_PARALLEL -DNETCDF -DLANDREAD_STUB=1 -DUSE_ALLOCATABLES -Dwrfmodel -DGRIB1 -DINTIO -DKEEP_INT_AROUND -DLIMIT_ARGS -DBUILD_RRTMG_FAST=0 -DBUILD_RRTMK=0 -DBUILD_SBM_FAST=1 -DSHOW_ALL_VARS_USED=0 -DCONFIG_BUF_LEN=65536 -DMAX_DOMAINS_F=21 -DMAX_HISTORY=25 -DNMM_NEST=0 -DWRF_CHEM -DBUILD_CHEM=1 -I. -traditional-cpp -DUSE_NETCDF4_FEATURES -DWRFIO_NCD_LARGE_FILE_SUPPORT   module_mosaic_sect_intr.G  > module_mosaic_sect_intr.bb
/glade/derecho/scratch/yates/NEOM_WRF/wrfv4.6.0/tools/standard.exe module_mosaic_sect_intr.bb | /lib/cpp -P -nostdinc -traditional-cpp -DUSE_NETCDF4_FEATURES -DWRFIO_NCD_LARGE_FILE_SUPPORT > module_mosaic_sect_intr.f90
rm -f module_mosaic_sect_intr.G module_mosaic_sect_intr.bb
time mpif90 -f90=ifort -o module_mosaic_sect_intr.o -c -O3 -ip -fp-model precise -w -ftz -align all -fno-alias -FR -convert big_endian    -I../dyn_em  -I/glade/derecho/scratch/yates/NEOM_WRF/wrfv4.6.0/external/esmf_time_f90  -I/glade/derecho/scratch/yates/NEOM_WRF/wrfv4.6.0/main -I/glade/derecho/scratch/yates/NEOM_WRF/wrfv4.6.0/external/io_netcdf -I/glade/derecho/scratch/yates/NEOM_WRF/wrfv4.6.0/external/io_int -I/glade/derecho/scratch/yates/NEOM_WRF/wrfv4.6.0/frame -I/glade/derecho/scratch/yates/NEOM_WRF/wrfv4.6.0/share -I/glade/derecho/scratch/yates/NEOM_WRF/wrfv4.6.0/phys -I/glade/derecho/scratch/yates/NEOM_WRF/wrfv4.6.0/wrftladj -I/glade/derecho/scratch/yates/NEOM_WRF/wrfv4.6.0/chem -I/glade/derecho/scratch/yates/NEOM_WRF/wrfv4.6.0/inc -I/glade/u/apps/derecho/23.09/spack/opt/spack/netcdf/4.9.2/oneapi/2023.2.1/yzvj/include  -real-size `expr 8 \* 4` -i4  module_mosaic_sect_intr.f90

real	0m0.572s
user	0m0.251s
sys	0m0.289s
rm -f module_cam_mam_coag.o
sed -e "s/^\!.*'.*//" -e "s/^ *\!.*'.*//" module_cam_mam_coag.F > module_cam_mam_coag.G
/lib/cpp -P -nostdinc -I/glade/derecho/scratch/yates/NEOM_WRF/wrfv4.6.0/inc -DEM_CORE=1 -DNMM_CORE=0 -DNMM_MAX_DIM=2600 -DDA_CORE=0 -DWRFPLUS=0 -DIWORDSIZE=4 -DDWORDSIZE=8 -DRWORDSIZE=4 -DLWORDSIZE=4 -DNONSTANDARD_SYSTEM_FUNC  -DWRF_USE_CLM -DUSE_NETCDF4_FEATURES -DWRFIO_NCD_LARGE_FILE_SUPPORT  -DDM_PARALLEL -DNETCDF -DLANDREAD_STUB=1 -DUSE_ALLOCATABLES -Dwrfmodel -DGRIB1 -DINTIO -DKEEP_INT_AROUND -DLIMIT_ARGS -DBUILD_RRTMG_FAST=0 -DBUILD_RRTMK=0 -DBUILD_SBM_FAST=1 -DSHOW_ALL_VARS_USED=0 -DCONFIG_BUF_LEN=65536 -DMAX_DOMAINS_F=21 -DMAX_HISTORY=25 -DNMM_NEST=0 -DWRF_CHEM -DBUILD_CHEM=1 -I. -traditional-cpp -DUSE_NETCDF4_FEATURES -DWRFIO_NCD_LARGE_FILE_SUPPORT   module_cam_mam_coag.G  > module_cam_mam_coag.bb
/glade/derecho/scratch/yates/NEOM_WRF/wrfv4.6.0/tools/standard.exe module_cam_mam_coag.bb | /lib/cpp -P -nostdinc -traditional-cpp -DUSE_NETCDF4_FEATURES -DWRFIO_NCD_LARGE_FILE_SUPPORT > module_cam_mam_coag.f90
rm -f module_cam_mam_coag.G module_cam_mam_coag.bb
time mpif90 -f90=ifort -o module_cam_mam_coag.o -c -O3 -ip -fp-model precise -w -ftz -align all -fno-alias -FR -convert big_endian    -I../dyn_em  -I/glade/derecho/scratch/yates/NEOM_WRF/wrfv4.6.0/external/esmf_time_f90  -I/glade/derecho/scratch/yates/NEOM_WRF/wrfv4.6.0/main -I/glade/derecho/scratch/yates/NEOM_WRF/wrfv4.6.0/external/io_netcdf -I/glade/derecho/scratch/yates/NEOM_WRF/wrfv4.6.0/external/io_int -I/glade/derecho/scratch/yates/NEOM_WRF/wrfv4.6.0/frame -I/glade/derecho/scratch/yates/NEOM_WRF/wrfv4.6.0/share -I/glade/derecho/scratch/yates/NEOM_WRF/wrfv4.6.0/phys -I/glade/derecho/scratch/yates/NEOM_WRF/wrfv4.6.0/wrftladj -I/glade/derecho/scratch/yates/NEOM_WRF/wrfv4.6.0/chem -I/glade/derecho/scratch/yates/NEOM_WRF/wrfv4.6.0/inc -I/glade/u/apps/derecho/23.09/spack/opt/spack/netcdf/4.9.2/oneapi/2023.2.1/yzvj/include  -real-size `expr 8 \* 4` -i4  module_cam_mam_coag.f90

real	0m4.284s
user	0m3.869s
sys	0m0.378s
rm -f module_cam_mam_cloudchem.o
sed -e "s/^\!.*'.*//" -e "s/^ *\!.*'.*//" module_cam_mam_cloudchem.F > module_cam_mam_cloudchem.G
/lib/cpp -P -nostdinc -I/glade/derecho/scratch/yates/NEOM_WRF/wrfv4.6.0/inc -DEM_CORE=1 -DNMM_CORE=0 -DNMM_MAX_DIM=2600 -DDA_CORE=0 -DWRFPLUS=0 -DIWORDSIZE=4 -DDWORDSIZE=8 -DRWORDSIZE=4 -DLWORDSIZE=4 -DNONSTANDARD_SYSTEM_FUNC  -DWRF_USE_CLM -DUSE_NETCDF4_FEATURES -DWRFIO_NCD_LARGE_FILE_SUPPORT  -DDM_PARALLEL -DNETCDF -DLANDREAD_STUB=1 -DUSE_ALLOCATABLES -Dwrfmodel -DGRIB1 -DINTIO -DKEEP_INT_AROUND -DLIMIT_ARGS -DBUILD_RRTMG_FAST=0 -DBUILD_RRTMK=0 -DBUILD_SBM_FAST=1 -DSHOW_ALL_VARS_USED=0 -DCONFIG_BUF_LEN=65536 -DMAX_DOMAINS_F=21 -DMAX_HISTORY=25 -DNMM_NEST=0 -DWRF_CHEM -DBUILD_CHEM=1 -I. -traditional-cpp -DUSE_NETCDF4_FEATURES -DWRFIO_NCD_LARGE_FILE_SUPPORT   module_cam_mam_cloudchem.G  > module_cam_mam_cloudchem.bb
/glade/derecho/scratch/yates/NEOM_WRF/wrfv4.6.0/tools/standard.exe module_cam_mam_cloudchem.bb | /lib/cpp -P -nostdinc -traditional-cpp -DUSE_NETCDF4_FEATURES -DWRFIO_NCD_LARGE_FILE_SUPPORT > module_cam_mam_cloudchem.f90
rm -f module_cam_mam_cloudchem.G module_cam_mam_cloudchem.bb
time mpif90 -f90=ifort -o module_cam_mam_cloudchem.o -c -O3 -ip -fp-model precise -w -ftz -align all -fno-alias -FR -convert big_endian    -I../dyn_em  -I/glade/derecho/scratch/yates/NEOM_WRF/wrfv4.6.0/external/esmf_time_f90  -I/glade/derecho/scratch/yates/NEOM_WRF/wrfv4.6.0/main -I/glade/derecho/scratch/yates/NEOM_WRF/wrfv4.6.0/external/io_netcdf -I/glade/derecho/scratch/yates/NEOM_WRF/wrfv4.6.0/external/io_int -I/glade/derecho/scratch/yates/NEOM_WRF/wrfv4.6.0/frame -I/glade/derecho/scratch/yates/NEOM_WRF/wrfv4.6.0/share -I/glade/derecho/scratch/yates/NEOM_WRF/wrfv4.6.0/phys -I/glade/derecho/scratch/yates/NEOM_WRF/wrfv4.6.0/wrftladj -I/glade/derecho/scratch/yates/NEOM_WRF/wrfv4.6.0/chem -I/glade/derecho/scratch/yates/NEOM_WRF/wrfv4.6.0/inc -I/glade/u/apps/derecho/23.09/spack/opt/spack/netcdf/4.9.2/oneapi/2023.2.1/yzvj/include  -real-size `expr 8 \* 4` -i4  module_cam_mam_cloudchem.f90

real	0m0.934s
user	0m0.557s
sys	0m0.336s
rm -f module_cam_mam_gas_wetdep_driver.o
sed -e "s/^\!.*'.*//" -e "s/^ *\!.*'.*//" module_cam_mam_gas_wetdep_driver.F > module_cam_mam_gas_wetdep_driver.G
/lib/cpp -P -nostdinc -I/glade/derecho/scratch/yates/NEOM_WRF/wrfv4.6.0/inc -DEM_CORE=1 -DNMM_CORE=0 -DNMM_MAX_DIM=2600 -DDA_CORE=0 -DWRFPLUS=0 -DIWORDSIZE=4 -DDWORDSIZE=8 -DRWORDSIZE=4 -DLWORDSIZE=4 -DNONSTANDARD_SYSTEM_FUNC  -DWRF_USE_CLM -DUSE_NETCDF4_FEATURES -DWRFIO_NCD_LARGE_FILE_SUPPORT  -DDM_PARALLEL -DNETCDF -DLANDREAD_STUB=1 -DUSE_ALLOCATABLES -Dwrfmodel -DGRIB1 -DINTIO -DKEEP_INT_AROUND -DLIMIT_ARGS -DBUILD_RRTMG_FAST=0 -DBUILD_RRTMK=0 -DBUILD_SBM_FAST=1 -DSHOW_ALL_VARS_USED=0 -DCONFIG_BUF_LEN=65536 -DMAX_DOMAINS_F=21 -DMAX_HISTORY=25 -DNMM_NEST=0 -DWRF_CHEM -DBUILD_CHEM=1 -I. -traditional-cpp -DUSE_NETCDF4_FEATURES -DWRFIO_NCD_LARGE_FILE_SUPPORT   module_cam_mam_gas_wetdep_driver.G  > module_cam_mam_gas_wetdep_driver.bb
/glade/derecho/scratch/yates/NEOM_WRF/wrfv4.6.0/tools/standard.exe module_cam_mam_gas_wetdep_driver.bb | /lib/cpp -P -nostdinc -traditional-cpp -DUSE_NETCDF4_FEATURES -DWRFIO_NCD_LARGE_FILE_SUPPORT > module_cam_mam_gas_wetdep_driver.f90
rm -f module_cam_mam_gas_wetdep_driver.G module_cam_mam_gas_wetdep_driver.bb
time mpif90 -f90=ifort -o module_cam_mam_gas_wetdep_driver.o -c -O3 -ip -fp-model precise -w -ftz -align all -fno-alias -FR -convert big_endian    -I../dyn_em  -I/glade/derecho/scratch/yates/NEOM_WRF/wrfv4.6.0/external/esmf_time_f90  -I/glade/derecho/scratch/yates/NEOM_WRF/wrfv4.6.0/main -I/glade/derecho/scratch/yates/NEOM_WRF/wrfv4.6.0/external/io_netcdf -I/glade/derecho/scratch/yates/NEOM_WRF/wrfv4.6.0/external/io_int -I/glade/derecho/scratch/yates/NEOM_WRF/wrfv4.6.0/frame -I/glade/derecho/scratch/yates/NEOM_WRF/wrfv4.6.0/share -I/glade/derecho/scratch/yates/NEOM_WRF/wrfv4.6.0/phys -I/glade/derecho/scratch/yates/NEOM_WRF/wrfv4.6.0/wrftladj -I/glade/derecho/scratch/yates/NEOM_WRF/wrfv4.6.0/chem -I/glade/derecho/scratch/yates/NEOM_WRF/wrfv4.6.0/inc -I/glade/u/apps/derecho/23.09/spack/opt/spack/netcdf/4.9.2/oneapi/2023.2.1/yzvj/include  -real-size `expr 8 \* 4` -i4  module_cam_mam_gas_wetdep_driver.f90

real	0m0.840s
user	0m0.512s
sys	0m0.296s
rm -f module_mosaic_therm.o
sed -e "s/^\!.*'.*//" -e "s/^ *\!.*'.*//" module_mosaic_therm.F > module_mosaic_therm.G
/lib/cpp -P -nostdinc -I/glade/derecho/scratch/yates/NEOM_WRF/wrfv4.6.0/inc -DEM_CORE=1 -DNMM_CORE=0 -DNMM_MAX_DIM=2600 -DDA_CORE=0 -DWRFPLUS=0 -DIWORDSIZE=4 -DDWORDSIZE=8 -DRWORDSIZE=4 -DLWORDSIZE=4 -DNONSTANDARD_SYSTEM_FUNC  -DWRF_USE_CLM -DUSE_NETCDF4_FEATURES -DWRFIO_NCD_LARGE_FILE_SUPPORT  -DDM_PARALLEL -DNETCDF -DLANDREAD_STUB=1 -DUSE_ALLOCATABLES -Dwrfmodel -DGRIB1 -DINTIO -DKEEP_INT_AROUND -DLIMIT_ARGS -DBUILD_RRTMG_FAST=0 -DBUILD_RRTMK=0 -DBUILD_SBM_FAST=1 -DSHOW_ALL_VARS_USED=0 -DCONFIG_BUF_LEN=65536 -DMAX_DOMAINS_F=21 -DMAX_HISTORY=25 -DNMM_NEST=0 -DWRF_CHEM -DBUILD_CHEM=1 -I. -traditional-cpp -DUSE_NETCDF4_FEATURES -DWRFIO_NCD_LARGE_FILE_SUPPORT   module_mosaic_therm.G  > module_mosaic_therm.bb
/glade/derecho/scratch/yates/NEOM_WRF/wrfv4.6.0/tools/standard.exe module_mosaic_therm.bb | /lib/cpp -P -nostdinc -traditional-cpp -DUSE_NETCDF4_FEATURES -DWRFIO_NCD_LARGE_FILE_SUPPORT > module_mosaic_therm.f90

real	0m0.721s
user	0m0.368s
sys	0m0.318s
rm -f rxn.o
sed -e "s/^\!.*'.*//" -e "s/^ *\!.*'.*//" rxn.F > rxn.G
rm -f module_mosaic_therm.G module_mosaic_therm.bb
time mpif90 -f90=ifort -o module_mosaic_therm.o -c -O3 -ip -fp-model precise -w -ftz -align all -fno-alias -FR -convert big_endian    -I../dyn_em  -I/glade/derecho/scratch/yates/NEOM_WRF/wrfv4.6.0/external/esmf_time_f90  -I/glade/derecho/scratch/yates/NEOM_WRF/wrfv4.6.0/main -I/glade/derecho/scratch/yates/NEOM_WRF/wrfv4.6.0/external/io_netcdf -I/glade/derecho/scratch/yates/NEOM_WRF/wrfv4.6.0/external/io_int -I/glade/derecho/scratch/yates/NEOM_WRF/wrfv4.6.0/frame -I/glade/derecho/scratch/yates/NEOM_WRF/wrfv4.6.0/share -I/glade/derecho/scratch/yates/NEOM_WRF/wrfv4.6.0/phys -I/glade/derecho/scratch/yates/NEOM_WRF/wrfv4.6.0/wrftladj -I/glade/derecho/scratch/yates/NEOM_WRF/wrfv4.6.0/chem -I/glade/derecho/scratch/yates/NEOM_WRF/wrfv4.6.0/inc -I/glade/u/apps/derecho/23.09/spack/opt/spack/netcdf/4.9.2/oneapi/2023.2.1/yzvj/include  -real-size `expr 8 \* 4` -i4  module_mosaic_therm.f90
/lib/cpp -P -nostdinc -I/glade/derecho/scratch/yates/NEOM_WRF/wrfv4.6.0/inc -DEM_CORE=1 -DNMM_CORE=0 -DNMM_MAX_DIM=2600 -DDA_CORE=0 -DWRFPLUS=0 -DIWORDSIZE=4 -DDWORDSIZE=8 -DRWORDSIZE=4 -DLWORDSIZE=4 -DNONSTANDARD_SYSTEM_FUNC  -DWRF_USE_CLM -DUSE_NETCDF4_FEATURES -DWRFIO_NCD_LARGE_FILE_SUPPORT  -DDM_PARALLEL -DNETCDF -DLANDREAD_STUB=1 -DUSE_ALLOCATABLES -Dwrfmodel -DGRIB1 -DINTIO -DKEEP_INT_AROUND -DLIMIT_ARGS -DBUILD_RRTMG_FAST=0 -DBUILD_RRTMK=0 -DBUILD_SBM_FAST=1 -DSHOW_ALL_VARS_USED=0 -DCONFIG_BUF_LEN=65536 -DMAX_DOMAINS_F=21 -DMAX_HISTORY=25 -DNMM_NEST=0 -DWRF_CHEM -DBUILD_CHEM=1 -I. -traditional-cpp -DUSE_NETCDF4_FEATURES -DWRFIO_NCD_LARGE_FILE_SUPPORT   rxn.G  > rxn.bb
/glade/derecho/scratch/yates/NEOM_WRF/wrfv4.6.0/tools/standard.exe rxn.bb | /lib/cpp -P -nostdinc -traditional-cpp -DUSE_NETCDF4_FEATURES -DWRFIO_NCD_LARGE_FILE_SUPPORT > rxn.f90
rm -f rxn.G rxn.bb
time mpif90 -f90=ifort -o rxn.o -c -O3 -ip -fp-model precise -w -ftz -align all -fno-alias -FR -convert big_endian    -I../dyn_em  -I/glade/derecho/scratch/yates/NEOM_WRF/wrfv4.6.0/external/esmf_time_f90  -I/glade/derecho/scratch/yates/NEOM_WRF/wrfv4.6.0/main -I/glade/derecho/scratch/yates/NEOM_WRF/wrfv4.6.0/external/io_netcdf -I/glade/derecho/scratch/yates/NEOM_WRF/wrfv4.6.0/external/io_int -I/glade/derecho/scratch/yates/NEOM_WRF/wrfv4.6.0/frame -I/glade/derecho/scratch/yates/NEOM_WRF/wrfv4.6.0/share -I/glade/derecho/scratch/yates/NEOM_WRF/wrfv4.6.0/phys -I/glade/derecho/scratch/yates/NEOM_WRF/wrfv4.6.0/wrftladj -I/glade/derecho/scratch/yates/NEOM_WRF/wrfv4.6.0/chem -I/glade/derecho/scratch/yates/NEOM_WRF/wrfv4.6.0/inc -I/glade/u/apps/derecho/23.09/spack/opt/spack/netcdf/4.9.2/oneapi/2023.2.1/yzvj/include  -real-size `expr 8 \* 4` -i4  rxn.f90

real	0m8.890s
user	0m8.475s
sys	0m0.386s
rm -f module_subs_tuv.o
sed -e "s/^\!.*'.*//" -e "s/^ *\!.*'.*//" module_subs_tuv.F > module_subs_tuv.G
/lib/cpp -P -nostdinc -I/glade/derecho/scratch/yates/NEOM_WRF/wrfv4.6.0/inc -DEM_CORE=1 -DNMM_CORE=0 -DNMM_MAX_DIM=2600 -DDA_CORE=0 -DWRFPLUS=0 -DIWORDSIZE=4 -DDWORDSIZE=8 -DRWORDSIZE=4 -DLWORDSIZE=4 -DNONSTANDARD_SYSTEM_FUNC  -DWRF_USE_CLM -DUSE_NETCDF4_FEATURES -DWRFIO_NCD_LARGE_FILE_SUPPORT  -DDM_PARALLEL -DNETCDF -DLANDREAD_STUB=1 -DUSE_ALLOCATABLES -Dwrfmodel -DGRIB1 -DINTIO -DKEEP_INT_AROUND -DLIMIT_ARGS -DBUILD_RRTMG_FAST=0 -DBUILD_RRTMK=0 -DBUILD_SBM_FAST=1 -DSHOW_ALL_VARS_USED=0 -DCONFIG_BUF_LEN=65536 -DMAX_DOMAINS_F=21 -DMAX_HISTORY=25 -DNMM_NEST=0 -DWRF_CHEM -DBUILD_CHEM=1 -I. -traditional-cpp -DUSE_NETCDF4_FEATURES -DWRFIO_NCD_LARGE_FILE_SUPPORT   module_subs_tuv.G  > module_subs_tuv.bb
/glade/derecho/scratch/yates/NEOM_WRF/wrfv4.6.0/tools/standard.exe module_subs_tuv.bb | /lib/cpp -P -nostdinc -traditional-cpp -DUSE_NETCDF4_FEATURES -DWRFIO_NCD_LARGE_FILE_SUPPORT > module_subs_tuv.f90
rm -f module_subs_tuv.G module_subs_tuv.bb
time mpif90 -f90=ifort -o module_subs_tuv.o -c -O3 -ip -fp-model precise -w -ftz -align all -fno-alias -FR -convert big_endian    -I../dyn_em  -I/glade/derecho/scratch/yates/NEOM_WRF/wrfv4.6.0/external/esmf_time_f90  -I/glade/derecho/scratch/yates/NEOM_WRF/wrfv4.6.0/main -I/glade/derecho/scratch/yates/NEOM_WRF/wrfv4.6.0/external/io_netcdf -I/glade/derecho/scratch/yates/NEOM_WRF/wrfv4.6.0/external/io_int -I/glade/derecho/scratch/yates/NEOM_WRF/wrfv4.6.0/frame -I/glade/derecho/scratch/yates/NEOM_WRF/wrfv4.6.0/share -I/glade/derecho/scratch/yates/NEOM_WRF/wrfv4.6.0/phys -I/glade/derecho/scratch/yates/NEOM_WRF/wrfv4.6.0/wrftladj -I/glade/derecho/scratch/yates/NEOM_WRF/wrfv4.6.0/chem -I/glade/derecho/scratch/yates/NEOM_WRF/wrfv4.6.0/inc -I/glade/u/apps/derecho/23.09/spack/opt/spack/netcdf/4.9.2/oneapi/2023.2.1/yzvj/include  -real-size `expr 8 \* 4` -i4  module_subs_tuv.f90

real	0m1.912s
user	0m1.549s
sys	0m0.336s
rm -f module_cbmz.o
sed -e "s/^\!.*'.*//" -e "s/^ *\!.*'.*//" module_cbmz.F > module_cbmz.G
/lib/cpp -P -nostdinc -I/glade/derecho/scratch/yates/NEOM_WRF/wrfv4.6.0/inc -DEM_CORE=1 -DNMM_CORE=0 -DNMM_MAX_DIM=2600 -DDA_CORE=0 -DWRFPLUS=0 -DIWORDSIZE=4 -DDWORDSIZE=8 -DRWORDSIZE=4 -DLWORDSIZE=4 -DNONSTANDARD_SYSTEM_FUNC  -DWRF_USE_CLM -DUSE_NETCDF4_FEATURES -DWRFIO_NCD_LARGE_FILE_SUPPORT  -DDM_PARALLEL -DNETCDF -DLANDREAD_STUB=1 -DUSE_ALLOCATABLES -Dwrfmodel -DGRIB1 -DINTIO -DKEEP_INT_AROUND -DLIMIT_ARGS -DBUILD_RRTMG_FAST=0 -DBUILD_RRTMK=0 -DBUILD_SBM_FAST=1 -DSHOW_ALL_VARS_USED=0 -DCONFIG_BUF_LEN=65536 -DMAX_DOMAINS_F=21 -DMAX_HISTORY=25 -DNMM_NEST=0 -DWRF_CHEM -DBUILD_CHEM=1 -I. -traditional-cpp -DUSE_NETCDF4_FEATURES -DWRFIO_NCD_LARGE_FILE_SUPPORT   module_cbmz.G  > module_cbmz.bb
/glade/derecho/scratch/yates/NEOM_WRF/wrfv4.6.0/tools/standard.exe module_cbmz.bb | /lib/cpp -P -nostdinc -traditional-cpp -DUSE_NETCDF4_FEATURES -DWRFIO_NCD_LARGE_FILE_SUPPORT > module_cbmz.f90
rm -f module_cbmz.G module_cbmz.bb
time mpif90 -f90=ifort -o module_cbmz.o -c -O3 -ip -fp-model precise -w -ftz -align all -fno-alias -FR -convert big_endian    -I../dyn_em  -I/glade/derecho/scratch/yates/NEOM_WRF/wrfv4.6.0/external/esmf_time_f90  -I/glade/derecho/scratch/yates/NEOM_WRF/wrfv4.6.0/main -I/glade/derecho/scratch/yates/NEOM_WRF/wrfv4.6.0/external/io_netcdf -I/glade/derecho/scratch/yates/NEOM_WRF/wrfv4.6.0/external/io_int -I/glade/derecho/scratch/yates/NEOM_WRF/wrfv4.6.0/frame -I/glade/derecho/scratch/yates/NEOM_WRF/wrfv4.6.0/share -I/glade/derecho/scratch/yates/NEOM_WRF/wrfv4.6.0/phys -I/glade/derecho/scratch/yates/NEOM_WRF/wrfv4.6.0/wrftladj -I/glade/derecho/scratch/yates/NEOM_WRF/wrfv4.6.0/chem -I/glade/derecho/scratch/yates/NEOM_WRF/wrfv4.6.0/inc -I/glade/u/apps/derecho/23.09/spack/opt/spack/netcdf/4.9.2/oneapi/2023.2.1/yzvj/include  -real-size `expr 8 \* 4` -i4  module_cbmz.f90

real	0m2.438s
user	0m2.023s
sys	0m0.385s
rm -f module_cam_mam_aerchem_driver.o
sed -e "s/^\!.*'.*//" -e "s/^ *\!.*'.*//" module_cam_mam_aerchem_driver.F > module_cam_mam_aerchem_driver.G
/lib/cpp -P -nostdinc -I/glade/derecho/scratch/yates/NEOM_WRF/wrfv4.6.0/inc -DEM_CORE=1 -DNMM_CORE=0 -DNMM_MAX_DIM=2600 -DDA_CORE=0 -DWRFPLUS=0 -DIWORDSIZE=4 -DDWORDSIZE=8 -DRWORDSIZE=4 -DLWORDSIZE=4 -DNONSTANDARD_SYSTEM_FUNC  -DWRF_USE_CLM -DUSE_NETCDF4_FEATURES -DWRFIO_NCD_LARGE_FILE_SUPPORT  -DDM_PARALLEL -DNETCDF -DLANDREAD_STUB=1 -DUSE_ALLOCATABLES -Dwrfmodel -DGRIB1 -DINTIO -DKEEP_INT_AROUND -DLIMIT_ARGS -DBUILD_RRTMG_FAST=0 -DBUILD_RRTMK=0 -DBUILD_SBM_FAST=1 -DSHOW_ALL_VARS_USED=0 -DCONFIG_BUF_LEN=65536 -DMAX_DOMAINS_F=21 -DMAX_HISTORY=25 -DNMM_NEST=0 -DWRF_CHEM -DBUILD_CHEM=1 -I. -traditional-cpp -DUSE_NETCDF4_FEATURES -DWRFIO_NCD_LARGE_FILE_SUPPORT   module_cam_mam_aerchem_driver.G  > module_cam_mam_aerchem_driver.bb
/glade/derecho/scratch/yates/NEOM_WRF/wrfv4.6.0/tools/standard.exe module_cam_mam_aerchem_driver.bb | /lib/cpp -P -nostdinc -traditional-cpp -DUSE_NETCDF4_FEATURES -DWRFIO_NCD_LARGE_FILE_SUPPORT > module_cam_mam_aerchem_driver.f90
rm -f module_cam_mam_aerchem_driver.G module_cam_mam_aerchem_driver.bb
time mpif90 -f90=ifort -o module_cam_mam_aerchem_driver.o -c -O3 -ip -fp-model precise -w -ftz -align all -fno-alias -FR -convert big_endian    -I../dyn_em  -I/glade/derecho/scratch/yates/NEOM_WRF/wrfv4.6.0/external/esmf_time_f90  -I/glade/derecho/scratch/yates/NEOM_WRF/wrfv4.6.0/main -I/glade/derecho/scratch/yates/NEOM_WRF/wrfv4.6.0/external/io_netcdf -I/glade/derecho/scratch/yates/NEOM_WRF/wrfv4.6.0/external/io_int -I/glade/derecho/scratch/yates/NEOM_WRF/wrfv4.6.0/frame -I/glade/derecho/scratch/yates/NEOM_WRF/wrfv4.6.0/share -I/glade/derecho/scratch/yates/NEOM_WRF/wrfv4.6.0/phys -I/glade/derecho/scratch/yates/NEOM_WRF/wrfv4.6.0/wrftladj -I/glade/derecho/scratch/yates/NEOM_WRF/wrfv4.6.0/chem -I/glade/derecho/scratch/yates/NEOM_WRF/wrfv4.6.0/inc -I/glade/u/apps/derecho/23.09/spack/opt/spack/netcdf/4.9.2/oneapi/2023.2.1/yzvj/include  -real-size `expr 8 \* 4` -i4  module_cam_mam_aerchem_driver.f90

real	0m15.089s
user	0m14.533s
sys	0m0.503s
rm -f isocom.o
sed -e "s/^\!.*'.*//" -e "s/^ *\!.*'.*//" isocom.F > isocom.G
/lib/cpp -P -nostdinc -I/glade/derecho/scratch/yates/NEOM_WRF/wrfv4.6.0/inc -DEM_CORE=1 -DNMM_CORE=0 -DNMM_MAX_DIM=2600 -DDA_CORE=0 -DWRFPLUS=0 -DIWORDSIZE=4 -DDWORDSIZE=8 -DRWORDSIZE=4 -DLWORDSIZE=4 -DNONSTANDARD_SYSTEM_FUNC  -DWRF_USE_CLM -DUSE_NETCDF4_FEATURES -DWRFIO_NCD_LARGE_FILE_SUPPORT  -DDM_PARALLEL -DNETCDF -DLANDREAD_STUB=1 -DUSE_ALLOCATABLES -Dwrfmodel -DGRIB1 -DINTIO -DKEEP_INT_AROUND -DLIMIT_ARGS -DBUILD_RRTMG_FAST=0 -DBUILD_RRTMK=0 -DBUILD_SBM_FAST=1 -DSHOW_ALL_VARS_USED=0 -DCONFIG_BUF_LEN=65536 -DMAX_DOMAINS_F=21 -DMAX_HISTORY=25 -DNMM_NEST=0 -DWRF_CHEM -DBUILD_CHEM=1 -I. -traditional-cpp -DUSE_NETCDF4_FEATURES -DWRFIO_NCD_LARGE_FILE_SUPPORT   isocom.G  > isocom.bb
/glade/derecho/scratch/yates/NEOM_WRF/wrfv4.6.0/tools/standard.exe isocom.bb | /lib/cpp -P -nostdinc -traditional-cpp -DUSE_NETCDF4_FEATURES -DWRFIO_NCD_LARGE_FILE_SUPPORT > isocom.f90
rm -f isocom.G isocom.bb
time mpif90 -f90=ifort -o isocom.o -c -O3 -ip -fp-model precise -w -ftz -align all -fno-alias -FR -convert big_endian    -I../dyn_em  -I/glade/derecho/scratch/yates/NEOM_WRF/wrfv4.6.0/external/esmf_time_f90  -I/glade/derecho/scratch/yates/NEOM_WRF/wrfv4.6.0/main -I/glade/derecho/scratch/yates/NEOM_WRF/wrfv4.6.0/external/io_netcdf -I/glade/derecho/scratch/yates/NEOM_WRF/wrfv4.6.0/external/io_int -I/glade/derecho/scratch/yates/NEOM_WRF/wrfv4.6.0/frame -I/glade/derecho/scratch/yates/NEOM_WRF/wrfv4.6.0/share -I/glade/derecho/scratch/yates/NEOM_WRF/wrfv4.6.0/phys -I/glade/derecho/scratch/yates/NEOM_WRF/wrfv4.6.0/wrftladj -I/glade/derecho/scratch/yates/NEOM_WRF/wrfv4.6.0/chem -I/glade/derecho/scratch/yates/NEOM_WRF/wrfv4.6.0/inc -I/glade/u/apps/derecho/23.09/spack/opt/spack/netcdf/4.9.2/oneapi/2023.2.1/yzvj/include  -real-size `expr 8 \* 4` -i4  isocom.f90

real	0m2.065s
user	0m1.672s
sys	0m0.358s
rm -f module_dep_simple.o
sed -e "s/^\!.*'.*//" -e "s/^ *\!.*'.*//" module_dep_simple.F > module_dep_simple.G
/lib/cpp -P -nostdinc -I/glade/derecho/scratch/yates/NEOM_WRF/wrfv4.6.0/inc -DEM_CORE=1 -DNMM_CORE=0 -DNMM_MAX_DIM=2600 -DDA_CORE=0 -DWRFPLUS=0 -DIWORDSIZE=4 -DDWORDSIZE=8 -DRWORDSIZE=4 -DLWORDSIZE=4 -DNONSTANDARD_SYSTEM_FUNC  -DWRF_USE_CLM -DUSE_NETCDF4_FEATURES -DWRFIO_NCD_LARGE_FILE_SUPPORT  -DDM_PARALLEL -DNETCDF -DLANDREAD_STUB=1 -DUSE_ALLOCATABLES -Dwrfmodel -DGRIB1 -DINTIO -DKEEP_INT_AROUND -DLIMIT_ARGS -DBUILD_RRTMG_FAST=0 -DBUILD_RRTMK=0 -DBUILD_SBM_FAST=1 -DSHOW_ALL_VARS_USED=0 -DCONFIG_BUF_LEN=65536 -DMAX_DOMAINS_F=21 -DMAX_HISTORY=25 -DNMM_NEST=0 -DWRF_CHEM -DBUILD_CHEM=1 -I. -traditional-cpp -DUSE_NETCDF4_FEATURES -DWRFIO_NCD_LARGE_FILE_SUPPORT   module_dep_simple.G  > module_dep_simple.bb
/glade/derecho/scratch/yates/NEOM_WRF/wrfv4.6.0/tools/standard.exe module_dep_simple.bb | /lib/cpp -P -nostdinc -traditional-cpp -DUSE_NETCDF4_FEATURES -DWRFIO_NCD_LARGE_FILE_SUPPORT > module_dep_simple.f90
rm -f module_dep_simple.G module_dep_simple.bb
time mpif90 -f90=ifort -o module_dep_simple.o -c -O3 -ip -fp-model precise -w -ftz -align all -fno-alias -FR -convert big_endian    -I../dyn_em  -I/glade/derecho/scratch/yates/NEOM_WRF/wrfv4.6.0/external/esmf_time_f90  -I/glade/derecho/scratch/yates/NEOM_WRF/wrfv4.6.0/main -I/glade/derecho/scratch/yates/NEOM_WRF/wrfv4.6.0/external/io_netcdf -I/glade/derecho/scratch/yates/NEOM_WRF/wrfv4.6.0/external/io_int -I/glade/derecho/scratch/yates/NEOM_WRF/wrfv4.6.0/frame -I/glade/derecho/scratch/yates/NEOM_WRF/wrfv4.6.0/share -I/glade/derecho/scratch/yates/NEOM_WRF/wrfv4.6.0/phys -I/glade/derecho/scratch/yates/NEOM_WRF/wrfv4.6.0/wrftladj -I/glade/derecho/scratch/yates/NEOM_WRF/wrfv4.6.0/chem -I/glade/derecho/scratch/yates/NEOM_WRF/wrfv4.6.0/inc -I/glade/u/apps/derecho/23.09/spack/opt/spack/netcdf/4.9.2/oneapi/2023.2.1/yzvj/include  -real-size `expr 8 \* 4` -i4  module_dep_simple.f90

real	0m1.213s
user	0m0.829s
sys	0m0.352s
rm -f module_mosaic_ext.o
sed -e "s/^\!.*'.*//" -e "s/^ *\!.*'.*//" module_mosaic_ext.F > module_mosaic_ext.G
/lib/cpp -P -nostdinc -I/glade/derecho/scratch/yates/NEOM_WRF/wrfv4.6.0/inc -DEM_CORE=1 -DNMM_CORE=0 -DNMM_MAX_DIM=2600 -DDA_CORE=0 -DWRFPLUS=0 -DIWORDSIZE=4 -DDWORDSIZE=8 -DRWORDSIZE=4 -DLWORDSIZE=4 -DNONSTANDARD_SYSTEM_FUNC  -DWRF_USE_CLM -DUSE_NETCDF4_FEATURES -DWRFIO_NCD_LARGE_FILE_SUPPORT  -DDM_PARALLEL -DNETCDF -DLANDREAD_STUB=1 -DUSE_ALLOCATABLES -Dwrfmodel -DGRIB1 -DINTIO -DKEEP_INT_AROUND -DLIMIT_ARGS -DBUILD_RRTMG_FAST=0 -DBUILD_RRTMK=0 -DBUILD_SBM_FAST=1 -DSHOW_ALL_VARS_USED=0 -DCONFIG_BUF_LEN=65536 -DMAX_DOMAINS_F=21 -DMAX_HISTORY=25 -DNMM_NEST=0 -DWRF_CHEM -DBUILD_CHEM=1 -I. -traditional-cpp -DUSE_NETCDF4_FEATURES -DWRFIO_NCD_LARGE_FILE_SUPPORT   module_mosaic_ext.G  > module_mosaic_ext.bb
/glade/derecho/scratch/yates/NEOM_WRF/wrfv4.6.0/tools/standard.exe module_mosaic_ext.bb | /lib/cpp -P -nostdinc -traditional-cpp -DUSE_NETCDF4_FEATURES -DWRFIO_NCD_LARGE_FILE_SUPPORT > module_mosaic_ext.f90
rm -f module_mosaic_ext.G module_mosaic_ext.bb
time mpif90 -f90=ifort -o module_mosaic_ext.o -c -O3 -ip -fp-model precise -w -ftz -align all -fno-alias -FR -convert big_endian    -I../dyn_em  -I/glade/derecho/scratch/yates/NEOM_WRF/wrfv4.6.0/external/esmf_time_f90  -I/glade/derecho/scratch/yates/NEOM_WRF/wrfv4.6.0/main -I/glade/derecho/scratch/yates/NEOM_WRF/wrfv4.6.0/external/io_netcdf -I/glade/derecho/scratch/yates/NEOM_WRF/wrfv4.6.0/external/io_int -I/glade/derecho/scratch/yates/NEOM_WRF/wrfv4.6.0/frame -I/glade/derecho/scratch/yates/NEOM_WRF/wrfv4.6.0/share -I/glade/derecho/scratch/yates/NEOM_WRF/wrfv4.6.0/phys -I/glade/derecho/scratch/yates/NEOM_WRF/wrfv4.6.0/wrftladj -I/glade/derecho/scratch/yates/NEOM_WRF/wrfv4.6.0/chem -I/glade/derecho/scratch/yates/NEOM_WRF/wrfv4.6.0/inc -I/glade/u/apps/derecho/23.09/spack/opt/spack/netcdf/4.9.2/oneapi/2023.2.1/yzvj/include  -real-size `expr 8 \* 4` -i4  module_mosaic_ext.f90

real	0m2.773s
user	0m2.372s
sys	0m0.370s
rm -f module_cam_mam_initaerodata.o
sed -e "s/^\!.*'.*//" -e "s/^ *\!.*'.*//" module_cam_mam_initaerodata.F > module_cam_mam_initaerodata.G
/lib/cpp -P -nostdinc -I/glade/derecho/scratch/yates/NEOM_WRF/wrfv4.6.0/inc -DEM_CORE=1 -DNMM_CORE=0 -DNMM_MAX_DIM=2600 -DDA_CORE=0 -DWRFPLUS=0 -DIWORDSIZE=4 -DDWORDSIZE=8 -DRWORDSIZE=4 -DLWORDSIZE=4 -DNONSTANDARD_SYSTEM_FUNC  -DWRF_USE_CLM -DUSE_NETCDF4_FEATURES -DWRFIO_NCD_LARGE_FILE_SUPPORT  -DDM_PARALLEL -DNETCDF -DLANDREAD_STUB=1 -DUSE_ALLOCATABLES -Dwrfmodel -DGRIB1 -DINTIO -DKEEP_INT_AROUND -DLIMIT_ARGS -DBUILD_RRTMG_FAST=0 -DBUILD_RRTMK=0 -DBUILD_SBM_FAST=1 -DSHOW_ALL_VARS_USED=0 -DCONFIG_BUF_LEN=65536 -DMAX_DOMAINS_F=21 -DMAX_HISTORY=25 -DNMM_NEST=0 -DWRF_CHEM -DBUILD_CHEM=1 -I. -traditional-cpp -DUSE_NETCDF4_FEATURES -DWRFIO_NCD_LARGE_FILE_SUPPORT   module_cam_mam_initaerodata.G  > module_cam_mam_initaerodata.bb
/glade/derecho/scratch/yates/NEOM_WRF/wrfv4.6.0/tools/standard.exe module_cam_mam_initaerodata.bb | /lib/cpp -P -nostdinc -traditional-cpp -DUSE_NETCDF4_FEATURES -DWRFIO_NCD_LARGE_FILE_SUPPORT > module_cam_mam_initaerodata.f90
rm -f module_cam_mam_initaerodata.G module_cam_mam_initaerodata.bb
time mpif90 -f90=ifort -o module_cam_mam_initaerodata.o -c -O3 -ip -fp-model precise -w -ftz -align all -fno-alias -FR -convert big_endian    -I../dyn_em  -I/glade/derecho/scratch/yates/NEOM_WRF/wrfv4.6.0/external/esmf_time_f90  -I/glade/derecho/scratch/yates/NEOM_WRF/wrfv4.6.0/main -I/glade/derecho/scratch/yates/NEOM_WRF/wrfv4.6.0/external/io_netcdf -I/glade/derecho/scratch/yates/NEOM_WRF/wrfv4.6.0/external/io_int -I/glade/derecho/scratch/yates/NEOM_WRF/wrfv4.6.0/frame -I/glade/derecho/scratch/yates/NEOM_WRF/wrfv4.6.0/share -I/glade/derecho/scratch/yates/NEOM_WRF/wrfv4.6.0/phys -I/glade/derecho/scratch/yates/NEOM_WRF/wrfv4.6.0/wrftladj -I/glade/derecho/scratch/yates/NEOM_WRF/wrfv4.6.0/chem -I/glade/derecho/scratch/yates/NEOM_WRF/wrfv4.6.0/inc -I/glade/u/apps/derecho/23.09/spack/opt/spack/netcdf/4.9.2/oneapi/2023.2.1/yzvj/include  -real-size `expr 8 \* 4` -i4  module_cam_mam_initaerodata.f90

real	0m1.478s
user	0m1.022s
sys	0m0.326s
rm -f module_phot_tuv.o
sed -e "s/^\!.*'.*//" -e "s/^ *\!.*'.*//" module_phot_tuv.F > module_phot_tuv.G
/lib/cpp -P -nostdinc -I/glade/derecho/scratch/yates/NEOM_WRF/wrfv4.6.0/inc -DEM_CORE=1 -DNMM_CORE=0 -DNMM_MAX_DIM=2600 -DDA_CORE=0 -DWRFPLUS=0 -DIWORDSIZE=4 -DDWORDSIZE=8 -DRWORDSIZE=4 -DLWORDSIZE=4 -DNONSTANDARD_SYSTEM_FUNC  -DWRF_USE_CLM -DUSE_NETCDF4_FEATURES -DWRFIO_NCD_LARGE_FILE_SUPPORT  -DDM_PARALLEL -DNETCDF -DLANDREAD_STUB=1 -DUSE_ALLOCATABLES -Dwrfmodel -DGRIB1 -DINTIO -DKEEP_INT_AROUND -DLIMIT_ARGS -DBUILD_RRTMG_FAST=0 -DBUILD_RRTMK=0 -DBUILD_SBM_FAST=1 -DSHOW_ALL_VARS_USED=0 -DCONFIG_BUF_LEN=65536 -DMAX_DOMAINS_F=21 -DMAX_HISTORY=25 -DNMM_NEST=0 -DWRF_CHEM -DBUILD_CHEM=1 -I. -traditional-cpp -DUSE_NETCDF4_FEATURES -DWRFIO_NCD_LARGE_FILE_SUPPORT   module_phot_tuv.G  > module_phot_tuv.bb
/glade/derecho/scratch/yates/NEOM_WRF/wrfv4.6.0/tools/standard.exe module_phot_tuv.bb | /lib/cpp -P -nostdinc -traditional-cpp -DUSE_NETCDF4_FEATURES -DWRFIO_NCD_LARGE_FILE_SUPPORT > module_phot_tuv.f90
rm -f module_phot_tuv.G module_phot_tuv.bb
time mpif90 -f90=ifort -o module_phot_tuv.o -c -O3 -ip -fp-model precise -w -ftz -align all -fno-alias -FR -convert big_endian    -I../dyn_em  -I/glade/derecho/scratch/yates/NEOM_WRF/wrfv4.6.0/external/esmf_time_f90  -I/glade/derecho/scratch/yates/NEOM_WRF/wrfv4.6.0/main -I/glade/derecho/scratch/yates/NEOM_WRF/wrfv4.6.0/external/io_netcdf -I/glade/derecho/scratch/yates/NEOM_WRF/wrfv4.6.0/external/io_int -I/glade/derecho/scratch/yates/NEOM_WRF/wrfv4.6.0/frame -I/glade/derecho/scratch/yates/NEOM_WRF/wrfv4.6.0/share -I/glade/derecho/scratch/yates/NEOM_WRF/wrfv4.6.0/phys -I/glade/derecho/scratch/yates/NEOM_WRF/wrfv4.6.0/wrftladj -I/glade/derecho/scratch/yates/NEOM_WRF/wrfv4.6.0/chem -I/glade/derecho/scratch/yates/NEOM_WRF/wrfv4.6.0/inc -I/glade/u/apps/derecho/23.09/spack/opt/spack/netcdf/4.9.2/oneapi/2023.2.1/yzvj/include  -real-size `expr 8 \* 4` -i4  module_phot_tuv.f90

real	0m23.958s
user	0m23.100s
sys	0m0.797s
rm -f module_mosaic_astem.o
sed -e "s/^\!.*'.*//" -e "s/^ *\!.*'.*//" module_mosaic_astem.F > module_mosaic_astem.G
/lib/cpp -P -nostdinc -I/glade/derecho/scratch/yates/NEOM_WRF/wrfv4.6.0/inc -DEM_CORE=1 -DNMM_CORE=0 -DNMM_MAX_DIM=2600 -DDA_CORE=0 -DWRFPLUS=0 -DIWORDSIZE=4 -DDWORDSIZE=8 -DRWORDSIZE=4 -DLWORDSIZE=4 -DNONSTANDARD_SYSTEM_FUNC  -DWRF_USE_CLM -DUSE_NETCDF4_FEATURES -DWRFIO_NCD_LARGE_FILE_SUPPORT  -DDM_PARALLEL -DNETCDF -DLANDREAD_STUB=1 -DUSE_ALLOCATABLES -Dwrfmodel -DGRIB1 -DINTIO -DKEEP_INT_AROUND -DLIMIT_ARGS -DBUILD_RRTMG_FAST=0 -DBUILD_RRTMK=0 -DBUILD_SBM_FAST=1 -DSHOW_ALL_VARS_USED=0 -DCONFIG_BUF_LEN=65536 -DMAX_DOMAINS_F=21 -DMAX_HISTORY=25 -DNMM_NEST=0 -DWRF_CHEM -DBUILD_CHEM=1 -I. -traditional-cpp -DUSE_NETCDF4_FEATURES -DWRFIO_NCD_LARGE_FILE_SUPPORT   module_mosaic_astem.G  > module_mosaic_astem.bb
/glade/derecho/scratch/yates/NEOM_WRF/wrfv4.6.0/tools/standard.exe module_mosaic_astem.bb | /lib/cpp -P -nostdinc -traditional-cpp -DUSE_NETCDF4_FEATURES -DWRFIO_NCD_LARGE_FILE_SUPPORT > module_mosaic_astem.f90
rm -f module_mosaic_astem.G module_mosaic_astem.bb
time mpif90 -f90=ifort -o module_mosaic_astem.o -c -O3 -ip -fp-model precise -w -ftz -align all -fno-alias -FR -convert big_endian    -I../dyn_em  -I/glade/derecho/scratch/yates/NEOM_WRF/wrfv4.6.0/external/esmf_time_f90  -I/glade/derecho/scratch/yates/NEOM_WRF/wrfv4.6.0/main -I/glade/derecho/scratch/yates/NEOM_WRF/wrfv4.6.0/external/io_netcdf -I/glade/derecho/scratch/yates/NEOM_WRF/wrfv4.6.0/external/io_int -I/glade/derecho/scratch/yates/NEOM_WRF/wrfv4.6.0/frame -I/glade/derecho/scratch/yates/NEOM_WRF/wrfv4.6.0/share -I/glade/derecho/scratch/yates/NEOM_WRF/wrfv4.6.0/phys -I/glade/derecho/scratch/yates/NEOM_WRF/wrfv4.6.0/wrftladj -I/glade/derecho/scratch/yates/NEOM_WRF/wrfv4.6.0/chem -I/glade/derecho/scratch/yates/NEOM_WRF/wrfv4.6.0/inc -I/glade/u/apps/derecho/23.09/spack/opt/spack/netcdf/4.9.2/oneapi/2023.2.1/yzvj/include  -real-size `expr 8 \* 4` -i4  module_mosaic_astem.f90

real	0m2.353s
user	0m1.947s
sys	0m0.377s
rm -f module_mosaic_wetscav.o
sed -e "s/^\!.*'.*//" -e "s/^ *\!.*'.*//" module_mosaic_wetscav.F > module_mosaic_wetscav.G
/lib/cpp -P -nostdinc -I/glade/derecho/scratch/yates/NEOM_WRF/wrfv4.6.0/inc -DEM_CORE=1 -DNMM_CORE=0 -DNMM_MAX_DIM=2600 -DDA_CORE=0 -DWRFPLUS=0 -DIWORDSIZE=4 -DDWORDSIZE=8 -DRWORDSIZE=4 -DLWORDSIZE=4 -DNONSTANDARD_SYSTEM_FUNC  -DWRF_USE_CLM -DUSE_NETCDF4_FEATURES -DWRFIO_NCD_LARGE_FILE_SUPPORT  -DDM_PARALLEL -DNETCDF -DLANDREAD_STUB=1 -DUSE_ALLOCATABLES -Dwrfmodel -DGRIB1 -DINTIO -DKEEP_INT_AROUND -DLIMIT_ARGS -DBUILD_RRTMG_FAST=0 -DBUILD_RRTMK=0 -DBUILD_SBM_FAST=1 -DSHOW_ALL_VARS_USED=0 -DCONFIG_BUF_LEN=65536 -DMAX_DOMAINS_F=21 -DMAX_HISTORY=25 -DNMM_NEST=0 -DWRF_CHEM -DBUILD_CHEM=1 -I. -traditional-cpp -DUSE_NETCDF4_FEATURES -DWRFIO_NCD_LARGE_FILE_SUPPORT   module_mosaic_wetscav.G  > module_mosaic_wetscav.bb
/glade/derecho/scratch/yates/NEOM_WRF/wrfv4.6.0/tools/standard.exe module_mosaic_wetscav.bb | /lib/cpp -P -nostdinc -traditional-cpp -DUSE_NETCDF4_FEATURES -DWRFIO_NCD_LARGE_FILE_SUPPORT > module_mosaic_wetscav.f90
rm -f module_mosaic_wetscav.G module_mosaic_wetscav.bb
time mpif90 -f90=ifort -o module_mosaic_wetscav.o -c -O3 -ip -fp-model precise -w -ftz -align all -fno-alias -FR -convert big_endian    -I../dyn_em  -I/glade/derecho/scratch/yates/NEOM_WRF/wrfv4.6.0/external/esmf_time_f90  -I/glade/derecho/scratch/yates/NEOM_WRF/wrfv4.6.0/main -I/glade/derecho/scratch/yates/NEOM_WRF/wrfv4.6.0/external/io_netcdf -I/glade/derecho/scratch/yates/NEOM_WRF/wrfv4.6.0/external/io_int -I/glade/derecho/scratch/yates/NEOM_WRF/wrfv4.6.0/frame -I/glade/derecho/scratch/yates/NEOM_WRF/wrfv4.6.0/share -I/glade/derecho/scratch/yates/NEOM_WRF/wrfv4.6.0/phys -I/glade/derecho/scratch/yates/NEOM_WRF/wrfv4.6.0/wrftladj -I/glade/derecho/scratch/yates/NEOM_WRF/wrfv4.6.0/chem -I/glade/derecho/scratch/yates/NEOM_WRF/wrfv4.6.0/inc -I/glade/u/apps/derecho/23.09/spack/opt/spack/netcdf/4.9.2/oneapi/2023.2.1/yzvj/include  -real-size `expr 8 \* 4` -i4  module_mosaic_wetscav.f90

real	0m22.066s
user	0m20.597s
sys	0m0.600s
rm -f module_cam_mam_init.o
sed -e "s/^\!.*'.*//" -e "s/^ *\!.*'.*//" module_cam_mam_init.F > module_cam_mam_init.G
/lib/cpp -P -nostdinc -I/glade/derecho/scratch/yates/NEOM_WRF/wrfv4.6.0/inc -DEM_CORE=1 -DNMM_CORE=0 -DNMM_MAX_DIM=2600 -DDA_CORE=0 -DWRFPLUS=0 -DIWORDSIZE=4 -DDWORDSIZE=8 -DRWORDSIZE=4 -DLWORDSIZE=4 -DNONSTANDARD_SYSTEM_FUNC  -DWRF_USE_CLM -DUSE_NETCDF4_FEATURES -DWRFIO_NCD_LARGE_FILE_SUPPORT  -DDM_PARALLEL -DNETCDF -DLANDREAD_STUB=1 -DUSE_ALLOCATABLES -Dwrfmodel -DGRIB1 -DINTIO -DKEEP_INT_AROUND -DLIMIT_ARGS -DBUILD_RRTMG_FAST=0 -DBUILD_RRTMK=0 -DBUILD_SBM_FAST=1 -DSHOW_ALL_VARS_USED=0 -DCONFIG_BUF_LEN=65536 -DMAX_DOMAINS_F=21 -DMAX_HISTORY=25 -DNMM_NEST=0 -DWRF_CHEM -DBUILD_CHEM=1 -I. -traditional-cpp -DUSE_NETCDF4_FEATURES -DWRFIO_NCD_LARGE_FILE_SUPPORT   module_cam_mam_init.G  > module_cam_mam_init.bb
/glade/derecho/scratch/yates/NEOM_WRF/wrfv4.6.0/tools/standard.exe module_cam_mam_init.bb | /lib/cpp -P -nostdinc -traditional-cpp -DUSE_NETCDF4_FEATURES -DWRFIO_NCD_LARGE_FILE_SUPPORT > module_cam_mam_init.f90
rm -f module_cam_mam_init.G module_cam_mam_init.bb
time mpif90 -f90=ifort -o module_cam_mam_init.o -c -O3 -ip -fp-model precise -w -ftz -align all -fno-alias -FR -convert big_endian    -I../dyn_em  -I/glade/derecho/scratch/yates/NEOM_WRF/wrfv4.6.0/external/esmf_time_f90  -I/glade/derecho/scratch/yates/NEOM_WRF/wrfv4.6.0/main -I/glade/derecho/scratch/yates/NEOM_WRF/wrfv4.6.0/external/io_netcdf -I/glade/derecho/scratch/yates/NEOM_WRF/wrfv4.6.0/external/io_int -I/glade/derecho/scratch/yates/NEOM_WRF/wrfv4.6.0/frame -I/glade/derecho/scratch/yates/NEOM_WRF/wrfv4.6.0/share -I/glade/derecho/scratch/yates/NEOM_WRF/wrfv4.6.0/phys -I/glade/derecho/scratch/yates/NEOM_WRF/wrfv4.6.0/wrftladj -I/glade/derecho/scratch/yates/NEOM_WRF/wrfv4.6.0/chem -I/glade/derecho/scratch/yates/NEOM_WRF/wrfv4.6.0/inc -I/glade/u/apps/derecho/23.09/spack/opt/spack/netcdf/4.9.2/oneapi/2023.2.1/yzvj/include  -real-size `expr 8 \* 4` -i4  module_cam_mam_init.f90

real	0m2.426s
user	0m1.979s
sys	0m0.411s
rm -f module_mosaic_lsode.o
sed -e "s/^\!.*'.*//" -e "s/^ *\!.*'.*//" module_mosaic_lsode.F > module_mosaic_lsode.G

real	0m1.345s
user	0m0.928s
sys	0m0.379s
rm -f module_aerosols_sorgam.o
sed -e "s/^\!.*'.*//" -e "s/^ *\!.*'.*//" module_aerosols_sorgam.F > module_aerosols_sorgam.G
/lib/cpp -P -nostdinc -I/glade/derecho/scratch/yates/NEOM_WRF/wrfv4.6.0/inc -DEM_CORE=1 -DNMM_CORE=0 -DNMM_MAX_DIM=2600 -DDA_CORE=0 -DWRFPLUS=0 -DIWORDSIZE=4 -DDWORDSIZE=8 -DRWORDSIZE=4 -DLWORDSIZE=4 -DNONSTANDARD_SYSTEM_FUNC  -DWRF_USE_CLM -DUSE_NETCDF4_FEATURES -DWRFIO_NCD_LARGE_FILE_SUPPORT  -DDM_PARALLEL -DNETCDF -DLANDREAD_STUB=1 -DUSE_ALLOCATABLES -Dwrfmodel -DGRIB1 -DINTIO -DKEEP_INT_AROUND -DLIMIT_ARGS -DBUILD_RRTMG_FAST=0 -DBUILD_RRTMK=0 -DBUILD_SBM_FAST=1 -DSHOW_ALL_VARS_USED=0 -DCONFIG_BUF_LEN=65536 -DMAX_DOMAINS_F=21 -DMAX_HISTORY=25 -DNMM_NEST=0 -DWRF_CHEM -DBUILD_CHEM=1 -I. -traditional-cpp -DUSE_NETCDF4_FEATURES -DWRFIO_NCD_LARGE_FILE_SUPPORT   module_mosaic_lsode.G  > module_mosaic_lsode.bb
/glade/derecho/scratch/yates/NEOM_WRF/wrfv4.6.0/tools/standard.exe module_mosaic_lsode.bb | /lib/cpp -P -nostdinc -traditional-cpp -DUSE_NETCDF4_FEATURES -DWRFIO_NCD_LARGE_FILE_SUPPORT > module_mosaic_lsode.f90
/lib/cpp -P -nostdinc -I/glade/derecho/scratch/yates/NEOM_WRF/wrfv4.6.0/inc -DEM_CORE=1 -DNMM_CORE=0 -DNMM_MAX_DIM=2600 -DDA_CORE=0 -DWRFPLUS=0 -DIWORDSIZE=4 -DDWORDSIZE=8 -DRWORDSIZE=4 -DLWORDSIZE=4 -DNONSTANDARD_SYSTEM_FUNC  -DWRF_USE_CLM -DUSE_NETCDF4_FEATURES -DWRFIO_NCD_LARGE_FILE_SUPPORT  -DDM_PARALLEL -DNETCDF -DLANDREAD_STUB=1 -DUSE_ALLOCATABLES -Dwrfmodel -DGRIB1 -DINTIO -DKEEP_INT_AROUND -DLIMIT_ARGS -DBUILD_RRTMG_FAST=0 -DBUILD_RRTMK=0 -DBUILD_SBM_FAST=1 -DSHOW_ALL_VARS_USED=0 -DCONFIG_BUF_LEN=65536 -DMAX_DOMAINS_F=21 -DMAX_HISTORY=25 -DNMM_NEST=0 -DWRF_CHEM -DBUILD_CHEM=1 -I. -traditional-cpp -DUSE_NETCDF4_FEATURES -DWRFIO_NCD_LARGE_FILE_SUPPORT   module_aerosols_sorgam.G  > module_aerosols_sorgam.bb
rm -f module_mosaic_lsode.G module_mosaic_lsode.bb
/glade/derecho/scratch/yates/NEOM_WRF/wrfv4.6.0/tools/standard.exe module_aerosols_sorgam.bb | /lib/cpp -P -nostdinc -traditional-cpp -DUSE_NETCDF4_FEATURES -DWRFIO_NCD_LARGE_FILE_SUPPORT > module_aerosols_sorgam.f90
time mpif90 -f90=ifort -o module_mosaic_lsode.o -c -O3 -ip -fp-model precise -w -ftz -align all -fno-alias -FR -convert big_endian    -I../dyn_em  -I/glade/derecho/scratch/yates/NEOM_WRF/wrfv4.6.0/external/esmf_time_f90  -I/glade/derecho/scratch/yates/NEOM_WRF/wrfv4.6.0/main -I/glade/derecho/scratch/yates/NEOM_WRF/wrfv4.6.0/external/io_netcdf -I/glade/derecho/scratch/yates/NEOM_WRF/wrfv4.6.0/external/io_int -I/glade/derecho/scratch/yates/NEOM_WRF/wrfv4.6.0/frame -I/glade/derecho/scratch/yates/NEOM_WRF/wrfv4.6.0/share -I/glade/derecho/scratch/yates/NEOM_WRF/wrfv4.6.0/phys -I/glade/derecho/scratch/yates/NEOM_WRF/wrfv4.6.0/wrftladj -I/glade/derecho/scratch/yates/NEOM_WRF/wrfv4.6.0/chem -I/glade/derecho/scratch/yates/NEOM_WRF/wrfv4.6.0/inc -I/glade/u/apps/derecho/23.09/spack/opt/spack/netcdf/4.9.2/oneapi/2023.2.1/yzvj/include  -real-size `expr 8 \* 4` -i4  module_mosaic_lsode.f90
rm -f module_aerosols_sorgam.G module_aerosols_sorgam.bb
time mpif90 -f90=ifort -o module_aerosols_sorgam.o -c -O3 -ip -fp-model precise -w -ftz -align all -fno-alias -FR -convert big_endian    -I../dyn_em  -I/glade/derecho/scratch/yates/NEOM_WRF/wrfv4.6.0/external/esmf_time_f90  -I/glade/derecho/scratch/yates/NEOM_WRF/wrfv4.6.0/main -I/glade/derecho/scratch/yates/NEOM_WRF/wrfv4.6.0/external/io_netcdf -I/glade/derecho/scratch/yates/NEOM_WRF/wrfv4.6.0/external/io_int -I/glade/derecho/scratch/yates/NEOM_WRF/wrfv4.6.0/frame -I/glade/derecho/scratch/yates/NEOM_WRF/wrfv4.6.0/share -I/glade/derecho/scratch/yates/NEOM_WRF/wrfv4.6.0/phys -I/glade/derecho/scratch/yates/NEOM_WRF/wrfv4.6.0/wrftladj -I/glade/derecho/scratch/yates/NEOM_WRF/wrfv4.6.0/chem -I/glade/derecho/scratch/yates/NEOM_WRF/wrfv4.6.0/inc -I/glade/u/apps/derecho/23.09/spack/opt/spack/netcdf/4.9.2/oneapi/2023.2.1/yzvj/include  -real-size `expr 8 \* 4` -i4  module_aerosols_sorgam.f90

real	0m0.376s
user	0m0.089s
sys	0m0.262s
rm -f module_cam_mam_initmixrats.o
sed -e "s/^\!.*'.*//" -e "s/^ *\!.*'.*//" module_cam_mam_initmixrats.F > module_cam_mam_initmixrats.G
/lib/cpp -P -nostdinc -I/glade/derecho/scratch/yates/NEOM_WRF/wrfv4.6.0/inc -DEM_CORE=1 -DNMM_CORE=0 -DNMM_MAX_DIM=2600 -DDA_CORE=0 -DWRFPLUS=0 -DIWORDSIZE=4 -DDWORDSIZE=8 -DRWORDSIZE=4 -DLWORDSIZE=4 -DNONSTANDARD_SYSTEM_FUNC  -DWRF_USE_CLM -DUSE_NETCDF4_FEATURES -DWRFIO_NCD_LARGE_FILE_SUPPORT  -DDM_PARALLEL -DNETCDF -DLANDREAD_STUB=1 -DUSE_ALLOCATABLES -Dwrfmodel -DGRIB1 -DINTIO -DKEEP_INT_AROUND -DLIMIT_ARGS -DBUILD_RRTMG_FAST=0 -DBUILD_RRTMK=0 -DBUILD_SBM_FAST=1 -DSHOW_ALL_VARS_USED=0 -DCONFIG_BUF_LEN=65536 -DMAX_DOMAINS_F=21 -DMAX_HISTORY=25 -DNMM_NEST=0 -DWRF_CHEM -DBUILD_CHEM=1 -I. -traditional-cpp -DUSE_NETCDF4_FEATURES -DWRFIO_NCD_LARGE_FILE_SUPPORT   module_cam_mam_initmixrats.G  > module_cam_mam_initmixrats.bb
/glade/derecho/scratch/yates/NEOM_WRF/wrfv4.6.0/tools/standard.exe module_cam_mam_initmixrats.bb | /lib/cpp -P -nostdinc -traditional-cpp -DUSE_NETCDF4_FEATURES -DWRFIO_NCD_LARGE_FILE_SUPPORT > module_cam_mam_initmixrats.f90
rm -f module_cam_mam_initmixrats.G module_cam_mam_initmixrats.bb
time mpif90 -f90=ifort -o module_cam_mam_initmixrats.o -c -O3 -ip -fp-model precise -w -ftz -align all -fno-alias -FR -convert big_endian    -I../dyn_em  -I/glade/derecho/scratch/yates/NEOM_WRF/wrfv4.6.0/external/esmf_time_f90  -I/glade/derecho/scratch/yates/NEOM_WRF/wrfv4.6.0/main -I/glade/derecho/scratch/yates/NEOM_WRF/wrfv4.6.0/external/io_netcdf -I/glade/derecho/scratch/yates/NEOM_WRF/wrfv4.6.0/external/io_int -I/glade/derecho/scratch/yates/NEOM_WRF/wrfv4.6.0/frame -I/glade/derecho/scratch/yates/NEOM_WRF/wrfv4.6.0/share -I/glade/derecho/scratch/yates/NEOM_WRF/wrfv4.6.0/phys -I/glade/derecho/scratch/yates/NEOM_WRF/wrfv4.6.0/wrftladj -I/glade/derecho/scratch/yates/NEOM_WRF/wrfv4.6.0/chem -I/glade/derecho/scratch/yates/NEOM_WRF/wrfv4.6.0/inc -I/glade/u/apps/derecho/23.09/spack/opt/spack/netcdf/4.9.2/oneapi/2023.2.1/yzvj/include  -real-size `expr 8 \* 4` -i4  module_cam_mam_initmixrats.f90

real	0m0.981s
user	0m0.597s
sys	0m0.348s
rm -f module_aerosols_sorgam_vbs.o
sed -e "s/^\!.*'.*//" -e "s/^ *\!.*'.*//" module_aerosols_sorgam_vbs.F > module_aerosols_sorgam_vbs.G
/lib/cpp -P -nostdinc -I/glade/derecho/scratch/yates/NEOM_WRF/wrfv4.6.0/inc -DEM_CORE=1 -DNMM_CORE=0 -DNMM_MAX_DIM=2600 -DDA_CORE=0 -DWRFPLUS=0 -DIWORDSIZE=4 -DDWORDSIZE=8 -DRWORDSIZE=4 -DLWORDSIZE=4 -DNONSTANDARD_SYSTEM_FUNC  -DWRF_USE_CLM -DUSE_NETCDF4_FEATURES -DWRFIO_NCD_LARGE_FILE_SUPPORT  -DDM_PARALLEL -DNETCDF -DLANDREAD_STUB=1 -DUSE_ALLOCATABLES -Dwrfmodel -DGRIB1 -DINTIO -DKEEP_INT_AROUND -DLIMIT_ARGS -DBUILD_RRTMG_FAST=0 -DBUILD_RRTMK=0 -DBUILD_SBM_FAST=1 -DSHOW_ALL_VARS_USED=0 -DCONFIG_BUF_LEN=65536 -DMAX_DOMAINS_F=21 -DMAX_HISTORY=25 -DNMM_NEST=0 -DWRF_CHEM -DBUILD_CHEM=1 -I. -traditional-cpp -DUSE_NETCDF4_FEATURES -DWRFIO_NCD_LARGE_FILE_SUPPORT   module_aerosols_sorgam_vbs.G  > module_aerosols_sorgam_vbs.bb
/glade/derecho/scratch/yates/NEOM_WRF/wrfv4.6.0/tools/standard.exe module_aerosols_sorgam_vbs.bb | /lib/cpp -P -nostdinc -traditional-cpp -DUSE_NETCDF4_FEATURES -DWRFIO_NCD_LARGE_FILE_SUPPORT > module_aerosols_sorgam_vbs.f90
rm -f module_aerosols_sorgam_vbs.G module_aerosols_sorgam_vbs.bb
time mpif90 -f90=ifort -o module_aerosols_sorgam_vbs.o -c -O3 -ip -fp-model precise -w -ftz -align all -fno-alias -FR -convert big_endian    -I../dyn_em  -I/glade/derecho/scratch/yates/NEOM_WRF/wrfv4.6.0/external/esmf_time_f90  -I/glade/derecho/scratch/yates/NEOM_WRF/wrfv4.6.0/main -I/glade/derecho/scratch/yates/NEOM_WRF/wrfv4.6.0/external/io_netcdf -I/glade/derecho/scratch/yates/NEOM_WRF/wrfv4.6.0/external/io_int -I/glade/derecho/scratch/yates/NEOM_WRF/wrfv4.6.0/frame -I/glade/derecho/scratch/yates/NEOM_WRF/wrfv4.6.0/share -I/glade/derecho/scratch/yates/NEOM_WRF/wrfv4.6.0/phys -I/glade/derecho/scratch/yates/NEOM_WRF/wrfv4.6.0/wrftladj -I/glade/derecho/scratch/yates/NEOM_WRF/wrfv4.6.0/chem -I/glade/derecho/scratch/yates/NEOM_WRF/wrfv4.6.0/inc -I/glade/u/apps/derecho/23.09/spack/opt/spack/netcdf/4.9.2/oneapi/2023.2.1/yzvj/include  -real-size `expr 8 \* 4` -i4  module_aerosols_sorgam_vbs.f90

real	0m9.421s
user	0m8.921s
sys	0m0.457s
rm -f module_prep_wetscav_sorgam.o
sed -e "s/^\!.*'.*//" -e "s/^ *\!.*'.*//" module_prep_wetscav_sorgam.F > module_prep_wetscav_sorgam.G
/lib/cpp -P -nostdinc -I/glade/derecho/scratch/yates/NEOM_WRF/wrfv4.6.0/inc -DEM_CORE=1 -DNMM_CORE=0 -DNMM_MAX_DIM=2600 -DDA_CORE=0 -DWRFPLUS=0 -DIWORDSIZE=4 -DDWORDSIZE=8 -DRWORDSIZE=4 -DLWORDSIZE=4 -DNONSTANDARD_SYSTEM_FUNC  -DWRF_USE_CLM -DUSE_NETCDF4_FEATURES -DWRFIO_NCD_LARGE_FILE_SUPPORT  -DDM_PARALLEL -DNETCDF -DLANDREAD_STUB=1 -DUSE_ALLOCATABLES -Dwrfmodel -DGRIB1 -DINTIO -DKEEP_INT_AROUND -DLIMIT_ARGS -DBUILD_RRTMG_FAST=0 -DBUILD_RRTMK=0 -DBUILD_SBM_FAST=1 -DSHOW_ALL_VARS_USED=0 -DCONFIG_BUF_LEN=65536 -DMAX_DOMAINS_F=21 -DMAX_HISTORY=25 -DNMM_NEST=0 -DWRF_CHEM -DBUILD_CHEM=1 -I. -traditional-cpp -DUSE_NETCDF4_FEATURES -DWRFIO_NCD_LARGE_FILE_SUPPORT   module_prep_wetscav_sorgam.G  > module_prep_wetscav_sorgam.bb
/glade/derecho/scratch/yates/NEOM_WRF/wrfv4.6.0/tools/standard.exe module_prep_wetscav_sorgam.bb | /lib/cpp -P -nostdinc -traditional-cpp -DUSE_NETCDF4_FEATURES -DWRFIO_NCD_LARGE_FILE_SUPPORT > module_prep_wetscav_sorgam.f90
rm -f module_prep_wetscav_sorgam.G module_prep_wetscav_sorgam.bb
time mpif90 -f90=ifort -o module_prep_wetscav_sorgam.o -c -O3 -ip -fp-model precise -w -ftz -align all -fno-alias -FR -convert big_endian    -I../dyn_em  -I/glade/derecho/scratch/yates/NEOM_WRF/wrfv4.6.0/external/esmf_time_f90  -I/glade/derecho/scratch/yates/NEOM_WRF/wrfv4.6.0/main -I/glade/derecho/scratch/yates/NEOM_WRF/wrfv4.6.0/external/io_netcdf -I/glade/derecho/scratch/yates/NEOM_WRF/wrfv4.6.0/external/io_int -I/glade/derecho/scratch/yates/NEOM_WRF/wrfv4.6.0/frame -I/glade/derecho/scratch/yates/NEOM_WRF/wrfv4.6.0/share -I/glade/derecho/scratch/yates/NEOM_WRF/wrfv4.6.0/phys -I/glade/derecho/scratch/yates/NEOM_WRF/wrfv4.6.0/wrftladj -I/glade/derecho/scratch/yates/NEOM_WRF/wrfv4.6.0/chem -I/glade/derecho/scratch/yates/NEOM_WRF/wrfv4.6.0/inc -I/glade/u/apps/derecho/23.09/spack/opt/spack/netcdf/4.9.2/oneapi/2023.2.1/yzvj/include  -real-size `expr 8 \* 4` -i4  module_prep_wetscav_sorgam.f90

real	0m9.120s
user	0m8.532s
sys	0m0.542s
rm -f module_input_chem_bioemiss.o
sed -e "s/^\!.*'.*//" -e "s/^ *\!.*'.*//" module_input_chem_bioemiss.F > module_input_chem_bioemiss.G
/lib/cpp -P -nostdinc -I/glade/derecho/scratch/yates/NEOM_WRF/wrfv4.6.0/inc -DEM_CORE=1 -DNMM_CORE=0 -DNMM_MAX_DIM=2600 -DDA_CORE=0 -DWRFPLUS=0 -DIWORDSIZE=4 -DDWORDSIZE=8 -DRWORDSIZE=4 -DLWORDSIZE=4 -DNONSTANDARD_SYSTEM_FUNC  -DWRF_USE_CLM -DUSE_NETCDF4_FEATURES -DWRFIO_NCD_LARGE_FILE_SUPPORT  -DDM_PARALLEL -DNETCDF -DLANDREAD_STUB=1 -DUSE_ALLOCATABLES -Dwrfmodel -DGRIB1 -DINTIO -DKEEP_INT_AROUND -DLIMIT_ARGS -DBUILD_RRTMG_FAST=0 -DBUILD_RRTMK=0 -DBUILD_SBM_FAST=1 -DSHOW_ALL_VARS_USED=0 -DCONFIG_BUF_LEN=65536 -DMAX_DOMAINS_F=21 -DMAX_HISTORY=25 -DNMM_NEST=0 -DWRF_CHEM -DBUILD_CHEM=1 -I. -traditional-cpp -DUSE_NETCDF4_FEATURES -DWRFIO_NCD_LARGE_FILE_SUPPORT   module_input_chem_bioemiss.G  > module_input_chem_bioemiss.bb
/glade/derecho/scratch/yates/NEOM_WRF/wrfv4.6.0/tools/standard.exe module_input_chem_bioemiss.bb | /lib/cpp -P -nostdinc -traditional-cpp -DUSE_NETCDF4_FEATURES -DWRFIO_NCD_LARGE_FILE_SUPPORT > module_input_chem_bioemiss.f90
rm -f module_input_chem_bioemiss.G module_input_chem_bioemiss.bb
time mpif90 -f90=ifort -o module_input_chem_bioemiss.o -c -O3 -ip -fp-model precise -w -ftz -align all -fno-alias -FR -convert big_endian    -I../dyn_em  -I/glade/derecho/scratch/yates/NEOM_WRF/wrfv4.6.0/external/esmf_time_f90  -I/glade/derecho/scratch/yates/NEOM_WRF/wrfv4.6.0/main -I/glade/derecho/scratch/yates/NEOM_WRF/wrfv4.6.0/external/io_netcdf -I/glade/derecho/scratch/yates/NEOM_WRF/wrfv4.6.0/external/io_int -I/glade/derecho/scratch/yates/NEOM_WRF/wrfv4.6.0/frame -I/glade/derecho/scratch/yates/NEOM_WRF/wrfv4.6.0/share -I/glade/derecho/scratch/yates/NEOM_WRF/wrfv4.6.0/phys -I/glade/derecho/scratch/yates/NEOM_WRF/wrfv4.6.0/wrftladj -I/glade/derecho/scratch/yates/NEOM_WRF/wrfv4.6.0/chem -I/glade/derecho/scratch/yates/NEOM_WRF/wrfv4.6.0/inc -I/glade/u/apps/derecho/23.09/spack/opt/spack/netcdf/4.9.2/oneapi/2023.2.1/yzvj/include  -real-size `expr 8 \* 4` -i4  module_input_chem_bioemiss.f90

real	0m1.309s
user	0m0.909s
sys	0m0.365s
rm -f module_input_dust_errosion.o
sed -e "s/^\!.*'.*//" -e "s/^ *\!.*'.*//" module_input_dust_errosion.F > module_input_dust_errosion.G
/lib/cpp -P -nostdinc -I/glade/derecho/scratch/yates/NEOM_WRF/wrfv4.6.0/inc -DEM_CORE=1 -DNMM_CORE=0 -DNMM_MAX_DIM=2600 -DDA_CORE=0 -DWRFPLUS=0 -DIWORDSIZE=4 -DDWORDSIZE=8 -DRWORDSIZE=4 -DLWORDSIZE=4 -DNONSTANDARD_SYSTEM_FUNC  -DWRF_USE_CLM -DUSE_NETCDF4_FEATURES -DWRFIO_NCD_LARGE_FILE_SUPPORT  -DDM_PARALLEL -DNETCDF -DLANDREAD_STUB=1 -DUSE_ALLOCATABLES -Dwrfmodel -DGRIB1 -DINTIO -DKEEP_INT_AROUND -DLIMIT_ARGS -DBUILD_RRTMG_FAST=0 -DBUILD_RRTMK=0 -DBUILD_SBM_FAST=1 -DSHOW_ALL_VARS_USED=0 -DCONFIG_BUF_LEN=65536 -DMAX_DOMAINS_F=21 -DMAX_HISTORY=25 -DNMM_NEST=0 -DWRF_CHEM -DBUILD_CHEM=1 -I. -traditional-cpp -DUSE_NETCDF4_FEATURES -DWRFIO_NCD_LARGE_FILE_SUPPORT   module_input_dust_errosion.G  > module_input_dust_errosion.bb
/glade/derecho/scratch/yates/NEOM_WRF/wrfv4.6.0/tools/standard.exe module_input_dust_errosion.bb | /lib/cpp -P -nostdinc -traditional-cpp -DUSE_NETCDF4_FEATURES -DWRFIO_NCD_LARGE_FILE_SUPPORT > module_input_dust_errosion.f90
rm -f module_input_dust_errosion.G module_input_dust_errosion.bb
time mpif90 -f90=ifort -o module_input_dust_errosion.o -c -O3 -ip -fp-model precise -w -ftz -align all -fno-alias -FR -convert big_endian    -I../dyn_em  -I/glade/derecho/scratch/yates/NEOM_WRF/wrfv4.6.0/external/esmf_time_f90  -I/glade/derecho/scratch/yates/NEOM_WRF/wrfv4.6.0/main -I/glade/derecho/scratch/yates/NEOM_WRF/wrfv4.6.0/external/io_netcdf -I/glade/derecho/scratch/yates/NEOM_WRF/wrfv4.6.0/external/io_int -I/glade/derecho/scratch/yates/NEOM_WRF/wrfv4.6.0/frame -I/glade/derecho/scratch/yates/NEOM_WRF/wrfv4.6.0/share -I/glade/derecho/scratch/yates/NEOM_WRF/wrfv4.6.0/phys -I/glade/derecho/scratch/yates/NEOM_WRF/wrfv4.6.0/wrftladj -I/glade/derecho/scratch/yates/NEOM_WRF/wrfv4.6.0/chem -I/glade/derecho/scratch/yates/NEOM_WRF/wrfv4.6.0/inc -I/glade/u/apps/derecho/23.09/spack/opt/spack/netcdf/4.9.2/oneapi/2023.2.1/yzvj/include  -real-size `expr 8 \* 4` -i4  module_input_dust_errosion.f90

real	0m1.258s
user	0m0.869s
sys	0m0.356s
rm -f module_input_gocart_dms.o
sed -e "s/^\!.*'.*//" -e "s/^ *\!.*'.*//" module_input_gocart_dms.F > module_input_gocart_dms.G
/lib/cpp -P -nostdinc -I/glade/derecho/scratch/yates/NEOM_WRF/wrfv4.6.0/inc -DEM_CORE=1 -DNMM_CORE=0 -DNMM_MAX_DIM=2600 -DDA_CORE=0 -DWRFPLUS=0 -DIWORDSIZE=4 -DDWORDSIZE=8 -DRWORDSIZE=4 -DLWORDSIZE=4 -DNONSTANDARD_SYSTEM_FUNC  -DWRF_USE_CLM -DUSE_NETCDF4_FEATURES -DWRFIO_NCD_LARGE_FILE_SUPPORT  -DDM_PARALLEL -DNETCDF -DLANDREAD_STUB=1 -DUSE_ALLOCATABLES -Dwrfmodel -DGRIB1 -DINTIO -DKEEP_INT_AROUND -DLIMIT_ARGS -DBUILD_RRTMG_FAST=0 -DBUILD_RRTMK=0 -DBUILD_SBM_FAST=1 -DSHOW_ALL_VARS_USED=0 -DCONFIG_BUF_LEN=65536 -DMAX_DOMAINS_F=21 -DMAX_HISTORY=25 -DNMM_NEST=0 -DWRF_CHEM -DBUILD_CHEM=1 -I. -traditional-cpp -DUSE_NETCDF4_FEATURES -DWRFIO_NCD_LARGE_FILE_SUPPORT   module_input_gocart_dms.G  > module_input_gocart_dms.bb
/glade/derecho/scratch/yates/NEOM_WRF/wrfv4.6.0/tools/standard.exe module_input_gocart_dms.bb | /lib/cpp -P -nostdinc -traditional-cpp -DUSE_NETCDF4_FEATURES -DWRFIO_NCD_LARGE_FILE_SUPPORT > module_input_gocart_dms.f90
rm -f module_input_gocart_dms.G module_input_gocart_dms.bb
time mpif90 -f90=ifort -o module_input_gocart_dms.o -c -O3 -ip -fp-model precise -w -ftz -align all -fno-alias -FR -convert big_endian    -I../dyn_em  -I/glade/derecho/scratch/yates/NEOM_WRF/wrfv4.6.0/external/esmf_time_f90  -I/glade/derecho/scratch/yates/NEOM_WRF/wrfv4.6.0/main -I/glade/derecho/scratch/yates/NEOM_WRF/wrfv4.6.0/external/io_netcdf -I/glade/derecho/scratch/yates/NEOM_WRF/wrfv4.6.0/external/io_int -I/glade/derecho/scratch/yates/NEOM_WRF/wrfv4.6.0/frame -I/glade/derecho/scratch/yates/NEOM_WRF/wrfv4.6.0/share -I/glade/derecho/scratch/yates/NEOM_WRF/wrfv4.6.0/phys -I/glade/derecho/scratch/yates/NEOM_WRF/wrfv4.6.0/wrftladj -I/glade/derecho/scratch/yates/NEOM_WRF/wrfv4.6.0/chem -I/glade/derecho/scratch/yates/NEOM_WRF/wrfv4.6.0/inc -I/glade/u/apps/derecho/23.09/spack/opt/spack/netcdf/4.9.2/oneapi/2023.2.1/yzvj/include  -real-size `expr 8 \* 4` -i4  module_input_gocart_dms.f90

real	0m1.228s
user	0m0.813s
sys	0m0.360s
rm -f module_cbmz_addemiss.o
sed -e "s/^\!.*'.*//" -e "s/^ *\!.*'.*//" module_cbmz_addemiss.F > module_cbmz_addemiss.G
/lib/cpp -P -nostdinc -I/glade/derecho/scratch/yates/NEOM_WRF/wrfv4.6.0/inc -DEM_CORE=1 -DNMM_CORE=0 -DNMM_MAX_DIM=2600 -DDA_CORE=0 -DWRFPLUS=0 -DIWORDSIZE=4 -DDWORDSIZE=8 -DRWORDSIZE=4 -DLWORDSIZE=4 -DNONSTANDARD_SYSTEM_FUNC  -DWRF_USE_CLM -DUSE_NETCDF4_FEATURES -DWRFIO_NCD_LARGE_FILE_SUPPORT  -DDM_PARALLEL -DNETCDF -DLANDREAD_STUB=1 -DUSE_ALLOCATABLES -Dwrfmodel -DGRIB1 -DINTIO -DKEEP_INT_AROUND -DLIMIT_ARGS -DBUILD_RRTMG_FAST=0 -DBUILD_RRTMK=0 -DBUILD_SBM_FAST=1 -DSHOW_ALL_VARS_USED=0 -DCONFIG_BUF_LEN=65536 -DMAX_DOMAINS_F=21 -DMAX_HISTORY=25 -DNMM_NEST=0 -DWRF_CHEM -DBUILD_CHEM=1 -I. -traditional-cpp -DUSE_NETCDF4_FEATURES -DWRFIO_NCD_LARGE_FILE_SUPPORT   module_cbmz_addemiss.G  > module_cbmz_addemiss.bb
/glade/derecho/scratch/yates/NEOM_WRF/wrfv4.6.0/tools/standard.exe module_cbmz_addemiss.bb | /lib/cpp -P -nostdinc -traditional-cpp -DUSE_NETCDF4_FEATURES -DWRFIO_NCD_LARGE_FILE_SUPPORT > module_cbmz_addemiss.f90
rm -f module_cbmz_addemiss.G module_cbmz_addemiss.bb
time mpif90 -f90=ifort -o module_cbmz_addemiss.o -c -O3 -ip -fp-model precise -w -ftz -align all -fno-alias -FR -convert big_endian    -I../dyn_em  -I/glade/derecho/scratch/yates/NEOM_WRF/wrfv4.6.0/external/esmf_time_f90  -I/glade/derecho/scratch/yates/NEOM_WRF/wrfv4.6.0/main -I/glade/derecho/scratch/yates/NEOM_WRF/wrfv4.6.0/external/io_netcdf -I/glade/derecho/scratch/yates/NEOM_WRF/wrfv4.6.0/external/io_int -I/glade/derecho/scratch/yates/NEOM_WRF/wrfv4.6.0/frame -I/glade/derecho/scratch/yates/NEOM_WRF/wrfv4.6.0/share -I/glade/derecho/scratch/yates/NEOM_WRF/wrfv4.6.0/phys -I/glade/derecho/scratch/yates/NEOM_WRF/wrfv4.6.0/wrftladj -I/glade/derecho/scratch/yates/NEOM_WRF/wrfv4.6.0/chem -I/glade/derecho/scratch/yates/NEOM_WRF/wrfv4.6.0/inc -I/glade/u/apps/derecho/23.09/spack/opt/spack/netcdf/4.9.2/oneapi/2023.2.1/yzvj/include  -real-size `expr 8 \* 4` -i4  module_cbmz_addemiss.f90

real	0m4.088s
user	0m3.607s
sys	0m0.436s
rm -f module_cbm4_addemiss.o
sed -e "s/^\!.*'.*//" -e "s/^ *\!.*'.*//" module_cbm4_addemiss.F > module_cbm4_addemiss.G
/lib/cpp -P -nostdinc -I/glade/derecho/scratch/yates/NEOM_WRF/wrfv4.6.0/inc -DEM_CORE=1 -DNMM_CORE=0 -DNMM_MAX_DIM=2600 -DDA_CORE=0 -DWRFPLUS=0 -DIWORDSIZE=4 -DDWORDSIZE=8 -DRWORDSIZE=4 -DLWORDSIZE=4 -DNONSTANDARD_SYSTEM_FUNC  -DWRF_USE_CLM -DUSE_NETCDF4_FEATURES -DWRFIO_NCD_LARGE_FILE_SUPPORT  -DDM_PARALLEL -DNETCDF -DLANDREAD_STUB=1 -DUSE_ALLOCATABLES -Dwrfmodel -DGRIB1 -DINTIO -DKEEP_INT_AROUND -DLIMIT_ARGS -DBUILD_RRTMG_FAST=0 -DBUILD_RRTMK=0 -DBUILD_SBM_FAST=1 -DSHOW_ALL_VARS_USED=0 -DCONFIG_BUF_LEN=65536 -DMAX_DOMAINS_F=21 -DMAX_HISTORY=25 -DNMM_NEST=0 -DWRF_CHEM -DBUILD_CHEM=1 -I. -traditional-cpp -DUSE_NETCDF4_FEATURES -DWRFIO_NCD_LARGE_FILE_SUPPORT   module_cbm4_addemiss.G  > module_cbm4_addemiss.bb
/glade/derecho/scratch/yates/NEOM_WRF/wrfv4.6.0/tools/standard.exe module_cbm4_addemiss.bb | /lib/cpp -P -nostdinc -traditional-cpp -DUSE_NETCDF4_FEATURES -DWRFIO_NCD_LARGE_FILE_SUPPORT > module_cbm4_addemiss.f90
rm -f module_cbm4_addemiss.G module_cbm4_addemiss.bb
time mpif90 -f90=ifort -o module_cbm4_addemiss.o -c -O3 -ip -fp-model precise -w -ftz -align all -fno-alias -FR -convert big_endian    -I../dyn_em  -I/glade/derecho/scratch/yates/NEOM_WRF/wrfv4.6.0/external/esmf_time_f90  -I/glade/derecho/scratch/yates/NEOM_WRF/wrfv4.6.0/main -I/glade/derecho/scratch/yates/NEOM_WRF/wrfv4.6.0/external/io_netcdf -I/glade/derecho/scratch/yates/NEOM_WRF/wrfv4.6.0/external/io_int -I/glade/derecho/scratch/yates/NEOM_WRF/wrfv4.6.0/frame -I/glade/derecho/scratch/yates/NEOM_WRF/wrfv4.6.0/share -I/glade/derecho/scratch/yates/NEOM_WRF/wrfv4.6.0/phys -I/glade/derecho/scratch/yates/NEOM_WRF/wrfv4.6.0/wrftladj -I/glade/derecho/scratch/yates/NEOM_WRF/wrfv4.6.0/chem -I/glade/derecho/scratch/yates/NEOM_WRF/wrfv4.6.0/inc -I/glade/u/apps/derecho/23.09/spack/opt/spack/netcdf/4.9.2/oneapi/2023.2.1/yzvj/include  -real-size `expr 8 \* 4` -i4  module_cbm4_addemiss.f90

real	0m2.180s
user	0m1.770s
sys	0m0.360s
rm -f module_cb05_addemiss.o
sed -e "s/^\!.*'.*//" -e "s/^ *\!.*'.*//" module_cb05_addemiss.F > module_cb05_addemiss.G
/lib/cpp -P -nostdinc -I/glade/derecho/scratch/yates/NEOM_WRF/wrfv4.6.0/inc -DEM_CORE=1 -DNMM_CORE=0 -DNMM_MAX_DIM=2600 -DDA_CORE=0 -DWRFPLUS=0 -DIWORDSIZE=4 -DDWORDSIZE=8 -DRWORDSIZE=4 -DLWORDSIZE=4 -DNONSTANDARD_SYSTEM_FUNC  -DWRF_USE_CLM -DUSE_NETCDF4_FEATURES -DWRFIO_NCD_LARGE_FILE_SUPPORT  -DDM_PARALLEL -DNETCDF -DLANDREAD_STUB=1 -DUSE_ALLOCATABLES -Dwrfmodel -DGRIB1 -DINTIO -DKEEP_INT_AROUND -DLIMIT_ARGS -DBUILD_RRTMG_FAST=0 -DBUILD_RRTMK=0 -DBUILD_SBM_FAST=1 -DSHOW_ALL_VARS_USED=0 -DCONFIG_BUF_LEN=65536 -DMAX_DOMAINS_F=21 -DMAX_HISTORY=25 -DNMM_NEST=0 -DWRF_CHEM -DBUILD_CHEM=1 -I. -traditional-cpp -DUSE_NETCDF4_FEATURES -DWRFIO_NCD_LARGE_FILE_SUPPORT   module_cb05_addemiss.G  > module_cb05_addemiss.bb
/glade/derecho/scratch/yates/NEOM_WRF/wrfv4.6.0/tools/standard.exe module_cb05_addemiss.bb | /lib/cpp -P -nostdinc -traditional-cpp -DUSE_NETCDF4_FEATURES -DWRFIO_NCD_LARGE_FILE_SUPPORT > module_cb05_addemiss.f90
rm -f module_cb05_addemiss.G module_cb05_addemiss.bb
time mpif90 -f90=ifort -o module_cb05_addemiss.o -c -O3 -ip -fp-model precise -w -ftz -align all -fno-alias -FR -convert big_endian    -I../dyn_em  -I/glade/derecho/scratch/yates/NEOM_WRF/wrfv4.6.0/external/esmf_time_f90  -I/glade/derecho/scratch/yates/NEOM_WRF/wrfv4.6.0/main -I/glade/derecho/scratch/yates/NEOM_WRF/wrfv4.6.0/external/io_netcdf -I/glade/derecho/scratch/yates/NEOM_WRF/wrfv4.6.0/external/io_int -I/glade/derecho/scratch/yates/NEOM_WRF/wrfv4.6.0/frame -I/glade/derecho/scratch/yates/NEOM_WRF/wrfv4.6.0/share -I/glade/derecho/scratch/yates/NEOM_WRF/wrfv4.6.0/phys -I/glade/derecho/scratch/yates/NEOM_WRF/wrfv4.6.0/wrftladj -I/glade/derecho/scratch/yates/NEOM_WRF/wrfv4.6.0/chem -I/glade/derecho/scratch/yates/NEOM_WRF/wrfv4.6.0/inc -I/glade/u/apps/derecho/23.09/spack/opt/spack/netcdf/4.9.2/oneapi/2023.2.1/yzvj/include  -real-size `expr 8 \* 4` -i4  module_cb05_addemiss.f90

real	0m1.484s
user	0m1.108s
sys	0m0.342s
rm -f module_emissions_anthropogenics.o
sed -e "s/^\!.*'.*//" -e "s/^ *\!.*'.*//" module_emissions_anthropogenics.F > module_emissions_anthropogenics.G
/lib/cpp -P -nostdinc -I/glade/derecho/scratch/yates/NEOM_WRF/wrfv4.6.0/inc -DEM_CORE=1 -DNMM_CORE=0 -DNMM_MAX_DIM=2600 -DDA_CORE=0 -DWRFPLUS=0 -DIWORDSIZE=4 -DDWORDSIZE=8 -DRWORDSIZE=4 -DLWORDSIZE=4 -DNONSTANDARD_SYSTEM_FUNC  -DWRF_USE_CLM -DUSE_NETCDF4_FEATURES -DWRFIO_NCD_LARGE_FILE_SUPPORT  -DDM_PARALLEL -DNETCDF -DLANDREAD_STUB=1 -DUSE_ALLOCATABLES -Dwrfmodel -DGRIB1 -DINTIO -DKEEP_INT_AROUND -DLIMIT_ARGS -DBUILD_RRTMG_FAST=0 -DBUILD_RRTMK=0 -DBUILD_SBM_FAST=1 -DSHOW_ALL_VARS_USED=0 -DCONFIG_BUF_LEN=65536 -DMAX_DOMAINS_F=21 -DMAX_HISTORY=25 -DNMM_NEST=0 -DWRF_CHEM -DBUILD_CHEM=1 -I. -traditional-cpp -DUSE_NETCDF4_FEATURES -DWRFIO_NCD_LARGE_FILE_SUPPORT   module_emissions_anthropogenics.G  > module_emissions_anthropogenics.bb
/glade/derecho/scratch/yates/NEOM_WRF/wrfv4.6.0/tools/standard.exe module_emissions_anthropogenics.bb | /lib/cpp -P -nostdinc -traditional-cpp -DUSE_NETCDF4_FEATURES -DWRFIO_NCD_LARGE_FILE_SUPPORT > module_emissions_anthropogenics.f90
rm -f module_emissions_anthropogenics.G module_emissions_anthropogenics.bb
time mpif90 -f90=ifort -o module_emissions_anthropogenics.o -c -O3 -ip -fp-model precise -w -ftz -align all -fno-alias -FR -convert big_endian    -I../dyn_em  -I/glade/derecho/scratch/yates/NEOM_WRF/wrfv4.6.0/external/esmf_time_f90  -I/glade/derecho/scratch/yates/NEOM_WRF/wrfv4.6.0/main -I/glade/derecho/scratch/yates/NEOM_WRF/wrfv4.6.0/external/io_netcdf -I/glade/derecho/scratch/yates/NEOM_WRF/wrfv4.6.0/external/io_int -I/glade/derecho/scratch/yates/NEOM_WRF/wrfv4.6.0/frame -I/glade/derecho/scratch/yates/NEOM_WRF/wrfv4.6.0/share -I/glade/derecho/scratch/yates/NEOM_WRF/wrfv4.6.0/phys -I/glade/derecho/scratch/yates/NEOM_WRF/wrfv4.6.0/wrftladj -I/glade/derecho/scratch/yates/NEOM_WRF/wrfv4.6.0/chem -I/glade/derecho/scratch/yates/NEOM_WRF/wrfv4.6.0/inc -I/glade/u/apps/derecho/23.09/spack/opt/spack/netcdf/4.9.2/oneapi/2023.2.1/yzvj/include  -real-size `expr 8 \* 4` -i4  module_emissions_anthropogenics.f90

real	0m1.238s
user	0m0.888s
sys	0m0.321s
rm -f module_cam_mam_addemiss.o
sed -e "s/^\!.*'.*//" -e "s/^ *\!.*'.*//" module_cam_mam_addemiss.F > module_cam_mam_addemiss.G
/lib/cpp -P -nostdinc -I/glade/derecho/scratch/yates/NEOM_WRF/wrfv4.6.0/inc -DEM_CORE=1 -DNMM_CORE=0 -DNMM_MAX_DIM=2600 -DDA_CORE=0 -DWRFPLUS=0 -DIWORDSIZE=4 -DDWORDSIZE=8 -DRWORDSIZE=4 -DLWORDSIZE=4 -DNONSTANDARD_SYSTEM_FUNC  -DWRF_USE_CLM -DUSE_NETCDF4_FEATURES -DWRFIO_NCD_LARGE_FILE_SUPPORT  -DDM_PARALLEL -DNETCDF -DLANDREAD_STUB=1 -DUSE_ALLOCATABLES -Dwrfmodel -DGRIB1 -DINTIO -DKEEP_INT_AROUND -DLIMIT_ARGS -DBUILD_RRTMG_FAST=0 -DBUILD_RRTMK=0 -DBUILD_SBM_FAST=1 -DSHOW_ALL_VARS_USED=0 -DCONFIG_BUF_LEN=65536 -DMAX_DOMAINS_F=21 -DMAX_HISTORY=25 -DNMM_NEST=0 -DWRF_CHEM -DBUILD_CHEM=1 -I. -traditional-cpp -DUSE_NETCDF4_FEATURES -DWRFIO_NCD_LARGE_FILE_SUPPORT   module_cam_mam_addemiss.G  > module_cam_mam_addemiss.bb
/glade/derecho/scratch/yates/NEOM_WRF/wrfv4.6.0/tools/standard.exe module_cam_mam_addemiss.bb | /lib/cpp -P -nostdinc -traditional-cpp -DUSE_NETCDF4_FEATURES -DWRFIO_NCD_LARGE_FILE_SUPPORT > module_cam_mam_addemiss.f90
rm -f module_cam_mam_addemiss.G module_cam_mam_addemiss.bb
time mpif90 -f90=ifort -o module_cam_mam_addemiss.o -c -O3 -ip -fp-model precise -w -ftz -align all -fno-alias -FR -convert big_endian    -I../dyn_em  -I/glade/derecho/scratch/yates/NEOM_WRF/wrfv4.6.0/external/esmf_time_f90  -I/glade/derecho/scratch/yates/NEOM_WRF/wrfv4.6.0/main -I/glade/derecho/scratch/yates/NEOM_WRF/wrfv4.6.0/external/io_netcdf -I/glade/derecho/scratch/yates/NEOM_WRF/wrfv4.6.0/external/io_int -I/glade/derecho/scratch/yates/NEOM_WRF/wrfv4.6.0/frame -I/glade/derecho/scratch/yates/NEOM_WRF/wrfv4.6.0/share -I/glade/derecho/scratch/yates/NEOM_WRF/wrfv4.6.0/phys -I/glade/derecho/scratch/yates/NEOM_WRF/wrfv4.6.0/wrftladj -I/glade/derecho/scratch/yates/NEOM_WRF/wrfv4.6.0/chem -I/glade/derecho/scratch/yates/NEOM_WRF/wrfv4.6.0/inc -I/glade/u/apps/derecho/23.09/spack/opt/spack/netcdf/4.9.2/oneapi/2023.2.1/yzvj/include  -real-size `expr 8 \* 4` -i4  module_cam_mam_addemiss.f90

real	0m1.566s
user	0m1.138s
sys	0m0.395s
rm -f module_sorgam_cloudchem.o
sed -e "s/^\!.*'.*//" -e "s/^ *\!.*'.*//" module_sorgam_cloudchem.F > module_sorgam_cloudchem.G
/lib/cpp -P -nostdinc -I/glade/derecho/scratch/yates/NEOM_WRF/wrfv4.6.0/inc -DEM_CORE=1 -DNMM_CORE=0 -DNMM_MAX_DIM=2600 -DDA_CORE=0 -DWRFPLUS=0 -DIWORDSIZE=4 -DDWORDSIZE=8 -DRWORDSIZE=4 -DLWORDSIZE=4 -DNONSTANDARD_SYSTEM_FUNC  -DWRF_USE_CLM -DUSE_NETCDF4_FEATURES -DWRFIO_NCD_LARGE_FILE_SUPPORT  -DDM_PARALLEL -DNETCDF -DLANDREAD_STUB=1 -DUSE_ALLOCATABLES -Dwrfmodel -DGRIB1 -DINTIO -DKEEP_INT_AROUND -DLIMIT_ARGS -DBUILD_RRTMG_FAST=0 -DBUILD_RRTMK=0 -DBUILD_SBM_FAST=1 -DSHOW_ALL_VARS_USED=0 -DCONFIG_BUF_LEN=65536 -DMAX_DOMAINS_F=21 -DMAX_HISTORY=25 -DNMM_NEST=0 -DWRF_CHEM -DBUILD_CHEM=1 -I. -traditional-cpp -DUSE_NETCDF4_FEATURES -DWRFIO_NCD_LARGE_FILE_SUPPORT   module_sorgam_cloudchem.G  > module_sorgam_cloudchem.bb
/glade/derecho/scratch/yates/NEOM_WRF/wrfv4.6.0/tools/standard.exe module_sorgam_cloudchem.bb | /lib/cpp -P -nostdinc -traditional-cpp -DUSE_NETCDF4_FEATURES -DWRFIO_NCD_LARGE_FILE_SUPPORT > module_sorgam_cloudchem.f90
rm -f module_sorgam_cloudchem.G module_sorgam_cloudchem.bb
time mpif90 -f90=ifort -o module_sorgam_cloudchem.o -c -O3 -ip -fp-model precise -w -ftz -align all -fno-alias -FR -convert big_endian    -I../dyn_em  -I/glade/derecho/scratch/yates/NEOM_WRF/wrfv4.6.0/external/esmf_time_f90  -I/glade/derecho/scratch/yates/NEOM_WRF/wrfv4.6.0/main -I/glade/derecho/scratch/yates/NEOM_WRF/wrfv4.6.0/external/io_netcdf -I/glade/derecho/scratch/yates/NEOM_WRF/wrfv4.6.0/external/io_int -I/glade/derecho/scratch/yates/NEOM_WRF/wrfv4.6.0/frame -I/glade/derecho/scratch/yates/NEOM_WRF/wrfv4.6.0/share -I/glade/derecho/scratch/yates/NEOM_WRF/wrfv4.6.0/phys -I/glade/derecho/scratch/yates/NEOM_WRF/wrfv4.6.0/wrftladj -I/glade/derecho/scratch/yates/NEOM_WRF/wrfv4.6.0/chem -I/glade/derecho/scratch/yates/NEOM_WRF/wrfv4.6.0/inc -I/glade/u/apps/derecho/23.09/spack/opt/spack/netcdf/4.9.2/oneapi/2023.2.1/yzvj/include  -real-size `expr 8 \* 4` -i4  module_sorgam_cloudchem.f90

real	0m1.528s
user	0m1.093s
sys	0m0.402s
rm -f module_sorgam_vbs_cloudchem.o
sed -e "s/^\!.*'.*//" -e "s/^ *\!.*'.*//" module_sorgam_vbs_cloudchem.F > module_sorgam_vbs_cloudchem.G
/lib/cpp -P -nostdinc -I/glade/derecho/scratch/yates/NEOM_WRF/wrfv4.6.0/inc -DEM_CORE=1 -DNMM_CORE=0 -DNMM_MAX_DIM=2600 -DDA_CORE=0 -DWRFPLUS=0 -DIWORDSIZE=4 -DDWORDSIZE=8 -DRWORDSIZE=4 -DLWORDSIZE=4 -DNONSTANDARD_SYSTEM_FUNC  -DWRF_USE_CLM -DUSE_NETCDF4_FEATURES -DWRFIO_NCD_LARGE_FILE_SUPPORT  -DDM_PARALLEL -DNETCDF -DLANDREAD_STUB=1 -DUSE_ALLOCATABLES -Dwrfmodel -DGRIB1 -DINTIO -DKEEP_INT_AROUND -DLIMIT_ARGS -DBUILD_RRTMG_FAST=0 -DBUILD_RRTMK=0 -DBUILD_SBM_FAST=1 -DSHOW_ALL_VARS_USED=0 -DCONFIG_BUF_LEN=65536 -DMAX_DOMAINS_F=21 -DMAX_HISTORY=25 -DNMM_NEST=0 -DWRF_CHEM -DBUILD_CHEM=1 -I. -traditional-cpp -DUSE_NETCDF4_FEATURES -DWRFIO_NCD_LARGE_FILE_SUPPORT   module_sorgam_vbs_cloudchem.G  > module_sorgam_vbs_cloudchem.bb
/glade/derecho/scratch/yates/NEOM_WRF/wrfv4.6.0/tools/standard.exe module_sorgam_vbs_cloudchem.bb | /lib/cpp -P -nostdinc -traditional-cpp -DUSE_NETCDF4_FEATURES -DWRFIO_NCD_LARGE_FILE_SUPPORT > module_sorgam_vbs_cloudchem.f90
rm -f module_sorgam_vbs_cloudchem.G module_sorgam_vbs_cloudchem.bb
time mpif90 -f90=ifort -o module_sorgam_vbs_cloudchem.o -c -O3 -ip -fp-model precise -w -ftz -align all -fno-alias -FR -convert big_endian    -I../dyn_em  -I/glade/derecho/scratch/yates/NEOM_WRF/wrfv4.6.0/external/esmf_time_f90  -I/glade/derecho/scratch/yates/NEOM_WRF/wrfv4.6.0/main -I/glade/derecho/scratch/yates/NEOM_WRF/wrfv4.6.0/external/io_netcdf -I/glade/derecho/scratch/yates/NEOM_WRF/wrfv4.6.0/external/io_int -I/glade/derecho/scratch/yates/NEOM_WRF/wrfv4.6.0/frame -I/glade/derecho/scratch/yates/NEOM_WRF/wrfv4.6.0/share -I/glade/derecho/scratch/yates/NEOM_WRF/wrfv4.6.0/phys -I/glade/derecho/scratch/yates/NEOM_WRF/wrfv4.6.0/wrftladj -I/glade/derecho/scratch/yates/NEOM_WRF/wrfv4.6.0/chem -I/glade/derecho/scratch/yates/NEOM_WRF/wrfv4.6.0/inc -I/glade/u/apps/derecho/23.09/spack/opt/spack/netcdf/4.9.2/oneapi/2023.2.1/yzvj/include  -real-size `expr 8 \* 4` -i4  module_sorgam_vbs_cloudchem.f90

real	0m1.513s
user	0m1.079s
sys	0m0.399s
rm -f mechanism_driver.o
sed -e "s/^\!.*'.*//" -e "s/^ *\!.*'.*//" mechanism_driver.F > mechanism_driver.G
/lib/cpp -P -nostdinc -I/glade/derecho/scratch/yates/NEOM_WRF/wrfv4.6.0/inc -DEM_CORE=1 -DNMM_CORE=0 -DNMM_MAX_DIM=2600 -DDA_CORE=0 -DWRFPLUS=0 -DIWORDSIZE=4 -DDWORDSIZE=8 -DRWORDSIZE=4 -DLWORDSIZE=4 -DNONSTANDARD_SYSTEM_FUNC  -DWRF_USE_CLM -DUSE_NETCDF4_FEATURES -DWRFIO_NCD_LARGE_FILE_SUPPORT  -DDM_PARALLEL -DNETCDF -DLANDREAD_STUB=1 -DUSE_ALLOCATABLES -Dwrfmodel -DGRIB1 -DINTIO -DKEEP_INT_AROUND -DLIMIT_ARGS -DBUILD_RRTMG_FAST=0 -DBUILD_RRTMK=0 -DBUILD_SBM_FAST=1 -DSHOW_ALL_VARS_USED=0 -DCONFIG_BUF_LEN=65536 -DMAX_DOMAINS_F=21 -DMAX_HISTORY=25 -DNMM_NEST=0 -DWRF_CHEM -DBUILD_CHEM=1 -I. -traditional-cpp -DUSE_NETCDF4_FEATURES -DWRFIO_NCD_LARGE_FILE_SUPPORT   mechanism_driver.G  > mechanism_driver.bb
/glade/derecho/scratch/yates/NEOM_WRF/wrfv4.6.0/tools/standard.exe mechanism_driver.bb | /lib/cpp -P -nostdinc -traditional-cpp -DUSE_NETCDF4_FEATURES -DWRFIO_NCD_LARGE_FILE_SUPPORT > mechanism_driver.f90
rm -f mechanism_driver.G mechanism_driver.bb
time mpif90 -f90=ifort -o mechanism_driver.o -c -O3 -ip -fp-model precise -w -ftz -align all -fno-alias -FR -convert big_endian    -I../dyn_em  -I/glade/derecho/scratch/yates/NEOM_WRF/wrfv4.6.0/external/esmf_time_f90  -I/glade/derecho/scratch/yates/NEOM_WRF/wrfv4.6.0/main -I/glade/derecho/scratch/yates/NEOM_WRF/wrfv4.6.0/external/io_netcdf -I/glade/derecho/scratch/yates/NEOM_WRF/wrfv4.6.0/external/io_int -I/glade/derecho/scratch/yates/NEOM_WRF/wrfv4.6.0/frame -I/glade/derecho/scratch/yates/NEOM_WRF/wrfv4.6.0/share -I/glade/derecho/scratch/yates/NEOM_WRF/wrfv4.6.0/phys -I/glade/derecho/scratch/yates/NEOM_WRF/wrfv4.6.0/wrftladj -I/glade/derecho/scratch/yates/NEOM_WRF/wrfv4.6.0/chem -I/glade/derecho/scratch/yates/NEOM_WRF/wrfv4.6.0/inc -I/glade/u/apps/derecho/23.09/spack/opt/spack/netcdf/4.9.2/oneapi/2023.2.1/yzvj/include  -real-size `expr 8 \* 4` -i4  mechanism_driver.f90

real	0m1.199s
user	0m0.834s
sys	0m0.339s
rm -f module_mosaic_box_aerchem.o
sed -e "s/^\!.*'.*//" -e "s/^ *\!.*'.*//" module_mosaic_box_aerchem.F > module_mosaic_box_aerchem.G
/lib/cpp -P -nostdinc -I/glade/derecho/scratch/yates/NEOM_WRF/wrfv4.6.0/inc -DEM_CORE=1 -DNMM_CORE=0 -DNMM_MAX_DIM=2600 -DDA_CORE=0 -DWRFPLUS=0 -DIWORDSIZE=4 -DDWORDSIZE=8 -DRWORDSIZE=4 -DLWORDSIZE=4 -DNONSTANDARD_SYSTEM_FUNC  -DWRF_USE_CLM -DUSE_NETCDF4_FEATURES -DWRFIO_NCD_LARGE_FILE_SUPPORT  -DDM_PARALLEL -DNETCDF -DLANDREAD_STUB=1 -DUSE_ALLOCATABLES -Dwrfmodel -DGRIB1 -DINTIO -DKEEP_INT_AROUND -DLIMIT_ARGS -DBUILD_RRTMG_FAST=0 -DBUILD_RRTMK=0 -DBUILD_SBM_FAST=1 -DSHOW_ALL_VARS_USED=0 -DCONFIG_BUF_LEN=65536 -DMAX_DOMAINS_F=21 -DMAX_HISTORY=25 -DNMM_NEST=0 -DWRF_CHEM -DBUILD_CHEM=1 -I. -traditional-cpp -DUSE_NETCDF4_FEATURES -DWRFIO_NCD_LARGE_FILE_SUPPORT   module_mosaic_box_aerchem.G  > module_mosaic_box_aerchem.bb
/glade/derecho/scratch/yates/NEOM_WRF/wrfv4.6.0/tools/standard.exe module_mosaic_box_aerchem.bb | /lib/cpp -P -nostdinc -traditional-cpp -DUSE_NETCDF4_FEATURES -DWRFIO_NCD_LARGE_FILE_SUPPORT > module_mosaic_box_aerchem.f90
rm -f module_mosaic_box_aerchem.G module_mosaic_box_aerchem.bb
time mpif90 -f90=ifort -o module_mosaic_box_aerchem.o -c -O3 -ip -fp-model precise -w -ftz -align all -fno-alias -FR -convert big_endian    -I../dyn_em  -I/glade/derecho/scratch/yates/NEOM_WRF/wrfv4.6.0/external/esmf_time_f90  -I/glade/derecho/scratch/yates/NEOM_WRF/wrfv4.6.0/main -I/glade/derecho/scratch/yates/NEOM_WRF/wrfv4.6.0/external/io_netcdf -I/glade/derecho/scratch/yates/NEOM_WRF/wrfv4.6.0/external/io_int -I/glade/derecho/scratch/yates/NEOM_WRF/wrfv4.6.0/frame -I/glade/derecho/scratch/yates/NEOM_WRF/wrfv4.6.0/share -I/glade/derecho/scratch/yates/NEOM_WRF/wrfv4.6.0/phys -I/glade/derecho/scratch/yates/NEOM_WRF/wrfv4.6.0/wrftladj -I/glade/derecho/scratch/yates/NEOM_WRF/wrfv4.6.0/chem -I/glade/derecho/scratch/yates/NEOM_WRF/wrfv4.6.0/inc -I/glade/u/apps/derecho/23.09/spack/opt/spack/netcdf/4.9.2/oneapi/2023.2.1/yzvj/include  -real-size `expr 8 \* 4` -i4  module_mosaic_box_aerchem.f90

real	0m1.538s
user	0m1.156s
sys	0m0.357s
rm -f module_input_chem_data.o
sed -e "s/^\!.*'.*//" -e "s/^ *\!.*'.*//" module_input_chem_data.F > module_input_chem_data.G
/lib/cpp -P -nostdinc -I/glade/derecho/scratch/yates/NEOM_WRF/wrfv4.6.0/inc -DEM_CORE=1 -DNMM_CORE=0 -DNMM_MAX_DIM=2600 -DDA_CORE=0 -DWRFPLUS=0 -DIWORDSIZE=4 -DDWORDSIZE=8 -DRWORDSIZE=4 -DLWORDSIZE=4 -DNONSTANDARD_SYSTEM_FUNC  -DWRF_USE_CLM -DUSE_NETCDF4_FEATURES -DWRFIO_NCD_LARGE_FILE_SUPPORT  -DDM_PARALLEL -DNETCDF -DLANDREAD_STUB=1 -DUSE_ALLOCATABLES -Dwrfmodel -DGRIB1 -DINTIO -DKEEP_INT_AROUND -DLIMIT_ARGS -DBUILD_RRTMG_FAST=0 -DBUILD_RRTMK=0 -DBUILD_SBM_FAST=1 -DSHOW_ALL_VARS_USED=0 -DCONFIG_BUF_LEN=65536 -DMAX_DOMAINS_F=21 -DMAX_HISTORY=25 -DNMM_NEST=0 -DWRF_CHEM -DBUILD_CHEM=1 -I. -traditional-cpp -DUSE_NETCDF4_FEATURES -DWRFIO_NCD_LARGE_FILE_SUPPORT   module_input_chem_data.G  > module_input_chem_data.bb
/glade/derecho/scratch/yates/NEOM_WRF/wrfv4.6.0/tools/standard.exe module_input_chem_data.bb | /lib/cpp -P -nostdinc -traditional-cpp -DUSE_NETCDF4_FEATURES -DWRFIO_NCD_LARGE_FILE_SUPPORT > module_input_chem_data.f90
rm -f module_input_chem_data.G module_input_chem_data.bb
time mpif90 -f90=ifort -o module_input_chem_data.o -c -O3 -ip -fp-model precise -w -ftz -align all -fno-alias -FR -convert big_endian    -I../dyn_em  -I/glade/derecho/scratch/yates/NEOM_WRF/wrfv4.6.0/external/esmf_time_f90  -I/glade/derecho/scratch/yates/NEOM_WRF/wrfv4.6.0/main -I/glade/derecho/scratch/yates/NEOM_WRF/wrfv4.6.0/external/io_netcdf -I/glade/derecho/scratch/yates/NEOM_WRF/wrfv4.6.0/external/io_int -I/glade/derecho/scratch/yates/NEOM_WRF/wrfv4.6.0/frame -I/glade/derecho/scratch/yates/NEOM_WRF/wrfv4.6.0/share -I/glade/derecho/scratch/yates/NEOM_WRF/wrfv4.6.0/phys -I/glade/derecho/scratch/yates/NEOM_WRF/wrfv4.6.0/wrftladj -I/glade/derecho/scratch/yates/NEOM_WRF/wrfv4.6.0/chem -I/glade/derecho/scratch/yates/NEOM_WRF/wrfv4.6.0/inc -I/glade/u/apps/derecho/23.09/spack/opt/spack/netcdf/4.9.2/oneapi/2023.2.1/yzvj/include  -real-size `expr 8 \* 4` -i4  module_input_chem_data.f90

real	0m9.554s
user	0m9.013s
sys	0m0.481s
rm -f module_wetscav_driver.o
sed -e "s/^\!.*'.*//" -e "s/^ *\!.*'.*//" module_wetscav_driver.F > module_wetscav_driver.G
/lib/cpp -P -nostdinc -I/glade/derecho/scratch/yates/NEOM_WRF/wrfv4.6.0/inc -DEM_CORE=1 -DNMM_CORE=0 -DNMM_MAX_DIM=2600 -DDA_CORE=0 -DWRFPLUS=0 -DIWORDSIZE=4 -DDWORDSIZE=8 -DRWORDSIZE=4 -DLWORDSIZE=4 -DNONSTANDARD_SYSTEM_FUNC  -DWRF_USE_CLM -DUSE_NETCDF4_FEATURES -DWRFIO_NCD_LARGE_FILE_SUPPORT  -DDM_PARALLEL -DNETCDF -DLANDREAD_STUB=1 -DUSE_ALLOCATABLES -Dwrfmodel -DGRIB1 -DINTIO -DKEEP_INT_AROUND -DLIMIT_ARGS -DBUILD_RRTMG_FAST=0 -DBUILD_RRTMK=0 -DBUILD_SBM_FAST=1 -DSHOW_ALL_VARS_USED=0 -DCONFIG_BUF_LEN=65536 -DMAX_DOMAINS_F=21 -DMAX_HISTORY=25 -DNMM_NEST=0 -DWRF_CHEM -DBUILD_CHEM=1 -I. -traditional-cpp -DUSE_NETCDF4_FEATURES -DWRFIO_NCD_LARGE_FILE_SUPPORT   module_wetscav_driver.G  > module_wetscav_driver.bb
/glade/derecho/scratch/yates/NEOM_WRF/wrfv4.6.0/tools/standard.exe module_wetscav_driver.bb | /lib/cpp -P -nostdinc -traditional-cpp -DUSE_NETCDF4_FEATURES -DWRFIO_NCD_LARGE_FILE_SUPPORT > module_wetscav_driver.f90
rm -f module_wetscav_driver.G module_wetscav_driver.bb
time mpif90 -f90=ifort -o module_wetscav_driver.o -c -O3 -ip -fp-model precise -w -ftz -align all -fno-alias -FR -convert big_endian    -I../dyn_em  -I/glade/derecho/scratch/yates/NEOM_WRF/wrfv4.6.0/external/esmf_time_f90  -I/glade/derecho/scratch/yates/NEOM_WRF/wrfv4.6.0/main -I/glade/derecho/scratch/yates/NEOM_WRF/wrfv4.6.0/external/io_netcdf -I/glade/derecho/scratch/yates/NEOM_WRF/wrfv4.6.0/external/io_int -I/glade/derecho/scratch/yates/NEOM_WRF/wrfv4.6.0/frame -I/glade/derecho/scratch/yates/NEOM_WRF/wrfv4.6.0/share -I/glade/derecho/scratch/yates/NEOM_WRF/wrfv4.6.0/phys -I/glade/derecho/scratch/yates/NEOM_WRF/wrfv4.6.0/wrftladj -I/glade/derecho/scratch/yates/NEOM_WRF/wrfv4.6.0/chem -I/glade/derecho/scratch/yates/NEOM_WRF/wrfv4.6.0/inc -I/glade/u/apps/derecho/23.09/spack/opt/spack/netcdf/4.9.2/oneapi/2023.2.1/yzvj/include  -real-size `expr 8 \* 4` -i4  module_wetscav_driver.f90

real	0m4.286s
user	0m3.503s
sys	0m0.376s
rm -f emissions_driver.o
sed -e "s/^\!.*'.*//" -e "s/^ *\!.*'.*//" emissions_driver.F > emissions_driver.G
/lib/cpp -P -nostdinc -I/glade/derecho/scratch/yates/NEOM_WRF/wrfv4.6.0/inc -DEM_CORE=1 -DNMM_CORE=0 -DNMM_MAX_DIM=2600 -DDA_CORE=0 -DWRFPLUS=0 -DIWORDSIZE=4 -DDWORDSIZE=8 -DRWORDSIZE=4 -DLWORDSIZE=4 -DNONSTANDARD_SYSTEM_FUNC  -DWRF_USE_CLM -DUSE_NETCDF4_FEATURES -DWRFIO_NCD_LARGE_FILE_SUPPORT  -DDM_PARALLEL -DNETCDF -DLANDREAD_STUB=1 -DUSE_ALLOCATABLES -Dwrfmodel -DGRIB1 -DINTIO -DKEEP_INT_AROUND -DLIMIT_ARGS -DBUILD_RRTMG_FAST=0 -DBUILD_RRTMK=0 -DBUILD_SBM_FAST=1 -DSHOW_ALL_VARS_USED=0 -DCONFIG_BUF_LEN=65536 -DMAX_DOMAINS_F=21 -DMAX_HISTORY=25 -DNMM_NEST=0 -DWRF_CHEM -DBUILD_CHEM=1 -I. -traditional-cpp -DUSE_NETCDF4_FEATURES -DWRFIO_NCD_LARGE_FILE_SUPPORT   emissions_driver.G  > emissions_driver.bb
/glade/derecho/scratch/yates/NEOM_WRF/wrfv4.6.0/tools/standard.exe emissions_driver.bb | /lib/cpp -P -nostdinc -traditional-cpp -DUSE_NETCDF4_FEATURES -DWRFIO_NCD_LARGE_FILE_SUPPORT > emissions_driver.f90
rm -f emissions_driver.G emissions_driver.bb
time mpif90 -f90=ifort -o emissions_driver.o -c -O3 -ip -fp-model precise -w -ftz -align all -fno-alias -FR -convert big_endian    -I../dyn_em  -I/glade/derecho/scratch/yates/NEOM_WRF/wrfv4.6.0/external/esmf_time_f90  -I/glade/derecho/scratch/yates/NEOM_WRF/wrfv4.6.0/main -I/glade/derecho/scratch/yates/NEOM_WRF/wrfv4.6.0/external/io_netcdf -I/glade/derecho/scratch/yates/NEOM_WRF/wrfv4.6.0/external/io_int -I/glade/derecho/scratch/yates/NEOM_WRF/wrfv4.6.0/frame -I/glade/derecho/scratch/yates/NEOM_WRF/wrfv4.6.0/share -I/glade/derecho/scratch/yates/NEOM_WRF/wrfv4.6.0/phys -I/glade/derecho/scratch/yates/NEOM_WRF/wrfv4.6.0/wrftladj -I/glade/derecho/scratch/yates/NEOM_WRF/wrfv4.6.0/chem -I/glade/derecho/scratch/yates/NEOM_WRF/wrfv4.6.0/inc -I/glade/u/apps/derecho/23.09/spack/opt/spack/netcdf/4.9.2/oneapi/2023.2.1/yzvj/include  -real-size `expr 8 \* 4` -i4  emissions_driver.f90

real	0m7.702s
user	0m7.169s
sys	0m0.484s
rm -f module_mosaic_aerchem_intr.o
sed -e "s/^\!.*'.*//" -e "s/^ *\!.*'.*//" module_mosaic_aerchem_intr.F > module_mosaic_aerchem_intr.G
/lib/cpp -P -nostdinc -I/glade/derecho/scratch/yates/NEOM_WRF/wrfv4.6.0/inc -DEM_CORE=1 -DNMM_CORE=0 -DNMM_MAX_DIM=2600 -DDA_CORE=0 -DWRFPLUS=0 -DIWORDSIZE=4 -DDWORDSIZE=8 -DRWORDSIZE=4 -DLWORDSIZE=4 -DNONSTANDARD_SYSTEM_FUNC  -DWRF_USE_CLM -DUSE_NETCDF4_FEATURES -DWRFIO_NCD_LARGE_FILE_SUPPORT  -DDM_PARALLEL -DNETCDF -DLANDREAD_STUB=1 -DUSE_ALLOCATABLES -Dwrfmodel -DGRIB1 -DINTIO -DKEEP_INT_AROUND -DLIMIT_ARGS -DBUILD_RRTMG_FAST=0 -DBUILD_RRTMK=0 -DBUILD_SBM_FAST=1 -DSHOW_ALL_VARS_USED=0 -DCONFIG_BUF_LEN=65536 -DMAX_DOMAINS_F=21 -DMAX_HISTORY=25 -DNMM_NEST=0 -DWRF_CHEM -DBUILD_CHEM=1 -I. -traditional-cpp -DUSE_NETCDF4_FEATURES -DWRFIO_NCD_LARGE_FILE_SUPPORT   module_mosaic_aerchem_intr.G  > module_mosaic_aerchem_intr.bb
/glade/derecho/scratch/yates/NEOM_WRF/wrfv4.6.0/tools/standard.exe module_mosaic_aerchem_intr.bb | /lib/cpp -P -nostdinc -traditional-cpp -DUSE_NETCDF4_FEATURES -DWRFIO_NCD_LARGE_FILE_SUPPORT > module_mosaic_aerchem_intr.f90
rm -f module_mosaic_aerchem_intr.G module_mosaic_aerchem_intr.bb
time mpif90 -f90=ifort -o module_mosaic_aerchem_intr.o -c -O3 -ip -fp-model precise -w -ftz -align all -fno-alias -FR -convert big_endian    -I../dyn_em  -I/glade/derecho/scratch/yates/NEOM_WRF/wrfv4.6.0/external/esmf_time_f90  -I/glade/derecho/scratch/yates/NEOM_WRF/wrfv4.6.0/main -I/glade/derecho/scratch/yates/NEOM_WRF/wrfv4.6.0/external/io_netcdf -I/glade/derecho/scratch/yates/NEOM_WRF/wrfv4.6.0/external/io_int -I/glade/derecho/scratch/yates/NEOM_WRF/wrfv4.6.0/frame -I/glade/derecho/scratch/yates/NEOM_WRF/wrfv4.6.0/share -I/glade/derecho/scratch/yates/NEOM_WRF/wrfv4.6.0/phys -I/glade/derecho/scratch/yates/NEOM_WRF/wrfv4.6.0/wrftladj -I/glade/derecho/scratch/yates/NEOM_WRF/wrfv4.6.0/chem -I/glade/derecho/scratch/yates/NEOM_WRF/wrfv4.6.0/inc -I/glade/u/apps/derecho/23.09/spack/opt/spack/netcdf/4.9.2/oneapi/2023.2.1/yzvj/include  -real-size `expr 8 \* 4` -i4  module_mosaic_aerchem_intr.f90

real	0m0.782s
user	0m0.449s
sys	0m0.307s
rm -f module_cbm4_initmixrats.o
sed -e "s/^\!.*'.*//" -e "s/^ *\!.*'.*//" module_cbm4_initmixrats.F > module_cbm4_initmixrats.G
/lib/cpp -P -nostdinc -I/glade/derecho/scratch/yates/NEOM_WRF/wrfv4.6.0/inc -DEM_CORE=1 -DNMM_CORE=0 -DNMM_MAX_DIM=2600 -DDA_CORE=0 -DWRFPLUS=0 -DIWORDSIZE=4 -DDWORDSIZE=8 -DRWORDSIZE=4 -DLWORDSIZE=4 -DNONSTANDARD_SYSTEM_FUNC  -DWRF_USE_CLM -DUSE_NETCDF4_FEATURES -DWRFIO_NCD_LARGE_FILE_SUPPORT  -DDM_PARALLEL -DNETCDF -DLANDREAD_STUB=1 -DUSE_ALLOCATABLES -Dwrfmodel -DGRIB1 -DINTIO -DKEEP_INT_AROUND -DLIMIT_ARGS -DBUILD_RRTMG_FAST=0 -DBUILD_RRTMK=0 -DBUILD_SBM_FAST=1 -DSHOW_ALL_VARS_USED=0 -DCONFIG_BUF_LEN=65536 -DMAX_DOMAINS_F=21 -DMAX_HISTORY=25 -DNMM_NEST=0 -DWRF_CHEM -DBUILD_CHEM=1 -I. -traditional-cpp -DUSE_NETCDF4_FEATURES -DWRFIO_NCD_LARGE_FILE_SUPPORT   module_cbm4_initmixrats.G  > module_cbm4_initmixrats.bb
/glade/derecho/scratch/yates/NEOM_WRF/wrfv4.6.0/tools/standard.exe module_cbm4_initmixrats.bb | /lib/cpp -P -nostdinc -traditional-cpp -DUSE_NETCDF4_FEATURES -DWRFIO_NCD_LARGE_FILE_SUPPORT > module_cbm4_initmixrats.f90
rm -f module_cbm4_initmixrats.G module_cbm4_initmixrats.bb
time mpif90 -f90=ifort -o module_cbm4_initmixrats.o -c -O3 -ip -fp-model precise -w -ftz -align all -fno-alias -FR -convert big_endian    -I../dyn_em  -I/glade/derecho/scratch/yates/NEOM_WRF/wrfv4.6.0/external/esmf_time_f90  -I/glade/derecho/scratch/yates/NEOM_WRF/wrfv4.6.0/main -I/glade/derecho/scratch/yates/NEOM_WRF/wrfv4.6.0/external/io_netcdf -I/glade/derecho/scratch/yates/NEOM_WRF/wrfv4.6.0/external/io_int -I/glade/derecho/scratch/yates/NEOM_WRF/wrfv4.6.0/frame -I/glade/derecho/scratch/yates/NEOM_WRF/wrfv4.6.0/share -I/glade/derecho/scratch/yates/NEOM_WRF/wrfv4.6.0/phys -I/glade/derecho/scratch/yates/NEOM_WRF/wrfv4.6.0/wrftladj -I/glade/derecho/scratch/yates/NEOM_WRF/wrfv4.6.0/chem -I/glade/derecho/scratch/yates/NEOM_WRF/wrfv4.6.0/inc -I/glade/u/apps/derecho/23.09/spack/opt/spack/netcdf/4.9.2/oneapi/2023.2.1/yzvj/include  -real-size `expr 8 \* 4` -i4  module_cbm4_initmixrats.f90

real	0m1.576s
user	0m1.068s
sys	0m0.457s
rm -f module_cb05_initmixrats.o
sed -e "s/^\!.*'.*//" -e "s/^ *\!.*'.*//" module_cb05_initmixrats.F > module_cb05_initmixrats.G
/lib/cpp -P -nostdinc -I/glade/derecho/scratch/yates/NEOM_WRF/wrfv4.6.0/inc -DEM_CORE=1 -DNMM_CORE=0 -DNMM_MAX_DIM=2600 -DDA_CORE=0 -DWRFPLUS=0 -DIWORDSIZE=4 -DDWORDSIZE=8 -DRWORDSIZE=4 -DLWORDSIZE=4 -DNONSTANDARD_SYSTEM_FUNC  -DWRF_USE_CLM -DUSE_NETCDF4_FEATURES -DWRFIO_NCD_LARGE_FILE_SUPPORT  -DDM_PARALLEL -DNETCDF -DLANDREAD_STUB=1 -DUSE_ALLOCATABLES -Dwrfmodel -DGRIB1 -DINTIO -DKEEP_INT_AROUND -DLIMIT_ARGS -DBUILD_RRTMG_FAST=0 -DBUILD_RRTMK=0 -DBUILD_SBM_FAST=1 -DSHOW_ALL_VARS_USED=0 -DCONFIG_BUF_LEN=65536 -DMAX_DOMAINS_F=21 -DMAX_HISTORY=25 -DNMM_NEST=0 -DWRF_CHEM -DBUILD_CHEM=1 -I. -traditional-cpp -DUSE_NETCDF4_FEATURES -DWRFIO_NCD_LARGE_FILE_SUPPORT   module_cb05_initmixrats.G  > module_cb05_initmixrats.bb
/glade/derecho/scratch/yates/NEOM_WRF/wrfv4.6.0/tools/standard.exe module_cb05_initmixrats.bb | /lib/cpp -P -nostdinc -traditional-cpp -DUSE_NETCDF4_FEATURES -DWRFIO_NCD_LARGE_FILE_SUPPORT > module_cb05_initmixrats.f90
rm -f module_cb05_initmixrats.G module_cb05_initmixrats.bb
time mpif90 -f90=ifort -o module_cb05_initmixrats.o -c -O3 -ip -fp-model precise -w -ftz -align all -fno-alias -FR -convert big_endian    -I../dyn_em  -I/glade/derecho/scratch/yates/NEOM_WRF/wrfv4.6.0/external/esmf_time_f90  -I/glade/derecho/scratch/yates/NEOM_WRF/wrfv4.6.0/main -I/glade/derecho/scratch/yates/NEOM_WRF/wrfv4.6.0/external/io_netcdf -I/glade/derecho/scratch/yates/NEOM_WRF/wrfv4.6.0/external/io_int -I/glade/derecho/scratch/yates/NEOM_WRF/wrfv4.6.0/frame -I/glade/derecho/scratch/yates/NEOM_WRF/wrfv4.6.0/share -I/glade/derecho/scratch/yates/NEOM_WRF/wrfv4.6.0/phys -I/glade/derecho/scratch/yates/NEOM_WRF/wrfv4.6.0/wrftladj -I/glade/derecho/scratch/yates/NEOM_WRF/wrfv4.6.0/chem -I/glade/derecho/scratch/yates/NEOM_WRF/wrfv4.6.0/inc -I/glade/u/apps/derecho/23.09/spack/opt/spack/netcdf/4.9.2/oneapi/2023.2.1/yzvj/include  -real-size `expr 8 \* 4` -i4  module_cb05_initmixrats.f90

real	0m0.592s
user	0m0.227s
sys	0m0.336s
rm -f module_cb05_vbs_initmixrats.o
sed -e "s/^\!.*'.*//" -e "s/^ *\!.*'.*//" module_cb05_vbs_initmixrats.F > module_cb05_vbs_initmixrats.G
/lib/cpp -P -nostdinc -I/glade/derecho/scratch/yates/NEOM_WRF/wrfv4.6.0/inc -DEM_CORE=1 -DNMM_CORE=0 -DNMM_MAX_DIM=2600 -DDA_CORE=0 -DWRFPLUS=0 -DIWORDSIZE=4 -DDWORDSIZE=8 -DRWORDSIZE=4 -DLWORDSIZE=4 -DNONSTANDARD_SYSTEM_FUNC  -DWRF_USE_CLM -DUSE_NETCDF4_FEATURES -DWRFIO_NCD_LARGE_FILE_SUPPORT  -DDM_PARALLEL -DNETCDF -DLANDREAD_STUB=1 -DUSE_ALLOCATABLES -Dwrfmodel -DGRIB1 -DINTIO -DKEEP_INT_AROUND -DLIMIT_ARGS -DBUILD_RRTMG_FAST=0 -DBUILD_RRTMK=0 -DBUILD_SBM_FAST=1 -DSHOW_ALL_VARS_USED=0 -DCONFIG_BUF_LEN=65536 -DMAX_DOMAINS_F=21 -DMAX_HISTORY=25 -DNMM_NEST=0 -DWRF_CHEM -DBUILD_CHEM=1 -I. -traditional-cpp -DUSE_NETCDF4_FEATURES -DWRFIO_NCD_LARGE_FILE_SUPPORT   module_cb05_vbs_initmixrats.G  > module_cb05_vbs_initmixrats.bb
/glade/derecho/scratch/yates/NEOM_WRF/wrfv4.6.0/tools/standard.exe module_cb05_vbs_initmixrats.bb | /lib/cpp -P -nostdinc -traditional-cpp -DUSE_NETCDF4_FEATURES -DWRFIO_NCD_LARGE_FILE_SUPPORT > module_cb05_vbs_initmixrats.f90
rm -f module_cb05_vbs_initmixrats.G module_cb05_vbs_initmixrats.bb
time mpif90 -f90=ifort -o module_cb05_vbs_initmixrats.o -c -O3 -ip -fp-model precise -w -ftz -align all -fno-alias -FR -convert big_endian    -I../dyn_em  -I/glade/derecho/scratch/yates/NEOM_WRF/wrfv4.6.0/external/esmf_time_f90  -I/glade/derecho/scratch/yates/NEOM_WRF/wrfv4.6.0/main -I/glade/derecho/scratch/yates/NEOM_WRF/wrfv4.6.0/external/io_netcdf -I/glade/derecho/scratch/yates/NEOM_WRF/wrfv4.6.0/external/io_int -I/glade/derecho/scratch/yates/NEOM_WRF/wrfv4.6.0/frame -I/glade/derecho/scratch/yates/NEOM_WRF/wrfv4.6.0/share -I/glade/derecho/scratch/yates/NEOM_WRF/wrfv4.6.0/phys -I/glade/derecho/scratch/yates/NEOM_WRF/wrfv4.6.0/wrftladj -I/glade/derecho/scratch/yates/NEOM_WRF/wrfv4.6.0/chem -I/glade/derecho/scratch/yates/NEOM_WRF/wrfv4.6.0/inc -I/glade/u/apps/derecho/23.09/spack/opt/spack/netcdf/4.9.2/oneapi/2023.2.1/yzvj/include  -real-size `expr 8 \* 4` -i4  module_cb05_vbs_initmixrats.f90

real	0m0.598s
user	0m0.194s
sys	0m0.373s
rm -f module_cbmz_initmixrats.o
sed -e "s/^\!.*'.*//" -e "s/^ *\!.*'.*//" module_cbmz_initmixrats.F > module_cbmz_initmixrats.G
/lib/cpp -P -nostdinc -I/glade/derecho/scratch/yates/NEOM_WRF/wrfv4.6.0/inc -DEM_CORE=1 -DNMM_CORE=0 -DNMM_MAX_DIM=2600 -DDA_CORE=0 -DWRFPLUS=0 -DIWORDSIZE=4 -DDWORDSIZE=8 -DRWORDSIZE=4 -DLWORDSIZE=4 -DNONSTANDARD_SYSTEM_FUNC  -DWRF_USE_CLM -DUSE_NETCDF4_FEATURES -DWRFIO_NCD_LARGE_FILE_SUPPORT  -DDM_PARALLEL -DNETCDF -DLANDREAD_STUB=1 -DUSE_ALLOCATABLES -Dwrfmodel -DGRIB1 -DINTIO -DKEEP_INT_AROUND -DLIMIT_ARGS -DBUILD_RRTMG_FAST=0 -DBUILD_RRTMK=0 -DBUILD_SBM_FAST=1 -DSHOW_ALL_VARS_USED=0 -DCONFIG_BUF_LEN=65536 -DMAX_DOMAINS_F=21 -DMAX_HISTORY=25 -DNMM_NEST=0 -DWRF_CHEM -DBUILD_CHEM=1 -I. -traditional-cpp -DUSE_NETCDF4_FEATURES -DWRFIO_NCD_LARGE_FILE_SUPPORT   module_cbmz_initmixrats.G  > module_cbmz_initmixrats.bb
/glade/derecho/scratch/yates/NEOM_WRF/wrfv4.6.0/tools/standard.exe module_cbmz_initmixrats.bb | /lib/cpp -P -nostdinc -traditional-cpp -DUSE_NETCDF4_FEATURES -DWRFIO_NCD_LARGE_FILE_SUPPORT > module_cbmz_initmixrats.f90
rm -f module_cbmz_initmixrats.G module_cbmz_initmixrats.bb
time mpif90 -f90=ifort -o module_cbmz_initmixrats.o -c -O3 -ip -fp-model precise -w -ftz -align all -fno-alias -FR -convert big_endian    -I../dyn_em  -I/glade/derecho/scratch/yates/NEOM_WRF/wrfv4.6.0/external/esmf_time_f90  -I/glade/derecho/scratch/yates/NEOM_WRF/wrfv4.6.0/main -I/glade/derecho/scratch/yates/NEOM_WRF/wrfv4.6.0/external/io_netcdf -I/glade/derecho/scratch/yates/NEOM_WRF/wrfv4.6.0/external/io_int -I/glade/derecho/scratch/yates/NEOM_WRF/wrfv4.6.0/frame -I/glade/derecho/scratch/yates/NEOM_WRF/wrfv4.6.0/share -I/glade/derecho/scratch/yates/NEOM_WRF/wrfv4.6.0/phys -I/glade/derecho/scratch/yates/NEOM_WRF/wrfv4.6.0/wrftladj -I/glade/derecho/scratch/yates/NEOM_WRF/wrfv4.6.0/chem -I/glade/derecho/scratch/yates/NEOM_WRF/wrfv4.6.0/inc -I/glade/u/apps/derecho/23.09/spack/opt/spack/netcdf/4.9.2/oneapi/2023.2.1/yzvj/include  -real-size `expr 8 \* 4` -i4  module_cbmz_initmixrats.f90

real	0m1.564s
user	0m1.076s
sys	0m0.449s
rm -f module_ctrans_grell.o
sed -e "s/^\!.*'.*//" -e "s/^ *\!.*'.*//" module_ctrans_grell.F > module_ctrans_grell.G
/lib/cpp -P -nostdinc -I/glade/derecho/scratch/yates/NEOM_WRF/wrfv4.6.0/inc -DEM_CORE=1 -DNMM_CORE=0 -DNMM_MAX_DIM=2600 -DDA_CORE=0 -DWRFPLUS=0 -DIWORDSIZE=4 -DDWORDSIZE=8 -DRWORDSIZE=4 -DLWORDSIZE=4 -DNONSTANDARD_SYSTEM_FUNC  -DWRF_USE_CLM -DUSE_NETCDF4_FEATURES -DWRFIO_NCD_LARGE_FILE_SUPPORT  -DDM_PARALLEL -DNETCDF -DLANDREAD_STUB=1 -DUSE_ALLOCATABLES -Dwrfmodel -DGRIB1 -DINTIO -DKEEP_INT_AROUND -DLIMIT_ARGS -DBUILD_RRTMG_FAST=0 -DBUILD_RRTMK=0 -DBUILD_SBM_FAST=1 -DSHOW_ALL_VARS_USED=0 -DCONFIG_BUF_LEN=65536 -DMAX_DOMAINS_F=21 -DMAX_HISTORY=25 -DNMM_NEST=0 -DWRF_CHEM -DBUILD_CHEM=1 -I. -traditional-cpp -DUSE_NETCDF4_FEATURES -DWRFIO_NCD_LARGE_FILE_SUPPORT   module_ctrans_grell.G  > module_ctrans_grell.bb
/glade/derecho/scratch/yates/NEOM_WRF/wrfv4.6.0/tools/standard.exe module_ctrans_grell.bb | /lib/cpp -P -nostdinc -traditional-cpp -DUSE_NETCDF4_FEATURES -DWRFIO_NCD_LARGE_FILE_SUPPORT > module_ctrans_grell.f90
rm -f module_ctrans_grell.G module_ctrans_grell.bb
time mpif90 -f90=ifort -o module_ctrans_grell.o -c -O3 -ip -fp-model precise -w -ftz -align all -fno-alias -FR -convert big_endian    -I../dyn_em  -I/glade/derecho/scratch/yates/NEOM_WRF/wrfv4.6.0/external/esmf_time_f90  -I/glade/derecho/scratch/yates/NEOM_WRF/wrfv4.6.0/main -I/glade/derecho/scratch/yates/NEOM_WRF/wrfv4.6.0/external/io_netcdf -I/glade/derecho/scratch/yates/NEOM_WRF/wrfv4.6.0/external/io_int -I/glade/derecho/scratch/yates/NEOM_WRF/wrfv4.6.0/frame -I/glade/derecho/scratch/yates/NEOM_WRF/wrfv4.6.0/share -I/glade/derecho/scratch/yates/NEOM_WRF/wrfv4.6.0/phys -I/glade/derecho/scratch/yates/NEOM_WRF/wrfv4.6.0/wrftladj -I/glade/derecho/scratch/yates/NEOM_WRF/wrfv4.6.0/chem -I/glade/derecho/scratch/yates/NEOM_WRF/wrfv4.6.0/inc -I/glade/u/apps/derecho/23.09/spack/opt/spack/netcdf/4.9.2/oneapi/2023.2.1/yzvj/include  -real-size `expr 8 \* 4` -i4  module_ctrans_grell.f90

real	0m12.119s
user	0m11.453s
sys	0m0.608s
rm -f module_input_tracer.o
sed -e "s/^\!.*'.*//" -e "s/^ *\!.*'.*//" module_input_tracer.F > module_input_tracer.G
/lib/cpp -P -nostdinc -I/glade/derecho/scratch/yates/NEOM_WRF/wrfv4.6.0/inc -DEM_CORE=1 -DNMM_CORE=0 -DNMM_MAX_DIM=2600 -DDA_CORE=0 -DWRFPLUS=0 -DIWORDSIZE=4 -DDWORDSIZE=8 -DRWORDSIZE=4 -DLWORDSIZE=4 -DNONSTANDARD_SYSTEM_FUNC  -DWRF_USE_CLM -DUSE_NETCDF4_FEATURES -DWRFIO_NCD_LARGE_FILE_SUPPORT  -DDM_PARALLEL -DNETCDF -DLANDREAD_STUB=1 -DUSE_ALLOCATABLES -Dwrfmodel -DGRIB1 -DINTIO -DKEEP_INT_AROUND -DLIMIT_ARGS -DBUILD_RRTMG_FAST=0 -DBUILD_RRTMK=0 -DBUILD_SBM_FAST=1 -DSHOW_ALL_VARS_USED=0 -DCONFIG_BUF_LEN=65536 -DMAX_DOMAINS_F=21 -DMAX_HISTORY=25 -DNMM_NEST=0 -DWRF_CHEM -DBUILD_CHEM=1 -I. -traditional-cpp -DUSE_NETCDF4_FEATURES -DWRFIO_NCD_LARGE_FILE_SUPPORT   module_input_tracer.G  > module_input_tracer.bb
/glade/derecho/scratch/yates/NEOM_WRF/wrfv4.6.0/tools/standard.exe module_input_tracer.bb | /lib/cpp -P -nostdinc -traditional-cpp -DUSE_NETCDF4_FEATURES -DWRFIO_NCD_LARGE_FILE_SUPPORT > module_input_tracer.f90
rm -f module_input_tracer.G module_input_tracer.bb
time mpif90 -f90=ifort -o module_input_tracer.o -c -O3 -ip -fp-model precise -w -ftz -align all -fno-alias -FR -convert big_endian    -I../dyn_em  -I/glade/derecho/scratch/yates/NEOM_WRF/wrfv4.6.0/external/esmf_time_f90  -I/glade/derecho/scratch/yates/NEOM_WRF/wrfv4.6.0/main -I/glade/derecho/scratch/yates/NEOM_WRF/wrfv4.6.0/external/io_netcdf -I/glade/derecho/scratch/yates/NEOM_WRF/wrfv4.6.0/external/io_int -I/glade/derecho/scratch/yates/NEOM_WRF/wrfv4.6.0/frame -I/glade/derecho/scratch/yates/NEOM_WRF/wrfv4.6.0/share -I/glade/derecho/scratch/yates/NEOM_WRF/wrfv4.6.0/phys -I/glade/derecho/scratch/yates/NEOM_WRF/wrfv4.6.0/wrftladj -I/glade/derecho/scratch/yates/NEOM_WRF/wrfv4.6.0/chem -I/glade/derecho/scratch/yates/NEOM_WRF/wrfv4.6.0/inc -I/glade/u/apps/derecho/23.09/spack/opt/spack/netcdf/4.9.2/oneapi/2023.2.1/yzvj/include  -real-size `expr 8 \* 4` -i4  module_input_tracer.f90

real	0m0.832s
user	0m0.474s
sys	0m0.317s
rm -f module_mosaic_aerdynam_intr.o
sed -e "s/^\!.*'.*//" -e "s/^ *\!.*'.*//" module_mosaic_aerdynam_intr.F > module_mosaic_aerdynam_intr.G
/lib/cpp -P -nostdinc -I/glade/derecho/scratch/yates/NEOM_WRF/wrfv4.6.0/inc -DEM_CORE=1 -DNMM_CORE=0 -DNMM_MAX_DIM=2600 -DDA_CORE=0 -DWRFPLUS=0 -DIWORDSIZE=4 -DDWORDSIZE=8 -DRWORDSIZE=4 -DLWORDSIZE=4 -DNONSTANDARD_SYSTEM_FUNC  -DWRF_USE_CLM -DUSE_NETCDF4_FEATURES -DWRFIO_NCD_LARGE_FILE_SUPPORT  -DDM_PARALLEL -DNETCDF -DLANDREAD_STUB=1 -DUSE_ALLOCATABLES -Dwrfmodel -DGRIB1 -DINTIO -DKEEP_INT_AROUND -DLIMIT_ARGS -DBUILD_RRTMG_FAST=0 -DBUILD_RRTMK=0 -DBUILD_SBM_FAST=1 -DSHOW_ALL_VARS_USED=0 -DCONFIG_BUF_LEN=65536 -DMAX_DOMAINS_F=21 -DMAX_HISTORY=25 -DNMM_NEST=0 -DWRF_CHEM -DBUILD_CHEM=1 -I. -traditional-cpp -DUSE_NETCDF4_FEATURES -DWRFIO_NCD_LARGE_FILE_SUPPORT   module_mosaic_aerdynam_intr.G  > module_mosaic_aerdynam_intr.bb
/glade/derecho/scratch/yates/NEOM_WRF/wrfv4.6.0/tools/standard.exe module_mosaic_aerdynam_intr.bb | /lib/cpp -P -nostdinc -traditional-cpp -DUSE_NETCDF4_FEATURES -DWRFIO_NCD_LARGE_FILE_SUPPORT > module_mosaic_aerdynam_intr.f90
rm -f module_mosaic_aerdynam_intr.G module_mosaic_aerdynam_intr.bb
time mpif90 -f90=ifort -o module_mosaic_aerdynam_intr.o -c -O3 -ip -fp-model precise -w -ftz -align all -fno-alias -FR -convert big_endian    -I../dyn_em  -I/glade/derecho/scratch/yates/NEOM_WRF/wrfv4.6.0/external/esmf_time_f90  -I/glade/derecho/scratch/yates/NEOM_WRF/wrfv4.6.0/main -I/glade/derecho/scratch/yates/NEOM_WRF/wrfv4.6.0/external/io_netcdf -I/glade/derecho/scratch/yates/NEOM_WRF/wrfv4.6.0/external/io_int -I/glade/derecho/scratch/yates/NEOM_WRF/wrfv4.6.0/frame -I/glade/derecho/scratch/yates/NEOM_WRF/wrfv4.6.0/share -I/glade/derecho/scratch/yates/NEOM_WRF/wrfv4.6.0/phys -I/glade/derecho/scratch/yates/NEOM_WRF/wrfv4.6.0/wrftladj -I/glade/derecho/scratch/yates/NEOM_WRF/wrfv4.6.0/chem -I/glade/derecho/scratch/yates/NEOM_WRF/wrfv4.6.0/inc -I/glade/u/apps/derecho/23.09/spack/opt/spack/netcdf/4.9.2/oneapi/2023.2.1/yzvj/include  -real-size `expr 8 \* 4` -i4  module_mosaic_aerdynam_intr.f90

real	0m0.570s
user	0m0.176s
sys	0m0.314s
rm -f module_mosaic2_driver.o
sed -e "s/^\!.*'.*//" -e "s/^ *\!.*'.*//" module_mosaic2_driver.F > module_mosaic2_driver.G
/lib/cpp -P -nostdinc -I/glade/derecho/scratch/yates/NEOM_WRF/wrfv4.6.0/inc -DEM_CORE=1 -DNMM_CORE=0 -DNMM_MAX_DIM=2600 -DDA_CORE=0 -DWRFPLUS=0 -DIWORDSIZE=4 -DDWORDSIZE=8 -DRWORDSIZE=4 -DLWORDSIZE=4 -DNONSTANDARD_SYSTEM_FUNC  -DWRF_USE_CLM -DUSE_NETCDF4_FEATURES -DWRFIO_NCD_LARGE_FILE_SUPPORT  -DDM_PARALLEL -DNETCDF -DLANDREAD_STUB=1 -DUSE_ALLOCATABLES -Dwrfmodel -DGRIB1 -DINTIO -DKEEP_INT_AROUND -DLIMIT_ARGS -DBUILD_RRTMG_FAST=0 -DBUILD_RRTMK=0 -DBUILD_SBM_FAST=1 -DSHOW_ALL_VARS_USED=0 -DCONFIG_BUF_LEN=65536 -DMAX_DOMAINS_F=21 -DMAX_HISTORY=25 -DNMM_NEST=0 -DWRF_CHEM -DBUILD_CHEM=1 -I. -traditional-cpp -DUSE_NETCDF4_FEATURES -DWRFIO_NCD_LARGE_FILE_SUPPORT   module_mosaic2_driver.G  > module_mosaic2_driver.bb
/glade/derecho/scratch/yates/NEOM_WRF/wrfv4.6.0/tools/standard.exe module_mosaic2_driver.bb | /lib/cpp -P -nostdinc -traditional-cpp -DUSE_NETCDF4_FEATURES -DWRFIO_NCD_LARGE_FILE_SUPPORT > module_mosaic2_driver.f90
rm -f module_mosaic2_driver.G module_mosaic2_driver.bb
time mpif90 -f90=ifort -o module_mosaic2_driver.o -c -O3 -ip -fp-model precise -w -ftz -align all -fno-alias -FR -convert big_endian    -I../dyn_em  -I/glade/derecho/scratch/yates/NEOM_WRF/wrfv4.6.0/external/esmf_time_f90  -I/glade/derecho/scratch/yates/NEOM_WRF/wrfv4.6.0/main -I/glade/derecho/scratch/yates/NEOM_WRF/wrfv4.6.0/external/io_netcdf -I/glade/derecho/scratch/yates/NEOM_WRF/wrfv4.6.0/external/io_int -I/glade/derecho/scratch/yates/NEOM_WRF/wrfv4.6.0/frame -I/glade/derecho/scratch/yates/NEOM_WRF/wrfv4.6.0/share -I/glade/derecho/scratch/yates/NEOM_WRF/wrfv4.6.0/phys -I/glade/derecho/scratch/yates/NEOM_WRF/wrfv4.6.0/wrftladj -I/glade/derecho/scratch/yates/NEOM_WRF/wrfv4.6.0/chem -I/glade/derecho/scratch/yates/NEOM_WRF/wrfv4.6.0/inc -I/glade/u/apps/derecho/23.09/spack/opt/spack/netcdf/4.9.2/oneapi/2023.2.1/yzvj/include  -real-size `expr 8 \* 4` -i4  module_mosaic2_driver.f90

real	0m8.899s
user	0m8.438s
sys	0m0.399s

real	0m5.688s
user	0m5.074s
sys	0m0.518s
rm -f module_mosaic_driver.o
sed -e "s/^\!.*'.*//" -e "s/^ *\!.*'.*//" module_mosaic_driver.F > module_mosaic_driver.G
/lib/cpp -P -nostdinc -I/glade/derecho/scratch/yates/NEOM_WRF/wrfv4.6.0/inc -DEM_CORE=1 -DNMM_CORE=0 -DNMM_MAX_DIM=2600 -DDA_CORE=0 -DWRFPLUS=0 -DIWORDSIZE=4 -DDWORDSIZE=8 -DRWORDSIZE=4 -DLWORDSIZE=4 -DNONSTANDARD_SYSTEM_FUNC  -DWRF_USE_CLM -DUSE_NETCDF4_FEATURES -DWRFIO_NCD_LARGE_FILE_SUPPORT  -DDM_PARALLEL -DNETCDF -DLANDREAD_STUB=1 -DUSE_ALLOCATABLES -Dwrfmodel -DGRIB1 -DINTIO -DKEEP_INT_AROUND -DLIMIT_ARGS -DBUILD_RRTMG_FAST=0 -DBUILD_RRTMK=0 -DBUILD_SBM_FAST=1 -DSHOW_ALL_VARS_USED=0 -DCONFIG_BUF_LEN=65536 -DMAX_DOMAINS_F=21 -DMAX_HISTORY=25 -DNMM_NEST=0 -DWRF_CHEM -DBUILD_CHEM=1 -I. -traditional-cpp -DUSE_NETCDF4_FEATURES -DWRFIO_NCD_LARGE_FILE_SUPPORT   module_mosaic_driver.G  > module_mosaic_driver.bb
/glade/derecho/scratch/yates/NEOM_WRF/wrfv4.6.0/tools/standard.exe module_mosaic_driver.bb | /lib/cpp -P -nostdinc -traditional-cpp -DUSE_NETCDF4_FEATURES -DWRFIO_NCD_LARGE_FILE_SUPPORT > module_mosaic_driver.f90
rm -f module_mosaic_driver.G module_mosaic_driver.bb
time mpif90 -f90=ifort -o module_mosaic_driver.o -c -O3 -ip -fp-model precise -w -ftz -align all -fno-alias -FR -convert big_endian    -I../dyn_em  -I/glade/derecho/scratch/yates/NEOM_WRF/wrfv4.6.0/external/esmf_time_f90  -I/glade/derecho/scratch/yates/NEOM_WRF/wrfv4.6.0/main -I/glade/derecho/scratch/yates/NEOM_WRF/wrfv4.6.0/external/io_netcdf -I/glade/derecho/scratch/yates/NEOM_WRF/wrfv4.6.0/external/io_int -I/glade/derecho/scratch/yates/NEOM_WRF/wrfv4.6.0/frame -I/glade/derecho/scratch/yates/NEOM_WRF/wrfv4.6.0/share -I/glade/derecho/scratch/yates/NEOM_WRF/wrfv4.6.0/phys -I/glade/derecho/scratch/yates/NEOM_WRF/wrfv4.6.0/wrftladj -I/glade/derecho/scratch/yates/NEOM_WRF/wrfv4.6.0/chem -I/glade/derecho/scratch/yates/NEOM_WRF/wrfv4.6.0/inc -I/glade/u/apps/derecho/23.09/spack/opt/spack/netcdf/4.9.2/oneapi/2023.2.1/yzvj/include  -real-size `expr 8 \* 4` -i4  module_mosaic_driver.f90

real	0m38.668s
user	0m38.076s
sys	0m0.561s
rm -f module_mosaic_drydep.o
rm -f module_mosaic_cloudchem.o
sed -e "s/^\!.*'.*//" -e "s/^ *\!.*'.*//" module_mosaic_drydep.F > module_mosaic_drydep.G
sed -e "s/^\!.*'.*//" -e "s/^ *\!.*'.*//" module_mosaic_cloudchem.F > module_mosaic_cloudchem.G
/lib/cpp -P -nostdinc -I/glade/derecho/scratch/yates/NEOM_WRF/wrfv4.6.0/inc -DEM_CORE=1 -DNMM_CORE=0 -DNMM_MAX_DIM=2600 -DDA_CORE=0 -DWRFPLUS=0 -DIWORDSIZE=4 -DDWORDSIZE=8 -DRWORDSIZE=4 -DLWORDSIZE=4 -DNONSTANDARD_SYSTEM_FUNC  -DWRF_USE_CLM -DUSE_NETCDF4_FEATURES -DWRFIO_NCD_LARGE_FILE_SUPPORT  -DDM_PARALLEL -DNETCDF -DLANDREAD_STUB=1 -DUSE_ALLOCATABLES -Dwrfmodel -DGRIB1 -DINTIO -DKEEP_INT_AROUND -DLIMIT_ARGS -DBUILD_RRTMG_FAST=0 -DBUILD_RRTMK=0 -DBUILD_SBM_FAST=1 -DSHOW_ALL_VARS_USED=0 -DCONFIG_BUF_LEN=65536 -DMAX_DOMAINS_F=21 -DMAX_HISTORY=25 -DNMM_NEST=0 -DWRF_CHEM -DBUILD_CHEM=1 -I. -traditional-cpp -DUSE_NETCDF4_FEATURES -DWRFIO_NCD_LARGE_FILE_SUPPORT   module_mosaic_cloudchem.G  > module_mosaic_cloudchem.bb
/lib/cpp -P -nostdinc -I/glade/derecho/scratch/yates/NEOM_WRF/wrfv4.6.0/inc -DEM_CORE=1 -DNMM_CORE=0 -DNMM_MAX_DIM=2600 -DDA_CORE=0 -DWRFPLUS=0 -DIWORDSIZE=4 -DDWORDSIZE=8 -DRWORDSIZE=4 -DLWORDSIZE=4 -DNONSTANDARD_SYSTEM_FUNC  -DWRF_USE_CLM -DUSE_NETCDF4_FEATURES -DWRFIO_NCD_LARGE_FILE_SUPPORT  -DDM_PARALLEL -DNETCDF -DLANDREAD_STUB=1 -DUSE_ALLOCATABLES -Dwrfmodel -DGRIB1 -DINTIO -DKEEP_INT_AROUND -DLIMIT_ARGS -DBUILD_RRTMG_FAST=0 -DBUILD_RRTMK=0 -DBUILD_SBM_FAST=1 -DSHOW_ALL_VARS_USED=0 -DCONFIG_BUF_LEN=65536 -DMAX_DOMAINS_F=21 -DMAX_HISTORY=25 -DNMM_NEST=0 -DWRF_CHEM -DBUILD_CHEM=1 -I. -traditional-cpp -DUSE_NETCDF4_FEATURES -DWRFIO_NCD_LARGE_FILE_SUPPORT   module_mosaic_drydep.G  > module_mosaic_drydep.bb
/glade/derecho/scratch/yates/NEOM_WRF/wrfv4.6.0/tools/standard.exe module_mosaic_cloudchem.bb | /lib/cpp -P -nostdinc -traditional-cpp -DUSE_NETCDF4_FEATURES -DWRFIO_NCD_LARGE_FILE_SUPPORT > module_mosaic_cloudchem.f90
/glade/derecho/scratch/yates/NEOM_WRF/wrfv4.6.0/tools/standard.exe module_mosaic_drydep.bb | /lib/cpp -P -nostdinc -traditional-cpp -DUSE_NETCDF4_FEATURES -DWRFIO_NCD_LARGE_FILE_SUPPORT > module_mosaic_drydep.f90
rm -f module_mosaic_drydep.G module_mosaic_drydep.bb
rm -f module_mosaic_cloudchem.G module_mosaic_cloudchem.bb
time mpif90 -f90=ifort -o module_mosaic_drydep.o -c -O3 -ip -fp-model precise -w -ftz -align all -fno-alias -FR -convert big_endian    -I../dyn_em  -I/glade/derecho/scratch/yates/NEOM_WRF/wrfv4.6.0/external/esmf_time_f90  -I/glade/derecho/scratch/yates/NEOM_WRF/wrfv4.6.0/main -I/glade/derecho/scratch/yates/NEOM_WRF/wrfv4.6.0/external/io_netcdf -I/glade/derecho/scratch/yates/NEOM_WRF/wrfv4.6.0/external/io_int -I/glade/derecho/scratch/yates/NEOM_WRF/wrfv4.6.0/frame -I/glade/derecho/scratch/yates/NEOM_WRF/wrfv4.6.0/share -I/glade/derecho/scratch/yates/NEOM_WRF/wrfv4.6.0/phys -I/glade/derecho/scratch/yates/NEOM_WRF/wrfv4.6.0/wrftladj -I/glade/derecho/scratch/yates/NEOM_WRF/wrfv4.6.0/chem -I/glade/derecho/scratch/yates/NEOM_WRF/wrfv4.6.0/inc -I/glade/u/apps/derecho/23.09/spack/opt/spack/netcdf/4.9.2/oneapi/2023.2.1/yzvj/include  -real-size `expr 8 \* 4` -i4  module_mosaic_drydep.f90
time mpif90 -f90=ifort -o module_mosaic_cloudchem.o -c -O3 -ip -fp-model precise -w -ftz -align all -fno-alias -FR -convert big_endian    -I../dyn_em  -I/glade/derecho/scratch/yates/NEOM_WRF/wrfv4.6.0/external/esmf_time_f90  -I/glade/derecho/scratch/yates/NEOM_WRF/wrfv4.6.0/main -I/glade/derecho/scratch/yates/NEOM_WRF/wrfv4.6.0/external/io_netcdf -I/glade/derecho/scratch/yates/NEOM_WRF/wrfv4.6.0/external/io_int -I/glade/derecho/scratch/yates/NEOM_WRF/wrfv4.6.0/frame -I/glade/derecho/scratch/yates/NEOM_WRF/wrfv4.6.0/share -I/glade/derecho/scratch/yates/NEOM_WRF/wrfv4.6.0/phys -I/glade/derecho/scratch/yates/NEOM_WRF/wrfv4.6.0/wrftladj -I/glade/derecho/scratch/yates/NEOM_WRF/wrfv4.6.0/chem -I/glade/derecho/scratch/yates/NEOM_WRF/wrfv4.6.0/inc -I/glade/u/apps/derecho/23.09/spack/opt/spack/netcdf/4.9.2/oneapi/2023.2.1/yzvj/include  -real-size `expr 8 \* 4` -i4  module_mosaic_cloudchem.f90

real	0m0.716s
user	0m0.276s
sys	0m0.323s
rm -f module_phot_fastj.o
sed -e "s/^\!.*'.*//" -e "s/^ *\!.*'.*//" module_phot_fastj.F > module_phot_fastj.G
/lib/cpp -P -nostdinc -I/glade/derecho/scratch/yates/NEOM_WRF/wrfv4.6.0/inc -DEM_CORE=1 -DNMM_CORE=0 -DNMM_MAX_DIM=2600 -DDA_CORE=0 -DWRFPLUS=0 -DIWORDSIZE=4 -DDWORDSIZE=8 -DRWORDSIZE=4 -DLWORDSIZE=4 -DNONSTANDARD_SYSTEM_FUNC  -DWRF_USE_CLM -DUSE_NETCDF4_FEATURES -DWRFIO_NCD_LARGE_FILE_SUPPORT  -DDM_PARALLEL -DNETCDF -DLANDREAD_STUB=1 -DUSE_ALLOCATABLES -Dwrfmodel -DGRIB1 -DINTIO -DKEEP_INT_AROUND -DLIMIT_ARGS -DBUILD_RRTMG_FAST=0 -DBUILD_RRTMK=0 -DBUILD_SBM_FAST=1 -DSHOW_ALL_VARS_USED=0 -DCONFIG_BUF_LEN=65536 -DMAX_DOMAINS_F=21 -DMAX_HISTORY=25 -DNMM_NEST=0 -DWRF_CHEM -DBUILD_CHEM=1 -I. -traditional-cpp -DUSE_NETCDF4_FEATURES -DWRFIO_NCD_LARGE_FILE_SUPPORT   module_phot_fastj.G  > module_phot_fastj.bb
/glade/derecho/scratch/yates/NEOM_WRF/wrfv4.6.0/tools/standard.exe module_phot_fastj.bb | /lib/cpp -P -nostdinc -traditional-cpp -DUSE_NETCDF4_FEATURES -DWRFIO_NCD_LARGE_FILE_SUPPORT > module_phot_fastj.f90
rm -f module_phot_fastj.G module_phot_fastj.bb
time mpif90 -f90=ifort -o module_phot_fastj.o -c -O3 -ip -fp-model precise -w -ftz -align all -fno-alias -FR -convert big_endian    -I../dyn_em  -I/glade/derecho/scratch/yates/NEOM_WRF/wrfv4.6.0/external/esmf_time_f90  -I/glade/derecho/scratch/yates/NEOM_WRF/wrfv4.6.0/main -I/glade/derecho/scratch/yates/NEOM_WRF/wrfv4.6.0/external/io_netcdf -I/glade/derecho/scratch/yates/NEOM_WRF/wrfv4.6.0/external/io_int -I/glade/derecho/scratch/yates/NEOM_WRF/wrfv4.6.0/frame -I/glade/derecho/scratch/yates/NEOM_WRF/wrfv4.6.0/share -I/glade/derecho/scratch/yates/NEOM_WRF/wrfv4.6.0/phys -I/glade/derecho/scratch/yates/NEOM_WRF/wrfv4.6.0/wrftladj -I/glade/derecho/scratch/yates/NEOM_WRF/wrfv4.6.0/chem -I/glade/derecho/scratch/yates/NEOM_WRF/wrfv4.6.0/inc -I/glade/u/apps/derecho/23.09/spack/opt/spack/netcdf/4.9.2/oneapi/2023.2.1/yzvj/include  -real-size `expr 8 \* 4` -i4  module_phot_fastj.f90

real	0m1.352s
user	0m0.889s
sys	0m0.350s
rm -f chemics_init.o
sed -e "s/^\!.*'.*//" -e "s/^ *\!.*'.*//" chemics_init.F > chemics_init.G
/lib/cpp -P -nostdinc -I/glade/derecho/scratch/yates/NEOM_WRF/wrfv4.6.0/inc -DEM_CORE=1 -DNMM_CORE=0 -DNMM_MAX_DIM=2600 -DDA_CORE=0 -DWRFPLUS=0 -DIWORDSIZE=4 -DDWORDSIZE=8 -DRWORDSIZE=4 -DLWORDSIZE=4 -DNONSTANDARD_SYSTEM_FUNC  -DWRF_USE_CLM -DUSE_NETCDF4_FEATURES -DWRFIO_NCD_LARGE_FILE_SUPPORT  -DDM_PARALLEL -DNETCDF -DLANDREAD_STUB=1 -DUSE_ALLOCATABLES -Dwrfmodel -DGRIB1 -DINTIO -DKEEP_INT_AROUND -DLIMIT_ARGS -DBUILD_RRTMG_FAST=0 -DBUILD_RRTMK=0 -DBUILD_SBM_FAST=1 -DSHOW_ALL_VARS_USED=0 -DCONFIG_BUF_LEN=65536 -DMAX_DOMAINS_F=21 -DMAX_HISTORY=25 -DNMM_NEST=0 -DWRF_CHEM -DBUILD_CHEM=1 -I. -traditional-cpp -DUSE_NETCDF4_FEATURES -DWRFIO_NCD_LARGE_FILE_SUPPORT   chemics_init.G  > chemics_init.bb
/glade/derecho/scratch/yates/NEOM_WRF/wrfv4.6.0/tools/standard.exe chemics_init.bb | /lib/cpp -P -nostdinc -traditional-cpp -DUSE_NETCDF4_FEATURES -DWRFIO_NCD_LARGE_FILE_SUPPORT > chemics_init.f90
rm -f chemics_init.G chemics_init.bb
time mpif90 -f90=ifort -o chemics_init.o -c -O3 -ip -fp-model precise -w -ftz -align all -fno-alias -FR -convert big_endian    -I../dyn_em  -I/glade/derecho/scratch/yates/NEOM_WRF/wrfv4.6.0/external/esmf_time_f90  -I/glade/derecho/scratch/yates/NEOM_WRF/wrfv4.6.0/main -I/glade/derecho/scratch/yates/NEOM_WRF/wrfv4.6.0/external/io_netcdf -I/glade/derecho/scratch/yates/NEOM_WRF/wrfv4.6.0/external/io_int -I/glade/derecho/scratch/yates/NEOM_WRF/wrfv4.6.0/frame -I/glade/derecho/scratch/yates/NEOM_WRF/wrfv4.6.0/share -I/glade/derecho/scratch/yates/NEOM_WRF/wrfv4.6.0/phys -I/glade/derecho/scratch/yates/NEOM_WRF/wrfv4.6.0/wrftladj -I/glade/derecho/scratch/yates/NEOM_WRF/wrfv4.6.0/chem -I/glade/derecho/scratch/yates/NEOM_WRF/wrfv4.6.0/inc -I/glade/u/apps/derecho/23.09/spack/opt/spack/netcdf/4.9.2/oneapi/2023.2.1/yzvj/include  -real-size `expr 8 \* 4` -i4  chemics_init.f90

real	0m4.039s
user	0m3.619s
sys	0m0.378s
rm -f cloudchem_driver.o
sed -e "s/^\!.*'.*//" -e "s/^ *\!.*'.*//" cloudchem_driver.F > cloudchem_driver.G
/lib/cpp -P -nostdinc -I/glade/derecho/scratch/yates/NEOM_WRF/wrfv4.6.0/inc -DEM_CORE=1 -DNMM_CORE=0 -DNMM_MAX_DIM=2600 -DDA_CORE=0 -DWRFPLUS=0 -DIWORDSIZE=4 -DDWORDSIZE=8 -DRWORDSIZE=4 -DLWORDSIZE=4 -DNONSTANDARD_SYSTEM_FUNC  -DWRF_USE_CLM -DUSE_NETCDF4_FEATURES -DWRFIO_NCD_LARGE_FILE_SUPPORT  -DDM_PARALLEL -DNETCDF -DLANDREAD_STUB=1 -DUSE_ALLOCATABLES -Dwrfmodel -DGRIB1 -DINTIO -DKEEP_INT_AROUND -DLIMIT_ARGS -DBUILD_RRTMG_FAST=0 -DBUILD_RRTMK=0 -DBUILD_SBM_FAST=1 -DSHOW_ALL_VARS_USED=0 -DCONFIG_BUF_LEN=65536 -DMAX_DOMAINS_F=21 -DMAX_HISTORY=25 -DNMM_NEST=0 -DWRF_CHEM -DBUILD_CHEM=1 -I. -traditional-cpp -DUSE_NETCDF4_FEATURES -DWRFIO_NCD_LARGE_FILE_SUPPORT   cloudchem_driver.G  > cloudchem_driver.bb
/glade/derecho/scratch/yates/NEOM_WRF/wrfv4.6.0/tools/standard.exe cloudchem_driver.bb | /lib/cpp -P -nostdinc -traditional-cpp -DUSE_NETCDF4_FEATURES -DWRFIO_NCD_LARGE_FILE_SUPPORT > cloudchem_driver.f90
rm -f cloudchem_driver.G cloudchem_driver.bb
time mpif90 -f90=ifort -o cloudchem_driver.o -c -O3 -ip -fp-model precise -w -ftz -align all -fno-alias -FR -convert big_endian    -I../dyn_em  -I/glade/derecho/scratch/yates/NEOM_WRF/wrfv4.6.0/external/esmf_time_f90  -I/glade/derecho/scratch/yates/NEOM_WRF/wrfv4.6.0/main -I/glade/derecho/scratch/yates/NEOM_WRF/wrfv4.6.0/external/io_netcdf -I/glade/derecho/scratch/yates/NEOM_WRF/wrfv4.6.0/external/io_int -I/glade/derecho/scratch/yates/NEOM_WRF/wrfv4.6.0/frame -I/glade/derecho/scratch/yates/NEOM_WRF/wrfv4.6.0/share -I/glade/derecho/scratch/yates/NEOM_WRF/wrfv4.6.0/phys -I/glade/derecho/scratch/yates/NEOM_WRF/wrfv4.6.0/wrftladj -I/glade/derecho/scratch/yates/NEOM_WRF/wrfv4.6.0/chem -I/glade/derecho/scratch/yates/NEOM_WRF/wrfv4.6.0/inc -I/glade/u/apps/derecho/23.09/spack/opt/spack/netcdf/4.9.2/oneapi/2023.2.1/yzvj/include  -real-size `expr 8 \* 4` -i4  cloudchem_driver.f90

real	0m0.634s
user	0m0.262s
sys	0m0.342s
rm -f photolysis_driver.o
sed -e "s/^\!.*'.*//" -e "s/^ *\!.*'.*//" photolysis_driver.F > photolysis_driver.G
/lib/cpp -P -nostdinc -I/glade/derecho/scratch/yates/NEOM_WRF/wrfv4.6.0/inc -DEM_CORE=1 -DNMM_CORE=0 -DNMM_MAX_DIM=2600 -DDA_CORE=0 -DWRFPLUS=0 -DIWORDSIZE=4 -DDWORDSIZE=8 -DRWORDSIZE=4 -DLWORDSIZE=4 -DNONSTANDARD_SYSTEM_FUNC  -DWRF_USE_CLM -DUSE_NETCDF4_FEATURES -DWRFIO_NCD_LARGE_FILE_SUPPORT  -DDM_PARALLEL -DNETCDF -DLANDREAD_STUB=1 -DUSE_ALLOCATABLES -Dwrfmodel -DGRIB1 -DINTIO -DKEEP_INT_AROUND -DLIMIT_ARGS -DBUILD_RRTMG_FAST=0 -DBUILD_RRTMK=0 -DBUILD_SBM_FAST=1 -DSHOW_ALL_VARS_USED=0 -DCONFIG_BUF_LEN=65536 -DMAX_DOMAINS_F=21 -DMAX_HISTORY=25 -DNMM_NEST=0 -DWRF_CHEM -DBUILD_CHEM=1 -I. -traditional-cpp -DUSE_NETCDF4_FEATURES -DWRFIO_NCD_LARGE_FILE_SUPPORT   photolysis_driver.G  > photolysis_driver.bb
/glade/derecho/scratch/yates/NEOM_WRF/wrfv4.6.0/tools/standard.exe photolysis_driver.bb | /lib/cpp -P -nostdinc -traditional-cpp -DUSE_NETCDF4_FEATURES -DWRFIO_NCD_LARGE_FILE_SUPPORT > photolysis_driver.f90
rm -f photolysis_driver.G photolysis_driver.bb
time mpif90 -f90=ifort -o photolysis_driver.o -c -O3 -ip -fp-model precise -w -ftz -align all -fno-alias -FR -convert big_endian    -I../dyn_em  -I/glade/derecho/scratch/yates/NEOM_WRF/wrfv4.6.0/external/esmf_time_f90  -I/glade/derecho/scratch/yates/NEOM_WRF/wrfv4.6.0/main -I/glade/derecho/scratch/yates/NEOM_WRF/wrfv4.6.0/external/io_netcdf -I/glade/derecho/scratch/yates/NEOM_WRF/wrfv4.6.0/external/io_int -I/glade/derecho/scratch/yates/NEOM_WRF/wrfv4.6.0/frame -I/glade/derecho/scratch/yates/NEOM_WRF/wrfv4.6.0/share -I/glade/derecho/scratch/yates/NEOM_WRF/wrfv4.6.0/phys -I/glade/derecho/scratch/yates/NEOM_WRF/wrfv4.6.0/wrftladj -I/glade/derecho/scratch/yates/NEOM_WRF/wrfv4.6.0/chem -I/glade/derecho/scratch/yates/NEOM_WRF/wrfv4.6.0/inc -I/glade/u/apps/derecho/23.09/spack/opt/spack/netcdf/4.9.2/oneapi/2023.2.1/yzvj/include  -real-size `expr 8 \* 4` -i4  photolysis_driver.f90

real	0m0.612s
user	0m0.229s
sys	0m0.354s
rm -f aerosol_driver.o
sed -e "s/^\!.*'.*//" -e "s/^ *\!.*'.*//" aerosol_driver.F > aerosol_driver.G
/lib/cpp -P -nostdinc -I/glade/derecho/scratch/yates/NEOM_WRF/wrfv4.6.0/inc -DEM_CORE=1 -DNMM_CORE=0 -DNMM_MAX_DIM=2600 -DDA_CORE=0 -DWRFPLUS=0 -DIWORDSIZE=4 -DDWORDSIZE=8 -DRWORDSIZE=4 -DLWORDSIZE=4 -DNONSTANDARD_SYSTEM_FUNC  -DWRF_USE_CLM -DUSE_NETCDF4_FEATURES -DWRFIO_NCD_LARGE_FILE_SUPPORT  -DDM_PARALLEL -DNETCDF -DLANDREAD_STUB=1 -DUSE_ALLOCATABLES -Dwrfmodel -DGRIB1 -DINTIO -DKEEP_INT_AROUND -DLIMIT_ARGS -DBUILD_RRTMG_FAST=0 -DBUILD_RRTMK=0 -DBUILD_SBM_FAST=1 -DSHOW_ALL_VARS_USED=0 -DCONFIG_BUF_LEN=65536 -DMAX_DOMAINS_F=21 -DMAX_HISTORY=25 -DNMM_NEST=0 -DWRF_CHEM -DBUILD_CHEM=1 -I. -traditional-cpp -DUSE_NETCDF4_FEATURES -DWRFIO_NCD_LARGE_FILE_SUPPORT   aerosol_driver.G  > aerosol_driver.bb
/glade/derecho/scratch/yates/NEOM_WRF/wrfv4.6.0/tools/standard.exe aerosol_driver.bb | /lib/cpp -P -nostdinc -traditional-cpp -DUSE_NETCDF4_FEATURES -DWRFIO_NCD_LARGE_FILE_SUPPORT > aerosol_driver.f90
rm -f aerosol_driver.G aerosol_driver.bb
time mpif90 -f90=ifort -o aerosol_driver.o -c -O3 -ip -fp-model precise -w -ftz -align all -fno-alias -FR -convert big_endian    -I../dyn_em  -I/glade/derecho/scratch/yates/NEOM_WRF/wrfv4.6.0/external/esmf_time_f90  -I/glade/derecho/scratch/yates/NEOM_WRF/wrfv4.6.0/main -I/glade/derecho/scratch/yates/NEOM_WRF/wrfv4.6.0/external/io_netcdf -I/glade/derecho/scratch/yates/NEOM_WRF/wrfv4.6.0/external/io_int -I/glade/derecho/scratch/yates/NEOM_WRF/wrfv4.6.0/frame -I/glade/derecho/scratch/yates/NEOM_WRF/wrfv4.6.0/share -I/glade/derecho/scratch/yates/NEOM_WRF/wrfv4.6.0/phys -I/glade/derecho/scratch/yates/NEOM_WRF/wrfv4.6.0/wrftladj -I/glade/derecho/scratch/yates/NEOM_WRF/wrfv4.6.0/chem -I/glade/derecho/scratch/yates/NEOM_WRF/wrfv4.6.0/inc -I/glade/u/apps/derecho/23.09/spack/opt/spack/netcdf/4.9.2/oneapi/2023.2.1/yzvj/include  -real-size `expr 8 \* 4` -i4  aerosol_driver.f90

real	0m0.995s
user	0m0.593s
sys	0m0.370s
rm -f module_aer_drydep.o
sed -e "s/^\!.*'.*//" -e "s/^ *\!.*'.*//" module_aer_drydep.F > module_aer_drydep.G
/lib/cpp -P -nostdinc -I/glade/derecho/scratch/yates/NEOM_WRF/wrfv4.6.0/inc -DEM_CORE=1 -DNMM_CORE=0 -DNMM_MAX_DIM=2600 -DDA_CORE=0 -DWRFPLUS=0 -DIWORDSIZE=4 -DDWORDSIZE=8 -DRWORDSIZE=4 -DLWORDSIZE=4 -DNONSTANDARD_SYSTEM_FUNC  -DWRF_USE_CLM -DUSE_NETCDF4_FEATURES -DWRFIO_NCD_LARGE_FILE_SUPPORT  -DDM_PARALLEL -DNETCDF -DLANDREAD_STUB=1 -DUSE_ALLOCATABLES -Dwrfmodel -DGRIB1 -DINTIO -DKEEP_INT_AROUND -DLIMIT_ARGS -DBUILD_RRTMG_FAST=0 -DBUILD_RRTMK=0 -DBUILD_SBM_FAST=1 -DSHOW_ALL_VARS_USED=0 -DCONFIG_BUF_LEN=65536 -DMAX_DOMAINS_F=21 -DMAX_HISTORY=25 -DNMM_NEST=0 -DWRF_CHEM -DBUILD_CHEM=1 -I. -traditional-cpp -DUSE_NETCDF4_FEATURES -DWRFIO_NCD_LARGE_FILE_SUPPORT   module_aer_drydep.G  > module_aer_drydep.bb
/glade/derecho/scratch/yates/NEOM_WRF/wrfv4.6.0/tools/standard.exe module_aer_drydep.bb | /lib/cpp -P -nostdinc -traditional-cpp -DUSE_NETCDF4_FEATURES -DWRFIO_NCD_LARGE_FILE_SUPPORT > module_aer_drydep.f90
rm -f module_aer_drydep.G module_aer_drydep.bb
time mpif90 -f90=ifort -o module_aer_drydep.o -c -O3 -ip -fp-model precise -w -ftz -align all -fno-alias -FR -convert big_endian    -I../dyn_em  -I/glade/derecho/scratch/yates/NEOM_WRF/wrfv4.6.0/external/esmf_time_f90  -I/glade/derecho/scratch/yates/NEOM_WRF/wrfv4.6.0/main -I/glade/derecho/scratch/yates/NEOM_WRF/wrfv4.6.0/external/io_netcdf -I/glade/derecho/scratch/yates/NEOM_WRF/wrfv4.6.0/external/io_int -I/glade/derecho/scratch/yates/NEOM_WRF/wrfv4.6.0/frame -I/glade/derecho/scratch/yates/NEOM_WRF/wrfv4.6.0/share -I/glade/derecho/scratch/yates/NEOM_WRF/wrfv4.6.0/phys -I/glade/derecho/scratch/yates/NEOM_WRF/wrfv4.6.0/wrftladj -I/glade/derecho/scratch/yates/NEOM_WRF/wrfv4.6.0/chem -I/glade/derecho/scratch/yates/NEOM_WRF/wrfv4.6.0/inc -I/glade/u/apps/derecho/23.09/spack/opt/spack/netcdf/4.9.2/oneapi/2023.2.1/yzvj/include  -real-size `expr 8 \* 4` -i4  module_aer_drydep.f90

real	0m2.593s
user	0m2.107s
sys	0m0.445s
rm -f module_chem_cup.o
sed -e "s/^\!.*'.*//" -e "s/^ *\!.*'.*//" module_chem_cup.F > module_chem_cup.G
/lib/cpp -P -nostdinc -I/glade/derecho/scratch/yates/NEOM_WRF/wrfv4.6.0/inc -DEM_CORE=1 -DNMM_CORE=0 -DNMM_MAX_DIM=2600 -DDA_CORE=0 -DWRFPLUS=0 -DIWORDSIZE=4 -DDWORDSIZE=8 -DRWORDSIZE=4 -DLWORDSIZE=4 -DNONSTANDARD_SYSTEM_FUNC  -DWRF_USE_CLM -DUSE_NETCDF4_FEATURES -DWRFIO_NCD_LARGE_FILE_SUPPORT  -DDM_PARALLEL -DNETCDF -DLANDREAD_STUB=1 -DUSE_ALLOCATABLES -Dwrfmodel -DGRIB1 -DINTIO -DKEEP_INT_AROUND -DLIMIT_ARGS -DBUILD_RRTMG_FAST=0 -DBUILD_RRTMK=0 -DBUILD_SBM_FAST=1 -DSHOW_ALL_VARS_USED=0 -DCONFIG_BUF_LEN=65536 -DMAX_DOMAINS_F=21 -DMAX_HISTORY=25 -DNMM_NEST=0 -DWRF_CHEM -DBUILD_CHEM=1 -I. -traditional-cpp -DUSE_NETCDF4_FEATURES -DWRFIO_NCD_LARGE_FILE_SUPPORT   module_chem_cup.G  > module_chem_cup.bb
/glade/derecho/scratch/yates/NEOM_WRF/wrfv4.6.0/tools/standard.exe module_chem_cup.bb | /lib/cpp -P -nostdinc -traditional-cpp -DUSE_NETCDF4_FEATURES -DWRFIO_NCD_LARGE_FILE_SUPPORT > module_chem_cup.f90
rm -f module_chem_cup.G module_chem_cup.bb
time mpif90 -f90=ifort -o module_chem_cup.o -c -O3 -ip -fp-model precise -w -ftz -align all -fno-alias -FR -convert big_endian    -I../dyn_em  -I/glade/derecho/scratch/yates/NEOM_WRF/wrfv4.6.0/external/esmf_time_f90  -I/glade/derecho/scratch/yates/NEOM_WRF/wrfv4.6.0/main -I/glade/derecho/scratch/yates/NEOM_WRF/wrfv4.6.0/external/io_netcdf -I/glade/derecho/scratch/yates/NEOM_WRF/wrfv4.6.0/external/io_int -I/glade/derecho/scratch/yates/NEOM_WRF/wrfv4.6.0/frame -I/glade/derecho/scratch/yates/NEOM_WRF/wrfv4.6.0/share -I/glade/derecho/scratch/yates/NEOM_WRF/wrfv4.6.0/phys -I/glade/derecho/scratch/yates/NEOM_WRF/wrfv4.6.0/wrftladj -I/glade/derecho/scratch/yates/NEOM_WRF/wrfv4.6.0/chem -I/glade/derecho/scratch/yates/NEOM_WRF/wrfv4.6.0/inc -I/glade/u/apps/derecho/23.09/spack/opt/spack/netcdf/4.9.2/oneapi/2023.2.1/yzvj/include  -real-size `expr 8 \* 4` -i4  module_chem_cup.f90

real	0m8.523s
user	0m7.961s
sys	0m0.518s
rm -f dry_dep_driver.o
sed -e "s/^\!.*'.*//" -e "s/^ *\!.*'.*//" dry_dep_driver.F > dry_dep_driver.G
/lib/cpp -P -nostdinc -I/glade/derecho/scratch/yates/NEOM_WRF/wrfv4.6.0/inc -DEM_CORE=1 -DNMM_CORE=0 -DNMM_MAX_DIM=2600 -DDA_CORE=0 -DWRFPLUS=0 -DIWORDSIZE=4 -DDWORDSIZE=8 -DRWORDSIZE=4 -DLWORDSIZE=4 -DNONSTANDARD_SYSTEM_FUNC  -DWRF_USE_CLM -DUSE_NETCDF4_FEATURES -DWRFIO_NCD_LARGE_FILE_SUPPORT  -DDM_PARALLEL -DNETCDF -DLANDREAD_STUB=1 -DUSE_ALLOCATABLES -Dwrfmodel -DGRIB1 -DINTIO -DKEEP_INT_AROUND -DLIMIT_ARGS -DBUILD_RRTMG_FAST=0 -DBUILD_RRTMK=0 -DBUILD_SBM_FAST=1 -DSHOW_ALL_VARS_USED=0 -DCONFIG_BUF_LEN=65536 -DMAX_DOMAINS_F=21 -DMAX_HISTORY=25 -DNMM_NEST=0 -DWRF_CHEM -DBUILD_CHEM=1 -I. -traditional-cpp -DUSE_NETCDF4_FEATURES -DWRFIO_NCD_LARGE_FILE_SUPPORT   dry_dep_driver.G  > dry_dep_driver.bb
/glade/derecho/scratch/yates/NEOM_WRF/wrfv4.6.0/tools/standard.exe dry_dep_driver.bb | /lib/cpp -P -nostdinc -traditional-cpp -DUSE_NETCDF4_FEATURES -DWRFIO_NCD_LARGE_FILE_SUPPORT > dry_dep_driver.f90
rm -f dry_dep_driver.G dry_dep_driver.bb
time mpif90 -f90=ifort -o dry_dep_driver.o -c -O3 -ip -fp-model precise -w -ftz -align all -fno-alias -FR -convert big_endian    -I../dyn_em  -I/glade/derecho/scratch/yates/NEOM_WRF/wrfv4.6.0/external/esmf_time_f90  -I/glade/derecho/scratch/yates/NEOM_WRF/wrfv4.6.0/main -I/glade/derecho/scratch/yates/NEOM_WRF/wrfv4.6.0/external/io_netcdf -I/glade/derecho/scratch/yates/NEOM_WRF/wrfv4.6.0/external/io_int -I/glade/derecho/scratch/yates/NEOM_WRF/wrfv4.6.0/frame -I/glade/derecho/scratch/yates/NEOM_WRF/wrfv4.6.0/share -I/glade/derecho/scratch/yates/NEOM_WRF/wrfv4.6.0/phys -I/glade/derecho/scratch/yates/NEOM_WRF/wrfv4.6.0/wrftladj -I/glade/derecho/scratch/yates/NEOM_WRF/wrfv4.6.0/chem -I/glade/derecho/scratch/yates/NEOM_WRF/wrfv4.6.0/inc -I/glade/u/apps/derecho/23.09/spack/opt/spack/netcdf/4.9.2/oneapi/2023.2.1/yzvj/include  -real-size `expr 8 \* 4` -i4  dry_dep_driver.f90

real	0m37.210s
user	0m36.504s
sys	0m0.653s
rm -f chem_driver.o
sed -e "s/^\!.*'.*//" -e "s/^ *\!.*'.*//" chem_driver.F > chem_driver.G
/lib/cpp -P -nostdinc -I/glade/derecho/scratch/yates/NEOM_WRF/wrfv4.6.0/inc -DEM_CORE=1 -DNMM_CORE=0 -DNMM_MAX_DIM=2600 -DDA_CORE=0 -DWRFPLUS=0 -DIWORDSIZE=4 -DDWORDSIZE=8 -DRWORDSIZE=4 -DLWORDSIZE=4 -DNONSTANDARD_SYSTEM_FUNC  -DWRF_USE_CLM -DUSE_NETCDF4_FEATURES -DWRFIO_NCD_LARGE_FILE_SUPPORT  -DDM_PARALLEL -DNETCDF -DLANDREAD_STUB=1 -DUSE_ALLOCATABLES -Dwrfmodel -DGRIB1 -DINTIO -DKEEP_INT_AROUND -DLIMIT_ARGS -DBUILD_RRTMG_FAST=0 -DBUILD_RRTMK=0 -DBUILD_SBM_FAST=1 -DSHOW_ALL_VARS_USED=0 -DCONFIG_BUF_LEN=65536 -DMAX_DOMAINS_F=21 -DMAX_HISTORY=25 -DNMM_NEST=0 -DWRF_CHEM -DBUILD_CHEM=1 -I. -traditional-cpp -DUSE_NETCDF4_FEATURES -DWRFIO_NCD_LARGE_FILE_SUPPORT   chem_driver.G  > chem_driver.bb
/glade/derecho/scratch/yates/NEOM_WRF/wrfv4.6.0/tools/standard.exe chem_driver.bb | /lib/cpp -P -nostdinc -traditional-cpp -DUSE_NETCDF4_FEATURES -DWRFIO_NCD_LARGE_FILE_SUPPORT > chem_driver.f90
rm -f chem_driver.G chem_driver.bb
time mpif90 -f90=ifort -o chem_driver.o -c -O3 -ip -fp-model precise -w -ftz -align all -fno-alias -FR -convert big_endian    -I../dyn_em  -I/glade/derecho/scratch/yates/NEOM_WRF/wrfv4.6.0/external/esmf_time_f90  -I/glade/derecho/scratch/yates/NEOM_WRF/wrfv4.6.0/main -I/glade/derecho/scratch/yates/NEOM_WRF/wrfv4.6.0/external/io_netcdf -I/glade/derecho/scratch/yates/NEOM_WRF/wrfv4.6.0/external/io_int -I/glade/derecho/scratch/yates/NEOM_WRF/wrfv4.6.0/frame -I/glade/derecho/scratch/yates/NEOM_WRF/wrfv4.6.0/share -I/glade/derecho/scratch/yates/NEOM_WRF/wrfv4.6.0/phys -I/glade/derecho/scratch/yates/NEOM_WRF/wrfv4.6.0/wrftladj -I/glade/derecho/scratch/yates/NEOM_WRF/wrfv4.6.0/chem -I/glade/derecho/scratch/yates/NEOM_WRF/wrfv4.6.0/inc -I/glade/u/apps/derecho/23.09/spack/opt/spack/netcdf/4.9.2/oneapi/2023.2.1/yzvj/include  -real-size `expr 8 \* 4` -i4  chem_driver.f90

real	0m12.670s
user	0m11.773s
sys	0m0.843s

real	1m21.069s
user	1m19.872s
sys	0m1.112s
ar ru ../main/libwrflib.a module_data_isrpia_data.o module_data_ISRPIA.o module_data_isrpia_asrc.o module_data_isrpia_solut.o module_data_isrpia_kmc198.o module_data_isrpia_kmc223.o module_data_isrpia_kmc248.o module_data_isrpia_kmc273.o module_data_isrpia_kmc298.o module_data_isrpia_kmc323.o module_data_isrpia_expnc.o module_data_isrpia_caseg.o module_data_isrpia_casej.o isofwd.o isorev.o isocom.o moduleHETDATA.o moduleHETAERO.o moduleAERODATA.o aerorate_so2.o module_aer_opt_out.o module_add_emiss_burn.o module_add_emis_cptec.o module_bioemi_beis314.o module_chem_utilities.o module_cmu_dvode_solver.o module_data_cbmz.o module_data_cmu_bulkaqchem.o module_data_gocartchem.o module_data_gocart_seas.o module_data_mosaic_kind.o module_data_mosaic_constants.o module_data_mosaic_aero.o module_data_mosaic_main.o module_data_mosaic_asect.o module_data_mosaic_asecthp.o module_data_mosaic_boxmod.o module_data_mosaic_other.o module_data_mosaic_therm.o module_data_radm2.o module_data_rrtmgaeropt.o module_data_megan2.o module_data_soa_vbs.o module_data_soa_vbs_het.o module_data_sorgam.o module_data_sorgam_vbs.o module_ftuv_subs.o module_ghg_fluxes.o module_gocart_drydep.o module_gocart_settling.o module_gocart_so2so4.o module_input_tracer_data.o module_interpolate.o module_mosaic_csuesat.o module_mozcart_wetscav.o module_peg_util.o module_tropopause.o module_upper_bc_driver.o module_vertmx_wrf.o module_wave_data.o module_wetdep_ls.o module_zero_plumegen_coms.o module_vash_settling.o module_chem_plumerise_scalar.o module_dep_simple.o module_gocart_dmsemis.o module_gocart_aerosols.o module_gocart_dust.o module_gocart_dust_afwa.o module_gocart_seasalt.o module_uoc_dust.o module_qf03.o module_soilpsd.o module_dust_load.o module_uoc_dustwd.o module_data_uoc_wd.o module_mosaic_addemiss.o module_mosaic_initmixrats.o module_mosaic_support.o module_mosaic_init_aerpar.o module_mosaic_ext.o module_mosaic_astem.o module_mosaic_lsode.o module_mosaic_box_aerchem.o module_mosaic_aerchem_intr.o module_mosaic_coag1d.o module_mosaic_coag3d.o module_mosaic_movesect1d.o module_mosaic_movesect3d.o module_mosaic_newnucb.o module_mosaic_sect_intr.o module_mosaic_aerdynam_intr.o module_mosaic_movesect.o module_mosaic_newnuc.o module_mosaic_soa_vbs.o module_cbmz_lsodes_solver.o module_cbmz_rodas3_solver.o module_cmu_bulkaqchem.o module_data_mgn2mech.o module_ftuv_driver.o module_fastj_data.o module_fastj_mie.o module_input_chem_data.o module_mosaic_coag.o module_mosaic_gly.o module_mosaic_wetscav.o module_mosaic_therm.o module_phot_mad.o params.mod.o numer.o rdxs.o rxn.o params_mod.o module_phot_tuv.o module_subs_tuv.o rtrans.o la_srb.o module_radm.o module_sorgam_aqchem.o module_sorgam_vbs_aqchem.o module_aerosols_soa_vbs.o module_aerosols_soa_vbs_het.o module_aerosols_sorgam.o module_aerosols_sorgam_vbs.o module_bioemi_megan2.o module_bioemi_simple.o module_cbm4_initmixrats.o module_cb05_initmixrats.o module_cb05_vbs_initmixrats.o module_cbmz.o module_cbmz_initmixrats.o module_cbmz_rodas_prep.o module_ctrans_grell.o module_gocart_chem.o module_input_tracer.o module_lightning_nox_driver.o module_lightning_nox_ott.o module_lightning_nox_decaria.o module_mixactivate_wrappers.o module_mosaic_init_aerpar.o module_mosaic2_driver.o module_mosaic_sumpm.o module_mosaic_driver.o module_optical_averaging.o module_plumerise1.o module_mosaic_drydep.o module_wetscav_driver.o module_prep_wetscav_sorgam.o module_input_chem_bioemiss.o module_input_dust_errosion.o module_input_gocart_dms.o module_cbmz_addemiss.o module_cbm4_addemiss.o module_cb05_addemiss.o module_emissions_anthropogenics.o module_aer_drydep.o module_cam_mam_calcsize.o module_cam_mam_dust_sediment.o module_cam_mam_drydep.o module_cam_mam_init.o module_cam_mam_initaerodata.o module_cam_mam_initmixrats.o module_cam_mam_rename.o module_cam_mam_wateruptake.o module_cam_mam_gasaerexch.o module_cam_mam_coag.o module_cam_mam_newnuc.o module_cam_mam_aerchem_driver.o module_cam_mam_addemiss.o module_cam_mam_wetscav.o module_cam_mam_mz_aerosols_intr.o module_cam_mam_wetdep.o module_cam_mam_cloudchem.o module_cam_mam_setsox.o module_cam_mam_mo_chem_utls.o module_mosaic_cloudchem.o module_sorgam_cloudchem.o module_sorgam_vbs_cloudchem.o module_cam_mam_gas_wetdep_driver.o module_cam_mam_mo_sethet.o module_phot_fastj.o module_chem_cup.o module_isocom.o module_isofwd.o module_isorev.o chemics_init.o chem_driver.o cloudchem_driver.o photolysis_driver.o optical_driver.o mechanism_driver.o emissions_driver.o dry_dep_driver.o aerosol_driver.o 
make[2]: Leaving directory '/glade/derecho/scratch/yates/NEOM_WRF/wrfv4.6.0/chem'
make[1]: Leaving directory '/glade/derecho/scratch/yates/NEOM_WRF/wrfv4.6.0'
if [ 1 -eq 1 ]    ; then make -i -r MODULE_DIRS="-I../dyn_em  -I/glade/derecho/scratch/yates/NEOM_WRF/wrfv4.6.0/external/esmf_time_f90  -I/glade/derecho/scratch/yates/NEOM_WRF/wrfv4.6.0/main -I/glade/derecho/scratch/yates/NEOM_WRF/wrfv4.6.0/external/io_netcdf -I/glade/derecho/scratch/yates/NEOM_WRF/wrfv4.6.0/external/io_int -I/glade/derecho/scratch/yates/NEOM_WRF/wrfv4.6.0/frame -I/glade/derecho/scratch/yates/NEOM_WRF/wrfv4.6.0/share -I/glade/derecho/scratch/yates/NEOM_WRF/wrfv4.6.0/phys -I/glade/derecho/scratch/yates/NEOM_WRF/wrfv4.6.0/wrftladj -I/glade/derecho/scratch/yates/NEOM_WRF/wrfv4.6.0/chem -I/glade/derecho/scratch/yates/NEOM_WRF/wrfv4.6.0/inc -I/glade/u/apps/derecho/23.09/spack/opt/spack/netcdf/4.9.2/oneapi/2023.2.1/yzvj/include " em_core ; fi
make[1]: Entering directory '/glade/derecho/scratch/yates/NEOM_WRF/wrfv4.6.0'
--------------------------------------
if [ 1  -eq 0 ] ; then \
	CF= ; \
else \
	CF="../chem/module_aerosols_sorgam.o ../chem/module_gocart_aerosols.o ../chem/module_mosaic_driver.o ../chem/module_input_tracer.o ../chem/module_aerosols_soa_vbs.o" ; \
fi
( cd dyn_em ; make -i -r -j 2 CF="" )
make[2]: Entering directory '/glade/derecho/scratch/yates/NEOM_WRF/wrfv4.6.0/dyn_em'
rm -f module_advect_em.o
rm -f module_ieva_em.o
sed -e "s/^\!.*'.*//" -e "s/^ *\!.*'.*//" module_advect_em.F > module_advect_em.G
sed -e "s/^\!.*'.*//" -e "s/^ *\!.*'.*//" module_ieva_em.F > module_ieva_em.G
/lib/cpp -P -nostdinc -I/glade/derecho/scratch/yates/NEOM_WRF/wrfv4.6.0/inc -DEM_CORE=1 -DNMM_CORE=0 -DNMM_MAX_DIM=2600 -DDA_CORE=0 -DWRFPLUS=0 -DIWORDSIZE=4 -DDWORDSIZE=8 -DRWORDSIZE=4 -DLWORDSIZE=4 -DNONSTANDARD_SYSTEM_FUNC  -DWRF_USE_CLM -DUSE_NETCDF4_FEATURES -DWRFIO_NCD_LARGE_FILE_SUPPORT  -DDM_PARALLEL -DNETCDF -DLANDREAD_STUB=1 -DUSE_ALLOCATABLES -Dwrfmodel -DGRIB1 -DINTIO -DKEEP_INT_AROUND -DLIMIT_ARGS -DBUILD_RRTMG_FAST=0 -DBUILD_RRTMK=0 -DBUILD_SBM_FAST=1 -DSHOW_ALL_VARS_USED=0 -DCONFIG_BUF_LEN=65536 -DMAX_DOMAINS_F=21 -DMAX_HISTORY=25 -DNMM_NEST=0 -DWRF_CHEM -DBUILD_CHEM=1 -I. -traditional-cpp -DUSE_NETCDF4_FEATURES -DWRFIO_NCD_LARGE_FILE_SUPPORT   module_ieva_em.G  > module_ieva_em.bb
/lib/cpp -P -nostdinc -I/glade/derecho/scratch/yates/NEOM_WRF/wrfv4.6.0/inc -DEM_CORE=1 -DNMM_CORE=0 -DNMM_MAX_DIM=2600 -DDA_CORE=0 -DWRFPLUS=0 -DIWORDSIZE=4 -DDWORDSIZE=8 -DRWORDSIZE=4 -DLWORDSIZE=4 -DNONSTANDARD_SYSTEM_FUNC  -DWRF_USE_CLM -DUSE_NETCDF4_FEATURES -DWRFIO_NCD_LARGE_FILE_SUPPORT  -DDM_PARALLEL -DNETCDF -DLANDREAD_STUB=1 -DUSE_ALLOCATABLES -Dwrfmodel -DGRIB1 -DINTIO -DKEEP_INT_AROUND -DLIMIT_ARGS -DBUILD_RRTMG_FAST=0 -DBUILD_RRTMK=0 -DBUILD_SBM_FAST=1 -DSHOW_ALL_VARS_USED=0 -DCONFIG_BUF_LEN=65536 -DMAX_DOMAINS_F=21 -DMAX_HISTORY=25 -DNMM_NEST=0 -DWRF_CHEM -DBUILD_CHEM=1 -I. -traditional-cpp -DUSE_NETCDF4_FEATURES -DWRFIO_NCD_LARGE_FILE_SUPPORT   module_advect_em.G  > module_advect_em.bb
/glade/derecho/scratch/yates/NEOM_WRF/wrfv4.6.0/tools/standard.exe module_ieva_em.bb | /lib/cpp -P -nostdinc -traditional-cpp -DUSE_NETCDF4_FEATURES -DWRFIO_NCD_LARGE_FILE_SUPPORT > module_ieva_em.f90
/glade/derecho/scratch/yates/NEOM_WRF/wrfv4.6.0/tools/standard.exe module_advect_em.bb | /lib/cpp -P -nostdinc -traditional-cpp -DUSE_NETCDF4_FEATURES -DWRFIO_NCD_LARGE_FILE_SUPPORT > module_advect_em.f90
rm -f module_ieva_em.G module_ieva_em.bb
time mpif90 -f90=ifort -o module_ieva_em.o -c -O3 -ip -fp-model precise -w -ftz -align all -fno-alias -FR -convert big_endian    -I../dyn_em  -I/glade/derecho/scratch/yates/NEOM_WRF/wrfv4.6.0/external/esmf_time_f90  -I/glade/derecho/scratch/yates/NEOM_WRF/wrfv4.6.0/main -I/glade/derecho/scratch/yates/NEOM_WRF/wrfv4.6.0/external/io_netcdf -I/glade/derecho/scratch/yates/NEOM_WRF/wrfv4.6.0/external/io_int -I/glade/derecho/scratch/yates/NEOM_WRF/wrfv4.6.0/frame -I/glade/derecho/scratch/yates/NEOM_WRF/wrfv4.6.0/share -I/glade/derecho/scratch/yates/NEOM_WRF/wrfv4.6.0/phys -I/glade/derecho/scratch/yates/NEOM_WRF/wrfv4.6.0/wrftladj -I/glade/derecho/scratch/yates/NEOM_WRF/wrfv4.6.0/chem -I/glade/derecho/scratch/yates/NEOM_WRF/wrfv4.6.0/inc -I/glade/u/apps/derecho/23.09/spack/opt/spack/netcdf/4.9.2/oneapi/2023.2.1/yzvj/include  -real-size `expr 8 \* 4` -i4  module_ieva_em.f90
rm -f module_advect_em.G module_advect_em.bb
time mpif90 -f90=ifort -o module_advect_em.o -c -O3 -ip -fp-model precise -w -ftz -align all -fno-alias -FR -convert big_endian    -I../dyn_em  -I/glade/derecho/scratch/yates/NEOM_WRF/wrfv4.6.0/external/esmf_time_f90  -I/glade/derecho/scratch/yates/NEOM_WRF/wrfv4.6.0/main -I/glade/derecho/scratch/yates/NEOM_WRF/wrfv4.6.0/external/io_netcdf -I/glade/derecho/scratch/yates/NEOM_WRF/wrfv4.6.0/external/io_int -I/glade/derecho/scratch/yates/NEOM_WRF/wrfv4.6.0/frame -I/glade/derecho/scratch/yates/NEOM_WRF/wrfv4.6.0/share -I/glade/derecho/scratch/yates/NEOM_WRF/wrfv4.6.0/phys -I/glade/derecho/scratch/yates/NEOM_WRF/wrfv4.6.0/wrftladj -I/glade/derecho/scratch/yates/NEOM_WRF/wrfv4.6.0/chem -I/glade/derecho/scratch/yates/NEOM_WRF/wrfv4.6.0/inc -I/glade/u/apps/derecho/23.09/spack/opt/spack/netcdf/4.9.2/oneapi/2023.2.1/yzvj/include  -real-size `expr 8 \* 4` -i4  module_advect_em.f90

real	0m3.220s
user	0m2.819s
sys	0m0.371s
rm -f module_big_step_utilities_em.o
sed -e "s/^\!.*'.*//" -e "s/^ *\!.*'.*//" module_big_step_utilities_em.F > module_big_step_utilities_em.G
/lib/cpp -P -nostdinc -I/glade/derecho/scratch/yates/NEOM_WRF/wrfv4.6.0/inc -DEM_CORE=1 -DNMM_CORE=0 -DNMM_MAX_DIM=2600 -DDA_CORE=0 -DWRFPLUS=0 -DIWORDSIZE=4 -DDWORDSIZE=8 -DRWORDSIZE=4 -DLWORDSIZE=4 -DNONSTANDARD_SYSTEM_FUNC  -DWRF_USE_CLM -DUSE_NETCDF4_FEATURES -DWRFIO_NCD_LARGE_FILE_SUPPORT  -DDM_PARALLEL -DNETCDF -DLANDREAD_STUB=1 -DUSE_ALLOCATABLES -Dwrfmodel -DGRIB1 -DINTIO -DKEEP_INT_AROUND -DLIMIT_ARGS -DBUILD_RRTMG_FAST=0 -DBUILD_RRTMK=0 -DBUILD_SBM_FAST=1 -DSHOW_ALL_VARS_USED=0 -DCONFIG_BUF_LEN=65536 -DMAX_DOMAINS_F=21 -DMAX_HISTORY=25 -DNMM_NEST=0 -DWRF_CHEM -DBUILD_CHEM=1 -I. -traditional-cpp -DUSE_NETCDF4_FEATURES -DWRFIO_NCD_LARGE_FILE_SUPPORT   module_big_step_utilities_em.G  > module_big_step_utilities_em.bb
/glade/derecho/scratch/yates/NEOM_WRF/wrfv4.6.0/tools/standard.exe module_big_step_utilities_em.bb | /lib/cpp -P -nostdinc -traditional-cpp -DUSE_NETCDF4_FEATURES -DWRFIO_NCD_LARGE_FILE_SUPPORT > module_big_step_utilities_em.f90
rm -f module_big_step_utilities_em.G module_big_step_utilities_em.bb
time mpif90 -f90=ifort -o module_big_step_utilities_em.o -c -O3 -ip -fp-model precise -w -ftz -align all -fno-alias -FR -convert big_endian    -I../dyn_em  -I/glade/derecho/scratch/yates/NEOM_WRF/wrfv4.6.0/external/esmf_time_f90  -I/glade/derecho/scratch/yates/NEOM_WRF/wrfv4.6.0/main -I/glade/derecho/scratch/yates/NEOM_WRF/wrfv4.6.0/external/io_netcdf -I/glade/derecho/scratch/yates/NEOM_WRF/wrfv4.6.0/external/io_int -I/glade/derecho/scratch/yates/NEOM_WRF/wrfv4.6.0/frame -I/glade/derecho/scratch/yates/NEOM_WRF/wrfv4.6.0/share -I/glade/derecho/scratch/yates/NEOM_WRF/wrfv4.6.0/phys -I/glade/derecho/scratch/yates/NEOM_WRF/wrfv4.6.0/wrftladj -I/glade/derecho/scratch/yates/NEOM_WRF/wrfv4.6.0/chem -I/glade/derecho/scratch/yates/NEOM_WRF/wrfv4.6.0/inc -I/glade/u/apps/derecho/23.09/spack/opt/spack/netcdf/4.9.2/oneapi/2023.2.1/yzvj/include  -real-size `expr 8 \* 4` -i4  module_big_step_utilities_em.f90

real	0m23.780s
user	0m23.186s
sys	0m0.547s
rm -f module_small_step_em.o
sed -e "s/^\!.*'.*//" -e "s/^ *\!.*'.*//" module_small_step_em.F > module_small_step_em.G
/lib/cpp -P -nostdinc -I/glade/derecho/scratch/yates/NEOM_WRF/wrfv4.6.0/inc -DEM_CORE=1 -DNMM_CORE=0 -DNMM_MAX_DIM=2600 -DDA_CORE=0 -DWRFPLUS=0 -DIWORDSIZE=4 -DDWORDSIZE=8 -DRWORDSIZE=4 -DLWORDSIZE=4 -DNONSTANDARD_SYSTEM_FUNC  -DWRF_USE_CLM -DUSE_NETCDF4_FEATURES -DWRFIO_NCD_LARGE_FILE_SUPPORT  -DDM_PARALLEL -DNETCDF -DLANDREAD_STUB=1 -DUSE_ALLOCATABLES -Dwrfmodel -DGRIB1 -DINTIO -DKEEP_INT_AROUND -DLIMIT_ARGS -DBUILD_RRTMG_FAST=0 -DBUILD_RRTMK=0 -DBUILD_SBM_FAST=1 -DSHOW_ALL_VARS_USED=0 -DCONFIG_BUF_LEN=65536 -DMAX_DOMAINS_F=21 -DMAX_HISTORY=25 -DNMM_NEST=0 -DWRF_CHEM -DBUILD_CHEM=1 -I. -traditional-cpp -DUSE_NETCDF4_FEATURES -DWRFIO_NCD_LARGE_FILE_SUPPORT   module_small_step_em.G  > module_small_step_em.bb
/glade/derecho/scratch/yates/NEOM_WRF/wrfv4.6.0/tools/standard.exe module_small_step_em.bb | /lib/cpp -P -nostdinc -traditional-cpp -DUSE_NETCDF4_FEATURES -DWRFIO_NCD_LARGE_FILE_SUPPORT > module_small_step_em.f90
rm -f module_small_step_em.G module_small_step_em.bb
time mpif90 -f90=ifort -o module_small_step_em.o -c -O3 -ip -fp-model precise -w -ftz -align all -fno-alias -FR -convert big_endian    -I../dyn_em  -I/glade/derecho/scratch/yates/NEOM_WRF/wrfv4.6.0/external/esmf_time_f90  -I/glade/derecho/scratch/yates/NEOM_WRF/wrfv4.6.0/main -I/glade/derecho/scratch/yates/NEOM_WRF/wrfv4.6.0/external/io_netcdf -I/glade/derecho/scratch/yates/NEOM_WRF/wrfv4.6.0/external/io_int -I/glade/derecho/scratch/yates/NEOM_WRF/wrfv4.6.0/frame -I/glade/derecho/scratch/yates/NEOM_WRF/wrfv4.6.0/share -I/glade/derecho/scratch/yates/NEOM_WRF/wrfv4.6.0/phys -I/glade/derecho/scratch/yates/NEOM_WRF/wrfv4.6.0/wrftladj -I/glade/derecho/scratch/yates/NEOM_WRF/wrfv4.6.0/chem -I/glade/derecho/scratch/yates/NEOM_WRF/wrfv4.6.0/inc -I/glade/u/apps/derecho/23.09/spack/opt/spack/netcdf/4.9.2/oneapi/2023.2.1/yzvj/include  -real-size `expr 8 \* 4` -i4  module_small_step_em.f90

real	0m6.060s
user	0m5.570s
sys	0m0.422s
rm -f module_damping_em.o
sed -e "s/^\!.*'.*//" -e "s/^ *\!.*'.*//" module_damping_em.F > module_damping_em.G
/lib/cpp -P -nostdinc -I/glade/derecho/scratch/yates/NEOM_WRF/wrfv4.6.0/inc -DEM_CORE=1 -DNMM_CORE=0 -DNMM_MAX_DIM=2600 -DDA_CORE=0 -DWRFPLUS=0 -DIWORDSIZE=4 -DDWORDSIZE=8 -DRWORDSIZE=4 -DLWORDSIZE=4 -DNONSTANDARD_SYSTEM_FUNC  -DWRF_USE_CLM -DUSE_NETCDF4_FEATURES -DWRFIO_NCD_LARGE_FILE_SUPPORT  -DDM_PARALLEL -DNETCDF -DLANDREAD_STUB=1 -DUSE_ALLOCATABLES -Dwrfmodel -DGRIB1 -DINTIO -DKEEP_INT_AROUND -DLIMIT_ARGS -DBUILD_RRTMG_FAST=0 -DBUILD_RRTMK=0 -DBUILD_SBM_FAST=1 -DSHOW_ALL_VARS_USED=0 -DCONFIG_BUF_LEN=65536 -DMAX_DOMAINS_F=21 -DMAX_HISTORY=25 -DNMM_NEST=0 -DWRF_CHEM -DBUILD_CHEM=1 -I. -traditional-cpp -DUSE_NETCDF4_FEATURES -DWRFIO_NCD_LARGE_FILE_SUPPORT   module_damping_em.G  > module_damping_em.bb
/glade/derecho/scratch/yates/NEOM_WRF/wrfv4.6.0/tools/standard.exe module_damping_em.bb | /lib/cpp -P -nostdinc -traditional-cpp -DUSE_NETCDF4_FEATURES -DWRFIO_NCD_LARGE_FILE_SUPPORT > module_damping_em.f90
rm -f module_damping_em.G module_damping_em.bb
time mpif90 -f90=ifort -o module_damping_em.o -c -O3 -ip -fp-model precise -w -ftz -align all -fno-alias -FR -convert big_endian    -I../dyn_em  -I/glade/derecho/scratch/yates/NEOM_WRF/wrfv4.6.0/external/esmf_time_f90  -I/glade/derecho/scratch/yates/NEOM_WRF/wrfv4.6.0/main -I/glade/derecho/scratch/yates/NEOM_WRF/wrfv4.6.0/external/io_netcdf -I/glade/derecho/scratch/yates/NEOM_WRF/wrfv4.6.0/external/io_int -I/glade/derecho/scratch/yates/NEOM_WRF/wrfv4.6.0/frame -I/glade/derecho/scratch/yates/NEOM_WRF/wrfv4.6.0/share -I/glade/derecho/scratch/yates/NEOM_WRF/wrfv4.6.0/phys -I/glade/derecho/scratch/yates/NEOM_WRF/wrfv4.6.0/wrftladj -I/glade/derecho/scratch/yates/NEOM_WRF/wrfv4.6.0/chem -I/glade/derecho/scratch/yates/NEOM_WRF/wrfv4.6.0/inc -I/glade/u/apps/derecho/23.09/spack/opt/spack/netcdf/4.9.2/oneapi/2023.2.1/yzvj/include  -real-size `expr 8 \* 4` -i4  module_damping_em.f90

real	0m0.522s
user	0m0.234s
sys	0m0.263s
rm -f module_solvedebug_em.o
sed -e "s/^\!.*'.*//" -e "s/^ *\!.*'.*//" module_solvedebug_em.F > module_solvedebug_em.G
/lib/cpp -P -nostdinc -I/glade/derecho/scratch/yates/NEOM_WRF/wrfv4.6.0/inc -DEM_CORE=1 -DNMM_CORE=0 -DNMM_MAX_DIM=2600 -DDA_CORE=0 -DWRFPLUS=0 -DIWORDSIZE=4 -DDWORDSIZE=8 -DRWORDSIZE=4 -DLWORDSIZE=4 -DNONSTANDARD_SYSTEM_FUNC  -DWRF_USE_CLM -DUSE_NETCDF4_FEATURES -DWRFIO_NCD_LARGE_FILE_SUPPORT  -DDM_PARALLEL -DNETCDF -DLANDREAD_STUB=1 -DUSE_ALLOCATABLES -Dwrfmodel -DGRIB1 -DINTIO -DKEEP_INT_AROUND -DLIMIT_ARGS -DBUILD_RRTMG_FAST=0 -DBUILD_RRTMK=0 -DBUILD_SBM_FAST=1 -DSHOW_ALL_VARS_USED=0 -DCONFIG_BUF_LEN=65536 -DMAX_DOMAINS_F=21 -DMAX_HISTORY=25 -DNMM_NEST=0 -DWRF_CHEM -DBUILD_CHEM=1 -I. -traditional-cpp -DUSE_NETCDF4_FEATURES -DWRFIO_NCD_LARGE_FILE_SUPPORT   module_solvedebug_em.G  > module_solvedebug_em.bb
/glade/derecho/scratch/yates/NEOM_WRF/wrfv4.6.0/tools/standard.exe module_solvedebug_em.bb | /lib/cpp -P -nostdinc -traditional-cpp -DUSE_NETCDF4_FEATURES -DWRFIO_NCD_LARGE_FILE_SUPPORT > module_solvedebug_em.f90
rm -f module_solvedebug_em.G module_solvedebug_em.bb
time mpif90 -f90=ifort -o module_solvedebug_em.o -c -O3 -ip -fp-model precise -w -ftz -align all -fno-alias -FR -convert big_endian    -I../dyn_em  -I/glade/derecho/scratch/yates/NEOM_WRF/wrfv4.6.0/external/esmf_time_f90  -I/glade/derecho/scratch/yates/NEOM_WRF/wrfv4.6.0/main -I/glade/derecho/scratch/yates/NEOM_WRF/wrfv4.6.0/external/io_netcdf -I/glade/derecho/scratch/yates/NEOM_WRF/wrfv4.6.0/external/io_int -I/glade/derecho/scratch/yates/NEOM_WRF/wrfv4.6.0/frame -I/glade/derecho/scratch/yates/NEOM_WRF/wrfv4.6.0/share -I/glade/derecho/scratch/yates/NEOM_WRF/wrfv4.6.0/phys -I/glade/derecho/scratch/yates/NEOM_WRF/wrfv4.6.0/wrftladj -I/glade/derecho/scratch/yates/NEOM_WRF/wrfv4.6.0/chem -I/glade/derecho/scratch/yates/NEOM_WRF/wrfv4.6.0/inc -I/glade/u/apps/derecho/23.09/spack/opt/spack/netcdf/4.9.2/oneapi/2023.2.1/yzvj/include  -real-size `expr 8 \* 4` -i4  module_solvedebug_em.f90

real	0m0.694s
user	0m0.338s
sys	0m0.330s
rm -f module_init_utilities.o
sed -e "s/^\!.*'.*//" -e "s/^ *\!.*'.*//" module_init_utilities.F > module_init_utilities.G
/lib/cpp -P -nostdinc -I/glade/derecho/scratch/yates/NEOM_WRF/wrfv4.6.0/inc -DEM_CORE=1 -DNMM_CORE=0 -DNMM_MAX_DIM=2600 -DDA_CORE=0 -DWRFPLUS=0 -DIWORDSIZE=4 -DDWORDSIZE=8 -DRWORDSIZE=4 -DLWORDSIZE=4 -DNONSTANDARD_SYSTEM_FUNC  -DWRF_USE_CLM -DUSE_NETCDF4_FEATURES -DWRFIO_NCD_LARGE_FILE_SUPPORT  -DDM_PARALLEL -DNETCDF -DLANDREAD_STUB=1 -DUSE_ALLOCATABLES -Dwrfmodel -DGRIB1 -DINTIO -DKEEP_INT_AROUND -DLIMIT_ARGS -DBUILD_RRTMG_FAST=0 -DBUILD_RRTMK=0 -DBUILD_SBM_FAST=1 -DSHOW_ALL_VARS_USED=0 -DCONFIG_BUF_LEN=65536 -DMAX_DOMAINS_F=21 -DMAX_HISTORY=25 -DNMM_NEST=0 -DWRF_CHEM -DBUILD_CHEM=1 -I. -traditional-cpp -DUSE_NETCDF4_FEATURES -DWRFIO_NCD_LARGE_FILE_SUPPORT   module_init_utilities.G  > module_init_utilities.bb
/glade/derecho/scratch/yates/NEOM_WRF/wrfv4.6.0/tools/standard.exe module_init_utilities.bb | /lib/cpp -P -nostdinc -traditional-cpp -DUSE_NETCDF4_FEATURES -DWRFIO_NCD_LARGE_FILE_SUPPORT > module_init_utilities.f90
rm -f module_init_utilities.G module_init_utilities.bb
time mpif90 -f90=ifort -o module_init_utilities.o -c -O3 -ip -fp-model precise -w -ftz -align all -fno-alias -FR -convert big_endian    -I../dyn_em  -I/glade/derecho/scratch/yates/NEOM_WRF/wrfv4.6.0/external/esmf_time_f90  -I/glade/derecho/scratch/yates/NEOM_WRF/wrfv4.6.0/main -I/glade/derecho/scratch/yates/NEOM_WRF/wrfv4.6.0/external/io_netcdf -I/glade/derecho/scratch/yates/NEOM_WRF/wrfv4.6.0/external/io_int -I/glade/derecho/scratch/yates/NEOM_WRF/wrfv4.6.0/frame -I/glade/derecho/scratch/yates/NEOM_WRF/wrfv4.6.0/share -I/glade/derecho/scratch/yates/NEOM_WRF/wrfv4.6.0/phys -I/glade/derecho/scratch/yates/NEOM_WRF/wrfv4.6.0/wrftladj -I/glade/derecho/scratch/yates/NEOM_WRF/wrfv4.6.0/chem -I/glade/derecho/scratch/yates/NEOM_WRF/wrfv4.6.0/inc -I/glade/u/apps/derecho/23.09/spack/opt/spack/netcdf/4.9.2/oneapi/2023.2.1/yzvj/include  -real-size `expr 8 \* 4` -i4  module_init_utilities.f90

real	0m0.391s
user	0m0.092s
sys	0m0.274s
rm -f module_wps_io_arw.o
/glade/derecho/scratch/yates/NEOM_WRF/wrfv4.6.0/tools/standard.exe module_wps_io_arw.F > module_wps_io_arw.b 
/lib/cpp -P -nostdinc -I/glade/derecho/scratch/yates/NEOM_WRF/wrfv4.6.0/inc -DEM_CORE=1 -DNMM_CORE=0 -DNMM_MAX_DIM=2600 -DDA_CORE=0 -DWRFPLUS=0 -DIWORDSIZE=4 -DDWORDSIZE=8 -DRWORDSIZE=4 -DLWORDSIZE=4 -DNONSTANDARD_SYSTEM_FUNC  -DWRF_USE_CLM -DUSE_NETCDF4_FEATURES -DWRFIO_NCD_LARGE_FILE_SUPPORT  -DDM_PARALLEL -DNETCDF -DLANDREAD_STUB=1 -DUSE_ALLOCATABLES -Dwrfmodel -DGRIB1 -DINTIO -DKEEP_INT_AROUND -DLIMIT_ARGS -DBUILD_RRTMG_FAST=0 -DBUILD_RRTMK=0 -DBUILD_SBM_FAST=1 -DSHOW_ALL_VARS_USED=0 -DCONFIG_BUF_LEN=65536 -DMAX_DOMAINS_F=21 -DMAX_HISTORY=25 -DNMM_NEST=0 -DWRF_CHEM -DBUILD_CHEM=1 -I. -traditional-cpp -DUSE_NETCDF4_FEATURES -DWRFIO_NCD_LARGE_FILE_SUPPORT   module_wps_io_arw.b  > module_wps_io_arw.f90
rm -f module_wps_io_arw.b
time mpif90 -f90=ifort -c -real-size `expr 8 \* 4` -i4 -O0 -fno-inline -no-ip -ip -fp-model precise -w -ftz -align all -fno-alias -FR -convert big_endian   -I../dyn_em  -I/glade/derecho/scratch/yates/NEOM_WRF/wrfv4.6.0/external/esmf_time_f90  -I/glade/derecho/scratch/yates/NEOM_WRF/wrfv4.6.0/main -I/glade/derecho/scratch/yates/NEOM_WRF/wrfv4.6.0/external/io_netcdf -I/glade/derecho/scratch/yates/NEOM_WRF/wrfv4.6.0/external/io_int -I/glade/derecho/scratch/yates/NEOM_WRF/wrfv4.6.0/frame -I/glade/derecho/scratch/yates/NEOM_WRF/wrfv4.6.0/share -I/glade/derecho/scratch/yates/NEOM_WRF/wrfv4.6.0/phys -I/glade/derecho/scratch/yates/NEOM_WRF/wrfv4.6.0/wrftladj -I/glade/derecho/scratch/yates/NEOM_WRF/wrfv4.6.0/chem -I/glade/derecho/scratch/yates/NEOM_WRF/wrfv4.6.0/inc -I/glade/u/apps/derecho/23.09/spack/opt/spack/netcdf/4.9.2/oneapi/2023.2.1/yzvj/include    module_wps_io_arw.f90

real	0m3.537s
user	0m0.816s
sys	0m2.624s
rm -f module_polarfft.o
sed -e "s/^\!.*'.*//" -e "s/^ *\!.*'.*//" module_polarfft.F > module_polarfft.G
/lib/cpp -P -nostdinc -I/glade/derecho/scratch/yates/NEOM_WRF/wrfv4.6.0/inc -DEM_CORE=1 -DNMM_CORE=0 -DNMM_MAX_DIM=2600 -DDA_CORE=0 -DWRFPLUS=0 -DIWORDSIZE=4 -DDWORDSIZE=8 -DRWORDSIZE=4 -DLWORDSIZE=4 -DNONSTANDARD_SYSTEM_FUNC  -DWRF_USE_CLM -DUSE_NETCDF4_FEATURES -DWRFIO_NCD_LARGE_FILE_SUPPORT  -DDM_PARALLEL -DNETCDF -DLANDREAD_STUB=1 -DUSE_ALLOCATABLES -Dwrfmodel -DGRIB1 -DINTIO -DKEEP_INT_AROUND -DLIMIT_ARGS -DBUILD_RRTMG_FAST=0 -DBUILD_RRTMK=0 -DBUILD_SBM_FAST=1 -DSHOW_ALL_VARS_USED=0 -DCONFIG_BUF_LEN=65536 -DMAX_DOMAINS_F=21 -DMAX_HISTORY=25 -DNMM_NEST=0 -DWRF_CHEM -DBUILD_CHEM=1 -I. -traditional-cpp -DUSE_NETCDF4_FEATURES -DWRFIO_NCD_LARGE_FILE_SUPPORT   module_polarfft.G  > module_polarfft.bb
/glade/derecho/scratch/yates/NEOM_WRF/wrfv4.6.0/tools/standard.exe module_polarfft.bb | /lib/cpp -P -nostdinc -traditional-cpp -DUSE_NETCDF4_FEATURES -DWRFIO_NCD_LARGE_FILE_SUPPORT > module_polarfft.f90
rm -f module_polarfft.G module_polarfft.bb
time mpif90 -f90=ifort -o module_polarfft.o -c -O3 -ip -fp-model precise -w -ftz -align all -fno-alias -FR -convert big_endian    -I../dyn_em  -I/glade/derecho/scratch/yates/NEOM_WRF/wrfv4.6.0/external/esmf_time_f90  -I/glade/derecho/scratch/yates/NEOM_WRF/wrfv4.6.0/main -I/glade/derecho/scratch/yates/NEOM_WRF/wrfv4.6.0/external/io_netcdf -I/glade/derecho/scratch/yates/NEOM_WRF/wrfv4.6.0/external/io_int -I/glade/derecho/scratch/yates/NEOM_WRF/wrfv4.6.0/frame -I/glade/derecho/scratch/yates/NEOM_WRF/wrfv4.6.0/share -I/glade/derecho/scratch/yates/NEOM_WRF/wrfv4.6.0/phys -I/glade/derecho/scratch/yates/NEOM_WRF/wrfv4.6.0/wrftladj -I/glade/derecho/scratch/yates/NEOM_WRF/wrfv4.6.0/chem -I/glade/derecho/scratch/yates/NEOM_WRF/wrfv4.6.0/inc -I/glade/u/apps/derecho/23.09/spack/opt/spack/netcdf/4.9.2/oneapi/2023.2.1/yzvj/include  -real-size `expr 8 \* 4` -i4  module_polarfft.f90

real	0m4.392s
user	0m3.900s
sys	0m0.426s
rm -f module_force_scm.o
sed -e "s/^\!.*'.*//" -e "s/^ *\!.*'.*//" module_force_scm.F > module_force_scm.G
/lib/cpp -P -nostdinc -I/glade/derecho/scratch/yates/NEOM_WRF/wrfv4.6.0/inc -DEM_CORE=1 -DNMM_CORE=0 -DNMM_MAX_DIM=2600 -DDA_CORE=0 -DWRFPLUS=0 -DIWORDSIZE=4 -DDWORDSIZE=8 -DRWORDSIZE=4 -DLWORDSIZE=4 -DNONSTANDARD_SYSTEM_FUNC  -DWRF_USE_CLM -DUSE_NETCDF4_FEATURES -DWRFIO_NCD_LARGE_FILE_SUPPORT  -DDM_PARALLEL -DNETCDF -DLANDREAD_STUB=1 -DUSE_ALLOCATABLES -Dwrfmodel -DGRIB1 -DINTIO -DKEEP_INT_AROUND -DLIMIT_ARGS -DBUILD_RRTMG_FAST=0 -DBUILD_RRTMK=0 -DBUILD_SBM_FAST=1 -DSHOW_ALL_VARS_USED=0 -DCONFIG_BUF_LEN=65536 -DMAX_DOMAINS_F=21 -DMAX_HISTORY=25 -DNMM_NEST=0 -DWRF_CHEM -DBUILD_CHEM=1 -I. -traditional-cpp -DUSE_NETCDF4_FEATURES -DWRFIO_NCD_LARGE_FILE_SUPPORT   module_force_scm.G  > module_force_scm.bb
/glade/derecho/scratch/yates/NEOM_WRF/wrfv4.6.0/tools/standard.exe module_force_scm.bb | /lib/cpp -P -nostdinc -traditional-cpp -DUSE_NETCDF4_FEATURES -DWRFIO_NCD_LARGE_FILE_SUPPORT > module_force_scm.f90
rm -f module_force_scm.G module_force_scm.bb
time mpif90 -f90=ifort -o module_force_scm.o -c -O3 -ip -fp-model precise -w -ftz -align all -fno-alias -FR -convert big_endian    -I../dyn_em  -I/glade/derecho/scratch/yates/NEOM_WRF/wrfv4.6.0/external/esmf_time_f90  -I/glade/derecho/scratch/yates/NEOM_WRF/wrfv4.6.0/main -I/glade/derecho/scratch/yates/NEOM_WRF/wrfv4.6.0/external/io_netcdf -I/glade/derecho/scratch/yates/NEOM_WRF/wrfv4.6.0/external/io_int -I/glade/derecho/scratch/yates/NEOM_WRF/wrfv4.6.0/frame -I/glade/derecho/scratch/yates/NEOM_WRF/wrfv4.6.0/share -I/glade/derecho/scratch/yates/NEOM_WRF/wrfv4.6.0/phys -I/glade/derecho/scratch/yates/NEOM_WRF/wrfv4.6.0/wrftladj -I/glade/derecho/scratch/yates/NEOM_WRF/wrfv4.6.0/chem -I/glade/derecho/scratch/yates/NEOM_WRF/wrfv4.6.0/inc -I/glade/u/apps/derecho/23.09/spack/opt/spack/netcdf/4.9.2/oneapi/2023.2.1/yzvj/include  -real-size `expr 8 \* 4` -i4  module_force_scm.f90

real	0m1.883s
user	0m1.526s
sys	0m0.332s
rm -f module_stoch.o
sed -e "s/^\!.*'.*//" -e "s/^ *\!.*'.*//" module_stoch.F > module_stoch.G
/lib/cpp -P -nostdinc -I/glade/derecho/scratch/yates/NEOM_WRF/wrfv4.6.0/inc -DEM_CORE=1 -DNMM_CORE=0 -DNMM_MAX_DIM=2600 -DDA_CORE=0 -DWRFPLUS=0 -DIWORDSIZE=4 -DDWORDSIZE=8 -DRWORDSIZE=4 -DLWORDSIZE=4 -DNONSTANDARD_SYSTEM_FUNC  -DWRF_USE_CLM -DUSE_NETCDF4_FEATURES -DWRFIO_NCD_LARGE_FILE_SUPPORT  -DDM_PARALLEL -DNETCDF -DLANDREAD_STUB=1 -DUSE_ALLOCATABLES -Dwrfmodel -DGRIB1 -DINTIO -DKEEP_INT_AROUND -DLIMIT_ARGS -DBUILD_RRTMG_FAST=0 -DBUILD_RRTMK=0 -DBUILD_SBM_FAST=1 -DSHOW_ALL_VARS_USED=0 -DCONFIG_BUF_LEN=65536 -DMAX_DOMAINS_F=21 -DMAX_HISTORY=25 -DNMM_NEST=0 -DWRF_CHEM -DBUILD_CHEM=1 -I. -traditional-cpp -DUSE_NETCDF4_FEATURES -DWRFIO_NCD_LARGE_FILE_SUPPORT   module_stoch.G  > module_stoch.bb
/glade/derecho/scratch/yates/NEOM_WRF/wrfv4.6.0/tools/standard.exe module_stoch.bb | /lib/cpp -P -nostdinc -traditional-cpp -DUSE_NETCDF4_FEATURES -DWRFIO_NCD_LARGE_FILE_SUPPORT > module_stoch.f90
rm -f module_stoch.G module_stoch.bb
time mpif90 -f90=ifort -o module_stoch.o -c -O3 -ip -fp-model precise -w -ftz -align all -fno-alias -FR -convert big_endian    -I../dyn_em  -I/glade/derecho/scratch/yates/NEOM_WRF/wrfv4.6.0/external/esmf_time_f90  -I/glade/derecho/scratch/yates/NEOM_WRF/wrfv4.6.0/main -I/glade/derecho/scratch/yates/NEOM_WRF/wrfv4.6.0/external/io_netcdf -I/glade/derecho/scratch/yates/NEOM_WRF/wrfv4.6.0/external/io_int -I/glade/derecho/scratch/yates/NEOM_WRF/wrfv4.6.0/frame -I/glade/derecho/scratch/yates/NEOM_WRF/wrfv4.6.0/share -I/glade/derecho/scratch/yates/NEOM_WRF/wrfv4.6.0/phys -I/glade/derecho/scratch/yates/NEOM_WRF/wrfv4.6.0/wrftladj -I/glade/derecho/scratch/yates/NEOM_WRF/wrfv4.6.0/chem -I/glade/derecho/scratch/yates/NEOM_WRF/wrfv4.6.0/inc -I/glade/u/apps/derecho/23.09/spack/opt/spack/netcdf/4.9.2/oneapi/2023.2.1/yzvj/include  -real-size `expr 8 \* 4` -i4  module_stoch.f90

real	0m9.013s
user	0m8.484s
sys	0m0.482s
rm -f module_sfs_nba.o
sed -e "s/^\!.*'.*//" -e "s/^ *\!.*'.*//" module_sfs_nba.F > module_sfs_nba.G
/lib/cpp -P -nostdinc -I/glade/derecho/scratch/yates/NEOM_WRF/wrfv4.6.0/inc -DEM_CORE=1 -DNMM_CORE=0 -DNMM_MAX_DIM=2600 -DDA_CORE=0 -DWRFPLUS=0 -DIWORDSIZE=4 -DDWORDSIZE=8 -DRWORDSIZE=4 -DLWORDSIZE=4 -DNONSTANDARD_SYSTEM_FUNC  -DWRF_USE_CLM -DUSE_NETCDF4_FEATURES -DWRFIO_NCD_LARGE_FILE_SUPPORT  -DDM_PARALLEL -DNETCDF -DLANDREAD_STUB=1 -DUSE_ALLOCATABLES -Dwrfmodel -DGRIB1 -DINTIO -DKEEP_INT_AROUND -DLIMIT_ARGS -DBUILD_RRTMG_FAST=0 -DBUILD_RRTMK=0 -DBUILD_SBM_FAST=1 -DSHOW_ALL_VARS_USED=0 -DCONFIG_BUF_LEN=65536 -DMAX_DOMAINS_F=21 -DMAX_HISTORY=25 -DNMM_NEST=0 -DWRF_CHEM -DBUILD_CHEM=1 -I. -traditional-cpp -DUSE_NETCDF4_FEATURES -DWRFIO_NCD_LARGE_FILE_SUPPORT   module_sfs_nba.G  > module_sfs_nba.bb
/glade/derecho/scratch/yates/NEOM_WRF/wrfv4.6.0/tools/standard.exe module_sfs_nba.bb | /lib/cpp -P -nostdinc -traditional-cpp -DUSE_NETCDF4_FEATURES -DWRFIO_NCD_LARGE_FILE_SUPPORT > module_sfs_nba.f90
rm -f module_sfs_nba.G module_sfs_nba.bb
time mpif90 -f90=ifort -o module_sfs_nba.o -c -O3 -ip -fp-model precise -w -ftz -align all -fno-alias -FR -convert big_endian    -I../dyn_em  -I/glade/derecho/scratch/yates/NEOM_WRF/wrfv4.6.0/external/esmf_time_f90  -I/glade/derecho/scratch/yates/NEOM_WRF/wrfv4.6.0/main -I/glade/derecho/scratch/yates/NEOM_WRF/wrfv4.6.0/external/io_netcdf -I/glade/derecho/scratch/yates/NEOM_WRF/wrfv4.6.0/external/io_int -I/glade/derecho/scratch/yates/NEOM_WRF/wrfv4.6.0/frame -I/glade/derecho/scratch/yates/NEOM_WRF/wrfv4.6.0/share -I/glade/derecho/scratch/yates/NEOM_WRF/wrfv4.6.0/phys -I/glade/derecho/scratch/yates/NEOM_WRF/wrfv4.6.0/wrftladj -I/glade/derecho/scratch/yates/NEOM_WRF/wrfv4.6.0/chem -I/glade/derecho/scratch/yates/NEOM_WRF/wrfv4.6.0/inc -I/glade/u/apps/derecho/23.09/spack/opt/spack/netcdf/4.9.2/oneapi/2023.2.1/yzvj/include  -real-size `expr 8 \* 4` -i4  module_sfs_nba.f90

real	0m3.273s
user	0m2.906s
sys	0m0.340s
rm -f module_avgflx_em.o
sed -e "s/^\!.*'.*//" -e "s/^ *\!.*'.*//" module_avgflx_em.F > module_avgflx_em.G
/lib/cpp -P -nostdinc -I/glade/derecho/scratch/yates/NEOM_WRF/wrfv4.6.0/inc -DEM_CORE=1 -DNMM_CORE=0 -DNMM_MAX_DIM=2600 -DDA_CORE=0 -DWRFPLUS=0 -DIWORDSIZE=4 -DDWORDSIZE=8 -DRWORDSIZE=4 -DLWORDSIZE=4 -DNONSTANDARD_SYSTEM_FUNC  -DWRF_USE_CLM -DUSE_NETCDF4_FEATURES -DWRFIO_NCD_LARGE_FILE_SUPPORT  -DDM_PARALLEL -DNETCDF -DLANDREAD_STUB=1 -DUSE_ALLOCATABLES -Dwrfmodel -DGRIB1 -DINTIO -DKEEP_INT_AROUND -DLIMIT_ARGS -DBUILD_RRTMG_FAST=0 -DBUILD_RRTMK=0 -DBUILD_SBM_FAST=1 -DSHOW_ALL_VARS_USED=0 -DCONFIG_BUF_LEN=65536 -DMAX_DOMAINS_F=21 -DMAX_HISTORY=25 -DNMM_NEST=0 -DWRF_CHEM -DBUILD_CHEM=1 -I. -traditional-cpp -DUSE_NETCDF4_FEATURES -DWRFIO_NCD_LARGE_FILE_SUPPORT   module_avgflx_em.G  > module_avgflx_em.bb
/glade/derecho/scratch/yates/NEOM_WRF/wrfv4.6.0/tools/standard.exe module_avgflx_em.bb | /lib/cpp -P -nostdinc -traditional-cpp -DUSE_NETCDF4_FEATURES -DWRFIO_NCD_LARGE_FILE_SUPPORT > module_avgflx_em.f90
rm -f module_avgflx_em.G module_avgflx_em.bb
time mpif90 -f90=ifort -o module_avgflx_em.o -c -O3 -ip -fp-model precise -w -ftz -align all -fno-alias -FR -convert big_endian    -I../dyn_em  -I/glade/derecho/scratch/yates/NEOM_WRF/wrfv4.6.0/external/esmf_time_f90  -I/glade/derecho/scratch/yates/NEOM_WRF/wrfv4.6.0/main -I/glade/derecho/scratch/yates/NEOM_WRF/wrfv4.6.0/external/io_netcdf -I/glade/derecho/scratch/yates/NEOM_WRF/wrfv4.6.0/external/io_int -I/glade/derecho/scratch/yates/NEOM_WRF/wrfv4.6.0/frame -I/glade/derecho/scratch/yates/NEOM_WRF/wrfv4.6.0/share -I/glade/derecho/scratch/yates/NEOM_WRF/wrfv4.6.0/phys -I/glade/derecho/scratch/yates/NEOM_WRF/wrfv4.6.0/wrftladj -I/glade/derecho/scratch/yates/NEOM_WRF/wrfv4.6.0/chem -I/glade/derecho/scratch/yates/NEOM_WRF/wrfv4.6.0/inc -I/glade/u/apps/derecho/23.09/spack/opt/spack/netcdf/4.9.2/oneapi/2023.2.1/yzvj/include  -real-size `expr 8 \* 4` -i4  module_avgflx_em.f90

real	0m0.650s
user	0m0.329s
sys	0m0.294s
rm -f module_after_all_rk_steps.o
sed -e "s/^\!.*'.*//" -e "s/^ *\!.*'.*//" module_after_all_rk_steps.F > module_after_all_rk_steps.G
/lib/cpp -P -nostdinc -I/glade/derecho/scratch/yates/NEOM_WRF/wrfv4.6.0/inc -DEM_CORE=1 -DNMM_CORE=0 -DNMM_MAX_DIM=2600 -DDA_CORE=0 -DWRFPLUS=0 -DIWORDSIZE=4 -DDWORDSIZE=8 -DRWORDSIZE=4 -DLWORDSIZE=4 -DNONSTANDARD_SYSTEM_FUNC  -DWRF_USE_CLM -DUSE_NETCDF4_FEATURES -DWRFIO_NCD_LARGE_FILE_SUPPORT  -DDM_PARALLEL -DNETCDF -DLANDREAD_STUB=1 -DUSE_ALLOCATABLES -Dwrfmodel -DGRIB1 -DINTIO -DKEEP_INT_AROUND -DLIMIT_ARGS -DBUILD_RRTMG_FAST=0 -DBUILD_RRTMK=0 -DBUILD_SBM_FAST=1 -DSHOW_ALL_VARS_USED=0 -DCONFIG_BUF_LEN=65536 -DMAX_DOMAINS_F=21 -DMAX_HISTORY=25 -DNMM_NEST=0 -DWRF_CHEM -DBUILD_CHEM=1 -I. -traditional-cpp -DUSE_NETCDF4_FEATURES -DWRFIO_NCD_LARGE_FILE_SUPPORT   module_after_all_rk_steps.G  > module_after_all_rk_steps.bb
/glade/derecho/scratch/yates/NEOM_WRF/wrfv4.6.0/tools/standard.exe module_after_all_rk_steps.bb | /lib/cpp -P -nostdinc -traditional-cpp -DUSE_NETCDF4_FEATURES -DWRFIO_NCD_LARGE_FILE_SUPPORT > module_after_all_rk_steps.f90
rm -f module_after_all_rk_steps.G module_after_all_rk_steps.bb
time mpif90 -f90=ifort -o module_after_all_rk_steps.o -c -O3 -ip -fp-model precise -w -ftz -align all -fno-alias -FR -convert big_endian    -I../dyn_em  -I/glade/derecho/scratch/yates/NEOM_WRF/wrfv4.6.0/external/esmf_time_f90  -I/glade/derecho/scratch/yates/NEOM_WRF/wrfv4.6.0/main -I/glade/derecho/scratch/yates/NEOM_WRF/wrfv4.6.0/external/io_netcdf -I/glade/derecho/scratch/yates/NEOM_WRF/wrfv4.6.0/external/io_int -I/glade/derecho/scratch/yates/NEOM_WRF/wrfv4.6.0/frame -I/glade/derecho/scratch/yates/NEOM_WRF/wrfv4.6.0/share -I/glade/derecho/scratch/yates/NEOM_WRF/wrfv4.6.0/phys -I/glade/derecho/scratch/yates/NEOM_WRF/wrfv4.6.0/wrftladj -I/glade/derecho/scratch/yates/NEOM_WRF/wrfv4.6.0/chem -I/glade/derecho/scratch/yates/NEOM_WRF/wrfv4.6.0/inc -I/glade/u/apps/derecho/23.09/spack/opt/spack/netcdf/4.9.2/oneapi/2023.2.1/yzvj/include  -real-size `expr 8 \* 4` -i4  module_after_all_rk_steps.f90

real	0m3.892s
user	0m2.197s
sys	0m1.138s
rm -f init_modules_em.o
/glade/derecho/scratch/yates/NEOM_WRF/wrfv4.6.0/tools/standard.exe init_modules_em.F > init_modules_em.b 
/lib/cpp -P -nostdinc -I/glade/derecho/scratch/yates/NEOM_WRF/wrfv4.6.0/inc -DEM_CORE=1 -DNMM_CORE=0 -DNMM_MAX_DIM=2600 -DDA_CORE=0 -DWRFPLUS=0 -DIWORDSIZE=4 -DDWORDSIZE=8 -DRWORDSIZE=4 -DLWORDSIZE=4 -DNONSTANDARD_SYSTEM_FUNC  -DWRF_USE_CLM -DUSE_NETCDF4_FEATURES -DWRFIO_NCD_LARGE_FILE_SUPPORT  -DDM_PARALLEL -DNETCDF -DLANDREAD_STUB=1 -DUSE_ALLOCATABLES -Dwrfmodel -DGRIB1 -DINTIO -DKEEP_INT_AROUND -DLIMIT_ARGS -DBUILD_RRTMG_FAST=0 -DBUILD_RRTMK=0 -DBUILD_SBM_FAST=1 -DSHOW_ALL_VARS_USED=0 -DCONFIG_BUF_LEN=65536 -DMAX_DOMAINS_F=21 -DMAX_HISTORY=25 -DNMM_NEST=0 -DWRF_CHEM -DBUILD_CHEM=1 -I. -traditional-cpp -DUSE_NETCDF4_FEATURES -DWRFIO_NCD_LARGE_FILE_SUPPORT   init_modules_em.b  > init_modules_em.f90
rm -f init_modules_em.b
time mpif90 -f90=ifort -c -real-size `expr 8 \* 4` -i4 -O0 -fno-inline -no-ip -ip -fp-model precise -w -ftz -align all -fno-alias -FR -convert big_endian   -I../dyn_em  -I/glade/derecho/scratch/yates/NEOM_WRF/wrfv4.6.0/external/esmf_time_f90  -I/glade/derecho/scratch/yates/NEOM_WRF/wrfv4.6.0/main -I/glade/derecho/scratch/yates/NEOM_WRF/wrfv4.6.0/external/io_netcdf -I/glade/derecho/scratch/yates/NEOM_WRF/wrfv4.6.0/external/io_int -I/glade/derecho/scratch/yates/NEOM_WRF/wrfv4.6.0/frame -I/glade/derecho/scratch/yates/NEOM_WRF/wrfv4.6.0/share -I/glade/derecho/scratch/yates/NEOM_WRF/wrfv4.6.0/phys -I/glade/derecho/scratch/yates/NEOM_WRF/wrfv4.6.0/wrftladj -I/glade/derecho/scratch/yates/NEOM_WRF/wrfv4.6.0/chem -I/glade/derecho/scratch/yates/NEOM_WRF/wrfv4.6.0/inc -I/glade/u/apps/derecho/23.09/spack/opt/spack/netcdf/4.9.2/oneapi/2023.2.1/yzvj/include    init_modules_em.f90

real	0m0.388s
user	0m0.079s
sys	0m0.285s
rm -f start_em.o
sed -e "s/^\!.*'.*//" -e "s/^ *\!.*'.*//" start_em.F > start_em.G
/lib/cpp -P -nostdinc -I/glade/derecho/scratch/yates/NEOM_WRF/wrfv4.6.0/inc -DEM_CORE=1 -DNMM_CORE=0 -DNMM_MAX_DIM=2600 -DDA_CORE=0 -DWRFPLUS=0 -DIWORDSIZE=4 -DDWORDSIZE=8 -DRWORDSIZE=4 -DLWORDSIZE=4 -DNONSTANDARD_SYSTEM_FUNC  -DWRF_USE_CLM -DUSE_NETCDF4_FEATURES -DWRFIO_NCD_LARGE_FILE_SUPPORT  -DDM_PARALLEL -DNETCDF -DLANDREAD_STUB=1 -DUSE_ALLOCATABLES -Dwrfmodel -DGRIB1 -DINTIO -DKEEP_INT_AROUND -DLIMIT_ARGS -DBUILD_RRTMG_FAST=0 -DBUILD_RRTMK=0 -DBUILD_SBM_FAST=1 -DSHOW_ALL_VARS_USED=0 -DCONFIG_BUF_LEN=65536 -DMAX_DOMAINS_F=21 -DMAX_HISTORY=25 -DNMM_NEST=0 -DWRF_CHEM -DBUILD_CHEM=1 -I. -traditional-cpp -DUSE_NETCDF4_FEATURES -DWRFIO_NCD_LARGE_FILE_SUPPORT   start_em.G  > start_em.bb
/glade/derecho/scratch/yates/NEOM_WRF/wrfv4.6.0/tools/standard.exe start_em.bb | /lib/cpp -P -nostdinc -traditional-cpp -DUSE_NETCDF4_FEATURES -DWRFIO_NCD_LARGE_FILE_SUPPORT > start_em.f90
rm -f start_em.G start_em.bb
time mpif90 -f90=ifort -o start_em.o -c -O3 -ip -fp-model precise -w -ftz -align all -fno-alias -FR -convert big_endian    -I../dyn_em  -I/glade/derecho/scratch/yates/NEOM_WRF/wrfv4.6.0/external/esmf_time_f90  -I/glade/derecho/scratch/yates/NEOM_WRF/wrfv4.6.0/main -I/glade/derecho/scratch/yates/NEOM_WRF/wrfv4.6.0/external/io_netcdf -I/glade/derecho/scratch/yates/NEOM_WRF/wrfv4.6.0/external/io_int -I/glade/derecho/scratch/yates/NEOM_WRF/wrfv4.6.0/frame -I/glade/derecho/scratch/yates/NEOM_WRF/wrfv4.6.0/share -I/glade/derecho/scratch/yates/NEOM_WRF/wrfv4.6.0/phys -I/glade/derecho/scratch/yates/NEOM_WRF/wrfv4.6.0/wrftladj -I/glade/derecho/scratch/yates/NEOM_WRF/wrfv4.6.0/chem -I/glade/derecho/scratch/yates/NEOM_WRF/wrfv4.6.0/inc -I/glade/u/apps/derecho/23.09/spack/opt/spack/netcdf/4.9.2/oneapi/2023.2.1/yzvj/include  -real-size `expr 8 \* 4` -i4  start_em.f90

real	1m26.347s
user	1m25.577s
sys	0m0.658s
rm -f shift_domain_em.o
sed -e "s/^\!.*'.*//" -e "s/^ *\!.*'.*//" shift_domain_em.F > shift_domain_em.G
/lib/cpp -P -nostdinc -I/glade/derecho/scratch/yates/NEOM_WRF/wrfv4.6.0/inc -DEM_CORE=1 -DNMM_CORE=0 -DNMM_MAX_DIM=2600 -DDA_CORE=0 -DWRFPLUS=0 -DIWORDSIZE=4 -DDWORDSIZE=8 -DRWORDSIZE=4 -DLWORDSIZE=4 -DNONSTANDARD_SYSTEM_FUNC  -DWRF_USE_CLM -DUSE_NETCDF4_FEATURES -DWRFIO_NCD_LARGE_FILE_SUPPORT  -DDM_PARALLEL -DNETCDF -DLANDREAD_STUB=1 -DUSE_ALLOCATABLES -Dwrfmodel -DGRIB1 -DINTIO -DKEEP_INT_AROUND -DLIMIT_ARGS -DBUILD_RRTMG_FAST=0 -DBUILD_RRTMK=0 -DBUILD_SBM_FAST=1 -DSHOW_ALL_VARS_USED=0 -DCONFIG_BUF_LEN=65536 -DMAX_DOMAINS_F=21 -DMAX_HISTORY=25 -DNMM_NEST=0 -DWRF_CHEM -DBUILD_CHEM=1 -I. -traditional-cpp -DUSE_NETCDF4_FEATURES -DWRFIO_NCD_LARGE_FILE_SUPPORT   shift_domain_em.G  > shift_domain_em.bb
/glade/derecho/scratch/yates/NEOM_WRF/wrfv4.6.0/tools/standard.exe shift_domain_em.bb | /lib/cpp -P -nostdinc -traditional-cpp -DUSE_NETCDF4_FEATURES -DWRFIO_NCD_LARGE_FILE_SUPPORT > shift_domain_em.f90
rm -f shift_domain_em.G shift_domain_em.bb
time mpif90 -f90=ifort -o shift_domain_em.o -c -O3 -ip -fp-model precise -w -ftz -align all -fno-alias -FR -convert big_endian    -I../dyn_em  -I/glade/derecho/scratch/yates/NEOM_WRF/wrfv4.6.0/external/esmf_time_f90  -I/glade/derecho/scratch/yates/NEOM_WRF/wrfv4.6.0/main -I/glade/derecho/scratch/yates/NEOM_WRF/wrfv4.6.0/external/io_netcdf -I/glade/derecho/scratch/yates/NEOM_WRF/wrfv4.6.0/external/io_int -I/glade/derecho/scratch/yates/NEOM_WRF/wrfv4.6.0/frame -I/glade/derecho/scratch/yates/NEOM_WRF/wrfv4.6.0/share -I/glade/derecho/scratch/yates/NEOM_WRF/wrfv4.6.0/phys -I/glade/derecho/scratch/yates/NEOM_WRF/wrfv4.6.0/wrftladj -I/glade/derecho/scratch/yates/NEOM_WRF/wrfv4.6.0/chem -I/glade/derecho/scratch/yates/NEOM_WRF/wrfv4.6.0/inc -I/glade/u/apps/derecho/23.09/spack/opt/spack/netcdf/4.9.2/oneapi/2023.2.1/yzvj/include  -real-size `expr 8 \* 4` -i4  shift_domain_em.f90

real	0m7.182s
user	0m5.410s
sys	0m1.713s
rm -f couple_or_uncouple_em.o
sed -e "s/^\!.*'.*//" -e "s/^ *\!.*'.*//" couple_or_uncouple_em.F > couple_or_uncouple_em.G
/lib/cpp -P -nostdinc -I/glade/derecho/scratch/yates/NEOM_WRF/wrfv4.6.0/inc -DEM_CORE=1 -DNMM_CORE=0 -DNMM_MAX_DIM=2600 -DDA_CORE=0 -DWRFPLUS=0 -DIWORDSIZE=4 -DDWORDSIZE=8 -DRWORDSIZE=4 -DLWORDSIZE=4 -DNONSTANDARD_SYSTEM_FUNC  -DWRF_USE_CLM -DUSE_NETCDF4_FEATURES -DWRFIO_NCD_LARGE_FILE_SUPPORT  -DDM_PARALLEL -DNETCDF -DLANDREAD_STUB=1 -DUSE_ALLOCATABLES -Dwrfmodel -DGRIB1 -DINTIO -DKEEP_INT_AROUND -DLIMIT_ARGS -DBUILD_RRTMG_FAST=0 -DBUILD_RRTMK=0 -DBUILD_SBM_FAST=1 -DSHOW_ALL_VARS_USED=0 -DCONFIG_BUF_LEN=65536 -DMAX_DOMAINS_F=21 -DMAX_HISTORY=25 -DNMM_NEST=0 -DWRF_CHEM -DBUILD_CHEM=1 -I. -traditional-cpp -DUSE_NETCDF4_FEATURES -DWRFIO_NCD_LARGE_FILE_SUPPORT   couple_or_uncouple_em.G  > couple_or_uncouple_em.bb
/glade/derecho/scratch/yates/NEOM_WRF/wrfv4.6.0/tools/standard.exe couple_or_uncouple_em.bb | /lib/cpp -P -nostdinc -traditional-cpp -DUSE_NETCDF4_FEATURES -DWRFIO_NCD_LARGE_FILE_SUPPORT > couple_or_uncouple_em.f90
rm -f couple_or_uncouple_em.G couple_or_uncouple_em.bb
time mpif90 -f90=ifort -o couple_or_uncouple_em.o -c -O3 -ip -fp-model precise -w -ftz -align all -fno-alias -FR -convert big_endian    -I../dyn_em  -I/glade/derecho/scratch/yates/NEOM_WRF/wrfv4.6.0/external/esmf_time_f90  -I/glade/derecho/scratch/yates/NEOM_WRF/wrfv4.6.0/main -I/glade/derecho/scratch/yates/NEOM_WRF/wrfv4.6.0/external/io_netcdf -I/glade/derecho/scratch/yates/NEOM_WRF/wrfv4.6.0/external/io_int -I/glade/derecho/scratch/yates/NEOM_WRF/wrfv4.6.0/frame -I/glade/derecho/scratch/yates/NEOM_WRF/wrfv4.6.0/share -I/glade/derecho/scratch/yates/NEOM_WRF/wrfv4.6.0/phys -I/glade/derecho/scratch/yates/NEOM_WRF/wrfv4.6.0/wrftladj -I/glade/derecho/scratch/yates/NEOM_WRF/wrfv4.6.0/chem -I/glade/derecho/scratch/yates/NEOM_WRF/wrfv4.6.0/inc -I/glade/u/apps/derecho/23.09/spack/opt/spack/netcdf/4.9.2/oneapi/2023.2.1/yzvj/include  -real-size `expr 8 \* 4` -i4  couple_or_uncouple_em.f90

real	0m30.730s
user	0m28.338s
sys	0m2.282s
rm -f nest_init_utils.o
sed -e "s/^\!.*'.*//" -e "s/^ *\!.*'.*//" nest_init_utils.F > nest_init_utils.G
/lib/cpp -P -nostdinc -I/glade/derecho/scratch/yates/NEOM_WRF/wrfv4.6.0/inc -DEM_CORE=1 -DNMM_CORE=0 -DNMM_MAX_DIM=2600 -DDA_CORE=0 -DWRFPLUS=0 -DIWORDSIZE=4 -DDWORDSIZE=8 -DRWORDSIZE=4 -DLWORDSIZE=4 -DNONSTANDARD_SYSTEM_FUNC  -DWRF_USE_CLM -DUSE_NETCDF4_FEATURES -DWRFIO_NCD_LARGE_FILE_SUPPORT  -DDM_PARALLEL -DNETCDF -DLANDREAD_STUB=1 -DUSE_ALLOCATABLES -Dwrfmodel -DGRIB1 -DINTIO -DKEEP_INT_AROUND -DLIMIT_ARGS -DBUILD_RRTMG_FAST=0 -DBUILD_RRTMK=0 -DBUILD_SBM_FAST=1 -DSHOW_ALL_VARS_USED=0 -DCONFIG_BUF_LEN=65536 -DMAX_DOMAINS_F=21 -DMAX_HISTORY=25 -DNMM_NEST=0 -DWRF_CHEM -DBUILD_CHEM=1 -I. -traditional-cpp -DUSE_NETCDF4_FEATURES -DWRFIO_NCD_LARGE_FILE_SUPPORT   nest_init_utils.G  > nest_init_utils.bb
/glade/derecho/scratch/yates/NEOM_WRF/wrfv4.6.0/tools/standard.exe nest_init_utils.bb | /lib/cpp -P -nostdinc -traditional-cpp -DUSE_NETCDF4_FEATURES -DWRFIO_NCD_LARGE_FILE_SUPPORT > nest_init_utils.f90
rm -f nest_init_utils.G nest_init_utils.bb
time mpif90 -f90=ifort -o nest_init_utils.o -c -O3 -ip -fp-model precise -w -ftz -align all -fno-alias -FR -convert big_endian    -I../dyn_em  -I/glade/derecho/scratch/yates/NEOM_WRF/wrfv4.6.0/external/esmf_time_f90  -I/glade/derecho/scratch/yates/NEOM_WRF/wrfv4.6.0/main -I/glade/derecho/scratch/yates/NEOM_WRF/wrfv4.6.0/external/io_netcdf -I/glade/derecho/scratch/yates/NEOM_WRF/wrfv4.6.0/external/io_int -I/glade/derecho/scratch/yates/NEOM_WRF/wrfv4.6.0/frame -I/glade/derecho/scratch/yates/NEOM_WRF/wrfv4.6.0/share -I/glade/derecho/scratch/yates/NEOM_WRF/wrfv4.6.0/phys -I/glade/derecho/scratch/yates/NEOM_WRF/wrfv4.6.0/wrftladj -I/glade/derecho/scratch/yates/NEOM_WRF/wrfv4.6.0/chem -I/glade/derecho/scratch/yates/NEOM_WRF/wrfv4.6.0/inc -I/glade/u/apps/derecho/23.09/spack/opt/spack/netcdf/4.9.2/oneapi/2023.2.1/yzvj/include  -real-size `expr 8 \* 4` -i4  nest_init_utils.f90

real	0m7.543s
user	0m6.238s
sys	0m1.253s
rm -f adapt_timestep_em.o
sed -e "s/^\!.*'.*//" -e "s/^ *\!.*'.*//" adapt_timestep_em.F > adapt_timestep_em.G
/lib/cpp -P -nostdinc -I/glade/derecho/scratch/yates/NEOM_WRF/wrfv4.6.0/inc -DEM_CORE=1 -DNMM_CORE=0 -DNMM_MAX_DIM=2600 -DDA_CORE=0 -DWRFPLUS=0 -DIWORDSIZE=4 -DDWORDSIZE=8 -DRWORDSIZE=4 -DLWORDSIZE=4 -DNONSTANDARD_SYSTEM_FUNC  -DWRF_USE_CLM -DUSE_NETCDF4_FEATURES -DWRFIO_NCD_LARGE_FILE_SUPPORT  -DDM_PARALLEL -DNETCDF -DLANDREAD_STUB=1 -DUSE_ALLOCATABLES -Dwrfmodel -DGRIB1 -DINTIO -DKEEP_INT_AROUND -DLIMIT_ARGS -DBUILD_RRTMG_FAST=0 -DBUILD_RRTMK=0 -DBUILD_SBM_FAST=1 -DSHOW_ALL_VARS_USED=0 -DCONFIG_BUF_LEN=65536 -DMAX_DOMAINS_F=21 -DMAX_HISTORY=25 -DNMM_NEST=0 -DWRF_CHEM -DBUILD_CHEM=1 -I. -traditional-cpp -DUSE_NETCDF4_FEATURES -DWRFIO_NCD_LARGE_FILE_SUPPORT   adapt_timestep_em.G  > adapt_timestep_em.bb
/glade/derecho/scratch/yates/NEOM_WRF/wrfv4.6.0/tools/standard.exe adapt_timestep_em.bb | /lib/cpp -P -nostdinc -traditional-cpp -DUSE_NETCDF4_FEATURES -DWRFIO_NCD_LARGE_FILE_SUPPORT > adapt_timestep_em.f90
rm -f adapt_timestep_em.G adapt_timestep_em.bb
time mpif90 -f90=ifort -o adapt_timestep_em.o -c -O3 -ip -fp-model precise -w -ftz -align all -fno-alias -FR -convert big_endian    -I../dyn_em  -I/glade/derecho/scratch/yates/NEOM_WRF/wrfv4.6.0/external/esmf_time_f90  -I/glade/derecho/scratch/yates/NEOM_WRF/wrfv4.6.0/main -I/glade/derecho/scratch/yates/NEOM_WRF/wrfv4.6.0/external/io_netcdf -I/glade/derecho/scratch/yates/NEOM_WRF/wrfv4.6.0/external/io_int -I/glade/derecho/scratch/yates/NEOM_WRF/wrfv4.6.0/frame -I/glade/derecho/scratch/yates/NEOM_WRF/wrfv4.6.0/share -I/glade/derecho/scratch/yates/NEOM_WRF/wrfv4.6.0/phys -I/glade/derecho/scratch/yates/NEOM_WRF/wrfv4.6.0/wrftladj -I/glade/derecho/scratch/yates/NEOM_WRF/wrfv4.6.0/chem -I/glade/derecho/scratch/yates/NEOM_WRF/wrfv4.6.0/inc -I/glade/u/apps/derecho/23.09/spack/opt/spack/netcdf/4.9.2/oneapi/2023.2.1/yzvj/include  -real-size `expr 8 \* 4` -i4  adapt_timestep_em.f90

real	0m7.465s
user	0m5.985s
sys	0m1.352s
rm -f interp_domain_em.o
sed -e "s/^\!.*'.*//" -e "s/^ *\!.*'.*//" interp_domain_em.F > interp_domain_em.G
/lib/cpp -P -nostdinc -I/glade/derecho/scratch/yates/NEOM_WRF/wrfv4.6.0/inc -DEM_CORE=1 -DNMM_CORE=0 -DNMM_MAX_DIM=2600 -DDA_CORE=0 -DWRFPLUS=0 -DIWORDSIZE=4 -DDWORDSIZE=8 -DRWORDSIZE=4 -DLWORDSIZE=4 -DNONSTANDARD_SYSTEM_FUNC  -DWRF_USE_CLM -DUSE_NETCDF4_FEATURES -DWRFIO_NCD_LARGE_FILE_SUPPORT  -DDM_PARALLEL -DNETCDF -DLANDREAD_STUB=1 -DUSE_ALLOCATABLES -Dwrfmodel -DGRIB1 -DINTIO -DKEEP_INT_AROUND -DLIMIT_ARGS -DBUILD_RRTMG_FAST=0 -DBUILD_RRTMK=0 -DBUILD_SBM_FAST=1 -DSHOW_ALL_VARS_USED=0 -DCONFIG_BUF_LEN=65536 -DMAX_DOMAINS_F=21 -DMAX_HISTORY=25 -DNMM_NEST=0 -DWRF_CHEM -DBUILD_CHEM=1 -I. -traditional-cpp -DUSE_NETCDF4_FEATURES -DWRFIO_NCD_LARGE_FILE_SUPPORT   interp_domain_em.G  > interp_domain_em.bb
/glade/derecho/scratch/yates/NEOM_WRF/wrfv4.6.0/tools/standard.exe interp_domain_em.bb | /lib/cpp -P -nostdinc -traditional-cpp -DUSE_NETCDF4_FEATURES -DWRFIO_NCD_LARGE_FILE_SUPPORT > interp_domain_em.f90
rm -f interp_domain_em.G interp_domain_em.bb
time mpif90 -f90=ifort -o interp_domain_em.o -c -O3 -ip -fp-model precise -w -ftz -align all -fno-alias -FR -convert big_endian    -I../dyn_em  -I/glade/derecho/scratch/yates/NEOM_WRF/wrfv4.6.0/external/esmf_time_f90  -I/glade/derecho/scratch/yates/NEOM_WRF/wrfv4.6.0/main -I/glade/derecho/scratch/yates/NEOM_WRF/wrfv4.6.0/external/io_netcdf -I/glade/derecho/scratch/yates/NEOM_WRF/wrfv4.6.0/external/io_int -I/glade/derecho/scratch/yates/NEOM_WRF/wrfv4.6.0/frame -I/glade/derecho/scratch/yates/NEOM_WRF/wrfv4.6.0/share -I/glade/derecho/scratch/yates/NEOM_WRF/wrfv4.6.0/phys -I/glade/derecho/scratch/yates/NEOM_WRF/wrfv4.6.0/wrftladj -I/glade/derecho/scratch/yates/NEOM_WRF/wrfv4.6.0/chem -I/glade/derecho/scratch/yates/NEOM_WRF/wrfv4.6.0/inc -I/glade/u/apps/derecho/23.09/spack/opt/spack/netcdf/4.9.2/oneapi/2023.2.1/yzvj/include  -real-size `expr 8 \* 4` -i4  interp_domain_em.f90

real	0m0.384s
user	0m0.074s
sys	0m0.285s
rm -f module_diffusion_em.o
sed -e "s/^\!.*'.*//" -e "s/^ *\!.*'.*//" module_diffusion_em.F > module_diffusion_em.G
/lib/cpp -P -nostdinc -I/glade/derecho/scratch/yates/NEOM_WRF/wrfv4.6.0/inc -DEM_CORE=1 -DNMM_CORE=0 -DNMM_MAX_DIM=2600 -DDA_CORE=0 -DWRFPLUS=0 -DIWORDSIZE=4 -DDWORDSIZE=8 -DRWORDSIZE=4 -DLWORDSIZE=4 -DNONSTANDARD_SYSTEM_FUNC  -DWRF_USE_CLM -DUSE_NETCDF4_FEATURES -DWRFIO_NCD_LARGE_FILE_SUPPORT  -DDM_PARALLEL -DNETCDF -DLANDREAD_STUB=1 -DUSE_ALLOCATABLES -Dwrfmodel -DGRIB1 -DINTIO -DKEEP_INT_AROUND -DLIMIT_ARGS -DBUILD_RRTMG_FAST=0 -DBUILD_RRTMK=0 -DBUILD_SBM_FAST=1 -DSHOW_ALL_VARS_USED=0 -DCONFIG_BUF_LEN=65536 -DMAX_DOMAINS_F=21 -DMAX_HISTORY=25 -DNMM_NEST=0 -DWRF_CHEM -DBUILD_CHEM=1 -I. -traditional-cpp -DUSE_NETCDF4_FEATURES -DWRFIO_NCD_LARGE_FILE_SUPPORT   module_diffusion_em.G  > module_diffusion_em.bb
/glade/derecho/scratch/yates/NEOM_WRF/wrfv4.6.0/tools/standard.exe module_diffusion_em.bb | /lib/cpp -P -nostdinc -traditional-cpp -DUSE_NETCDF4_FEATURES -DWRFIO_NCD_LARGE_FILE_SUPPORT > module_diffusion_em.f90
rm -f module_diffusion_em.G module_diffusion_em.bb
time mpif90 -f90=ifort -o module_diffusion_em.o -c -O3 -ip -fp-model precise -w -ftz -align all -fno-alias -FR -convert big_endian    -I../dyn_em  -I/glade/derecho/scratch/yates/NEOM_WRF/wrfv4.6.0/external/esmf_time_f90  -I/glade/derecho/scratch/yates/NEOM_WRF/wrfv4.6.0/main -I/glade/derecho/scratch/yates/NEOM_WRF/wrfv4.6.0/external/io_netcdf -I/glade/derecho/scratch/yates/NEOM_WRF/wrfv4.6.0/external/io_int -I/glade/derecho/scratch/yates/NEOM_WRF/wrfv4.6.0/frame -I/glade/derecho/scratch/yates/NEOM_WRF/wrfv4.6.0/share -I/glade/derecho/scratch/yates/NEOM_WRF/wrfv4.6.0/phys -I/glade/derecho/scratch/yates/NEOM_WRF/wrfv4.6.0/wrftladj -I/glade/derecho/scratch/yates/NEOM_WRF/wrfv4.6.0/chem -I/glade/derecho/scratch/yates/NEOM_WRF/wrfv4.6.0/inc -I/glade/u/apps/derecho/23.09/spack/opt/spack/netcdf/4.9.2/oneapi/2023.2.1/yzvj/include  -real-size `expr 8 \* 4` -i4  module_diffusion_em.f90

real	0m1.422s
user	0m0.976s
sys	0m0.396s
rm -f module_em.o
sed -e "s/^\!.*'.*//" -e "s/^ *\!.*'.*//" module_em.F > module_em.G
/lib/cpp -P -nostdinc -I/glade/derecho/scratch/yates/NEOM_WRF/wrfv4.6.0/inc -DEM_CORE=1 -DNMM_CORE=0 -DNMM_MAX_DIM=2600 -DDA_CORE=0 -DWRFPLUS=0 -DIWORDSIZE=4 -DDWORDSIZE=8 -DRWORDSIZE=4 -DLWORDSIZE=4 -DNONSTANDARD_SYSTEM_FUNC  -DWRF_USE_CLM -DUSE_NETCDF4_FEATURES -DWRFIO_NCD_LARGE_FILE_SUPPORT  -DDM_PARALLEL -DNETCDF -DLANDREAD_STUB=1 -DUSE_ALLOCATABLES -Dwrfmodel -DGRIB1 -DINTIO -DKEEP_INT_AROUND -DLIMIT_ARGS -DBUILD_RRTMG_FAST=0 -DBUILD_RRTMK=0 -DBUILD_SBM_FAST=1 -DSHOW_ALL_VARS_USED=0 -DCONFIG_BUF_LEN=65536 -DMAX_DOMAINS_F=21 -DMAX_HISTORY=25 -DNMM_NEST=0 -DWRF_CHEM -DBUILD_CHEM=1 -I. -traditional-cpp -DUSE_NETCDF4_FEATURES -DWRFIO_NCD_LARGE_FILE_SUPPORT   module_em.G  > module_em.bb
/glade/derecho/scratch/yates/NEOM_WRF/wrfv4.6.0/tools/standard.exe module_em.bb | /lib/cpp -P -nostdinc -traditional-cpp -DUSE_NETCDF4_FEATURES -DWRFIO_NCD_LARGE_FILE_SUPPORT > module_em.f90
rm -f module_em.G module_em.bb
time mpif90 -f90=ifort -o module_em.o -c -O3 -ip -fp-model precise -w -ftz -align all -fno-alias -FR -convert big_endian    -I../dyn_em  -I/glade/derecho/scratch/yates/NEOM_WRF/wrfv4.6.0/external/esmf_time_f90  -I/glade/derecho/scratch/yates/NEOM_WRF/wrfv4.6.0/main -I/glade/derecho/scratch/yates/NEOM_WRF/wrfv4.6.0/external/io_netcdf -I/glade/derecho/scratch/yates/NEOM_WRF/wrfv4.6.0/external/io_int -I/glade/derecho/scratch/yates/NEOM_WRF/wrfv4.6.0/frame -I/glade/derecho/scratch/yates/NEOM_WRF/wrfv4.6.0/share -I/glade/derecho/scratch/yates/NEOM_WRF/wrfv4.6.0/phys -I/glade/derecho/scratch/yates/NEOM_WRF/wrfv4.6.0/wrftladj -I/glade/derecho/scratch/yates/NEOM_WRF/wrfv4.6.0/chem -I/glade/derecho/scratch/yates/NEOM_WRF/wrfv4.6.0/inc -I/glade/u/apps/derecho/23.09/spack/opt/spack/netcdf/4.9.2/oneapi/2023.2.1/yzvj/include  -real-size `expr 8 \* 4` -i4  module_em.f90

real	0m6.095s
user	0m5.527s
sys	0m0.519s
rm -f module_sfs_driver.o
sed -e "s/^\!.*'.*//" -e "s/^ *\!.*'.*//" module_sfs_driver.F > module_sfs_driver.G
/lib/cpp -P -nostdinc -I/glade/derecho/scratch/yates/NEOM_WRF/wrfv4.6.0/inc -DEM_CORE=1 -DNMM_CORE=0 -DNMM_MAX_DIM=2600 -DDA_CORE=0 -DWRFPLUS=0 -DIWORDSIZE=4 -DDWORDSIZE=8 -DRWORDSIZE=4 -DLWORDSIZE=4 -DNONSTANDARD_SYSTEM_FUNC  -DWRF_USE_CLM -DUSE_NETCDF4_FEATURES -DWRFIO_NCD_LARGE_FILE_SUPPORT  -DDM_PARALLEL -DNETCDF -DLANDREAD_STUB=1 -DUSE_ALLOCATABLES -Dwrfmodel -DGRIB1 -DINTIO -DKEEP_INT_AROUND -DLIMIT_ARGS -DBUILD_RRTMG_FAST=0 -DBUILD_RRTMK=0 -DBUILD_SBM_FAST=1 -DSHOW_ALL_VARS_USED=0 -DCONFIG_BUF_LEN=65536 -DMAX_DOMAINS_F=21 -DMAX_HISTORY=25 -DNMM_NEST=0 -DWRF_CHEM -DBUILD_CHEM=1 -I. -traditional-cpp -DUSE_NETCDF4_FEATURES -DWRFIO_NCD_LARGE_FILE_SUPPORT   module_sfs_driver.G  > module_sfs_driver.bb
/glade/derecho/scratch/yates/NEOM_WRF/wrfv4.6.0/tools/standard.exe module_sfs_driver.bb | /lib/cpp -P -nostdinc -traditional-cpp -DUSE_NETCDF4_FEATURES -DWRFIO_NCD_LARGE_FILE_SUPPORT > module_sfs_driver.f90
rm -f module_sfs_driver.G module_sfs_driver.bb
time mpif90 -f90=ifort -o module_sfs_driver.o -c -O3 -ip -fp-model precise -w -ftz -align all -fno-alias -FR -convert big_endian    -I../dyn_em  -I/glade/derecho/scratch/yates/NEOM_WRF/wrfv4.6.0/external/esmf_time_f90  -I/glade/derecho/scratch/yates/NEOM_WRF/wrfv4.6.0/main -I/glade/derecho/scratch/yates/NEOM_WRF/wrfv4.6.0/external/io_netcdf -I/glade/derecho/scratch/yates/NEOM_WRF/wrfv4.6.0/external/io_int -I/glade/derecho/scratch/yates/NEOM_WRF/wrfv4.6.0/frame -I/glade/derecho/scratch/yates/NEOM_WRF/wrfv4.6.0/share -I/glade/derecho/scratch/yates/NEOM_WRF/wrfv4.6.0/phys -I/glade/derecho/scratch/yates/NEOM_WRF/wrfv4.6.0/wrftladj -I/glade/derecho/scratch/yates/NEOM_WRF/wrfv4.6.0/chem -I/glade/derecho/scratch/yates/NEOM_WRF/wrfv4.6.0/inc -I/glade/u/apps/derecho/23.09/spack/opt/spack/netcdf/4.9.2/oneapi/2023.2.1/yzvj/include  -real-size `expr 8 \* 4` -i4  module_sfs_driver.f90

real	0m5.948s
user	0m4.740s
sys	0m1.143s
rm -f module_first_rk_step_part1.o
sed -e "s/^\!.*'.*//" -e "s/^ *\!.*'.*//" module_first_rk_step_part1.F > module_first_rk_step_part1.G
/lib/cpp -P -nostdinc -I/glade/derecho/scratch/yates/NEOM_WRF/wrfv4.6.0/inc -DEM_CORE=1 -DNMM_CORE=0 -DNMM_MAX_DIM=2600 -DDA_CORE=0 -DWRFPLUS=0 -DIWORDSIZE=4 -DDWORDSIZE=8 -DRWORDSIZE=4 -DLWORDSIZE=4 -DNONSTANDARD_SYSTEM_FUNC  -DWRF_USE_CLM -DUSE_NETCDF4_FEATURES -DWRFIO_NCD_LARGE_FILE_SUPPORT  -DDM_PARALLEL -DNETCDF -DLANDREAD_STUB=1 -DUSE_ALLOCATABLES -Dwrfmodel -DGRIB1 -DINTIO -DKEEP_INT_AROUND -DLIMIT_ARGS -DBUILD_RRTMG_FAST=0 -DBUILD_RRTMK=0 -DBUILD_SBM_FAST=1 -DSHOW_ALL_VARS_USED=0 -DCONFIG_BUF_LEN=65536 -DMAX_DOMAINS_F=21 -DMAX_HISTORY=25 -DNMM_NEST=0 -DWRF_CHEM -DBUILD_CHEM=1 -I. -traditional-cpp -DUSE_NETCDF4_FEATURES -DWRFIO_NCD_LARGE_FILE_SUPPORT   module_first_rk_step_part1.G  > module_first_rk_step_part1.bb
/glade/derecho/scratch/yates/NEOM_WRF/wrfv4.6.0/tools/standard.exe module_first_rk_step_part1.bb | /lib/cpp -P -nostdinc -traditional-cpp -DUSE_NETCDF4_FEATURES -DWRFIO_NCD_LARGE_FILE_SUPPORT > module_first_rk_step_part1.f90
rm -f module_first_rk_step_part1.G module_first_rk_step_part1.bb
time mpif90 -f90=ifort -o module_first_rk_step_part1.o -c -O3 -ip -fp-model precise -w -ftz -align all -fno-alias -FR -convert big_endian    -I../dyn_em  -I/glade/derecho/scratch/yates/NEOM_WRF/wrfv4.6.0/external/esmf_time_f90  -I/glade/derecho/scratch/yates/NEOM_WRF/wrfv4.6.0/main -I/glade/derecho/scratch/yates/NEOM_WRF/wrfv4.6.0/external/io_netcdf -I/glade/derecho/scratch/yates/NEOM_WRF/wrfv4.6.0/external/io_int -I/glade/derecho/scratch/yates/NEOM_WRF/wrfv4.6.0/frame -I/glade/derecho/scratch/yates/NEOM_WRF/wrfv4.6.0/share -I/glade/derecho/scratch/yates/NEOM_WRF/wrfv4.6.0/phys -I/glade/derecho/scratch/yates/NEOM_WRF/wrfv4.6.0/wrftladj -I/glade/derecho/scratch/yates/NEOM_WRF/wrfv4.6.0/chem -I/glade/derecho/scratch/yates/NEOM_WRF/wrfv4.6.0/inc -I/glade/u/apps/derecho/23.09/spack/opt/spack/netcdf/4.9.2/oneapi/2023.2.1/yzvj/include  -real-size `expr 8 \* 4` -i4  module_first_rk_step_part1.f90

real	0m30.260s
user	0m29.703s
sys	0m0.513s
rm -f module_first_rk_step_part2.o
sed -e "s/^\!.*'.*//" -e "s/^ *\!.*'.*//" module_first_rk_step_part2.F > module_first_rk_step_part2.G
/lib/cpp -P -nostdinc -I/glade/derecho/scratch/yates/NEOM_WRF/wrfv4.6.0/inc -DEM_CORE=1 -DNMM_CORE=0 -DNMM_MAX_DIM=2600 -DDA_CORE=0 -DWRFPLUS=0 -DIWORDSIZE=4 -DDWORDSIZE=8 -DRWORDSIZE=4 -DLWORDSIZE=4 -DNONSTANDARD_SYSTEM_FUNC  -DWRF_USE_CLM -DUSE_NETCDF4_FEATURES -DWRFIO_NCD_LARGE_FILE_SUPPORT  -DDM_PARALLEL -DNETCDF -DLANDREAD_STUB=1 -DUSE_ALLOCATABLES -Dwrfmodel -DGRIB1 -DINTIO -DKEEP_INT_AROUND -DLIMIT_ARGS -DBUILD_RRTMG_FAST=0 -DBUILD_RRTMK=0 -DBUILD_SBM_FAST=1 -DSHOW_ALL_VARS_USED=0 -DCONFIG_BUF_LEN=65536 -DMAX_DOMAINS_F=21 -DMAX_HISTORY=25 -DNMM_NEST=0 -DWRF_CHEM -DBUILD_CHEM=1 -I. -traditional-cpp -DUSE_NETCDF4_FEATURES -DWRFIO_NCD_LARGE_FILE_SUPPORT   module_first_rk_step_part2.G  > module_first_rk_step_part2.bb
/glade/derecho/scratch/yates/NEOM_WRF/wrfv4.6.0/tools/standard.exe module_first_rk_step_part2.bb | /lib/cpp -P -nostdinc -traditional-cpp -DUSE_NETCDF4_FEATURES -DWRFIO_NCD_LARGE_FILE_SUPPORT > module_first_rk_step_part2.f90
rm -f module_first_rk_step_part2.G module_first_rk_step_part2.bb
time mpif90 -f90=ifort -o module_first_rk_step_part2.o -c -O3 -ip -fp-model precise -w -ftz -align all -fno-alias -FR -convert big_endian    -I../dyn_em  -I/glade/derecho/scratch/yates/NEOM_WRF/wrfv4.6.0/external/esmf_time_f90  -I/glade/derecho/scratch/yates/NEOM_WRF/wrfv4.6.0/main -I/glade/derecho/scratch/yates/NEOM_WRF/wrfv4.6.0/external/io_netcdf -I/glade/derecho/scratch/yates/NEOM_WRF/wrfv4.6.0/external/io_int -I/glade/derecho/scratch/yates/NEOM_WRF/wrfv4.6.0/frame -I/glade/derecho/scratch/yates/NEOM_WRF/wrfv4.6.0/share -I/glade/derecho/scratch/yates/NEOM_WRF/wrfv4.6.0/phys -I/glade/derecho/scratch/yates/NEOM_WRF/wrfv4.6.0/wrftladj -I/glade/derecho/scratch/yates/NEOM_WRF/wrfv4.6.0/chem -I/glade/derecho/scratch/yates/NEOM_WRF/wrfv4.6.0/inc -I/glade/u/apps/derecho/23.09/spack/opt/spack/netcdf/4.9.2/oneapi/2023.2.1/yzvj/include  -real-size `expr 8 \* 4` -i4  module_first_rk_step_part2.f90

real	0m20.428s
user	0m18.834s
sys	0m1.520s

real	0m11.257s
user	0m9.932s
sys	0m1.279s
rm -f solve_em.o
sed -e "s/^\!.*'.*//" -e "s/^ *\!.*'.*//" solve_em.F > solve_em.G
/lib/cpp -P -nostdinc -I/glade/derecho/scratch/yates/NEOM_WRF/wrfv4.6.0/inc -DEM_CORE=1 -DNMM_CORE=0 -DNMM_MAX_DIM=2600 -DDA_CORE=0 -DWRFPLUS=0 -DIWORDSIZE=4 -DDWORDSIZE=8 -DRWORDSIZE=4 -DLWORDSIZE=4 -DNONSTANDARD_SYSTEM_FUNC  -DWRF_USE_CLM -DUSE_NETCDF4_FEATURES -DWRFIO_NCD_LARGE_FILE_SUPPORT  -DDM_PARALLEL -DNETCDF -DLANDREAD_STUB=1 -DUSE_ALLOCATABLES -Dwrfmodel -DGRIB1 -DINTIO -DKEEP_INT_AROUND -DLIMIT_ARGS -DBUILD_RRTMG_FAST=0 -DBUILD_RRTMK=0 -DBUILD_SBM_FAST=1 -DSHOW_ALL_VARS_USED=0 -DCONFIG_BUF_LEN=65536 -DMAX_DOMAINS_F=21 -DMAX_HISTORY=25 -DNMM_NEST=0 -DWRF_CHEM -DBUILD_CHEM=1 -I. -traditional-cpp -DUSE_NETCDF4_FEATURES -DWRFIO_NCD_LARGE_FILE_SUPPORT   solve_em.G  > solve_em.bb
/glade/derecho/scratch/yates/NEOM_WRF/wrfv4.6.0/tools/standard.exe solve_em.bb | /lib/cpp -P -nostdinc -traditional-cpp -DUSE_NETCDF4_FEATURES -DWRFIO_NCD_LARGE_FILE_SUPPORT > solve_em.f90
rm -f solve_em.G solve_em.bb
time mpif90 -f90=ifort -o solve_em.o -c -O3 -ip -fp-model precise -w -ftz -align all -fno-alias -FR -convert big_endian    -I../dyn_em  -I/glade/derecho/scratch/yates/NEOM_WRF/wrfv4.6.0/external/esmf_time_f90  -I/glade/derecho/scratch/yates/NEOM_WRF/wrfv4.6.0/main -I/glade/derecho/scratch/yates/NEOM_WRF/wrfv4.6.0/external/io_netcdf -I/glade/derecho/scratch/yates/NEOM_WRF/wrfv4.6.0/external/io_int -I/glade/derecho/scratch/yates/NEOM_WRF/wrfv4.6.0/frame -I/glade/derecho/scratch/yates/NEOM_WRF/wrfv4.6.0/share -I/glade/derecho/scratch/yates/NEOM_WRF/wrfv4.6.0/phys -I/glade/derecho/scratch/yates/NEOM_WRF/wrfv4.6.0/wrftladj -I/glade/derecho/scratch/yates/NEOM_WRF/wrfv4.6.0/chem -I/glade/derecho/scratch/yates/NEOM_WRF/wrfv4.6.0/inc -I/glade/u/apps/derecho/23.09/spack/opt/spack/netcdf/4.9.2/oneapi/2023.2.1/yzvj/include  -real-size `expr 8 \* 4` -i4  solve_em.f90

real	0m35.818s
user	0m33.956s
sys	0m1.589s
ar ru ../main/libwrflib.a module_advect_em.o module_ieva_em.o module_diffusion_em.o module_small_step_em.o module_big_step_utilities_em.o module_em.o module_solvedebug_em.o module_bc_em.o module_init_utilities.o module_wps_io_arw.o module_damping_em.o module_polarfft.o module_force_scm.o module_first_rk_step_part1.o module_first_rk_step_part2.o module_avgflx_em.o module_sfs_nba.o module_convtrans_prep.o module_sfs_driver.o module_stoch.o module_after_all_rk_steps.o  init_modules_em.o solve_em.o start_em.o shift_domain_em.o couple_or_uncouple_em.o nest_init_utils.o adapt_timestep_em.o interp_domain_em.o
make[2]: Leaving directory '/glade/derecho/scratch/yates/NEOM_WRF/wrfv4.6.0/dyn_em'
make[1]: Leaving directory '/glade/derecho/scratch/yates/NEOM_WRF/wrfv4.6.0'
if [ 0 -eq 1 ]   ; then make -i -r MODULE_DIRS="-I../dyn_em  -I/glade/derecho/scratch/yates/NEOM_WRF/wrfv4.6.0/external/esmf_time_f90  -I/glade/derecho/scratch/yates/NEOM_WRF/wrfv4.6.0/main -I/glade/derecho/scratch/yates/NEOM_WRF/wrfv4.6.0/external/io_netcdf -I/glade/derecho/scratch/yates/NEOM_WRF/wrfv4.6.0/external/io_int -I/glade/derecho/scratch/yates/NEOM_WRF/wrfv4.6.0/frame -I/glade/derecho/scratch/yates/NEOM_WRF/wrfv4.6.0/share -I/glade/derecho/scratch/yates/NEOM_WRF/wrfv4.6.0/phys -I/glade/derecho/scratch/yates/NEOM_WRF/wrfv4.6.0/wrftladj -I/glade/derecho/scratch/yates/NEOM_WRF/wrfv4.6.0/chem -I/glade/derecho/scratch/yates/NEOM_WRF/wrfv4.6.0/inc -I/glade/u/apps/derecho/23.09/spack/opt/spack/netcdf/4.9.2/oneapi/2023.2.1/yzvj/include " wrf_hydro ; fi
( cd main ; make -i -r RLFLAGS="" MODULE_DIRS="-I../dyn_em  -I/glade/derecho/scratch/yates/NEOM_WRF/wrfv4.6.0/external/esmf_time_f90  -I/glade/derecho/scratch/yates/NEOM_WRF/wrfv4.6.0/main -I/glade/derecho/scratch/yates/NEOM_WRF/wrfv4.6.0/external/io_netcdf -I/glade/derecho/scratch/yates/NEOM_WRF/wrfv4.6.0/external/io_int -I/glade/derecho/scratch/yates/NEOM_WRF/wrfv4.6.0/frame -I/glade/derecho/scratch/yates/NEOM_WRF/wrfv4.6.0/share -I/glade/derecho/scratch/yates/NEOM_WRF/wrfv4.6.0/phys -I/glade/derecho/scratch/yates/NEOM_WRF/wrfv4.6.0/wrftladj -I/glade/derecho/scratch/yates/NEOM_WRF/wrfv4.6.0/chem -I/glade/derecho/scratch/yates/NEOM_WRF/wrfv4.6.0/inc -I/glade/u/apps/derecho/23.09/spack/opt/spack/netcdf/4.9.2/oneapi/2023.2.1/yzvj/include " SOLVER=em em_wrf )
make[1]: Entering directory '/glade/derecho/scratch/yates/NEOM_WRF/wrfv4.6.0/main'
rm -f ../main/module_wrf_top.o
sed -e "s/^\!.*'.*//" -e "s/^ *\!.*'.*//" ../main/module_wrf_top.F > ../main/module_wrf_top.G
/lib/cpp -P -nostdinc -I/glade/derecho/scratch/yates/NEOM_WRF/wrfv4.6.0/inc -DEM_CORE=1 -DNMM_CORE=0 -DNMM_MAX_DIM=2600 -DDA_CORE=0 -DWRFPLUS=0 -DIWORDSIZE=4 -DDWORDSIZE=8 -DRWORDSIZE=4 -DLWORDSIZE=4 -DNONSTANDARD_SYSTEM_FUNC  -DWRF_USE_CLM -DUSE_NETCDF4_FEATURES -DWRFIO_NCD_LARGE_FILE_SUPPORT  -DDM_PARALLEL -DNETCDF -DLANDREAD_STUB=1 -DUSE_ALLOCATABLES -Dwrfmodel -DGRIB1 -DINTIO -DKEEP_INT_AROUND -DLIMIT_ARGS -DBUILD_RRTMG_FAST=0 -DBUILD_RRTMK=0 -DBUILD_SBM_FAST=1 -DSHOW_ALL_VARS_USED=0 -DCONFIG_BUF_LEN=65536 -DMAX_DOMAINS_F=21 -DMAX_HISTORY=25 -DNMM_NEST=0 -DWRF_CHEM -DBUILD_CHEM=1 -I. -traditional-cpp -DUSE_NETCDF4_FEATURES -DWRFIO_NCD_LARGE_FILE_SUPPORT   ../main/module_wrf_top.G  > ../main/module_wrf_top.bb
/glade/derecho/scratch/yates/NEOM_WRF/wrfv4.6.0/tools/standard.exe ../main/module_wrf_top.bb | /lib/cpp -P -nostdinc -traditional-cpp -DUSE_NETCDF4_FEATURES -DWRFIO_NCD_LARGE_FILE_SUPPORT > ../main/module_wrf_top.f90
rm -f ../main/module_wrf_top.G ../main/module_wrf_top.bb
time mpif90 -f90=ifort -o ../main/module_wrf_top.o -c -O3 -ip -fp-model precise -w -ftz -align all -fno-alias -FR -convert big_endian    -I../dyn_em  -I/glade/derecho/scratch/yates/NEOM_WRF/wrfv4.6.0/external/esmf_time_f90  -I/glade/derecho/scratch/yates/NEOM_WRF/wrfv4.6.0/main -I/glade/derecho/scratch/yates/NEOM_WRF/wrfv4.6.0/external/io_netcdf -I/glade/derecho/scratch/yates/NEOM_WRF/wrfv4.6.0/external/io_int -I/glade/derecho/scratch/yates/NEOM_WRF/wrfv4.6.0/frame -I/glade/derecho/scratch/yates/NEOM_WRF/wrfv4.6.0/share -I/glade/derecho/scratch/yates/NEOM_WRF/wrfv4.6.0/phys -I/glade/derecho/scratch/yates/NEOM_WRF/wrfv4.6.0/wrftladj -I/glade/derecho/scratch/yates/NEOM_WRF/wrfv4.6.0/chem -I/glade/derecho/scratch/yates/NEOM_WRF/wrfv4.6.0/inc -I/glade/u/apps/derecho/23.09/spack/opt/spack/netcdf/4.9.2/oneapi/2023.2.1/yzvj/include  -real-size `expr 8 \* 4` -i4  ../main/module_wrf_top.f90

real	0m4.303s
user	0m3.878s
sys	0m0.386s
rm -f wrf.o
sed -e "s/^\!.*'.*//" -e "s/^ *\!.*'.*//" wrf.F > wrf.G
/lib/cpp -P -nostdinc -I/glade/derecho/scratch/yates/NEOM_WRF/wrfv4.6.0/inc -DEM_CORE=1 -DNMM_CORE=0 -DNMM_MAX_DIM=2600 -DDA_CORE=0 -DWRFPLUS=0 -DIWORDSIZE=4 -DDWORDSIZE=8 -DRWORDSIZE=4 -DLWORDSIZE=4 -DNONSTANDARD_SYSTEM_FUNC  -DWRF_USE_CLM -DUSE_NETCDF4_FEATURES -DWRFIO_NCD_LARGE_FILE_SUPPORT  -DDM_PARALLEL -DNETCDF -DLANDREAD_STUB=1 -DUSE_ALLOCATABLES -Dwrfmodel -DGRIB1 -DINTIO -DKEEP_INT_AROUND -DLIMIT_ARGS -DBUILD_RRTMG_FAST=0 -DBUILD_RRTMK=0 -DBUILD_SBM_FAST=1 -DSHOW_ALL_VARS_USED=0 -DCONFIG_BUF_LEN=65536 -DMAX_DOMAINS_F=21 -DMAX_HISTORY=25 -DNMM_NEST=0 -DWRF_CHEM -DBUILD_CHEM=1 -I. -traditional-cpp -DUSE_NETCDF4_FEATURES -DWRFIO_NCD_LARGE_FILE_SUPPORT   wrf.G  > wrf.bb
/glade/derecho/scratch/yates/NEOM_WRF/wrfv4.6.0/tools/standard.exe wrf.bb | /lib/cpp -P -nostdinc -traditional-cpp -DUSE_NETCDF4_FEATURES -DWRFIO_NCD_LARGE_FILE_SUPPORT > wrf.f90
rm -f wrf.G wrf.bb
time mpif90 -f90=ifort -o wrf.o -c -O3 -ip -fp-model precise -w -ftz -align all -fno-alias -FR -convert big_endian    -I../dyn_em  -I/glade/derecho/scratch/yates/NEOM_WRF/wrfv4.6.0/external/esmf_time_f90  -I/glade/derecho/scratch/yates/NEOM_WRF/wrfv4.6.0/main -I/glade/derecho/scratch/yates/NEOM_WRF/wrfv4.6.0/external/io_netcdf -I/glade/derecho/scratch/yates/NEOM_WRF/wrfv4.6.0/external/io_int -I/glade/derecho/scratch/yates/NEOM_WRF/wrfv4.6.0/frame -I/glade/derecho/scratch/yates/NEOM_WRF/wrfv4.6.0/share -I/glade/derecho/scratch/yates/NEOM_WRF/wrfv4.6.0/phys -I/glade/derecho/scratch/yates/NEOM_WRF/wrfv4.6.0/wrftladj -I/glade/derecho/scratch/yates/NEOM_WRF/wrfv4.6.0/chem -I/glade/derecho/scratch/yates/NEOM_WRF/wrfv4.6.0/inc -I/glade/u/apps/derecho/23.09/spack/opt/spack/netcdf/4.9.2/oneapi/2023.2.1/yzvj/include  -real-size `expr 8 \* 4` -i4  wrf.f90

real	0m0.407s
user	0m0.102s
sys	0m0.275s
ranlib  libwrflib.a
time mpif90 -f90=ifort -o wrf.exe  -O3 -ip -fp-model precise -w -ftz -align all -fno-alias -FR -convert big_endian   -ip   wrf.o ../main/module_wrf_top.o libwrflib.a  /glade/derecho/scratch/yates/NEOM_WRF/wrfv4.6.0/external/fftpack/fftpack5/libfftpack.a /glade/derecho/scratch/yates/NEOM_WRF/wrfv4.6.0/external/io_grib1/libio_grib1.a /glade/derecho/scratch/yates/NEOM_WRF/wrfv4.6.0/external/io_grib_share/libio_grib_share.a /glade/derecho/scratch/yates/NEOM_WRF/wrfv4.6.0/external/io_int/libwrfio_int.a -L/glade/derecho/scratch/yates/NEOM_WRF/wrfv4.6.0/external/esmf_time_f90 -lesmf_time /glade/derecho/scratch/yates/NEOM_WRF/wrfv4.6.0/external/RSL_LITE/librsl_lite.a /glade/derecho/scratch/yates/NEOM_WRF/wrfv4.6.0/frame/module_internal_header_util.o /glade/derecho/scratch/yates/NEOM_WRF/wrfv4.6.0/frame/pack_utils.o -L/glade/derecho/scratch/yates/NEOM_WRF/wrfv4.6.0/external/io_netcdf -lwrfio_nf -L/glade/u/apps/derecho/23.09/spack/opt/spack/netcdf/4.9.2/oneapi/2023.2.1/yzvj/lib -lnetcdff -lnetcdf           -L/glade/u/apps/derecho/23.09/spack/opt/spack/netcdf/4.9.2/packages/netcdf-c/4.9.2/oneapi/2023.2.1/cnx4/lib -lnetcdf -L/glade/u/apps/derecho/23.09/spack/opt/spack/netcdf/4.9.2/packages/netcdf-fortran/4.6.1/oneapi/2023.2.1/vfpj/lib -lnetcdff -lnetcdf -lnetcdf -lm 
0.79user 0.78system 0:01.99elapsed 79%CPU (0avgtext+0avgdata 317016maxresident)k
25116inputs+171352outputs (0major+96141minor)pagefaults 0swaps
make[1]: Leaving directory '/glade/derecho/scratch/yates/NEOM_WRF/wrfv4.6.0/main'
( cd run ; /bin/rm -f wrf.exe ; ln -s ../main/wrf.exe . )
if [ 0 -eq 1 ] ; then \
  ( cd main ; make -i -r RLFLAGS="" MODULE_DIRS="-I../dyn_em  -I/glade/derecho/scratch/yates/NEOM_WRF/wrfv4.6.0/external/esmf_time_f90  -I/glade/derecho/scratch/yates/NEOM_WRF/wrfv4.6.0/main -I/glade/derecho/scratch/yates/NEOM_WRF/wrfv4.6.0/external/io_netcdf -I/glade/derecho/scratch/yates/NEOM_WRF/wrfv4.6.0/external/io_int -I/glade/derecho/scratch/yates/NEOM_WRF/wrfv4.6.0/frame -I/glade/derecho/scratch/yates/NEOM_WRF/wrfv4.6.0/share -I/glade/derecho/scratch/yates/NEOM_WRF/wrfv4.6.0/phys -I/glade/derecho/scratch/yates/NEOM_WRF/wrfv4.6.0/wrftladj -I/glade/derecho/scratch/yates/NEOM_WRF/wrfv4.6.0/chem -I/glade/derecho/scratch/yates/NEOM_WRF/wrfv4.6.0/inc -I/glade/u/apps/derecho/23.09/spack/opt/spack/netcdf/4.9.2/oneapi/2023.2.1/yzvj/include " SOLVER=em em_wrf_SST_ESMF ) ; \
fi
build started:   Fri 07 Jun 2024 06:46:19 AM MDT
build completed: Fri 07 Jun 2024 07:34:02 AM MDT
--------------------------------------
( cd main ; make -i -r RLFLAGS="" MODULE_DIRS="-I../dyn_em  -I/glade/derecho/scratch/yates/NEOM_WRF/wrfv4.6.0/external/esmf_time_f90  -I/glade/derecho/scratch/yates/NEOM_WRF/wrfv4.6.0/main -I/glade/derecho/scratch/yates/NEOM_WRF/wrfv4.6.0/external/io_netcdf -I/glade/derecho/scratch/yates/NEOM_WRF/wrfv4.6.0/external/io_int -I/glade/derecho/scratch/yates/NEOM_WRF/wrfv4.6.0/frame -I/glade/derecho/scratch/yates/NEOM_WRF/wrfv4.6.0/share -I/glade/derecho/scratch/yates/NEOM_WRF/wrfv4.6.0/phys -I/glade/derecho/scratch/yates/NEOM_WRF/wrfv4.6.0/wrftladj -I/glade/derecho/scratch/yates/NEOM_WRF/wrfv4.6.0/chem -I/glade/derecho/scratch/yates/NEOM_WRF/wrfv4.6.0/inc -I/glade/u/apps/derecho/23.09/spack/opt/spack/netcdf/4.9.2/oneapi/2023.2.1/yzvj/include " SOLVER=em IDEAL_CASE=real em_real )
make[1]: Entering directory '/glade/derecho/scratch/yates/NEOM_WRF/wrfv4.6.0/main'
rm -f ../dyn_em/module_initialize_real.o
sed -e "s/^\!.*'.*//" -e "s/^ *\!.*'.*//" ../dyn_em/module_initialize_real.F > ../dyn_em/module_initialize_real.G
/lib/cpp -P -nostdinc -I/glade/derecho/scratch/yates/NEOM_WRF/wrfv4.6.0/inc -DEM_CORE=1 -DNMM_CORE=0 -DNMM_MAX_DIM=2600 -DDA_CORE=0 -DWRFPLUS=0 -DIWORDSIZE=4 -DDWORDSIZE=8 -DRWORDSIZE=4 -DLWORDSIZE=4 -DNONSTANDARD_SYSTEM_FUNC  -DWRF_USE_CLM -DUSE_NETCDF4_FEATURES -DWRFIO_NCD_LARGE_FILE_SUPPORT  -DDM_PARALLEL -DNETCDF -DLANDREAD_STUB=1 -DUSE_ALLOCATABLES -Dwrfmodel -DGRIB1 -DINTIO -DKEEP_INT_AROUND -DLIMIT_ARGS -DBUILD_RRTMG_FAST=0 -DBUILD_RRTMK=0 -DBUILD_SBM_FAST=1 -DSHOW_ALL_VARS_USED=0 -DCONFIG_BUF_LEN=65536 -DMAX_DOMAINS_F=21 -DMAX_HISTORY=25 -DNMM_NEST=0 -DWRF_CHEM -DBUILD_CHEM=1 -I. -traditional-cpp -DUSE_NETCDF4_FEATURES -DWRFIO_NCD_LARGE_FILE_SUPPORT   ../dyn_em/module_initialize_real.G  > ../dyn_em/module_initialize_real.bb
/glade/derecho/scratch/yates/NEOM_WRF/wrfv4.6.0/tools/standard.exe ../dyn_em/module_initialize_real.bb | /lib/cpp -P -nostdinc -traditional-cpp -DUSE_NETCDF4_FEATURES -DWRFIO_NCD_LARGE_FILE_SUPPORT > ../dyn_em/module_initialize_real.f90
rm -f ../dyn_em/module_initialize_real.G ../dyn_em/module_initialize_real.bb
time mpif90 -f90=ifort -o ../dyn_em/module_initialize_real.o -c -O3 -ip -fp-model precise -w -ftz -align all -fno-alias -FR -convert big_endian    -I../dyn_em  -I/glade/derecho/scratch/yates/NEOM_WRF/wrfv4.6.0/external/esmf_time_f90  -I/glade/derecho/scratch/yates/NEOM_WRF/wrfv4.6.0/main -I/glade/derecho/scratch/yates/NEOM_WRF/wrfv4.6.0/external/io_netcdf -I/glade/derecho/scratch/yates/NEOM_WRF/wrfv4.6.0/external/io_int -I/glade/derecho/scratch/yates/NEOM_WRF/wrfv4.6.0/frame -I/glade/derecho/scratch/yates/NEOM_WRF/wrfv4.6.0/share -I/glade/derecho/scratch/yates/NEOM_WRF/wrfv4.6.0/phys -I/glade/derecho/scratch/yates/NEOM_WRF/wrfv4.6.0/wrftladj -I/glade/derecho/scratch/yates/NEOM_WRF/wrfv4.6.0/chem -I/glade/derecho/scratch/yates/NEOM_WRF/wrfv4.6.0/inc -I/glade/u/apps/derecho/23.09/spack/opt/spack/netcdf/4.9.2/oneapi/2023.2.1/yzvj/include  -real-size `expr 8 \* 4` -i4  ../dyn_em/module_initialize_real.f90

real	0m37.174s
user	0m35.797s
sys	0m1.266s
rm -f ndown_em.o
sed -e "s/^\!.*'.*//" -e "s/^ *\!.*'.*//" ndown_em.F > ndown_em.G
/lib/cpp -P -nostdinc -I/glade/derecho/scratch/yates/NEOM_WRF/wrfv4.6.0/inc -DEM_CORE=1 -DNMM_CORE=0 -DNMM_MAX_DIM=2600 -DDA_CORE=0 -DWRFPLUS=0 -DIWORDSIZE=4 -DDWORDSIZE=8 -DRWORDSIZE=4 -DLWORDSIZE=4 -DNONSTANDARD_SYSTEM_FUNC  -DWRF_USE_CLM -DUSE_NETCDF4_FEATURES -DWRFIO_NCD_LARGE_FILE_SUPPORT  -DDM_PARALLEL -DNETCDF -DLANDREAD_STUB=1 -DUSE_ALLOCATABLES -Dwrfmodel -DGRIB1 -DINTIO -DKEEP_INT_AROUND -DLIMIT_ARGS -DBUILD_RRTMG_FAST=0 -DBUILD_RRTMK=0 -DBUILD_SBM_FAST=1 -DSHOW_ALL_VARS_USED=0 -DCONFIG_BUF_LEN=65536 -DMAX_DOMAINS_F=21 -DMAX_HISTORY=25 -DNMM_NEST=0 -DWRF_CHEM -DBUILD_CHEM=1 -I. -traditional-cpp -DUSE_NETCDF4_FEATURES -DWRFIO_NCD_LARGE_FILE_SUPPORT   ndown_em.G  > ndown_em.bb
/glade/derecho/scratch/yates/NEOM_WRF/wrfv4.6.0/tools/standard.exe ndown_em.bb | /lib/cpp -P -nostdinc -traditional-cpp -DUSE_NETCDF4_FEATURES -DWRFIO_NCD_LARGE_FILE_SUPPORT > ndown_em.f90
rm -f ndown_em.G ndown_em.bb
time mpif90 -f90=ifort -o ndown_em.o -c -O3 -ip -fp-model precise -w -ftz -align all -fno-alias -FR -convert big_endian    -I../dyn_em  -I/glade/derecho/scratch/yates/NEOM_WRF/wrfv4.6.0/external/esmf_time_f90  -I/glade/derecho/scratch/yates/NEOM_WRF/wrfv4.6.0/main -I/glade/derecho/scratch/yates/NEOM_WRF/wrfv4.6.0/external/io_netcdf -I/glade/derecho/scratch/yates/NEOM_WRF/wrfv4.6.0/external/io_int -I/glade/derecho/scratch/yates/NEOM_WRF/wrfv4.6.0/frame -I/glade/derecho/scratch/yates/NEOM_WRF/wrfv4.6.0/share -I/glade/derecho/scratch/yates/NEOM_WRF/wrfv4.6.0/phys -I/glade/derecho/scratch/yates/NEOM_WRF/wrfv4.6.0/wrftladj -I/glade/derecho/scratch/yates/NEOM_WRF/wrfv4.6.0/chem -I/glade/derecho/scratch/yates/NEOM_WRF/wrfv4.6.0/inc -I/glade/u/apps/derecho/23.09/spack/opt/spack/netcdf/4.9.2/oneapi/2023.2.1/yzvj/include  -real-size `expr 8 \* 4` -i4  ndown_em.f90

real	0m17.523s
user	0m16.335s
sys	0m0.908s
rm -f tc_em.o
sed -e "s/^\!.*'.*//" -e "s/^ *\!.*'.*//" tc_em.F > tc_em.G
/lib/cpp -P -nostdinc -I/glade/derecho/scratch/yates/NEOM_WRF/wrfv4.6.0/inc -DEM_CORE=1 -DNMM_CORE=0 -DNMM_MAX_DIM=2600 -DDA_CORE=0 -DWRFPLUS=0 -DIWORDSIZE=4 -DDWORDSIZE=8 -DRWORDSIZE=4 -DLWORDSIZE=4 -DNONSTANDARD_SYSTEM_FUNC  -DWRF_USE_CLM -DUSE_NETCDF4_FEATURES -DWRFIO_NCD_LARGE_FILE_SUPPORT  -DDM_PARALLEL -DNETCDF -DLANDREAD_STUB=1 -DUSE_ALLOCATABLES -Dwrfmodel -DGRIB1 -DINTIO -DKEEP_INT_AROUND -DLIMIT_ARGS -DBUILD_RRTMG_FAST=0 -DBUILD_RRTMK=0 -DBUILD_SBM_FAST=1 -DSHOW_ALL_VARS_USED=0 -DCONFIG_BUF_LEN=65536 -DMAX_DOMAINS_F=21 -DMAX_HISTORY=25 -DNMM_NEST=0 -DWRF_CHEM -DBUILD_CHEM=1 -I. -traditional-cpp -DUSE_NETCDF4_FEATURES -DWRFIO_NCD_LARGE_FILE_SUPPORT   tc_em.G  > tc_em.bb
/glade/derecho/scratch/yates/NEOM_WRF/wrfv4.6.0/tools/standard.exe tc_em.bb | /lib/cpp -P -nostdinc -traditional-cpp -DUSE_NETCDF4_FEATURES -DWRFIO_NCD_LARGE_FILE_SUPPORT > tc_em.f90
rm -f tc_em.G tc_em.bb
time mpif90 -f90=ifort -o tc_em.o -c -O3 -ip -fp-model precise -w -ftz -align all -fno-alias -FR -convert big_endian    -I../dyn_em  -I/glade/derecho/scratch/yates/NEOM_WRF/wrfv4.6.0/external/esmf_time_f90  -I/glade/derecho/scratch/yates/NEOM_WRF/wrfv4.6.0/main -I/glade/derecho/scratch/yates/NEOM_WRF/wrfv4.6.0/external/io_netcdf -I/glade/derecho/scratch/yates/NEOM_WRF/wrfv4.6.0/external/io_int -I/glade/derecho/scratch/yates/NEOM_WRF/wrfv4.6.0/frame -I/glade/derecho/scratch/yates/NEOM_WRF/wrfv4.6.0/share -I/glade/derecho/scratch/yates/NEOM_WRF/wrfv4.6.0/phys -I/glade/derecho/scratch/yates/NEOM_WRF/wrfv4.6.0/wrftladj -I/glade/derecho/scratch/yates/NEOM_WRF/wrfv4.6.0/chem -I/glade/derecho/scratch/yates/NEOM_WRF/wrfv4.6.0/inc -I/glade/u/apps/derecho/23.09/spack/opt/spack/netcdf/4.9.2/oneapi/2023.2.1/yzvj/include  -real-size `expr 8 \* 4` -i4  tc_em.f90

real	0m8.504s
user	0m7.639s
sys	0m0.796s
rm -f real_em.o
sed -e "s/^\!.*'.*//" -e "s/^ *\!.*'.*//" real_em.F > real_em.G
/lib/cpp -P -nostdinc -I/glade/derecho/scratch/yates/NEOM_WRF/wrfv4.6.0/inc -DEM_CORE=1 -DNMM_CORE=0 -DNMM_MAX_DIM=2600 -DDA_CORE=0 -DWRFPLUS=0 -DIWORDSIZE=4 -DDWORDSIZE=8 -DRWORDSIZE=4 -DLWORDSIZE=4 -DNONSTANDARD_SYSTEM_FUNC  -DWRF_USE_CLM -DUSE_NETCDF4_FEATURES -DWRFIO_NCD_LARGE_FILE_SUPPORT  -DDM_PARALLEL -DNETCDF -DLANDREAD_STUB=1 -DUSE_ALLOCATABLES -Dwrfmodel -DGRIB1 -DINTIO -DKEEP_INT_AROUND -DLIMIT_ARGS -DBUILD_RRTMG_FAST=0 -DBUILD_RRTMK=0 -DBUILD_SBM_FAST=1 -DSHOW_ALL_VARS_USED=0 -DCONFIG_BUF_LEN=65536 -DMAX_DOMAINS_F=21 -DMAX_HISTORY=25 -DNMM_NEST=0 -DWRF_CHEM -DBUILD_CHEM=1 -I. -traditional-cpp -DUSE_NETCDF4_FEATURES -DWRFIO_NCD_LARGE_FILE_SUPPORT   real_em.G  > real_em.bb
/glade/derecho/scratch/yates/NEOM_WRF/wrfv4.6.0/tools/standard.exe real_em.bb | /lib/cpp -P -nostdinc -traditional-cpp -DUSE_NETCDF4_FEATURES -DWRFIO_NCD_LARGE_FILE_SUPPORT > real_em.f90
rm -f real_em.G real_em.bb
time mpif90 -f90=ifort -o real_em.o -c -O3 -ip -fp-model precise -w -ftz -align all -fno-alias -FR -convert big_endian    -I../dyn_em  -I/glade/derecho/scratch/yates/NEOM_WRF/wrfv4.6.0/external/esmf_time_f90  -I/glade/derecho/scratch/yates/NEOM_WRF/wrfv4.6.0/main -I/glade/derecho/scratch/yates/NEOM_WRF/wrfv4.6.0/external/io_netcdf -I/glade/derecho/scratch/yates/NEOM_WRF/wrfv4.6.0/external/io_int -I/glade/derecho/scratch/yates/NEOM_WRF/wrfv4.6.0/frame -I/glade/derecho/scratch/yates/NEOM_WRF/wrfv4.6.0/share -I/glade/derecho/scratch/yates/NEOM_WRF/wrfv4.6.0/phys -I/glade/derecho/scratch/yates/NEOM_WRF/wrfv4.6.0/wrftladj -I/glade/derecho/scratch/yates/NEOM_WRF/wrfv4.6.0/chem -I/glade/derecho/scratch/yates/NEOM_WRF/wrfv4.6.0/inc -I/glade/u/apps/derecho/23.09/spack/opt/spack/netcdf/4.9.2/oneapi/2023.2.1/yzvj/include  -real-size `expr 8 \* 4` -i4  real_em.f90

real	0m10.972s
user	0m10.080s
sys	0m0.811s
ranlib  libwrflib.a
time mpif90 -f90=ifort -o ndown.exe  -O3 -ip -fp-model precise -w -ftz -align all -fno-alias -FR -convert big_endian   -ip   ndown_em.o  ../dyn_em/module_initialize_real.o libwrflib.a /glade/derecho/scratch/yates/NEOM_WRF/wrfv4.6.0/external/fftpack/fftpack5/libfftpack.a /glade/derecho/scratch/yates/NEOM_WRF/wrfv4.6.0/external/io_grib1/libio_grib1.a /glade/derecho/scratch/yates/NEOM_WRF/wrfv4.6.0/external/io_grib_share/libio_grib_share.a /glade/derecho/scratch/yates/NEOM_WRF/wrfv4.6.0/external/io_int/libwrfio_int.a -L/glade/derecho/scratch/yates/NEOM_WRF/wrfv4.6.0/external/esmf_time_f90 -lesmf_time /glade/derecho/scratch/yates/NEOM_WRF/wrfv4.6.0/external/RSL_LITE/librsl_lite.a /glade/derecho/scratch/yates/NEOM_WRF/wrfv4.6.0/frame/module_internal_header_util.o /glade/derecho/scratch/yates/NEOM_WRF/wrfv4.6.0/frame/pack_utils.o -L/glade/derecho/scratch/yates/NEOM_WRF/wrfv4.6.0/external/io_netcdf -lwrfio_nf -L/glade/u/apps/derecho/23.09/spack/opt/spack/netcdf/4.9.2/oneapi/2023.2.1/yzvj/lib -lnetcdff -lnetcdf           -L/glade/u/apps/derecho/23.09/spack/opt/spack/netcdf/4.9.2/packages/netcdf-c/4.9.2/oneapi/2023.2.1/cnx4/lib -lnetcdf -L/glade/u/apps/derecho/23.09/spack/opt/spack/netcdf/4.9.2/packages/netcdf-fortran/4.6.1/oneapi/2023.2.1/vfpj/lib -lnetcdff -lnetcdf -lnetcdf -lm
0.73user 0.74system 0:04.09elapsed 36%CPU (0avgtext+0avgdata 286956maxresident)k
18276inputs+154168outputs (0major+88547minor)pagefaults 0swaps
time mpif90 -f90=ifort -o tc.exe  -O3 -ip -fp-model precise -w -ftz -align all -fno-alias -FR -convert big_endian   -ip   tc_em.o  ../dyn_em/module_initialize_real.o libwrflib.a /glade/derecho/scratch/yates/NEOM_WRF/wrfv4.6.0/external/fftpack/fftpack5/libfftpack.a /glade/derecho/scratch/yates/NEOM_WRF/wrfv4.6.0/external/io_grib1/libio_grib1.a /glade/derecho/scratch/yates/NEOM_WRF/wrfv4.6.0/external/io_grib_share/libio_grib_share.a /glade/derecho/scratch/yates/NEOM_WRF/wrfv4.6.0/external/io_int/libwrfio_int.a -L/glade/derecho/scratch/yates/NEOM_WRF/wrfv4.6.0/external/esmf_time_f90 -lesmf_time /glade/derecho/scratch/yates/NEOM_WRF/wrfv4.6.0/external/RSL_LITE/librsl_lite.a /glade/derecho/scratch/yates/NEOM_WRF/wrfv4.6.0/frame/module_internal_header_util.o /glade/derecho/scratch/yates/NEOM_WRF/wrfv4.6.0/frame/pack_utils.o -L/glade/derecho/scratch/yates/NEOM_WRF/wrfv4.6.0/external/io_netcdf -lwrfio_nf -L/glade/u/apps/derecho/23.09/spack/opt/spack/netcdf/4.9.2/oneapi/2023.2.1/yzvj/lib -lnetcdff -lnetcdf           -L/glade/u/apps/derecho/23.09/spack/opt/spack/netcdf/4.9.2/packages/netcdf-c/4.9.2/oneapi/2023.2.1/cnx4/lib -lnetcdf -L/glade/u/apps/derecho/23.09/spack/opt/spack/netcdf/4.9.2/packages/netcdf-fortran/4.6.1/oneapi/2023.2.1/vfpj/lib -lnetcdff -lnetcdf -lnetcdf -lm
0.71user 0.73system 0:01.74elapsed 83%CPU (0avgtext+0avgdata 283916maxresident)k
16256inputs+152856outputs (0major+88311minor)pagefaults 0swaps
time mpif90 -f90=ifort -o real.exe  -O3 -ip -fp-model precise -w -ftz -align all -fno-alias -FR -convert big_endian   -ip   real_em.o ../dyn_em/module_initialize_real.o libwrflib.a /glade/derecho/scratch/yates/NEOM_WRF/wrfv4.6.0/external/fftpack/fftpack5/libfftpack.a /glade/derecho/scratch/yates/NEOM_WRF/wrfv4.6.0/external/io_grib1/libio_grib1.a /glade/derecho/scratch/yates/NEOM_WRF/wrfv4.6.0/external/io_grib_share/libio_grib_share.a /glade/derecho/scratch/yates/NEOM_WRF/wrfv4.6.0/external/io_int/libwrfio_int.a -L/glade/derecho/scratch/yates/NEOM_WRF/wrfv4.6.0/external/esmf_time_f90 -lesmf_time /glade/derecho/scratch/yates/NEOM_WRF/wrfv4.6.0/external/RSL_LITE/librsl_lite.a /glade/derecho/scratch/yates/NEOM_WRF/wrfv4.6.0/frame/module_internal_header_util.o /glade/derecho/scratch/yates/NEOM_WRF/wrfv4.6.0/frame/pack_utils.o -L/glade/derecho/scratch/yates/NEOM_WRF/wrfv4.6.0/external/io_netcdf -lwrfio_nf -L/glade/u/apps/derecho/23.09/spack/opt/spack/netcdf/4.9.2/oneapi/2023.2.1/yzvj/lib -lnetcdff -lnetcdf           -L/glade/u/apps/derecho/23.09/spack/opt/spack/netcdf/4.9.2/packages/netcdf-c/4.9.2/oneapi/2023.2.1/cnx4/lib -lnetcdf -L/glade/u/apps/derecho/23.09/spack/opt/spack/netcdf/4.9.2/packages/netcdf-fortran/4.6.1/oneapi/2023.2.1/vfpj/lib -lnetcdff -lnetcdf -lnetcdf -lm
0.73user 0.72system 0:01.72elapsed 84%CPU (0avgtext+0avgdata 286948maxresident)k
16600inputs+154176outputs (0major+88159minor)pagefaults 0swaps
make[1]: Leaving directory '/glade/derecho/scratch/yates/NEOM_WRF/wrfv4.6.0/main'
( cd test/em_real ; /bin/rm -f wrf.exe ; ln -s ../../main/wrf.exe . )
if [ 0 -eq 1 ] ; then \
  ( cd main ; make -i -r RLFLAGS="" MODULE_DIRS="-I../dyn_em  -I/glade/derecho/scratch/yates/NEOM_WRF/wrfv4.6.0/external/esmf_time_f90  -I/glade/derecho/scratch/yates/NEOM_WRF/wrfv4.6.0/main -I/glade/derecho/scratch/yates/NEOM_WRF/wrfv4.6.0/external/io_netcdf -I/glade/derecho/scratch/yates/NEOM_WRF/wrfv4.6.0/external/io_int -I/glade/derecho/scratch/yates/NEOM_WRF/wrfv4.6.0/frame -I/glade/derecho/scratch/yates/NEOM_WRF/wrfv4.6.0/share -I/glade/derecho/scratch/yates/NEOM_WRF/wrfv4.6.0/phys -I/glade/derecho/scratch/yates/NEOM_WRF/wrfv4.6.0/wrftladj -I/glade/derecho/scratch/yates/NEOM_WRF/wrfv4.6.0/chem -I/glade/derecho/scratch/yates/NEOM_WRF/wrfv4.6.0/inc -I/glade/u/apps/derecho/23.09/spack/opt/spack/netcdf/4.9.2/oneapi/2023.2.1/yzvj/include " SOLVER=em IDEAL_CASE=real em_wrf_SST_ESMF ) ; \
  ( cd test/em_esmf_exp ; /bin/rm -f wrf.exe ; ln -s ../../main/wrf.exe . ) ; \
  ( cd test/em_esmf_exp ; /bin/rm -f wrf_SST_ESMF.exe ; ln -s ../../main/wrf_SST_ESMF.exe . ) ; \
  ( cd test/em_esmf_exp ; /bin/rm -f real.exe ; ln -s ../../main/real.exe . ) ; \
  ( cd test/em_esmf_exp ; /bin/rm -f README.namelist ; ln -s ../../run/README.namelist . ) ; \
  ( cd test/em_esmf_exp ; /bin/rm -f ETAMPNEW_DATA.expanded_rain ETAMPNEW_DATA RRTM_DATA RRTMG_LW_DATA RRTMG_SW_DATA ; \
               ln -sf ../../run/ETAMPNEW_DATA . ;                      \
               ln -sf ../../run/ETAMPNEW_DATA.expanded_rain . ;        \
               ln -sf ../../run/RRTM_DATA . ;                          \
               ln -sf ../../run/RRTMG_LW_DATA . ;                      \
               ln -sf ../../run/RRTMG_SW_DATA . ;                      \
               ln -sf ../../run/CAM_ABS_DATA . ;                       \
               ln -sf ../../run/CAM_AEROPT_DATA . ;                    \
               ln -sf ../../run/CAMtr_volume_mixing_ratio.RCP4.5 . ;   \
               ln -sf ../../run/CAMtr_volume_mixing_ratio.RCP6   . ;   \
               ln -sf ../../run/CAMtr_volume_mixing_ratio.RCP8.5 . ;   \
               ln -sf ../../run/CAMtr_volume_mixing_ratio.A1B    . ;   \
               ln -sf ../../run/CAMtr_volume_mixing_ratio.A2     . ;   \
               ln -sf ../../run/CAMtr_volume_mixing_ratio.SSP119 . ;   \
               ln -sf ../../run/CAMtr_volume_mixing_ratio.SSP126 . ;   \
               ln -sf ../../run/CAMtr_volume_mixing_ratio.SSP245 . ;   \
               ln -sf ../../run/CAMtr_volume_mixing_ratio.SSP245 CAMtr_volume_mixing_ratio ;   \
               ln -sf ../../run/CAMtr_volume_mixing_ratio.SSP370 . ;   \
               ln -sf ../../run/CAMtr_volume_mixing_ratio.SSP585 . ;   \
               ln -sf ../../run/CLM_ALB_ICE_DFS_DATA . ;               \
               ln -sf ../../run/CLM_ALB_ICE_DRC_DATA . ;               \
               ln -sf ../../run/CLM_ASM_ICE_DFS_DATA . ;               \
               ln -sf ../../run/CLM_ASM_ICE_DRC_DATA . ;               \
               ln -sf ../../run/CLM_DRDSDT0_DATA . ;                   \
               ln -sf ../../run/CLM_EXT_ICE_DFS_DATA . ;               \
               ln -sf ../../run/CLM_EXT_ICE_DRC_DATA . ;               \
               ln -sf ../../run/CLM_KAPPA_DATA . ;                     \
               ln -sf ../../run/CLM_TAU_DATA . ;                       \
               ln -sf ../../run/ozone.formatted . ;                    \
               ln -sf ../../run/ozone_lat.formatted . ;                \
               ln -sf ../../run/ozone_plev.formatted . ;               \
               ln -sf ../../run/aerosol.formatted . ;                  \
               ln -sf ../../run/aerosol_lat.formatted . ;              \
               ln -sf ../../run/aerosol_lon.formatted . ;              \
               ln -sf ../../run/aerosol_plev.formatted . ;             \
               ln -sf ../../run/eclipse_besselian_elements.dat . ;     \
               ln -sf ../../run/CCN_ACTIVATE.BIN . ;                   \
       ln -sf ../../run/p3_lookupTable_1.dat-v5.4_2momI . ;    \
               ln -sf ../../run/p3_lookupTable_1.dat-v5.4_3momI . ;    \
               ln -sf ../../run/p3_lookupTable_2.dat-v5.3 . ;          \
               ln -sf ../../run/HLC.TBL . ;                            \
               ln -sf ../../run/wind-turbine-1.tbl . ;                 \
               ln -sf ../../run/ishmael-gamma-tab.bin . ;              \
               ln -sf ../../run/ishmael-qi-qc.bin . ;                  \
               ln -sf ../../run/ishmael-qi-qr.bin . ;                  \
               ln -sf ../../run/BROADBAND_CLOUD_GODDARD.bin . ;        \
               ln -sf ../../run/STOCHPERT.TBL . ;                      \
               if [ 4 -eq 8 ] ; then                        \
                  ln -sf ../../run/ETAMPNEW_DATA_DBL ETAMPNEW_DATA ;   \
                  ln -sf ../../run/ETAMPNEW_DATA.expanded_rain_DBL ETAMPNEW_DATA.expanded_rain ;   \
                  ln -sf ../../run/RRTM_DATA_DBL RRTM_DATA         ;   \
                  ln -sf ../../run/RRTMG_LW_DATA_DBL RRTMG_LW_DATA ;   \
                  ln -sf ../../run/RRTMG_SW_DATA_DBL RRTMG_SW_DATA ;   \
               fi ) ; \
  ( cd test/em_esmf_exp ; /bin/rm -f GENPARM.TBL ; ln -s ../../run/GENPARM.TBL . ) ; \
  ( cd test/em_esmf_exp ; /bin/rm -f LANDUSE.TBL ; ln -s ../../run/LANDUSE.TBL . ) ; \
  ( cd test/em_esmf_exp ; /bin/rm -f SOILPARM.TBL ; ln -s ../../run/SOILPARM.TBL . ) ; \
  ( cd test/em_esmf_exp ; /bin/rm -f URBPARM.TBL ; ln -s ../../run/URBPARM.TBL . ) ; \
  ( cd test/em_esmf_exp ; /bin/rm -f URBPARM_LCZ.TBL ; ln -s ../../run/URBPARM_LCZ.TBL . ) ; \
  ( cd test/em_esmf_exp ; /bin/rm -f VEGPARM.TBL ; ln -s ../../run/VEGPARM.TBL . ) ; \
  ( cd test/em_esmf_exp ; /bin/rm -f MPTABLE.TBL ; ln -s ../../run/MPTABLE.TBL . ) ; \
  ( cd test/em_esmf_exp ; /bin/rm -f tr49t67 ; ln -s ../../run/tr49t67 . ) ; \
  ( cd test/em_esmf_exp ; /bin/rm -f tr49t85 ; ln -s ../../run/tr49t85 . ) ; \
  ( cd test/em_esmf_exp ; /bin/rm -f tr67t85 ; ln -s ../../run/tr67t85 . ) ; \
  ( cd test/em_esmf_exp ; /bin/rm -f gribmap.txt ; ln -s ../../run/gribmap.txt . ) ; \
  ( cd test/em_esmf_exp ; /bin/rm -f grib2map.tbl ; ln -s ../../run/grib2map.tbl . ) ; \
fi
( cd test/em_real ; /bin/rm -f real.exe ; ln -s ../../main/real.exe . )
( cd test/em_real ; /bin/rm -f tc.exe ; ln -s ../../main/tc.exe . )
( cd test/em_real ; /bin/rm -f ndown.exe ; ln -s ../../main/ndown.exe . )
( cd test/em_real ; /bin/rm -f README.namelist ; ln -s ../../run/README.namelist . )
( cd test/em_real ; /bin/rm -f README.physics_files ; ln -s ../../run/README.physics_files . )
( cd test/em_real ; /bin/rm -f ETAMPNEW_DATA.expanded_rain ETAMPNEW_DATA RRTM_DATA RRTMG_LW_DATA RRTMG_SW_DATA ;    \
             ln -sf ../../run/ETAMPNEW_DATA . ;                     \
             ln -sf ../../run/ETAMPNEW_DATA.expanded_rain . ;       \
             ln -sf ../../run/RRTM_DATA . ;                         \
             ln -sf ../../run/RRTMG_LW_DATA . ;                     \
             ln -sf ../../run/RRTMG_SW_DATA . ;                     \
             ln -sf ../../run/CAM_ABS_DATA . ;                      \
             ln -sf ../../run/CAM_AEROPT_DATA . ;                   \
             ln -sf ../../run/CAMtr_volume_mixing_ratio.RCP4.5 . ;  \
             ln -sf ../../run/CAMtr_volume_mixing_ratio.RCP6   . ;  \
             ln -sf ../../run/CAMtr_volume_mixing_ratio.RCP8.5 . ;  \
             ln -sf ../../run/CAMtr_volume_mixing_ratio.A1B    . ;  \
             ln -sf ../../run/CAMtr_volume_mixing_ratio.A2     . ;  \
             ln -sf ../../run/CAMtr_volume_mixing_ratio.SSP119 . ;  \
             ln -sf ../../run/CAMtr_volume_mixing_ratio.SSP126 . ;  \
             ln -sf ../../run/CAMtr_volume_mixing_ratio.SSP245 . ;  \
             ln -sf ../../run/CAMtr_volume_mixing_ratio.SSP245 CAMtr_volume_mixing_ratio ;   \
             ln -sf ../../run/CAMtr_volume_mixing_ratio.SSP370 . ;  \
             ln -sf ../../run/CAMtr_volume_mixing_ratio.SSP585 . ;  \
             ln -sf ../../run/CLM_ALB_ICE_DFS_DATA . ;              \
             ln -sf ../../run/CLM_ALB_ICE_DRC_DATA . ;              \
             ln -sf ../../run/CLM_ASM_ICE_DFS_DATA . ;              \
             ln -sf ../../run/CLM_ASM_ICE_DRC_DATA . ;              \
             ln -sf ../../run/CLM_DRDSDT0_DATA . ;                  \
             ln -sf ../../run/CLM_EXT_ICE_DFS_DATA . ;              \
             ln -sf ../../run/CLM_EXT_ICE_DRC_DATA . ;              \
             ln -sf ../../run/CLM_KAPPA_DATA . ;                    \
             ln -sf ../../run/CLM_TAU_DATA . ;                      \
             ln -sf ../../run/ozone.formatted . ;                   \
             ln -sf ../../run/ozone_lat.formatted . ;               \
             ln -sf ../../run/ozone_plev.formatted . ;              \
             ln -sf ../../run/aerosol.formatted . ;                 \
             ln -sf ../../run/aerosol_lat.formatted . ;             \
             ln -sf ../../run/aerosol_lon.formatted . ;             \
             ln -sf ../../run/aerosol_plev.formatted . ;            \
             ln -sf ../../run/eclipse_besselian_elements.dat . ;    \
             ln -sf ../../run/capacity.asc . ;                      \
             ln -sf ../../run/coeff_p.asc . ;                       \
             ln -sf ../../run/coeff_q.asc . ;                       \
             ln -sf ../../run/constants.asc . ;                     \
             ln -sf ../../run/masses.asc . ;                        \
             ln -sf ../../run/termvels.asc . ;                      \
             ln -sf ../../run/kernels.asc_s_0_03_0_9 . ;            \
             ln -sf ../../run/kernels_z.asc . ;                     \
             ln -sf ../../run/bulkdens.asc_s_0_03_0_9 . ;           \
             ln -sf ../../run/bulkradii.asc_s_0_03_0_9 . ;          \
             ln -sf ../../run/CCN_ACTIVATE.BIN . ;                  \
             ln -sf ../../run/p3_lookupTable_1.dat-v5.4_2momI . ;   \
             ln -sf ../../run/p3_lookupTable_1.dat-v5.4_3momI . ;   \
             ln -sf ../../run/p3_lookupTable_2.dat-v5.3 . ;         \
             ln -sf ../../run/HLC.TBL . ;                           \
             ln -sf ../../run/wind-turbine-1.tbl . ;                \
             ln -sf ../../run/ishmael-gamma-tab.bin . ;             \
             ln -sf ../../run/ishmael-qi-qc.bin . ;                 \
             ln -sf ../../run/ishmael-qi-qr.bin . ;                 \
             ln -sf ../../run/BROADBAND_CLOUD_GODDARD.bin . ;       \
             ln -sf ../../run/STOCHPERT.TBL . ;                     \
             if [ 4 -eq 8 ] ; then                       \
                ln -sf ../../run/ETAMPNEW_DATA_DBL ETAMPNEW_DATA ;  \
                ln -sf ../../run/ETAMPNEW_DATA.expanded_rain_DBL ETAMPNEW_DATA.expanded_rain ;   \
                ln -sf ../../run/RRTM_DATA_DBL RRTM_DATA ;          \
                ln -sf ../../run/RRTMG_LW_DATA_DBL RRTMG_LW_DATA ;  \
                ln -sf ../../run/RRTMG_SW_DATA_DBL RRTMG_SW_DATA ;  \
             fi )
( cd test/em_real ; if test -d ../../run/SBM_input_33 ; then				\
             ln -sf ../../run/SBM_input_33 . ;						\
             ln -sf ../../run/scattering_tables_2layer_high_quad_1dT_1%fw_110 . ;	\
             fi )
( cd test/em_real ; /bin/rm -f GENPARM.TBL ; ln -s ../../run/GENPARM.TBL . )
( cd test/em_real ; /bin/rm -f LANDUSE.TBL ; ln -s ../../run/LANDUSE.TBL . )
( cd test/em_real ; /bin/rm -f SOILPARM.TBL ; ln -s ../../run/SOILPARM.TBL . )
( cd test/em_real ; /bin/rm -f URBPARM.TBL ; ln -s ../../run/URBPARM.TBL . )
( cd test/em_real ; /bin/rm -f URBPARM_LCZ.TBL ; ln -s ../../run/URBPARM_LCZ.TBL . )
( cd test/em_real ; /bin/rm -f VEGPARM.TBL ; ln -s ../../run/VEGPARM.TBL . )
( cd test/em_real ; /bin/rm -f MPTABLE.TBL ; ln -s ../../run/MPTABLE.TBL . )
( cd test/em_real ; /bin/rm -f tr49t67 ; ln -s ../../run/tr49t67 . )
( cd test/em_real ; /bin/rm -f tr49t85 ; ln -s ../../run/tr49t85 . )
( cd test/em_real ; /bin/rm -f tr67t85 ; ln -s ../../run/tr67t85 . )
( cd test/em_real ; /bin/rm -f gribmap.txt ; ln -s ../../run/gribmap.txt . )
( cd test/em_real ; /bin/rm -f grib2map.tbl ; ln -s ../../run/grib2map.tbl . )
( cd run ; /bin/rm -f real.exe ; ln -s ../main/real.exe . )
( cd run ; /bin/rm -f tc.exe ; ln -s ../main/tc.exe . )
( cd run ; /bin/rm -f ndown.exe ; ln -s ../main/ndown.exe . )
( cd run ; if test -f namelist.input ; then \
	/bin/cp -f namelist.input namelist.input.backup.`date +%Y-%m-%d_%H_%M_%S` ; fi ; \
	/bin/rm -f namelist.input ; cp ../test/em_real/namelist.input . )
 
==========================================================================
build started:   Fri 07 Jun 2024 06:46:19 AM MDT
build completed: Fri 07 Jun 2024 07:35:26 AM MDT
 
--->                  Executables successfully built                  <---
 
-rwxr-xr-x 1 yates p48500028 78823224 Jun  7 07:35 main/ndown.exe
-rwxr-xr-x 1 yates p48500028 78810216 Jun  7 07:35 main/real.exe
-rwxr-xr-x 1 yates p48500028 77727336 Jun  7 07:35 main/tc.exe
-rwxr-xr-x 1 yates p48500028 87191936 Jun  7 07:34 main/wrf.exe
 
==========================================================================
